2023-04-27 09:36:07 DEBUG InternalLoggerFactory:63 ? Using SLF4J as the default logging framework
2023-04-27 09:36:07 DEBUG ResourceLeakDetector:129 ? -Dio.netty.leakDetection.level: simple
2023-04-27 09:36:07 DEBUG ResourceLeakDetector:130 ? -Dio.netty.leakDetection.targetRecords: 4
2023-04-27 09:36:07 DEBUG ResourceLeakDetectorFactory:196 ? Loaded default ResourceLeakDetector: io.netty.util.ResourceLeakDetector@6175619b
2023-04-27 09:36:07 DEBUG PlatformDependent0:496 ? -Dio.netty.noUnsafe: false
2023-04-27 09:36:07 DEBUG PlatformDependent0:1000 ? Java version: 19
2023-04-27 09:36:07 DEBUG PlatformDependent0:137 ? sun.misc.Unsafe.theUnsafe: available
2023-04-27 09:36:07 DEBUG PlatformDependent0:161 ? sun.misc.Unsafe.copyMemory: available
2023-04-27 09:36:07 DEBUG PlatformDependent0:193 ? sun.misc.Unsafe.storeFence: available
2023-04-27 09:36:07 DEBUG PlatformDependent0:236 ? java.nio.Buffer.address: available
2023-04-27 09:36:07 DEBUG PlatformDependent0:320 ? direct buffer constructor: unavailable: Reflective setAccessible(true) disabled
2023-04-27 09:36:07 DEBUG PlatformDependent0:385 ? java.nio.Bits.unaligned: available, true
2023-04-27 09:36:07 DEBUG PlatformDependent0:452 ? jdk.internal.misc.Unsafe.allocateUninitializedArray(int): unavailable: class io.netty.util.internal.PlatformDependent0$7 cannot access class jdk.internal.misc.Unsafe (in module java.base) because module java.base does not export jdk.internal.misc to unnamed module @68f7aae2
2023-04-27 09:36:07 DEBUG PlatformDependent0:482 ? java.nio.DirectByteBuffer.<init>(long, int): unavailable
2023-04-27 09:36:07 DEBUG PlatformDependent:1159 ? sun.misc.Unsafe: available
2023-04-27 09:36:07 DEBUG PlatformDependent:1270 ? maxDirectMemory: 5339348992 bytes (maybe)
2023-04-27 09:36:07 DEBUG PlatformDependent:1289 ? -Dio.netty.tmpdir: C:\Users\rohit\AppData\Local\Temp (java.io.tmpdir)
2023-04-27 09:36:07 DEBUG PlatformDependent:1368 ? -Dio.netty.bitMode: 64 (sun.arch.data.model)
2023-04-27 09:36:07 DEBUG PlatformDependent:1119 ? Platform: Windows
2023-04-27 09:36:07 DEBUG PlatformDependent:178 ? -Dio.netty.maxDirectMemory: -1 bytes
2023-04-27 09:36:07 DEBUG PlatformDependent:185 ? -Dio.netty.uninitializedArrayAllocationThreshold: -1
2023-04-27 09:36:07 DEBUG CleanerJava9:71 ? java.nio.ByteBuffer.cleaner(): available
2023-04-27 09:36:07 DEBUG PlatformDependent:205 ? -Dio.netty.noPreferDirect: false
2023-04-27 09:36:07 DEBUG PlatformDependent:1010 ? org.jctools-core.MpscChunkedArrayQueue: available
2023-04-27 09:36:07 DEBUG InternalThreadLocalMap:100 ? -Dio.netty.threadLocalMap.stringBuilder.initialSize: 1024
2023-04-27 09:36:07 DEBUG InternalThreadLocalMap:101 ? -Dio.netty.threadLocalMap.stringBuilder.maxSize: 4096
2023-04-27 09:36:07 DEBUG JdkSslContext:83 ? Default protocols (JDK): [TLSv1.3, TLSv1.2] 
2023-04-27 09:36:07 DEBUG JdkSslContext:84 ? Default cipher suites (JDK): [TLS_ECDHE_ECDSA_WITH_AES_256_GCM_SHA384, TLS_ECDHE_ECDSA_WITH_AES_128_GCM_SHA256, TLS_ECDHE_RSA_WITH_AES_128_GCM_SHA256, TLS_ECDHE_RSA_WITH_AES_256_GCM_SHA384, TLS_ECDHE_RSA_WITH_AES_128_CBC_SHA, TLS_ECDHE_RSA_WITH_AES_256_CBC_SHA, TLS_RSA_WITH_AES_128_GCM_SHA256, TLS_RSA_WITH_AES_128_CBC_SHA, TLS_RSA_WITH_AES_256_CBC_SHA, TLS_AES_128_GCM_SHA256, TLS_AES_256_GCM_SHA384]
2023-04-27 09:36:07 DEBUG GlobalEventExecutor:53 ? -Dio.netty.globalEventExecutor.quietPeriodSeconds: 1
2023-04-27 09:36:07 DEBUG MultithreadEventLoopGroup:44 ? -Dio.netty.eventLoopThreads: 16
2023-04-27 09:36:07 DEBUG NioEventLoop:110 ? -Dio.netty.noKeySetOptimization: false
2023-04-27 09:36:07 DEBUG NioEventLoop:111 ? -Dio.netty.selectorAutoRebuildThreshold: 512
2023-04-27 09:36:07 DEBUG PooledByteBufAllocator:157 ? -Dio.netty.allocator.numHeapArenas: 16
2023-04-27 09:36:07 DEBUG PooledByteBufAllocator:158 ? -Dio.netty.allocator.numDirectArenas: 16
2023-04-27 09:36:07 DEBUG PooledByteBufAllocator:160 ? -Dio.netty.allocator.pageSize: 8192
2023-04-27 09:36:07 DEBUG PooledByteBufAllocator:165 ? -Dio.netty.allocator.maxOrder: 9
2023-04-27 09:36:07 DEBUG PooledByteBufAllocator:169 ? -Dio.netty.allocator.chunkSize: 4194304
2023-04-27 09:36:07 DEBUG PooledByteBufAllocator:170 ? -Dio.netty.allocator.smallCacheSize: 256
2023-04-27 09:36:07 DEBUG PooledByteBufAllocator:171 ? -Dio.netty.allocator.normalCacheSize: 64
2023-04-27 09:36:07 DEBUG PooledByteBufAllocator:172 ? -Dio.netty.allocator.maxCachedBufferCapacity: 32768
2023-04-27 09:36:07 DEBUG PooledByteBufAllocator:173 ? -Dio.netty.allocator.cacheTrimInterval: 8192
2023-04-27 09:36:07 DEBUG PooledByteBufAllocator:174 ? -Dio.netty.allocator.cacheTrimIntervalMillis: 0
2023-04-27 09:36:07 DEBUG PooledByteBufAllocator:175 ? -Dio.netty.allocator.useCacheForAllThreads: false
2023-04-27 09:36:07 DEBUG PooledByteBufAllocator:176 ? -Dio.netty.allocator.maxCachedByteBuffersPerChunk: 1023
2023-04-27 09:36:07 DEBUG ByteBufUtil:88 ? -Dio.netty.allocator.type: pooled
2023-04-27 09:36:07 DEBUG ByteBufUtil:97 ? -Dio.netty.threadLocalDirectBufferSize: 0
2023-04-27 09:36:07 DEBUG ByteBufUtil:100 ? -Dio.netty.maxThreadLocalCharBufferSize: 16384
2023-04-27 09:36:08 DEBUG DefaultChannelId:79 ? -Dio.netty.processId: 13864 (auto-detected)
2023-04-27 09:36:08 DEBUG NetUtil:148 ? -Djava.net.preferIPv4Stack: false
2023-04-27 09:36:08 DEBUG NetUtil:149 ? -Djava.net.preferIPv6Addresses: false
2023-04-27 09:36:08 DEBUG NetUtilInitializations:145 ? Loopback interface: lo (Software Loopback Interface 1, 127.0.0.1)
2023-04-27 09:36:08 DEBUG NetUtil:206 ? Failed to get SOMAXCONN from sysctl and file \proc\sys\net\core\somaxconn. Default: 200
2023-04-27 09:36:08 DEBUG DefaultChannelId:101 ? -Dio.netty.machineId: 70:c9:4e:ff:fe:a9:98:9d (auto-detected)
2023-04-27 09:36:08 DEBUG AbstractByteBuf:63 ? -Dio.netty.buffer.checkAccessible: true
2023-04-27 09:36:08 DEBUG AbstractByteBuf:64 ? -Dio.netty.buffer.checkBounds: true
2023-04-27 09:36:08 DEBUG ResourceLeakDetectorFactory:196 ? Loaded default ResourceLeakDetector: io.netty.util.ResourceLeakDetector@72d288d3
2023-04-27 09:36:08 DEBUG NettyConnectListener:73 ? Using new Channel '[id: 0x7945471b, L:/127.0.0.1:64123 - R:localhost/127.0.0.1:49106]' for 'POST' to '/session'
2023-04-27 09:36:08 DEBUG Recycler:96 ? -Dio.netty.recycler.maxCapacityPerThread: 4096
2023-04-27 09:36:08 DEBUG Recycler:97 ? -Dio.netty.recycler.ratio: 8
2023-04-27 09:36:08 DEBUG Recycler:98 ? -Dio.netty.recycler.chunkSize: 32
2023-04-27 09:36:08 DEBUG Recycler:99 ? -Dio.netty.recycler.blocking: false
2023-04-27 09:36:08 DEBUG Recycler:100 ? -Dio.netty.recycler.batchFastThreadLocalOnly: true
2023-04-27 09:36:09 DEBUG Brotli:38 ? brotli4j not in the classpath; Brotli support will be unavailable.
2023-04-27 09:36:09 DEBUG HttpHandler:70 ? 

Request DefaultHttpRequest(decodeResult: success, version: HTTP/1.1)
POST /session HTTP/1.1
User-Agent: selenium/4.9.0 (java windows)
Content-Length: 254
Content-Type: application/json; charset=utf-8
host: localhost:49106
accept: */*

Response DefaultHttpResponse(decodeResult: success, version: HTTP/1.1)
HTTP/1.1 200 OK
Content-Length: 859
Content-Type: application/json; charset=utf-8
cache-control: no-cache

2023-04-27 09:36:09 DEBUG ChannelManager:270 ? Adding key: http://localhost:49106 for channel [id: 0x7945471b, L:/127.0.0.1:64123 - R:localhost/127.0.0.1:49106]
2023-04-27 09:36:09 DEBUG NettyConnectListener:73 ? Using new Channel '[id: 0x27f3d0a8, L:/127.0.0.1:64146 - R:localhost/127.0.0.1:64127]' for 'GET' to '/json/version'
2023-04-27 09:36:09 DEBUG HttpHandler:70 ? 

Request DefaultFullHttpRequest(decodeResult: success, version: HTTP/1.1, content: EmptyByteBufBE)
GET /json/version HTTP/1.1
User-Agent: selenium/4.9.0 (java windows)
host: localhost:64127
accept: */*

Response DefaultHttpResponse(decodeResult: success, version: HTTP/1.1)
HTTP/1.1 200 OK
Content-Security-Policy: frame-ancestors 'none'
Content-Length: 424
Content-Type: application/json; charset=UTF-8

2023-04-27 09:36:09 DEBUG ChannelManager:270 ? Adding key: http://localhost:64127 for channel [id: 0x27f3d0a8, L:/127.0.0.1:64146 - R:localhost/127.0.0.1:64127]
2023-04-27 09:36:09 DEBUG ThreadLocalRandom:214 ? -Dio.netty.initialSeedUniquifier: 0xe5da5871931c685f
2023-04-27 09:36:09 DEBUG NettyConnectListener:73 ? Using new Channel '[id: 0xa147f023, L:/127.0.0.1:64148 - R:localhost/127.0.0.1:64127]' for 'GET' to '/devtools/browser/4a09e489-b81a-4085-b038-e7fb70d0d403'
2023-04-27 09:36:09 DEBUG WebSocketHandler:105 ? 

Request DefaultFullHttpRequest(decodeResult: success, version: HTTP/1.1, content: EmptyByteBufBE)
GET /devtools/browser/4a09e489-b81a-4085-b038-e7fb70d0d403 HTTP/1.1
upgrade: websocket
connection: upgrade
sec-websocket-key: m1eNof0QzEKmxqmr4aZRWw==
sec-websocket-version: 13
origin: http://localhost:64127
host: localhost:64127
accept: */*
user-agent: AHC/2.1

Response DefaultHttpResponse(decodeResult: success, version: HTTP/1.1)
HTTP/1.1 101 WebSocket Protocol Handshake
Upgrade: WebSocket
Connection: Upgrade
Sec-WebSocket-Accept: vE2mivb371eXHTNdQlaDdljTeIo=

2023-04-27 09:36:09 DEBUG DefaultChannelPool:348 ? Entry count for : http://localhost:49106 : 1
2023-04-27 09:36:09 DEBUG DefaultChannelPool:348 ? Entry count for : http://localhost:64127 : 1
2023-04-27 09:36:09 DEBUG NettyRequestSender:593 ? Using pooled Channel '[id: 0x7945471b, L:/127.0.0.1:64123 - R:localhost/127.0.0.1:49106]' for 'POST' to 'http://localhost:49106/session/440f0b0b6e0007106a75030e38c1fc5d/window/maximize'
2023-04-27 09:36:09 DEBUG NettyRequestSender:251 ? Using open Channel [id: 0x7945471b, L:/127.0.0.1:64123 - R:localhost/127.0.0.1:49106] for POST '/session/440f0b0b6e0007106a75030e38c1fc5d/window/maximize'
2023-04-27 09:36:09 DEBUG HttpHandler:70 ? 

Request DefaultHttpRequest(decodeResult: success, version: HTTP/1.1)
POST /session/440f0b0b6e0007106a75030e38c1fc5d/window/maximize HTTP/1.1
User-Agent: selenium/4.9.0 (java windows)
Content-Length: 3
Content-Type: application/json; charset=utf-8
host: localhost:49106
accept: */*

Response DefaultHttpResponse(decodeResult: success, version: HTTP/1.1)
HTTP/1.1 200 OK
Content-Length: 52
Content-Type: application/json; charset=utf-8
cache-control: no-cache

2023-04-27 09:36:09 DEBUG ChannelManager:270 ? Adding key: http://localhost:49106 for channel [id: 0x7945471b, L:/127.0.0.1:64123 - R:localhost/127.0.0.1:49106]
2023-04-27 09:36:09 DEBUG NettyRequestSender:593 ? Using pooled Channel '[id: 0x7945471b, L:/127.0.0.1:64123 - R:localhost/127.0.0.1:49106]' for 'POST' to 'http://localhost:49106/session/440f0b0b6e0007106a75030e38c1fc5d/timeouts'
2023-04-27 09:36:09 DEBUG NettyRequestSender:251 ? Using open Channel [id: 0x7945471b, L:/127.0.0.1:64123 - R:localhost/127.0.0.1:49106] for POST '/session/440f0b0b6e0007106a75030e38c1fc5d/timeouts'
2023-04-27 09:36:09 DEBUG HttpHandler:70 ? 

Request DefaultHttpRequest(decodeResult: success, version: HTTP/1.1)
POST /session/440f0b0b6e0007106a75030e38c1fc5d/timeouts HTTP/1.1
User-Agent: selenium/4.9.0 (java windows)
Content-Length: 23
Content-Type: application/json; charset=utf-8
host: localhost:49106
accept: */*

Response DefaultHttpResponse(decodeResult: success, version: HTTP/1.1)
HTTP/1.1 200 OK
Content-Length: 14
Content-Type: application/json; charset=utf-8
cache-control: no-cache

2023-04-27 09:36:09 DEBUG ChannelManager:270 ? Adding key: http://localhost:49106 for channel [id: 0x7945471b, L:/127.0.0.1:64123 - R:localhost/127.0.0.1:49106]
2023-04-27 09:36:09 DEBUG NettyRequestSender:593 ? Using pooled Channel '[id: 0x7945471b, L:/127.0.0.1:64123 - R:localhost/127.0.0.1:49106]' for 'POST' to 'http://localhost:49106/session/440f0b0b6e0007106a75030e38c1fc5d/url'
2023-04-27 09:36:09 DEBUG NettyRequestSender:251 ? Using open Channel [id: 0x7945471b, L:/127.0.0.1:64123 - R:localhost/127.0.0.1:49106] for POST '/session/440f0b0b6e0007106a75030e38c1fc5d/url'
2023-04-27 09:36:10 DEBUG DefaultChannelPool:348 ? Entry count for : http://localhost:64127 : 1
2023-04-27 09:36:10 DEBUG HttpHandler:70 ? 

Request DefaultHttpRequest(decodeResult: success, version: HTTP/1.1)
POST /session/440f0b0b6e0007106a75030e38c1fc5d/url HTTP/1.1
User-Agent: selenium/4.9.0 (java windows)
Content-Length: 59
Content-Type: application/json; charset=utf-8
host: localhost:49106
accept: */*

Response DefaultHttpResponse(decodeResult: success, version: HTTP/1.1)
HTTP/1.1 200 OK
Content-Length: 14
Content-Type: application/json; charset=utf-8
cache-control: no-cache

2023-04-27 09:36:10 DEBUG ChannelManager:270 ? Adding key: http://localhost:49106 for channel [id: 0x7945471b, L:/127.0.0.1:64123 - R:localhost/127.0.0.1:49106]
2023-04-27 09:36:10 DEBUG NettyRequestSender:593 ? Using pooled Channel '[id: 0x7945471b, L:/127.0.0.1:64123 - R:localhost/127.0.0.1:49106]' for 'DELETE' to 'http://localhost:49106/session/440f0b0b6e0007106a75030e38c1fc5d'
2023-04-27 09:36:10 DEBUG NettyRequestSender:251 ? Using open Channel [id: 0x7945471b, L:/127.0.0.1:64123 - R:localhost/127.0.0.1:49106] for DELETE '/session/440f0b0b6e0007106a75030e38c1fc5d'
2023-04-27 09:36:10 DEBUG WebSocketHandler:126 ? Channel Closed: [id: 0xa147f023, L:/127.0.0.1:64148 ! R:localhost/127.0.0.1:64127] with attribute NettyResponseFuture{currentRetry=0,
	isDone=1,
	isCancelled=0,
	asyncHandler=org.asynchttpclient.ws.WebSocketUpgradeHandler@156f3716,
	nettyRequest=org.asynchttpclient.netty.request.NettyRequest@7672d3e2,
	future=java.util.concurrent.CompletableFuture@3a65eb69[Completed normally],
	uri=ws://localhost:64127/devtools/browser/4a09e489-b81a-4085-b038-e7fb70d0d403,
	keepAlive=true,
	redirectCount=0,
	timeoutsHolder=null,
	inAuth=0,
	touch=1682544969704}
2023-04-27 09:36:10 DEBUG ChannelManager:315 ? Closing Channel [id: 0xa147f023, L:/127.0.0.1:64148 ! R:localhost/127.0.0.1:64127] 
2023-04-27 09:36:11 DEBUG HttpHandler:159 ? Unexpected I/O exception on channel [id: 0x27f3d0a8, L:/127.0.0.1:64146 - R:localhost/127.0.0.1:64127]
java.net.SocketException: Connection reset
	at java.base/sun.nio.ch.SocketChannelImpl.throwConnectionReset(SocketChannelImpl.java:401)
	at java.base/sun.nio.ch.SocketChannelImpl.read(SocketChannelImpl.java:434)
	at io.netty.buffer.PooledByteBuf.setBytes(PooledByteBuf.java:256)
	at io.netty.buffer.AbstractByteBuf.writeBytes(AbstractByteBuf.java:1132)
	at io.netty.channel.socket.nio.NioSocketChannel.doReadBytes(NioSocketChannel.java:357)
	at io.netty.channel.nio.AbstractNioByteChannel$NioByteUnsafe.read(AbstractNioByteChannel.java:151)
	at io.netty.channel.nio.NioEventLoop.processSelectedKey(NioEventLoop.java:788)
	at io.netty.channel.nio.NioEventLoop.processSelectedKeysOptimized(NioEventLoop.java:724)
	at io.netty.channel.nio.NioEventLoop.processSelectedKeys(NioEventLoop.java:650)
	at io.netty.channel.nio.NioEventLoop.run(NioEventLoop.java:562)
	at io.netty.util.concurrent.SingleThreadEventExecutor$4.run(SingleThreadEventExecutor.java:997)
	at io.netty.util.internal.ThreadExecutorMap$2.run(ThreadExecutorMap.java:74)
	at io.netty.util.concurrent.FastThreadLocalRunnable.run(FastThreadLocalRunnable.java:30)
	at java.base/java.lang.Thread.run(Thread.java:1589)
2023-04-27 09:36:11 DEBUG ChannelManager:315 ? Closing Channel [id: 0x27f3d0a8, L:/127.0.0.1:64146 - R:localhost/127.0.0.1:64127] 
2023-04-27 09:36:11 DEBUG HttpHandler:126 ? Channel Closed: [id: 0x27f3d0a8, L:/127.0.0.1:64146 ! R:localhost/127.0.0.1:64127] with attribute DISCARD
2023-04-27 09:36:11 DEBUG HttpHandler:70 ? 

Request DefaultFullHttpRequest(decodeResult: success, version: HTTP/1.1, content: EmptyByteBufBE)
DELETE /session/440f0b0b6e0007106a75030e38c1fc5d HTTP/1.1
User-Agent: selenium/4.9.0 (java windows)
Content-Type: application/json; charset=utf-8
host: localhost:49106
accept: */*

Response DefaultHttpResponse(decodeResult: success, version: HTTP/1.1)
HTTP/1.1 200 OK
Content-Length: 14
Content-Type: application/json; charset=utf-8
cache-control: no-cache

2023-04-27 09:36:11 DEBUG ChannelManager:270 ? Adding key: http://localhost:49106 for channel [id: 0x7945471b, L:/127.0.0.1:64123 - R:localhost/127.0.0.1:49106]
2023-04-27 09:36:11 DEBUG HttpHandler:126 ? Channel Closed: [id: 0x7945471b, L:/127.0.0.1:64123 ! R:localhost/127.0.0.1:49106] with attribute DISCARD
2023-04-27 09:38:06 DEBUG InternalLoggerFactory:63 ? Using SLF4J as the default logging framework
2023-04-27 09:38:06 DEBUG ResourceLeakDetector:129 ? -Dio.netty.leakDetection.level: simple
2023-04-27 09:38:06 DEBUG ResourceLeakDetector:130 ? -Dio.netty.leakDetection.targetRecords: 4
2023-04-27 09:38:06 DEBUG ResourceLeakDetectorFactory:196 ? Loaded default ResourceLeakDetector: io.netty.util.ResourceLeakDetector@1a1da881
2023-04-27 09:38:06 DEBUG PlatformDependent0:496 ? -Dio.netty.noUnsafe: false
2023-04-27 09:38:06 DEBUG PlatformDependent0:1000 ? Java version: 19
2023-04-27 09:38:06 DEBUG PlatformDependent0:137 ? sun.misc.Unsafe.theUnsafe: available
2023-04-27 09:38:06 DEBUG PlatformDependent0:161 ? sun.misc.Unsafe.copyMemory: available
2023-04-27 09:38:06 DEBUG PlatformDependent0:193 ? sun.misc.Unsafe.storeFence: available
2023-04-27 09:38:06 DEBUG PlatformDependent0:236 ? java.nio.Buffer.address: available
2023-04-27 09:38:06 DEBUG PlatformDependent0:320 ? direct buffer constructor: unavailable: Reflective setAccessible(true) disabled
2023-04-27 09:38:06 DEBUG PlatformDependent0:385 ? java.nio.Bits.unaligned: available, true
2023-04-27 09:38:06 DEBUG PlatformDependent0:452 ? jdk.internal.misc.Unsafe.allocateUninitializedArray(int): unavailable: class io.netty.util.internal.PlatformDependent0$7 cannot access class jdk.internal.misc.Unsafe (in module java.base) because module java.base does not export jdk.internal.misc to unnamed module @68f7aae2
2023-04-27 09:38:06 DEBUG PlatformDependent0:482 ? java.nio.DirectByteBuffer.<init>(long, int): unavailable
2023-04-27 09:38:06 DEBUG PlatformDependent:1159 ? sun.misc.Unsafe: available
2023-04-27 09:38:06 DEBUG PlatformDependent:1270 ? maxDirectMemory: 5339348992 bytes (maybe)
2023-04-27 09:38:06 DEBUG PlatformDependent:1289 ? -Dio.netty.tmpdir: C:\Users\rohit\AppData\Local\Temp (java.io.tmpdir)
2023-04-27 09:38:06 DEBUG PlatformDependent:1368 ? -Dio.netty.bitMode: 64 (sun.arch.data.model)
2023-04-27 09:38:06 DEBUG PlatformDependent:1119 ? Platform: Windows
2023-04-27 09:38:06 DEBUG PlatformDependent:178 ? -Dio.netty.maxDirectMemory: -1 bytes
2023-04-27 09:38:06 DEBUG PlatformDependent:185 ? -Dio.netty.uninitializedArrayAllocationThreshold: -1
2023-04-27 09:38:06 DEBUG CleanerJava9:71 ? java.nio.ByteBuffer.cleaner(): available
2023-04-27 09:38:06 DEBUG PlatformDependent:205 ? -Dio.netty.noPreferDirect: false
2023-04-27 09:38:06 DEBUG PlatformDependent:1010 ? org.jctools-core.MpscChunkedArrayQueue: available
2023-04-27 09:38:06 DEBUG InternalThreadLocalMap:100 ? -Dio.netty.threadLocalMap.stringBuilder.initialSize: 1024
2023-04-27 09:38:06 DEBUG InternalThreadLocalMap:101 ? -Dio.netty.threadLocalMap.stringBuilder.maxSize: 4096
2023-04-27 09:38:07 DEBUG JdkSslContext:83 ? Default protocols (JDK): [TLSv1.3, TLSv1.2] 
2023-04-27 09:38:07 DEBUG JdkSslContext:84 ? Default cipher suites (JDK): [TLS_ECDHE_ECDSA_WITH_AES_256_GCM_SHA384, TLS_ECDHE_ECDSA_WITH_AES_128_GCM_SHA256, TLS_ECDHE_RSA_WITH_AES_128_GCM_SHA256, TLS_ECDHE_RSA_WITH_AES_256_GCM_SHA384, TLS_ECDHE_RSA_WITH_AES_128_CBC_SHA, TLS_ECDHE_RSA_WITH_AES_256_CBC_SHA, TLS_RSA_WITH_AES_128_GCM_SHA256, TLS_RSA_WITH_AES_128_CBC_SHA, TLS_RSA_WITH_AES_256_CBC_SHA, TLS_AES_128_GCM_SHA256, TLS_AES_256_GCM_SHA384]
2023-04-27 09:38:07 DEBUG GlobalEventExecutor:53 ? -Dio.netty.globalEventExecutor.quietPeriodSeconds: 1
2023-04-27 09:38:07 DEBUG MultithreadEventLoopGroup:44 ? -Dio.netty.eventLoopThreads: 16
2023-04-27 09:38:07 DEBUG NioEventLoop:110 ? -Dio.netty.noKeySetOptimization: false
2023-04-27 09:38:07 DEBUG NioEventLoop:111 ? -Dio.netty.selectorAutoRebuildThreshold: 512
2023-04-27 09:38:07 DEBUG PooledByteBufAllocator:157 ? -Dio.netty.allocator.numHeapArenas: 16
2023-04-27 09:38:07 DEBUG PooledByteBufAllocator:158 ? -Dio.netty.allocator.numDirectArenas: 16
2023-04-27 09:38:07 DEBUG PooledByteBufAllocator:160 ? -Dio.netty.allocator.pageSize: 8192
2023-04-27 09:38:07 DEBUG PooledByteBufAllocator:165 ? -Dio.netty.allocator.maxOrder: 9
2023-04-27 09:38:07 DEBUG PooledByteBufAllocator:169 ? -Dio.netty.allocator.chunkSize: 4194304
2023-04-27 09:38:07 DEBUG PooledByteBufAllocator:170 ? -Dio.netty.allocator.smallCacheSize: 256
2023-04-27 09:38:07 DEBUG PooledByteBufAllocator:171 ? -Dio.netty.allocator.normalCacheSize: 64
2023-04-27 09:38:07 DEBUG PooledByteBufAllocator:172 ? -Dio.netty.allocator.maxCachedBufferCapacity: 32768
2023-04-27 09:38:07 DEBUG PooledByteBufAllocator:173 ? -Dio.netty.allocator.cacheTrimInterval: 8192
2023-04-27 09:38:07 DEBUG PooledByteBufAllocator:174 ? -Dio.netty.allocator.cacheTrimIntervalMillis: 0
2023-04-27 09:38:07 DEBUG PooledByteBufAllocator:175 ? -Dio.netty.allocator.useCacheForAllThreads: false
2023-04-27 09:38:07 DEBUG PooledByteBufAllocator:176 ? -Dio.netty.allocator.maxCachedByteBuffersPerChunk: 1023
2023-04-27 09:38:07 DEBUG ByteBufUtil:88 ? -Dio.netty.allocator.type: pooled
2023-04-27 09:38:07 DEBUG ByteBufUtil:97 ? -Dio.netty.threadLocalDirectBufferSize: 0
2023-04-27 09:38:07 DEBUG ByteBufUtil:100 ? -Dio.netty.maxThreadLocalCharBufferSize: 16384
2023-04-27 09:38:07 DEBUG DefaultChannelId:79 ? -Dio.netty.processId: 4512 (auto-detected)
2023-04-27 09:38:07 DEBUG NetUtil:148 ? -Djava.net.preferIPv4Stack: false
2023-04-27 09:38:07 DEBUG NetUtil:149 ? -Djava.net.preferIPv6Addresses: false
2023-04-27 09:38:07 DEBUG NetUtilInitializations:145 ? Loopback interface: lo (Software Loopback Interface 1, 127.0.0.1)
2023-04-27 09:38:07 DEBUG NetUtil:206 ? Failed to get SOMAXCONN from sysctl and file \proc\sys\net\core\somaxconn. Default: 200
2023-04-27 09:38:07 DEBUG DefaultChannelId:101 ? -Dio.netty.machineId: 70:c9:4e:ff:fe:a9:98:9d (auto-detected)
2023-04-27 09:38:07 DEBUG AbstractByteBuf:63 ? -Dio.netty.buffer.checkAccessible: true
2023-04-27 09:38:07 DEBUG AbstractByteBuf:64 ? -Dio.netty.buffer.checkBounds: true
2023-04-27 09:38:07 DEBUG ResourceLeakDetectorFactory:196 ? Loaded default ResourceLeakDetector: io.netty.util.ResourceLeakDetector@7cc146c6
2023-04-27 09:38:07 DEBUG NettyConnectListener:73 ? Using new Channel '[id: 0x3ce08fe0, L:/127.0.0.1:64408 - R:localhost/127.0.0.1:19994]' for 'POST' to '/session'
2023-04-27 09:38:07 DEBUG Recycler:96 ? -Dio.netty.recycler.maxCapacityPerThread: 4096
2023-04-27 09:38:07 DEBUG Recycler:97 ? -Dio.netty.recycler.ratio: 8
2023-04-27 09:38:07 DEBUG Recycler:98 ? -Dio.netty.recycler.chunkSize: 32
2023-04-27 09:38:07 DEBUG Recycler:99 ? -Dio.netty.recycler.blocking: false
2023-04-27 09:38:07 DEBUG Recycler:100 ? -Dio.netty.recycler.batchFastThreadLocalOnly: true
2023-04-27 09:38:08 DEBUG Brotli:38 ? brotli4j not in the classpath; Brotli support will be unavailable.
2023-04-27 09:38:08 DEBUG HttpHandler:70 ? 

Request DefaultHttpRequest(decodeResult: success, version: HTTP/1.1)
POST /session HTTP/1.1
User-Agent: selenium/4.9.0 (java windows)
Content-Length: 254
Content-Type: application/json; charset=utf-8
host: localhost:19994
accept: */*

Response DefaultHttpResponse(decodeResult: success, version: HTTP/1.1)
HTTP/1.1 200 OK
Content-Length: 859
Content-Type: application/json; charset=utf-8
cache-control: no-cache

2023-04-27 09:38:08 DEBUG ChannelManager:270 ? Adding key: http://localhost:19994 for channel [id: 0x3ce08fe0, L:/127.0.0.1:64408 - R:localhost/127.0.0.1:19994]
2023-04-27 09:38:08 DEBUG NettyConnectListener:73 ? Using new Channel '[id: 0x4273cb08, L:/127.0.0.1:64426 - R:localhost/127.0.0.1:64411]' for 'GET' to '/json/version'
2023-04-27 09:38:08 DEBUG HttpHandler:70 ? 

Request DefaultFullHttpRequest(decodeResult: success, version: HTTP/1.1, content: EmptyByteBufBE)
GET /json/version HTTP/1.1
User-Agent: selenium/4.9.0 (java windows)
host: localhost:64411
accept: */*

Response DefaultHttpResponse(decodeResult: success, version: HTTP/1.1)
HTTP/1.1 200 OK
Content-Security-Policy: frame-ancestors 'none'
Content-Length: 424
Content-Type: application/json; charset=UTF-8

2023-04-27 09:38:08 DEBUG ChannelManager:270 ? Adding key: http://localhost:64411 for channel [id: 0x4273cb08, L:/127.0.0.1:64426 - R:localhost/127.0.0.1:64411]
2023-04-27 09:38:08 DEBUG ThreadLocalRandom:214 ? -Dio.netty.initialSeedUniquifier: 0x397855189c924f6c
2023-04-27 09:38:08 DEBUG NettyConnectListener:73 ? Using new Channel '[id: 0xa57057f1, L:/127.0.0.1:64427 - R:localhost/127.0.0.1:64411]' for 'GET' to '/devtools/browser/3a19a1bb-4a38-400c-8207-71898243c5d1'
2023-04-27 09:38:08 DEBUG WebSocketHandler:105 ? 

Request DefaultFullHttpRequest(decodeResult: success, version: HTTP/1.1, content: EmptyByteBufBE)
GET /devtools/browser/3a19a1bb-4a38-400c-8207-71898243c5d1 HTTP/1.1
upgrade: websocket
connection: upgrade
sec-websocket-key: HdYrejUvILgsIE79Ey0yvQ==
sec-websocket-version: 13
origin: http://localhost:64411
host: localhost:64411
accept: */*
user-agent: AHC/2.1

Response DefaultHttpResponse(decodeResult: success, version: HTTP/1.1)
HTTP/1.1 101 WebSocket Protocol Handshake
Upgrade: WebSocket
Connection: Upgrade
Sec-WebSocket-Accept: 7akdxLXIY4rjo3+uiCrlKao+TdU=

2023-04-27 09:38:09 DEBUG NettyRequestSender:593 ? Using pooled Channel '[id: 0x3ce08fe0, L:/127.0.0.1:64408 - R:localhost/127.0.0.1:19994]' for 'POST' to 'http://localhost:19994/session/41ccad75931f4c37555e7d1a6cd67309/window/maximize'
2023-04-27 09:38:09 DEBUG NettyRequestSender:251 ? Using open Channel [id: 0x3ce08fe0, L:/127.0.0.1:64408 - R:localhost/127.0.0.1:19994] for POST '/session/41ccad75931f4c37555e7d1a6cd67309/window/maximize'
2023-04-27 09:38:09 DEBUG HttpHandler:70 ? 

Request DefaultHttpRequest(decodeResult: success, version: HTTP/1.1)
POST /session/41ccad75931f4c37555e7d1a6cd67309/window/maximize HTTP/1.1
User-Agent: selenium/4.9.0 (java windows)
Content-Length: 3
Content-Type: application/json; charset=utf-8
host: localhost:19994
accept: */*

Response DefaultHttpResponse(decodeResult: success, version: HTTP/1.1)
HTTP/1.1 200 OK
Content-Length: 52
Content-Type: application/json; charset=utf-8
cache-control: no-cache

2023-04-27 09:38:09 DEBUG ChannelManager:270 ? Adding key: http://localhost:19994 for channel [id: 0x3ce08fe0, L:/127.0.0.1:64408 - R:localhost/127.0.0.1:19994]
2023-04-27 09:38:09 DEBUG NettyRequestSender:593 ? Using pooled Channel '[id: 0x3ce08fe0, L:/127.0.0.1:64408 - R:localhost/127.0.0.1:19994]' for 'POST' to 'http://localhost:19994/session/41ccad75931f4c37555e7d1a6cd67309/timeouts'
2023-04-27 09:38:09 DEBUG NettyRequestSender:251 ? Using open Channel [id: 0x3ce08fe0, L:/127.0.0.1:64408 - R:localhost/127.0.0.1:19994] for POST '/session/41ccad75931f4c37555e7d1a6cd67309/timeouts'
2023-04-27 09:38:09 DEBUG HttpHandler:70 ? 

Request DefaultHttpRequest(decodeResult: success, version: HTTP/1.1)
POST /session/41ccad75931f4c37555e7d1a6cd67309/timeouts HTTP/1.1
User-Agent: selenium/4.9.0 (java windows)
Content-Length: 23
Content-Type: application/json; charset=utf-8
host: localhost:19994
accept: */*

Response DefaultHttpResponse(decodeResult: success, version: HTTP/1.1)
HTTP/1.1 200 OK
Content-Length: 14
Content-Type: application/json; charset=utf-8
cache-control: no-cache

2023-04-27 09:38:09 DEBUG ChannelManager:270 ? Adding key: http://localhost:19994 for channel [id: 0x3ce08fe0, L:/127.0.0.1:64408 - R:localhost/127.0.0.1:19994]
2023-04-27 09:38:09 DEBUG DefaultChannelPool:348 ? Entry count for : http://localhost:19994 : 1
2023-04-27 09:38:09 DEBUG DefaultChannelPool:348 ? Entry count for : http://localhost:64411 : 1
2023-04-27 09:38:09 DEBUG NettyRequestSender:593 ? Using pooled Channel '[id: 0x3ce08fe0, L:/127.0.0.1:64408 - R:localhost/127.0.0.1:19994]' for 'POST' to 'http://localhost:19994/session/41ccad75931f4c37555e7d1a6cd67309/url'
2023-04-27 09:38:09 DEBUG NettyRequestSender:251 ? Using open Channel [id: 0x3ce08fe0, L:/127.0.0.1:64408 - R:localhost/127.0.0.1:19994] for POST '/session/41ccad75931f4c37555e7d1a6cd67309/url'
2023-04-27 09:38:10 DEBUG DefaultChannelPool:348 ? Entry count for : http://localhost:64411 : 1
2023-04-27 09:38:10 DEBUG HttpHandler:70 ? 

Request DefaultHttpRequest(decodeResult: success, version: HTTP/1.1)
POST /session/41ccad75931f4c37555e7d1a6cd67309/url HTTP/1.1
User-Agent: selenium/4.9.0 (java windows)
Content-Length: 59
Content-Type: application/json; charset=utf-8
host: localhost:19994
accept: */*

Response DefaultHttpResponse(decodeResult: success, version: HTTP/1.1)
HTTP/1.1 200 OK
Content-Length: 14
Content-Type: application/json; charset=utf-8
cache-control: no-cache

2023-04-27 09:38:10 DEBUG ChannelManager:270 ? Adding key: http://localhost:19994 for channel [id: 0x3ce08fe0, L:/127.0.0.1:64408 - R:localhost/127.0.0.1:19994]
2023-04-27 09:38:10 DEBUG NettyRequestSender:593 ? Using pooled Channel '[id: 0x3ce08fe0, L:/127.0.0.1:64408 - R:localhost/127.0.0.1:19994]' for 'DELETE' to 'http://localhost:19994/session/41ccad75931f4c37555e7d1a6cd67309'
2023-04-27 09:38:10 DEBUG NettyRequestSender:251 ? Using open Channel [id: 0x3ce08fe0, L:/127.0.0.1:64408 - R:localhost/127.0.0.1:19994] for DELETE '/session/41ccad75931f4c37555e7d1a6cd67309'
2023-04-27 09:38:10 DEBUG WebSocketHandler:126 ? Channel Closed: [id: 0xa57057f1, L:/127.0.0.1:64427 ! R:localhost/127.0.0.1:64411] with attribute NettyResponseFuture{currentRetry=0,
	isDone=1,
	isCancelled=0,
	asyncHandler=org.asynchttpclient.ws.WebSocketUpgradeHandler@1ceee33f,
	nettyRequest=org.asynchttpclient.netty.request.NettyRequest@adb671d,
	future=java.util.concurrent.CompletableFuture@7f6239[Completed normally],
	uri=ws://localhost:64411/devtools/browser/3a19a1bb-4a38-400c-8207-71898243c5d1,
	keepAlive=true,
	redirectCount=0,
	timeoutsHolder=null,
	inAuth=0,
	touch=1682545089007}
2023-04-27 09:38:10 DEBUG ChannelManager:315 ? Closing Channel [id: 0xa57057f1, L:/127.0.0.1:64427 ! R:localhost/127.0.0.1:64411] 
2023-04-27 09:38:10 DEBUG HttpHandler:159 ? Unexpected I/O exception on channel [id: 0x4273cb08, L:/127.0.0.1:64426 - R:localhost/127.0.0.1:64411]
java.net.SocketException: Connection reset
	at java.base/sun.nio.ch.SocketChannelImpl.throwConnectionReset(SocketChannelImpl.java:401)
	at java.base/sun.nio.ch.SocketChannelImpl.read(SocketChannelImpl.java:434)
	at io.netty.buffer.PooledByteBuf.setBytes(PooledByteBuf.java:256)
	at io.netty.buffer.AbstractByteBuf.writeBytes(AbstractByteBuf.java:1132)
	at io.netty.channel.socket.nio.NioSocketChannel.doReadBytes(NioSocketChannel.java:357)
	at io.netty.channel.nio.AbstractNioByteChannel$NioByteUnsafe.read(AbstractNioByteChannel.java:151)
	at io.netty.channel.nio.NioEventLoop.processSelectedKey(NioEventLoop.java:788)
	at io.netty.channel.nio.NioEventLoop.processSelectedKeysOptimized(NioEventLoop.java:724)
	at io.netty.channel.nio.NioEventLoop.processSelectedKeys(NioEventLoop.java:650)
	at io.netty.channel.nio.NioEventLoop.run(NioEventLoop.java:562)
	at io.netty.util.concurrent.SingleThreadEventExecutor$4.run(SingleThreadEventExecutor.java:997)
	at io.netty.util.internal.ThreadExecutorMap$2.run(ThreadExecutorMap.java:74)
	at io.netty.util.concurrent.FastThreadLocalRunnable.run(FastThreadLocalRunnable.java:30)
	at java.base/java.lang.Thread.run(Thread.java:1589)
2023-04-27 09:38:10 DEBUG ChannelManager:315 ? Closing Channel [id: 0x4273cb08, L:/127.0.0.1:64426 - R:localhost/127.0.0.1:64411] 
2023-04-27 09:38:10 DEBUG HttpHandler:126 ? Channel Closed: [id: 0x4273cb08, L:/127.0.0.1:64426 ! R:localhost/127.0.0.1:64411] with attribute DISCARD
2023-04-27 09:38:10 DEBUG HttpHandler:70 ? 

Request DefaultFullHttpRequest(decodeResult: success, version: HTTP/1.1, content: EmptyByteBufBE)
DELETE /session/41ccad75931f4c37555e7d1a6cd67309 HTTP/1.1
User-Agent: selenium/4.9.0 (java windows)
Content-Type: application/json; charset=utf-8
host: localhost:19994
accept: */*

Response DefaultHttpResponse(decodeResult: success, version: HTTP/1.1)
HTTP/1.1 200 OK
Content-Length: 14
Content-Type: application/json; charset=utf-8
cache-control: no-cache

2023-04-27 09:38:10 DEBUG ChannelManager:270 ? Adding key: http://localhost:19994 for channel [id: 0x3ce08fe0, L:/127.0.0.1:64408 - R:localhost/127.0.0.1:19994]
2023-04-27 09:38:10 DEBUG HttpHandler:126 ? Channel Closed: [id: 0x3ce08fe0, L:/127.0.0.1:64408 ! R:localhost/127.0.0.1:19994] with attribute DISCARD
2023-04-27 09:39:09 DEBUG InternalLoggerFactory:63 ? Using SLF4J as the default logging framework
2023-04-27 09:39:09 DEBUG ResourceLeakDetector:129 ? -Dio.netty.leakDetection.level: simple
2023-04-27 09:39:09 DEBUG ResourceLeakDetector:130 ? -Dio.netty.leakDetection.targetRecords: 4
2023-04-27 09:39:09 DEBUG ResourceLeakDetectorFactory:196 ? Loaded default ResourceLeakDetector: io.netty.util.ResourceLeakDetector@7fd4acee
2023-04-27 09:39:09 DEBUG PlatformDependent0:496 ? -Dio.netty.noUnsafe: false
2023-04-27 09:39:09 DEBUG PlatformDependent0:1000 ? Java version: 19
2023-04-27 09:39:09 DEBUG PlatformDependent0:137 ? sun.misc.Unsafe.theUnsafe: available
2023-04-27 09:39:09 DEBUG PlatformDependent0:161 ? sun.misc.Unsafe.copyMemory: available
2023-04-27 09:39:09 DEBUG PlatformDependent0:193 ? sun.misc.Unsafe.storeFence: available
2023-04-27 09:39:09 DEBUG PlatformDependent0:236 ? java.nio.Buffer.address: available
2023-04-27 09:39:09 DEBUG PlatformDependent0:320 ? direct buffer constructor: unavailable: Reflective setAccessible(true) disabled
2023-04-27 09:39:09 DEBUG PlatformDependent0:385 ? java.nio.Bits.unaligned: available, true
2023-04-27 09:39:09 DEBUG PlatformDependent0:452 ? jdk.internal.misc.Unsafe.allocateUninitializedArray(int): unavailable: class io.netty.util.internal.PlatformDependent0$7 cannot access class jdk.internal.misc.Unsafe (in module java.base) because module java.base does not export jdk.internal.misc to unnamed module @68f7aae2
2023-04-27 09:39:09 DEBUG PlatformDependent0:482 ? java.nio.DirectByteBuffer.<init>(long, int): unavailable
2023-04-27 09:39:09 DEBUG PlatformDependent:1159 ? sun.misc.Unsafe: available
2023-04-27 09:39:09 DEBUG PlatformDependent:1270 ? maxDirectMemory: 5339348992 bytes (maybe)
2023-04-27 09:39:09 DEBUG PlatformDependent:1289 ? -Dio.netty.tmpdir: C:\Users\rohit\AppData\Local\Temp (java.io.tmpdir)
2023-04-27 09:39:09 DEBUG PlatformDependent:1368 ? -Dio.netty.bitMode: 64 (sun.arch.data.model)
2023-04-27 09:39:09 DEBUG PlatformDependent:1119 ? Platform: Windows
2023-04-27 09:39:09 DEBUG PlatformDependent:178 ? -Dio.netty.maxDirectMemory: -1 bytes
2023-04-27 09:39:09 DEBUG PlatformDependent:185 ? -Dio.netty.uninitializedArrayAllocationThreshold: -1
2023-04-27 09:39:09 DEBUG CleanerJava9:71 ? java.nio.ByteBuffer.cleaner(): available
2023-04-27 09:39:09 DEBUG PlatformDependent:205 ? -Dio.netty.noPreferDirect: false
2023-04-27 09:39:09 DEBUG PlatformDependent:1010 ? org.jctools-core.MpscChunkedArrayQueue: available
2023-04-27 09:39:09 DEBUG InternalThreadLocalMap:100 ? -Dio.netty.threadLocalMap.stringBuilder.initialSize: 1024
2023-04-27 09:39:09 DEBUG InternalThreadLocalMap:101 ? -Dio.netty.threadLocalMap.stringBuilder.maxSize: 4096
2023-04-27 09:39:09 DEBUG JdkSslContext:83 ? Default protocols (JDK): [TLSv1.3, TLSv1.2] 
2023-04-27 09:39:09 DEBUG JdkSslContext:84 ? Default cipher suites (JDK): [TLS_ECDHE_ECDSA_WITH_AES_256_GCM_SHA384, TLS_ECDHE_ECDSA_WITH_AES_128_GCM_SHA256, TLS_ECDHE_RSA_WITH_AES_128_GCM_SHA256, TLS_ECDHE_RSA_WITH_AES_256_GCM_SHA384, TLS_ECDHE_RSA_WITH_AES_128_CBC_SHA, TLS_ECDHE_RSA_WITH_AES_256_CBC_SHA, TLS_RSA_WITH_AES_128_GCM_SHA256, TLS_RSA_WITH_AES_128_CBC_SHA, TLS_RSA_WITH_AES_256_CBC_SHA, TLS_AES_128_GCM_SHA256, TLS_AES_256_GCM_SHA384]
2023-04-27 09:39:09 DEBUG GlobalEventExecutor:53 ? -Dio.netty.globalEventExecutor.quietPeriodSeconds: 1
2023-04-27 09:39:09 DEBUG MultithreadEventLoopGroup:44 ? -Dio.netty.eventLoopThreads: 16
2023-04-27 09:39:09 DEBUG NioEventLoop:110 ? -Dio.netty.noKeySetOptimization: false
2023-04-27 09:39:09 DEBUG NioEventLoop:111 ? -Dio.netty.selectorAutoRebuildThreshold: 512
2023-04-27 09:39:09 DEBUG PooledByteBufAllocator:157 ? -Dio.netty.allocator.numHeapArenas: 16
2023-04-27 09:39:09 DEBUG PooledByteBufAllocator:158 ? -Dio.netty.allocator.numDirectArenas: 16
2023-04-27 09:39:09 DEBUG PooledByteBufAllocator:160 ? -Dio.netty.allocator.pageSize: 8192
2023-04-27 09:39:09 DEBUG PooledByteBufAllocator:165 ? -Dio.netty.allocator.maxOrder: 9
2023-04-27 09:39:09 DEBUG PooledByteBufAllocator:169 ? -Dio.netty.allocator.chunkSize: 4194304
2023-04-27 09:39:09 DEBUG PooledByteBufAllocator:170 ? -Dio.netty.allocator.smallCacheSize: 256
2023-04-27 09:39:09 DEBUG PooledByteBufAllocator:171 ? -Dio.netty.allocator.normalCacheSize: 64
2023-04-27 09:39:09 DEBUG PooledByteBufAllocator:172 ? -Dio.netty.allocator.maxCachedBufferCapacity: 32768
2023-04-27 09:39:09 DEBUG PooledByteBufAllocator:173 ? -Dio.netty.allocator.cacheTrimInterval: 8192
2023-04-27 09:39:09 DEBUG PooledByteBufAllocator:174 ? -Dio.netty.allocator.cacheTrimIntervalMillis: 0
2023-04-27 09:39:09 DEBUG PooledByteBufAllocator:175 ? -Dio.netty.allocator.useCacheForAllThreads: false
2023-04-27 09:39:09 DEBUG PooledByteBufAllocator:176 ? -Dio.netty.allocator.maxCachedByteBuffersPerChunk: 1023
2023-04-27 09:39:09 DEBUG ByteBufUtil:88 ? -Dio.netty.allocator.type: pooled
2023-04-27 09:39:09 DEBUG ByteBufUtil:97 ? -Dio.netty.threadLocalDirectBufferSize: 0
2023-04-27 09:39:09 DEBUG ByteBufUtil:100 ? -Dio.netty.maxThreadLocalCharBufferSize: 16384
2023-04-27 09:39:10 DEBUG DefaultChannelId:79 ? -Dio.netty.processId: 28536 (auto-detected)
2023-04-27 09:39:10 DEBUG NetUtil:148 ? -Djava.net.preferIPv4Stack: false
2023-04-27 09:39:10 DEBUG NetUtil:149 ? -Djava.net.preferIPv6Addresses: false
2023-04-27 09:39:10 DEBUG NetUtilInitializations:145 ? Loopback interface: lo (Software Loopback Interface 1, 127.0.0.1)
2023-04-27 09:39:10 DEBUG NetUtil:206 ? Failed to get SOMAXCONN from sysctl and file \proc\sys\net\core\somaxconn. Default: 200
2023-04-27 09:39:10 DEBUG DefaultChannelId:101 ? -Dio.netty.machineId: 70:c9:4e:ff:fe:a9:98:9d (auto-detected)
2023-04-27 09:39:10 DEBUG AbstractByteBuf:63 ? -Dio.netty.buffer.checkAccessible: true
2023-04-27 09:39:10 DEBUG AbstractByteBuf:64 ? -Dio.netty.buffer.checkBounds: true
2023-04-27 09:39:10 DEBUG ResourceLeakDetectorFactory:196 ? Loaded default ResourceLeakDetector: io.netty.util.ResourceLeakDetector@27fbf29d
2023-04-27 09:39:10 DEBUG NettyConnectListener:73 ? Using new Channel '[id: 0xebad386c, L:/127.0.0.1:64551 - R:localhost/127.0.0.1:44855]' for 'POST' to '/session'
2023-04-27 09:39:10 DEBUG Recycler:96 ? -Dio.netty.recycler.maxCapacityPerThread: 4096
2023-04-27 09:39:10 DEBUG Recycler:97 ? -Dio.netty.recycler.ratio: 8
2023-04-27 09:39:10 DEBUG Recycler:98 ? -Dio.netty.recycler.chunkSize: 32
2023-04-27 09:39:10 DEBUG Recycler:99 ? -Dio.netty.recycler.blocking: false
2023-04-27 09:39:10 DEBUG Recycler:100 ? -Dio.netty.recycler.batchFastThreadLocalOnly: true
2023-04-27 09:39:11 DEBUG Brotli:38 ? brotli4j not in the classpath; Brotli support will be unavailable.
2023-04-27 09:39:11 DEBUG HttpHandler:70 ? 

Request DefaultHttpRequest(decodeResult: success, version: HTTP/1.1)
POST /session HTTP/1.1
User-Agent: selenium/4.9.0 (java windows)
Content-Length: 254
Content-Type: application/json; charset=utf-8
host: localhost:44855
accept: */*

Response DefaultHttpResponse(decodeResult: success, version: HTTP/1.1)
HTTP/1.1 200 OK
Content-Length: 860
Content-Type: application/json; charset=utf-8
cache-control: no-cache

2023-04-27 09:39:11 DEBUG ChannelManager:270 ? Adding key: http://localhost:44855 for channel [id: 0xebad386c, L:/127.0.0.1:64551 - R:localhost/127.0.0.1:44855]
2023-04-27 09:39:11 DEBUG NettyConnectListener:73 ? Using new Channel '[id: 0x9ae6ab80, L:/127.0.0.1:64577 - R:localhost/127.0.0.1:64558]' for 'GET' to '/json/version'
2023-04-27 09:39:11 DEBUG HttpHandler:70 ? 

Request DefaultFullHttpRequest(decodeResult: success, version: HTTP/1.1, content: EmptyByteBufBE)
GET /json/version HTTP/1.1
User-Agent: selenium/4.9.0 (java windows)
host: localhost:64558
accept: */*

Response DefaultHttpResponse(decodeResult: success, version: HTTP/1.1)
HTTP/1.1 200 OK
Content-Security-Policy: frame-ancestors 'none'
Content-Length: 424
Content-Type: application/json; charset=UTF-8

2023-04-27 09:39:11 DEBUG ChannelManager:270 ? Adding key: http://localhost:64558 for channel [id: 0x9ae6ab80, L:/127.0.0.1:64577 - R:localhost/127.0.0.1:64558]
2023-04-27 09:39:11 DEBUG ThreadLocalRandom:214 ? -Dio.netty.initialSeedUniquifier: 0xb42ebc5da4aeec26
2023-04-27 09:39:11 DEBUG NettyConnectListener:73 ? Using new Channel '[id: 0xdb1dfede, L:/127.0.0.1:64578 - R:localhost/127.0.0.1:64558]' for 'GET' to '/devtools/browser/e7853434-7393-4555-9b0d-791029bc987b'
2023-04-27 09:39:11 DEBUG WebSocketHandler:105 ? 

Request DefaultFullHttpRequest(decodeResult: success, version: HTTP/1.1, content: EmptyByteBufBE)
GET /devtools/browser/e7853434-7393-4555-9b0d-791029bc987b HTTP/1.1
upgrade: websocket
connection: upgrade
sec-websocket-key: xFrD0TlaEdjOl/M+V6MS4g==
sec-websocket-version: 13
origin: http://localhost:64558
host: localhost:64558
accept: */*
user-agent: AHC/2.1

Response DefaultHttpResponse(decodeResult: success, version: HTTP/1.1)
HTTP/1.1 101 WebSocket Protocol Handshake
Upgrade: WebSocket
Connection: Upgrade
Sec-WebSocket-Accept: yctqOIVrbfwS1g2VfgBeZtMwGCg=

2023-04-27 09:39:11 DEBUG NettyRequestSender:593 ? Using pooled Channel '[id: 0xebad386c, L:/127.0.0.1:64551 - R:localhost/127.0.0.1:44855]' for 'POST' to 'http://localhost:44855/session/96db95188b2f761072c417345c78f5e6/window/maximize'
2023-04-27 09:39:11 DEBUG NettyRequestSender:251 ? Using open Channel [id: 0xebad386c, L:/127.0.0.1:64551 - R:localhost/127.0.0.1:44855] for POST '/session/96db95188b2f761072c417345c78f5e6/window/maximize'
2023-04-27 09:39:11 DEBUG HttpHandler:70 ? 

Request DefaultHttpRequest(decodeResult: success, version: HTTP/1.1)
POST /session/96db95188b2f761072c417345c78f5e6/window/maximize HTTP/1.1
User-Agent: selenium/4.9.0 (java windows)
Content-Length: 3
Content-Type: application/json; charset=utf-8
host: localhost:44855
accept: */*

Response DefaultHttpResponse(decodeResult: success, version: HTTP/1.1)
HTTP/1.1 200 OK
Content-Length: 52
Content-Type: application/json; charset=utf-8
cache-control: no-cache

2023-04-27 09:39:11 DEBUG ChannelManager:270 ? Adding key: http://localhost:44855 for channel [id: 0xebad386c, L:/127.0.0.1:64551 - R:localhost/127.0.0.1:44855]
2023-04-27 09:39:11 DEBUG NettyRequestSender:593 ? Using pooled Channel '[id: 0xebad386c, L:/127.0.0.1:64551 - R:localhost/127.0.0.1:44855]' for 'POST' to 'http://localhost:44855/session/96db95188b2f761072c417345c78f5e6/timeouts'
2023-04-27 09:39:11 DEBUG NettyRequestSender:251 ? Using open Channel [id: 0xebad386c, L:/127.0.0.1:64551 - R:localhost/127.0.0.1:44855] for POST '/session/96db95188b2f761072c417345c78f5e6/timeouts'
2023-04-27 09:39:11 DEBUG HttpHandler:70 ? 

Request DefaultHttpRequest(decodeResult: success, version: HTTP/1.1)
POST /session/96db95188b2f761072c417345c78f5e6/timeouts HTTP/1.1
User-Agent: selenium/4.9.0 (java windows)
Content-Length: 23
Content-Type: application/json; charset=utf-8
host: localhost:44855
accept: */*

Response DefaultHttpResponse(decodeResult: success, version: HTTP/1.1)
HTTP/1.1 200 OK
Content-Length: 14
Content-Type: application/json; charset=utf-8
cache-control: no-cache

2023-04-27 09:39:11 DEBUG ChannelManager:270 ? Adding key: http://localhost:44855 for channel [id: 0xebad386c, L:/127.0.0.1:64551 - R:localhost/127.0.0.1:44855]
2023-04-27 09:39:11 DEBUG NettyRequestSender:593 ? Using pooled Channel '[id: 0xebad386c, L:/127.0.0.1:64551 - R:localhost/127.0.0.1:44855]' for 'POST' to 'http://localhost:44855/session/96db95188b2f761072c417345c78f5e6/url'
2023-04-27 09:39:11 DEBUG NettyRequestSender:251 ? Using open Channel [id: 0xebad386c, L:/127.0.0.1:64551 - R:localhost/127.0.0.1:44855] for POST '/session/96db95188b2f761072c417345c78f5e6/url'
2023-04-27 09:39:11 DEBUG DefaultChannelPool:348 ? Entry count for : http://localhost:64558 : 1
2023-04-27 09:39:12 DEBUG HttpHandler:70 ? 

Request DefaultHttpRequest(decodeResult: success, version: HTTP/1.1)
POST /session/96db95188b2f761072c417345c78f5e6/url HTTP/1.1
User-Agent: selenium/4.9.0 (java windows)
Content-Length: 59
Content-Type: application/json; charset=utf-8
host: localhost:44855
accept: */*

Response DefaultHttpResponse(decodeResult: success, version: HTTP/1.1)
HTTP/1.1 200 OK
Content-Length: 14
Content-Type: application/json; charset=utf-8
cache-control: no-cache

2023-04-27 09:39:12 DEBUG ChannelManager:270 ? Adding key: http://localhost:44855 for channel [id: 0xebad386c, L:/127.0.0.1:64551 - R:localhost/127.0.0.1:44855]
2023-04-27 09:39:12 DEBUG NettyRequestSender:593 ? Using pooled Channel '[id: 0xebad386c, L:/127.0.0.1:64551 - R:localhost/127.0.0.1:44855]' for 'DELETE' to 'http://localhost:44855/session/96db95188b2f761072c417345c78f5e6'
2023-04-27 09:39:12 DEBUG NettyRequestSender:251 ? Using open Channel [id: 0xebad386c, L:/127.0.0.1:64551 - R:localhost/127.0.0.1:44855] for DELETE '/session/96db95188b2f761072c417345c78f5e6'
2023-04-27 09:39:12 DEBUG WebSocketHandler:126 ? Channel Closed: [id: 0xdb1dfede, L:/127.0.0.1:64578 ! R:localhost/127.0.0.1:64558] with attribute NettyResponseFuture{currentRetry=0,
	isDone=1,
	isCancelled=0,
	asyncHandler=org.asynchttpclient.ws.WebSocketUpgradeHandler@3424897b,
	nettyRequest=org.asynchttpclient.netty.request.NettyRequest@53fb6a49,
	future=java.util.concurrent.CompletableFuture@4ada20a5[Completed normally],
	uri=ws://localhost:64558/devtools/browser/e7853434-7393-4555-9b0d-791029bc987b,
	keepAlive=true,
	redirectCount=0,
	timeoutsHolder=null,
	inAuth=0,
	touch=1682545151403}
2023-04-27 09:39:12 DEBUG ChannelManager:315 ? Closing Channel [id: 0xdb1dfede, L:/127.0.0.1:64578 ! R:localhost/127.0.0.1:64558] 
2023-04-27 09:39:12 DEBUG DefaultChannelPool:348 ? Entry count for : http://localhost:64558 : 1
2023-04-27 09:39:12 DEBUG HttpHandler:159 ? Unexpected I/O exception on channel [id: 0x9ae6ab80, L:/127.0.0.1:64577 - R:localhost/127.0.0.1:64558]
java.net.SocketException: Connection reset
	at java.base/sun.nio.ch.SocketChannelImpl.throwConnectionReset(SocketChannelImpl.java:401)
	at java.base/sun.nio.ch.SocketChannelImpl.read(SocketChannelImpl.java:434)
	at io.netty.buffer.PooledByteBuf.setBytes(PooledByteBuf.java:256)
	at io.netty.buffer.AbstractByteBuf.writeBytes(AbstractByteBuf.java:1132)
	at io.netty.channel.socket.nio.NioSocketChannel.doReadBytes(NioSocketChannel.java:357)
	at io.netty.channel.nio.AbstractNioByteChannel$NioByteUnsafe.read(AbstractNioByteChannel.java:151)
	at io.netty.channel.nio.NioEventLoop.processSelectedKey(NioEventLoop.java:788)
	at io.netty.channel.nio.NioEventLoop.processSelectedKeysOptimized(NioEventLoop.java:724)
	at io.netty.channel.nio.NioEventLoop.processSelectedKeys(NioEventLoop.java:650)
	at io.netty.channel.nio.NioEventLoop.run(NioEventLoop.java:562)
	at io.netty.util.concurrent.SingleThreadEventExecutor$4.run(SingleThreadEventExecutor.java:997)
	at io.netty.util.internal.ThreadExecutorMap$2.run(ThreadExecutorMap.java:74)
	at io.netty.util.concurrent.FastThreadLocalRunnable.run(FastThreadLocalRunnable.java:30)
	at java.base/java.lang.Thread.run(Thread.java:1589)
2023-04-27 09:39:12 DEBUG ChannelManager:315 ? Closing Channel [id: 0x9ae6ab80, L:/127.0.0.1:64577 - R:localhost/127.0.0.1:64558] 
2023-04-27 09:39:12 DEBUG HttpHandler:126 ? Channel Closed: [id: 0x9ae6ab80, L:/127.0.0.1:64577 ! R:localhost/127.0.0.1:64558] with attribute DISCARD
2023-04-27 09:39:12 DEBUG HttpHandler:70 ? 

Request DefaultFullHttpRequest(decodeResult: success, version: HTTP/1.1, content: EmptyByteBufBE)
DELETE /session/96db95188b2f761072c417345c78f5e6 HTTP/1.1
User-Agent: selenium/4.9.0 (java windows)
Content-Type: application/json; charset=utf-8
host: localhost:44855
accept: */*

Response DefaultHttpResponse(decodeResult: success, version: HTTP/1.1)
HTTP/1.1 200 OK
Content-Length: 14
Content-Type: application/json; charset=utf-8
cache-control: no-cache

2023-04-27 09:39:12 DEBUG ChannelManager:270 ? Adding key: http://localhost:44855 for channel [id: 0xebad386c, L:/127.0.0.1:64551 - R:localhost/127.0.0.1:44855]
2023-04-27 09:39:13 DEBUG HttpHandler:126 ? Channel Closed: [id: 0xebad386c, L:/127.0.0.1:64551 ! R:localhost/127.0.0.1:44855] with attribute DISCARD
2023-04-27 10:02:36 DEBUG InternalLoggerFactory:63 ? Using SLF4J as the default logging framework
2023-04-27 10:02:36 DEBUG ResourceLeakDetector:129 ? -Dio.netty.leakDetection.level: simple
2023-04-27 10:02:36 DEBUG ResourceLeakDetector:130 ? -Dio.netty.leakDetection.targetRecords: 4
2023-04-27 10:02:36 DEBUG ResourceLeakDetectorFactory:196 ? Loaded default ResourceLeakDetector: io.netty.util.ResourceLeakDetector@6175619b
2023-04-27 10:02:36 DEBUG PlatformDependent0:496 ? -Dio.netty.noUnsafe: false
2023-04-27 10:02:36 DEBUG PlatformDependent0:1000 ? Java version: 19
2023-04-27 10:02:36 DEBUG PlatformDependent0:137 ? sun.misc.Unsafe.theUnsafe: available
2023-04-27 10:02:36 DEBUG PlatformDependent0:161 ? sun.misc.Unsafe.copyMemory: available
2023-04-27 10:02:36 DEBUG PlatformDependent0:193 ? sun.misc.Unsafe.storeFence: available
2023-04-27 10:02:36 DEBUG PlatformDependent0:236 ? java.nio.Buffer.address: available
2023-04-27 10:02:36 DEBUG PlatformDependent0:320 ? direct buffer constructor: unavailable: Reflective setAccessible(true) disabled
2023-04-27 10:02:36 DEBUG PlatformDependent0:385 ? java.nio.Bits.unaligned: available, true
2023-04-27 10:02:36 DEBUG PlatformDependent0:452 ? jdk.internal.misc.Unsafe.allocateUninitializedArray(int): unavailable: class io.netty.util.internal.PlatformDependent0$7 cannot access class jdk.internal.misc.Unsafe (in module java.base) because module java.base does not export jdk.internal.misc to unnamed module @68f7aae2
2023-04-27 10:02:36 DEBUG PlatformDependent0:482 ? java.nio.DirectByteBuffer.<init>(long, int): unavailable
2023-04-27 10:02:36 DEBUG PlatformDependent:1159 ? sun.misc.Unsafe: available
2023-04-27 10:02:36 DEBUG PlatformDependent:1270 ? maxDirectMemory: 5339348992 bytes (maybe)
2023-04-27 10:02:36 DEBUG PlatformDependent:1289 ? -Dio.netty.tmpdir: C:\Users\rohit\AppData\Local\Temp (java.io.tmpdir)
2023-04-27 10:02:36 DEBUG PlatformDependent:1368 ? -Dio.netty.bitMode: 64 (sun.arch.data.model)
2023-04-27 10:02:36 DEBUG PlatformDependent:1119 ? Platform: Windows
2023-04-27 10:02:36 DEBUG PlatformDependent:178 ? -Dio.netty.maxDirectMemory: -1 bytes
2023-04-27 10:02:36 DEBUG PlatformDependent:185 ? -Dio.netty.uninitializedArrayAllocationThreshold: -1
2023-04-27 10:02:36 DEBUG CleanerJava9:71 ? java.nio.ByteBuffer.cleaner(): available
2023-04-27 10:02:36 DEBUG PlatformDependent:205 ? -Dio.netty.noPreferDirect: false
2023-04-27 10:02:36 DEBUG PlatformDependent:1010 ? org.jctools-core.MpscChunkedArrayQueue: available
2023-04-27 10:02:36 DEBUG InternalThreadLocalMap:100 ? -Dio.netty.threadLocalMap.stringBuilder.initialSize: 1024
2023-04-27 10:02:36 DEBUG InternalThreadLocalMap:101 ? -Dio.netty.threadLocalMap.stringBuilder.maxSize: 4096
2023-04-27 10:02:37 DEBUG JdkSslContext:83 ? Default protocols (JDK): [TLSv1.3, TLSv1.2] 
2023-04-27 10:02:37 DEBUG JdkSslContext:84 ? Default cipher suites (JDK): [TLS_ECDHE_ECDSA_WITH_AES_256_GCM_SHA384, TLS_ECDHE_ECDSA_WITH_AES_128_GCM_SHA256, TLS_ECDHE_RSA_WITH_AES_128_GCM_SHA256, TLS_ECDHE_RSA_WITH_AES_256_GCM_SHA384, TLS_ECDHE_RSA_WITH_AES_128_CBC_SHA, TLS_ECDHE_RSA_WITH_AES_256_CBC_SHA, TLS_RSA_WITH_AES_128_GCM_SHA256, TLS_RSA_WITH_AES_128_CBC_SHA, TLS_RSA_WITH_AES_256_CBC_SHA, TLS_AES_128_GCM_SHA256, TLS_AES_256_GCM_SHA384]
2023-04-27 10:02:37 DEBUG GlobalEventExecutor:53 ? -Dio.netty.globalEventExecutor.quietPeriodSeconds: 1
2023-04-27 10:02:37 DEBUG MultithreadEventLoopGroup:44 ? -Dio.netty.eventLoopThreads: 16
2023-04-27 10:02:37 DEBUG NioEventLoop:110 ? -Dio.netty.noKeySetOptimization: false
2023-04-27 10:02:37 DEBUG NioEventLoop:111 ? -Dio.netty.selectorAutoRebuildThreshold: 512
2023-04-27 10:02:37 DEBUG PooledByteBufAllocator:157 ? -Dio.netty.allocator.numHeapArenas: 16
2023-04-27 10:02:37 DEBUG PooledByteBufAllocator:158 ? -Dio.netty.allocator.numDirectArenas: 16
2023-04-27 10:02:37 DEBUG PooledByteBufAllocator:160 ? -Dio.netty.allocator.pageSize: 8192
2023-04-27 10:02:37 DEBUG PooledByteBufAllocator:165 ? -Dio.netty.allocator.maxOrder: 9
2023-04-27 10:02:37 DEBUG PooledByteBufAllocator:169 ? -Dio.netty.allocator.chunkSize: 4194304
2023-04-27 10:02:37 DEBUG PooledByteBufAllocator:170 ? -Dio.netty.allocator.smallCacheSize: 256
2023-04-27 10:02:37 DEBUG PooledByteBufAllocator:171 ? -Dio.netty.allocator.normalCacheSize: 64
2023-04-27 10:02:37 DEBUG PooledByteBufAllocator:172 ? -Dio.netty.allocator.maxCachedBufferCapacity: 32768
2023-04-27 10:02:37 DEBUG PooledByteBufAllocator:173 ? -Dio.netty.allocator.cacheTrimInterval: 8192
2023-04-27 10:02:37 DEBUG PooledByteBufAllocator:174 ? -Dio.netty.allocator.cacheTrimIntervalMillis: 0
2023-04-27 10:02:37 DEBUG PooledByteBufAllocator:175 ? -Dio.netty.allocator.useCacheForAllThreads: false
2023-04-27 10:02:37 DEBUG PooledByteBufAllocator:176 ? -Dio.netty.allocator.maxCachedByteBuffersPerChunk: 1023
2023-04-27 10:02:37 DEBUG ByteBufUtil:88 ? -Dio.netty.allocator.type: pooled
2023-04-27 10:02:37 DEBUG ByteBufUtil:97 ? -Dio.netty.threadLocalDirectBufferSize: 0
2023-04-27 10:02:37 DEBUG ByteBufUtil:100 ? -Dio.netty.maxThreadLocalCharBufferSize: 16384
2023-04-27 10:02:37 DEBUG DefaultChannelId:79 ? -Dio.netty.processId: 23988 (auto-detected)
2023-04-27 10:02:37 DEBUG NetUtil:148 ? -Djava.net.preferIPv4Stack: false
2023-04-27 10:02:37 DEBUG NetUtil:149 ? -Djava.net.preferIPv6Addresses: false
2023-04-27 10:02:37 DEBUG NetUtilInitializations:145 ? Loopback interface: lo (Software Loopback Interface 1, 127.0.0.1)
2023-04-27 10:02:37 DEBUG NetUtil:206 ? Failed to get SOMAXCONN from sysctl and file \proc\sys\net\core\somaxconn. Default: 200
2023-04-27 10:02:37 DEBUG DefaultChannelId:101 ? -Dio.netty.machineId: 70:c9:4e:ff:fe:a9:98:9d (auto-detected)
2023-04-27 10:02:38 DEBUG AbstractByteBuf:63 ? -Dio.netty.buffer.checkAccessible: true
2023-04-27 10:02:38 DEBUG AbstractByteBuf:64 ? -Dio.netty.buffer.checkBounds: true
2023-04-27 10:02:38 DEBUG ResourceLeakDetectorFactory:196 ? Loaded default ResourceLeakDetector: io.netty.util.ResourceLeakDetector@359b11da
2023-04-27 10:02:38 DEBUG NettyConnectListener:73 ? Using new Channel '[id: 0xcf6f47e5, L:/127.0.0.1:50934 - R:localhost/127.0.0.1:28227]' for 'POST' to '/session'
2023-04-27 10:02:38 DEBUG Recycler:96 ? -Dio.netty.recycler.maxCapacityPerThread: 4096
2023-04-27 10:02:38 DEBUG Recycler:97 ? -Dio.netty.recycler.ratio: 8
2023-04-27 10:02:38 DEBUG Recycler:98 ? -Dio.netty.recycler.chunkSize: 32
2023-04-27 10:02:38 DEBUG Recycler:99 ? -Dio.netty.recycler.blocking: false
2023-04-27 10:02:38 DEBUG Recycler:100 ? -Dio.netty.recycler.batchFastThreadLocalOnly: true
2023-04-27 10:02:39 DEBUG Brotli:38 ? brotli4j not in the classpath; Brotli support will be unavailable.
2023-04-27 10:02:39 DEBUG HttpHandler:70 ? 

Request DefaultHttpRequest(decodeResult: success, version: HTTP/1.1)
POST /session HTTP/1.1
User-Agent: selenium/4.9.0 (java windows)
Content-Length: 254
Content-Type: application/json; charset=utf-8
host: localhost:28227
accept: */*

Response DefaultHttpResponse(decodeResult: success, version: HTTP/1.1)
HTTP/1.1 200 OK
Content-Length: 859
Content-Type: application/json; charset=utf-8
cache-control: no-cache

2023-04-27 10:02:39 DEBUG ChannelManager:270 ? Adding key: http://localhost:28227 for channel [id: 0xcf6f47e5, L:/127.0.0.1:50934 - R:localhost/127.0.0.1:28227]
2023-04-27 10:02:39 DEBUG NettyConnectListener:73 ? Using new Channel '[id: 0x2446acc2, L:/127.0.0.1:50950 - R:localhost/127.0.0.1:50939]' for 'GET' to '/json/version'
2023-04-27 10:02:39 DEBUG HttpHandler:70 ? 

Request DefaultFullHttpRequest(decodeResult: success, version: HTTP/1.1, content: EmptyByteBufBE)
GET /json/version HTTP/1.1
User-Agent: selenium/4.9.0 (java windows)
host: localhost:50939
accept: */*

Response DefaultHttpResponse(decodeResult: success, version: HTTP/1.1)
HTTP/1.1 200 OK
Content-Security-Policy: frame-ancestors 'none'
Content-Length: 424
Content-Type: application/json; charset=UTF-8

2023-04-27 10:02:39 DEBUG ChannelManager:270 ? Adding key: http://localhost:50939 for channel [id: 0x2446acc2, L:/127.0.0.1:50950 - R:localhost/127.0.0.1:50939]
2023-04-27 10:02:39 DEBUG ThreadLocalRandom:214 ? -Dio.netty.initialSeedUniquifier: 0x48f832ab1427e2a4
2023-04-27 10:02:39 DEBUG NettyConnectListener:73 ? Using new Channel '[id: 0xec896187, L:/127.0.0.1:50953 - R:localhost/127.0.0.1:50939]' for 'GET' to '/devtools/browser/a5027732-c164-40d1-9737-3ff08b9e1ebe'
2023-04-27 10:02:39 DEBUG WebSocketHandler:105 ? 

Request DefaultFullHttpRequest(decodeResult: success, version: HTTP/1.1, content: EmptyByteBufBE)
GET /devtools/browser/a5027732-c164-40d1-9737-3ff08b9e1ebe HTTP/1.1
upgrade: websocket
connection: upgrade
sec-websocket-key: U4NopKSGZvpA7R34yHFgRg==
sec-websocket-version: 13
origin: http://localhost:50939
host: localhost:50939
accept: */*
user-agent: AHC/2.1

Response DefaultHttpResponse(decodeResult: success, version: HTTP/1.1)
HTTP/1.1 101 WebSocket Protocol Handshake
Upgrade: WebSocket
Connection: Upgrade
Sec-WebSocket-Accept: BfTf4M7qo1uisP1fH2OCNTtvc6Y=

2023-04-27 10:02:39 DEBUG NettyRequestSender:593 ? Using pooled Channel '[id: 0xcf6f47e5, L:/127.0.0.1:50934 - R:localhost/127.0.0.1:28227]' for 'POST' to 'http://localhost:28227/session/5afce62c03302609782e69f6745635a6/window/maximize'
2023-04-27 10:02:39 DEBUG NettyRequestSender:251 ? Using open Channel [id: 0xcf6f47e5, L:/127.0.0.1:50934 - R:localhost/127.0.0.1:28227] for POST '/session/5afce62c03302609782e69f6745635a6/window/maximize'
2023-04-27 10:02:39 DEBUG HttpHandler:70 ? 

Request DefaultHttpRequest(decodeResult: success, version: HTTP/1.1)
POST /session/5afce62c03302609782e69f6745635a6/window/maximize HTTP/1.1
User-Agent: selenium/4.9.0 (java windows)
Content-Length: 3
Content-Type: application/json; charset=utf-8
host: localhost:28227
accept: */*

Response DefaultHttpResponse(decodeResult: success, version: HTTP/1.1)
HTTP/1.1 200 OK
Content-Length: 52
Content-Type: application/json; charset=utf-8
cache-control: no-cache

2023-04-27 10:02:39 DEBUG ChannelManager:270 ? Adding key: http://localhost:28227 for channel [id: 0xcf6f47e5, L:/127.0.0.1:50934 - R:localhost/127.0.0.1:28227]
2023-04-27 10:02:39 DEBUG NettyRequestSender:593 ? Using pooled Channel '[id: 0xcf6f47e5, L:/127.0.0.1:50934 - R:localhost/127.0.0.1:28227]' for 'POST' to 'http://localhost:28227/session/5afce62c03302609782e69f6745635a6/timeouts'
2023-04-27 10:02:39 DEBUG NettyRequestSender:251 ? Using open Channel [id: 0xcf6f47e5, L:/127.0.0.1:50934 - R:localhost/127.0.0.1:28227] for POST '/session/5afce62c03302609782e69f6745635a6/timeouts'
2023-04-27 10:02:39 DEBUG HttpHandler:70 ? 

Request DefaultHttpRequest(decodeResult: success, version: HTTP/1.1)
POST /session/5afce62c03302609782e69f6745635a6/timeouts HTTP/1.1
User-Agent: selenium/4.9.0 (java windows)
Content-Length: 23
Content-Type: application/json; charset=utf-8
host: localhost:28227
accept: */*

Response DefaultHttpResponse(decodeResult: success, version: HTTP/1.1)
HTTP/1.1 200 OK
Content-Length: 14
Content-Type: application/json; charset=utf-8
cache-control: no-cache

2023-04-27 10:02:39 DEBUG ChannelManager:270 ? Adding key: http://localhost:28227 for channel [id: 0xcf6f47e5, L:/127.0.0.1:50934 - R:localhost/127.0.0.1:28227]
2023-04-27 10:02:39 DEBUG NettyRequestSender:593 ? Using pooled Channel '[id: 0xcf6f47e5, L:/127.0.0.1:50934 - R:localhost/127.0.0.1:28227]' for 'POST' to 'http://localhost:28227/session/5afce62c03302609782e69f6745635a6/url'
2023-04-27 10:02:39 DEBUG NettyRequestSender:251 ? Using open Channel [id: 0xcf6f47e5, L:/127.0.0.1:50934 - R:localhost/127.0.0.1:28227] for POST '/session/5afce62c03302609782e69f6745635a6/url'
2023-04-27 10:02:39 DEBUG DefaultChannelPool:348 ? Entry count for : http://localhost:50939 : 1
2023-04-27 10:02:40 DEBUG HttpHandler:70 ? 

Request DefaultHttpRequest(decodeResult: success, version: HTTP/1.1)
POST /session/5afce62c03302609782e69f6745635a6/url HTTP/1.1
User-Agent: selenium/4.9.0 (java windows)
Content-Length: 59
Content-Type: application/json; charset=utf-8
host: localhost:28227
accept: */*

Response DefaultHttpResponse(decodeResult: success, version: HTTP/1.1)
HTTP/1.1 200 OK
Content-Length: 14
Content-Type: application/json; charset=utf-8
cache-control: no-cache

2023-04-27 10:02:40 DEBUG ChannelManager:270 ? Adding key: http://localhost:28227 for channel [id: 0xcf6f47e5, L:/127.0.0.1:50934 - R:localhost/127.0.0.1:28227]
2023-04-27 10:11:20 DEBUG InternalLoggerFactory:63 ? Using SLF4J as the default logging framework
2023-04-27 10:11:20 DEBUG ResourceLeakDetector:129 ? -Dio.netty.leakDetection.level: simple
2023-04-27 10:11:20 DEBUG ResourceLeakDetector:130 ? -Dio.netty.leakDetection.targetRecords: 4
2023-04-27 10:11:20 DEBUG ResourceLeakDetectorFactory:196 ? Loaded default ResourceLeakDetector: io.netty.util.ResourceLeakDetector@611df6e3
2023-04-27 10:11:20 DEBUG PlatformDependent0:496 ? -Dio.netty.noUnsafe: false
2023-04-27 10:11:20 DEBUG PlatformDependent0:1000 ? Java version: 19
2023-04-27 10:11:20 DEBUG PlatformDependent0:137 ? sun.misc.Unsafe.theUnsafe: available
2023-04-27 10:11:20 DEBUG PlatformDependent0:161 ? sun.misc.Unsafe.copyMemory: available
2023-04-27 10:11:20 DEBUG PlatformDependent0:193 ? sun.misc.Unsafe.storeFence: available
2023-04-27 10:11:20 DEBUG PlatformDependent0:236 ? java.nio.Buffer.address: available
2023-04-27 10:11:20 DEBUG PlatformDependent0:320 ? direct buffer constructor: unavailable: Reflective setAccessible(true) disabled
2023-04-27 10:11:20 DEBUG PlatformDependent0:385 ? java.nio.Bits.unaligned: available, true
2023-04-27 10:11:20 DEBUG PlatformDependent0:452 ? jdk.internal.misc.Unsafe.allocateUninitializedArray(int): unavailable: class io.netty.util.internal.PlatformDependent0$7 cannot access class jdk.internal.misc.Unsafe (in module java.base) because module java.base does not export jdk.internal.misc to unnamed module @68f7aae2
2023-04-27 10:11:20 DEBUG PlatformDependent0:482 ? java.nio.DirectByteBuffer.<init>(long, int): unavailable
2023-04-27 10:11:20 DEBUG PlatformDependent:1159 ? sun.misc.Unsafe: available
2023-04-27 10:11:20 DEBUG PlatformDependent:1270 ? maxDirectMemory: 5339348992 bytes (maybe)
2023-04-27 10:11:20 DEBUG PlatformDependent:1289 ? -Dio.netty.tmpdir: C:\Users\rohit\AppData\Local\Temp (java.io.tmpdir)
2023-04-27 10:11:20 DEBUG PlatformDependent:1368 ? -Dio.netty.bitMode: 64 (sun.arch.data.model)
2023-04-27 10:11:20 DEBUG PlatformDependent:1119 ? Platform: Windows
2023-04-27 10:11:20 DEBUG PlatformDependent:178 ? -Dio.netty.maxDirectMemory: -1 bytes
2023-04-27 10:11:20 DEBUG PlatformDependent:185 ? -Dio.netty.uninitializedArrayAllocationThreshold: -1
2023-04-27 10:11:20 DEBUG CleanerJava9:71 ? java.nio.ByteBuffer.cleaner(): available
2023-04-27 10:11:20 DEBUG PlatformDependent:205 ? -Dio.netty.noPreferDirect: false
2023-04-27 10:11:20 DEBUG PlatformDependent:1010 ? org.jctools-core.MpscChunkedArrayQueue: available
2023-04-27 10:11:20 DEBUG InternalThreadLocalMap:100 ? -Dio.netty.threadLocalMap.stringBuilder.initialSize: 1024
2023-04-27 10:11:20 DEBUG InternalThreadLocalMap:101 ? -Dio.netty.threadLocalMap.stringBuilder.maxSize: 4096
2023-04-27 10:11:20 DEBUG JdkSslContext:83 ? Default protocols (JDK): [TLSv1.3, TLSv1.2] 
2023-04-27 10:11:20 DEBUG JdkSslContext:84 ? Default cipher suites (JDK): [TLS_ECDHE_ECDSA_WITH_AES_256_GCM_SHA384, TLS_ECDHE_ECDSA_WITH_AES_128_GCM_SHA256, TLS_ECDHE_RSA_WITH_AES_128_GCM_SHA256, TLS_ECDHE_RSA_WITH_AES_256_GCM_SHA384, TLS_ECDHE_RSA_WITH_AES_128_CBC_SHA, TLS_ECDHE_RSA_WITH_AES_256_CBC_SHA, TLS_RSA_WITH_AES_128_GCM_SHA256, TLS_RSA_WITH_AES_128_CBC_SHA, TLS_RSA_WITH_AES_256_CBC_SHA, TLS_AES_128_GCM_SHA256, TLS_AES_256_GCM_SHA384]
2023-04-27 10:11:20 DEBUG GlobalEventExecutor:53 ? -Dio.netty.globalEventExecutor.quietPeriodSeconds: 1
2023-04-27 10:11:20 DEBUG MultithreadEventLoopGroup:44 ? -Dio.netty.eventLoopThreads: 16
2023-04-27 10:11:20 DEBUG NioEventLoop:110 ? -Dio.netty.noKeySetOptimization: false
2023-04-27 10:11:20 DEBUG NioEventLoop:111 ? -Dio.netty.selectorAutoRebuildThreshold: 512
2023-04-27 10:11:20 DEBUG PooledByteBufAllocator:157 ? -Dio.netty.allocator.numHeapArenas: 16
2023-04-27 10:11:20 DEBUG PooledByteBufAllocator:158 ? -Dio.netty.allocator.numDirectArenas: 16
2023-04-27 10:11:20 DEBUG PooledByteBufAllocator:160 ? -Dio.netty.allocator.pageSize: 8192
2023-04-27 10:11:20 DEBUG PooledByteBufAllocator:165 ? -Dio.netty.allocator.maxOrder: 9
2023-04-27 10:11:20 DEBUG PooledByteBufAllocator:169 ? -Dio.netty.allocator.chunkSize: 4194304
2023-04-27 10:11:20 DEBUG PooledByteBufAllocator:170 ? -Dio.netty.allocator.smallCacheSize: 256
2023-04-27 10:11:20 DEBUG PooledByteBufAllocator:171 ? -Dio.netty.allocator.normalCacheSize: 64
2023-04-27 10:11:20 DEBUG PooledByteBufAllocator:172 ? -Dio.netty.allocator.maxCachedBufferCapacity: 32768
2023-04-27 10:11:20 DEBUG PooledByteBufAllocator:173 ? -Dio.netty.allocator.cacheTrimInterval: 8192
2023-04-27 10:11:20 DEBUG PooledByteBufAllocator:174 ? -Dio.netty.allocator.cacheTrimIntervalMillis: 0
2023-04-27 10:11:20 DEBUG PooledByteBufAllocator:175 ? -Dio.netty.allocator.useCacheForAllThreads: false
2023-04-27 10:11:20 DEBUG PooledByteBufAllocator:176 ? -Dio.netty.allocator.maxCachedByteBuffersPerChunk: 1023
2023-04-27 10:11:20 DEBUG ByteBufUtil:88 ? -Dio.netty.allocator.type: pooled
2023-04-27 10:11:20 DEBUG ByteBufUtil:97 ? -Dio.netty.threadLocalDirectBufferSize: 0
2023-04-27 10:11:20 DEBUG ByteBufUtil:100 ? -Dio.netty.maxThreadLocalCharBufferSize: 16384
2023-04-27 10:11:21 DEBUG DefaultChannelId:79 ? -Dio.netty.processId: 1352 (auto-detected)
2023-04-27 10:11:21 DEBUG NetUtil:148 ? -Djava.net.preferIPv4Stack: false
2023-04-27 10:11:21 DEBUG NetUtil:149 ? -Djava.net.preferIPv6Addresses: false
2023-04-27 10:11:21 DEBUG NetUtilInitializations:145 ? Loopback interface: lo (Software Loopback Interface 1, 127.0.0.1)
2023-04-27 10:11:21 DEBUG NetUtil:206 ? Failed to get SOMAXCONN from sysctl and file \proc\sys\net\core\somaxconn. Default: 200
2023-04-27 10:11:21 DEBUG DefaultChannelId:101 ? -Dio.netty.machineId: 70:c9:4e:ff:fe:a9:98:9d (auto-detected)
2023-04-27 10:11:21 DEBUG AbstractByteBuf:63 ? -Dio.netty.buffer.checkAccessible: true
2023-04-27 10:11:21 DEBUG AbstractByteBuf:64 ? -Dio.netty.buffer.checkBounds: true
2023-04-27 10:11:21 DEBUG ResourceLeakDetectorFactory:196 ? Loaded default ResourceLeakDetector: io.netty.util.ResourceLeakDetector@1703424e
2023-04-27 10:11:21 DEBUG NettyConnectListener:73 ? Using new Channel '[id: 0xaebdb3db, L:/127.0.0.1:52016 - R:localhost/127.0.0.1:2089]' for 'POST' to '/session'
2023-04-27 10:11:21 DEBUG Recycler:96 ? -Dio.netty.recycler.maxCapacityPerThread: 4096
2023-04-27 10:11:21 DEBUG Recycler:97 ? -Dio.netty.recycler.ratio: 8
2023-04-27 10:11:21 DEBUG Recycler:98 ? -Dio.netty.recycler.chunkSize: 32
2023-04-27 10:11:21 DEBUG Recycler:99 ? -Dio.netty.recycler.blocking: false
2023-04-27 10:11:21 DEBUG Recycler:100 ? -Dio.netty.recycler.batchFastThreadLocalOnly: true
2023-04-27 10:11:22 DEBUG Brotli:38 ? brotli4j not in the classpath; Brotli support will be unavailable.
2023-04-27 10:11:22 DEBUG HttpHandler:70 ? 

Request DefaultHttpRequest(decodeResult: success, version: HTTP/1.1)
POST /session HTTP/1.1
User-Agent: selenium/4.9.0 (java windows)
Content-Length: 254
Content-Type: application/json; charset=utf-8
host: localhost:2089
accept: */*

Response DefaultHttpResponse(decodeResult: success, version: HTTP/1.1)
HTTP/1.1 200 OK
Content-Length: 858
Content-Type: application/json; charset=utf-8
cache-control: no-cache

2023-04-27 10:11:22 DEBUG ChannelManager:270 ? Adding key: http://localhost:2089 for channel [id: 0xaebdb3db, L:/127.0.0.1:52016 - R:localhost/127.0.0.1:2089]
2023-04-27 10:11:22 DEBUG DefaultChannelPool:348 ? Entry count for : http://localhost:2089 : 1
2023-04-27 10:11:23 DEBUG NettyConnectListener:73 ? Using new Channel '[id: 0x6ede0f52, L:/127.0.0.1:52040 - R:localhost/127.0.0.1:52021]' for 'GET' to '/json/version'
2023-04-27 10:11:23 DEBUG HttpHandler:70 ? 

Request DefaultFullHttpRequest(decodeResult: success, version: HTTP/1.1, content: EmptyByteBufBE)
GET /json/version HTTP/1.1
User-Agent: selenium/4.9.0 (java windows)
host: localhost:52021
accept: */*

Response DefaultHttpResponse(decodeResult: success, version: HTTP/1.1)
HTTP/1.1 200 OK
Content-Security-Policy: frame-ancestors 'none'
Content-Length: 424
Content-Type: application/json; charset=UTF-8

2023-04-27 10:11:23 DEBUG ChannelManager:270 ? Adding key: http://localhost:52021 for channel [id: 0x6ede0f52, L:/127.0.0.1:52040 - R:localhost/127.0.0.1:52021]
2023-04-27 10:11:23 DEBUG ThreadLocalRandom:214 ? -Dio.netty.initialSeedUniquifier: 0x5e15ea6c3db1f20a
2023-04-27 10:11:23 DEBUG NettyConnectListener:73 ? Using new Channel '[id: 0x33c7620c, L:/127.0.0.1:52041 - R:localhost/127.0.0.1:52021]' for 'GET' to '/devtools/browser/d3a78555-a48f-4e1c-96f6-22010beaf808'
2023-04-27 10:11:23 DEBUG WebSocketHandler:105 ? 

Request DefaultFullHttpRequest(decodeResult: success, version: HTTP/1.1, content: EmptyByteBufBE)
GET /devtools/browser/d3a78555-a48f-4e1c-96f6-22010beaf808 HTTP/1.1
upgrade: websocket
connection: upgrade
sec-websocket-key: E/jFEFkQs3c3093FuUxBDw==
sec-websocket-version: 13
origin: http://localhost:52021
host: localhost:52021
accept: */*
user-agent: AHC/2.1

Response DefaultHttpResponse(decodeResult: success, version: HTTP/1.1)
HTTP/1.1 101 WebSocket Protocol Handshake
Upgrade: WebSocket
Connection: Upgrade
Sec-WebSocket-Accept: G7AjXgIUepR8YAGlsR1T8wWo288=

2023-04-27 10:11:23 DEBUG NettyRequestSender:593 ? Using pooled Channel '[id: 0xaebdb3db, L:/127.0.0.1:52016 - R:localhost/127.0.0.1:2089]' for 'POST' to 'http://localhost:2089/session/1453410db1bdfcd0d943797975705806/window/maximize'
2023-04-27 10:11:23 DEBUG NettyRequestSender:251 ? Using open Channel [id: 0xaebdb3db, L:/127.0.0.1:52016 - R:localhost/127.0.0.1:2089] for POST '/session/1453410db1bdfcd0d943797975705806/window/maximize'
2023-04-27 10:11:23 DEBUG HttpHandler:70 ? 

Request DefaultHttpRequest(decodeResult: success, version: HTTP/1.1)
POST /session/1453410db1bdfcd0d943797975705806/window/maximize HTTP/1.1
User-Agent: selenium/4.9.0 (java windows)
Content-Length: 3
Content-Type: application/json; charset=utf-8
host: localhost:2089
accept: */*

Response DefaultHttpResponse(decodeResult: success, version: HTTP/1.1)
HTTP/1.1 200 OK
Content-Length: 52
Content-Type: application/json; charset=utf-8
cache-control: no-cache

2023-04-27 10:11:23 DEBUG ChannelManager:270 ? Adding key: http://localhost:2089 for channel [id: 0xaebdb3db, L:/127.0.0.1:52016 - R:localhost/127.0.0.1:2089]
2023-04-27 10:11:23 DEBUG NettyRequestSender:593 ? Using pooled Channel '[id: 0xaebdb3db, L:/127.0.0.1:52016 - R:localhost/127.0.0.1:2089]' for 'POST' to 'http://localhost:2089/session/1453410db1bdfcd0d943797975705806/timeouts'
2023-04-27 10:11:23 DEBUG NettyRequestSender:251 ? Using open Channel [id: 0xaebdb3db, L:/127.0.0.1:52016 - R:localhost/127.0.0.1:2089] for POST '/session/1453410db1bdfcd0d943797975705806/timeouts'
2023-04-27 10:11:23 DEBUG HttpHandler:70 ? 

Request DefaultHttpRequest(decodeResult: success, version: HTTP/1.1)
POST /session/1453410db1bdfcd0d943797975705806/timeouts HTTP/1.1
User-Agent: selenium/4.9.0 (java windows)
Content-Length: 23
Content-Type: application/json; charset=utf-8
host: localhost:2089
accept: */*

Response DefaultHttpResponse(decodeResult: success, version: HTTP/1.1)
HTTP/1.1 200 OK
Content-Length: 14
Content-Type: application/json; charset=utf-8
cache-control: no-cache

2023-04-27 10:11:23 DEBUG ChannelManager:270 ? Adding key: http://localhost:2089 for channel [id: 0xaebdb3db, L:/127.0.0.1:52016 - R:localhost/127.0.0.1:2089]
2023-04-27 10:11:23 DEBUG NettyRequestSender:593 ? Using pooled Channel '[id: 0xaebdb3db, L:/127.0.0.1:52016 - R:localhost/127.0.0.1:2089]' for 'POST' to 'http://localhost:2089/session/1453410db1bdfcd0d943797975705806/url'
2023-04-27 10:11:23 DEBUG NettyRequestSender:251 ? Using open Channel [id: 0xaebdb3db, L:/127.0.0.1:52016 - R:localhost/127.0.0.1:2089] for POST '/session/1453410db1bdfcd0d943797975705806/url'
2023-04-27 10:11:23 DEBUG DefaultChannelPool:348 ? Entry count for : http://localhost:52021 : 1
2023-04-27 10:11:24 DEBUG HttpHandler:70 ? 

Request DefaultHttpRequest(decodeResult: success, version: HTTP/1.1)
POST /session/1453410db1bdfcd0d943797975705806/url HTTP/1.1
User-Agent: selenium/4.9.0 (java windows)
Content-Length: 59
Content-Type: application/json; charset=utf-8
host: localhost:2089
accept: */*

Response DefaultHttpResponse(decodeResult: success, version: HTTP/1.1)
HTTP/1.1 200 OK
Content-Length: 14
Content-Type: application/json; charset=utf-8
cache-control: no-cache

2023-04-27 10:11:24 DEBUG ChannelManager:270 ? Adding key: http://localhost:2089 for channel [id: 0xaebdb3db, L:/127.0.0.1:52016 - R:localhost/127.0.0.1:2089]
2023-04-27 10:15:54 DEBUG InternalLoggerFactory:63 ? Using SLF4J as the default logging framework
2023-04-27 10:15:54 DEBUG ResourceLeakDetector:129 ? -Dio.netty.leakDetection.level: simple
2023-04-27 10:15:54 DEBUG ResourceLeakDetector:130 ? -Dio.netty.leakDetection.targetRecords: 4
2023-04-27 10:15:54 DEBUG ResourceLeakDetectorFactory:196 ? Loaded default ResourceLeakDetector: io.netty.util.ResourceLeakDetector@611df6e3
2023-04-27 10:15:54 DEBUG PlatformDependent0:496 ? -Dio.netty.noUnsafe: false
2023-04-27 10:15:54 DEBUG PlatformDependent0:1000 ? Java version: 19
2023-04-27 10:15:54 DEBUG PlatformDependent0:137 ? sun.misc.Unsafe.theUnsafe: available
2023-04-27 10:15:54 DEBUG PlatformDependent0:161 ? sun.misc.Unsafe.copyMemory: available
2023-04-27 10:15:54 DEBUG PlatformDependent0:193 ? sun.misc.Unsafe.storeFence: available
2023-04-27 10:15:54 DEBUG PlatformDependent0:236 ? java.nio.Buffer.address: available
2023-04-27 10:15:54 DEBUG PlatformDependent0:320 ? direct buffer constructor: unavailable: Reflective setAccessible(true) disabled
2023-04-27 10:15:54 DEBUG PlatformDependent0:385 ? java.nio.Bits.unaligned: available, true
2023-04-27 10:15:54 DEBUG PlatformDependent0:452 ? jdk.internal.misc.Unsafe.allocateUninitializedArray(int): unavailable: class io.netty.util.internal.PlatformDependent0$7 cannot access class jdk.internal.misc.Unsafe (in module java.base) because module java.base does not export jdk.internal.misc to unnamed module @68f7aae2
2023-04-27 10:15:54 DEBUG PlatformDependent0:482 ? java.nio.DirectByteBuffer.<init>(long, int): unavailable
2023-04-27 10:15:54 DEBUG PlatformDependent:1159 ? sun.misc.Unsafe: available
2023-04-27 10:15:54 DEBUG PlatformDependent:1270 ? maxDirectMemory: 5339348992 bytes (maybe)
2023-04-27 10:15:54 DEBUG PlatformDependent:1289 ? -Dio.netty.tmpdir: C:\Users\rohit\AppData\Local\Temp (java.io.tmpdir)
2023-04-27 10:15:54 DEBUG PlatformDependent:1368 ? -Dio.netty.bitMode: 64 (sun.arch.data.model)
2023-04-27 10:15:54 DEBUG PlatformDependent:1119 ? Platform: Windows
2023-04-27 10:15:54 DEBUG PlatformDependent:178 ? -Dio.netty.maxDirectMemory: -1 bytes
2023-04-27 10:15:54 DEBUG PlatformDependent:185 ? -Dio.netty.uninitializedArrayAllocationThreshold: -1
2023-04-27 10:15:54 DEBUG CleanerJava9:71 ? java.nio.ByteBuffer.cleaner(): available
2023-04-27 10:15:54 DEBUG PlatformDependent:205 ? -Dio.netty.noPreferDirect: false
2023-04-27 10:15:54 DEBUG PlatformDependent:1010 ? org.jctools-core.MpscChunkedArrayQueue: available
2023-04-27 10:15:54 DEBUG InternalThreadLocalMap:100 ? -Dio.netty.threadLocalMap.stringBuilder.initialSize: 1024
2023-04-27 10:15:54 DEBUG InternalThreadLocalMap:101 ? -Dio.netty.threadLocalMap.stringBuilder.maxSize: 4096
2023-04-27 10:15:54 DEBUG JdkSslContext:83 ? Default protocols (JDK): [TLSv1.3, TLSv1.2] 
2023-04-27 10:15:54 DEBUG JdkSslContext:84 ? Default cipher suites (JDK): [TLS_ECDHE_ECDSA_WITH_AES_256_GCM_SHA384, TLS_ECDHE_ECDSA_WITH_AES_128_GCM_SHA256, TLS_ECDHE_RSA_WITH_AES_128_GCM_SHA256, TLS_ECDHE_RSA_WITH_AES_256_GCM_SHA384, TLS_ECDHE_RSA_WITH_AES_128_CBC_SHA, TLS_ECDHE_RSA_WITH_AES_256_CBC_SHA, TLS_RSA_WITH_AES_128_GCM_SHA256, TLS_RSA_WITH_AES_128_CBC_SHA, TLS_RSA_WITH_AES_256_CBC_SHA, TLS_AES_128_GCM_SHA256, TLS_AES_256_GCM_SHA384]
2023-04-27 10:15:54 DEBUG GlobalEventExecutor:53 ? -Dio.netty.globalEventExecutor.quietPeriodSeconds: 1
2023-04-27 10:15:54 DEBUG MultithreadEventLoopGroup:44 ? -Dio.netty.eventLoopThreads: 16
2023-04-27 10:15:54 DEBUG NioEventLoop:110 ? -Dio.netty.noKeySetOptimization: false
2023-04-27 10:15:54 DEBUG NioEventLoop:111 ? -Dio.netty.selectorAutoRebuildThreshold: 512
2023-04-27 10:15:54 DEBUG PooledByteBufAllocator:157 ? -Dio.netty.allocator.numHeapArenas: 16
2023-04-27 10:15:54 DEBUG PooledByteBufAllocator:158 ? -Dio.netty.allocator.numDirectArenas: 16
2023-04-27 10:15:54 DEBUG PooledByteBufAllocator:160 ? -Dio.netty.allocator.pageSize: 8192
2023-04-27 10:15:54 DEBUG PooledByteBufAllocator:165 ? -Dio.netty.allocator.maxOrder: 9
2023-04-27 10:15:54 DEBUG PooledByteBufAllocator:169 ? -Dio.netty.allocator.chunkSize: 4194304
2023-04-27 10:15:54 DEBUG PooledByteBufAllocator:170 ? -Dio.netty.allocator.smallCacheSize: 256
2023-04-27 10:15:54 DEBUG PooledByteBufAllocator:171 ? -Dio.netty.allocator.normalCacheSize: 64
2023-04-27 10:15:54 DEBUG PooledByteBufAllocator:172 ? -Dio.netty.allocator.maxCachedBufferCapacity: 32768
2023-04-27 10:15:54 DEBUG PooledByteBufAllocator:173 ? -Dio.netty.allocator.cacheTrimInterval: 8192
2023-04-27 10:15:54 DEBUG PooledByteBufAllocator:174 ? -Dio.netty.allocator.cacheTrimIntervalMillis: 0
2023-04-27 10:15:54 DEBUG PooledByteBufAllocator:175 ? -Dio.netty.allocator.useCacheForAllThreads: false
2023-04-27 10:15:54 DEBUG PooledByteBufAllocator:176 ? -Dio.netty.allocator.maxCachedByteBuffersPerChunk: 1023
2023-04-27 10:15:54 DEBUG ByteBufUtil:88 ? -Dio.netty.allocator.type: pooled
2023-04-27 10:15:54 DEBUG ByteBufUtil:97 ? -Dio.netty.threadLocalDirectBufferSize: 0
2023-04-27 10:15:54 DEBUG ByteBufUtil:100 ? -Dio.netty.maxThreadLocalCharBufferSize: 16384
2023-04-27 10:15:55 DEBUG DefaultChannelId:79 ? -Dio.netty.processId: 12300 (auto-detected)
2023-04-27 10:15:55 DEBUG NetUtil:148 ? -Djava.net.preferIPv4Stack: false
2023-04-27 10:15:55 DEBUG NetUtil:149 ? -Djava.net.preferIPv6Addresses: false
2023-04-27 10:15:55 DEBUG NetUtilInitializations:145 ? Loopback interface: lo (Software Loopback Interface 1, 127.0.0.1)
2023-04-27 10:15:55 DEBUG NetUtil:206 ? Failed to get SOMAXCONN from sysctl and file \proc\sys\net\core\somaxconn. Default: 200
2023-04-27 10:15:55 DEBUG DefaultChannelId:101 ? -Dio.netty.machineId: 70:c9:4e:ff:fe:a9:98:9d (auto-detected)
2023-04-27 10:15:55 DEBUG AbstractByteBuf:63 ? -Dio.netty.buffer.checkAccessible: true
2023-04-27 10:15:55 DEBUG AbstractByteBuf:64 ? -Dio.netty.buffer.checkBounds: true
2023-04-27 10:15:55 DEBUG ResourceLeakDetectorFactory:196 ? Loaded default ResourceLeakDetector: io.netty.util.ResourceLeakDetector@513c39d2
2023-04-27 10:15:55 DEBUG NettyConnectListener:73 ? Using new Channel '[id: 0x5650a320, L:/127.0.0.1:52683 - R:localhost/127.0.0.1:36112]' for 'POST' to '/session'
2023-04-27 10:15:55 DEBUG Recycler:96 ? -Dio.netty.recycler.maxCapacityPerThread: 4096
2023-04-27 10:15:55 DEBUG Recycler:97 ? -Dio.netty.recycler.ratio: 8
2023-04-27 10:15:55 DEBUG Recycler:98 ? -Dio.netty.recycler.chunkSize: 32
2023-04-27 10:15:55 DEBUG Recycler:99 ? -Dio.netty.recycler.blocking: false
2023-04-27 10:15:55 DEBUG Recycler:100 ? -Dio.netty.recycler.batchFastThreadLocalOnly: true
2023-04-27 10:15:56 DEBUG Brotli:38 ? brotli4j not in the classpath; Brotli support will be unavailable.
2023-04-27 10:15:56 DEBUG HttpHandler:70 ? 

Request DefaultHttpRequest(decodeResult: success, version: HTTP/1.1)
POST /session HTTP/1.1
User-Agent: selenium/4.9.0 (java windows)
Content-Length: 254
Content-Type: application/json; charset=utf-8
host: localhost:36112
accept: */*

Response DefaultHttpResponse(decodeResult: success, version: HTTP/1.1)
HTTP/1.1 200 OK
Content-Length: 860
Content-Type: application/json; charset=utf-8
cache-control: no-cache

2023-04-27 10:15:56 DEBUG ChannelManager:270 ? Adding key: http://localhost:36112 for channel [id: 0x5650a320, L:/127.0.0.1:52683 - R:localhost/127.0.0.1:36112]
2023-04-27 10:15:56 DEBUG NettyConnectListener:73 ? Using new Channel '[id: 0x89bd47c3, L:/127.0.0.1:52700 - R:localhost/127.0.0.1:52686]' for 'GET' to '/json/version'
2023-04-27 10:15:56 DEBUG HttpHandler:70 ? 

Request DefaultFullHttpRequest(decodeResult: success, version: HTTP/1.1, content: EmptyByteBufBE)
GET /json/version HTTP/1.1
User-Agent: selenium/4.9.0 (java windows)
host: localhost:52686
accept: */*

Response DefaultHttpResponse(decodeResult: success, version: HTTP/1.1)
HTTP/1.1 200 OK
Content-Security-Policy: frame-ancestors 'none'
Content-Length: 424
Content-Type: application/json; charset=UTF-8

2023-04-27 10:15:56 DEBUG ChannelManager:270 ? Adding key: http://localhost:52686 for channel [id: 0x89bd47c3, L:/127.0.0.1:52700 - R:localhost/127.0.0.1:52686]
2023-04-27 10:15:56 DEBUG ThreadLocalRandom:214 ? -Dio.netty.initialSeedUniquifier: 0x52eb98f8c7e144bf
2023-04-27 10:15:56 DEBUG NettyConnectListener:73 ? Using new Channel '[id: 0xb62b614a, L:/127.0.0.1:52701 - R:localhost/127.0.0.1:52686]' for 'GET' to '/devtools/browser/6806734f-6ab1-460d-9687-2e812c2cd19a'
2023-04-27 10:15:56 DEBUG WebSocketHandler:105 ? 

Request DefaultFullHttpRequest(decodeResult: success, version: HTTP/1.1, content: EmptyByteBufBE)
GET /devtools/browser/6806734f-6ab1-460d-9687-2e812c2cd19a HTTP/1.1
upgrade: websocket
connection: upgrade
sec-websocket-key: ITVieG8VrfO82vSh8tsl7Q==
sec-websocket-version: 13
origin: http://localhost:52686
host: localhost:52686
accept: */*
user-agent: AHC/2.1

Response DefaultHttpResponse(decodeResult: success, version: HTTP/1.1)
HTTP/1.1 101 WebSocket Protocol Handshake
Upgrade: WebSocket
Connection: Upgrade
Sec-WebSocket-Accept: gFviITQKB/G0HK5etaDG+Ns0jDY=

2023-04-27 10:15:56 DEBUG NettyRequestSender:593 ? Using pooled Channel '[id: 0x5650a320, L:/127.0.0.1:52683 - R:localhost/127.0.0.1:36112]' for 'POST' to 'http://localhost:36112/session/9e2ffb2bbdea9aeb1ce3e58228cf3ed3/window/maximize'
2023-04-27 10:15:56 DEBUG NettyRequestSender:251 ? Using open Channel [id: 0x5650a320, L:/127.0.0.1:52683 - R:localhost/127.0.0.1:36112] for POST '/session/9e2ffb2bbdea9aeb1ce3e58228cf3ed3/window/maximize'
2023-04-27 10:15:56 DEBUG DefaultChannelPool:348 ? Entry count for : http://localhost:52686 : 1
2023-04-27 10:15:56 DEBUG HttpHandler:70 ? 

Request DefaultHttpRequest(decodeResult: success, version: HTTP/1.1)
POST /session/9e2ffb2bbdea9aeb1ce3e58228cf3ed3/window/maximize HTTP/1.1
User-Agent: selenium/4.9.0 (java windows)
Content-Length: 3
Content-Type: application/json; charset=utf-8
host: localhost:36112
accept: */*

Response DefaultHttpResponse(decodeResult: success, version: HTTP/1.1)
HTTP/1.1 200 OK
Content-Length: 52
Content-Type: application/json; charset=utf-8
cache-control: no-cache

2023-04-27 10:15:56 DEBUG ChannelManager:270 ? Adding key: http://localhost:36112 for channel [id: 0x5650a320, L:/127.0.0.1:52683 - R:localhost/127.0.0.1:36112]
2023-04-27 10:15:56 DEBUG NettyRequestSender:593 ? Using pooled Channel '[id: 0x5650a320, L:/127.0.0.1:52683 - R:localhost/127.0.0.1:36112]' for 'POST' to 'http://localhost:36112/session/9e2ffb2bbdea9aeb1ce3e58228cf3ed3/timeouts'
2023-04-27 10:15:56 DEBUG NettyRequestSender:251 ? Using open Channel [id: 0x5650a320, L:/127.0.0.1:52683 - R:localhost/127.0.0.1:36112] for POST '/session/9e2ffb2bbdea9aeb1ce3e58228cf3ed3/timeouts'
2023-04-27 10:15:56 DEBUG HttpHandler:70 ? 

Request DefaultHttpRequest(decodeResult: success, version: HTTP/1.1)
POST /session/9e2ffb2bbdea9aeb1ce3e58228cf3ed3/timeouts HTTP/1.1
User-Agent: selenium/4.9.0 (java windows)
Content-Length: 23
Content-Type: application/json; charset=utf-8
host: localhost:36112
accept: */*

Response DefaultHttpResponse(decodeResult: success, version: HTTP/1.1)
HTTP/1.1 200 OK
Content-Length: 14
Content-Type: application/json; charset=utf-8
cache-control: no-cache

2023-04-27 10:15:56 DEBUG ChannelManager:270 ? Adding key: http://localhost:36112 for channel [id: 0x5650a320, L:/127.0.0.1:52683 - R:localhost/127.0.0.1:36112]
2023-04-27 10:15:56 DEBUG NettyRequestSender:593 ? Using pooled Channel '[id: 0x5650a320, L:/127.0.0.1:52683 - R:localhost/127.0.0.1:36112]' for 'POST' to 'http://localhost:36112/session/9e2ffb2bbdea9aeb1ce3e58228cf3ed3/url'
2023-04-27 10:15:56 DEBUG NettyRequestSender:251 ? Using open Channel [id: 0x5650a320, L:/127.0.0.1:52683 - R:localhost/127.0.0.1:36112] for POST '/session/9e2ffb2bbdea9aeb1ce3e58228cf3ed3/url'
2023-04-27 10:15:57 DEBUG HttpHandler:70 ? 

Request DefaultHttpRequest(decodeResult: success, version: HTTP/1.1)
POST /session/9e2ffb2bbdea9aeb1ce3e58228cf3ed3/url HTTP/1.1
User-Agent: selenium/4.9.0 (java windows)
Content-Length: 59
Content-Type: application/json; charset=utf-8
host: localhost:36112
accept: */*

Response DefaultHttpResponse(decodeResult: success, version: HTTP/1.1)
HTTP/1.1 200 OK
Content-Length: 14
Content-Type: application/json; charset=utf-8
cache-control: no-cache

2023-04-27 10:15:57 DEBUG ChannelManager:270 ? Adding key: http://localhost:36112 for channel [id: 0x5650a320, L:/127.0.0.1:52683 - R:localhost/127.0.0.1:36112]
2023-04-27 10:25:33 DEBUG InternalLoggerFactory:63 ? Using SLF4J as the default logging framework
2023-04-27 10:25:33 DEBUG ResourceLeakDetector:129 ? -Dio.netty.leakDetection.level: simple
2023-04-27 10:25:33 DEBUG ResourceLeakDetector:130 ? -Dio.netty.leakDetection.targetRecords: 4
2023-04-27 10:25:33 DEBUG ResourceLeakDetectorFactory:196 ? Loaded default ResourceLeakDetector: io.netty.util.ResourceLeakDetector@1a1da881
2023-04-27 10:25:33 DEBUG PlatformDependent0:496 ? -Dio.netty.noUnsafe: false
2023-04-27 10:25:33 DEBUG PlatformDependent0:1000 ? Java version: 19
2023-04-27 10:25:33 DEBUG PlatformDependent0:137 ? sun.misc.Unsafe.theUnsafe: available
2023-04-27 10:25:33 DEBUG PlatformDependent0:161 ? sun.misc.Unsafe.copyMemory: available
2023-04-27 10:25:33 DEBUG PlatformDependent0:193 ? sun.misc.Unsafe.storeFence: available
2023-04-27 10:25:33 DEBUG PlatformDependent0:236 ? java.nio.Buffer.address: available
2023-04-27 10:25:33 DEBUG PlatformDependent0:320 ? direct buffer constructor: unavailable: Reflective setAccessible(true) disabled
2023-04-27 10:25:33 DEBUG PlatformDependent0:385 ? java.nio.Bits.unaligned: available, true
2023-04-27 10:25:33 DEBUG PlatformDependent0:452 ? jdk.internal.misc.Unsafe.allocateUninitializedArray(int): unavailable: class io.netty.util.internal.PlatformDependent0$7 cannot access class jdk.internal.misc.Unsafe (in module java.base) because module java.base does not export jdk.internal.misc to unnamed module @68f7aae2
2023-04-27 10:25:33 DEBUG PlatformDependent0:482 ? java.nio.DirectByteBuffer.<init>(long, int): unavailable
2023-04-27 10:25:33 DEBUG PlatformDependent:1159 ? sun.misc.Unsafe: available
2023-04-27 10:25:33 DEBUG PlatformDependent:1270 ? maxDirectMemory: 5339348992 bytes (maybe)
2023-04-27 10:25:33 DEBUG PlatformDependent:1289 ? -Dio.netty.tmpdir: C:\Users\rohit\AppData\Local\Temp (java.io.tmpdir)
2023-04-27 10:25:33 DEBUG PlatformDependent:1368 ? -Dio.netty.bitMode: 64 (sun.arch.data.model)
2023-04-27 10:25:33 DEBUG PlatformDependent:1119 ? Platform: Windows
2023-04-27 10:25:33 DEBUG PlatformDependent:178 ? -Dio.netty.maxDirectMemory: -1 bytes
2023-04-27 10:25:33 DEBUG PlatformDependent:185 ? -Dio.netty.uninitializedArrayAllocationThreshold: -1
2023-04-27 10:25:33 DEBUG CleanerJava9:71 ? java.nio.ByteBuffer.cleaner(): available
2023-04-27 10:25:33 DEBUG PlatformDependent:205 ? -Dio.netty.noPreferDirect: false
2023-04-27 10:25:33 DEBUG PlatformDependent:1010 ? org.jctools-core.MpscChunkedArrayQueue: available
2023-04-27 10:25:33 DEBUG InternalThreadLocalMap:100 ? -Dio.netty.threadLocalMap.stringBuilder.initialSize: 1024
2023-04-27 10:25:33 DEBUG InternalThreadLocalMap:101 ? -Dio.netty.threadLocalMap.stringBuilder.maxSize: 4096
2023-04-27 10:25:33 DEBUG JdkSslContext:83 ? Default protocols (JDK): [TLSv1.3, TLSv1.2] 
2023-04-27 10:25:33 DEBUG JdkSslContext:84 ? Default cipher suites (JDK): [TLS_ECDHE_ECDSA_WITH_AES_256_GCM_SHA384, TLS_ECDHE_ECDSA_WITH_AES_128_GCM_SHA256, TLS_ECDHE_RSA_WITH_AES_128_GCM_SHA256, TLS_ECDHE_RSA_WITH_AES_256_GCM_SHA384, TLS_ECDHE_RSA_WITH_AES_128_CBC_SHA, TLS_ECDHE_RSA_WITH_AES_256_CBC_SHA, TLS_RSA_WITH_AES_128_GCM_SHA256, TLS_RSA_WITH_AES_128_CBC_SHA, TLS_RSA_WITH_AES_256_CBC_SHA, TLS_AES_128_GCM_SHA256, TLS_AES_256_GCM_SHA384]
2023-04-27 10:25:33 DEBUG GlobalEventExecutor:53 ? -Dio.netty.globalEventExecutor.quietPeriodSeconds: 1
2023-04-27 10:25:33 DEBUG MultithreadEventLoopGroup:44 ? -Dio.netty.eventLoopThreads: 16
2023-04-27 10:25:33 DEBUG NioEventLoop:110 ? -Dio.netty.noKeySetOptimization: false
2023-04-27 10:25:33 DEBUG NioEventLoop:111 ? -Dio.netty.selectorAutoRebuildThreshold: 512
2023-04-27 10:25:33 DEBUG PooledByteBufAllocator:157 ? -Dio.netty.allocator.numHeapArenas: 16
2023-04-27 10:25:33 DEBUG PooledByteBufAllocator:158 ? -Dio.netty.allocator.numDirectArenas: 16
2023-04-27 10:25:33 DEBUG PooledByteBufAllocator:160 ? -Dio.netty.allocator.pageSize: 8192
2023-04-27 10:25:33 DEBUG PooledByteBufAllocator:165 ? -Dio.netty.allocator.maxOrder: 9
2023-04-27 10:25:33 DEBUG PooledByteBufAllocator:169 ? -Dio.netty.allocator.chunkSize: 4194304
2023-04-27 10:25:33 DEBUG PooledByteBufAllocator:170 ? -Dio.netty.allocator.smallCacheSize: 256
2023-04-27 10:25:33 DEBUG PooledByteBufAllocator:171 ? -Dio.netty.allocator.normalCacheSize: 64
2023-04-27 10:25:33 DEBUG PooledByteBufAllocator:172 ? -Dio.netty.allocator.maxCachedBufferCapacity: 32768
2023-04-27 10:25:33 DEBUG PooledByteBufAllocator:173 ? -Dio.netty.allocator.cacheTrimInterval: 8192
2023-04-27 10:25:33 DEBUG PooledByteBufAllocator:174 ? -Dio.netty.allocator.cacheTrimIntervalMillis: 0
2023-04-27 10:25:33 DEBUG PooledByteBufAllocator:175 ? -Dio.netty.allocator.useCacheForAllThreads: false
2023-04-27 10:25:33 DEBUG PooledByteBufAllocator:176 ? -Dio.netty.allocator.maxCachedByteBuffersPerChunk: 1023
2023-04-27 10:25:33 DEBUG ByteBufUtil:88 ? -Dio.netty.allocator.type: pooled
2023-04-27 10:25:33 DEBUG ByteBufUtil:97 ? -Dio.netty.threadLocalDirectBufferSize: 0
2023-04-27 10:25:33 DEBUG ByteBufUtil:100 ? -Dio.netty.maxThreadLocalCharBufferSize: 16384
2023-04-27 10:25:34 DEBUG DefaultChannelId:79 ? -Dio.netty.processId: 29656 (auto-detected)
2023-04-27 10:25:34 DEBUG NetUtil:148 ? -Djava.net.preferIPv4Stack: false
2023-04-27 10:25:34 DEBUG NetUtil:149 ? -Djava.net.preferIPv6Addresses: false
2023-04-27 10:25:34 DEBUG NetUtilInitializations:145 ? Loopback interface: lo (Software Loopback Interface 1, 127.0.0.1)
2023-04-27 10:25:34 DEBUG NetUtil:206 ? Failed to get SOMAXCONN from sysctl and file \proc\sys\net\core\somaxconn. Default: 200
2023-04-27 10:25:34 DEBUG DefaultChannelId:101 ? -Dio.netty.machineId: 70:c9:4e:ff:fe:a9:98:9d (auto-detected)
2023-04-27 10:25:34 DEBUG AbstractByteBuf:63 ? -Dio.netty.buffer.checkAccessible: true
2023-04-27 10:25:34 DEBUG AbstractByteBuf:64 ? -Dio.netty.buffer.checkBounds: true
2023-04-27 10:25:34 DEBUG ResourceLeakDetectorFactory:196 ? Loaded default ResourceLeakDetector: io.netty.util.ResourceLeakDetector@28628721
2023-04-27 10:25:34 DEBUG NettyConnectListener:73 ? Using new Channel '[id: 0x2e0ae852, L:/127.0.0.1:53860 - R:localhost/127.0.0.1:40893]' for 'POST' to '/session'
2023-04-27 10:25:34 DEBUG Recycler:96 ? -Dio.netty.recycler.maxCapacityPerThread: 4096
2023-04-27 10:25:34 DEBUG Recycler:97 ? -Dio.netty.recycler.ratio: 8
2023-04-27 10:25:34 DEBUG Recycler:98 ? -Dio.netty.recycler.chunkSize: 32
2023-04-27 10:25:34 DEBUG Recycler:99 ? -Dio.netty.recycler.blocking: false
2023-04-27 10:25:34 DEBUG Recycler:100 ? -Dio.netty.recycler.batchFastThreadLocalOnly: true
2023-04-27 10:25:35 DEBUG Brotli:38 ? brotli4j not in the classpath; Brotli support will be unavailable.
2023-04-27 10:25:35 DEBUG HttpHandler:70 ? 

Request DefaultHttpRequest(decodeResult: success, version: HTTP/1.1)
POST /session HTTP/1.1
User-Agent: selenium/4.9.0 (java windows)
Content-Length: 254
Content-Type: application/json; charset=utf-8
host: localhost:40893
accept: */*

Response DefaultHttpResponse(decodeResult: success, version: HTTP/1.1)
HTTP/1.1 200 OK
Content-Length: 859
Content-Type: application/json; charset=utf-8
cache-control: no-cache

2023-04-27 10:25:35 DEBUG ChannelManager:270 ? Adding key: http://localhost:40893 for channel [id: 0x2e0ae852, L:/127.0.0.1:53860 - R:localhost/127.0.0.1:40893]
2023-04-27 10:25:35 DEBUG DefaultChannelPool:348 ? Entry count for : http://localhost:40893 : 1
2023-04-27 10:25:35 DEBUG NettyConnectListener:73 ? Using new Channel '[id: 0x52f33376, L:/127.0.0.1:53882 - R:localhost/127.0.0.1:53866]' for 'GET' to '/json/version'
2023-04-27 10:25:35 DEBUG HttpHandler:70 ? 

Request DefaultFullHttpRequest(decodeResult: success, version: HTTP/1.1, content: EmptyByteBufBE)
GET /json/version HTTP/1.1
User-Agent: selenium/4.9.0 (java windows)
host: localhost:53866
accept: */*

Response DefaultHttpResponse(decodeResult: success, version: HTTP/1.1)
HTTP/1.1 200 OK
Content-Security-Policy: frame-ancestors 'none'
Content-Length: 424
Content-Type: application/json; charset=UTF-8

2023-04-27 10:25:35 DEBUG ChannelManager:270 ? Adding key: http://localhost:53866 for channel [id: 0x52f33376, L:/127.0.0.1:53882 - R:localhost/127.0.0.1:53866]
2023-04-27 10:25:35 DEBUG ThreadLocalRandom:214 ? -Dio.netty.initialSeedUniquifier: 0x354880e0e152c3eb
2023-04-27 10:25:35 DEBUG NettyConnectListener:73 ? Using new Channel '[id: 0x3cfdf192, L:/127.0.0.1:53884 - R:localhost/127.0.0.1:53866]' for 'GET' to '/devtools/browser/e449a07b-feb2-4879-a583-d4dbb5c2cbbc'
2023-04-27 10:25:35 DEBUG WebSocketHandler:105 ? 

Request DefaultFullHttpRequest(decodeResult: success, version: HTTP/1.1, content: EmptyByteBufBE)
GET /devtools/browser/e449a07b-feb2-4879-a583-d4dbb5c2cbbc HTTP/1.1
upgrade: websocket
connection: upgrade
sec-websocket-key: 7bnJKqHuX+I/PtX/IHAGQA==
sec-websocket-version: 13
origin: http://localhost:53866
host: localhost:53866
accept: */*
user-agent: AHC/2.1

Response DefaultHttpResponse(decodeResult: success, version: HTTP/1.1)
HTTP/1.1 101 WebSocket Protocol Handshake
Upgrade: WebSocket
Connection: Upgrade
Sec-WebSocket-Accept: Pn1rXCHycDzeuqhAoAp/m8tfzMM=

2023-04-27 10:25:35 DEBUG NettyRequestSender:593 ? Using pooled Channel '[id: 0x2e0ae852, L:/127.0.0.1:53860 - R:localhost/127.0.0.1:40893]' for 'POST' to 'http://localhost:40893/session/b27b17bdde988c6246db76540a5786ad/window/maximize'
2023-04-27 10:25:35 DEBUG NettyRequestSender:251 ? Using open Channel [id: 0x2e0ae852, L:/127.0.0.1:53860 - R:localhost/127.0.0.1:40893] for POST '/session/b27b17bdde988c6246db76540a5786ad/window/maximize'
2023-04-27 10:25:36 DEBUG HttpHandler:70 ? 

Request DefaultHttpRequest(decodeResult: success, version: HTTP/1.1)
POST /session/b27b17bdde988c6246db76540a5786ad/window/maximize HTTP/1.1
User-Agent: selenium/4.9.0 (java windows)
Content-Length: 3
Content-Type: application/json; charset=utf-8
host: localhost:40893
accept: */*

Response DefaultHttpResponse(decodeResult: success, version: HTTP/1.1)
HTTP/1.1 200 OK
Content-Length: 52
Content-Type: application/json; charset=utf-8
cache-control: no-cache

2023-04-27 10:25:36 DEBUG ChannelManager:270 ? Adding key: http://localhost:40893 for channel [id: 0x2e0ae852, L:/127.0.0.1:53860 - R:localhost/127.0.0.1:40893]
2023-04-27 10:25:36 DEBUG NettyRequestSender:593 ? Using pooled Channel '[id: 0x2e0ae852, L:/127.0.0.1:53860 - R:localhost/127.0.0.1:40893]' for 'POST' to 'http://localhost:40893/session/b27b17bdde988c6246db76540a5786ad/timeouts'
2023-04-27 10:25:36 DEBUG NettyRequestSender:251 ? Using open Channel [id: 0x2e0ae852, L:/127.0.0.1:53860 - R:localhost/127.0.0.1:40893] for POST '/session/b27b17bdde988c6246db76540a5786ad/timeouts'
2023-04-27 10:25:36 DEBUG HttpHandler:70 ? 

Request DefaultHttpRequest(decodeResult: success, version: HTTP/1.1)
POST /session/b27b17bdde988c6246db76540a5786ad/timeouts HTTP/1.1
User-Agent: selenium/4.9.0 (java windows)
Content-Length: 23
Content-Type: application/json; charset=utf-8
host: localhost:40893
accept: */*

Response DefaultHttpResponse(decodeResult: success, version: HTTP/1.1)
HTTP/1.1 200 OK
Content-Length: 14
Content-Type: application/json; charset=utf-8
cache-control: no-cache

2023-04-27 10:25:36 DEBUG ChannelManager:270 ? Adding key: http://localhost:40893 for channel [id: 0x2e0ae852, L:/127.0.0.1:53860 - R:localhost/127.0.0.1:40893]
2023-04-27 10:25:36 DEBUG NettyRequestSender:593 ? Using pooled Channel '[id: 0x2e0ae852, L:/127.0.0.1:53860 - R:localhost/127.0.0.1:40893]' for 'POST' to 'http://localhost:40893/session/b27b17bdde988c6246db76540a5786ad/url'
2023-04-27 10:25:36 DEBUG NettyRequestSender:251 ? Using open Channel [id: 0x2e0ae852, L:/127.0.0.1:53860 - R:localhost/127.0.0.1:40893] for POST '/session/b27b17bdde988c6246db76540a5786ad/url'
2023-04-27 10:25:36 DEBUG DefaultChannelPool:348 ? Entry count for : http://localhost:53866 : 1
2023-04-27 10:25:37 DEBUG HttpHandler:70 ? 

Request DefaultHttpRequest(decodeResult: success, version: HTTP/1.1)
POST /session/b27b17bdde988c6246db76540a5786ad/url HTTP/1.1
User-Agent: selenium/4.9.0 (java windows)
Content-Length: 59
Content-Type: application/json; charset=utf-8
host: localhost:40893
accept: */*

Response DefaultHttpResponse(decodeResult: success, version: HTTP/1.1)
HTTP/1.1 200 OK
Content-Length: 14
Content-Type: application/json; charset=utf-8
cache-control: no-cache

2023-04-27 10:25:37 DEBUG ChannelManager:270 ? Adding key: http://localhost:40893 for channel [id: 0x2e0ae852, L:/127.0.0.1:53860 - R:localhost/127.0.0.1:40893]
2023-04-27 10:31:35 DEBUG InternalLoggerFactory:63 ? Using SLF4J as the default logging framework
2023-04-27 10:31:35 DEBUG ResourceLeakDetector:129 ? -Dio.netty.leakDetection.level: simple
2023-04-27 10:31:35 DEBUG ResourceLeakDetector:130 ? -Dio.netty.leakDetection.targetRecords: 4
2023-04-27 10:31:35 DEBUG ResourceLeakDetectorFactory:196 ? Loaded default ResourceLeakDetector: io.netty.util.ResourceLeakDetector@1a1da881
2023-04-27 10:31:35 DEBUG PlatformDependent0:496 ? -Dio.netty.noUnsafe: false
2023-04-27 10:31:35 DEBUG PlatformDependent0:1000 ? Java version: 19
2023-04-27 10:31:35 DEBUG PlatformDependent0:137 ? sun.misc.Unsafe.theUnsafe: available
2023-04-27 10:31:35 DEBUG PlatformDependent0:161 ? sun.misc.Unsafe.copyMemory: available
2023-04-27 10:31:35 DEBUG PlatformDependent0:193 ? sun.misc.Unsafe.storeFence: available
2023-04-27 10:31:35 DEBUG PlatformDependent0:236 ? java.nio.Buffer.address: available
2023-04-27 10:31:35 DEBUG PlatformDependent0:320 ? direct buffer constructor: unavailable: Reflective setAccessible(true) disabled
2023-04-27 10:31:35 DEBUG PlatformDependent0:385 ? java.nio.Bits.unaligned: available, true
2023-04-27 10:31:35 DEBUG PlatformDependent0:452 ? jdk.internal.misc.Unsafe.allocateUninitializedArray(int): unavailable: class io.netty.util.internal.PlatformDependent0$7 cannot access class jdk.internal.misc.Unsafe (in module java.base) because module java.base does not export jdk.internal.misc to unnamed module @68f7aae2
2023-04-27 10:31:35 DEBUG PlatformDependent0:482 ? java.nio.DirectByteBuffer.<init>(long, int): unavailable
2023-04-27 10:31:35 DEBUG PlatformDependent:1159 ? sun.misc.Unsafe: available
2023-04-27 10:31:35 DEBUG PlatformDependent:1270 ? maxDirectMemory: 5339348992 bytes (maybe)
2023-04-27 10:31:35 DEBUG PlatformDependent:1289 ? -Dio.netty.tmpdir: C:\Users\rohit\AppData\Local\Temp (java.io.tmpdir)
2023-04-27 10:31:35 DEBUG PlatformDependent:1368 ? -Dio.netty.bitMode: 64 (sun.arch.data.model)
2023-04-27 10:31:35 DEBUG PlatformDependent:1119 ? Platform: Windows
2023-04-27 10:31:35 DEBUG PlatformDependent:178 ? -Dio.netty.maxDirectMemory: -1 bytes
2023-04-27 10:31:35 DEBUG PlatformDependent:185 ? -Dio.netty.uninitializedArrayAllocationThreshold: -1
2023-04-27 10:31:35 DEBUG CleanerJava9:71 ? java.nio.ByteBuffer.cleaner(): available
2023-04-27 10:31:35 DEBUG PlatformDependent:205 ? -Dio.netty.noPreferDirect: false
2023-04-27 10:31:35 DEBUG PlatformDependent:1010 ? org.jctools-core.MpscChunkedArrayQueue: available
2023-04-27 10:31:35 DEBUG InternalThreadLocalMap:100 ? -Dio.netty.threadLocalMap.stringBuilder.initialSize: 1024
2023-04-27 10:31:35 DEBUG InternalThreadLocalMap:101 ? -Dio.netty.threadLocalMap.stringBuilder.maxSize: 4096
2023-04-27 10:31:36 DEBUG JdkSslContext:83 ? Default protocols (JDK): [TLSv1.3, TLSv1.2] 
2023-04-27 10:31:36 DEBUG JdkSslContext:84 ? Default cipher suites (JDK): [TLS_ECDHE_ECDSA_WITH_AES_256_GCM_SHA384, TLS_ECDHE_ECDSA_WITH_AES_128_GCM_SHA256, TLS_ECDHE_RSA_WITH_AES_128_GCM_SHA256, TLS_ECDHE_RSA_WITH_AES_256_GCM_SHA384, TLS_ECDHE_RSA_WITH_AES_128_CBC_SHA, TLS_ECDHE_RSA_WITH_AES_256_CBC_SHA, TLS_RSA_WITH_AES_128_GCM_SHA256, TLS_RSA_WITH_AES_128_CBC_SHA, TLS_RSA_WITH_AES_256_CBC_SHA, TLS_AES_128_GCM_SHA256, TLS_AES_256_GCM_SHA384]
2023-04-27 10:31:36 DEBUG GlobalEventExecutor:53 ? -Dio.netty.globalEventExecutor.quietPeriodSeconds: 1
2023-04-27 10:31:36 DEBUG MultithreadEventLoopGroup:44 ? -Dio.netty.eventLoopThreads: 16
2023-04-27 10:31:36 DEBUG NioEventLoop:110 ? -Dio.netty.noKeySetOptimization: false
2023-04-27 10:31:36 DEBUG NioEventLoop:111 ? -Dio.netty.selectorAutoRebuildThreshold: 512
2023-04-27 10:31:36 DEBUG PooledByteBufAllocator:157 ? -Dio.netty.allocator.numHeapArenas: 16
2023-04-27 10:31:36 DEBUG PooledByteBufAllocator:158 ? -Dio.netty.allocator.numDirectArenas: 16
2023-04-27 10:31:36 DEBUG PooledByteBufAllocator:160 ? -Dio.netty.allocator.pageSize: 8192
2023-04-27 10:31:36 DEBUG PooledByteBufAllocator:165 ? -Dio.netty.allocator.maxOrder: 9
2023-04-27 10:31:36 DEBUG PooledByteBufAllocator:169 ? -Dio.netty.allocator.chunkSize: 4194304
2023-04-27 10:31:36 DEBUG PooledByteBufAllocator:170 ? -Dio.netty.allocator.smallCacheSize: 256
2023-04-27 10:31:36 DEBUG PooledByteBufAllocator:171 ? -Dio.netty.allocator.normalCacheSize: 64
2023-04-27 10:31:36 DEBUG PooledByteBufAllocator:172 ? -Dio.netty.allocator.maxCachedBufferCapacity: 32768
2023-04-27 10:31:36 DEBUG PooledByteBufAllocator:173 ? -Dio.netty.allocator.cacheTrimInterval: 8192
2023-04-27 10:31:36 DEBUG PooledByteBufAllocator:174 ? -Dio.netty.allocator.cacheTrimIntervalMillis: 0
2023-04-27 10:31:36 DEBUG PooledByteBufAllocator:175 ? -Dio.netty.allocator.useCacheForAllThreads: false
2023-04-27 10:31:36 DEBUG PooledByteBufAllocator:176 ? -Dio.netty.allocator.maxCachedByteBuffersPerChunk: 1023
2023-04-27 10:31:36 DEBUG ByteBufUtil:88 ? -Dio.netty.allocator.type: pooled
2023-04-27 10:31:36 DEBUG ByteBufUtil:97 ? -Dio.netty.threadLocalDirectBufferSize: 0
2023-04-27 10:31:36 DEBUG ByteBufUtil:100 ? -Dio.netty.maxThreadLocalCharBufferSize: 16384
2023-04-27 10:31:36 DEBUG DefaultChannelId:79 ? -Dio.netty.processId: 22912 (auto-detected)
2023-04-27 10:31:36 DEBUG NetUtil:148 ? -Djava.net.preferIPv4Stack: false
2023-04-27 10:31:36 DEBUG NetUtil:149 ? -Djava.net.preferIPv6Addresses: false
2023-04-27 10:31:36 DEBUG NetUtilInitializations:145 ? Loopback interface: lo (Software Loopback Interface 1, 127.0.0.1)
2023-04-27 10:31:36 DEBUG NetUtil:206 ? Failed to get SOMAXCONN from sysctl and file \proc\sys\net\core\somaxconn. Default: 200
2023-04-27 10:31:36 DEBUG DefaultChannelId:101 ? -Dio.netty.machineId: 70:c9:4e:ff:fe:a9:98:9d (auto-detected)
2023-04-27 10:31:36 DEBUG AbstractByteBuf:63 ? -Dio.netty.buffer.checkAccessible: true
2023-04-27 10:31:36 DEBUG AbstractByteBuf:64 ? -Dio.netty.buffer.checkBounds: true
2023-04-27 10:31:36 DEBUG ResourceLeakDetectorFactory:196 ? Loaded default ResourceLeakDetector: io.netty.util.ResourceLeakDetector@28628721
2023-04-27 10:31:36 DEBUG NettyConnectListener:73 ? Using new Channel '[id: 0x760ac5cd, L:/127.0.0.1:54581 - R:localhost/127.0.0.1:34863]' for 'POST' to '/session'
2023-04-27 10:31:36 DEBUG Recycler:96 ? -Dio.netty.recycler.maxCapacityPerThread: 4096
2023-04-27 10:31:36 DEBUG Recycler:97 ? -Dio.netty.recycler.ratio: 8
2023-04-27 10:31:36 DEBUG Recycler:98 ? -Dio.netty.recycler.chunkSize: 32
2023-04-27 10:31:36 DEBUG Recycler:99 ? -Dio.netty.recycler.blocking: false
2023-04-27 10:31:36 DEBUG Recycler:100 ? -Dio.netty.recycler.batchFastThreadLocalOnly: true
2023-04-27 10:31:37 DEBUG Brotli:38 ? brotli4j not in the classpath; Brotli support will be unavailable.
2023-04-27 10:31:37 DEBUG HttpHandler:70 ? 

Request DefaultHttpRequest(decodeResult: success, version: HTTP/1.1)
POST /session HTTP/1.1
User-Agent: selenium/4.9.0 (java windows)
Content-Length: 254
Content-Type: application/json; charset=utf-8
host: localhost:34863
accept: */*

Response DefaultHttpResponse(decodeResult: success, version: HTTP/1.1)
HTTP/1.1 200 OK
Content-Length: 859
Content-Type: application/json; charset=utf-8
cache-control: no-cache

2023-04-27 10:31:37 DEBUG ChannelManager:270 ? Adding key: http://localhost:34863 for channel [id: 0x760ac5cd, L:/127.0.0.1:54581 - R:localhost/127.0.0.1:34863]
2023-04-27 10:31:38 DEBUG NettyConnectListener:73 ? Using new Channel '[id: 0x4df944bf, L:/127.0.0.1:54603 - R:localhost/127.0.0.1:54587]' for 'GET' to '/json/version'
2023-04-27 10:31:38 DEBUG HttpHandler:70 ? 

Request DefaultFullHttpRequest(decodeResult: success, version: HTTP/1.1, content: EmptyByteBufBE)
GET /json/version HTTP/1.1
User-Agent: selenium/4.9.0 (java windows)
host: localhost:54587
accept: */*

Response DefaultHttpResponse(decodeResult: success, version: HTTP/1.1)
HTTP/1.1 200 OK
Content-Security-Policy: frame-ancestors 'none'
Content-Length: 424
Content-Type: application/json; charset=UTF-8

2023-04-27 10:31:38 DEBUG ChannelManager:270 ? Adding key: http://localhost:54587 for channel [id: 0x4df944bf, L:/127.0.0.1:54603 - R:localhost/127.0.0.1:54587]
2023-04-27 10:31:38 DEBUG DefaultChannelPool:348 ? Entry count for : http://localhost:54587 : 1
2023-04-27 10:31:38 DEBUG DefaultChannelPool:348 ? Entry count for : http://localhost:34863 : 1
2023-04-27 10:31:38 DEBUG ThreadLocalRandom:214 ? -Dio.netty.initialSeedUniquifier: 0xae7a8170d50a9b93
2023-04-27 10:31:38 DEBUG NettyConnectListener:73 ? Using new Channel '[id: 0xc1e60c9f, L:/127.0.0.1:54604 - R:localhost/127.0.0.1:54587]' for 'GET' to '/devtools/browser/7e606e39-01a6-43bc-a537-cbe4ffede9b2'
2023-04-27 10:31:38 DEBUG WebSocketHandler:105 ? 

Request DefaultFullHttpRequest(decodeResult: success, version: HTTP/1.1, content: EmptyByteBufBE)
GET /devtools/browser/7e606e39-01a6-43bc-a537-cbe4ffede9b2 HTTP/1.1
upgrade: websocket
connection: upgrade
sec-websocket-key: dY5f+zqnXdSh45qFbjaivw==
sec-websocket-version: 13
origin: http://localhost:54587
host: localhost:54587
accept: */*
user-agent: AHC/2.1

Response DefaultHttpResponse(decodeResult: success, version: HTTP/1.1)
HTTP/1.1 101 WebSocket Protocol Handshake
Upgrade: WebSocket
Connection: Upgrade
Sec-WebSocket-Accept: t4J4FplyFBo19hqYNRV57sUh4Qw=

2023-04-27 10:31:38 DEBUG NettyRequestSender:593 ? Using pooled Channel '[id: 0x760ac5cd, L:/127.0.0.1:54581 - R:localhost/127.0.0.1:34863]' for 'POST' to 'http://localhost:34863/session/2597322d30222334eadd6892b6a33ee0/window/maximize'
2023-04-27 10:31:38 DEBUG NettyRequestSender:251 ? Using open Channel [id: 0x760ac5cd, L:/127.0.0.1:54581 - R:localhost/127.0.0.1:34863] for POST '/session/2597322d30222334eadd6892b6a33ee0/window/maximize'
2023-04-27 10:31:38 DEBUG HttpHandler:70 ? 

Request DefaultHttpRequest(decodeResult: success, version: HTTP/1.1)
POST /session/2597322d30222334eadd6892b6a33ee0/window/maximize HTTP/1.1
User-Agent: selenium/4.9.0 (java windows)
Content-Length: 3
Content-Type: application/json; charset=utf-8
host: localhost:34863
accept: */*

Response DefaultHttpResponse(decodeResult: success, version: HTTP/1.1)
HTTP/1.1 200 OK
Content-Length: 52
Content-Type: application/json; charset=utf-8
cache-control: no-cache

2023-04-27 10:31:38 DEBUG ChannelManager:270 ? Adding key: http://localhost:34863 for channel [id: 0x760ac5cd, L:/127.0.0.1:54581 - R:localhost/127.0.0.1:34863]
2023-04-27 10:31:38 DEBUG NettyRequestSender:593 ? Using pooled Channel '[id: 0x760ac5cd, L:/127.0.0.1:54581 - R:localhost/127.0.0.1:34863]' for 'POST' to 'http://localhost:34863/session/2597322d30222334eadd6892b6a33ee0/timeouts'
2023-04-27 10:31:38 DEBUG NettyRequestSender:251 ? Using open Channel [id: 0x760ac5cd, L:/127.0.0.1:54581 - R:localhost/127.0.0.1:34863] for POST '/session/2597322d30222334eadd6892b6a33ee0/timeouts'
2023-04-27 10:31:38 DEBUG HttpHandler:70 ? 

Request DefaultHttpRequest(decodeResult: success, version: HTTP/1.1)
POST /session/2597322d30222334eadd6892b6a33ee0/timeouts HTTP/1.1
User-Agent: selenium/4.9.0 (java windows)
Content-Length: 23
Content-Type: application/json; charset=utf-8
host: localhost:34863
accept: */*

Response DefaultHttpResponse(decodeResult: success, version: HTTP/1.1)
HTTP/1.1 200 OK
Content-Length: 14
Content-Type: application/json; charset=utf-8
cache-control: no-cache

2023-04-27 10:31:38 DEBUG ChannelManager:270 ? Adding key: http://localhost:34863 for channel [id: 0x760ac5cd, L:/127.0.0.1:54581 - R:localhost/127.0.0.1:34863]
2023-04-27 10:31:38 DEBUG NettyRequestSender:593 ? Using pooled Channel '[id: 0x760ac5cd, L:/127.0.0.1:54581 - R:localhost/127.0.0.1:34863]' for 'POST' to 'http://localhost:34863/session/2597322d30222334eadd6892b6a33ee0/url'
2023-04-27 10:31:38 DEBUG NettyRequestSender:251 ? Using open Channel [id: 0x760ac5cd, L:/127.0.0.1:54581 - R:localhost/127.0.0.1:34863] for POST '/session/2597322d30222334eadd6892b6a33ee0/url'
2023-04-27 10:31:39 DEBUG DefaultChannelPool:348 ? Entry count for : http://localhost:54587 : 1
2023-04-27 10:31:40 DEBUG HttpHandler:70 ? 

Request DefaultHttpRequest(decodeResult: success, version: HTTP/1.1)
POST /session/2597322d30222334eadd6892b6a33ee0/url HTTP/1.1
User-Agent: selenium/4.9.0 (java windows)
Content-Length: 59
Content-Type: application/json; charset=utf-8
host: localhost:34863
accept: */*

Response DefaultHttpResponse(decodeResult: success, version: HTTP/1.1)
HTTP/1.1 200 OK
Content-Length: 14
Content-Type: application/json; charset=utf-8
cache-control: no-cache

2023-04-27 10:31:40 DEBUG ChannelManager:270 ? Adding key: http://localhost:34863 for channel [id: 0x760ac5cd, L:/127.0.0.1:54581 - R:localhost/127.0.0.1:34863]
2023-04-27 10:35:52 DEBUG InternalLoggerFactory:63 ? Using SLF4J as the default logging framework
2023-04-27 10:35:52 DEBUG ResourceLeakDetector:129 ? -Dio.netty.leakDetection.level: simple
2023-04-27 10:35:52 DEBUG ResourceLeakDetector:130 ? -Dio.netty.leakDetection.targetRecords: 4
2023-04-27 10:35:52 DEBUG ResourceLeakDetectorFactory:196 ? Loaded default ResourceLeakDetector: io.netty.util.ResourceLeakDetector@6175619b
2023-04-27 10:35:52 DEBUG PlatformDependent0:496 ? -Dio.netty.noUnsafe: false
2023-04-27 10:35:52 DEBUG PlatformDependent0:1000 ? Java version: 19
2023-04-27 10:35:52 DEBUG PlatformDependent0:137 ? sun.misc.Unsafe.theUnsafe: available
2023-04-27 10:35:52 DEBUG PlatformDependent0:161 ? sun.misc.Unsafe.copyMemory: available
2023-04-27 10:35:52 DEBUG PlatformDependent0:193 ? sun.misc.Unsafe.storeFence: available
2023-04-27 10:35:52 DEBUG PlatformDependent0:236 ? java.nio.Buffer.address: available
2023-04-27 10:35:52 DEBUG PlatformDependent0:320 ? direct buffer constructor: unavailable: Reflective setAccessible(true) disabled
2023-04-27 10:35:52 DEBUG PlatformDependent0:385 ? java.nio.Bits.unaligned: available, true
2023-04-27 10:35:52 DEBUG PlatformDependent0:452 ? jdk.internal.misc.Unsafe.allocateUninitializedArray(int): unavailable: class io.netty.util.internal.PlatformDependent0$7 cannot access class jdk.internal.misc.Unsafe (in module java.base) because module java.base does not export jdk.internal.misc to unnamed module @68f7aae2
2023-04-27 10:35:52 DEBUG PlatformDependent0:482 ? java.nio.DirectByteBuffer.<init>(long, int): unavailable
2023-04-27 10:35:52 DEBUG PlatformDependent:1159 ? sun.misc.Unsafe: available
2023-04-27 10:35:52 DEBUG PlatformDependent:1270 ? maxDirectMemory: 5339348992 bytes (maybe)
2023-04-27 10:35:52 DEBUG PlatformDependent:1289 ? -Dio.netty.tmpdir: C:\Users\rohit\AppData\Local\Temp (java.io.tmpdir)
2023-04-27 10:35:52 DEBUG PlatformDependent:1368 ? -Dio.netty.bitMode: 64 (sun.arch.data.model)
2023-04-27 10:35:52 DEBUG PlatformDependent:1119 ? Platform: Windows
2023-04-27 10:35:52 DEBUG PlatformDependent:178 ? -Dio.netty.maxDirectMemory: -1 bytes
2023-04-27 10:35:52 DEBUG PlatformDependent:185 ? -Dio.netty.uninitializedArrayAllocationThreshold: -1
2023-04-27 10:35:52 DEBUG CleanerJava9:71 ? java.nio.ByteBuffer.cleaner(): available
2023-04-27 10:35:52 DEBUG PlatformDependent:205 ? -Dio.netty.noPreferDirect: false
2023-04-27 10:35:52 DEBUG PlatformDependent:1010 ? org.jctools-core.MpscChunkedArrayQueue: available
2023-04-27 10:35:52 DEBUG InternalThreadLocalMap:100 ? -Dio.netty.threadLocalMap.stringBuilder.initialSize: 1024
2023-04-27 10:35:52 DEBUG InternalThreadLocalMap:101 ? -Dio.netty.threadLocalMap.stringBuilder.maxSize: 4096
2023-04-27 10:35:52 DEBUG JdkSslContext:83 ? Default protocols (JDK): [TLSv1.3, TLSv1.2] 
2023-04-27 10:35:52 DEBUG JdkSslContext:84 ? Default cipher suites (JDK): [TLS_ECDHE_ECDSA_WITH_AES_256_GCM_SHA384, TLS_ECDHE_ECDSA_WITH_AES_128_GCM_SHA256, TLS_ECDHE_RSA_WITH_AES_128_GCM_SHA256, TLS_ECDHE_RSA_WITH_AES_256_GCM_SHA384, TLS_ECDHE_RSA_WITH_AES_128_CBC_SHA, TLS_ECDHE_RSA_WITH_AES_256_CBC_SHA, TLS_RSA_WITH_AES_128_GCM_SHA256, TLS_RSA_WITH_AES_128_CBC_SHA, TLS_RSA_WITH_AES_256_CBC_SHA, TLS_AES_128_GCM_SHA256, TLS_AES_256_GCM_SHA384]
2023-04-27 10:35:52 DEBUG GlobalEventExecutor:53 ? -Dio.netty.globalEventExecutor.quietPeriodSeconds: 1
2023-04-27 10:35:52 DEBUG MultithreadEventLoopGroup:44 ? -Dio.netty.eventLoopThreads: 16
2023-04-27 10:35:52 DEBUG NioEventLoop:110 ? -Dio.netty.noKeySetOptimization: false
2023-04-27 10:35:52 DEBUG NioEventLoop:111 ? -Dio.netty.selectorAutoRebuildThreshold: 512
2023-04-27 10:35:52 DEBUG PooledByteBufAllocator:157 ? -Dio.netty.allocator.numHeapArenas: 16
2023-04-27 10:35:52 DEBUG PooledByteBufAllocator:158 ? -Dio.netty.allocator.numDirectArenas: 16
2023-04-27 10:35:52 DEBUG PooledByteBufAllocator:160 ? -Dio.netty.allocator.pageSize: 8192
2023-04-27 10:35:52 DEBUG PooledByteBufAllocator:165 ? -Dio.netty.allocator.maxOrder: 9
2023-04-27 10:35:52 DEBUG PooledByteBufAllocator:169 ? -Dio.netty.allocator.chunkSize: 4194304
2023-04-27 10:35:52 DEBUG PooledByteBufAllocator:170 ? -Dio.netty.allocator.smallCacheSize: 256
2023-04-27 10:35:52 DEBUG PooledByteBufAllocator:171 ? -Dio.netty.allocator.normalCacheSize: 64
2023-04-27 10:35:52 DEBUG PooledByteBufAllocator:172 ? -Dio.netty.allocator.maxCachedBufferCapacity: 32768
2023-04-27 10:35:52 DEBUG PooledByteBufAllocator:173 ? -Dio.netty.allocator.cacheTrimInterval: 8192
2023-04-27 10:35:52 DEBUG PooledByteBufAllocator:174 ? -Dio.netty.allocator.cacheTrimIntervalMillis: 0
2023-04-27 10:35:52 DEBUG PooledByteBufAllocator:175 ? -Dio.netty.allocator.useCacheForAllThreads: false
2023-04-27 10:35:52 DEBUG PooledByteBufAllocator:176 ? -Dio.netty.allocator.maxCachedByteBuffersPerChunk: 1023
2023-04-27 10:35:52 DEBUG ByteBufUtil:88 ? -Dio.netty.allocator.type: pooled
2023-04-27 10:35:52 DEBUG ByteBufUtil:97 ? -Dio.netty.threadLocalDirectBufferSize: 0
2023-04-27 10:35:52 DEBUG ByteBufUtil:100 ? -Dio.netty.maxThreadLocalCharBufferSize: 16384
2023-04-27 10:35:53 DEBUG DefaultChannelId:79 ? -Dio.netty.processId: 7608 (auto-detected)
2023-04-27 10:35:53 DEBUG NetUtil:148 ? -Djava.net.preferIPv4Stack: false
2023-04-27 10:35:53 DEBUG NetUtil:149 ? -Djava.net.preferIPv6Addresses: false
2023-04-27 10:35:53 DEBUG NetUtilInitializations:145 ? Loopback interface: lo (Software Loopback Interface 1, 127.0.0.1)
2023-04-27 10:35:53 DEBUG NetUtil:206 ? Failed to get SOMAXCONN from sysctl and file \proc\sys\net\core\somaxconn. Default: 200
2023-04-27 10:35:53 DEBUG DefaultChannelId:101 ? -Dio.netty.machineId: 70:c9:4e:ff:fe:a9:98:9d (auto-detected)
2023-04-27 10:35:53 DEBUG AbstractByteBuf:63 ? -Dio.netty.buffer.checkAccessible: true
2023-04-27 10:35:53 DEBUG AbstractByteBuf:64 ? -Dio.netty.buffer.checkBounds: true
2023-04-27 10:35:53 DEBUG ResourceLeakDetectorFactory:196 ? Loaded default ResourceLeakDetector: io.netty.util.ResourceLeakDetector@72d288d3
2023-04-27 10:35:53 DEBUG NettyConnectListener:73 ? Using new Channel '[id: 0x20aea4be, L:/127.0.0.1:55089 - R:localhost/127.0.0.1:15464]' for 'POST' to '/session'
2023-04-27 10:35:53 DEBUG Recycler:96 ? -Dio.netty.recycler.maxCapacityPerThread: 4096
2023-04-27 10:35:53 DEBUG Recycler:97 ? -Dio.netty.recycler.ratio: 8
2023-04-27 10:35:53 DEBUG Recycler:98 ? -Dio.netty.recycler.chunkSize: 32
2023-04-27 10:35:53 DEBUG Recycler:99 ? -Dio.netty.recycler.blocking: false
2023-04-27 10:35:53 DEBUG Recycler:100 ? -Dio.netty.recycler.batchFastThreadLocalOnly: true
2023-04-27 10:35:54 DEBUG Brotli:38 ? brotli4j not in the classpath; Brotli support will be unavailable.
2023-04-27 10:35:54 DEBUG HttpHandler:70 ? 

Request DefaultHttpRequest(decodeResult: success, version: HTTP/1.1)
POST /session HTTP/1.1
User-Agent: selenium/4.9.0 (java windows)
Content-Length: 254
Content-Type: application/json; charset=utf-8
host: localhost:15464
accept: */*

Response DefaultHttpResponse(decodeResult: success, version: HTTP/1.1)
HTTP/1.1 200 OK
Content-Length: 860
Content-Type: application/json; charset=utf-8
cache-control: no-cache

2023-04-27 10:35:54 DEBUG ChannelManager:270 ? Adding key: http://localhost:15464 for channel [id: 0x20aea4be, L:/127.0.0.1:55089 - R:localhost/127.0.0.1:15464]
2023-04-27 10:35:54 DEBUG DefaultChannelPool:348 ? Entry count for : http://localhost:15464 : 1
2023-04-27 10:35:54 DEBUG NettyConnectListener:73 ? Using new Channel '[id: 0x98f8d4c3, L:/127.0.0.1:55111 - R:localhost/127.0.0.1:55096]' for 'GET' to '/json/version'
2023-04-27 10:35:54 DEBUG HttpHandler:70 ? 

Request DefaultFullHttpRequest(decodeResult: success, version: HTTP/1.1, content: EmptyByteBufBE)
GET /json/version HTTP/1.1
User-Agent: selenium/4.9.0 (java windows)
host: localhost:55096
accept: */*

Response DefaultHttpResponse(decodeResult: success, version: HTTP/1.1)
HTTP/1.1 200 OK
Content-Security-Policy: frame-ancestors 'none'
Content-Length: 424
Content-Type: application/json; charset=UTF-8

2023-04-27 10:35:54 DEBUG ChannelManager:270 ? Adding key: http://localhost:55096 for channel [id: 0x98f8d4c3, L:/127.0.0.1:55111 - R:localhost/127.0.0.1:55096]
2023-04-27 10:35:54 DEBUG ThreadLocalRandom:214 ? -Dio.netty.initialSeedUniquifier: 0x284249e2fb8f0794
2023-04-27 10:35:54 DEBUG NettyConnectListener:73 ? Using new Channel '[id: 0x01da128f, L:/127.0.0.1:55113 - R:localhost/127.0.0.1:55096]' for 'GET' to '/devtools/browser/9e1c0e6b-4ef9-432b-abbd-6d0a3f23ba94'
2023-04-27 10:35:54 DEBUG WebSocketHandler:105 ? 

Request DefaultFullHttpRequest(decodeResult: success, version: HTTP/1.1, content: EmptyByteBufBE)
GET /devtools/browser/9e1c0e6b-4ef9-432b-abbd-6d0a3f23ba94 HTTP/1.1
upgrade: websocket
connection: upgrade
sec-websocket-key: AvXFU+bkoXWygmXO3CytjQ==
sec-websocket-version: 13
origin: http://localhost:55096
host: localhost:55096
accept: */*
user-agent: AHC/2.1

Response DefaultHttpResponse(decodeResult: success, version: HTTP/1.1)
HTTP/1.1 101 WebSocket Protocol Handshake
Upgrade: WebSocket
Connection: Upgrade
Sec-WebSocket-Accept: D4Sgm93oX/o3JAlOllPr/TO//X8=

2023-04-27 10:35:54 DEBUG NettyRequestSender:593 ? Using pooled Channel '[id: 0x20aea4be, L:/127.0.0.1:55089 - R:localhost/127.0.0.1:15464]' for 'POST' to 'http://localhost:15464/session/2ba617f0a077e2eb6c435e764bfa39ac/window/maximize'
2023-04-27 10:35:54 DEBUG NettyRequestSender:251 ? Using open Channel [id: 0x20aea4be, L:/127.0.0.1:55089 - R:localhost/127.0.0.1:15464] for POST '/session/2ba617f0a077e2eb6c435e764bfa39ac/window/maximize'
2023-04-27 10:35:54 DEBUG HttpHandler:70 ? 

Request DefaultHttpRequest(decodeResult: success, version: HTTP/1.1)
POST /session/2ba617f0a077e2eb6c435e764bfa39ac/window/maximize HTTP/1.1
User-Agent: selenium/4.9.0 (java windows)
Content-Length: 3
Content-Type: application/json; charset=utf-8
host: localhost:15464
accept: */*

Response DefaultHttpResponse(decodeResult: success, version: HTTP/1.1)
HTTP/1.1 200 OK
Content-Length: 52
Content-Type: application/json; charset=utf-8
cache-control: no-cache

2023-04-27 10:35:54 DEBUG ChannelManager:270 ? Adding key: http://localhost:15464 for channel [id: 0x20aea4be, L:/127.0.0.1:55089 - R:localhost/127.0.0.1:15464]
2023-04-27 10:35:55 DEBUG NettyRequestSender:593 ? Using pooled Channel '[id: 0x20aea4be, L:/127.0.0.1:55089 - R:localhost/127.0.0.1:15464]' for 'POST' to 'http://localhost:15464/session/2ba617f0a077e2eb6c435e764bfa39ac/timeouts'
2023-04-27 10:35:55 DEBUG NettyRequestSender:251 ? Using open Channel [id: 0x20aea4be, L:/127.0.0.1:55089 - R:localhost/127.0.0.1:15464] for POST '/session/2ba617f0a077e2eb6c435e764bfa39ac/timeouts'
2023-04-27 10:35:55 DEBUG HttpHandler:70 ? 

Request DefaultHttpRequest(decodeResult: success, version: HTTP/1.1)
POST /session/2ba617f0a077e2eb6c435e764bfa39ac/timeouts HTTP/1.1
User-Agent: selenium/4.9.0 (java windows)
Content-Length: 23
Content-Type: application/json; charset=utf-8
host: localhost:15464
accept: */*

Response DefaultHttpResponse(decodeResult: success, version: HTTP/1.1)
HTTP/1.1 200 OK
Content-Length: 14
Content-Type: application/json; charset=utf-8
cache-control: no-cache

2023-04-27 10:35:55 DEBUG ChannelManager:270 ? Adding key: http://localhost:15464 for channel [id: 0x20aea4be, L:/127.0.0.1:55089 - R:localhost/127.0.0.1:15464]
2023-04-27 10:35:55 DEBUG NettyRequestSender:593 ? Using pooled Channel '[id: 0x20aea4be, L:/127.0.0.1:55089 - R:localhost/127.0.0.1:15464]' for 'POST' to 'http://localhost:15464/session/2ba617f0a077e2eb6c435e764bfa39ac/url'
2023-04-27 10:35:55 DEBUG NettyRequestSender:251 ? Using open Channel [id: 0x20aea4be, L:/127.0.0.1:55089 - R:localhost/127.0.0.1:15464] for POST '/session/2ba617f0a077e2eb6c435e764bfa39ac/url'
2023-04-27 10:35:55 DEBUG DefaultChannelPool:348 ? Entry count for : http://localhost:55096 : 1
2023-04-27 10:35:56 DEBUG HttpHandler:70 ? 

Request DefaultHttpRequest(decodeResult: success, version: HTTP/1.1)
POST /session/2ba617f0a077e2eb6c435e764bfa39ac/url HTTP/1.1
User-Agent: selenium/4.9.0 (java windows)
Content-Length: 59
Content-Type: application/json; charset=utf-8
host: localhost:15464
accept: */*

Response DefaultHttpResponse(decodeResult: success, version: HTTP/1.1)
HTTP/1.1 200 OK
Content-Length: 14
Content-Type: application/json; charset=utf-8
cache-control: no-cache

2023-04-27 10:35:56 DEBUG ChannelManager:270 ? Adding key: http://localhost:15464 for channel [id: 0x20aea4be, L:/127.0.0.1:55089 - R:localhost/127.0.0.1:15464]
2023-04-27 10:35:56 DEBUG NettyRequestSender:593 ? Using pooled Channel '[id: 0x20aea4be, L:/127.0.0.1:55089 - R:localhost/127.0.0.1:15464]' for 'GET' to 'http://localhost:15464/session/2ba617f0a077e2eb6c435e764bfa39ac/url'
2023-04-27 10:35:56 DEBUG NettyRequestSender:251 ? Using open Channel [id: 0x20aea4be, L:/127.0.0.1:55089 - R:localhost/127.0.0.1:15464] for GET '/session/2ba617f0a077e2eb6c435e764bfa39ac/url'
2023-04-27 10:35:56 DEBUG HttpHandler:70 ? 

Request DefaultFullHttpRequest(decodeResult: success, version: HTTP/1.1, content: EmptyByteBufBE)
GET /session/2ba617f0a077e2eb6c435e764bfa39ac/url HTTP/1.1
User-Agent: selenium/4.9.0 (java windows)
Cache-Control: no-cache
Content-Type: application/json; charset=utf-8
host: localhost:15464
accept: */*

Response DefaultHttpResponse(decodeResult: success, version: HTTP/1.1)
HTTP/1.1 200 OK
Content-Length: 41
Content-Type: application/json; charset=utf-8
cache-control: no-cache

2023-04-27 10:35:56 DEBUG ChannelManager:270 ? Adding key: http://localhost:15464 for channel [id: 0x20aea4be, L:/127.0.0.1:55089 - R:localhost/127.0.0.1:15464]
2023-04-27 10:36:47 DEBUG InternalLoggerFactory:63 ? Using SLF4J as the default logging framework
2023-04-27 10:36:47 DEBUG ResourceLeakDetector:129 ? -Dio.netty.leakDetection.level: simple
2023-04-27 10:36:47 DEBUG ResourceLeakDetector:130 ? -Dio.netty.leakDetection.targetRecords: 4
2023-04-27 10:36:47 DEBUG ResourceLeakDetectorFactory:196 ? Loaded default ResourceLeakDetector: io.netty.util.ResourceLeakDetector@611df6e3
2023-04-27 10:36:47 DEBUG PlatformDependent0:496 ? -Dio.netty.noUnsafe: false
2023-04-27 10:36:47 DEBUG PlatformDependent0:1000 ? Java version: 19
2023-04-27 10:36:47 DEBUG PlatformDependent0:137 ? sun.misc.Unsafe.theUnsafe: available
2023-04-27 10:36:47 DEBUG PlatformDependent0:161 ? sun.misc.Unsafe.copyMemory: available
2023-04-27 10:36:47 DEBUG PlatformDependent0:193 ? sun.misc.Unsafe.storeFence: available
2023-04-27 10:36:47 DEBUG PlatformDependent0:236 ? java.nio.Buffer.address: available
2023-04-27 10:36:47 DEBUG PlatformDependent0:320 ? direct buffer constructor: unavailable: Reflective setAccessible(true) disabled
2023-04-27 10:36:47 DEBUG PlatformDependent0:385 ? java.nio.Bits.unaligned: available, true
2023-04-27 10:36:47 DEBUG PlatformDependent0:452 ? jdk.internal.misc.Unsafe.allocateUninitializedArray(int): unavailable: class io.netty.util.internal.PlatformDependent0$7 cannot access class jdk.internal.misc.Unsafe (in module java.base) because module java.base does not export jdk.internal.misc to unnamed module @68f7aae2
2023-04-27 10:36:47 DEBUG PlatformDependent0:482 ? java.nio.DirectByteBuffer.<init>(long, int): unavailable
2023-04-27 10:36:47 DEBUG PlatformDependent:1159 ? sun.misc.Unsafe: available
2023-04-27 10:36:47 DEBUG PlatformDependent:1270 ? maxDirectMemory: 5339348992 bytes (maybe)
2023-04-27 10:36:47 DEBUG PlatformDependent:1289 ? -Dio.netty.tmpdir: C:\Users\rohit\AppData\Local\Temp (java.io.tmpdir)
2023-04-27 10:36:47 DEBUG PlatformDependent:1368 ? -Dio.netty.bitMode: 64 (sun.arch.data.model)
2023-04-27 10:36:47 DEBUG PlatformDependent:1119 ? Platform: Windows
2023-04-27 10:36:47 DEBUG PlatformDependent:178 ? -Dio.netty.maxDirectMemory: -1 bytes
2023-04-27 10:36:47 DEBUG PlatformDependent:185 ? -Dio.netty.uninitializedArrayAllocationThreshold: -1
2023-04-27 10:36:47 DEBUG CleanerJava9:71 ? java.nio.ByteBuffer.cleaner(): available
2023-04-27 10:36:47 DEBUG PlatformDependent:205 ? -Dio.netty.noPreferDirect: false
2023-04-27 10:36:47 DEBUG PlatformDependent:1010 ? org.jctools-core.MpscChunkedArrayQueue: available
2023-04-27 10:36:47 DEBUG InternalThreadLocalMap:100 ? -Dio.netty.threadLocalMap.stringBuilder.initialSize: 1024
2023-04-27 10:36:47 DEBUG InternalThreadLocalMap:101 ? -Dio.netty.threadLocalMap.stringBuilder.maxSize: 4096
2023-04-27 10:36:47 DEBUG JdkSslContext:83 ? Default protocols (JDK): [TLSv1.3, TLSv1.2] 
2023-04-27 10:36:47 DEBUG JdkSslContext:84 ? Default cipher suites (JDK): [TLS_ECDHE_ECDSA_WITH_AES_256_GCM_SHA384, TLS_ECDHE_ECDSA_WITH_AES_128_GCM_SHA256, TLS_ECDHE_RSA_WITH_AES_128_GCM_SHA256, TLS_ECDHE_RSA_WITH_AES_256_GCM_SHA384, TLS_ECDHE_RSA_WITH_AES_128_CBC_SHA, TLS_ECDHE_RSA_WITH_AES_256_CBC_SHA, TLS_RSA_WITH_AES_128_GCM_SHA256, TLS_RSA_WITH_AES_128_CBC_SHA, TLS_RSA_WITH_AES_256_CBC_SHA, TLS_AES_128_GCM_SHA256, TLS_AES_256_GCM_SHA384]
2023-04-27 10:36:47 DEBUG GlobalEventExecutor:53 ? -Dio.netty.globalEventExecutor.quietPeriodSeconds: 1
2023-04-27 10:36:47 DEBUG MultithreadEventLoopGroup:44 ? -Dio.netty.eventLoopThreads: 16
2023-04-27 10:36:47 DEBUG NioEventLoop:110 ? -Dio.netty.noKeySetOptimization: false
2023-04-27 10:36:47 DEBUG NioEventLoop:111 ? -Dio.netty.selectorAutoRebuildThreshold: 512
2023-04-27 10:36:47 DEBUG PooledByteBufAllocator:157 ? -Dio.netty.allocator.numHeapArenas: 16
2023-04-27 10:36:47 DEBUG PooledByteBufAllocator:158 ? -Dio.netty.allocator.numDirectArenas: 16
2023-04-27 10:36:47 DEBUG PooledByteBufAllocator:160 ? -Dio.netty.allocator.pageSize: 8192
2023-04-27 10:36:47 DEBUG PooledByteBufAllocator:165 ? -Dio.netty.allocator.maxOrder: 9
2023-04-27 10:36:47 DEBUG PooledByteBufAllocator:169 ? -Dio.netty.allocator.chunkSize: 4194304
2023-04-27 10:36:47 DEBUG PooledByteBufAllocator:170 ? -Dio.netty.allocator.smallCacheSize: 256
2023-04-27 10:36:47 DEBUG PooledByteBufAllocator:171 ? -Dio.netty.allocator.normalCacheSize: 64
2023-04-27 10:36:47 DEBUG PooledByteBufAllocator:172 ? -Dio.netty.allocator.maxCachedBufferCapacity: 32768
2023-04-27 10:36:47 DEBUG PooledByteBufAllocator:173 ? -Dio.netty.allocator.cacheTrimInterval: 8192
2023-04-27 10:36:47 DEBUG PooledByteBufAllocator:174 ? -Dio.netty.allocator.cacheTrimIntervalMillis: 0
2023-04-27 10:36:47 DEBUG PooledByteBufAllocator:175 ? -Dio.netty.allocator.useCacheForAllThreads: false
2023-04-27 10:36:47 DEBUG PooledByteBufAllocator:176 ? -Dio.netty.allocator.maxCachedByteBuffersPerChunk: 1023
2023-04-27 10:36:47 DEBUG ByteBufUtil:88 ? -Dio.netty.allocator.type: pooled
2023-04-27 10:36:47 DEBUG ByteBufUtil:97 ? -Dio.netty.threadLocalDirectBufferSize: 0
2023-04-27 10:36:47 DEBUG ByteBufUtil:100 ? -Dio.netty.maxThreadLocalCharBufferSize: 16384
2023-04-27 10:36:47 DEBUG DefaultChannelId:79 ? -Dio.netty.processId: 33376 (auto-detected)
2023-04-27 10:36:47 DEBUG NetUtil:148 ? -Djava.net.preferIPv4Stack: false
2023-04-27 10:36:47 DEBUG NetUtil:149 ? -Djava.net.preferIPv6Addresses: false
2023-04-27 10:36:47 DEBUG NetUtilInitializations:145 ? Loopback interface: lo (Software Loopback Interface 1, 127.0.0.1)
2023-04-27 10:36:47 DEBUG NetUtil:206 ? Failed to get SOMAXCONN from sysctl and file \proc\sys\net\core\somaxconn. Default: 200
2023-04-27 10:36:47 DEBUG DefaultChannelId:101 ? -Dio.netty.machineId: 70:c9:4e:ff:fe:a9:98:9d (auto-detected)
2023-04-27 10:36:47 DEBUG AbstractByteBuf:63 ? -Dio.netty.buffer.checkAccessible: true
2023-04-27 10:36:47 DEBUG AbstractByteBuf:64 ? -Dio.netty.buffer.checkBounds: true
2023-04-27 10:36:47 DEBUG ResourceLeakDetectorFactory:196 ? Loaded default ResourceLeakDetector: io.netty.util.ResourceLeakDetector@513c39d2
2023-04-27 10:36:48 DEBUG NettyConnectListener:73 ? Using new Channel '[id: 0xc13bbc44, L:/127.0.0.1:55257 - R:localhost/127.0.0.1:8285]' for 'POST' to '/session'
2023-04-27 10:36:48 DEBUG Recycler:96 ? -Dio.netty.recycler.maxCapacityPerThread: 4096
2023-04-27 10:36:48 DEBUG Recycler:97 ? -Dio.netty.recycler.ratio: 8
2023-04-27 10:36:48 DEBUG Recycler:98 ? -Dio.netty.recycler.chunkSize: 32
2023-04-27 10:36:48 DEBUG Recycler:99 ? -Dio.netty.recycler.blocking: false
2023-04-27 10:36:48 DEBUG Recycler:100 ? -Dio.netty.recycler.batchFastThreadLocalOnly: true
2023-04-27 10:36:49 DEBUG Brotli:38 ? brotli4j not in the classpath; Brotli support will be unavailable.
2023-04-27 10:36:49 DEBUG HttpHandler:70 ? 

Request DefaultHttpRequest(decodeResult: success, version: HTTP/1.1)
POST /session HTTP/1.1
User-Agent: selenium/4.9.0 (java windows)
Content-Length: 254
Content-Type: application/json; charset=utf-8
host: localhost:8285
accept: */*

Response DefaultHttpResponse(decodeResult: success, version: HTTP/1.1)
HTTP/1.1 200 OK
Content-Length: 860
Content-Type: application/json; charset=utf-8
cache-control: no-cache

2023-04-27 10:36:49 DEBUG ChannelManager:270 ? Adding key: http://localhost:8285 for channel [id: 0xc13bbc44, L:/127.0.0.1:55257 - R:localhost/127.0.0.1:8285]
2023-04-27 10:36:49 DEBUG DefaultChannelPool:348 ? Entry count for : http://localhost:8285 : 1
2023-04-27 10:36:49 DEBUG NettyConnectListener:73 ? Using new Channel '[id: 0x3bc096cc, L:/127.0.0.1:55276 - R:localhost/127.0.0.1:55262]' for 'GET' to '/json/version'
2023-04-27 10:36:49 DEBUG HttpHandler:70 ? 

Request DefaultFullHttpRequest(decodeResult: success, version: HTTP/1.1, content: EmptyByteBufBE)
GET /json/version HTTP/1.1
User-Agent: selenium/4.9.0 (java windows)
host: localhost:55262
accept: */*

Response DefaultHttpResponse(decodeResult: success, version: HTTP/1.1)
HTTP/1.1 200 OK
Content-Security-Policy: frame-ancestors 'none'
Content-Length: 424
Content-Type: application/json; charset=UTF-8

2023-04-27 10:36:49 DEBUG ChannelManager:270 ? Adding key: http://localhost:55262 for channel [id: 0x3bc096cc, L:/127.0.0.1:55276 - R:localhost/127.0.0.1:55262]
2023-04-27 10:36:49 DEBUG ThreadLocalRandom:214 ? -Dio.netty.initialSeedUniquifier: 0x7525451251699fda
2023-04-27 10:36:49 DEBUG NettyConnectListener:73 ? Using new Channel '[id: 0xd09dce96, L:/127.0.0.1:55277 - R:localhost/127.0.0.1:55262]' for 'GET' to '/devtools/browser/5c03cdef-f109-459e-8138-fa055f2e0c0e'
2023-04-27 10:36:49 DEBUG WebSocketHandler:105 ? 

Request DefaultFullHttpRequest(decodeResult: success, version: HTTP/1.1, content: EmptyByteBufBE)
GET /devtools/browser/5c03cdef-f109-459e-8138-fa055f2e0c0e HTTP/1.1
upgrade: websocket
connection: upgrade
sec-websocket-key: qFeVdUVvq+i73uzrFWp26g==
sec-websocket-version: 13
origin: http://localhost:55262
host: localhost:55262
accept: */*
user-agent: AHC/2.1

Response DefaultHttpResponse(decodeResult: success, version: HTTP/1.1)
HTTP/1.1 101 WebSocket Protocol Handshake
Upgrade: WebSocket
Connection: Upgrade
Sec-WebSocket-Accept: t2x0/xLb5phN7HDpz8ug/LoX/LQ=

2023-04-27 10:36:50 DEBUG NettyRequestSender:593 ? Using pooled Channel '[id: 0xc13bbc44, L:/127.0.0.1:55257 - R:localhost/127.0.0.1:8285]' for 'POST' to 'http://localhost:8285/session/bfbb545206d472f928527d6dab198c55/window/maximize'
2023-04-27 10:36:50 DEBUG NettyRequestSender:251 ? Using open Channel [id: 0xc13bbc44, L:/127.0.0.1:55257 - R:localhost/127.0.0.1:8285] for POST '/session/bfbb545206d472f928527d6dab198c55/window/maximize'
2023-04-27 10:36:50 DEBUG HttpHandler:70 ? 

Request DefaultHttpRequest(decodeResult: success, version: HTTP/1.1)
POST /session/bfbb545206d472f928527d6dab198c55/window/maximize HTTP/1.1
User-Agent: selenium/4.9.0 (java windows)
Content-Length: 3
Content-Type: application/json; charset=utf-8
host: localhost:8285
accept: */*

Response DefaultHttpResponse(decodeResult: success, version: HTTP/1.1)
HTTP/1.1 200 OK
Content-Length: 52
Content-Type: application/json; charset=utf-8
cache-control: no-cache

2023-04-27 10:36:50 DEBUG ChannelManager:270 ? Adding key: http://localhost:8285 for channel [id: 0xc13bbc44, L:/127.0.0.1:55257 - R:localhost/127.0.0.1:8285]
2023-04-27 10:36:50 DEBUG NettyRequestSender:593 ? Using pooled Channel '[id: 0xc13bbc44, L:/127.0.0.1:55257 - R:localhost/127.0.0.1:8285]' for 'POST' to 'http://localhost:8285/session/bfbb545206d472f928527d6dab198c55/timeouts'
2023-04-27 10:36:50 DEBUG NettyRequestSender:251 ? Using open Channel [id: 0xc13bbc44, L:/127.0.0.1:55257 - R:localhost/127.0.0.1:8285] for POST '/session/bfbb545206d472f928527d6dab198c55/timeouts'
2023-04-27 10:36:50 DEBUG HttpHandler:70 ? 

Request DefaultHttpRequest(decodeResult: success, version: HTTP/1.1)
POST /session/bfbb545206d472f928527d6dab198c55/timeouts HTTP/1.1
User-Agent: selenium/4.9.0 (java windows)
Content-Length: 23
Content-Type: application/json; charset=utf-8
host: localhost:8285
accept: */*

Response DefaultHttpResponse(decodeResult: success, version: HTTP/1.1)
HTTP/1.1 200 OK
Content-Length: 14
Content-Type: application/json; charset=utf-8
cache-control: no-cache

2023-04-27 10:36:50 DEBUG ChannelManager:270 ? Adding key: http://localhost:8285 for channel [id: 0xc13bbc44, L:/127.0.0.1:55257 - R:localhost/127.0.0.1:8285]
2023-04-27 10:36:50 DEBUG NettyRequestSender:593 ? Using pooled Channel '[id: 0xc13bbc44, L:/127.0.0.1:55257 - R:localhost/127.0.0.1:8285]' for 'POST' to 'http://localhost:8285/session/bfbb545206d472f928527d6dab198c55/url'
2023-04-27 10:36:50 DEBUG NettyRequestSender:251 ? Using open Channel [id: 0xc13bbc44, L:/127.0.0.1:55257 - R:localhost/127.0.0.1:8285] for POST '/session/bfbb545206d472f928527d6dab198c55/url'
2023-04-27 10:36:50 DEBUG DefaultChannelPool:348 ? Entry count for : http://localhost:55262 : 1
2023-04-27 10:36:51 DEBUG HttpHandler:70 ? 

Request DefaultHttpRequest(decodeResult: success, version: HTTP/1.1)
POST /session/bfbb545206d472f928527d6dab198c55/url HTTP/1.1
User-Agent: selenium/4.9.0 (java windows)
Content-Length: 59
Content-Type: application/json; charset=utf-8
host: localhost:8285
accept: */*

Response DefaultHttpResponse(decodeResult: success, version: HTTP/1.1)
HTTP/1.1 200 OK
Content-Length: 14
Content-Type: application/json; charset=utf-8
cache-control: no-cache

2023-04-27 10:36:51 DEBUG ChannelManager:270 ? Adding key: http://localhost:8285 for channel [id: 0xc13bbc44, L:/127.0.0.1:55257 - R:localhost/127.0.0.1:8285]
2023-04-27 10:47:38 DEBUG InternalLoggerFactory:63 ? Using SLF4J as the default logging framework
2023-04-27 10:47:38 DEBUG ResourceLeakDetector:129 ? -Dio.netty.leakDetection.level: simple
2023-04-27 10:47:38 DEBUG ResourceLeakDetector:130 ? -Dio.netty.leakDetection.targetRecords: 4
2023-04-27 10:47:38 DEBUG ResourceLeakDetectorFactory:196 ? Loaded default ResourceLeakDetector: io.netty.util.ResourceLeakDetector@6175619b
2023-04-27 10:47:38 DEBUG PlatformDependent0:496 ? -Dio.netty.noUnsafe: false
2023-04-27 10:47:38 DEBUG PlatformDependent0:1000 ? Java version: 19
2023-04-27 10:47:38 DEBUG PlatformDependent0:137 ? sun.misc.Unsafe.theUnsafe: available
2023-04-27 10:47:38 DEBUG PlatformDependent0:161 ? sun.misc.Unsafe.copyMemory: available
2023-04-27 10:47:38 DEBUG PlatformDependent0:193 ? sun.misc.Unsafe.storeFence: available
2023-04-27 10:47:38 DEBUG PlatformDependent0:236 ? java.nio.Buffer.address: available
2023-04-27 10:47:38 DEBUG PlatformDependent0:320 ? direct buffer constructor: unavailable: Reflective setAccessible(true) disabled
2023-04-27 10:47:38 DEBUG PlatformDependent0:385 ? java.nio.Bits.unaligned: available, true
2023-04-27 10:47:38 DEBUG PlatformDependent0:452 ? jdk.internal.misc.Unsafe.allocateUninitializedArray(int): unavailable: class io.netty.util.internal.PlatformDependent0$7 cannot access class jdk.internal.misc.Unsafe (in module java.base) because module java.base does not export jdk.internal.misc to unnamed module @68f7aae2
2023-04-27 10:47:38 DEBUG PlatformDependent0:482 ? java.nio.DirectByteBuffer.<init>(long, int): unavailable
2023-04-27 10:47:38 DEBUG PlatformDependent:1159 ? sun.misc.Unsafe: available
2023-04-27 10:47:38 DEBUG PlatformDependent:1270 ? maxDirectMemory: 5339348992 bytes (maybe)
2023-04-27 10:47:38 DEBUG PlatformDependent:1289 ? -Dio.netty.tmpdir: C:\Users\rohit\AppData\Local\Temp (java.io.tmpdir)
2023-04-27 10:47:38 DEBUG PlatformDependent:1368 ? -Dio.netty.bitMode: 64 (sun.arch.data.model)
2023-04-27 10:47:38 DEBUG PlatformDependent:1119 ? Platform: Windows
2023-04-27 10:47:38 DEBUG PlatformDependent:178 ? -Dio.netty.maxDirectMemory: -1 bytes
2023-04-27 10:47:38 DEBUG PlatformDependent:185 ? -Dio.netty.uninitializedArrayAllocationThreshold: -1
2023-04-27 10:47:38 DEBUG CleanerJava9:71 ? java.nio.ByteBuffer.cleaner(): available
2023-04-27 10:47:38 DEBUG PlatformDependent:205 ? -Dio.netty.noPreferDirect: false
2023-04-27 10:47:38 DEBUG PlatformDependent:1010 ? org.jctools-core.MpscChunkedArrayQueue: available
2023-04-27 10:47:38 DEBUG InternalThreadLocalMap:100 ? -Dio.netty.threadLocalMap.stringBuilder.initialSize: 1024
2023-04-27 10:47:38 DEBUG InternalThreadLocalMap:101 ? -Dio.netty.threadLocalMap.stringBuilder.maxSize: 4096
2023-04-27 10:47:39 DEBUG JdkSslContext:83 ? Default protocols (JDK): [TLSv1.3, TLSv1.2] 
2023-04-27 10:47:39 DEBUG JdkSslContext:84 ? Default cipher suites (JDK): [TLS_ECDHE_ECDSA_WITH_AES_256_GCM_SHA384, TLS_ECDHE_ECDSA_WITH_AES_128_GCM_SHA256, TLS_ECDHE_RSA_WITH_AES_128_GCM_SHA256, TLS_ECDHE_RSA_WITH_AES_256_GCM_SHA384, TLS_ECDHE_RSA_WITH_AES_128_CBC_SHA, TLS_ECDHE_RSA_WITH_AES_256_CBC_SHA, TLS_RSA_WITH_AES_128_GCM_SHA256, TLS_RSA_WITH_AES_128_CBC_SHA, TLS_RSA_WITH_AES_256_CBC_SHA, TLS_AES_128_GCM_SHA256, TLS_AES_256_GCM_SHA384]
2023-04-27 10:47:39 DEBUG GlobalEventExecutor:53 ? -Dio.netty.globalEventExecutor.quietPeriodSeconds: 1
2023-04-27 10:47:39 DEBUG MultithreadEventLoopGroup:44 ? -Dio.netty.eventLoopThreads: 16
2023-04-27 10:47:39 DEBUG NioEventLoop:110 ? -Dio.netty.noKeySetOptimization: false
2023-04-27 10:47:39 DEBUG NioEventLoop:111 ? -Dio.netty.selectorAutoRebuildThreshold: 512
2023-04-27 10:47:39 DEBUG PooledByteBufAllocator:157 ? -Dio.netty.allocator.numHeapArenas: 16
2023-04-27 10:47:39 DEBUG PooledByteBufAllocator:158 ? -Dio.netty.allocator.numDirectArenas: 16
2023-04-27 10:47:39 DEBUG PooledByteBufAllocator:160 ? -Dio.netty.allocator.pageSize: 8192
2023-04-27 10:47:39 DEBUG PooledByteBufAllocator:165 ? -Dio.netty.allocator.maxOrder: 9
2023-04-27 10:47:39 DEBUG PooledByteBufAllocator:169 ? -Dio.netty.allocator.chunkSize: 4194304
2023-04-27 10:47:39 DEBUG PooledByteBufAllocator:170 ? -Dio.netty.allocator.smallCacheSize: 256
2023-04-27 10:47:39 DEBUG PooledByteBufAllocator:171 ? -Dio.netty.allocator.normalCacheSize: 64
2023-04-27 10:47:39 DEBUG PooledByteBufAllocator:172 ? -Dio.netty.allocator.maxCachedBufferCapacity: 32768
2023-04-27 10:47:39 DEBUG PooledByteBufAllocator:173 ? -Dio.netty.allocator.cacheTrimInterval: 8192
2023-04-27 10:47:39 DEBUG PooledByteBufAllocator:174 ? -Dio.netty.allocator.cacheTrimIntervalMillis: 0
2023-04-27 10:47:39 DEBUG PooledByteBufAllocator:175 ? -Dio.netty.allocator.useCacheForAllThreads: false
2023-04-27 10:47:39 DEBUG PooledByteBufAllocator:176 ? -Dio.netty.allocator.maxCachedByteBuffersPerChunk: 1023
2023-04-27 10:47:39 DEBUG ByteBufUtil:88 ? -Dio.netty.allocator.type: pooled
2023-04-27 10:47:39 DEBUG ByteBufUtil:97 ? -Dio.netty.threadLocalDirectBufferSize: 0
2023-04-27 10:47:39 DEBUG ByteBufUtil:100 ? -Dio.netty.maxThreadLocalCharBufferSize: 16384
2023-04-27 10:47:39 DEBUG DefaultChannelId:79 ? -Dio.netty.processId: 27248 (auto-detected)
2023-04-27 10:47:39 DEBUG NetUtil:148 ? -Djava.net.preferIPv4Stack: false
2023-04-27 10:47:39 DEBUG NetUtil:149 ? -Djava.net.preferIPv6Addresses: false
2023-04-27 10:47:39 DEBUG NetUtilInitializations:145 ? Loopback interface: lo (Software Loopback Interface 1, 127.0.0.1)
2023-04-27 10:47:39 DEBUG NetUtil:206 ? Failed to get SOMAXCONN from sysctl and file \proc\sys\net\core\somaxconn. Default: 200
2023-04-27 10:47:39 DEBUG DefaultChannelId:101 ? -Dio.netty.machineId: 70:c9:4e:ff:fe:a9:98:9d (auto-detected)
2023-04-27 10:47:39 DEBUG AbstractByteBuf:63 ? -Dio.netty.buffer.checkAccessible: true
2023-04-27 10:47:39 DEBUG AbstractByteBuf:64 ? -Dio.netty.buffer.checkBounds: true
2023-04-27 10:47:39 DEBUG ResourceLeakDetectorFactory:196 ? Loaded default ResourceLeakDetector: io.netty.util.ResourceLeakDetector@513c39d2
2023-04-27 10:47:39 DEBUG NettyConnectListener:73 ? Using new Channel '[id: 0x764865c2, L:/127.0.0.1:56543 - R:localhost/127.0.0.1:6573]' for 'POST' to '/session'
2023-04-27 10:47:39 DEBUG Recycler:96 ? -Dio.netty.recycler.maxCapacityPerThread: 4096
2023-04-27 10:47:39 DEBUG Recycler:97 ? -Dio.netty.recycler.ratio: 8
2023-04-27 10:47:39 DEBUG Recycler:98 ? -Dio.netty.recycler.chunkSize: 32
2023-04-27 10:47:39 DEBUG Recycler:99 ? -Dio.netty.recycler.blocking: false
2023-04-27 10:47:39 DEBUG Recycler:100 ? -Dio.netty.recycler.batchFastThreadLocalOnly: true
2023-04-27 10:47:40 DEBUG Brotli:38 ? brotli4j not in the classpath; Brotli support will be unavailable.
2023-04-27 10:47:40 DEBUG HttpHandler:70 ? 

Request DefaultHttpRequest(decodeResult: success, version: HTTP/1.1)
POST /session HTTP/1.1
User-Agent: selenium/4.9.0 (java windows)
Content-Length: 254
Content-Type: application/json; charset=utf-8
host: localhost:6573
accept: */*

Response DefaultHttpResponse(decodeResult: success, version: HTTP/1.1)
HTTP/1.1 200 OK
Content-Length: 859
Content-Type: application/json; charset=utf-8
cache-control: no-cache

2023-04-27 10:47:40 DEBUG ChannelManager:270 ? Adding key: http://localhost:6573 for channel [id: 0x764865c2, L:/127.0.0.1:56543 - R:localhost/127.0.0.1:6573]
2023-04-27 10:47:41 DEBUG NettyConnectListener:73 ? Using new Channel '[id: 0xc696f224, L:/127.0.0.1:56568 - R:localhost/127.0.0.1:56549]' for 'GET' to '/json/version'
2023-04-27 10:47:41 DEBUG HttpHandler:70 ? 

Request DefaultFullHttpRequest(decodeResult: success, version: HTTP/1.1, content: EmptyByteBufBE)
GET /json/version HTTP/1.1
User-Agent: selenium/4.9.0 (java windows)
host: localhost:56549
accept: */*

Response DefaultHttpResponse(decodeResult: success, version: HTTP/1.1)
HTTP/1.1 200 OK
Content-Security-Policy: frame-ancestors 'none'
Content-Length: 424
Content-Type: application/json; charset=UTF-8

2023-04-27 10:47:41 DEBUG ChannelManager:270 ? Adding key: http://localhost:56549 for channel [id: 0xc696f224, L:/127.0.0.1:56568 - R:localhost/127.0.0.1:56549]
2023-04-27 10:47:41 DEBUG ThreadLocalRandom:214 ? -Dio.netty.initialSeedUniquifier: 0x11156f9628c07510
2023-04-27 10:47:41 DEBUG NettyConnectListener:73 ? Using new Channel '[id: 0x5a2f9d4e, L:/127.0.0.1:56569 - R:localhost/127.0.0.1:56549]' for 'GET' to '/devtools/browser/5503c736-ac5a-4a40-9db5-44022aa4fe22'
2023-04-27 10:47:41 DEBUG WebSocketHandler:105 ? 

Request DefaultFullHttpRequest(decodeResult: success, version: HTTP/1.1, content: EmptyByteBufBE)
GET /devtools/browser/5503c736-ac5a-4a40-9db5-44022aa4fe22 HTTP/1.1
upgrade: websocket
connection: upgrade
sec-websocket-key: 9RBPRJd++oKFKyy+KpjtFQ==
sec-websocket-version: 13
origin: http://localhost:56549
host: localhost:56549
accept: */*
user-agent: AHC/2.1

Response DefaultHttpResponse(decodeResult: success, version: HTTP/1.1)
HTTP/1.1 101 WebSocket Protocol Handshake
Upgrade: WebSocket
Connection: Upgrade
Sec-WebSocket-Accept: LKeOfDcs0iwkQu0M0W5i/XDz9U0=

2023-04-27 10:47:41 DEBUG DefaultChannelPool:348 ? Entry count for : http://localhost:56549 : 1
2023-04-27 10:47:41 DEBUG DefaultChannelPool:348 ? Entry count for : http://localhost:6573 : 1
2023-04-27 10:47:41 DEBUG NettyRequestSender:593 ? Using pooled Channel '[id: 0x764865c2, L:/127.0.0.1:56543 - R:localhost/127.0.0.1:6573]' for 'POST' to 'http://localhost:6573/session/1376ed32b641efdb9751e2a38e5dcbe1/window/maximize'
2023-04-27 10:47:41 DEBUG NettyRequestSender:251 ? Using open Channel [id: 0x764865c2, L:/127.0.0.1:56543 - R:localhost/127.0.0.1:6573] for POST '/session/1376ed32b641efdb9751e2a38e5dcbe1/window/maximize'
2023-04-27 10:47:41 DEBUG HttpHandler:70 ? 

Request DefaultHttpRequest(decodeResult: success, version: HTTP/1.1)
POST /session/1376ed32b641efdb9751e2a38e5dcbe1/window/maximize HTTP/1.1
User-Agent: selenium/4.9.0 (java windows)
Content-Length: 3
Content-Type: application/json; charset=utf-8
host: localhost:6573
accept: */*

Response DefaultHttpResponse(decodeResult: success, version: HTTP/1.1)
HTTP/1.1 200 OK
Content-Length: 52
Content-Type: application/json; charset=utf-8
cache-control: no-cache

2023-04-27 10:47:41 DEBUG ChannelManager:270 ? Adding key: http://localhost:6573 for channel [id: 0x764865c2, L:/127.0.0.1:56543 - R:localhost/127.0.0.1:6573]
2023-04-27 10:47:41 DEBUG NettyRequestSender:593 ? Using pooled Channel '[id: 0x764865c2, L:/127.0.0.1:56543 - R:localhost/127.0.0.1:6573]' for 'POST' to 'http://localhost:6573/session/1376ed32b641efdb9751e2a38e5dcbe1/timeouts'
2023-04-27 10:47:41 DEBUG NettyRequestSender:251 ? Using open Channel [id: 0x764865c2, L:/127.0.0.1:56543 - R:localhost/127.0.0.1:6573] for POST '/session/1376ed32b641efdb9751e2a38e5dcbe1/timeouts'
2023-04-27 10:47:41 DEBUG HttpHandler:70 ? 

Request DefaultHttpRequest(decodeResult: success, version: HTTP/1.1)
POST /session/1376ed32b641efdb9751e2a38e5dcbe1/timeouts HTTP/1.1
User-Agent: selenium/4.9.0 (java windows)
Content-Length: 23
Content-Type: application/json; charset=utf-8
host: localhost:6573
accept: */*

Response DefaultHttpResponse(decodeResult: success, version: HTTP/1.1)
HTTP/1.1 200 OK
Content-Length: 14
Content-Type: application/json; charset=utf-8
cache-control: no-cache

2023-04-27 10:47:41 DEBUG ChannelManager:270 ? Adding key: http://localhost:6573 for channel [id: 0x764865c2, L:/127.0.0.1:56543 - R:localhost/127.0.0.1:6573]
2023-04-27 10:47:41 DEBUG NettyRequestSender:593 ? Using pooled Channel '[id: 0x764865c2, L:/127.0.0.1:56543 - R:localhost/127.0.0.1:6573]' for 'POST' to 'http://localhost:6573/session/1376ed32b641efdb9751e2a38e5dcbe1/url'
2023-04-27 10:47:41 DEBUG NettyRequestSender:251 ? Using open Channel [id: 0x764865c2, L:/127.0.0.1:56543 - R:localhost/127.0.0.1:6573] for POST '/session/1376ed32b641efdb9751e2a38e5dcbe1/url'
2023-04-27 10:47:42 DEBUG HttpHandler:70 ? 

Request DefaultHttpRequest(decodeResult: success, version: HTTP/1.1)
POST /session/1376ed32b641efdb9751e2a38e5dcbe1/url HTTP/1.1
User-Agent: selenium/4.9.0 (java windows)
Content-Length: 59
Content-Type: application/json; charset=utf-8
host: localhost:6573
accept: */*

Response DefaultHttpResponse(decodeResult: success, version: HTTP/1.1)
HTTP/1.1 200 OK
Content-Length: 14
Content-Type: application/json; charset=utf-8
cache-control: no-cache

2023-04-27 10:47:42 DEBUG ChannelManager:270 ? Adding key: http://localhost:6573 for channel [id: 0x764865c2, L:/127.0.0.1:56543 - R:localhost/127.0.0.1:6573]
2023-04-27 10:53:28 DEBUG InternalLoggerFactory:63 ? Using SLF4J as the default logging framework
2023-04-27 10:53:28 DEBUG ResourceLeakDetector:129 ? -Dio.netty.leakDetection.level: simple
2023-04-27 10:53:28 DEBUG ResourceLeakDetector:130 ? -Dio.netty.leakDetection.targetRecords: 4
2023-04-27 10:53:28 DEBUG ResourceLeakDetectorFactory:196 ? Loaded default ResourceLeakDetector: io.netty.util.ResourceLeakDetector@119f1f2a
2023-04-27 10:53:28 DEBUG PlatformDependent0:496 ? -Dio.netty.noUnsafe: false
2023-04-27 10:53:28 DEBUG PlatformDependent0:1000 ? Java version: 19
2023-04-27 10:53:28 DEBUG PlatformDependent0:137 ? sun.misc.Unsafe.theUnsafe: available
2023-04-27 10:53:28 DEBUG PlatformDependent0:161 ? sun.misc.Unsafe.copyMemory: available
2023-04-27 10:53:28 DEBUG PlatformDependent0:193 ? sun.misc.Unsafe.storeFence: available
2023-04-27 10:53:28 DEBUG PlatformDependent0:236 ? java.nio.Buffer.address: available
2023-04-27 10:53:28 DEBUG PlatformDependent0:320 ? direct buffer constructor: unavailable: Reflective setAccessible(true) disabled
2023-04-27 10:53:28 DEBUG PlatformDependent0:385 ? java.nio.Bits.unaligned: available, true
2023-04-27 10:53:28 DEBUG PlatformDependent0:452 ? jdk.internal.misc.Unsafe.allocateUninitializedArray(int): unavailable: class io.netty.util.internal.PlatformDependent0$7 cannot access class jdk.internal.misc.Unsafe (in module java.base) because module java.base does not export jdk.internal.misc to unnamed module @68f7aae2
2023-04-27 10:53:28 DEBUG PlatformDependent0:482 ? java.nio.DirectByteBuffer.<init>(long, int): unavailable
2023-04-27 10:53:28 DEBUG PlatformDependent:1159 ? sun.misc.Unsafe: available
2023-04-27 10:53:28 DEBUG PlatformDependent:1270 ? maxDirectMemory: 5339348992 bytes (maybe)
2023-04-27 10:53:28 DEBUG PlatformDependent:1289 ? -Dio.netty.tmpdir: C:\Users\rohit\AppData\Local\Temp (java.io.tmpdir)
2023-04-27 10:53:28 DEBUG PlatformDependent:1368 ? -Dio.netty.bitMode: 64 (sun.arch.data.model)
2023-04-27 10:53:28 DEBUG PlatformDependent:1119 ? Platform: Windows
2023-04-27 10:53:28 DEBUG PlatformDependent:178 ? -Dio.netty.maxDirectMemory: -1 bytes
2023-04-27 10:53:28 DEBUG PlatformDependent:185 ? -Dio.netty.uninitializedArrayAllocationThreshold: -1
2023-04-27 10:53:28 DEBUG CleanerJava9:71 ? java.nio.ByteBuffer.cleaner(): available
2023-04-27 10:53:28 DEBUG PlatformDependent:205 ? -Dio.netty.noPreferDirect: false
2023-04-27 10:53:28 DEBUG PlatformDependent:1010 ? org.jctools-core.MpscChunkedArrayQueue: available
2023-04-27 10:53:28 DEBUG InternalThreadLocalMap:100 ? -Dio.netty.threadLocalMap.stringBuilder.initialSize: 1024
2023-04-27 10:53:28 DEBUG InternalThreadLocalMap:101 ? -Dio.netty.threadLocalMap.stringBuilder.maxSize: 4096
2023-04-27 10:53:28 DEBUG JdkSslContext:83 ? Default protocols (JDK): [TLSv1.3, TLSv1.2] 
2023-04-27 10:53:28 DEBUG JdkSslContext:84 ? Default cipher suites (JDK): [TLS_ECDHE_ECDSA_WITH_AES_256_GCM_SHA384, TLS_ECDHE_ECDSA_WITH_AES_128_GCM_SHA256, TLS_ECDHE_RSA_WITH_AES_128_GCM_SHA256, TLS_ECDHE_RSA_WITH_AES_256_GCM_SHA384, TLS_ECDHE_RSA_WITH_AES_128_CBC_SHA, TLS_ECDHE_RSA_WITH_AES_256_CBC_SHA, TLS_RSA_WITH_AES_128_GCM_SHA256, TLS_RSA_WITH_AES_128_CBC_SHA, TLS_RSA_WITH_AES_256_CBC_SHA, TLS_AES_128_GCM_SHA256, TLS_AES_256_GCM_SHA384]
2023-04-27 10:53:28 DEBUG GlobalEventExecutor:53 ? -Dio.netty.globalEventExecutor.quietPeriodSeconds: 1
2023-04-27 10:53:28 DEBUG MultithreadEventLoopGroup:44 ? -Dio.netty.eventLoopThreads: 16
2023-04-27 10:53:28 DEBUG NioEventLoop:110 ? -Dio.netty.noKeySetOptimization: false
2023-04-27 10:53:28 DEBUG NioEventLoop:111 ? -Dio.netty.selectorAutoRebuildThreshold: 512
2023-04-27 10:53:29 DEBUG PooledByteBufAllocator:157 ? -Dio.netty.allocator.numHeapArenas: 16
2023-04-27 10:53:29 DEBUG PooledByteBufAllocator:158 ? -Dio.netty.allocator.numDirectArenas: 16
2023-04-27 10:53:29 DEBUG PooledByteBufAllocator:160 ? -Dio.netty.allocator.pageSize: 8192
2023-04-27 10:53:29 DEBUG PooledByteBufAllocator:165 ? -Dio.netty.allocator.maxOrder: 9
2023-04-27 10:53:29 DEBUG PooledByteBufAllocator:169 ? -Dio.netty.allocator.chunkSize: 4194304
2023-04-27 10:53:29 DEBUG PooledByteBufAllocator:170 ? -Dio.netty.allocator.smallCacheSize: 256
2023-04-27 10:53:29 DEBUG PooledByteBufAllocator:171 ? -Dio.netty.allocator.normalCacheSize: 64
2023-04-27 10:53:29 DEBUG PooledByteBufAllocator:172 ? -Dio.netty.allocator.maxCachedBufferCapacity: 32768
2023-04-27 10:53:29 DEBUG PooledByteBufAllocator:173 ? -Dio.netty.allocator.cacheTrimInterval: 8192
2023-04-27 10:53:29 DEBUG PooledByteBufAllocator:174 ? -Dio.netty.allocator.cacheTrimIntervalMillis: 0
2023-04-27 10:53:29 DEBUG PooledByteBufAllocator:175 ? -Dio.netty.allocator.useCacheForAllThreads: false
2023-04-27 10:53:29 DEBUG PooledByteBufAllocator:176 ? -Dio.netty.allocator.maxCachedByteBuffersPerChunk: 1023
2023-04-27 10:53:29 DEBUG ByteBufUtil:88 ? -Dio.netty.allocator.type: pooled
2023-04-27 10:53:29 DEBUG ByteBufUtil:97 ? -Dio.netty.threadLocalDirectBufferSize: 0
2023-04-27 10:53:29 DEBUG ByteBufUtil:100 ? -Dio.netty.maxThreadLocalCharBufferSize: 16384
2023-04-27 10:53:29 DEBUG DefaultChannelId:79 ? -Dio.netty.processId: 31196 (auto-detected)
2023-04-27 10:53:29 DEBUG NetUtil:148 ? -Djava.net.preferIPv4Stack: false
2023-04-27 10:53:29 DEBUG NetUtil:149 ? -Djava.net.preferIPv6Addresses: false
2023-04-27 10:53:29 DEBUG NetUtilInitializations:145 ? Loopback interface: lo (Software Loopback Interface 1, 127.0.0.1)
2023-04-27 10:53:29 DEBUG NetUtil:206 ? Failed to get SOMAXCONN from sysctl and file \proc\sys\net\core\somaxconn. Default: 200
2023-04-27 10:53:29 DEBUG DefaultChannelId:101 ? -Dio.netty.machineId: 70:c9:4e:ff:fe:a9:98:9d (auto-detected)
2023-04-27 10:53:29 DEBUG AbstractByteBuf:63 ? -Dio.netty.buffer.checkAccessible: true
2023-04-27 10:53:29 DEBUG AbstractByteBuf:64 ? -Dio.netty.buffer.checkBounds: true
2023-04-27 10:53:29 DEBUG ResourceLeakDetectorFactory:196 ? Loaded default ResourceLeakDetector: io.netty.util.ResourceLeakDetector@1703424e
2023-04-27 10:53:29 DEBUG NettyConnectListener:73 ? Using new Channel '[id: 0x9f0799c0, L:/127.0.0.1:57230 - R:localhost/127.0.0.1:16713]' for 'POST' to '/session'
2023-04-27 10:53:29 DEBUG Recycler:96 ? -Dio.netty.recycler.maxCapacityPerThread: 4096
2023-04-27 10:53:29 DEBUG Recycler:97 ? -Dio.netty.recycler.ratio: 8
2023-04-27 10:53:29 DEBUG Recycler:98 ? -Dio.netty.recycler.chunkSize: 32
2023-04-27 10:53:29 DEBUG Recycler:99 ? -Dio.netty.recycler.blocking: false
2023-04-27 10:53:29 DEBUG Recycler:100 ? -Dio.netty.recycler.batchFastThreadLocalOnly: true
2023-04-27 10:53:31 DEBUG Brotli:38 ? brotli4j not in the classpath; Brotli support will be unavailable.
2023-04-27 10:53:31 DEBUG HttpHandler:70 ? 

Request DefaultHttpRequest(decodeResult: success, version: HTTP/1.1)
POST /session HTTP/1.1
User-Agent: selenium/4.9.0 (java windows)
Content-Length: 254
Content-Type: application/json; charset=utf-8
host: localhost:16713
accept: */*

Response DefaultHttpResponse(decodeResult: success, version: HTTP/1.1)
HTTP/1.1 200 OK
Content-Length: 860
Content-Type: application/json; charset=utf-8
cache-control: no-cache

2023-04-27 10:53:31 DEBUG ChannelManager:270 ? Adding key: http://localhost:16713 for channel [id: 0x9f0799c0, L:/127.0.0.1:57230 - R:localhost/127.0.0.1:16713]
2023-04-27 10:53:31 DEBUG NettyConnectListener:73 ? Using new Channel '[id: 0xf4c5496f, L:/127.0.0.1:57249 - R:localhost/127.0.0.1:57233]' for 'GET' to '/json/version'
2023-04-27 10:53:31 DEBUG HttpHandler:70 ? 

Request DefaultFullHttpRequest(decodeResult: success, version: HTTP/1.1, content: EmptyByteBufBE)
GET /json/version HTTP/1.1
User-Agent: selenium/4.9.0 (java windows)
host: localhost:57233
accept: */*

Response DefaultHttpResponse(decodeResult: success, version: HTTP/1.1)
HTTP/1.1 200 OK
Content-Security-Policy: frame-ancestors 'none'
Content-Length: 424
Content-Type: application/json; charset=UTF-8

2023-04-27 10:53:31 DEBUG ChannelManager:270 ? Adding key: http://localhost:57233 for channel [id: 0xf4c5496f, L:/127.0.0.1:57249 - R:localhost/127.0.0.1:57233]
2023-04-27 10:53:31 DEBUG ThreadLocalRandom:214 ? -Dio.netty.initialSeedUniquifier: 0xbecfb7622438aab8
2023-04-27 10:53:31 DEBUG NettyConnectListener:73 ? Using new Channel '[id: 0xc711c845, L:/127.0.0.1:57251 - R:localhost/127.0.0.1:57233]' for 'GET' to '/devtools/browser/8a39493a-6a4e-4bc0-aee8-f2fb022206b5'
2023-04-27 10:53:31 DEBUG WebSocketHandler:105 ? 

Request DefaultFullHttpRequest(decodeResult: success, version: HTTP/1.1, content: EmptyByteBufBE)
GET /devtools/browser/8a39493a-6a4e-4bc0-aee8-f2fb022206b5 HTTP/1.1
upgrade: websocket
connection: upgrade
sec-websocket-key: yVtUVGRxwCpIZatQRLFpHw==
sec-websocket-version: 13
origin: http://localhost:57233
host: localhost:57233
accept: */*
user-agent: AHC/2.1

Response DefaultHttpResponse(decodeResult: success, version: HTTP/1.1)
HTTP/1.1 101 WebSocket Protocol Handshake
Upgrade: WebSocket
Connection: Upgrade
Sec-WebSocket-Accept: nnNqmsxk5A6r2J5tLgK0eJEsHbg=

2023-04-27 10:53:31 DEBUG NettyRequestSender:593 ? Using pooled Channel '[id: 0x9f0799c0, L:/127.0.0.1:57230 - R:localhost/127.0.0.1:16713]' for 'POST' to 'http://localhost:16713/session/ed714248396e281e90596183c6047b0b/window/maximize'
2023-04-27 10:53:31 DEBUG NettyRequestSender:251 ? Using open Channel [id: 0x9f0799c0, L:/127.0.0.1:57230 - R:localhost/127.0.0.1:16713] for POST '/session/ed714248396e281e90596183c6047b0b/window/maximize'
2023-04-27 10:53:32 DEBUG HttpHandler:70 ? 

Request DefaultHttpRequest(decodeResult: success, version: HTTP/1.1)
POST /session/ed714248396e281e90596183c6047b0b/window/maximize HTTP/1.1
User-Agent: selenium/4.9.0 (java windows)
Content-Length: 3
Content-Type: application/json; charset=utf-8
host: localhost:16713
accept: */*

Response DefaultHttpResponse(decodeResult: success, version: HTTP/1.1)
HTTP/1.1 200 OK
Content-Length: 52
Content-Type: application/json; charset=utf-8
cache-control: no-cache

2023-04-27 10:53:32 DEBUG ChannelManager:270 ? Adding key: http://localhost:16713 for channel [id: 0x9f0799c0, L:/127.0.0.1:57230 - R:localhost/127.0.0.1:16713]
2023-04-27 10:53:32 DEBUG NettyRequestSender:593 ? Using pooled Channel '[id: 0x9f0799c0, L:/127.0.0.1:57230 - R:localhost/127.0.0.1:16713]' for 'POST' to 'http://localhost:16713/session/ed714248396e281e90596183c6047b0b/timeouts'
2023-04-27 10:53:32 DEBUG NettyRequestSender:251 ? Using open Channel [id: 0x9f0799c0, L:/127.0.0.1:57230 - R:localhost/127.0.0.1:16713] for POST '/session/ed714248396e281e90596183c6047b0b/timeouts'
2023-04-27 10:53:32 DEBUG HttpHandler:70 ? 

Request DefaultHttpRequest(decodeResult: success, version: HTTP/1.1)
POST /session/ed714248396e281e90596183c6047b0b/timeouts HTTP/1.1
User-Agent: selenium/4.9.0 (java windows)
Content-Length: 23
Content-Type: application/json; charset=utf-8
host: localhost:16713
accept: */*

Response DefaultHttpResponse(decodeResult: success, version: HTTP/1.1)
HTTP/1.1 200 OK
Content-Length: 14
Content-Type: application/json; charset=utf-8
cache-control: no-cache

2023-04-27 10:53:32 DEBUG ChannelManager:270 ? Adding key: http://localhost:16713 for channel [id: 0x9f0799c0, L:/127.0.0.1:57230 - R:localhost/127.0.0.1:16713]
2023-04-27 10:53:32 DEBUG DefaultChannelPool:348 ? Entry count for : http://localhost:16713 : 1
2023-04-27 10:53:32 DEBUG DefaultChannelPool:348 ? Entry count for : http://localhost:57233 : 1
2023-04-27 10:53:32 DEBUG NettyRequestSender:593 ? Using pooled Channel '[id: 0x9f0799c0, L:/127.0.0.1:57230 - R:localhost/127.0.0.1:16713]' for 'POST' to 'http://localhost:16713/session/ed714248396e281e90596183c6047b0b/url'
2023-04-27 10:53:32 DEBUG NettyRequestSender:251 ? Using open Channel [id: 0x9f0799c0, L:/127.0.0.1:57230 - R:localhost/127.0.0.1:16713] for POST '/session/ed714248396e281e90596183c6047b0b/url'
2023-04-27 10:53:33 DEBUG DefaultChannelPool:348 ? Entry count for : http://localhost:57233 : 1
2023-04-27 10:53:33 DEBUG HttpHandler:70 ? 

Request DefaultHttpRequest(decodeResult: success, version: HTTP/1.1)
POST /session/ed714248396e281e90596183c6047b0b/url HTTP/1.1
User-Agent: selenium/4.9.0 (java windows)
Content-Length: 59
Content-Type: application/json; charset=utf-8
host: localhost:16713
accept: */*

Response DefaultHttpResponse(decodeResult: success, version: HTTP/1.1)
HTTP/1.1 200 OK
Content-Length: 14
Content-Type: application/json; charset=utf-8
cache-control: no-cache

2023-04-27 10:53:33 DEBUG ChannelManager:270 ? Adding key: http://localhost:16713 for channel [id: 0x9f0799c0, L:/127.0.0.1:57230 - R:localhost/127.0.0.1:16713]
2023-04-27 10:53:33 DEBUG NettyRequestSender:593 ? Using pooled Channel '[id: 0x9f0799c0, L:/127.0.0.1:57230 - R:localhost/127.0.0.1:16713]' for 'POST' to 'http://localhost:16713/session/ed714248396e281e90596183c6047b0b/element'
2023-04-27 10:53:33 DEBUG NettyRequestSender:251 ? Using open Channel [id: 0x9f0799c0, L:/127.0.0.1:57230 - R:localhost/127.0.0.1:16713] for POST '/session/ed714248396e281e90596183c6047b0b/element'
2023-04-27 10:53:33 DEBUG HttpHandler:70 ? 

Request DefaultHttpRequest(decodeResult: success, version: HTTP/1.1)
POST /session/ed714248396e281e90596183c6047b0b/element HTTP/1.1
User-Agent: selenium/4.9.0 (java windows)
Content-Length: 71
Content-Type: application/json; charset=utf-8
host: localhost:16713
accept: */*

Response DefaultHttpResponse(decodeResult: success, version: HTTP/1.1)
HTTP/1.1 200 OK
Content-Length: 88
Content-Type: application/json; charset=utf-8
cache-control: no-cache

2023-04-27 10:53:33 DEBUG ChannelManager:270 ? Adding key: http://localhost:16713 for channel [id: 0x9f0799c0, L:/127.0.0.1:57230 - R:localhost/127.0.0.1:16713]
2023-04-27 10:53:33 DEBUG NettyRequestSender:593 ? Using pooled Channel '[id: 0x9f0799c0, L:/127.0.0.1:57230 - R:localhost/127.0.0.1:16713]' for 'POST' to 'http://localhost:16713/session/ed714248396e281e90596183c6047b0b/element'
2023-04-27 10:53:33 DEBUG NettyRequestSender:251 ? Using open Channel [id: 0x9f0799c0, L:/127.0.0.1:57230 - R:localhost/127.0.0.1:16713] for POST '/session/ed714248396e281e90596183c6047b0b/element'
2023-04-27 10:53:33 DEBUG HttpHandler:70 ? 

Request DefaultHttpRequest(decodeResult: success, version: HTTP/1.1)
POST /session/ed714248396e281e90596183c6047b0b/element HTTP/1.1
User-Agent: selenium/4.9.0 (java windows)
Content-Length: 152
Content-Type: application/json; charset=utf-8
host: localhost:16713
accept: */*

Response DefaultHttpResponse(decodeResult: success, version: HTTP/1.1)
HTTP/1.1 400 Bad Request
Content-Length: 1358
Content-Type: application/json; charset=utf-8
cache-control: no-cache

2023-04-27 10:53:33 DEBUG ChannelManager:270 ? Adding key: http://localhost:16713 for channel [id: 0x9f0799c0, L:/127.0.0.1:57230 - R:localhost/127.0.0.1:16713]
2023-04-27 10:54:14 DEBUG InternalLoggerFactory:63 ? Using SLF4J as the default logging framework
2023-04-27 10:54:14 DEBUG ResourceLeakDetector:129 ? -Dio.netty.leakDetection.level: simple
2023-04-27 10:54:14 DEBUG ResourceLeakDetector:130 ? -Dio.netty.leakDetection.targetRecords: 4
2023-04-27 10:54:14 DEBUG ResourceLeakDetectorFactory:196 ? Loaded default ResourceLeakDetector: io.netty.util.ResourceLeakDetector@4e76dac
2023-04-27 10:54:14 DEBUG PlatformDependent0:496 ? -Dio.netty.noUnsafe: false
2023-04-27 10:54:14 DEBUG PlatformDependent0:1000 ? Java version: 19
2023-04-27 10:54:14 DEBUG PlatformDependent0:137 ? sun.misc.Unsafe.theUnsafe: available
2023-04-27 10:54:14 DEBUG PlatformDependent0:161 ? sun.misc.Unsafe.copyMemory: available
2023-04-27 10:54:14 DEBUG PlatformDependent0:193 ? sun.misc.Unsafe.storeFence: available
2023-04-27 10:54:14 DEBUG PlatformDependent0:236 ? java.nio.Buffer.address: available
2023-04-27 10:54:14 DEBUG PlatformDependent0:320 ? direct buffer constructor: unavailable: Reflective setAccessible(true) disabled
2023-04-27 10:54:14 DEBUG PlatformDependent0:385 ? java.nio.Bits.unaligned: available, true
2023-04-27 10:54:14 DEBUG PlatformDependent0:452 ? jdk.internal.misc.Unsafe.allocateUninitializedArray(int): unavailable: class io.netty.util.internal.PlatformDependent0$7 cannot access class jdk.internal.misc.Unsafe (in module java.base) because module java.base does not export jdk.internal.misc to unnamed module @68f7aae2
2023-04-27 10:54:14 DEBUG PlatformDependent0:482 ? java.nio.DirectByteBuffer.<init>(long, int): unavailable
2023-04-27 10:54:14 DEBUG PlatformDependent:1159 ? sun.misc.Unsafe: available
2023-04-27 10:54:14 DEBUG PlatformDependent:1270 ? maxDirectMemory: 5339348992 bytes (maybe)
2023-04-27 10:54:14 DEBUG PlatformDependent:1289 ? -Dio.netty.tmpdir: C:\Users\rohit\AppData\Local\Temp (java.io.tmpdir)
2023-04-27 10:54:14 DEBUG PlatformDependent:1368 ? -Dio.netty.bitMode: 64 (sun.arch.data.model)
2023-04-27 10:54:14 DEBUG PlatformDependent:1119 ? Platform: Windows
2023-04-27 10:54:14 DEBUG PlatformDependent:178 ? -Dio.netty.maxDirectMemory: -1 bytes
2023-04-27 10:54:14 DEBUG PlatformDependent:185 ? -Dio.netty.uninitializedArrayAllocationThreshold: -1
2023-04-27 10:54:14 DEBUG CleanerJava9:71 ? java.nio.ByteBuffer.cleaner(): available
2023-04-27 10:54:14 DEBUG PlatformDependent:205 ? -Dio.netty.noPreferDirect: false
2023-04-27 10:54:14 DEBUG PlatformDependent:1010 ? org.jctools-core.MpscChunkedArrayQueue: available
2023-04-27 10:54:14 DEBUG InternalThreadLocalMap:100 ? -Dio.netty.threadLocalMap.stringBuilder.initialSize: 1024
2023-04-27 10:54:14 DEBUG InternalThreadLocalMap:101 ? -Dio.netty.threadLocalMap.stringBuilder.maxSize: 4096
2023-04-27 10:54:14 DEBUG JdkSslContext:83 ? Default protocols (JDK): [TLSv1.3, TLSv1.2] 
2023-04-27 10:54:14 DEBUG JdkSslContext:84 ? Default cipher suites (JDK): [TLS_ECDHE_ECDSA_WITH_AES_256_GCM_SHA384, TLS_ECDHE_ECDSA_WITH_AES_128_GCM_SHA256, TLS_ECDHE_RSA_WITH_AES_128_GCM_SHA256, TLS_ECDHE_RSA_WITH_AES_256_GCM_SHA384, TLS_ECDHE_RSA_WITH_AES_128_CBC_SHA, TLS_ECDHE_RSA_WITH_AES_256_CBC_SHA, TLS_RSA_WITH_AES_128_GCM_SHA256, TLS_RSA_WITH_AES_128_CBC_SHA, TLS_RSA_WITH_AES_256_CBC_SHA, TLS_AES_128_GCM_SHA256, TLS_AES_256_GCM_SHA384]
2023-04-27 10:54:14 DEBUG GlobalEventExecutor:53 ? -Dio.netty.globalEventExecutor.quietPeriodSeconds: 1
2023-04-27 10:54:14 DEBUG MultithreadEventLoopGroup:44 ? -Dio.netty.eventLoopThreads: 16
2023-04-27 10:54:14 DEBUG NioEventLoop:110 ? -Dio.netty.noKeySetOptimization: false
2023-04-27 10:54:14 DEBUG NioEventLoop:111 ? -Dio.netty.selectorAutoRebuildThreshold: 512
2023-04-27 10:54:15 DEBUG PooledByteBufAllocator:157 ? -Dio.netty.allocator.numHeapArenas: 16
2023-04-27 10:54:15 DEBUG PooledByteBufAllocator:158 ? -Dio.netty.allocator.numDirectArenas: 16
2023-04-27 10:54:15 DEBUG PooledByteBufAllocator:160 ? -Dio.netty.allocator.pageSize: 8192
2023-04-27 10:54:15 DEBUG PooledByteBufAllocator:165 ? -Dio.netty.allocator.maxOrder: 9
2023-04-27 10:54:15 DEBUG PooledByteBufAllocator:169 ? -Dio.netty.allocator.chunkSize: 4194304
2023-04-27 10:54:15 DEBUG PooledByteBufAllocator:170 ? -Dio.netty.allocator.smallCacheSize: 256
2023-04-27 10:54:15 DEBUG PooledByteBufAllocator:171 ? -Dio.netty.allocator.normalCacheSize: 64
2023-04-27 10:54:15 DEBUG PooledByteBufAllocator:172 ? -Dio.netty.allocator.maxCachedBufferCapacity: 32768
2023-04-27 10:54:15 DEBUG PooledByteBufAllocator:173 ? -Dio.netty.allocator.cacheTrimInterval: 8192
2023-04-27 10:54:15 DEBUG PooledByteBufAllocator:174 ? -Dio.netty.allocator.cacheTrimIntervalMillis: 0
2023-04-27 10:54:15 DEBUG PooledByteBufAllocator:175 ? -Dio.netty.allocator.useCacheForAllThreads: false
2023-04-27 10:54:15 DEBUG PooledByteBufAllocator:176 ? -Dio.netty.allocator.maxCachedByteBuffersPerChunk: 1023
2023-04-27 10:54:15 DEBUG ByteBufUtil:88 ? -Dio.netty.allocator.type: pooled
2023-04-27 10:54:15 DEBUG ByteBufUtil:97 ? -Dio.netty.threadLocalDirectBufferSize: 0
2023-04-27 10:54:15 DEBUG ByteBufUtil:100 ? -Dio.netty.maxThreadLocalCharBufferSize: 16384
2023-04-27 10:54:15 DEBUG DefaultChannelId:79 ? -Dio.netty.processId: 37764 (auto-detected)
2023-04-27 10:54:15 DEBUG NetUtil:148 ? -Djava.net.preferIPv4Stack: false
2023-04-27 10:54:15 DEBUG NetUtil:149 ? -Djava.net.preferIPv6Addresses: false
2023-04-27 10:54:15 DEBUG NetUtilInitializations:145 ? Loopback interface: lo (Software Loopback Interface 1, 127.0.0.1)
2023-04-27 10:54:15 DEBUG NetUtil:206 ? Failed to get SOMAXCONN from sysctl and file \proc\sys\net\core\somaxconn. Default: 200
2023-04-27 10:54:15 DEBUG DefaultChannelId:101 ? -Dio.netty.machineId: 70:c9:4e:ff:fe:a9:98:9d (auto-detected)
2023-04-27 10:54:15 DEBUG AbstractByteBuf:63 ? -Dio.netty.buffer.checkAccessible: true
2023-04-27 10:54:15 DEBUG AbstractByteBuf:64 ? -Dio.netty.buffer.checkBounds: true
2023-04-27 10:54:15 DEBUG ResourceLeakDetectorFactory:196 ? Loaded default ResourceLeakDetector: io.netty.util.ResourceLeakDetector@27fbf29d
2023-04-27 10:54:15 DEBUG NettyConnectListener:73 ? Using new Channel '[id: 0x757ce096, L:/127.0.0.1:57368 - R:localhost/127.0.0.1:46761]' for 'POST' to '/session'
2023-04-27 10:54:15 DEBUG Recycler:96 ? -Dio.netty.recycler.maxCapacityPerThread: 4096
2023-04-27 10:54:15 DEBUG Recycler:97 ? -Dio.netty.recycler.ratio: 8
2023-04-27 10:54:15 DEBUG Recycler:98 ? -Dio.netty.recycler.chunkSize: 32
2023-04-27 10:54:15 DEBUG Recycler:99 ? -Dio.netty.recycler.blocking: false
2023-04-27 10:54:15 DEBUG Recycler:100 ? -Dio.netty.recycler.batchFastThreadLocalOnly: true
2023-04-27 10:54:16 DEBUG Brotli:38 ? brotli4j not in the classpath; Brotli support will be unavailable.
2023-04-27 10:54:16 DEBUG HttpHandler:70 ? 

Request DefaultHttpRequest(decodeResult: success, version: HTTP/1.1)
POST /session HTTP/1.1
User-Agent: selenium/4.9.0 (java windows)
Content-Length: 254
Content-Type: application/json; charset=utf-8
host: localhost:46761
accept: */*

Response DefaultHttpResponse(decodeResult: success, version: HTTP/1.1)
HTTP/1.1 200 OK
Content-Length: 860
Content-Type: application/json; charset=utf-8
cache-control: no-cache

2023-04-27 10:54:16 DEBUG ChannelManager:270 ? Adding key: http://localhost:46761 for channel [id: 0x757ce096, L:/127.0.0.1:57368 - R:localhost/127.0.0.1:46761]
2023-04-27 10:54:16 DEBUG NettyConnectListener:73 ? Using new Channel '[id: 0xd22bd4f0, L:/127.0.0.1:57393 - R:localhost/127.0.0.1:57373]' for 'GET' to '/json/version'
2023-04-27 10:54:16 DEBUG HttpHandler:70 ? 

Request DefaultFullHttpRequest(decodeResult: success, version: HTTP/1.1, content: EmptyByteBufBE)
GET /json/version HTTP/1.1
User-Agent: selenium/4.9.0 (java windows)
host: localhost:57373
accept: */*

Response DefaultHttpResponse(decodeResult: success, version: HTTP/1.1)
HTTP/1.1 200 OK
Content-Security-Policy: frame-ancestors 'none'
Content-Length: 424
Content-Type: application/json; charset=UTF-8

2023-04-27 10:54:16 DEBUG ChannelManager:270 ? Adding key: http://localhost:57373 for channel [id: 0xd22bd4f0, L:/127.0.0.1:57393 - R:localhost/127.0.0.1:57373]
2023-04-27 10:54:16 DEBUG ThreadLocalRandom:214 ? -Dio.netty.initialSeedUniquifier: 0xd1a7468f55416dde
2023-04-27 10:54:17 DEBUG NettyConnectListener:73 ? Using new Channel '[id: 0x6081323b, L:/127.0.0.1:57394 - R:localhost/127.0.0.1:57373]' for 'GET' to '/devtools/browser/29abd2d3-b56c-4950-840d-6cb2baf7ffb0'
2023-04-27 10:54:17 DEBUG WebSocketHandler:105 ? 

Request DefaultFullHttpRequest(decodeResult: success, version: HTTP/1.1, content: EmptyByteBufBE)
GET /devtools/browser/29abd2d3-b56c-4950-840d-6cb2baf7ffb0 HTTP/1.1
upgrade: websocket
connection: upgrade
sec-websocket-key: AxtFT377c41OLEM7zDpXgg==
sec-websocket-version: 13
origin: http://localhost:57373
host: localhost:57373
accept: */*
user-agent: AHC/2.1

Response DefaultHttpResponse(decodeResult: success, version: HTTP/1.1)
HTTP/1.1 101 WebSocket Protocol Handshake
Upgrade: WebSocket
Connection: Upgrade
Sec-WebSocket-Accept: sFAtFLQ8tKkgPnxl0x3ax5cBtlY=

2023-04-27 10:54:17 DEBUG DefaultChannelPool:348 ? Entry count for : http://localhost:46761 : 1
2023-04-27 10:54:17 DEBUG DefaultChannelPool:348 ? Entry count for : http://localhost:57373 : 1
2023-04-27 10:54:17 DEBUG NettyRequestSender:593 ? Using pooled Channel '[id: 0x757ce096, L:/127.0.0.1:57368 - R:localhost/127.0.0.1:46761]' for 'POST' to 'http://localhost:46761/session/7b520247c20bedb6f32de0de468bcb16/window/maximize'
2023-04-27 10:54:17 DEBUG NettyRequestSender:251 ? Using open Channel [id: 0x757ce096, L:/127.0.0.1:57368 - R:localhost/127.0.0.1:46761] for POST '/session/7b520247c20bedb6f32de0de468bcb16/window/maximize'
2023-04-27 10:54:17 DEBUG HttpHandler:70 ? 

Request DefaultHttpRequest(decodeResult: success, version: HTTP/1.1)
POST /session/7b520247c20bedb6f32de0de468bcb16/window/maximize HTTP/1.1
User-Agent: selenium/4.9.0 (java windows)
Content-Length: 3
Content-Type: application/json; charset=utf-8
host: localhost:46761
accept: */*

Response DefaultHttpResponse(decodeResult: success, version: HTTP/1.1)
HTTP/1.1 200 OK
Content-Length: 52
Content-Type: application/json; charset=utf-8
cache-control: no-cache

2023-04-27 10:54:17 DEBUG ChannelManager:270 ? Adding key: http://localhost:46761 for channel [id: 0x757ce096, L:/127.0.0.1:57368 - R:localhost/127.0.0.1:46761]
2023-04-27 10:54:17 DEBUG NettyRequestSender:593 ? Using pooled Channel '[id: 0x757ce096, L:/127.0.0.1:57368 - R:localhost/127.0.0.1:46761]' for 'POST' to 'http://localhost:46761/session/7b520247c20bedb6f32de0de468bcb16/timeouts'
2023-04-27 10:54:17 DEBUG NettyRequestSender:251 ? Using open Channel [id: 0x757ce096, L:/127.0.0.1:57368 - R:localhost/127.0.0.1:46761] for POST '/session/7b520247c20bedb6f32de0de468bcb16/timeouts'
2023-04-27 10:54:17 DEBUG HttpHandler:70 ? 

Request DefaultHttpRequest(decodeResult: success, version: HTTP/1.1)
POST /session/7b520247c20bedb6f32de0de468bcb16/timeouts HTTP/1.1
User-Agent: selenium/4.9.0 (java windows)
Content-Length: 23
Content-Type: application/json; charset=utf-8
host: localhost:46761
accept: */*

Response DefaultHttpResponse(decodeResult: success, version: HTTP/1.1)
HTTP/1.1 200 OK
Content-Length: 14
Content-Type: application/json; charset=utf-8
cache-control: no-cache

2023-04-27 10:54:17 DEBUG ChannelManager:270 ? Adding key: http://localhost:46761 for channel [id: 0x757ce096, L:/127.0.0.1:57368 - R:localhost/127.0.0.1:46761]
2023-04-27 10:54:17 DEBUG NettyRequestSender:593 ? Using pooled Channel '[id: 0x757ce096, L:/127.0.0.1:57368 - R:localhost/127.0.0.1:46761]' for 'POST' to 'http://localhost:46761/session/7b520247c20bedb6f32de0de468bcb16/url'
2023-04-27 10:54:17 DEBUG NettyRequestSender:251 ? Using open Channel [id: 0x757ce096, L:/127.0.0.1:57368 - R:localhost/127.0.0.1:46761] for POST '/session/7b520247c20bedb6f32de0de468bcb16/url'
2023-04-27 10:54:18 DEBUG HttpHandler:70 ? 

Request DefaultHttpRequest(decodeResult: success, version: HTTP/1.1)
POST /session/7b520247c20bedb6f32de0de468bcb16/url HTTP/1.1
User-Agent: selenium/4.9.0 (java windows)
Content-Length: 59
Content-Type: application/json; charset=utf-8
host: localhost:46761
accept: */*

Response DefaultHttpResponse(decodeResult: success, version: HTTP/1.1)
HTTP/1.1 200 OK
Content-Length: 14
Content-Type: application/json; charset=utf-8
cache-control: no-cache

2023-04-27 10:54:18 DEBUG ChannelManager:270 ? Adding key: http://localhost:46761 for channel [id: 0x757ce096, L:/127.0.0.1:57368 - R:localhost/127.0.0.1:46761]
2023-04-27 10:54:18 DEBUG NettyRequestSender:593 ? Using pooled Channel '[id: 0x757ce096, L:/127.0.0.1:57368 - R:localhost/127.0.0.1:46761]' for 'POST' to 'http://localhost:46761/session/7b520247c20bedb6f32de0de468bcb16/element'
2023-04-27 10:54:18 DEBUG NettyRequestSender:251 ? Using open Channel [id: 0x757ce096, L:/127.0.0.1:57368 - R:localhost/127.0.0.1:46761] for POST '/session/7b520247c20bedb6f32de0de468bcb16/element'
2023-04-27 10:54:18 DEBUG DefaultChannelPool:348 ? Entry count for : http://localhost:57373 : 1
2023-04-27 10:54:18 DEBUG HttpHandler:70 ? 

Request DefaultHttpRequest(decodeResult: success, version: HTTP/1.1)
POST /session/7b520247c20bedb6f32de0de468bcb16/element HTTP/1.1
User-Agent: selenium/4.9.0 (java windows)
Content-Length: 69
Content-Type: application/json; charset=utf-8
host: localhost:46761
accept: */*

Response DefaultHttpResponse(decodeResult: success, version: HTTP/1.1)
HTTP/1.1 200 OK
Content-Length: 88
Content-Type: application/json; charset=utf-8
cache-control: no-cache

2023-04-27 10:54:18 DEBUG ChannelManager:270 ? Adding key: http://localhost:46761 for channel [id: 0x757ce096, L:/127.0.0.1:57368 - R:localhost/127.0.0.1:46761]
2023-04-27 10:54:18 DEBUG NettyRequestSender:593 ? Using pooled Channel '[id: 0x757ce096, L:/127.0.0.1:57368 - R:localhost/127.0.0.1:46761]' for 'POST' to 'http://localhost:46761/session/7b520247c20bedb6f32de0de468bcb16/element'
2023-04-27 10:54:18 DEBUG NettyRequestSender:251 ? Using open Channel [id: 0x757ce096, L:/127.0.0.1:57368 - R:localhost/127.0.0.1:46761] for POST '/session/7b520247c20bedb6f32de0de468bcb16/element'
2023-04-27 10:54:18 DEBUG HttpHandler:70 ? 

Request DefaultHttpRequest(decodeResult: success, version: HTTP/1.1)
POST /session/7b520247c20bedb6f32de0de468bcb16/element HTTP/1.1
User-Agent: selenium/4.9.0 (java windows)
Content-Length: 150
Content-Type: application/json; charset=utf-8
host: localhost:46761
accept: */*

Response DefaultHttpResponse(decodeResult: success, version: HTTP/1.1)
HTTP/1.1 400 Bad Request
Content-Length: 1354
Content-Type: application/json; charset=utf-8
cache-control: no-cache

2023-04-27 10:54:18 DEBUG ChannelManager:270 ? Adding key: http://localhost:46761 for channel [id: 0x757ce096, L:/127.0.0.1:57368 - R:localhost/127.0.0.1:46761]
2023-04-27 10:54:56 DEBUG InternalLoggerFactory:63 ? Using SLF4J as the default logging framework
2023-04-27 10:54:56 DEBUG ResourceLeakDetector:129 ? -Dio.netty.leakDetection.level: simple
2023-04-27 10:54:56 DEBUG ResourceLeakDetector:130 ? -Dio.netty.leakDetection.targetRecords: 4
2023-04-27 10:54:56 DEBUG ResourceLeakDetectorFactory:196 ? Loaded default ResourceLeakDetector: io.netty.util.ResourceLeakDetector@4e76dac
2023-04-27 10:54:56 DEBUG PlatformDependent0:496 ? -Dio.netty.noUnsafe: false
2023-04-27 10:54:56 DEBUG PlatformDependent0:1000 ? Java version: 19
2023-04-27 10:54:56 DEBUG PlatformDependent0:137 ? sun.misc.Unsafe.theUnsafe: available
2023-04-27 10:54:56 DEBUG PlatformDependent0:161 ? sun.misc.Unsafe.copyMemory: available
2023-04-27 10:54:56 DEBUG PlatformDependent0:193 ? sun.misc.Unsafe.storeFence: available
2023-04-27 10:54:56 DEBUG PlatformDependent0:236 ? java.nio.Buffer.address: available
2023-04-27 10:54:56 DEBUG PlatformDependent0:320 ? direct buffer constructor: unavailable: Reflective setAccessible(true) disabled
2023-04-27 10:54:56 DEBUG PlatformDependent0:385 ? java.nio.Bits.unaligned: available, true
2023-04-27 10:54:56 DEBUG PlatformDependent0:452 ? jdk.internal.misc.Unsafe.allocateUninitializedArray(int): unavailable: class io.netty.util.internal.PlatformDependent0$7 cannot access class jdk.internal.misc.Unsafe (in module java.base) because module java.base does not export jdk.internal.misc to unnamed module @68f7aae2
2023-04-27 10:54:56 DEBUG PlatformDependent0:482 ? java.nio.DirectByteBuffer.<init>(long, int): unavailable
2023-04-27 10:54:56 DEBUG PlatformDependent:1159 ? sun.misc.Unsafe: available
2023-04-27 10:54:56 DEBUG PlatformDependent:1270 ? maxDirectMemory: 5339348992 bytes (maybe)
2023-04-27 10:54:56 DEBUG PlatformDependent:1289 ? -Dio.netty.tmpdir: C:\Users\rohit\AppData\Local\Temp (java.io.tmpdir)
2023-04-27 10:54:56 DEBUG PlatformDependent:1368 ? -Dio.netty.bitMode: 64 (sun.arch.data.model)
2023-04-27 10:54:56 DEBUG PlatformDependent:1119 ? Platform: Windows
2023-04-27 10:54:56 DEBUG PlatformDependent:178 ? -Dio.netty.maxDirectMemory: -1 bytes
2023-04-27 10:54:56 DEBUG PlatformDependent:185 ? -Dio.netty.uninitializedArrayAllocationThreshold: -1
2023-04-27 10:54:56 DEBUG CleanerJava9:71 ? java.nio.ByteBuffer.cleaner(): available
2023-04-27 10:54:56 DEBUG PlatformDependent:205 ? -Dio.netty.noPreferDirect: false
2023-04-27 10:54:56 DEBUG PlatformDependent:1010 ? org.jctools-core.MpscChunkedArrayQueue: available
2023-04-27 10:54:56 DEBUG InternalThreadLocalMap:100 ? -Dio.netty.threadLocalMap.stringBuilder.initialSize: 1024
2023-04-27 10:54:56 DEBUG InternalThreadLocalMap:101 ? -Dio.netty.threadLocalMap.stringBuilder.maxSize: 4096
2023-04-27 10:54:56 DEBUG JdkSslContext:83 ? Default protocols (JDK): [TLSv1.3, TLSv1.2] 
2023-04-27 10:54:56 DEBUG JdkSslContext:84 ? Default cipher suites (JDK): [TLS_ECDHE_ECDSA_WITH_AES_256_GCM_SHA384, TLS_ECDHE_ECDSA_WITH_AES_128_GCM_SHA256, TLS_ECDHE_RSA_WITH_AES_128_GCM_SHA256, TLS_ECDHE_RSA_WITH_AES_256_GCM_SHA384, TLS_ECDHE_RSA_WITH_AES_128_CBC_SHA, TLS_ECDHE_RSA_WITH_AES_256_CBC_SHA, TLS_RSA_WITH_AES_128_GCM_SHA256, TLS_RSA_WITH_AES_128_CBC_SHA, TLS_RSA_WITH_AES_256_CBC_SHA, TLS_AES_128_GCM_SHA256, TLS_AES_256_GCM_SHA384]
2023-04-27 10:54:56 DEBUG GlobalEventExecutor:53 ? -Dio.netty.globalEventExecutor.quietPeriodSeconds: 1
2023-04-27 10:54:56 DEBUG MultithreadEventLoopGroup:44 ? -Dio.netty.eventLoopThreads: 16
2023-04-27 10:54:56 DEBUG NioEventLoop:110 ? -Dio.netty.noKeySetOptimization: false
2023-04-27 10:54:56 DEBUG NioEventLoop:111 ? -Dio.netty.selectorAutoRebuildThreshold: 512
2023-04-27 10:54:57 DEBUG PooledByteBufAllocator:157 ? -Dio.netty.allocator.numHeapArenas: 16
2023-04-27 10:54:57 DEBUG PooledByteBufAllocator:158 ? -Dio.netty.allocator.numDirectArenas: 16
2023-04-27 10:54:57 DEBUG PooledByteBufAllocator:160 ? -Dio.netty.allocator.pageSize: 8192
2023-04-27 10:54:57 DEBUG PooledByteBufAllocator:165 ? -Dio.netty.allocator.maxOrder: 9
2023-04-27 10:54:57 DEBUG PooledByteBufAllocator:169 ? -Dio.netty.allocator.chunkSize: 4194304
2023-04-27 10:54:57 DEBUG PooledByteBufAllocator:170 ? -Dio.netty.allocator.smallCacheSize: 256
2023-04-27 10:54:57 DEBUG PooledByteBufAllocator:171 ? -Dio.netty.allocator.normalCacheSize: 64
2023-04-27 10:54:57 DEBUG PooledByteBufAllocator:172 ? -Dio.netty.allocator.maxCachedBufferCapacity: 32768
2023-04-27 10:54:57 DEBUG PooledByteBufAllocator:173 ? -Dio.netty.allocator.cacheTrimInterval: 8192
2023-04-27 10:54:57 DEBUG PooledByteBufAllocator:174 ? -Dio.netty.allocator.cacheTrimIntervalMillis: 0
2023-04-27 10:54:57 DEBUG PooledByteBufAllocator:175 ? -Dio.netty.allocator.useCacheForAllThreads: false
2023-04-27 10:54:57 DEBUG PooledByteBufAllocator:176 ? -Dio.netty.allocator.maxCachedByteBuffersPerChunk: 1023
2023-04-27 10:54:57 DEBUG ByteBufUtil:88 ? -Dio.netty.allocator.type: pooled
2023-04-27 10:54:57 DEBUG ByteBufUtil:97 ? -Dio.netty.threadLocalDirectBufferSize: 0
2023-04-27 10:54:57 DEBUG ByteBufUtil:100 ? -Dio.netty.maxThreadLocalCharBufferSize: 16384
2023-04-27 10:54:57 DEBUG DefaultChannelId:79 ? -Dio.netty.processId: 25156 (auto-detected)
2023-04-27 10:54:57 DEBUG NetUtil:148 ? -Djava.net.preferIPv4Stack: false
2023-04-27 10:54:57 DEBUG NetUtil:149 ? -Djava.net.preferIPv6Addresses: false
2023-04-27 10:54:57 DEBUG NetUtilInitializations:145 ? Loopback interface: lo (Software Loopback Interface 1, 127.0.0.1)
2023-04-27 10:54:57 DEBUG NetUtil:206 ? Failed to get SOMAXCONN from sysctl and file \proc\sys\net\core\somaxconn. Default: 200
2023-04-27 10:54:57 DEBUG DefaultChannelId:101 ? -Dio.netty.machineId: 70:c9:4e:ff:fe:a9:98:9d (auto-detected)
2023-04-27 10:54:57 DEBUG AbstractByteBuf:63 ? -Dio.netty.buffer.checkAccessible: true
2023-04-27 10:54:57 DEBUG AbstractByteBuf:64 ? -Dio.netty.buffer.checkBounds: true
2023-04-27 10:54:57 DEBUG ResourceLeakDetectorFactory:196 ? Loaded default ResourceLeakDetector: io.netty.util.ResourceLeakDetector@1703424e
2023-04-27 10:54:57 DEBUG NettyConnectListener:73 ? Using new Channel '[id: 0x990250e8, L:/127.0.0.1:57512 - R:localhost/127.0.0.1:43317]' for 'POST' to '/session'
2023-04-27 10:54:57 DEBUG Recycler:96 ? -Dio.netty.recycler.maxCapacityPerThread: 4096
2023-04-27 10:54:57 DEBUG Recycler:97 ? -Dio.netty.recycler.ratio: 8
2023-04-27 10:54:57 DEBUG Recycler:98 ? -Dio.netty.recycler.chunkSize: 32
2023-04-27 10:54:57 DEBUG Recycler:99 ? -Dio.netty.recycler.blocking: false
2023-04-27 10:54:57 DEBUG Recycler:100 ? -Dio.netty.recycler.batchFastThreadLocalOnly: true
2023-04-27 10:54:58 DEBUG Brotli:38 ? brotli4j not in the classpath; Brotli support will be unavailable.
2023-04-27 10:54:58 DEBUG HttpHandler:70 ? 

Request DefaultHttpRequest(decodeResult: success, version: HTTP/1.1)
POST /session HTTP/1.1
User-Agent: selenium/4.9.0 (java windows)
Content-Length: 254
Content-Type: application/json; charset=utf-8
host: localhost:43317
accept: */*

Response DefaultHttpResponse(decodeResult: success, version: HTTP/1.1)
HTTP/1.1 200 OK
Content-Length: 860
Content-Type: application/json; charset=utf-8
cache-control: no-cache

2023-04-27 10:54:58 DEBUG ChannelManager:270 ? Adding key: http://localhost:43317 for channel [id: 0x990250e8, L:/127.0.0.1:57512 - R:localhost/127.0.0.1:43317]
2023-04-27 10:54:59 DEBUG DefaultChannelPool:348 ? Entry count for : http://localhost:43317 : 1
2023-04-27 10:54:59 DEBUG NettyConnectListener:73 ? Using new Channel '[id: 0xfb677c78, L:/127.0.0.1:57534 - R:localhost/127.0.0.1:57516]' for 'GET' to '/json/version'
2023-04-27 10:54:59 DEBUG HttpHandler:70 ? 

Request DefaultFullHttpRequest(decodeResult: success, version: HTTP/1.1, content: EmptyByteBufBE)
GET /json/version HTTP/1.1
User-Agent: selenium/4.9.0 (java windows)
host: localhost:57516
accept: */*

Response DefaultHttpResponse(decodeResult: success, version: HTTP/1.1)
HTTP/1.1 200 OK
Content-Security-Policy: frame-ancestors 'none'
Content-Length: 424
Content-Type: application/json; charset=UTF-8

2023-04-27 10:54:59 DEBUG ChannelManager:270 ? Adding key: http://localhost:57516 for channel [id: 0xfb677c78, L:/127.0.0.1:57534 - R:localhost/127.0.0.1:57516]
2023-04-27 10:54:59 DEBUG ThreadLocalRandom:214 ? -Dio.netty.initialSeedUniquifier: 0x19adda15996dc172
2023-04-27 10:54:59 DEBUG NettyConnectListener:73 ? Using new Channel '[id: 0xc36a042a, L:/127.0.0.1:57536 - R:localhost/127.0.0.1:57516]' for 'GET' to '/devtools/browser/6e58d1b4-9102-4e0e-9cf5-14b15e2e3a0a'
2023-04-27 10:54:59 DEBUG WebSocketHandler:105 ? 

Request DefaultFullHttpRequest(decodeResult: success, version: HTTP/1.1, content: EmptyByteBufBE)
GET /devtools/browser/6e58d1b4-9102-4e0e-9cf5-14b15e2e3a0a HTTP/1.1
upgrade: websocket
connection: upgrade
sec-websocket-key: 9b/5PVARTUKPvwclJU1nLw==
sec-websocket-version: 13
origin: http://localhost:57516
host: localhost:57516
accept: */*
user-agent: AHC/2.1

Response DefaultHttpResponse(decodeResult: success, version: HTTP/1.1)
HTTP/1.1 101 WebSocket Protocol Handshake
Upgrade: WebSocket
Connection: Upgrade
Sec-WebSocket-Accept: 2js0ogQTUfgxlPsmYb3MJ6ioDhk=

2023-04-27 10:54:59 DEBUG NettyRequestSender:593 ? Using pooled Channel '[id: 0x990250e8, L:/127.0.0.1:57512 - R:localhost/127.0.0.1:43317]' for 'POST' to 'http://localhost:43317/session/518d4e27d359f88f7ad613841dbbe985/window/maximize'
2023-04-27 10:54:59 DEBUG NettyRequestSender:251 ? Using open Channel [id: 0x990250e8, L:/127.0.0.1:57512 - R:localhost/127.0.0.1:43317] for POST '/session/518d4e27d359f88f7ad613841dbbe985/window/maximize'
2023-04-27 10:54:59 DEBUG HttpHandler:70 ? 

Request DefaultHttpRequest(decodeResult: success, version: HTTP/1.1)
POST /session/518d4e27d359f88f7ad613841dbbe985/window/maximize HTTP/1.1
User-Agent: selenium/4.9.0 (java windows)
Content-Length: 3
Content-Type: application/json; charset=utf-8
host: localhost:43317
accept: */*

Response DefaultHttpResponse(decodeResult: success, version: HTTP/1.1)
HTTP/1.1 200 OK
Content-Length: 52
Content-Type: application/json; charset=utf-8
cache-control: no-cache

2023-04-27 10:54:59 DEBUG ChannelManager:270 ? Adding key: http://localhost:43317 for channel [id: 0x990250e8, L:/127.0.0.1:57512 - R:localhost/127.0.0.1:43317]
2023-04-27 10:54:59 DEBUG NettyRequestSender:593 ? Using pooled Channel '[id: 0x990250e8, L:/127.0.0.1:57512 - R:localhost/127.0.0.1:43317]' for 'POST' to 'http://localhost:43317/session/518d4e27d359f88f7ad613841dbbe985/timeouts'
2023-04-27 10:54:59 DEBUG NettyRequestSender:251 ? Using open Channel [id: 0x990250e8, L:/127.0.0.1:57512 - R:localhost/127.0.0.1:43317] for POST '/session/518d4e27d359f88f7ad613841dbbe985/timeouts'
2023-04-27 10:54:59 DEBUG HttpHandler:70 ? 

Request DefaultHttpRequest(decodeResult: success, version: HTTP/1.1)
POST /session/518d4e27d359f88f7ad613841dbbe985/timeouts HTTP/1.1
User-Agent: selenium/4.9.0 (java windows)
Content-Length: 23
Content-Type: application/json; charset=utf-8
host: localhost:43317
accept: */*

Response DefaultHttpResponse(decodeResult: success, version: HTTP/1.1)
HTTP/1.1 200 OK
Content-Length: 14
Content-Type: application/json; charset=utf-8
cache-control: no-cache

2023-04-27 10:54:59 DEBUG ChannelManager:270 ? Adding key: http://localhost:43317 for channel [id: 0x990250e8, L:/127.0.0.1:57512 - R:localhost/127.0.0.1:43317]
2023-04-27 10:54:59 DEBUG NettyRequestSender:593 ? Using pooled Channel '[id: 0x990250e8, L:/127.0.0.1:57512 - R:localhost/127.0.0.1:43317]' for 'POST' to 'http://localhost:43317/session/518d4e27d359f88f7ad613841dbbe985/url'
2023-04-27 10:54:59 DEBUG NettyRequestSender:251 ? Using open Channel [id: 0x990250e8, L:/127.0.0.1:57512 - R:localhost/127.0.0.1:43317] for POST '/session/518d4e27d359f88f7ad613841dbbe985/url'
2023-04-27 10:55:00 DEBUG DefaultChannelPool:348 ? Entry count for : http://localhost:57516 : 1
2023-04-27 10:55:00 DEBUG HttpHandler:70 ? 

Request DefaultHttpRequest(decodeResult: success, version: HTTP/1.1)
POST /session/518d4e27d359f88f7ad613841dbbe985/url HTTP/1.1
User-Agent: selenium/4.9.0 (java windows)
Content-Length: 59
Content-Type: application/json; charset=utf-8
host: localhost:43317
accept: */*

Response DefaultHttpResponse(decodeResult: success, version: HTTP/1.1)
HTTP/1.1 200 OK
Content-Length: 14
Content-Type: application/json; charset=utf-8
cache-control: no-cache

2023-04-27 10:55:00 DEBUG ChannelManager:270 ? Adding key: http://localhost:43317 for channel [id: 0x990250e8, L:/127.0.0.1:57512 - R:localhost/127.0.0.1:43317]
2023-04-27 10:55:00 DEBUG NettyRequestSender:593 ? Using pooled Channel '[id: 0x990250e8, L:/127.0.0.1:57512 - R:localhost/127.0.0.1:43317]' for 'POST' to 'http://localhost:43317/session/518d4e27d359f88f7ad613841dbbe985/element'
2023-04-27 10:55:00 DEBUG NettyRequestSender:251 ? Using open Channel [id: 0x990250e8, L:/127.0.0.1:57512 - R:localhost/127.0.0.1:43317] for POST '/session/518d4e27d359f88f7ad613841dbbe985/element'
2023-04-27 10:55:00 DEBUG HttpHandler:70 ? 

Request DefaultHttpRequest(decodeResult: success, version: HTTP/1.1)
POST /session/518d4e27d359f88f7ad613841dbbe985/element HTTP/1.1
User-Agent: selenium/4.9.0 (java windows)
Content-Length: 69
Content-Type: application/json; charset=utf-8
host: localhost:43317
accept: */*

Response DefaultHttpResponse(decodeResult: success, version: HTTP/1.1)
HTTP/1.1 200 OK
Content-Length: 88
Content-Type: application/json; charset=utf-8
cache-control: no-cache

2023-04-27 10:55:00 DEBUG ChannelManager:270 ? Adding key: http://localhost:43317 for channel [id: 0x990250e8, L:/127.0.0.1:57512 - R:localhost/127.0.0.1:43317]
2023-04-27 10:55:00 DEBUG NettyRequestSender:593 ? Using pooled Channel '[id: 0x990250e8, L:/127.0.0.1:57512 - R:localhost/127.0.0.1:43317]' for 'POST' to 'http://localhost:43317/session/518d4e27d359f88f7ad613841dbbe985/element'
2023-04-27 10:55:00 DEBUG NettyRequestSender:251 ? Using open Channel [id: 0x990250e8, L:/127.0.0.1:57512 - R:localhost/127.0.0.1:43317] for POST '/session/518d4e27d359f88f7ad613841dbbe985/element'
2023-04-27 10:55:00 DEBUG HttpHandler:70 ? 

Request DefaultHttpRequest(decodeResult: success, version: HTTP/1.1)
POST /session/518d4e27d359f88f7ad613841dbbe985/element HTTP/1.1
User-Agent: selenium/4.9.0 (java windows)
Content-Length: 150
Content-Type: application/json; charset=utf-8
host: localhost:43317
accept: */*

Response DefaultHttpResponse(decodeResult: success, version: HTTP/1.1)
HTTP/1.1 400 Bad Request
Content-Length: 1354
Content-Type: application/json; charset=utf-8
cache-control: no-cache

2023-04-27 10:55:00 DEBUG ChannelManager:270 ? Adding key: http://localhost:43317 for channel [id: 0x990250e8, L:/127.0.0.1:57512 - R:localhost/127.0.0.1:43317]
2023-04-27 10:55:00 DEBUG NettyRequestSender:593 ? Using pooled Channel '[id: 0x990250e8, L:/127.0.0.1:57512 - R:localhost/127.0.0.1:43317]' for 'DELETE' to 'http://localhost:43317/session/518d4e27d359f88f7ad613841dbbe985'
2023-04-27 10:55:00 DEBUG NettyRequestSender:251 ? Using open Channel [id: 0x990250e8, L:/127.0.0.1:57512 - R:localhost/127.0.0.1:43317] for DELETE '/session/518d4e27d359f88f7ad613841dbbe985'
2023-04-27 10:55:00 DEBUG WebSocketHandler:126 ? Channel Closed: [id: 0xc36a042a, L:/127.0.0.1:57536 ! R:localhost/127.0.0.1:57516] with attribute NettyResponseFuture{currentRetry=0,
	isDone=1,
	isCancelled=0,
	asyncHandler=org.asynchttpclient.ws.WebSocketUpgradeHandler@2f3f28b3,
	nettyRequest=org.asynchttpclient.netty.request.NettyRequest@6274ddf7,
	future=java.util.concurrent.CompletableFuture@102a46fe[Completed normally],
	uri=ws://localhost:57516/devtools/browser/6e58d1b4-9102-4e0e-9cf5-14b15e2e3a0a,
	keepAlive=true,
	redirectCount=0,
	timeoutsHolder=null,
	inAuth=0,
	touch=1682549699342}
2023-04-27 10:55:00 DEBUG ChannelManager:315 ? Closing Channel [id: 0xc36a042a, L:/127.0.0.1:57536 ! R:localhost/127.0.0.1:57516] 
2023-04-27 10:55:00 DEBUG HttpHandler:159 ? Unexpected I/O exception on channel [id: 0xfb677c78, L:/127.0.0.1:57534 - R:localhost/127.0.0.1:57516]
java.net.SocketException: Connection reset
	at java.base/sun.nio.ch.SocketChannelImpl.throwConnectionReset(SocketChannelImpl.java:401)
	at java.base/sun.nio.ch.SocketChannelImpl.read(SocketChannelImpl.java:434)
	at io.netty.buffer.PooledByteBuf.setBytes(PooledByteBuf.java:256)
	at io.netty.buffer.AbstractByteBuf.writeBytes(AbstractByteBuf.java:1132)
	at io.netty.channel.socket.nio.NioSocketChannel.doReadBytes(NioSocketChannel.java:357)
	at io.netty.channel.nio.AbstractNioByteChannel$NioByteUnsafe.read(AbstractNioByteChannel.java:151)
	at io.netty.channel.nio.NioEventLoop.processSelectedKey(NioEventLoop.java:788)
	at io.netty.channel.nio.NioEventLoop.processSelectedKeysOptimized(NioEventLoop.java:724)
	at io.netty.channel.nio.NioEventLoop.processSelectedKeys(NioEventLoop.java:650)
	at io.netty.channel.nio.NioEventLoop.run(NioEventLoop.java:562)
	at io.netty.util.concurrent.SingleThreadEventExecutor$4.run(SingleThreadEventExecutor.java:997)
	at io.netty.util.internal.ThreadExecutorMap$2.run(ThreadExecutorMap.java:74)
	at io.netty.util.concurrent.FastThreadLocalRunnable.run(FastThreadLocalRunnable.java:30)
	at java.base/java.lang.Thread.run(Thread.java:1589)
2023-04-27 10:55:00 DEBUG ChannelManager:315 ? Closing Channel [id: 0xfb677c78, L:/127.0.0.1:57534 - R:localhost/127.0.0.1:57516] 
2023-04-27 10:55:00 DEBUG HttpHandler:126 ? Channel Closed: [id: 0xfb677c78, L:/127.0.0.1:57534 ! R:localhost/127.0.0.1:57516] with attribute DISCARD
2023-04-27 10:55:00 DEBUG HttpHandler:70 ? 

Request DefaultFullHttpRequest(decodeResult: success, version: HTTP/1.1, content: EmptyByteBufBE)
DELETE /session/518d4e27d359f88f7ad613841dbbe985 HTTP/1.1
User-Agent: selenium/4.9.0 (java windows)
Content-Type: application/json; charset=utf-8
host: localhost:43317
accept: */*

Response DefaultHttpResponse(decodeResult: success, version: HTTP/1.1)
HTTP/1.1 200 OK
Content-Length: 14
Content-Type: application/json; charset=utf-8
cache-control: no-cache

2023-04-27 10:55:00 DEBUG ChannelManager:270 ? Adding key: http://localhost:43317 for channel [id: 0x990250e8, L:/127.0.0.1:57512 - R:localhost/127.0.0.1:43317]
2023-04-27 10:55:00 DEBUG HttpHandler:126 ? Channel Closed: [id: 0x990250e8, L:/127.0.0.1:57512 ! R:localhost/127.0.0.1:43317] with attribute DISCARD
2023-04-27 11:01:20 DEBUG InternalLoggerFactory:63 ? Using SLF4J as the default logging framework
2023-04-27 11:01:20 DEBUG ResourceLeakDetector:129 ? -Dio.netty.leakDetection.level: simple
2023-04-27 11:01:20 DEBUG ResourceLeakDetector:130 ? -Dio.netty.leakDetection.targetRecords: 4
2023-04-27 11:01:20 DEBUG ResourceLeakDetectorFactory:196 ? Loaded default ResourceLeakDetector: io.netty.util.ResourceLeakDetector@165b8a71
2023-04-27 11:01:20 DEBUG PlatformDependent0:496 ? -Dio.netty.noUnsafe: false
2023-04-27 11:01:20 DEBUG PlatformDependent0:1000 ? Java version: 19
2023-04-27 11:01:20 DEBUG PlatformDependent0:137 ? sun.misc.Unsafe.theUnsafe: available
2023-04-27 11:01:20 DEBUG PlatformDependent0:161 ? sun.misc.Unsafe.copyMemory: available
2023-04-27 11:01:20 DEBUG PlatformDependent0:193 ? sun.misc.Unsafe.storeFence: available
2023-04-27 11:01:20 DEBUG PlatformDependent0:236 ? java.nio.Buffer.address: available
2023-04-27 11:01:20 DEBUG PlatformDependent0:320 ? direct buffer constructor: unavailable: Reflective setAccessible(true) disabled
2023-04-27 11:01:20 DEBUG PlatformDependent0:385 ? java.nio.Bits.unaligned: available, true
2023-04-27 11:01:20 DEBUG PlatformDependent0:452 ? jdk.internal.misc.Unsafe.allocateUninitializedArray(int): unavailable: class io.netty.util.internal.PlatformDependent0$7 cannot access class jdk.internal.misc.Unsafe (in module java.base) because module java.base does not export jdk.internal.misc to unnamed module @68f7aae2
2023-04-27 11:01:20 DEBUG PlatformDependent0:482 ? java.nio.DirectByteBuffer.<init>(long, int): unavailable
2023-04-27 11:01:20 DEBUG PlatformDependent:1159 ? sun.misc.Unsafe: available
2023-04-27 11:01:20 DEBUG PlatformDependent:1270 ? maxDirectMemory: 5339348992 bytes (maybe)
2023-04-27 11:01:20 DEBUG PlatformDependent:1289 ? -Dio.netty.tmpdir: C:\Users\rohit\AppData\Local\Temp (java.io.tmpdir)
2023-04-27 11:01:20 DEBUG PlatformDependent:1368 ? -Dio.netty.bitMode: 64 (sun.arch.data.model)
2023-04-27 11:01:20 DEBUG PlatformDependent:1119 ? Platform: Windows
2023-04-27 11:01:20 DEBUG PlatformDependent:178 ? -Dio.netty.maxDirectMemory: -1 bytes
2023-04-27 11:01:20 DEBUG PlatformDependent:185 ? -Dio.netty.uninitializedArrayAllocationThreshold: -1
2023-04-27 11:01:20 DEBUG CleanerJava9:71 ? java.nio.ByteBuffer.cleaner(): available
2023-04-27 11:01:20 DEBUG PlatformDependent:205 ? -Dio.netty.noPreferDirect: false
2023-04-27 11:01:20 DEBUG PlatformDependent:1010 ? org.jctools-core.MpscChunkedArrayQueue: available
2023-04-27 11:01:20 DEBUG InternalThreadLocalMap:100 ? -Dio.netty.threadLocalMap.stringBuilder.initialSize: 1024
2023-04-27 11:01:20 DEBUG InternalThreadLocalMap:101 ? -Dio.netty.threadLocalMap.stringBuilder.maxSize: 4096
2023-04-27 11:01:20 DEBUG JdkSslContext:83 ? Default protocols (JDK): [TLSv1.3, TLSv1.2] 
2023-04-27 11:01:20 DEBUG JdkSslContext:84 ? Default cipher suites (JDK): [TLS_ECDHE_ECDSA_WITH_AES_256_GCM_SHA384, TLS_ECDHE_ECDSA_WITH_AES_128_GCM_SHA256, TLS_ECDHE_RSA_WITH_AES_128_GCM_SHA256, TLS_ECDHE_RSA_WITH_AES_256_GCM_SHA384, TLS_ECDHE_RSA_WITH_AES_128_CBC_SHA, TLS_ECDHE_RSA_WITH_AES_256_CBC_SHA, TLS_RSA_WITH_AES_128_GCM_SHA256, TLS_RSA_WITH_AES_128_CBC_SHA, TLS_RSA_WITH_AES_256_CBC_SHA, TLS_AES_128_GCM_SHA256, TLS_AES_256_GCM_SHA384]
2023-04-27 11:01:20 DEBUG GlobalEventExecutor:53 ? -Dio.netty.globalEventExecutor.quietPeriodSeconds: 1
2023-04-27 11:01:20 DEBUG MultithreadEventLoopGroup:44 ? -Dio.netty.eventLoopThreads: 16
2023-04-27 11:01:21 DEBUG NioEventLoop:110 ? -Dio.netty.noKeySetOptimization: false
2023-04-27 11:01:21 DEBUG NioEventLoop:111 ? -Dio.netty.selectorAutoRebuildThreshold: 512
2023-04-27 11:01:21 DEBUG PooledByteBufAllocator:157 ? -Dio.netty.allocator.numHeapArenas: 16
2023-04-27 11:01:21 DEBUG PooledByteBufAllocator:158 ? -Dio.netty.allocator.numDirectArenas: 16
2023-04-27 11:01:21 DEBUG PooledByteBufAllocator:160 ? -Dio.netty.allocator.pageSize: 8192
2023-04-27 11:01:21 DEBUG PooledByteBufAllocator:165 ? -Dio.netty.allocator.maxOrder: 9
2023-04-27 11:01:21 DEBUG PooledByteBufAllocator:169 ? -Dio.netty.allocator.chunkSize: 4194304
2023-04-27 11:01:21 DEBUG PooledByteBufAllocator:170 ? -Dio.netty.allocator.smallCacheSize: 256
2023-04-27 11:01:21 DEBUG PooledByteBufAllocator:171 ? -Dio.netty.allocator.normalCacheSize: 64
2023-04-27 11:01:21 DEBUG PooledByteBufAllocator:172 ? -Dio.netty.allocator.maxCachedBufferCapacity: 32768
2023-04-27 11:01:21 DEBUG PooledByteBufAllocator:173 ? -Dio.netty.allocator.cacheTrimInterval: 8192
2023-04-27 11:01:21 DEBUG PooledByteBufAllocator:174 ? -Dio.netty.allocator.cacheTrimIntervalMillis: 0
2023-04-27 11:01:21 DEBUG PooledByteBufAllocator:175 ? -Dio.netty.allocator.useCacheForAllThreads: false
2023-04-27 11:01:21 DEBUG PooledByteBufAllocator:176 ? -Dio.netty.allocator.maxCachedByteBuffersPerChunk: 1023
2023-04-27 11:01:21 DEBUG ByteBufUtil:88 ? -Dio.netty.allocator.type: pooled
2023-04-27 11:01:21 DEBUG ByteBufUtil:97 ? -Dio.netty.threadLocalDirectBufferSize: 0
2023-04-27 11:01:21 DEBUG ByteBufUtil:100 ? -Dio.netty.maxThreadLocalCharBufferSize: 16384
2023-04-27 11:01:21 DEBUG DefaultChannelId:79 ? -Dio.netty.processId: 35296 (auto-detected)
2023-04-27 11:01:21 DEBUG NetUtil:148 ? -Djava.net.preferIPv4Stack: false
2023-04-27 11:01:21 DEBUG NetUtil:149 ? -Djava.net.preferIPv6Addresses: false
2023-04-27 11:01:21 DEBUG NetUtilInitializations:145 ? Loopback interface: lo (Software Loopback Interface 1, 127.0.0.1)
2023-04-27 11:01:21 DEBUG NetUtil:206 ? Failed to get SOMAXCONN from sysctl and file \proc\sys\net\core\somaxconn. Default: 200
2023-04-27 11:01:21 DEBUG DefaultChannelId:101 ? -Dio.netty.machineId: 70:c9:4e:ff:fe:a9:98:9d (auto-detected)
2023-04-27 11:01:21 DEBUG AbstractByteBuf:63 ? -Dio.netty.buffer.checkAccessible: true
2023-04-27 11:01:21 DEBUG AbstractByteBuf:64 ? -Dio.netty.buffer.checkBounds: true
2023-04-27 11:01:21 DEBUG ResourceLeakDetectorFactory:196 ? Loaded default ResourceLeakDetector: io.netty.util.ResourceLeakDetector@abaf15c
2023-04-27 11:01:21 DEBUG NettyConnectListener:73 ? Using new Channel '[id: 0x1dda1436, L:/127.0.0.1:58260 - R:localhost/127.0.0.1:6825]' for 'POST' to '/session'
2023-04-27 11:01:21 DEBUG Recycler:96 ? -Dio.netty.recycler.maxCapacityPerThread: 4096
2023-04-27 11:01:21 DEBUG Recycler:97 ? -Dio.netty.recycler.ratio: 8
2023-04-27 11:01:21 DEBUG Recycler:98 ? -Dio.netty.recycler.chunkSize: 32
2023-04-27 11:01:21 DEBUG Recycler:99 ? -Dio.netty.recycler.blocking: false
2023-04-27 11:01:21 DEBUG Recycler:100 ? -Dio.netty.recycler.batchFastThreadLocalOnly: true
2023-04-27 11:01:22 DEBUG Brotli:38 ? brotli4j not in the classpath; Brotli support will be unavailable.
2023-04-27 11:01:22 DEBUG HttpHandler:70 ? 

Request DefaultHttpRequest(decodeResult: success, version: HTTP/1.1)
POST /session HTTP/1.1
User-Agent: selenium/4.9.0 (java windows)
Content-Length: 254
Content-Type: application/json; charset=utf-8
host: localhost:6825
accept: */*

Response DefaultHttpResponse(decodeResult: success, version: HTTP/1.1)
HTTP/1.1 200 OK
Content-Length: 860
Content-Type: application/json; charset=utf-8
cache-control: no-cache

2023-04-27 11:01:22 DEBUG ChannelManager:270 ? Adding key: http://localhost:6825 for channel [id: 0x1dda1436, L:/127.0.0.1:58260 - R:localhost/127.0.0.1:6825]
2023-04-27 11:01:23 DEBUG DefaultChannelPool:348 ? Entry count for : http://localhost:6825 : 1
2023-04-27 11:01:23 DEBUG NettyConnectListener:73 ? Using new Channel '[id: 0x48bd398a, L:/127.0.0.1:58280 - R:localhost/127.0.0.1:58265]' for 'GET' to '/json/version'
2023-04-27 11:01:23 DEBUG HttpHandler:70 ? 

Request DefaultFullHttpRequest(decodeResult: success, version: HTTP/1.1, content: EmptyByteBufBE)
GET /json/version HTTP/1.1
User-Agent: selenium/4.9.0 (java windows)
host: localhost:58265
accept: */*

Response DefaultHttpResponse(decodeResult: success, version: HTTP/1.1)
HTTP/1.1 200 OK
Content-Security-Policy: frame-ancestors 'none'
Content-Length: 424
Content-Type: application/json; charset=UTF-8

2023-04-27 11:01:23 DEBUG ChannelManager:270 ? Adding key: http://localhost:58265 for channel [id: 0x48bd398a, L:/127.0.0.1:58280 - R:localhost/127.0.0.1:58265]
2023-04-27 11:01:23 DEBUG ThreadLocalRandom:214 ? -Dio.netty.initialSeedUniquifier: 0x52057913589eb9d3
2023-04-27 11:01:23 DEBUG NettyConnectListener:73 ? Using new Channel '[id: 0xf8139cae, L:/127.0.0.1:58281 - R:localhost/127.0.0.1:58265]' for 'GET' to '/devtools/browser/599f1015-d893-46e4-884b-921842bc6e18'
2023-04-27 11:01:23 DEBUG WebSocketHandler:105 ? 

Request DefaultFullHttpRequest(decodeResult: success, version: HTTP/1.1, content: EmptyByteBufBE)
GET /devtools/browser/599f1015-d893-46e4-884b-921842bc6e18 HTTP/1.1
upgrade: websocket
connection: upgrade
sec-websocket-key: Pzfa7nF2KfaLtKItWvI7pg==
sec-websocket-version: 13
origin: http://localhost:58265
host: localhost:58265
accept: */*
user-agent: AHC/2.1

Response DefaultHttpResponse(decodeResult: success, version: HTTP/1.1)
HTTP/1.1 101 WebSocket Protocol Handshake
Upgrade: WebSocket
Connection: Upgrade
Sec-WebSocket-Accept: KHH6O6NUrAR48OwEZbxFi9tLQdk=

2023-04-27 11:01:23 DEBUG NettyRequestSender:593 ? Using pooled Channel '[id: 0x1dda1436, L:/127.0.0.1:58260 - R:localhost/127.0.0.1:6825]' for 'POST' to 'http://localhost:6825/session/697baf38cd6f2da800ea9f31d4f0626c/window/maximize'
2023-04-27 11:01:23 DEBUG NettyRequestSender:251 ? Using open Channel [id: 0x1dda1436, L:/127.0.0.1:58260 - R:localhost/127.0.0.1:6825] for POST '/session/697baf38cd6f2da800ea9f31d4f0626c/window/maximize'
2023-04-27 11:01:23 DEBUG HttpHandler:70 ? 

Request DefaultHttpRequest(decodeResult: success, version: HTTP/1.1)
POST /session/697baf38cd6f2da800ea9f31d4f0626c/window/maximize HTTP/1.1
User-Agent: selenium/4.9.0 (java windows)
Content-Length: 3
Content-Type: application/json; charset=utf-8
host: localhost:6825
accept: */*

Response DefaultHttpResponse(decodeResult: success, version: HTTP/1.1)
HTTP/1.1 200 OK
Content-Length: 52
Content-Type: application/json; charset=utf-8
cache-control: no-cache

2023-04-27 11:01:23 DEBUG ChannelManager:270 ? Adding key: http://localhost:6825 for channel [id: 0x1dda1436, L:/127.0.0.1:58260 - R:localhost/127.0.0.1:6825]
2023-04-27 11:01:23 DEBUG NettyRequestSender:593 ? Using pooled Channel '[id: 0x1dda1436, L:/127.0.0.1:58260 - R:localhost/127.0.0.1:6825]' for 'POST' to 'http://localhost:6825/session/697baf38cd6f2da800ea9f31d4f0626c/timeouts'
2023-04-27 11:01:23 DEBUG NettyRequestSender:251 ? Using open Channel [id: 0x1dda1436, L:/127.0.0.1:58260 - R:localhost/127.0.0.1:6825] for POST '/session/697baf38cd6f2da800ea9f31d4f0626c/timeouts'
2023-04-27 11:01:23 DEBUG HttpHandler:70 ? 

Request DefaultHttpRequest(decodeResult: success, version: HTTP/1.1)
POST /session/697baf38cd6f2da800ea9f31d4f0626c/timeouts HTTP/1.1
User-Agent: selenium/4.9.0 (java windows)
Content-Length: 23
Content-Type: application/json; charset=utf-8
host: localhost:6825
accept: */*

Response DefaultHttpResponse(decodeResult: success, version: HTTP/1.1)
HTTP/1.1 200 OK
Content-Length: 14
Content-Type: application/json; charset=utf-8
cache-control: no-cache

2023-04-27 11:01:23 DEBUG ChannelManager:270 ? Adding key: http://localhost:6825 for channel [id: 0x1dda1436, L:/127.0.0.1:58260 - R:localhost/127.0.0.1:6825]
2023-04-27 11:01:23 DEBUG NettyRequestSender:593 ? Using pooled Channel '[id: 0x1dda1436, L:/127.0.0.1:58260 - R:localhost/127.0.0.1:6825]' for 'POST' to 'http://localhost:6825/session/697baf38cd6f2da800ea9f31d4f0626c/url'
2023-04-27 11:01:23 DEBUG NettyRequestSender:251 ? Using open Channel [id: 0x1dda1436, L:/127.0.0.1:58260 - R:localhost/127.0.0.1:6825] for POST '/session/697baf38cd6f2da800ea9f31d4f0626c/url'
2023-04-27 11:01:24 DEBUG DefaultChannelPool:348 ? Entry count for : http://localhost:58265 : 1
2023-04-27 11:01:24 DEBUG HttpHandler:70 ? 

Request DefaultHttpRequest(decodeResult: success, version: HTTP/1.1)
POST /session/697baf38cd6f2da800ea9f31d4f0626c/url HTTP/1.1
User-Agent: selenium/4.9.0 (java windows)
Content-Length: 59
Content-Type: application/json; charset=utf-8
host: localhost:6825
accept: */*

Response DefaultHttpResponse(decodeResult: success, version: HTTP/1.1)
HTTP/1.1 200 OK
Content-Length: 14
Content-Type: application/json; charset=utf-8
cache-control: no-cache

2023-04-27 11:01:24 DEBUG ChannelManager:270 ? Adding key: http://localhost:6825 for channel [id: 0x1dda1436, L:/127.0.0.1:58260 - R:localhost/127.0.0.1:6825]
2023-04-27 11:01:24 DEBUG NettyRequestSender:593 ? Using pooled Channel '[id: 0x1dda1436, L:/127.0.0.1:58260 - R:localhost/127.0.0.1:6825]' for 'POST' to 'http://localhost:6825/session/697baf38cd6f2da800ea9f31d4f0626c/element'
2023-04-27 11:01:24 DEBUG NettyRequestSender:251 ? Using open Channel [id: 0x1dda1436, L:/127.0.0.1:58260 - R:localhost/127.0.0.1:6825] for POST '/session/697baf38cd6f2da800ea9f31d4f0626c/element'
2023-04-27 11:01:24 DEBUG HttpHandler:70 ? 

Request DefaultHttpRequest(decodeResult: success, version: HTTP/1.1)
POST /session/697baf38cd6f2da800ea9f31d4f0626c/element HTTP/1.1
User-Agent: selenium/4.9.0 (java windows)
Content-Length: 69
Content-Type: application/json; charset=utf-8
host: localhost:6825
accept: */*

Response DefaultHttpResponse(decodeResult: success, version: HTTP/1.1)
HTTP/1.1 200 OK
Content-Length: 88
Content-Type: application/json; charset=utf-8
cache-control: no-cache

2023-04-27 11:01:24 DEBUG ChannelManager:270 ? Adding key: http://localhost:6825 for channel [id: 0x1dda1436, L:/127.0.0.1:58260 - R:localhost/127.0.0.1:6825]
2023-04-27 11:01:24 DEBUG NettyRequestSender:593 ? Using pooled Channel '[id: 0x1dda1436, L:/127.0.0.1:58260 - R:localhost/127.0.0.1:6825]' for 'POST' to 'http://localhost:6825/session/697baf38cd6f2da800ea9f31d4f0626c/element/4f2edb1d-7811-4fc9-9864-1bc7399e206f/value'
2023-04-27 11:01:24 DEBUG NettyRequestSender:251 ? Using open Channel [id: 0x1dda1436, L:/127.0.0.1:58260 - R:localhost/127.0.0.1:6825] for POST '/session/697baf38cd6f2da800ea9f31d4f0626c/element/4f2edb1d-7811-4fc9-9864-1bc7399e206f/value'
2023-04-27 11:01:24 DEBUG HttpHandler:70 ? 

Request DefaultHttpRequest(decodeResult: success, version: HTTP/1.1)
POST /session/697baf38cd6f2da800ea9f31d4f0626c/element/4f2edb1d-7811-4fc9-9864-1bc7399e206f/value HTTP/1.1
User-Agent: selenium/4.9.0 (java windows)
Content-Length: 121
Content-Type: application/json; charset=utf-8
host: localhost:6825
accept: */*

Response DefaultHttpResponse(decodeResult: success, version: HTTP/1.1)
HTTP/1.1 200 OK
Content-Length: 14
Content-Type: application/json; charset=utf-8
cache-control: no-cache

2023-04-27 11:01:24 DEBUG ChannelManager:270 ? Adding key: http://localhost:6825 for channel [id: 0x1dda1436, L:/127.0.0.1:58260 - R:localhost/127.0.0.1:6825]
2023-04-27 11:11:40 DEBUG InternalLoggerFactory:63 ? Using SLF4J as the default logging framework
2023-04-27 11:11:40 DEBUG ResourceLeakDetector:129 ? -Dio.netty.leakDetection.level: simple
2023-04-27 11:11:40 DEBUG ResourceLeakDetector:130 ? -Dio.netty.leakDetection.targetRecords: 4
2023-04-27 11:11:40 DEBUG ResourceLeakDetectorFactory:196 ? Loaded default ResourceLeakDetector: io.netty.util.ResourceLeakDetector@165b8a71
2023-04-27 11:11:40 DEBUG PlatformDependent0:496 ? -Dio.netty.noUnsafe: false
2023-04-27 11:11:40 DEBUG PlatformDependent0:1000 ? Java version: 19
2023-04-27 11:11:40 DEBUG PlatformDependent0:137 ? sun.misc.Unsafe.theUnsafe: available
2023-04-27 11:11:40 DEBUG PlatformDependent0:161 ? sun.misc.Unsafe.copyMemory: available
2023-04-27 11:11:40 DEBUG PlatformDependent0:193 ? sun.misc.Unsafe.storeFence: available
2023-04-27 11:11:40 DEBUG PlatformDependent0:236 ? java.nio.Buffer.address: available
2023-04-27 11:11:40 DEBUG PlatformDependent0:320 ? direct buffer constructor: unavailable: Reflective setAccessible(true) disabled
2023-04-27 11:11:40 DEBUG PlatformDependent0:385 ? java.nio.Bits.unaligned: available, true
2023-04-27 11:11:40 DEBUG PlatformDependent0:452 ? jdk.internal.misc.Unsafe.allocateUninitializedArray(int): unavailable: class io.netty.util.internal.PlatformDependent0$7 cannot access class jdk.internal.misc.Unsafe (in module java.base) because module java.base does not export jdk.internal.misc to unnamed module @68f7aae2
2023-04-27 11:11:40 DEBUG PlatformDependent0:482 ? java.nio.DirectByteBuffer.<init>(long, int): unavailable
2023-04-27 11:11:40 DEBUG PlatformDependent:1159 ? sun.misc.Unsafe: available
2023-04-27 11:11:40 DEBUG PlatformDependent:1270 ? maxDirectMemory: 5339348992 bytes (maybe)
2023-04-27 11:11:40 DEBUG PlatformDependent:1289 ? -Dio.netty.tmpdir: C:\Users\rohit\AppData\Local\Temp (java.io.tmpdir)
2023-04-27 11:11:40 DEBUG PlatformDependent:1368 ? -Dio.netty.bitMode: 64 (sun.arch.data.model)
2023-04-27 11:11:40 DEBUG PlatformDependent:1119 ? Platform: Windows
2023-04-27 11:11:40 DEBUG PlatformDependent:178 ? -Dio.netty.maxDirectMemory: -1 bytes
2023-04-27 11:11:40 DEBUG PlatformDependent:185 ? -Dio.netty.uninitializedArrayAllocationThreshold: -1
2023-04-27 11:11:40 DEBUG CleanerJava9:71 ? java.nio.ByteBuffer.cleaner(): available
2023-04-27 11:11:40 DEBUG PlatformDependent:205 ? -Dio.netty.noPreferDirect: false
2023-04-27 11:11:40 DEBUG PlatformDependent:1010 ? org.jctools-core.MpscChunkedArrayQueue: available
2023-04-27 11:11:40 DEBUG InternalThreadLocalMap:100 ? -Dio.netty.threadLocalMap.stringBuilder.initialSize: 1024
2023-04-27 11:11:40 DEBUG InternalThreadLocalMap:101 ? -Dio.netty.threadLocalMap.stringBuilder.maxSize: 4096
2023-04-27 11:11:40 DEBUG JdkSslContext:83 ? Default protocols (JDK): [TLSv1.3, TLSv1.2] 
2023-04-27 11:11:40 DEBUG JdkSslContext:84 ? Default cipher suites (JDK): [TLS_ECDHE_ECDSA_WITH_AES_256_GCM_SHA384, TLS_ECDHE_ECDSA_WITH_AES_128_GCM_SHA256, TLS_ECDHE_RSA_WITH_AES_128_GCM_SHA256, TLS_ECDHE_RSA_WITH_AES_256_GCM_SHA384, TLS_ECDHE_RSA_WITH_AES_128_CBC_SHA, TLS_ECDHE_RSA_WITH_AES_256_CBC_SHA, TLS_RSA_WITH_AES_128_GCM_SHA256, TLS_RSA_WITH_AES_128_CBC_SHA, TLS_RSA_WITH_AES_256_CBC_SHA, TLS_AES_128_GCM_SHA256, TLS_AES_256_GCM_SHA384]
2023-04-27 11:11:40 DEBUG GlobalEventExecutor:53 ? -Dio.netty.globalEventExecutor.quietPeriodSeconds: 1
2023-04-27 11:11:40 DEBUG MultithreadEventLoopGroup:44 ? -Dio.netty.eventLoopThreads: 16
2023-04-27 11:11:40 DEBUG NioEventLoop:110 ? -Dio.netty.noKeySetOptimization: false
2023-04-27 11:11:40 DEBUG NioEventLoop:111 ? -Dio.netty.selectorAutoRebuildThreshold: 512
2023-04-27 11:11:40 DEBUG PooledByteBufAllocator:157 ? -Dio.netty.allocator.numHeapArenas: 16
2023-04-27 11:11:40 DEBUG PooledByteBufAllocator:158 ? -Dio.netty.allocator.numDirectArenas: 16
2023-04-27 11:11:40 DEBUG PooledByteBufAllocator:160 ? -Dio.netty.allocator.pageSize: 8192
2023-04-27 11:11:40 DEBUG PooledByteBufAllocator:165 ? -Dio.netty.allocator.maxOrder: 9
2023-04-27 11:11:40 DEBUG PooledByteBufAllocator:169 ? -Dio.netty.allocator.chunkSize: 4194304
2023-04-27 11:11:40 DEBUG PooledByteBufAllocator:170 ? -Dio.netty.allocator.smallCacheSize: 256
2023-04-27 11:11:40 DEBUG PooledByteBufAllocator:171 ? -Dio.netty.allocator.normalCacheSize: 64
2023-04-27 11:11:40 DEBUG PooledByteBufAllocator:172 ? -Dio.netty.allocator.maxCachedBufferCapacity: 32768
2023-04-27 11:11:40 DEBUG PooledByteBufAllocator:173 ? -Dio.netty.allocator.cacheTrimInterval: 8192
2023-04-27 11:11:40 DEBUG PooledByteBufAllocator:174 ? -Dio.netty.allocator.cacheTrimIntervalMillis: 0
2023-04-27 11:11:40 DEBUG PooledByteBufAllocator:175 ? -Dio.netty.allocator.useCacheForAllThreads: false
2023-04-27 11:11:40 DEBUG PooledByteBufAllocator:176 ? -Dio.netty.allocator.maxCachedByteBuffersPerChunk: 1023
2023-04-27 11:11:40 DEBUG ByteBufUtil:88 ? -Dio.netty.allocator.type: pooled
2023-04-27 11:11:40 DEBUG ByteBufUtil:97 ? -Dio.netty.threadLocalDirectBufferSize: 0
2023-04-27 11:11:40 DEBUG ByteBufUtil:100 ? -Dio.netty.maxThreadLocalCharBufferSize: 16384
2023-04-27 11:11:41 DEBUG DefaultChannelId:79 ? -Dio.netty.processId: 33756 (auto-detected)
2023-04-27 11:11:41 DEBUG NetUtil:148 ? -Djava.net.preferIPv4Stack: false
2023-04-27 11:11:41 DEBUG NetUtil:149 ? -Djava.net.preferIPv6Addresses: false
2023-04-27 11:11:41 DEBUG NetUtilInitializations:145 ? Loopback interface: lo (Software Loopback Interface 1, 127.0.0.1)
2023-04-27 11:11:41 DEBUG NetUtil:206 ? Failed to get SOMAXCONN from sysctl and file \proc\sys\net\core\somaxconn. Default: 200
2023-04-27 11:11:41 DEBUG DefaultChannelId:101 ? -Dio.netty.machineId: 70:c9:4e:ff:fe:a9:98:9d (auto-detected)
2023-04-27 11:11:41 DEBUG AbstractByteBuf:63 ? -Dio.netty.buffer.checkAccessible: true
2023-04-27 11:11:41 DEBUG AbstractByteBuf:64 ? -Dio.netty.buffer.checkBounds: true
2023-04-27 11:11:41 DEBUG ResourceLeakDetectorFactory:196 ? Loaded default ResourceLeakDetector: io.netty.util.ResourceLeakDetector@512589e6
2023-04-27 11:11:41 DEBUG NettyConnectListener:73 ? Using new Channel '[id: 0x32848d0d, L:/127.0.0.1:59488 - R:localhost/127.0.0.1:44723]' for 'POST' to '/session'
2023-04-27 11:11:41 DEBUG Recycler:96 ? -Dio.netty.recycler.maxCapacityPerThread: 4096
2023-04-27 11:11:41 DEBUG Recycler:97 ? -Dio.netty.recycler.ratio: 8
2023-04-27 11:11:41 DEBUG Recycler:98 ? -Dio.netty.recycler.chunkSize: 32
2023-04-27 11:11:41 DEBUG Recycler:99 ? -Dio.netty.recycler.blocking: false
2023-04-27 11:11:41 DEBUG Recycler:100 ? -Dio.netty.recycler.batchFastThreadLocalOnly: true
2023-04-27 11:11:42 DEBUG Brotli:38 ? brotli4j not in the classpath; Brotli support will be unavailable.
2023-04-27 11:11:42 DEBUG HttpHandler:70 ? 

Request DefaultHttpRequest(decodeResult: success, version: HTTP/1.1)
POST /session HTTP/1.1
User-Agent: selenium/4.9.0 (java windows)
Content-Length: 254
Content-Type: application/json; charset=utf-8
host: localhost:44723
accept: */*

Response DefaultHttpResponse(decodeResult: success, version: HTTP/1.1)
HTTP/1.1 200 OK
Content-Length: 859
Content-Type: application/json; charset=utf-8
cache-control: no-cache

2023-04-27 11:11:42 DEBUG ChannelManager:270 ? Adding key: http://localhost:44723 for channel [id: 0x32848d0d, L:/127.0.0.1:59488 - R:localhost/127.0.0.1:44723]
2023-04-27 11:11:42 DEBUG DefaultChannelPool:348 ? Entry count for : http://localhost:44723 : 1
2023-04-27 11:11:42 DEBUG NettyConnectListener:73 ? Using new Channel '[id: 0x8ecc98d5, L:/127.0.0.1:59513 - R:localhost/127.0.0.1:59495]' for 'GET' to '/json/version'
2023-04-27 11:11:42 DEBUG HttpHandler:70 ? 

Request DefaultFullHttpRequest(decodeResult: success, version: HTTP/1.1, content: EmptyByteBufBE)
GET /json/version HTTP/1.1
User-Agent: selenium/4.9.0 (java windows)
host: localhost:59495
accept: */*

Response DefaultHttpResponse(decodeResult: success, version: HTTP/1.1)
HTTP/1.1 200 OK
Content-Security-Policy: frame-ancestors 'none'
Content-Length: 424
Content-Type: application/json; charset=UTF-8

2023-04-27 11:11:42 DEBUG ChannelManager:270 ? Adding key: http://localhost:59495 for channel [id: 0x8ecc98d5, L:/127.0.0.1:59513 - R:localhost/127.0.0.1:59495]
2023-04-27 11:11:42 DEBUG ThreadLocalRandom:214 ? -Dio.netty.initialSeedUniquifier: 0x52aa199709d6f55b
2023-04-27 11:11:42 DEBUG NettyConnectListener:73 ? Using new Channel '[id: 0xb86d14ae, L:/127.0.0.1:59514 - R:localhost/127.0.0.1:59495]' for 'GET' to '/devtools/browser/ab1d8e95-cd70-418b-b6e3-ae9491925395'
2023-04-27 11:11:42 DEBUG WebSocketHandler:105 ? 

Request DefaultFullHttpRequest(decodeResult: success, version: HTTP/1.1, content: EmptyByteBufBE)
GET /devtools/browser/ab1d8e95-cd70-418b-b6e3-ae9491925395 HTTP/1.1
upgrade: websocket
connection: upgrade
sec-websocket-key: Ze82BDe5zglm3EXhzjy1cA==
sec-websocket-version: 13
origin: http://localhost:59495
host: localhost:59495
accept: */*
user-agent: AHC/2.1

Response DefaultHttpResponse(decodeResult: success, version: HTTP/1.1)
HTTP/1.1 101 WebSocket Protocol Handshake
Upgrade: WebSocket
Connection: Upgrade
Sec-WebSocket-Accept: BRlf8FoaxLU1vPYow4Z2GYHT2nc=

2023-04-27 11:11:43 DEBUG NettyRequestSender:593 ? Using pooled Channel '[id: 0x32848d0d, L:/127.0.0.1:59488 - R:localhost/127.0.0.1:44723]' for 'POST' to 'http://localhost:44723/session/75291eb4e3febdddcc60bea9345bdb58/window/maximize'
2023-04-27 11:11:43 DEBUG NettyRequestSender:251 ? Using open Channel [id: 0x32848d0d, L:/127.0.0.1:59488 - R:localhost/127.0.0.1:44723] for POST '/session/75291eb4e3febdddcc60bea9345bdb58/window/maximize'
2023-04-27 11:11:43 DEBUG HttpHandler:70 ? 

Request DefaultHttpRequest(decodeResult: success, version: HTTP/1.1)
POST /session/75291eb4e3febdddcc60bea9345bdb58/window/maximize HTTP/1.1
User-Agent: selenium/4.9.0 (java windows)
Content-Length: 3
Content-Type: application/json; charset=utf-8
host: localhost:44723
accept: */*

Response DefaultHttpResponse(decodeResult: success, version: HTTP/1.1)
HTTP/1.1 200 OK
Content-Length: 52
Content-Type: application/json; charset=utf-8
cache-control: no-cache

2023-04-27 11:11:43 DEBUG ChannelManager:270 ? Adding key: http://localhost:44723 for channel [id: 0x32848d0d, L:/127.0.0.1:59488 - R:localhost/127.0.0.1:44723]
2023-04-27 11:11:43 DEBUG NettyRequestSender:593 ? Using pooled Channel '[id: 0x32848d0d, L:/127.0.0.1:59488 - R:localhost/127.0.0.1:44723]' for 'POST' to 'http://localhost:44723/session/75291eb4e3febdddcc60bea9345bdb58/timeouts'
2023-04-27 11:11:43 DEBUG NettyRequestSender:251 ? Using open Channel [id: 0x32848d0d, L:/127.0.0.1:59488 - R:localhost/127.0.0.1:44723] for POST '/session/75291eb4e3febdddcc60bea9345bdb58/timeouts'
2023-04-27 11:11:43 DEBUG HttpHandler:70 ? 

Request DefaultHttpRequest(decodeResult: success, version: HTTP/1.1)
POST /session/75291eb4e3febdddcc60bea9345bdb58/timeouts HTTP/1.1
User-Agent: selenium/4.9.0 (java windows)
Content-Length: 23
Content-Type: application/json; charset=utf-8
host: localhost:44723
accept: */*

Response DefaultHttpResponse(decodeResult: success, version: HTTP/1.1)
HTTP/1.1 200 OK
Content-Length: 14
Content-Type: application/json; charset=utf-8
cache-control: no-cache

2023-04-27 11:11:43 DEBUG ChannelManager:270 ? Adding key: http://localhost:44723 for channel [id: 0x32848d0d, L:/127.0.0.1:59488 - R:localhost/127.0.0.1:44723]
2023-04-27 11:11:43 DEBUG NettyRequestSender:593 ? Using pooled Channel '[id: 0x32848d0d, L:/127.0.0.1:59488 - R:localhost/127.0.0.1:44723]' for 'POST' to 'http://localhost:44723/session/75291eb4e3febdddcc60bea9345bdb58/url'
2023-04-27 11:11:43 DEBUG NettyRequestSender:251 ? Using open Channel [id: 0x32848d0d, L:/127.0.0.1:59488 - R:localhost/127.0.0.1:44723] for POST '/session/75291eb4e3febdddcc60bea9345bdb58/url'
2023-04-27 11:11:43 DEBUG DefaultChannelPool:348 ? Entry count for : http://localhost:59495 : 1
2023-04-27 11:11:44 DEBUG HttpHandler:70 ? 

Request DefaultHttpRequest(decodeResult: success, version: HTTP/1.1)
POST /session/75291eb4e3febdddcc60bea9345bdb58/url HTTP/1.1
User-Agent: selenium/4.9.0 (java windows)
Content-Length: 59
Content-Type: application/json; charset=utf-8
host: localhost:44723
accept: */*

Response DefaultHttpResponse(decodeResult: success, version: HTTP/1.1)
HTTP/1.1 200 OK
Content-Length: 14
Content-Type: application/json; charset=utf-8
cache-control: no-cache

2023-04-27 11:11:44 DEBUG ChannelManager:270 ? Adding key: http://localhost:44723 for channel [id: 0x32848d0d, L:/127.0.0.1:59488 - R:localhost/127.0.0.1:44723]
2023-04-27 11:12:25 DEBUG InternalLoggerFactory:63 ? Using SLF4J as the default logging framework
2023-04-27 11:12:25 DEBUG ResourceLeakDetector:129 ? -Dio.netty.leakDetection.level: simple
2023-04-27 11:12:25 DEBUG ResourceLeakDetector:130 ? -Dio.netty.leakDetection.targetRecords: 4
2023-04-27 11:12:25 DEBUG ResourceLeakDetectorFactory:196 ? Loaded default ResourceLeakDetector: io.netty.util.ResourceLeakDetector@4e76dac
2023-04-27 11:12:25 DEBUG PlatformDependent0:496 ? -Dio.netty.noUnsafe: false
2023-04-27 11:12:25 DEBUG PlatformDependent0:1000 ? Java version: 19
2023-04-27 11:12:25 DEBUG PlatformDependent0:137 ? sun.misc.Unsafe.theUnsafe: available
2023-04-27 11:12:25 DEBUG PlatformDependent0:161 ? sun.misc.Unsafe.copyMemory: available
2023-04-27 11:12:25 DEBUG PlatformDependent0:193 ? sun.misc.Unsafe.storeFence: available
2023-04-27 11:12:25 DEBUG PlatformDependent0:236 ? java.nio.Buffer.address: available
2023-04-27 11:12:25 DEBUG PlatformDependent0:320 ? direct buffer constructor: unavailable: Reflective setAccessible(true) disabled
2023-04-27 11:12:25 DEBUG PlatformDependent0:385 ? java.nio.Bits.unaligned: available, true
2023-04-27 11:12:25 DEBUG PlatformDependent0:452 ? jdk.internal.misc.Unsafe.allocateUninitializedArray(int): unavailable: class io.netty.util.internal.PlatformDependent0$7 cannot access class jdk.internal.misc.Unsafe (in module java.base) because module java.base does not export jdk.internal.misc to unnamed module @68f7aae2
2023-04-27 11:12:25 DEBUG PlatformDependent0:482 ? java.nio.DirectByteBuffer.<init>(long, int): unavailable
2023-04-27 11:12:25 DEBUG PlatformDependent:1159 ? sun.misc.Unsafe: available
2023-04-27 11:12:25 DEBUG PlatformDependent:1270 ? maxDirectMemory: 5339348992 bytes (maybe)
2023-04-27 11:12:25 DEBUG PlatformDependent:1289 ? -Dio.netty.tmpdir: C:\Users\rohit\AppData\Local\Temp (java.io.tmpdir)
2023-04-27 11:12:25 DEBUG PlatformDependent:1368 ? -Dio.netty.bitMode: 64 (sun.arch.data.model)
2023-04-27 11:12:25 DEBUG PlatformDependent:1119 ? Platform: Windows
2023-04-27 11:12:25 DEBUG PlatformDependent:178 ? -Dio.netty.maxDirectMemory: -1 bytes
2023-04-27 11:12:25 DEBUG PlatformDependent:185 ? -Dio.netty.uninitializedArrayAllocationThreshold: -1
2023-04-27 11:12:25 DEBUG CleanerJava9:71 ? java.nio.ByteBuffer.cleaner(): available
2023-04-27 11:12:25 DEBUG PlatformDependent:205 ? -Dio.netty.noPreferDirect: false
2023-04-27 11:12:25 DEBUG PlatformDependent:1010 ? org.jctools-core.MpscChunkedArrayQueue: available
2023-04-27 11:12:25 DEBUG InternalThreadLocalMap:100 ? -Dio.netty.threadLocalMap.stringBuilder.initialSize: 1024
2023-04-27 11:12:25 DEBUG InternalThreadLocalMap:101 ? -Dio.netty.threadLocalMap.stringBuilder.maxSize: 4096
2023-04-27 11:12:25 DEBUG JdkSslContext:83 ? Default protocols (JDK): [TLSv1.3, TLSv1.2] 
2023-04-27 11:12:25 DEBUG JdkSslContext:84 ? Default cipher suites (JDK): [TLS_ECDHE_ECDSA_WITH_AES_256_GCM_SHA384, TLS_ECDHE_ECDSA_WITH_AES_128_GCM_SHA256, TLS_ECDHE_RSA_WITH_AES_128_GCM_SHA256, TLS_ECDHE_RSA_WITH_AES_256_GCM_SHA384, TLS_ECDHE_RSA_WITH_AES_128_CBC_SHA, TLS_ECDHE_RSA_WITH_AES_256_CBC_SHA, TLS_RSA_WITH_AES_128_GCM_SHA256, TLS_RSA_WITH_AES_128_CBC_SHA, TLS_RSA_WITH_AES_256_CBC_SHA, TLS_AES_128_GCM_SHA256, TLS_AES_256_GCM_SHA384]
2023-04-27 11:12:25 DEBUG GlobalEventExecutor:53 ? -Dio.netty.globalEventExecutor.quietPeriodSeconds: 1
2023-04-27 11:12:25 DEBUG MultithreadEventLoopGroup:44 ? -Dio.netty.eventLoopThreads: 16
2023-04-27 11:12:25 DEBUG NioEventLoop:110 ? -Dio.netty.noKeySetOptimization: false
2023-04-27 11:12:25 DEBUG NioEventLoop:111 ? -Dio.netty.selectorAutoRebuildThreshold: 512
2023-04-27 11:12:25 DEBUG PooledByteBufAllocator:157 ? -Dio.netty.allocator.numHeapArenas: 16
2023-04-27 11:12:25 DEBUG PooledByteBufAllocator:158 ? -Dio.netty.allocator.numDirectArenas: 16
2023-04-27 11:12:25 DEBUG PooledByteBufAllocator:160 ? -Dio.netty.allocator.pageSize: 8192
2023-04-27 11:12:25 DEBUG PooledByteBufAllocator:165 ? -Dio.netty.allocator.maxOrder: 9
2023-04-27 11:12:25 DEBUG PooledByteBufAllocator:169 ? -Dio.netty.allocator.chunkSize: 4194304
2023-04-27 11:12:25 DEBUG PooledByteBufAllocator:170 ? -Dio.netty.allocator.smallCacheSize: 256
2023-04-27 11:12:25 DEBUG PooledByteBufAllocator:171 ? -Dio.netty.allocator.normalCacheSize: 64
2023-04-27 11:12:25 DEBUG PooledByteBufAllocator:172 ? -Dio.netty.allocator.maxCachedBufferCapacity: 32768
2023-04-27 11:12:25 DEBUG PooledByteBufAllocator:173 ? -Dio.netty.allocator.cacheTrimInterval: 8192
2023-04-27 11:12:25 DEBUG PooledByteBufAllocator:174 ? -Dio.netty.allocator.cacheTrimIntervalMillis: 0
2023-04-27 11:12:25 DEBUG PooledByteBufAllocator:175 ? -Dio.netty.allocator.useCacheForAllThreads: false
2023-04-27 11:12:25 DEBUG PooledByteBufAllocator:176 ? -Dio.netty.allocator.maxCachedByteBuffersPerChunk: 1023
2023-04-27 11:12:25 DEBUG ByteBufUtil:88 ? -Dio.netty.allocator.type: pooled
2023-04-27 11:12:25 DEBUG ByteBufUtil:97 ? -Dio.netty.threadLocalDirectBufferSize: 0
2023-04-27 11:12:25 DEBUG ByteBufUtil:100 ? -Dio.netty.maxThreadLocalCharBufferSize: 16384
2023-04-27 11:12:25 DEBUG DefaultChannelId:79 ? -Dio.netty.processId: 8380 (auto-detected)
2023-04-27 11:12:25 DEBUG NetUtil:148 ? -Djava.net.preferIPv4Stack: false
2023-04-27 11:12:25 DEBUG NetUtil:149 ? -Djava.net.preferIPv6Addresses: false
2023-04-27 11:12:25 DEBUG NetUtilInitializations:145 ? Loopback interface: lo (Software Loopback Interface 1, 127.0.0.1)
2023-04-27 11:12:25 DEBUG NetUtil:206 ? Failed to get SOMAXCONN from sysctl and file \proc\sys\net\core\somaxconn. Default: 200
2023-04-27 11:12:25 DEBUG DefaultChannelId:101 ? -Dio.netty.machineId: 70:c9:4e:ff:fe:a9:98:9d (auto-detected)
2023-04-27 11:12:25 DEBUG AbstractByteBuf:63 ? -Dio.netty.buffer.checkAccessible: true
2023-04-27 11:12:25 DEBUG AbstractByteBuf:64 ? -Dio.netty.buffer.checkBounds: true
2023-04-27 11:12:25 DEBUG ResourceLeakDetectorFactory:196 ? Loaded default ResourceLeakDetector: io.netty.util.ResourceLeakDetector@512589e6
2023-04-27 11:12:25 DEBUG NettyConnectListener:73 ? Using new Channel '[id: 0xe157675d, L:/127.0.0.1:59615 - R:localhost/127.0.0.1:13077]' for 'POST' to '/session'
2023-04-27 11:12:25 DEBUG Recycler:96 ? -Dio.netty.recycler.maxCapacityPerThread: 4096
2023-04-27 11:12:25 DEBUG Recycler:97 ? -Dio.netty.recycler.ratio: 8
2023-04-27 11:12:25 DEBUG Recycler:98 ? -Dio.netty.recycler.chunkSize: 32
2023-04-27 11:12:25 DEBUG Recycler:99 ? -Dio.netty.recycler.blocking: false
2023-04-27 11:12:25 DEBUG Recycler:100 ? -Dio.netty.recycler.batchFastThreadLocalOnly: true
2023-04-27 11:12:27 DEBUG Brotli:38 ? brotli4j not in the classpath; Brotli support will be unavailable.
2023-04-27 11:12:27 DEBUG HttpHandler:70 ? 

Request DefaultHttpRequest(decodeResult: success, version: HTTP/1.1)
POST /session HTTP/1.1
User-Agent: selenium/4.9.0 (java windows)
Content-Length: 254
Content-Type: application/json; charset=utf-8
host: localhost:13077
accept: */*

Response DefaultHttpResponse(decodeResult: success, version: HTTP/1.1)
HTTP/1.1 200 OK
Content-Length: 860
Content-Type: application/json; charset=utf-8
cache-control: no-cache

2023-04-27 11:12:27 DEBUG ChannelManager:270 ? Adding key: http://localhost:13077 for channel [id: 0xe157675d, L:/127.0.0.1:59615 - R:localhost/127.0.0.1:13077]
2023-04-27 11:12:27 DEBUG DefaultChannelPool:348 ? Entry count for : http://localhost:13077 : 1
2023-04-27 11:12:27 DEBUG NettyConnectListener:73 ? Using new Channel '[id: 0xc068bc9e, L:/127.0.0.1:59636 - R:localhost/127.0.0.1:59620]' for 'GET' to '/json/version'
2023-04-27 11:12:27 DEBUG HttpHandler:70 ? 

Request DefaultFullHttpRequest(decodeResult: success, version: HTTP/1.1, content: EmptyByteBufBE)
GET /json/version HTTP/1.1
User-Agent: selenium/4.9.0 (java windows)
host: localhost:59620
accept: */*

Response DefaultHttpResponse(decodeResult: success, version: HTTP/1.1)
HTTP/1.1 200 OK
Content-Security-Policy: frame-ancestors 'none'
Content-Length: 424
Content-Type: application/json; charset=UTF-8

2023-04-27 11:12:27 DEBUG ChannelManager:270 ? Adding key: http://localhost:59620 for channel [id: 0xc068bc9e, L:/127.0.0.1:59636 - R:localhost/127.0.0.1:59620]
2023-04-27 11:12:27 DEBUG ThreadLocalRandom:214 ? -Dio.netty.initialSeedUniquifier: 0x8161d65f8421d4d9
2023-04-27 11:12:27 DEBUG NettyConnectListener:73 ? Using new Channel '[id: 0x170ed9fb, L:/127.0.0.1:59637 - R:localhost/127.0.0.1:59620]' for 'GET' to '/devtools/browser/db18b7eb-5e6c-4670-9be9-11cda0c749df'
2023-04-27 11:12:27 DEBUG WebSocketHandler:105 ? 

Request DefaultFullHttpRequest(decodeResult: success, version: HTTP/1.1, content: EmptyByteBufBE)
GET /devtools/browser/db18b7eb-5e6c-4670-9be9-11cda0c749df HTTP/1.1
upgrade: websocket
connection: upgrade
sec-websocket-key: MS4ogrJHkQ5BnGBSaSSSDw==
sec-websocket-version: 13
origin: http://localhost:59620
host: localhost:59620
accept: */*
user-agent: AHC/2.1

Response DefaultHttpResponse(decodeResult: success, version: HTTP/1.1)
HTTP/1.1 101 WebSocket Protocol Handshake
Upgrade: WebSocket
Connection: Upgrade
Sec-WebSocket-Accept: 1VcpjUFaX7kS5CpbanFI1sWYwfc=

2023-04-27 11:12:27 DEBUG NettyRequestSender:593 ? Using pooled Channel '[id: 0xe157675d, L:/127.0.0.1:59615 - R:localhost/127.0.0.1:13077]' for 'POST' to 'http://localhost:13077/session/4c0e943f76f86df06fa1be1a619ef2bb/window/maximize'
2023-04-27 11:12:27 DEBUG NettyRequestSender:251 ? Using open Channel [id: 0xe157675d, L:/127.0.0.1:59615 - R:localhost/127.0.0.1:13077] for POST '/session/4c0e943f76f86df06fa1be1a619ef2bb/window/maximize'
2023-04-27 11:12:28 DEBUG HttpHandler:70 ? 

Request DefaultHttpRequest(decodeResult: success, version: HTTP/1.1)
POST /session/4c0e943f76f86df06fa1be1a619ef2bb/window/maximize HTTP/1.1
User-Agent: selenium/4.9.0 (java windows)
Content-Length: 3
Content-Type: application/json; charset=utf-8
host: localhost:13077
accept: */*

Response DefaultHttpResponse(decodeResult: success, version: HTTP/1.1)
HTTP/1.1 200 OK
Content-Length: 52
Content-Type: application/json; charset=utf-8
cache-control: no-cache

2023-04-27 11:12:28 DEBUG ChannelManager:270 ? Adding key: http://localhost:13077 for channel [id: 0xe157675d, L:/127.0.0.1:59615 - R:localhost/127.0.0.1:13077]
2023-04-27 11:12:28 DEBUG NettyRequestSender:593 ? Using pooled Channel '[id: 0xe157675d, L:/127.0.0.1:59615 - R:localhost/127.0.0.1:13077]' for 'POST' to 'http://localhost:13077/session/4c0e943f76f86df06fa1be1a619ef2bb/timeouts'
2023-04-27 11:12:28 DEBUG NettyRequestSender:251 ? Using open Channel [id: 0xe157675d, L:/127.0.0.1:59615 - R:localhost/127.0.0.1:13077] for POST '/session/4c0e943f76f86df06fa1be1a619ef2bb/timeouts'
2023-04-27 11:12:28 DEBUG HttpHandler:70 ? 

Request DefaultHttpRequest(decodeResult: success, version: HTTP/1.1)
POST /session/4c0e943f76f86df06fa1be1a619ef2bb/timeouts HTTP/1.1
User-Agent: selenium/4.9.0 (java windows)
Content-Length: 23
Content-Type: application/json; charset=utf-8
host: localhost:13077
accept: */*

Response DefaultHttpResponse(decodeResult: success, version: HTTP/1.1)
HTTP/1.1 200 OK
Content-Length: 14
Content-Type: application/json; charset=utf-8
cache-control: no-cache

2023-04-27 11:12:28 DEBUG ChannelManager:270 ? Adding key: http://localhost:13077 for channel [id: 0xe157675d, L:/127.0.0.1:59615 - R:localhost/127.0.0.1:13077]
2023-04-27 11:12:28 DEBUG NettyRequestSender:593 ? Using pooled Channel '[id: 0xe157675d, L:/127.0.0.1:59615 - R:localhost/127.0.0.1:13077]' for 'POST' to 'http://localhost:13077/session/4c0e943f76f86df06fa1be1a619ef2bb/url'
2023-04-27 11:12:28 DEBUG NettyRequestSender:251 ? Using open Channel [id: 0xe157675d, L:/127.0.0.1:59615 - R:localhost/127.0.0.1:13077] for POST '/session/4c0e943f76f86df06fa1be1a619ef2bb/url'
2023-04-27 11:12:28 DEBUG DefaultChannelPool:348 ? Entry count for : http://localhost:59620 : 1
2023-04-27 11:12:29 DEBUG HttpHandler:70 ? 

Request DefaultHttpRequest(decodeResult: success, version: HTTP/1.1)
POST /session/4c0e943f76f86df06fa1be1a619ef2bb/url HTTP/1.1
User-Agent: selenium/4.9.0 (java windows)
Content-Length: 59
Content-Type: application/json; charset=utf-8
host: localhost:13077
accept: */*

Response DefaultHttpResponse(decodeResult: success, version: HTTP/1.1)
HTTP/1.1 200 OK
Content-Length: 14
Content-Type: application/json; charset=utf-8
cache-control: no-cache

2023-04-27 11:12:29 DEBUG ChannelManager:270 ? Adding key: http://localhost:13077 for channel [id: 0xe157675d, L:/127.0.0.1:59615 - R:localhost/127.0.0.1:13077]
2023-04-27 11:15:21 DEBUG InternalLoggerFactory:63 ? Using SLF4J as the default logging framework
2023-04-27 11:15:21 DEBUG ResourceLeakDetector:129 ? -Dio.netty.leakDetection.level: simple
2023-04-27 11:15:21 DEBUG ResourceLeakDetector:130 ? -Dio.netty.leakDetection.targetRecords: 4
2023-04-27 11:15:21 DEBUG ResourceLeakDetectorFactory:196 ? Loaded default ResourceLeakDetector: io.netty.util.ResourceLeakDetector@165b8a71
2023-04-27 11:15:21 DEBUG PlatformDependent0:496 ? -Dio.netty.noUnsafe: false
2023-04-27 11:15:21 DEBUG PlatformDependent0:1000 ? Java version: 19
2023-04-27 11:15:21 DEBUG PlatformDependent0:137 ? sun.misc.Unsafe.theUnsafe: available
2023-04-27 11:15:21 DEBUG PlatformDependent0:161 ? sun.misc.Unsafe.copyMemory: available
2023-04-27 11:15:21 DEBUG PlatformDependent0:193 ? sun.misc.Unsafe.storeFence: available
2023-04-27 11:15:21 DEBUG PlatformDependent0:236 ? java.nio.Buffer.address: available
2023-04-27 11:15:21 DEBUG PlatformDependent0:320 ? direct buffer constructor: unavailable: Reflective setAccessible(true) disabled
2023-04-27 11:15:21 DEBUG PlatformDependent0:385 ? java.nio.Bits.unaligned: available, true
2023-04-27 11:15:21 DEBUG PlatformDependent0:452 ? jdk.internal.misc.Unsafe.allocateUninitializedArray(int): unavailable: class io.netty.util.internal.PlatformDependent0$7 cannot access class jdk.internal.misc.Unsafe (in module java.base) because module java.base does not export jdk.internal.misc to unnamed module @68f7aae2
2023-04-27 11:15:21 DEBUG PlatformDependent0:482 ? java.nio.DirectByteBuffer.<init>(long, int): unavailable
2023-04-27 11:15:21 DEBUG PlatformDependent:1159 ? sun.misc.Unsafe: available
2023-04-27 11:15:21 DEBUG PlatformDependent:1270 ? maxDirectMemory: 5339348992 bytes (maybe)
2023-04-27 11:15:21 DEBUG PlatformDependent:1289 ? -Dio.netty.tmpdir: C:\Users\rohit\AppData\Local\Temp (java.io.tmpdir)
2023-04-27 11:15:21 DEBUG PlatformDependent:1368 ? -Dio.netty.bitMode: 64 (sun.arch.data.model)
2023-04-27 11:15:21 DEBUG PlatformDependent:1119 ? Platform: Windows
2023-04-27 11:15:21 DEBUG PlatformDependent:178 ? -Dio.netty.maxDirectMemory: -1 bytes
2023-04-27 11:15:21 DEBUG PlatformDependent:185 ? -Dio.netty.uninitializedArrayAllocationThreshold: -1
2023-04-27 11:15:21 DEBUG CleanerJava9:71 ? java.nio.ByteBuffer.cleaner(): available
2023-04-27 11:15:21 DEBUG PlatformDependent:205 ? -Dio.netty.noPreferDirect: false
2023-04-27 11:15:21 DEBUG PlatformDependent:1010 ? org.jctools-core.MpscChunkedArrayQueue: available
2023-04-27 11:15:21 DEBUG InternalThreadLocalMap:100 ? -Dio.netty.threadLocalMap.stringBuilder.initialSize: 1024
2023-04-27 11:15:21 DEBUG InternalThreadLocalMap:101 ? -Dio.netty.threadLocalMap.stringBuilder.maxSize: 4096
2023-04-27 11:15:22 DEBUG JdkSslContext:83 ? Default protocols (JDK): [TLSv1.3, TLSv1.2] 
2023-04-27 11:15:22 DEBUG JdkSslContext:84 ? Default cipher suites (JDK): [TLS_ECDHE_ECDSA_WITH_AES_256_GCM_SHA384, TLS_ECDHE_ECDSA_WITH_AES_128_GCM_SHA256, TLS_ECDHE_RSA_WITH_AES_128_GCM_SHA256, TLS_ECDHE_RSA_WITH_AES_256_GCM_SHA384, TLS_ECDHE_RSA_WITH_AES_128_CBC_SHA, TLS_ECDHE_RSA_WITH_AES_256_CBC_SHA, TLS_RSA_WITH_AES_128_GCM_SHA256, TLS_RSA_WITH_AES_128_CBC_SHA, TLS_RSA_WITH_AES_256_CBC_SHA, TLS_AES_128_GCM_SHA256, TLS_AES_256_GCM_SHA384]
2023-04-27 11:15:22 DEBUG GlobalEventExecutor:53 ? -Dio.netty.globalEventExecutor.quietPeriodSeconds: 1
2023-04-27 11:15:22 DEBUG MultithreadEventLoopGroup:44 ? -Dio.netty.eventLoopThreads: 16
2023-04-27 11:15:22 DEBUG NioEventLoop:110 ? -Dio.netty.noKeySetOptimization: false
2023-04-27 11:15:22 DEBUG NioEventLoop:111 ? -Dio.netty.selectorAutoRebuildThreshold: 512
2023-04-27 11:15:22 DEBUG PooledByteBufAllocator:157 ? -Dio.netty.allocator.numHeapArenas: 16
2023-04-27 11:15:22 DEBUG PooledByteBufAllocator:158 ? -Dio.netty.allocator.numDirectArenas: 16
2023-04-27 11:15:22 DEBUG PooledByteBufAllocator:160 ? -Dio.netty.allocator.pageSize: 8192
2023-04-27 11:15:22 DEBUG PooledByteBufAllocator:165 ? -Dio.netty.allocator.maxOrder: 9
2023-04-27 11:15:22 DEBUG PooledByteBufAllocator:169 ? -Dio.netty.allocator.chunkSize: 4194304
2023-04-27 11:15:22 DEBUG PooledByteBufAllocator:170 ? -Dio.netty.allocator.smallCacheSize: 256
2023-04-27 11:15:22 DEBUG PooledByteBufAllocator:171 ? -Dio.netty.allocator.normalCacheSize: 64
2023-04-27 11:15:22 DEBUG PooledByteBufAllocator:172 ? -Dio.netty.allocator.maxCachedBufferCapacity: 32768
2023-04-27 11:15:22 DEBUG PooledByteBufAllocator:173 ? -Dio.netty.allocator.cacheTrimInterval: 8192
2023-04-27 11:15:22 DEBUG PooledByteBufAllocator:174 ? -Dio.netty.allocator.cacheTrimIntervalMillis: 0
2023-04-27 11:15:22 DEBUG PooledByteBufAllocator:175 ? -Dio.netty.allocator.useCacheForAllThreads: false
2023-04-27 11:15:22 DEBUG PooledByteBufAllocator:176 ? -Dio.netty.allocator.maxCachedByteBuffersPerChunk: 1023
2023-04-27 11:15:22 DEBUG ByteBufUtil:88 ? -Dio.netty.allocator.type: pooled
2023-04-27 11:15:22 DEBUG ByteBufUtil:97 ? -Dio.netty.threadLocalDirectBufferSize: 0
2023-04-27 11:15:22 DEBUG ByteBufUtil:100 ? -Dio.netty.maxThreadLocalCharBufferSize: 16384
2023-04-27 11:15:22 DEBUG DefaultChannelId:79 ? -Dio.netty.processId: 13152 (auto-detected)
2023-04-27 11:15:22 DEBUG NetUtil:148 ? -Djava.net.preferIPv4Stack: false
2023-04-27 11:15:22 DEBUG NetUtil:149 ? -Djava.net.preferIPv6Addresses: false
2023-04-27 11:15:22 DEBUG NetUtilInitializations:145 ? Loopback interface: lo (Software Loopback Interface 1, 127.0.0.1)
2023-04-27 11:15:22 DEBUG NetUtil:206 ? Failed to get SOMAXCONN from sysctl and file \proc\sys\net\core\somaxconn. Default: 200
2023-04-27 11:15:22 DEBUG DefaultChannelId:101 ? -Dio.netty.machineId: 70:c9:4e:ff:fe:a9:98:9d (auto-detected)
2023-04-27 11:15:22 DEBUG AbstractByteBuf:63 ? -Dio.netty.buffer.checkAccessible: true
2023-04-27 11:15:22 DEBUG AbstractByteBuf:64 ? -Dio.netty.buffer.checkBounds: true
2023-04-27 11:15:22 DEBUG ResourceLeakDetectorFactory:196 ? Loaded default ResourceLeakDetector: io.netty.util.ResourceLeakDetector@512589e6
2023-04-27 11:15:22 DEBUG NettyConnectListener:73 ? Using new Channel '[id: 0xe3dc854f, L:/127.0.0.1:60083 - R:localhost/127.0.0.1:2025]' for 'POST' to '/session'
2023-04-27 11:15:22 DEBUG Recycler:96 ? -Dio.netty.recycler.maxCapacityPerThread: 4096
2023-04-27 11:15:22 DEBUG Recycler:97 ? -Dio.netty.recycler.ratio: 8
2023-04-27 11:15:22 DEBUG Recycler:98 ? -Dio.netty.recycler.chunkSize: 32
2023-04-27 11:15:22 DEBUG Recycler:99 ? -Dio.netty.recycler.blocking: false
2023-04-27 11:15:22 DEBUG Recycler:100 ? -Dio.netty.recycler.batchFastThreadLocalOnly: true
2023-04-27 11:15:24 DEBUG Brotli:38 ? brotli4j not in the classpath; Brotli support will be unavailable.
2023-04-27 11:15:24 DEBUG HttpHandler:70 ? 

Request DefaultHttpRequest(decodeResult: success, version: HTTP/1.1)
POST /session HTTP/1.1
User-Agent: selenium/4.9.0 (java windows)
Content-Length: 254
Content-Type: application/json; charset=utf-8
host: localhost:2025
accept: */*

Response DefaultHttpResponse(decodeResult: success, version: HTTP/1.1)
HTTP/1.1 200 OK
Content-Length: 860
Content-Type: application/json; charset=utf-8
cache-control: no-cache

2023-04-27 11:15:24 DEBUG ChannelManager:270 ? Adding key: http://localhost:2025 for channel [id: 0xe3dc854f, L:/127.0.0.1:60083 - R:localhost/127.0.0.1:2025]
2023-04-27 11:15:24 DEBUG NettyConnectListener:73 ? Using new Channel '[id: 0x047a43d8, L:/127.0.0.1:60106 - R:localhost/127.0.0.1:60088]' for 'GET' to '/json/version'
2023-04-27 11:15:24 DEBUG HttpHandler:70 ? 

Request DefaultFullHttpRequest(decodeResult: success, version: HTTP/1.1, content: EmptyByteBufBE)
GET /json/version HTTP/1.1
User-Agent: selenium/4.9.0 (java windows)
host: localhost:60088
accept: */*

Response DefaultHttpResponse(decodeResult: success, version: HTTP/1.1)
HTTP/1.1 200 OK
Content-Security-Policy: frame-ancestors 'none'
Content-Length: 424
Content-Type: application/json; charset=UTF-8

2023-04-27 11:15:24 DEBUG ChannelManager:270 ? Adding key: http://localhost:60088 for channel [id: 0x047a43d8, L:/127.0.0.1:60106 - R:localhost/127.0.0.1:60088]
2023-04-27 11:15:24 DEBUG ThreadLocalRandom:214 ? -Dio.netty.initialSeedUniquifier: 0x4b189fb26f95a057
2023-04-27 11:15:24 DEBUG NettyConnectListener:73 ? Using new Channel '[id: 0x9277618d, L:/127.0.0.1:60107 - R:localhost/127.0.0.1:60088]' for 'GET' to '/devtools/browser/b59f7813-56a9-4b92-91d2-69790ca9641f'
2023-04-27 11:15:24 DEBUG WebSocketHandler:105 ? 

Request DefaultFullHttpRequest(decodeResult: success, version: HTTP/1.1, content: EmptyByteBufBE)
GET /devtools/browser/b59f7813-56a9-4b92-91d2-69790ca9641f HTTP/1.1
upgrade: websocket
connection: upgrade
sec-websocket-key: ALMwDZl6Y5inX6LM9YIE4A==
sec-websocket-version: 13
origin: http://localhost:60088
host: localhost:60088
accept: */*
user-agent: AHC/2.1

Response DefaultHttpResponse(decodeResult: success, version: HTTP/1.1)
HTTP/1.1 101 WebSocket Protocol Handshake
Upgrade: WebSocket
Connection: Upgrade
Sec-WebSocket-Accept: GLX1TJ1VSgnMHkA5XcuScdcEQgU=

2023-04-27 11:15:24 DEBUG DefaultChannelPool:348 ? Entry count for : http://localhost:2025 : 1
2023-04-27 11:15:24 DEBUG DefaultChannelPool:348 ? Entry count for : http://localhost:60088 : 1
2023-04-27 11:15:24 DEBUG NettyRequestSender:593 ? Using pooled Channel '[id: 0xe3dc854f, L:/127.0.0.1:60083 - R:localhost/127.0.0.1:2025]' for 'POST' to 'http://localhost:2025/session/2477a7a16cc9ef2ff8233b1a9272aae3/window/maximize'
2023-04-27 11:15:24 DEBUG NettyRequestSender:251 ? Using open Channel [id: 0xe3dc854f, L:/127.0.0.1:60083 - R:localhost/127.0.0.1:2025] for POST '/session/2477a7a16cc9ef2ff8233b1a9272aae3/window/maximize'
2023-04-27 11:15:24 DEBUG HttpHandler:70 ? 

Request DefaultHttpRequest(decodeResult: success, version: HTTP/1.1)
POST /session/2477a7a16cc9ef2ff8233b1a9272aae3/window/maximize HTTP/1.1
User-Agent: selenium/4.9.0 (java windows)
Content-Length: 3
Content-Type: application/json; charset=utf-8
host: localhost:2025
accept: */*

Response DefaultHttpResponse(decodeResult: success, version: HTTP/1.1)
HTTP/1.1 200 OK
Content-Length: 52
Content-Type: application/json; charset=utf-8
cache-control: no-cache

2023-04-27 11:15:24 DEBUG ChannelManager:270 ? Adding key: http://localhost:2025 for channel [id: 0xe3dc854f, L:/127.0.0.1:60083 - R:localhost/127.0.0.1:2025]
2023-04-27 11:15:24 DEBUG NettyRequestSender:593 ? Using pooled Channel '[id: 0xe3dc854f, L:/127.0.0.1:60083 - R:localhost/127.0.0.1:2025]' for 'POST' to 'http://localhost:2025/session/2477a7a16cc9ef2ff8233b1a9272aae3/timeouts'
2023-04-27 11:15:24 DEBUG NettyRequestSender:251 ? Using open Channel [id: 0xe3dc854f, L:/127.0.0.1:60083 - R:localhost/127.0.0.1:2025] for POST '/session/2477a7a16cc9ef2ff8233b1a9272aae3/timeouts'
2023-04-27 11:15:24 DEBUG HttpHandler:70 ? 

Request DefaultHttpRequest(decodeResult: success, version: HTTP/1.1)
POST /session/2477a7a16cc9ef2ff8233b1a9272aae3/timeouts HTTP/1.1
User-Agent: selenium/4.9.0 (java windows)
Content-Length: 23
Content-Type: application/json; charset=utf-8
host: localhost:2025
accept: */*

Response DefaultHttpResponse(decodeResult: success, version: HTTP/1.1)
HTTP/1.1 200 OK
Content-Length: 14
Content-Type: application/json; charset=utf-8
cache-control: no-cache

2023-04-27 11:15:24 DEBUG ChannelManager:270 ? Adding key: http://localhost:2025 for channel [id: 0xe3dc854f, L:/127.0.0.1:60083 - R:localhost/127.0.0.1:2025]
2023-04-27 11:15:24 DEBUG NettyRequestSender:593 ? Using pooled Channel '[id: 0xe3dc854f, L:/127.0.0.1:60083 - R:localhost/127.0.0.1:2025]' for 'POST' to 'http://localhost:2025/session/2477a7a16cc9ef2ff8233b1a9272aae3/url'
2023-04-27 11:15:24 DEBUG NettyRequestSender:251 ? Using open Channel [id: 0xe3dc854f, L:/127.0.0.1:60083 - R:localhost/127.0.0.1:2025] for POST '/session/2477a7a16cc9ef2ff8233b1a9272aae3/url'
2023-04-27 11:15:25 DEBUG HttpHandler:70 ? 

Request DefaultHttpRequest(decodeResult: success, version: HTTP/1.1)
POST /session/2477a7a16cc9ef2ff8233b1a9272aae3/url HTTP/1.1
User-Agent: selenium/4.9.0 (java windows)
Content-Length: 59
Content-Type: application/json; charset=utf-8
host: localhost:2025
accept: */*

Response DefaultHttpResponse(decodeResult: success, version: HTTP/1.1)
HTTP/1.1 200 OK
Content-Length: 14
Content-Type: application/json; charset=utf-8
cache-control: no-cache

2023-04-27 11:15:25 DEBUG ChannelManager:270 ? Adding key: http://localhost:2025 for channel [id: 0xe3dc854f, L:/127.0.0.1:60083 - R:localhost/127.0.0.1:2025]
2023-04-27 11:22:10 DEBUG InternalLoggerFactory:63 ? Using SLF4J as the default logging framework
2023-04-27 11:22:10 DEBUG ResourceLeakDetector:129 ? -Dio.netty.leakDetection.level: simple
2023-04-27 11:22:10 DEBUG ResourceLeakDetector:130 ? -Dio.netty.leakDetection.targetRecords: 4
2023-04-27 11:22:10 DEBUG ResourceLeakDetectorFactory:196 ? Loaded default ResourceLeakDetector: io.netty.util.ResourceLeakDetector@4e76dac
2023-04-27 11:22:10 DEBUG PlatformDependent0:496 ? -Dio.netty.noUnsafe: false
2023-04-27 11:22:10 DEBUG PlatformDependent0:1000 ? Java version: 19
2023-04-27 11:22:10 DEBUG PlatformDependent0:137 ? sun.misc.Unsafe.theUnsafe: available
2023-04-27 11:22:10 DEBUG PlatformDependent0:161 ? sun.misc.Unsafe.copyMemory: available
2023-04-27 11:22:10 DEBUG PlatformDependent0:193 ? sun.misc.Unsafe.storeFence: available
2023-04-27 11:22:10 DEBUG PlatformDependent0:236 ? java.nio.Buffer.address: available
2023-04-27 11:22:10 DEBUG PlatformDependent0:320 ? direct buffer constructor: unavailable: Reflective setAccessible(true) disabled
2023-04-27 11:22:10 DEBUG PlatformDependent0:385 ? java.nio.Bits.unaligned: available, true
2023-04-27 11:22:10 DEBUG PlatformDependent0:452 ? jdk.internal.misc.Unsafe.allocateUninitializedArray(int): unavailable: class io.netty.util.internal.PlatformDependent0$7 cannot access class jdk.internal.misc.Unsafe (in module java.base) because module java.base does not export jdk.internal.misc to unnamed module @68f7aae2
2023-04-27 11:22:10 DEBUG PlatformDependent0:482 ? java.nio.DirectByteBuffer.<init>(long, int): unavailable
2023-04-27 11:22:10 DEBUG PlatformDependent:1159 ? sun.misc.Unsafe: available
2023-04-27 11:22:10 DEBUG PlatformDependent:1270 ? maxDirectMemory: 5339348992 bytes (maybe)
2023-04-27 11:22:10 DEBUG PlatformDependent:1289 ? -Dio.netty.tmpdir: C:\Users\rohit\AppData\Local\Temp (java.io.tmpdir)
2023-04-27 11:22:10 DEBUG PlatformDependent:1368 ? -Dio.netty.bitMode: 64 (sun.arch.data.model)
2023-04-27 11:22:10 DEBUG PlatformDependent:1119 ? Platform: Windows
2023-04-27 11:22:10 DEBUG PlatformDependent:178 ? -Dio.netty.maxDirectMemory: -1 bytes
2023-04-27 11:22:10 DEBUG PlatformDependent:185 ? -Dio.netty.uninitializedArrayAllocationThreshold: -1
2023-04-27 11:22:10 DEBUG CleanerJava9:71 ? java.nio.ByteBuffer.cleaner(): available
2023-04-27 11:22:10 DEBUG PlatformDependent:205 ? -Dio.netty.noPreferDirect: false
2023-04-27 11:22:10 DEBUG PlatformDependent:1010 ? org.jctools-core.MpscChunkedArrayQueue: available
2023-04-27 11:22:10 DEBUG InternalThreadLocalMap:100 ? -Dio.netty.threadLocalMap.stringBuilder.initialSize: 1024
2023-04-27 11:22:10 DEBUG InternalThreadLocalMap:101 ? -Dio.netty.threadLocalMap.stringBuilder.maxSize: 4096
2023-04-27 11:22:10 DEBUG JdkSslContext:83 ? Default protocols (JDK): [TLSv1.3, TLSv1.2] 
2023-04-27 11:22:10 DEBUG JdkSslContext:84 ? Default cipher suites (JDK): [TLS_ECDHE_ECDSA_WITH_AES_256_GCM_SHA384, TLS_ECDHE_ECDSA_WITH_AES_128_GCM_SHA256, TLS_ECDHE_RSA_WITH_AES_128_GCM_SHA256, TLS_ECDHE_RSA_WITH_AES_256_GCM_SHA384, TLS_ECDHE_RSA_WITH_AES_128_CBC_SHA, TLS_ECDHE_RSA_WITH_AES_256_CBC_SHA, TLS_RSA_WITH_AES_128_GCM_SHA256, TLS_RSA_WITH_AES_128_CBC_SHA, TLS_RSA_WITH_AES_256_CBC_SHA, TLS_AES_128_GCM_SHA256, TLS_AES_256_GCM_SHA384]
2023-04-27 11:22:10 DEBUG GlobalEventExecutor:53 ? -Dio.netty.globalEventExecutor.quietPeriodSeconds: 1
2023-04-27 11:22:10 DEBUG MultithreadEventLoopGroup:44 ? -Dio.netty.eventLoopThreads: 16
2023-04-27 11:22:10 DEBUG NioEventLoop:110 ? -Dio.netty.noKeySetOptimization: false
2023-04-27 11:22:10 DEBUG NioEventLoop:111 ? -Dio.netty.selectorAutoRebuildThreshold: 512
2023-04-27 11:22:10 DEBUG PooledByteBufAllocator:157 ? -Dio.netty.allocator.numHeapArenas: 16
2023-04-27 11:22:10 DEBUG PooledByteBufAllocator:158 ? -Dio.netty.allocator.numDirectArenas: 16
2023-04-27 11:22:10 DEBUG PooledByteBufAllocator:160 ? -Dio.netty.allocator.pageSize: 8192
2023-04-27 11:22:10 DEBUG PooledByteBufAllocator:165 ? -Dio.netty.allocator.maxOrder: 9
2023-04-27 11:22:10 DEBUG PooledByteBufAllocator:169 ? -Dio.netty.allocator.chunkSize: 4194304
2023-04-27 11:22:10 DEBUG PooledByteBufAllocator:170 ? -Dio.netty.allocator.smallCacheSize: 256
2023-04-27 11:22:10 DEBUG PooledByteBufAllocator:171 ? -Dio.netty.allocator.normalCacheSize: 64
2023-04-27 11:22:10 DEBUG PooledByteBufAllocator:172 ? -Dio.netty.allocator.maxCachedBufferCapacity: 32768
2023-04-27 11:22:10 DEBUG PooledByteBufAllocator:173 ? -Dio.netty.allocator.cacheTrimInterval: 8192
2023-04-27 11:22:10 DEBUG PooledByteBufAllocator:174 ? -Dio.netty.allocator.cacheTrimIntervalMillis: 0
2023-04-27 11:22:10 DEBUG PooledByteBufAllocator:175 ? -Dio.netty.allocator.useCacheForAllThreads: false
2023-04-27 11:22:10 DEBUG PooledByteBufAllocator:176 ? -Dio.netty.allocator.maxCachedByteBuffersPerChunk: 1023
2023-04-27 11:22:10 DEBUG ByteBufUtil:88 ? -Dio.netty.allocator.type: pooled
2023-04-27 11:22:10 DEBUG ByteBufUtil:97 ? -Dio.netty.threadLocalDirectBufferSize: 0
2023-04-27 11:22:10 DEBUG ByteBufUtil:100 ? -Dio.netty.maxThreadLocalCharBufferSize: 16384
2023-04-27 11:22:11 DEBUG DefaultChannelId:79 ? -Dio.netty.processId: 11372 (auto-detected)
2023-04-27 11:22:11 DEBUG NetUtil:148 ? -Djava.net.preferIPv4Stack: false
2023-04-27 11:22:11 DEBUG NetUtil:149 ? -Djava.net.preferIPv6Addresses: false
2023-04-27 11:22:11 DEBUG NetUtilInitializations:145 ? Loopback interface: lo (Software Loopback Interface 1, 127.0.0.1)
2023-04-27 11:22:11 DEBUG NetUtil:206 ? Failed to get SOMAXCONN from sysctl and file \proc\sys\net\core\somaxconn. Default: 200
2023-04-27 11:22:11 DEBUG DefaultChannelId:101 ? -Dio.netty.machineId: 70:c9:4e:ff:fe:a9:98:9d (auto-detected)
2023-04-27 11:22:11 DEBUG AbstractByteBuf:63 ? -Dio.netty.buffer.checkAccessible: true
2023-04-27 11:22:11 DEBUG AbstractByteBuf:64 ? -Dio.netty.buffer.checkBounds: true
2023-04-27 11:22:11 DEBUG ResourceLeakDetectorFactory:196 ? Loaded default ResourceLeakDetector: io.netty.util.ResourceLeakDetector@5715c085
2023-04-27 11:22:11 DEBUG NettyConnectListener:73 ? Using new Channel '[id: 0x687d6ee1, L:/127.0.0.1:60892 - R:localhost/127.0.0.1:32412]' for 'POST' to '/session'
2023-04-27 11:22:11 DEBUG Recycler:96 ? -Dio.netty.recycler.maxCapacityPerThread: 4096
2023-04-27 11:22:11 DEBUG Recycler:97 ? -Dio.netty.recycler.ratio: 8
2023-04-27 11:22:11 DEBUG Recycler:98 ? -Dio.netty.recycler.chunkSize: 32
2023-04-27 11:22:11 DEBUG Recycler:99 ? -Dio.netty.recycler.blocking: false
2023-04-27 11:22:11 DEBUG Recycler:100 ? -Dio.netty.recycler.batchFastThreadLocalOnly: true
2023-04-27 11:22:14 DEBUG Brotli:38 ? brotli4j not in the classpath; Brotli support will be unavailable.
2023-04-27 11:22:14 DEBUG HttpHandler:70 ? 

Request DefaultHttpRequest(decodeResult: success, version: HTTP/1.1)
POST /session HTTP/1.1
User-Agent: selenium/4.9.0 (java windows)
Content-Length: 254
Content-Type: application/json; charset=utf-8
host: localhost:32412
accept: */*

Response DefaultHttpResponse(decodeResult: success, version: HTTP/1.1)
HTTP/1.1 200 OK
Content-Length: 859
Content-Type: application/json; charset=utf-8
cache-control: no-cache

2023-04-27 11:22:14 DEBUG ChannelManager:270 ? Adding key: http://localhost:32412 for channel [id: 0x687d6ee1, L:/127.0.0.1:60892 - R:localhost/127.0.0.1:32412]
2023-04-27 11:22:15 DEBUG NettyConnectListener:73 ? Using new Channel '[id: 0x998dacc7, L:/127.0.0.1:60920 - R:localhost/127.0.0.1:60902]' for 'GET' to '/json/version'
2023-04-27 11:22:15 DEBUG HttpHandler:70 ? 

Request DefaultFullHttpRequest(decodeResult: success, version: HTTP/1.1, content: EmptyByteBufBE)
GET /json/version HTTP/1.1
User-Agent: selenium/4.9.0 (java windows)
host: localhost:60902
accept: */*

Response DefaultHttpResponse(decodeResult: success, version: HTTP/1.1)
HTTP/1.1 200 OK
Content-Security-Policy: frame-ancestors 'none'
Content-Length: 424
Content-Type: application/json; charset=UTF-8

2023-04-27 11:22:15 DEBUG ChannelManager:270 ? Adding key: http://localhost:60902 for channel [id: 0x998dacc7, L:/127.0.0.1:60920 - R:localhost/127.0.0.1:60902]
2023-04-27 11:22:15 DEBUG ThreadLocalRandom:214 ? -Dio.netty.initialSeedUniquifier: 0x3127d77a5d55ead0
2023-04-27 11:22:15 DEBUG NettyConnectListener:73 ? Using new Channel '[id: 0xcadb4212, L:/127.0.0.1:60921 - R:localhost/127.0.0.1:60902]' for 'GET' to '/devtools/browser/8be8d230-bd9e-4a20-9fb4-058fb38d6e2d'
2023-04-27 11:22:15 DEBUG WebSocketHandler:105 ? 

Request DefaultFullHttpRequest(decodeResult: success, version: HTTP/1.1, content: EmptyByteBufBE)
GET /devtools/browser/8be8d230-bd9e-4a20-9fb4-058fb38d6e2d HTTP/1.1
upgrade: websocket
connection: upgrade
sec-websocket-key: V4yqo2dPLx/+KtGnrsp8iA==
sec-websocket-version: 13
origin: http://localhost:60902
host: localhost:60902
accept: */*
user-agent: AHC/2.1

Response DefaultHttpResponse(decodeResult: success, version: HTTP/1.1)
HTTP/1.1 101 WebSocket Protocol Handshake
Upgrade: WebSocket
Connection: Upgrade
Sec-WebSocket-Accept: /GrmRGscPfVCLzVf2sI9D7XFc2A=

2023-04-27 11:22:15 DEBUG DefaultChannelPool:348 ? Entry count for : http://localhost:60902 : 1
2023-04-27 11:22:15 DEBUG DefaultChannelPool:348 ? Entry count for : http://localhost:32412 : 1
2023-04-27 11:22:15 DEBUG NettyRequestSender:593 ? Using pooled Channel '[id: 0x687d6ee1, L:/127.0.0.1:60892 - R:localhost/127.0.0.1:32412]' for 'POST' to 'http://localhost:32412/session/74dacd8acca5db78ce9e4f2159a9f356/window/maximize'
2023-04-27 11:22:15 DEBUG NettyRequestSender:251 ? Using open Channel [id: 0x687d6ee1, L:/127.0.0.1:60892 - R:localhost/127.0.0.1:32412] for POST '/session/74dacd8acca5db78ce9e4f2159a9f356/window/maximize'
2023-04-27 11:22:15 DEBUG HttpHandler:70 ? 

Request DefaultHttpRequest(decodeResult: success, version: HTTP/1.1)
POST /session/74dacd8acca5db78ce9e4f2159a9f356/window/maximize HTTP/1.1
User-Agent: selenium/4.9.0 (java windows)
Content-Length: 3
Content-Type: application/json; charset=utf-8
host: localhost:32412
accept: */*

Response DefaultHttpResponse(decodeResult: success, version: HTTP/1.1)
HTTP/1.1 200 OK
Content-Length: 52
Content-Type: application/json; charset=utf-8
cache-control: no-cache

2023-04-27 11:22:15 DEBUG ChannelManager:270 ? Adding key: http://localhost:32412 for channel [id: 0x687d6ee1, L:/127.0.0.1:60892 - R:localhost/127.0.0.1:32412]
2023-04-27 11:22:15 DEBUG NettyRequestSender:593 ? Using pooled Channel '[id: 0x687d6ee1, L:/127.0.0.1:60892 - R:localhost/127.0.0.1:32412]' for 'POST' to 'http://localhost:32412/session/74dacd8acca5db78ce9e4f2159a9f356/timeouts'
2023-04-27 11:22:15 DEBUG NettyRequestSender:251 ? Using open Channel [id: 0x687d6ee1, L:/127.0.0.1:60892 - R:localhost/127.0.0.1:32412] for POST '/session/74dacd8acca5db78ce9e4f2159a9f356/timeouts'
2023-04-27 11:22:15 DEBUG HttpHandler:70 ? 

Request DefaultHttpRequest(decodeResult: success, version: HTTP/1.1)
POST /session/74dacd8acca5db78ce9e4f2159a9f356/timeouts HTTP/1.1
User-Agent: selenium/4.9.0 (java windows)
Content-Length: 23
Content-Type: application/json; charset=utf-8
host: localhost:32412
accept: */*

Response DefaultHttpResponse(decodeResult: success, version: HTTP/1.1)
HTTP/1.1 200 OK
Content-Length: 14
Content-Type: application/json; charset=utf-8
cache-control: no-cache

2023-04-27 11:22:15 DEBUG ChannelManager:270 ? Adding key: http://localhost:32412 for channel [id: 0x687d6ee1, L:/127.0.0.1:60892 - R:localhost/127.0.0.1:32412]
2023-04-27 11:22:15 DEBUG NettyRequestSender:593 ? Using pooled Channel '[id: 0x687d6ee1, L:/127.0.0.1:60892 - R:localhost/127.0.0.1:32412]' for 'POST' to 'http://localhost:32412/session/74dacd8acca5db78ce9e4f2159a9f356/url'
2023-04-27 11:22:15 DEBUG NettyRequestSender:251 ? Using open Channel [id: 0x687d6ee1, L:/127.0.0.1:60892 - R:localhost/127.0.0.1:32412] for POST '/session/74dacd8acca5db78ce9e4f2159a9f356/url'
2023-04-27 11:22:16 DEBUG HttpHandler:70 ? 

Request DefaultHttpRequest(decodeResult: success, version: HTTP/1.1)
POST /session/74dacd8acca5db78ce9e4f2159a9f356/url HTTP/1.1
User-Agent: selenium/4.9.0 (java windows)
Content-Length: 59
Content-Type: application/json; charset=utf-8
host: localhost:32412
accept: */*

Response DefaultHttpResponse(decodeResult: success, version: HTTP/1.1)
HTTP/1.1 200 OK
Content-Length: 14
Content-Type: application/json; charset=utf-8
cache-control: no-cache

2023-04-27 11:22:16 DEBUG ChannelManager:270 ? Adding key: http://localhost:32412 for channel [id: 0x687d6ee1, L:/127.0.0.1:60892 - R:localhost/127.0.0.1:32412]
2023-04-27 11:22:16 DEBUG NettyRequestSender:593 ? Using pooled Channel '[id: 0x687d6ee1, L:/127.0.0.1:60892 - R:localhost/127.0.0.1:32412]' for 'POST' to 'http://localhost:32412/session/74dacd8acca5db78ce9e4f2159a9f356/element'
2023-04-27 11:22:16 DEBUG NettyRequestSender:251 ? Using open Channel [id: 0x687d6ee1, L:/127.0.0.1:60892 - R:localhost/127.0.0.1:32412] for POST '/session/74dacd8acca5db78ce9e4f2159a9f356/element'
2023-04-27 11:22:16 DEBUG HttpHandler:70 ? 

Request DefaultHttpRequest(decodeResult: success, version: HTTP/1.1)
POST /session/74dacd8acca5db78ce9e4f2159a9f356/element HTTP/1.1
User-Agent: selenium/4.9.0 (java windows)
Content-Length: 69
Content-Type: application/json; charset=utf-8
host: localhost:32412
accept: */*

Response DefaultHttpResponse(decodeResult: success, version: HTTP/1.1)
HTTP/1.1 200 OK
Content-Length: 88
Content-Type: application/json; charset=utf-8
cache-control: no-cache

2023-04-27 11:22:16 DEBUG ChannelManager:270 ? Adding key: http://localhost:32412 for channel [id: 0x687d6ee1, L:/127.0.0.1:60892 - R:localhost/127.0.0.1:32412]
2023-04-27 11:22:16 DEBUG NettyRequestSender:593 ? Using pooled Channel '[id: 0x687d6ee1, L:/127.0.0.1:60892 - R:localhost/127.0.0.1:32412]' for 'POST' to 'http://localhost:32412/session/74dacd8acca5db78ce9e4f2159a9f356/execute/sync'
2023-04-27 11:22:16 DEBUG NettyRequestSender:251 ? Using open Channel [id: 0x687d6ee1, L:/127.0.0.1:60892 - R:localhost/127.0.0.1:32412] for POST '/session/74dacd8acca5db78ce9e4f2159a9f356/execute/sync'
2023-04-27 11:22:16 DEBUG DefaultChannelPool:348 ? Entry count for : http://localhost:60902 : 1
2023-04-27 11:22:16 DEBUG HttpHandler:70 ? 

Request DefaultHttpRequest(decodeResult: success, version: HTTP/1.1)
POST /session/74dacd8acca5db78ce9e4f2159a9f356/execute/sync HTTP/1.1
User-Agent: selenium/4.9.0 (java windows)
Content-Length: 48807
Content-Type: application/json; charset=utf-8
host: localhost:32412
accept: */*

Response DefaultHttpResponse(decodeResult: success, version: HTTP/1.1)
HTTP/1.1 200 OK
Content-Length: 14
Content-Type: application/json; charset=utf-8
cache-control: no-cache

2023-04-27 11:22:16 DEBUG ChannelManager:270 ? Adding key: http://localhost:32412 for channel [id: 0x687d6ee1, L:/127.0.0.1:60892 - R:localhost/127.0.0.1:32412]
2023-04-27 11:23:23 DEBUG InternalLoggerFactory:63 ? Using SLF4J as the default logging framework
2023-04-27 11:23:23 DEBUG ResourceLeakDetector:129 ? -Dio.netty.leakDetection.level: simple
2023-04-27 11:23:23 DEBUG ResourceLeakDetector:130 ? -Dio.netty.leakDetection.targetRecords: 4
2023-04-27 11:23:23 DEBUG ResourceLeakDetectorFactory:196 ? Loaded default ResourceLeakDetector: io.netty.util.ResourceLeakDetector@4e76dac
2023-04-27 11:23:23 DEBUG PlatformDependent0:496 ? -Dio.netty.noUnsafe: false
2023-04-27 11:23:23 DEBUG PlatformDependent0:1000 ? Java version: 19
2023-04-27 11:23:23 DEBUG PlatformDependent0:137 ? sun.misc.Unsafe.theUnsafe: available
2023-04-27 11:23:23 DEBUG PlatformDependent0:161 ? sun.misc.Unsafe.copyMemory: available
2023-04-27 11:23:23 DEBUG PlatformDependent0:193 ? sun.misc.Unsafe.storeFence: available
2023-04-27 11:23:23 DEBUG PlatformDependent0:236 ? java.nio.Buffer.address: available
2023-04-27 11:23:23 DEBUG PlatformDependent0:320 ? direct buffer constructor: unavailable: Reflective setAccessible(true) disabled
2023-04-27 11:23:23 DEBUG PlatformDependent0:385 ? java.nio.Bits.unaligned: available, true
2023-04-27 11:23:23 DEBUG PlatformDependent0:452 ? jdk.internal.misc.Unsafe.allocateUninitializedArray(int): unavailable: class io.netty.util.internal.PlatformDependent0$7 cannot access class jdk.internal.misc.Unsafe (in module java.base) because module java.base does not export jdk.internal.misc to unnamed module @68f7aae2
2023-04-27 11:23:23 DEBUG PlatformDependent0:482 ? java.nio.DirectByteBuffer.<init>(long, int): unavailable
2023-04-27 11:23:23 DEBUG PlatformDependent:1159 ? sun.misc.Unsafe: available
2023-04-27 11:23:23 DEBUG PlatformDependent:1270 ? maxDirectMemory: 5339348992 bytes (maybe)
2023-04-27 11:23:23 DEBUG PlatformDependent:1289 ? -Dio.netty.tmpdir: C:\Users\rohit\AppData\Local\Temp (java.io.tmpdir)
2023-04-27 11:23:23 DEBUG PlatformDependent:1368 ? -Dio.netty.bitMode: 64 (sun.arch.data.model)
2023-04-27 11:23:23 DEBUG PlatformDependent:1119 ? Platform: Windows
2023-04-27 11:23:23 DEBUG PlatformDependent:178 ? -Dio.netty.maxDirectMemory: -1 bytes
2023-04-27 11:23:23 DEBUG PlatformDependent:185 ? -Dio.netty.uninitializedArrayAllocationThreshold: -1
2023-04-27 11:23:23 DEBUG CleanerJava9:71 ? java.nio.ByteBuffer.cleaner(): available
2023-04-27 11:23:23 DEBUG PlatformDependent:205 ? -Dio.netty.noPreferDirect: false
2023-04-27 11:23:23 DEBUG PlatformDependent:1010 ? org.jctools-core.MpscChunkedArrayQueue: available
2023-04-27 11:23:23 DEBUG InternalThreadLocalMap:100 ? -Dio.netty.threadLocalMap.stringBuilder.initialSize: 1024
2023-04-27 11:23:23 DEBUG InternalThreadLocalMap:101 ? -Dio.netty.threadLocalMap.stringBuilder.maxSize: 4096
2023-04-27 11:23:23 DEBUG JdkSslContext:83 ? Default protocols (JDK): [TLSv1.3, TLSv1.2] 
2023-04-27 11:23:23 DEBUG JdkSslContext:84 ? Default cipher suites (JDK): [TLS_ECDHE_ECDSA_WITH_AES_256_GCM_SHA384, TLS_ECDHE_ECDSA_WITH_AES_128_GCM_SHA256, TLS_ECDHE_RSA_WITH_AES_128_GCM_SHA256, TLS_ECDHE_RSA_WITH_AES_256_GCM_SHA384, TLS_ECDHE_RSA_WITH_AES_128_CBC_SHA, TLS_ECDHE_RSA_WITH_AES_256_CBC_SHA, TLS_RSA_WITH_AES_128_GCM_SHA256, TLS_RSA_WITH_AES_128_CBC_SHA, TLS_RSA_WITH_AES_256_CBC_SHA, TLS_AES_128_GCM_SHA256, TLS_AES_256_GCM_SHA384]
2023-04-27 11:23:23 DEBUG GlobalEventExecutor:53 ? -Dio.netty.globalEventExecutor.quietPeriodSeconds: 1
2023-04-27 11:23:23 DEBUG MultithreadEventLoopGroup:44 ? -Dio.netty.eventLoopThreads: 16
2023-04-27 11:23:23 DEBUG NioEventLoop:110 ? -Dio.netty.noKeySetOptimization: false
2023-04-27 11:23:23 DEBUG NioEventLoop:111 ? -Dio.netty.selectorAutoRebuildThreshold: 512
2023-04-27 11:23:23 DEBUG PooledByteBufAllocator:157 ? -Dio.netty.allocator.numHeapArenas: 16
2023-04-27 11:23:23 DEBUG PooledByteBufAllocator:158 ? -Dio.netty.allocator.numDirectArenas: 16
2023-04-27 11:23:23 DEBUG PooledByteBufAllocator:160 ? -Dio.netty.allocator.pageSize: 8192
2023-04-27 11:23:23 DEBUG PooledByteBufAllocator:165 ? -Dio.netty.allocator.maxOrder: 9
2023-04-27 11:23:23 DEBUG PooledByteBufAllocator:169 ? -Dio.netty.allocator.chunkSize: 4194304
2023-04-27 11:23:23 DEBUG PooledByteBufAllocator:170 ? -Dio.netty.allocator.smallCacheSize: 256
2023-04-27 11:23:23 DEBUG PooledByteBufAllocator:171 ? -Dio.netty.allocator.normalCacheSize: 64
2023-04-27 11:23:23 DEBUG PooledByteBufAllocator:172 ? -Dio.netty.allocator.maxCachedBufferCapacity: 32768
2023-04-27 11:23:23 DEBUG PooledByteBufAllocator:173 ? -Dio.netty.allocator.cacheTrimInterval: 8192
2023-04-27 11:23:23 DEBUG PooledByteBufAllocator:174 ? -Dio.netty.allocator.cacheTrimIntervalMillis: 0
2023-04-27 11:23:23 DEBUG PooledByteBufAllocator:175 ? -Dio.netty.allocator.useCacheForAllThreads: false
2023-04-27 11:23:23 DEBUG PooledByteBufAllocator:176 ? -Dio.netty.allocator.maxCachedByteBuffersPerChunk: 1023
2023-04-27 11:23:23 DEBUG ByteBufUtil:88 ? -Dio.netty.allocator.type: pooled
2023-04-27 11:23:23 DEBUG ByteBufUtil:97 ? -Dio.netty.threadLocalDirectBufferSize: 0
2023-04-27 11:23:23 DEBUG ByteBufUtil:100 ? -Dio.netty.maxThreadLocalCharBufferSize: 16384
2023-04-27 11:23:24 DEBUG DefaultChannelId:79 ? -Dio.netty.processId: 37536 (auto-detected)
2023-04-27 11:23:24 DEBUG NetUtil:148 ? -Djava.net.preferIPv4Stack: false
2023-04-27 11:23:24 DEBUG NetUtil:149 ? -Djava.net.preferIPv6Addresses: false
2023-04-27 11:23:24 DEBUG NetUtilInitializations:145 ? Loopback interface: lo (Software Loopback Interface 1, 127.0.0.1)
2023-04-27 11:23:24 DEBUG NetUtil:206 ? Failed to get SOMAXCONN from sysctl and file \proc\sys\net\core\somaxconn. Default: 200
2023-04-27 11:23:24 DEBUG DefaultChannelId:101 ? -Dio.netty.machineId: 70:c9:4e:ff:fe:a9:98:9d (auto-detected)
2023-04-27 11:23:24 DEBUG AbstractByteBuf:63 ? -Dio.netty.buffer.checkAccessible: true
2023-04-27 11:23:24 DEBUG AbstractByteBuf:64 ? -Dio.netty.buffer.checkBounds: true
2023-04-27 11:23:24 DEBUG ResourceLeakDetectorFactory:196 ? Loaded default ResourceLeakDetector: io.netty.util.ResourceLeakDetector@1243e889
2023-04-27 11:23:24 DEBUG NettyConnectListener:73 ? Using new Channel '[id: 0x7af3ce34, L:/127.0.0.1:61120 - R:localhost/127.0.0.1:33525]' for 'POST' to '/session'
2023-04-27 11:23:24 DEBUG Recycler:96 ? -Dio.netty.recycler.maxCapacityPerThread: 4096
2023-04-27 11:23:24 DEBUG Recycler:97 ? -Dio.netty.recycler.ratio: 8
2023-04-27 11:23:24 DEBUG Recycler:98 ? -Dio.netty.recycler.chunkSize: 32
2023-04-27 11:23:24 DEBUG Recycler:99 ? -Dio.netty.recycler.blocking: false
2023-04-27 11:23:24 DEBUG Recycler:100 ? -Dio.netty.recycler.batchFastThreadLocalOnly: true
2023-04-27 11:23:26 DEBUG Brotli:38 ? brotli4j not in the classpath; Brotli support will be unavailable.
2023-04-27 11:23:26 DEBUG HttpHandler:70 ? 

Request DefaultHttpRequest(decodeResult: success, version: HTTP/1.1)
POST /session HTTP/1.1
User-Agent: selenium/4.9.0 (java windows)
Content-Length: 254
Content-Type: application/json; charset=utf-8
host: localhost:33525
accept: */*

Response DefaultHttpResponse(decodeResult: success, version: HTTP/1.1)
HTTP/1.1 200 OK
Content-Length: 859
Content-Type: application/json; charset=utf-8
cache-control: no-cache

2023-04-27 11:23:26 DEBUG ChannelManager:270 ? Adding key: http://localhost:33525 for channel [id: 0x7af3ce34, L:/127.0.0.1:61120 - R:localhost/127.0.0.1:33525]
2023-04-27 11:23:26 DEBUG NettyConnectListener:73 ? Using new Channel '[id: 0x1e29ea2d, L:/127.0.0.1:61143 - R:localhost/127.0.0.1:61129]' for 'GET' to '/json/version'
2023-04-27 11:23:26 DEBUG HttpHandler:70 ? 

Request DefaultFullHttpRequest(decodeResult: success, version: HTTP/1.1, content: EmptyByteBufBE)
GET /json/version HTTP/1.1
User-Agent: selenium/4.9.0 (java windows)
host: localhost:61129
accept: */*

Response DefaultHttpResponse(decodeResult: success, version: HTTP/1.1)
HTTP/1.1 200 OK
Content-Security-Policy: frame-ancestors 'none'
Content-Length: 424
Content-Type: application/json; charset=UTF-8

2023-04-27 11:23:26 DEBUG ChannelManager:270 ? Adding key: http://localhost:61129 for channel [id: 0x1e29ea2d, L:/127.0.0.1:61143 - R:localhost/127.0.0.1:61129]
2023-04-27 11:23:26 DEBUG ThreadLocalRandom:214 ? -Dio.netty.initialSeedUniquifier: 0x716daf84799cb8b8
2023-04-27 11:23:26 DEBUG NettyConnectListener:73 ? Using new Channel '[id: 0x01e5f0f3, L:/127.0.0.1:61144 - R:localhost/127.0.0.1:61129]' for 'GET' to '/devtools/browser/916ee0db-392c-4270-919f-29b9d224bac6'
2023-04-27 11:23:26 DEBUG WebSocketHandler:105 ? 

Request DefaultFullHttpRequest(decodeResult: success, version: HTTP/1.1, content: EmptyByteBufBE)
GET /devtools/browser/916ee0db-392c-4270-919f-29b9d224bac6 HTTP/1.1
upgrade: websocket
connection: upgrade
sec-websocket-key: K74OvZeKTjTGuwqedCXhCA==
sec-websocket-version: 13
origin: http://localhost:61129
host: localhost:61129
accept: */*
user-agent: AHC/2.1

Response DefaultHttpResponse(decodeResult: success, version: HTTP/1.1)
HTTP/1.1 101 WebSocket Protocol Handshake
Upgrade: WebSocket
Connection: Upgrade
Sec-WebSocket-Accept: B0iRh+uv5gXfyRlqFyhebmdrI9s=

2023-04-27 11:23:26 DEBUG NettyRequestSender:593 ? Using pooled Channel '[id: 0x7af3ce34, L:/127.0.0.1:61120 - R:localhost/127.0.0.1:33525]' for 'POST' to 'http://localhost:33525/session/10c11b4dcae57e7e8e81e3daa92a5cee/window/maximize'
2023-04-27 11:23:26 DEBUG NettyRequestSender:251 ? Using open Channel [id: 0x7af3ce34, L:/127.0.0.1:61120 - R:localhost/127.0.0.1:33525] for POST '/session/10c11b4dcae57e7e8e81e3daa92a5cee/window/maximize'
2023-04-27 11:23:26 DEBUG DefaultChannelPool:348 ? Entry count for : http://localhost:61129 : 1
2023-04-27 11:23:26 DEBUG HttpHandler:70 ? 

Request DefaultHttpRequest(decodeResult: success, version: HTTP/1.1)
POST /session/10c11b4dcae57e7e8e81e3daa92a5cee/window/maximize HTTP/1.1
User-Agent: selenium/4.9.0 (java windows)
Content-Length: 3
Content-Type: application/json; charset=utf-8
host: localhost:33525
accept: */*

Response DefaultHttpResponse(decodeResult: success, version: HTTP/1.1)
HTTP/1.1 200 OK
Content-Length: 52
Content-Type: application/json; charset=utf-8
cache-control: no-cache

2023-04-27 11:23:26 DEBUG ChannelManager:270 ? Adding key: http://localhost:33525 for channel [id: 0x7af3ce34, L:/127.0.0.1:61120 - R:localhost/127.0.0.1:33525]
2023-04-27 11:23:26 DEBUG NettyRequestSender:593 ? Using pooled Channel '[id: 0x7af3ce34, L:/127.0.0.1:61120 - R:localhost/127.0.0.1:33525]' for 'POST' to 'http://localhost:33525/session/10c11b4dcae57e7e8e81e3daa92a5cee/timeouts'
2023-04-27 11:23:26 DEBUG NettyRequestSender:251 ? Using open Channel [id: 0x7af3ce34, L:/127.0.0.1:61120 - R:localhost/127.0.0.1:33525] for POST '/session/10c11b4dcae57e7e8e81e3daa92a5cee/timeouts'
2023-04-27 11:23:26 DEBUG HttpHandler:70 ? 

Request DefaultHttpRequest(decodeResult: success, version: HTTP/1.1)
POST /session/10c11b4dcae57e7e8e81e3daa92a5cee/timeouts HTTP/1.1
User-Agent: selenium/4.9.0 (java windows)
Content-Length: 23
Content-Type: application/json; charset=utf-8
host: localhost:33525
accept: */*

Response DefaultHttpResponse(decodeResult: success, version: HTTP/1.1)
HTTP/1.1 200 OK
Content-Length: 14
Content-Type: application/json; charset=utf-8
cache-control: no-cache

2023-04-27 11:23:26 DEBUG ChannelManager:270 ? Adding key: http://localhost:33525 for channel [id: 0x7af3ce34, L:/127.0.0.1:61120 - R:localhost/127.0.0.1:33525]
2023-04-27 11:23:26 DEBUG NettyRequestSender:593 ? Using pooled Channel '[id: 0x7af3ce34, L:/127.0.0.1:61120 - R:localhost/127.0.0.1:33525]' for 'POST' to 'http://localhost:33525/session/10c11b4dcae57e7e8e81e3daa92a5cee/url'
2023-04-27 11:23:26 DEBUG NettyRequestSender:251 ? Using open Channel [id: 0x7af3ce34, L:/127.0.0.1:61120 - R:localhost/127.0.0.1:33525] for POST '/session/10c11b4dcae57e7e8e81e3daa92a5cee/url'
2023-04-27 11:23:27 DEBUG DefaultChannelPool:348 ? Entry count for : http://localhost:61129 : 1
2023-04-27 11:23:27 DEBUG HttpHandler:70 ? 

Request DefaultHttpRequest(decodeResult: success, version: HTTP/1.1)
POST /session/10c11b4dcae57e7e8e81e3daa92a5cee/url HTTP/1.1
User-Agent: selenium/4.9.0 (java windows)
Content-Length: 59
Content-Type: application/json; charset=utf-8
host: localhost:33525
accept: */*

Response DefaultHttpResponse(decodeResult: success, version: HTTP/1.1)
HTTP/1.1 200 OK
Content-Length: 14
Content-Type: application/json; charset=utf-8
cache-control: no-cache

2023-04-27 11:23:27 DEBUG ChannelManager:270 ? Adding key: http://localhost:33525 for channel [id: 0x7af3ce34, L:/127.0.0.1:61120 - R:localhost/127.0.0.1:33525]
2023-04-27 11:23:27 DEBUG NettyRequestSender:593 ? Using pooled Channel '[id: 0x7af3ce34, L:/127.0.0.1:61120 - R:localhost/127.0.0.1:33525]' for 'POST' to 'http://localhost:33525/session/10c11b4dcae57e7e8e81e3daa92a5cee/element'
2023-04-27 11:23:28 DEBUG NettyRequestSender:251 ? Using open Channel [id: 0x7af3ce34, L:/127.0.0.1:61120 - R:localhost/127.0.0.1:33525] for POST '/session/10c11b4dcae57e7e8e81e3daa92a5cee/element'
2023-04-27 11:23:28 DEBUG HttpHandler:70 ? 

Request DefaultHttpRequest(decodeResult: success, version: HTTP/1.1)
POST /session/10c11b4dcae57e7e8e81e3daa92a5cee/element HTTP/1.1
User-Agent: selenium/4.9.0 (java windows)
Content-Length: 69
Content-Type: application/json; charset=utf-8
host: localhost:33525
accept: */*

Response DefaultHttpResponse(decodeResult: success, version: HTTP/1.1)
HTTP/1.1 200 OK
Content-Length: 88
Content-Type: application/json; charset=utf-8
cache-control: no-cache

2023-04-27 11:23:28 DEBUG ChannelManager:270 ? Adding key: http://localhost:33525 for channel [id: 0x7af3ce34, L:/127.0.0.1:61120 - R:localhost/127.0.0.1:33525]
2023-04-27 11:23:28 DEBUG NettyRequestSender:593 ? Using pooled Channel '[id: 0x7af3ce34, L:/127.0.0.1:61120 - R:localhost/127.0.0.1:33525]' for 'POST' to 'http://localhost:33525/session/10c11b4dcae57e7e8e81e3daa92a5cee/execute/sync'
2023-04-27 11:23:28 DEBUG NettyRequestSender:251 ? Using open Channel [id: 0x7af3ce34, L:/127.0.0.1:61120 - R:localhost/127.0.0.1:33525] for POST '/session/10c11b4dcae57e7e8e81e3daa92a5cee/execute/sync'
2023-04-27 11:23:28 DEBUG HttpHandler:70 ? 

Request DefaultHttpRequest(decodeResult: success, version: HTTP/1.1)
POST /session/10c11b4dcae57e7e8e81e3daa92a5cee/execute/sync HTTP/1.1
User-Agent: selenium/4.9.0 (java windows)
Content-Length: 48807
Content-Type: application/json; charset=utf-8
host: localhost:33525
accept: */*

Response DefaultHttpResponse(decodeResult: success, version: HTTP/1.1)
HTTP/1.1 200 OK
Content-Length: 14
Content-Type: application/json; charset=utf-8
cache-control: no-cache

2023-04-27 11:23:28 DEBUG ChannelManager:270 ? Adding key: http://localhost:33525 for channel [id: 0x7af3ce34, L:/127.0.0.1:61120 - R:localhost/127.0.0.1:33525]
2023-04-27 11:34:34 DEBUG InternalLoggerFactory:63 ? Using SLF4J as the default logging framework
2023-04-27 11:34:34 DEBUG ResourceLeakDetector:129 ? -Dio.netty.leakDetection.level: simple
2023-04-27 11:34:34 DEBUG ResourceLeakDetector:130 ? -Dio.netty.leakDetection.targetRecords: 4
2023-04-27 11:34:34 DEBUG ResourceLeakDetectorFactory:196 ? Loaded default ResourceLeakDetector: io.netty.util.ResourceLeakDetector@4e76dac
2023-04-27 11:34:34 DEBUG PlatformDependent0:496 ? -Dio.netty.noUnsafe: false
2023-04-27 11:34:34 DEBUG PlatformDependent0:1000 ? Java version: 19
2023-04-27 11:34:34 DEBUG PlatformDependent0:137 ? sun.misc.Unsafe.theUnsafe: available
2023-04-27 11:34:34 DEBUG PlatformDependent0:161 ? sun.misc.Unsafe.copyMemory: available
2023-04-27 11:34:34 DEBUG PlatformDependent0:193 ? sun.misc.Unsafe.storeFence: available
2023-04-27 11:34:34 DEBUG PlatformDependent0:236 ? java.nio.Buffer.address: available
2023-04-27 11:34:34 DEBUG PlatformDependent0:320 ? direct buffer constructor: unavailable: Reflective setAccessible(true) disabled
2023-04-27 11:34:34 DEBUG PlatformDependent0:385 ? java.nio.Bits.unaligned: available, true
2023-04-27 11:34:34 DEBUG PlatformDependent0:452 ? jdk.internal.misc.Unsafe.allocateUninitializedArray(int): unavailable: class io.netty.util.internal.PlatformDependent0$7 cannot access class jdk.internal.misc.Unsafe (in module java.base) because module java.base does not export jdk.internal.misc to unnamed module @68f7aae2
2023-04-27 11:34:34 DEBUG PlatformDependent0:482 ? java.nio.DirectByteBuffer.<init>(long, int): unavailable
2023-04-27 11:34:34 DEBUG PlatformDependent:1159 ? sun.misc.Unsafe: available
2023-04-27 11:34:34 DEBUG PlatformDependent:1270 ? maxDirectMemory: 5339348992 bytes (maybe)
2023-04-27 11:34:34 DEBUG PlatformDependent:1289 ? -Dio.netty.tmpdir: C:\Users\rohit\AppData\Local\Temp (java.io.tmpdir)
2023-04-27 11:34:34 DEBUG PlatformDependent:1368 ? -Dio.netty.bitMode: 64 (sun.arch.data.model)
2023-04-27 11:34:34 DEBUG PlatformDependent:1119 ? Platform: Windows
2023-04-27 11:34:34 DEBUG PlatformDependent:178 ? -Dio.netty.maxDirectMemory: -1 bytes
2023-04-27 11:34:34 DEBUG PlatformDependent:185 ? -Dio.netty.uninitializedArrayAllocationThreshold: -1
2023-04-27 11:34:34 DEBUG CleanerJava9:71 ? java.nio.ByteBuffer.cleaner(): available
2023-04-27 11:34:34 DEBUG PlatformDependent:205 ? -Dio.netty.noPreferDirect: false
2023-04-27 11:34:34 DEBUG PlatformDependent:1010 ? org.jctools-core.MpscChunkedArrayQueue: available
2023-04-27 11:34:34 DEBUG InternalThreadLocalMap:100 ? -Dio.netty.threadLocalMap.stringBuilder.initialSize: 1024
2023-04-27 11:34:34 DEBUG InternalThreadLocalMap:101 ? -Dio.netty.threadLocalMap.stringBuilder.maxSize: 4096
2023-04-27 11:34:34 DEBUG JdkSslContext:83 ? Default protocols (JDK): [TLSv1.3, TLSv1.2] 
2023-04-27 11:34:34 DEBUG JdkSslContext:84 ? Default cipher suites (JDK): [TLS_ECDHE_ECDSA_WITH_AES_256_GCM_SHA384, TLS_ECDHE_ECDSA_WITH_AES_128_GCM_SHA256, TLS_ECDHE_RSA_WITH_AES_128_GCM_SHA256, TLS_ECDHE_RSA_WITH_AES_256_GCM_SHA384, TLS_ECDHE_RSA_WITH_AES_128_CBC_SHA, TLS_ECDHE_RSA_WITH_AES_256_CBC_SHA, TLS_RSA_WITH_AES_128_GCM_SHA256, TLS_RSA_WITH_AES_128_CBC_SHA, TLS_RSA_WITH_AES_256_CBC_SHA, TLS_AES_128_GCM_SHA256, TLS_AES_256_GCM_SHA384]
2023-04-27 11:34:34 DEBUG GlobalEventExecutor:53 ? -Dio.netty.globalEventExecutor.quietPeriodSeconds: 1
2023-04-27 11:34:34 DEBUG MultithreadEventLoopGroup:44 ? -Dio.netty.eventLoopThreads: 16
2023-04-27 11:34:34 DEBUG NioEventLoop:110 ? -Dio.netty.noKeySetOptimization: false
2023-04-27 11:34:34 DEBUG NioEventLoop:111 ? -Dio.netty.selectorAutoRebuildThreshold: 512
2023-04-27 11:34:34 DEBUG PooledByteBufAllocator:157 ? -Dio.netty.allocator.numHeapArenas: 16
2023-04-27 11:34:34 DEBUG PooledByteBufAllocator:158 ? -Dio.netty.allocator.numDirectArenas: 16
2023-04-27 11:34:34 DEBUG PooledByteBufAllocator:160 ? -Dio.netty.allocator.pageSize: 8192
2023-04-27 11:34:34 DEBUG PooledByteBufAllocator:165 ? -Dio.netty.allocator.maxOrder: 9
2023-04-27 11:34:34 DEBUG PooledByteBufAllocator:169 ? -Dio.netty.allocator.chunkSize: 4194304
2023-04-27 11:34:34 DEBUG PooledByteBufAllocator:170 ? -Dio.netty.allocator.smallCacheSize: 256
2023-04-27 11:34:34 DEBUG PooledByteBufAllocator:171 ? -Dio.netty.allocator.normalCacheSize: 64
2023-04-27 11:34:34 DEBUG PooledByteBufAllocator:172 ? -Dio.netty.allocator.maxCachedBufferCapacity: 32768
2023-04-27 11:34:34 DEBUG PooledByteBufAllocator:173 ? -Dio.netty.allocator.cacheTrimInterval: 8192
2023-04-27 11:34:34 DEBUG PooledByteBufAllocator:174 ? -Dio.netty.allocator.cacheTrimIntervalMillis: 0
2023-04-27 11:34:34 DEBUG PooledByteBufAllocator:175 ? -Dio.netty.allocator.useCacheForAllThreads: false
2023-04-27 11:34:34 DEBUG PooledByteBufAllocator:176 ? -Dio.netty.allocator.maxCachedByteBuffersPerChunk: 1023
2023-04-27 11:34:34 DEBUG ByteBufUtil:88 ? -Dio.netty.allocator.type: pooled
2023-04-27 11:34:34 DEBUG ByteBufUtil:97 ? -Dio.netty.threadLocalDirectBufferSize: 0
2023-04-27 11:34:34 DEBUG ByteBufUtil:100 ? -Dio.netty.maxThreadLocalCharBufferSize: 16384
2023-04-27 11:34:35 DEBUG DefaultChannelId:79 ? -Dio.netty.processId: 31876 (auto-detected)
2023-04-27 11:34:35 DEBUG NetUtil:148 ? -Djava.net.preferIPv4Stack: false
2023-04-27 11:34:35 DEBUG NetUtil:149 ? -Djava.net.preferIPv6Addresses: false
2023-04-27 11:34:35 DEBUG NetUtilInitializations:145 ? Loopback interface: lo (Software Loopback Interface 1, 127.0.0.1)
2023-04-27 11:34:35 DEBUG NetUtil:206 ? Failed to get SOMAXCONN from sysctl and file \proc\sys\net\core\somaxconn. Default: 200
2023-04-27 11:34:35 DEBUG DefaultChannelId:101 ? -Dio.netty.machineId: 70:c9:4e:ff:fe:a9:98:9d (auto-detected)
2023-04-27 11:34:35 DEBUG AbstractByteBuf:63 ? -Dio.netty.buffer.checkAccessible: true
2023-04-27 11:34:35 DEBUG AbstractByteBuf:64 ? -Dio.netty.buffer.checkBounds: true
2023-04-27 11:34:35 DEBUG ResourceLeakDetectorFactory:196 ? Loaded default ResourceLeakDetector: io.netty.util.ResourceLeakDetector@6812a679
2023-04-27 11:34:35 DEBUG NettyConnectListener:73 ? Using new Channel '[id: 0xc8ff3f20, L:/127.0.0.1:62331 - R:localhost/127.0.0.1:1109]' for 'POST' to '/session'
2023-04-27 11:34:35 DEBUG Recycler:96 ? -Dio.netty.recycler.maxCapacityPerThread: 4096
2023-04-27 11:34:35 DEBUG Recycler:97 ? -Dio.netty.recycler.ratio: 8
2023-04-27 11:34:35 DEBUG Recycler:98 ? -Dio.netty.recycler.chunkSize: 32
2023-04-27 11:34:35 DEBUG Recycler:99 ? -Dio.netty.recycler.blocking: false
2023-04-27 11:34:35 DEBUG Recycler:100 ? -Dio.netty.recycler.batchFastThreadLocalOnly: true
2023-04-27 11:34:36 DEBUG Brotli:38 ? brotli4j not in the classpath; Brotli support will be unavailable.
2023-04-27 11:34:36 DEBUG HttpHandler:70 ? 

Request DefaultHttpRequest(decodeResult: success, version: HTTP/1.1)
POST /session HTTP/1.1
User-Agent: selenium/4.9.0 (java windows)
Content-Length: 254
Content-Type: application/json; charset=utf-8
host: localhost:1109
accept: */*

Response DefaultHttpResponse(decodeResult: success, version: HTTP/1.1)
HTTP/1.1 200 OK
Content-Length: 860
Content-Type: application/json; charset=utf-8
cache-control: no-cache

2023-04-27 11:34:36 DEBUG ChannelManager:270 ? Adding key: http://localhost:1109 for channel [id: 0xc8ff3f20, L:/127.0.0.1:62331 - R:localhost/127.0.0.1:1109]
2023-04-27 11:34:36 DEBUG NettyConnectListener:73 ? Using new Channel '[id: 0x17c2d47f, L:/127.0.0.1:62353 - R:localhost/127.0.0.1:62336]' for 'GET' to '/json/version'
2023-04-27 11:34:36 DEBUG HttpHandler:70 ? 

Request DefaultFullHttpRequest(decodeResult: success, version: HTTP/1.1, content: EmptyByteBufBE)
GET /json/version HTTP/1.1
User-Agent: selenium/4.9.0 (java windows)
host: localhost:62336
accept: */*

Response DefaultHttpResponse(decodeResult: success, version: HTTP/1.1)
HTTP/1.1 200 OK
Content-Security-Policy: frame-ancestors 'none'
Content-Length: 424
Content-Type: application/json; charset=UTF-8

2023-04-27 11:34:36 DEBUG ChannelManager:270 ? Adding key: http://localhost:62336 for channel [id: 0x17c2d47f, L:/127.0.0.1:62353 - R:localhost/127.0.0.1:62336]
2023-04-27 11:34:36 DEBUG ThreadLocalRandom:214 ? -Dio.netty.initialSeedUniquifier: 0x58748147d1d29338
2023-04-27 11:34:36 DEBUG NettyConnectListener:73 ? Using new Channel '[id: 0x6070cb6d, L:/127.0.0.1:62356 - R:localhost/127.0.0.1:62336]' for 'GET' to '/devtools/browser/e392a282-f705-4b1a-9e2f-64c1426c7447'
2023-04-27 11:34:36 DEBUG WebSocketHandler:105 ? 

Request DefaultFullHttpRequest(decodeResult: success, version: HTTP/1.1, content: EmptyByteBufBE)
GET /devtools/browser/e392a282-f705-4b1a-9e2f-64c1426c7447 HTTP/1.1
upgrade: websocket
connection: upgrade
sec-websocket-key: QHeOkCovd7/2ZedK9xE49g==
sec-websocket-version: 13
origin: http://localhost:62336
host: localhost:62336
accept: */*
user-agent: AHC/2.1

Response DefaultHttpResponse(decodeResult: success, version: HTTP/1.1)
HTTP/1.1 101 WebSocket Protocol Handshake
Upgrade: WebSocket
Connection: Upgrade
Sec-WebSocket-Accept: QHkWDyYuMLuyw0Umf8lyDHuBlvo=

2023-04-27 11:34:36 DEBUG NettyRequestSender:593 ? Using pooled Channel '[id: 0xc8ff3f20, L:/127.0.0.1:62331 - R:localhost/127.0.0.1:1109]' for 'POST' to 'http://localhost:1109/session/3b3c6a3bd46d8b5aa751d1163508d3e3/window/maximize'
2023-04-27 11:34:36 DEBUG NettyRequestSender:251 ? Using open Channel [id: 0xc8ff3f20, L:/127.0.0.1:62331 - R:localhost/127.0.0.1:1109] for POST '/session/3b3c6a3bd46d8b5aa751d1163508d3e3/window/maximize'
2023-04-27 11:34:36 DEBUG DefaultChannelPool:348 ? Entry count for : http://localhost:62336 : 1
2023-04-27 11:34:36 DEBUG HttpHandler:70 ? 

Request DefaultHttpRequest(decodeResult: success, version: HTTP/1.1)
POST /session/3b3c6a3bd46d8b5aa751d1163508d3e3/window/maximize HTTP/1.1
User-Agent: selenium/4.9.0 (java windows)
Content-Length: 3
Content-Type: application/json; charset=utf-8
host: localhost:1109
accept: */*

Response DefaultHttpResponse(decodeResult: success, version: HTTP/1.1)
HTTP/1.1 200 OK
Content-Length: 52
Content-Type: application/json; charset=utf-8
cache-control: no-cache

2023-04-27 11:34:36 DEBUG ChannelManager:270 ? Adding key: http://localhost:1109 for channel [id: 0xc8ff3f20, L:/127.0.0.1:62331 - R:localhost/127.0.0.1:1109]
2023-04-27 11:34:36 DEBUG NettyRequestSender:593 ? Using pooled Channel '[id: 0xc8ff3f20, L:/127.0.0.1:62331 - R:localhost/127.0.0.1:1109]' for 'POST' to 'http://localhost:1109/session/3b3c6a3bd46d8b5aa751d1163508d3e3/timeouts'
2023-04-27 11:34:36 DEBUG NettyRequestSender:251 ? Using open Channel [id: 0xc8ff3f20, L:/127.0.0.1:62331 - R:localhost/127.0.0.1:1109] for POST '/session/3b3c6a3bd46d8b5aa751d1163508d3e3/timeouts'
2023-04-27 11:34:36 DEBUG HttpHandler:70 ? 

Request DefaultHttpRequest(decodeResult: success, version: HTTP/1.1)
POST /session/3b3c6a3bd46d8b5aa751d1163508d3e3/timeouts HTTP/1.1
User-Agent: selenium/4.9.0 (java windows)
Content-Length: 23
Content-Type: application/json; charset=utf-8
host: localhost:1109
accept: */*

Response DefaultHttpResponse(decodeResult: success, version: HTTP/1.1)
HTTP/1.1 200 OK
Content-Length: 14
Content-Type: application/json; charset=utf-8
cache-control: no-cache

2023-04-27 11:34:36 DEBUG ChannelManager:270 ? Adding key: http://localhost:1109 for channel [id: 0xc8ff3f20, L:/127.0.0.1:62331 - R:localhost/127.0.0.1:1109]
2023-04-27 11:34:36 DEBUG NettyRequestSender:593 ? Using pooled Channel '[id: 0xc8ff3f20, L:/127.0.0.1:62331 - R:localhost/127.0.0.1:1109]' for 'POST' to 'http://localhost:1109/session/3b3c6a3bd46d8b5aa751d1163508d3e3/url'
2023-04-27 11:34:36 DEBUG NettyRequestSender:251 ? Using open Channel [id: 0xc8ff3f20, L:/127.0.0.1:62331 - R:localhost/127.0.0.1:1109] for POST '/session/3b3c6a3bd46d8b5aa751d1163508d3e3/url'
2023-04-27 11:34:37 DEBUG HttpHandler:70 ? 

Request DefaultHttpRequest(decodeResult: success, version: HTTP/1.1)
POST /session/3b3c6a3bd46d8b5aa751d1163508d3e3/url HTTP/1.1
User-Agent: selenium/4.9.0 (java windows)
Content-Length: 59
Content-Type: application/json; charset=utf-8
host: localhost:1109
accept: */*

Response DefaultHttpResponse(decodeResult: success, version: HTTP/1.1)
HTTP/1.1 200 OK
Content-Length: 14
Content-Type: application/json; charset=utf-8
cache-control: no-cache

2023-04-27 11:34:37 DEBUG ChannelManager:270 ? Adding key: http://localhost:1109 for channel [id: 0xc8ff3f20, L:/127.0.0.1:62331 - R:localhost/127.0.0.1:1109]
2023-04-27 11:34:37 DEBUG NettyRequestSender:593 ? Using pooled Channel '[id: 0xc8ff3f20, L:/127.0.0.1:62331 - R:localhost/127.0.0.1:1109]' for 'POST' to 'http://localhost:1109/session/3b3c6a3bd46d8b5aa751d1163508d3e3/element'
2023-04-27 11:34:37 DEBUG NettyRequestSender:251 ? Using open Channel [id: 0xc8ff3f20, L:/127.0.0.1:62331 - R:localhost/127.0.0.1:1109] for POST '/session/3b3c6a3bd46d8b5aa751d1163508d3e3/element'
2023-04-27 11:34:37 DEBUG HttpHandler:70 ? 

Request DefaultHttpRequest(decodeResult: success, version: HTTP/1.1)
POST /session/3b3c6a3bd46d8b5aa751d1163508d3e3/element HTTP/1.1
User-Agent: selenium/4.9.0 (java windows)
Content-Length: 69
Content-Type: application/json; charset=utf-8
host: localhost:1109
accept: */*

Response DefaultHttpResponse(decodeResult: success, version: HTTP/1.1)
HTTP/1.1 200 OK
Content-Length: 88
Content-Type: application/json; charset=utf-8
cache-control: no-cache

2023-04-27 11:34:37 DEBUG ChannelManager:270 ? Adding key: http://localhost:1109 for channel [id: 0xc8ff3f20, L:/127.0.0.1:62331 - R:localhost/127.0.0.1:1109]
2023-04-27 11:34:37 DEBUG NettyRequestSender:593 ? Using pooled Channel '[id: 0xc8ff3f20, L:/127.0.0.1:62331 - R:localhost/127.0.0.1:1109]' for 'POST' to 'http://localhost:1109/session/3b3c6a3bd46d8b5aa751d1163508d3e3/execute/sync'
2023-04-27 11:34:37 DEBUG NettyRequestSender:251 ? Using open Channel [id: 0xc8ff3f20, L:/127.0.0.1:62331 - R:localhost/127.0.0.1:1109] for POST '/session/3b3c6a3bd46d8b5aa751d1163508d3e3/execute/sync'
2023-04-27 11:34:37 DEBUG HttpHandler:70 ? 

Request DefaultHttpRequest(decodeResult: success, version: HTTP/1.1)
POST /session/3b3c6a3bd46d8b5aa751d1163508d3e3/execute/sync HTTP/1.1
User-Agent: selenium/4.9.0 (java windows)
Content-Length: 48807
Content-Type: application/json; charset=utf-8
host: localhost:1109
accept: */*

Response DefaultHttpResponse(decodeResult: success, version: HTTP/1.1)
HTTP/1.1 200 OK
Content-Length: 14
Content-Type: application/json; charset=utf-8
cache-control: no-cache

2023-04-27 11:34:37 DEBUG ChannelManager:270 ? Adding key: http://localhost:1109 for channel [id: 0xc8ff3f20, L:/127.0.0.1:62331 - R:localhost/127.0.0.1:1109]
2023-04-27 11:34:37 DEBUG NettyRequestSender:593 ? Using pooled Channel '[id: 0xc8ff3f20, L:/127.0.0.1:62331 - R:localhost/127.0.0.1:1109]' for 'POST' to 'http://localhost:1109/session/3b3c6a3bd46d8b5aa751d1163508d3e3/element'
2023-04-27 11:34:37 DEBUG NettyRequestSender:251 ? Using open Channel [id: 0xc8ff3f20, L:/127.0.0.1:62331 - R:localhost/127.0.0.1:1109] for POST '/session/3b3c6a3bd46d8b5aa751d1163508d3e3/element'
2023-04-27 11:34:37 DEBUG HttpHandler:70 ? 

Request DefaultHttpRequest(decodeResult: success, version: HTTP/1.1)
POST /session/3b3c6a3bd46d8b5aa751d1163508d3e3/element HTTP/1.1
User-Agent: selenium/4.9.0 (java windows)
Content-Length: 69
Content-Type: application/json; charset=utf-8
host: localhost:1109
accept: */*

Response DefaultHttpResponse(decodeResult: success, version: HTTP/1.1)
HTTP/1.1 200 OK
Content-Length: 88
Content-Type: application/json; charset=utf-8
cache-control: no-cache

2023-04-27 11:34:37 DEBUG ChannelManager:270 ? Adding key: http://localhost:1109 for channel [id: 0xc8ff3f20, L:/127.0.0.1:62331 - R:localhost/127.0.0.1:1109]
2023-04-27 11:34:37 DEBUG NettyRequestSender:593 ? Using pooled Channel '[id: 0xc8ff3f20, L:/127.0.0.1:62331 - R:localhost/127.0.0.1:1109]' for 'POST' to 'http://localhost:1109/session/3b3c6a3bd46d8b5aa751d1163508d3e3/execute/sync'
2023-04-27 11:34:37 DEBUG NettyRequestSender:251 ? Using open Channel [id: 0xc8ff3f20, L:/127.0.0.1:62331 - R:localhost/127.0.0.1:1109] for POST '/session/3b3c6a3bd46d8b5aa751d1163508d3e3/execute/sync'
2023-04-27 11:34:37 DEBUG HttpHandler:70 ? 

Request DefaultHttpRequest(decodeResult: success, version: HTTP/1.1)
POST /session/3b3c6a3bd46d8b5aa751d1163508d3e3/execute/sync HTTP/1.1
User-Agent: selenium/4.9.0 (java windows)
Content-Length: 48807
Content-Type: application/json; charset=utf-8
host: localhost:1109
accept: */*

Response DefaultHttpResponse(decodeResult: success, version: HTTP/1.1)
HTTP/1.1 200 OK
Content-Length: 14
Content-Type: application/json; charset=utf-8
cache-control: no-cache

2023-04-27 11:34:37 DEBUG ChannelManager:270 ? Adding key: http://localhost:1109 for channel [id: 0xc8ff3f20, L:/127.0.0.1:62331 - R:localhost/127.0.0.1:1109]
2023-04-27 11:36:00 DEBUG InternalLoggerFactory:63 ? Using SLF4J as the default logging framework
2023-04-27 11:36:00 DEBUG ResourceLeakDetector:129 ? -Dio.netty.leakDetection.level: simple
2023-04-27 11:36:00 DEBUG ResourceLeakDetector:130 ? -Dio.netty.leakDetection.targetRecords: 4
2023-04-27 11:36:00 DEBUG ResourceLeakDetectorFactory:196 ? Loaded default ResourceLeakDetector: io.netty.util.ResourceLeakDetector@4e76dac
2023-04-27 11:36:00 DEBUG PlatformDependent0:496 ? -Dio.netty.noUnsafe: false
2023-04-27 11:36:00 DEBUG PlatformDependent0:1000 ? Java version: 19
2023-04-27 11:36:00 DEBUG PlatformDependent0:137 ? sun.misc.Unsafe.theUnsafe: available
2023-04-27 11:36:00 DEBUG PlatformDependent0:161 ? sun.misc.Unsafe.copyMemory: available
2023-04-27 11:36:00 DEBUG PlatformDependent0:193 ? sun.misc.Unsafe.storeFence: available
2023-04-27 11:36:00 DEBUG PlatformDependent0:236 ? java.nio.Buffer.address: available
2023-04-27 11:36:00 DEBUG PlatformDependent0:320 ? direct buffer constructor: unavailable: Reflective setAccessible(true) disabled
2023-04-27 11:36:00 DEBUG PlatformDependent0:385 ? java.nio.Bits.unaligned: available, true
2023-04-27 11:36:00 DEBUG PlatformDependent0:452 ? jdk.internal.misc.Unsafe.allocateUninitializedArray(int): unavailable: class io.netty.util.internal.PlatformDependent0$7 cannot access class jdk.internal.misc.Unsafe (in module java.base) because module java.base does not export jdk.internal.misc to unnamed module @68f7aae2
2023-04-27 11:36:00 DEBUG PlatformDependent0:482 ? java.nio.DirectByteBuffer.<init>(long, int): unavailable
2023-04-27 11:36:00 DEBUG PlatformDependent:1159 ? sun.misc.Unsafe: available
2023-04-27 11:36:00 DEBUG PlatformDependent:1270 ? maxDirectMemory: 5339348992 bytes (maybe)
2023-04-27 11:36:00 DEBUG PlatformDependent:1289 ? -Dio.netty.tmpdir: C:\Users\rohit\AppData\Local\Temp (java.io.tmpdir)
2023-04-27 11:36:00 DEBUG PlatformDependent:1368 ? -Dio.netty.bitMode: 64 (sun.arch.data.model)
2023-04-27 11:36:00 DEBUG PlatformDependent:1119 ? Platform: Windows
2023-04-27 11:36:00 DEBUG PlatformDependent:178 ? -Dio.netty.maxDirectMemory: -1 bytes
2023-04-27 11:36:00 DEBUG PlatformDependent:185 ? -Dio.netty.uninitializedArrayAllocationThreshold: -1
2023-04-27 11:36:00 DEBUG CleanerJava9:71 ? java.nio.ByteBuffer.cleaner(): available
2023-04-27 11:36:00 DEBUG PlatformDependent:205 ? -Dio.netty.noPreferDirect: false
2023-04-27 11:36:00 DEBUG PlatformDependent:1010 ? org.jctools-core.MpscChunkedArrayQueue: available
2023-04-27 11:36:00 DEBUG InternalThreadLocalMap:100 ? -Dio.netty.threadLocalMap.stringBuilder.initialSize: 1024
2023-04-27 11:36:00 DEBUG InternalThreadLocalMap:101 ? -Dio.netty.threadLocalMap.stringBuilder.maxSize: 4096
2023-04-27 11:36:00 DEBUG JdkSslContext:83 ? Default protocols (JDK): [TLSv1.3, TLSv1.2] 
2023-04-27 11:36:00 DEBUG JdkSslContext:84 ? Default cipher suites (JDK): [TLS_ECDHE_ECDSA_WITH_AES_256_GCM_SHA384, TLS_ECDHE_ECDSA_WITH_AES_128_GCM_SHA256, TLS_ECDHE_RSA_WITH_AES_128_GCM_SHA256, TLS_ECDHE_RSA_WITH_AES_256_GCM_SHA384, TLS_ECDHE_RSA_WITH_AES_128_CBC_SHA, TLS_ECDHE_RSA_WITH_AES_256_CBC_SHA, TLS_RSA_WITH_AES_128_GCM_SHA256, TLS_RSA_WITH_AES_128_CBC_SHA, TLS_RSA_WITH_AES_256_CBC_SHA, TLS_AES_128_GCM_SHA256, TLS_AES_256_GCM_SHA384]
2023-04-27 11:36:00 DEBUG GlobalEventExecutor:53 ? -Dio.netty.globalEventExecutor.quietPeriodSeconds: 1
2023-04-27 11:36:00 DEBUG MultithreadEventLoopGroup:44 ? -Dio.netty.eventLoopThreads: 16
2023-04-27 11:36:00 DEBUG NioEventLoop:110 ? -Dio.netty.noKeySetOptimization: false
2023-04-27 11:36:00 DEBUG NioEventLoop:111 ? -Dio.netty.selectorAutoRebuildThreshold: 512
2023-04-27 11:36:01 DEBUG PooledByteBufAllocator:157 ? -Dio.netty.allocator.numHeapArenas: 16
2023-04-27 11:36:01 DEBUG PooledByteBufAllocator:158 ? -Dio.netty.allocator.numDirectArenas: 16
2023-04-27 11:36:01 DEBUG PooledByteBufAllocator:160 ? -Dio.netty.allocator.pageSize: 8192
2023-04-27 11:36:01 DEBUG PooledByteBufAllocator:165 ? -Dio.netty.allocator.maxOrder: 9
2023-04-27 11:36:01 DEBUG PooledByteBufAllocator:169 ? -Dio.netty.allocator.chunkSize: 4194304
2023-04-27 11:36:01 DEBUG PooledByteBufAllocator:170 ? -Dio.netty.allocator.smallCacheSize: 256
2023-04-27 11:36:01 DEBUG PooledByteBufAllocator:171 ? -Dio.netty.allocator.normalCacheSize: 64
2023-04-27 11:36:01 DEBUG PooledByteBufAllocator:172 ? -Dio.netty.allocator.maxCachedBufferCapacity: 32768
2023-04-27 11:36:01 DEBUG PooledByteBufAllocator:173 ? -Dio.netty.allocator.cacheTrimInterval: 8192
2023-04-27 11:36:01 DEBUG PooledByteBufAllocator:174 ? -Dio.netty.allocator.cacheTrimIntervalMillis: 0
2023-04-27 11:36:01 DEBUG PooledByteBufAllocator:175 ? -Dio.netty.allocator.useCacheForAllThreads: false
2023-04-27 11:36:01 DEBUG PooledByteBufAllocator:176 ? -Dio.netty.allocator.maxCachedByteBuffersPerChunk: 1023
2023-04-27 11:36:01 DEBUG ByteBufUtil:88 ? -Dio.netty.allocator.type: pooled
2023-04-27 11:36:01 DEBUG ByteBufUtil:97 ? -Dio.netty.threadLocalDirectBufferSize: 0
2023-04-27 11:36:01 DEBUG ByteBufUtil:100 ? -Dio.netty.maxThreadLocalCharBufferSize: 16384
2023-04-27 11:36:01 DEBUG DefaultChannelId:79 ? -Dio.netty.processId: 26104 (auto-detected)
2023-04-27 11:36:01 DEBUG NetUtil:148 ? -Djava.net.preferIPv4Stack: false
2023-04-27 11:36:01 DEBUG NetUtil:149 ? -Djava.net.preferIPv6Addresses: false
2023-04-27 11:36:01 DEBUG NetUtilInitializations:145 ? Loopback interface: lo (Software Loopback Interface 1, 127.0.0.1)
2023-04-27 11:36:01 DEBUG NetUtil:206 ? Failed to get SOMAXCONN from sysctl and file \proc\sys\net\core\somaxconn. Default: 200
2023-04-27 11:36:01 DEBUG DefaultChannelId:101 ? -Dio.netty.machineId: 70:c9:4e:ff:fe:a9:98:9d (auto-detected)
2023-04-27 11:36:01 DEBUG AbstractByteBuf:63 ? -Dio.netty.buffer.checkAccessible: true
2023-04-27 11:36:01 DEBUG AbstractByteBuf:64 ? -Dio.netty.buffer.checkBounds: true
2023-04-27 11:36:01 DEBUG ResourceLeakDetectorFactory:196 ? Loaded default ResourceLeakDetector: io.netty.util.ResourceLeakDetector@31b000f
2023-04-27 11:36:01 DEBUG NettyConnectListener:73 ? Using new Channel '[id: 0x5952f30e, L:/127.0.0.1:62539 - R:localhost/127.0.0.1:29909]' for 'POST' to '/session'
2023-04-27 11:36:01 DEBUG Recycler:96 ? -Dio.netty.recycler.maxCapacityPerThread: 4096
2023-04-27 11:36:01 DEBUG Recycler:97 ? -Dio.netty.recycler.ratio: 8
2023-04-27 11:36:01 DEBUG Recycler:98 ? -Dio.netty.recycler.chunkSize: 32
2023-04-27 11:36:01 DEBUG Recycler:99 ? -Dio.netty.recycler.blocking: false
2023-04-27 11:36:01 DEBUG Recycler:100 ? -Dio.netty.recycler.batchFastThreadLocalOnly: true
2023-04-27 11:36:02 DEBUG Brotli:38 ? brotli4j not in the classpath; Brotli support will be unavailable.
2023-04-27 11:36:02 DEBUG HttpHandler:70 ? 

Request DefaultHttpRequest(decodeResult: success, version: HTTP/1.1)
POST /session HTTP/1.1
User-Agent: selenium/4.9.0 (java windows)
Content-Length: 254
Content-Type: application/json; charset=utf-8
host: localhost:29909
accept: */*

Response DefaultHttpResponse(decodeResult: success, version: HTTP/1.1)
HTTP/1.1 200 OK
Content-Length: 860
Content-Type: application/json; charset=utf-8
cache-control: no-cache

2023-04-27 11:36:02 DEBUG ChannelManager:270 ? Adding key: http://localhost:29909 for channel [id: 0x5952f30e, L:/127.0.0.1:62539 - R:localhost/127.0.0.1:29909]
2023-04-27 11:36:02 DEBUG NettyConnectListener:73 ? Using new Channel '[id: 0xabff5169, L:/127.0.0.1:62559 - R:localhost/127.0.0.1:62543]' for 'GET' to '/json/version'
2023-04-27 11:36:02 DEBUG HttpHandler:70 ? 

Request DefaultFullHttpRequest(decodeResult: success, version: HTTP/1.1, content: EmptyByteBufBE)
GET /json/version HTTP/1.1
User-Agent: selenium/4.9.0 (java windows)
host: localhost:62543
accept: */*

Response DefaultHttpResponse(decodeResult: success, version: HTTP/1.1)
HTTP/1.1 200 OK
Content-Security-Policy: frame-ancestors 'none'
Content-Length: 424
Content-Type: application/json; charset=UTF-8

2023-04-27 11:36:02 DEBUG ChannelManager:270 ? Adding key: http://localhost:62543 for channel [id: 0xabff5169, L:/127.0.0.1:62559 - R:localhost/127.0.0.1:62543]
2023-04-27 11:36:02 DEBUG ThreadLocalRandom:214 ? -Dio.netty.initialSeedUniquifier: 0x99d5659f0f70b4a7
2023-04-27 11:36:02 DEBUG NettyConnectListener:73 ? Using new Channel '[id: 0x50880058, L:/127.0.0.1:62560 - R:localhost/127.0.0.1:62543]' for 'GET' to '/devtools/browser/71cae99e-aebf-49da-be3e-f27aea97387a'
2023-04-27 11:36:02 DEBUG WebSocketHandler:105 ? 

Request DefaultFullHttpRequest(decodeResult: success, version: HTTP/1.1, content: EmptyByteBufBE)
GET /devtools/browser/71cae99e-aebf-49da-be3e-f27aea97387a HTTP/1.1
upgrade: websocket
connection: upgrade
sec-websocket-key: Zcj3yJDiBM8JKuRLo/CKTA==
sec-websocket-version: 13
origin: http://localhost:62543
host: localhost:62543
accept: */*
user-agent: AHC/2.1

Response DefaultHttpResponse(decodeResult: success, version: HTTP/1.1)
HTTP/1.1 101 WebSocket Protocol Handshake
Upgrade: WebSocket
Connection: Upgrade
Sec-WebSocket-Accept: ezT+FBQD0RzKPFOsvJXwTGyHajE=

2023-04-27 11:36:02 DEBUG NettyRequestSender:593 ? Using pooled Channel '[id: 0x5952f30e, L:/127.0.0.1:62539 - R:localhost/127.0.0.1:29909]' for 'POST' to 'http://localhost:29909/session/765e4a57f5b56af4c20a0c32e50a2622/window/maximize'
2023-04-27 11:36:02 DEBUG NettyRequestSender:251 ? Using open Channel [id: 0x5952f30e, L:/127.0.0.1:62539 - R:localhost/127.0.0.1:29909] for POST '/session/765e4a57f5b56af4c20a0c32e50a2622/window/maximize'
2023-04-27 11:36:02 DEBUG HttpHandler:70 ? 

Request DefaultHttpRequest(decodeResult: success, version: HTTP/1.1)
POST /session/765e4a57f5b56af4c20a0c32e50a2622/window/maximize HTTP/1.1
User-Agent: selenium/4.9.0 (java windows)
Content-Length: 3
Content-Type: application/json; charset=utf-8
host: localhost:29909
accept: */*

Response DefaultHttpResponse(decodeResult: success, version: HTTP/1.1)
HTTP/1.1 200 OK
Content-Length: 52
Content-Type: application/json; charset=utf-8
cache-control: no-cache

2023-04-27 11:36:02 DEBUG ChannelManager:270 ? Adding key: http://localhost:29909 for channel [id: 0x5952f30e, L:/127.0.0.1:62539 - R:localhost/127.0.0.1:29909]
2023-04-27 11:36:02 DEBUG NettyRequestSender:593 ? Using pooled Channel '[id: 0x5952f30e, L:/127.0.0.1:62539 - R:localhost/127.0.0.1:29909]' for 'POST' to 'http://localhost:29909/session/765e4a57f5b56af4c20a0c32e50a2622/timeouts'
2023-04-27 11:36:02 DEBUG NettyRequestSender:251 ? Using open Channel [id: 0x5952f30e, L:/127.0.0.1:62539 - R:localhost/127.0.0.1:29909] for POST '/session/765e4a57f5b56af4c20a0c32e50a2622/timeouts'
2023-04-27 11:36:02 DEBUG HttpHandler:70 ? 

Request DefaultHttpRequest(decodeResult: success, version: HTTP/1.1)
POST /session/765e4a57f5b56af4c20a0c32e50a2622/timeouts HTTP/1.1
User-Agent: selenium/4.9.0 (java windows)
Content-Length: 23
Content-Type: application/json; charset=utf-8
host: localhost:29909
accept: */*

Response DefaultHttpResponse(decodeResult: success, version: HTTP/1.1)
HTTP/1.1 200 OK
Content-Length: 14
Content-Type: application/json; charset=utf-8
cache-control: no-cache

2023-04-27 11:36:02 DEBUG ChannelManager:270 ? Adding key: http://localhost:29909 for channel [id: 0x5952f30e, L:/127.0.0.1:62539 - R:localhost/127.0.0.1:29909]
2023-04-27 11:36:02 DEBUG NettyRequestSender:593 ? Using pooled Channel '[id: 0x5952f30e, L:/127.0.0.1:62539 - R:localhost/127.0.0.1:29909]' for 'POST' to 'http://localhost:29909/session/765e4a57f5b56af4c20a0c32e50a2622/url'
2023-04-27 11:36:02 DEBUG NettyRequestSender:251 ? Using open Channel [id: 0x5952f30e, L:/127.0.0.1:62539 - R:localhost/127.0.0.1:29909] for POST '/session/765e4a57f5b56af4c20a0c32e50a2622/url'
2023-04-27 11:36:03 DEBUG DefaultChannelPool:348 ? Entry count for : http://localhost:62543 : 1
2023-04-27 11:36:03 DEBUG HttpHandler:70 ? 

Request DefaultHttpRequest(decodeResult: success, version: HTTP/1.1)
POST /session/765e4a57f5b56af4c20a0c32e50a2622/url HTTP/1.1
User-Agent: selenium/4.9.0 (java windows)
Content-Length: 59
Content-Type: application/json; charset=utf-8
host: localhost:29909
accept: */*

Response DefaultHttpResponse(decodeResult: success, version: HTTP/1.1)
HTTP/1.1 200 OK
Content-Length: 14
Content-Type: application/json; charset=utf-8
cache-control: no-cache

2023-04-27 11:36:03 DEBUG ChannelManager:270 ? Adding key: http://localhost:29909 for channel [id: 0x5952f30e, L:/127.0.0.1:62539 - R:localhost/127.0.0.1:29909]
2023-04-27 11:36:03 DEBUG NettyRequestSender:593 ? Using pooled Channel '[id: 0x5952f30e, L:/127.0.0.1:62539 - R:localhost/127.0.0.1:29909]' for 'POST' to 'http://localhost:29909/session/765e4a57f5b56af4c20a0c32e50a2622/element'
2023-04-27 11:36:03 DEBUG NettyRequestSender:251 ? Using open Channel [id: 0x5952f30e, L:/127.0.0.1:62539 - R:localhost/127.0.0.1:29909] for POST '/session/765e4a57f5b56af4c20a0c32e50a2622/element'
2023-04-27 11:36:03 DEBUG HttpHandler:70 ? 

Request DefaultHttpRequest(decodeResult: success, version: HTTP/1.1)
POST /session/765e4a57f5b56af4c20a0c32e50a2622/element HTTP/1.1
User-Agent: selenium/4.9.0 (java windows)
Content-Length: 69
Content-Type: application/json; charset=utf-8
host: localhost:29909
accept: */*

Response DefaultHttpResponse(decodeResult: success, version: HTTP/1.1)
HTTP/1.1 200 OK
Content-Length: 88
Content-Type: application/json; charset=utf-8
cache-control: no-cache

2023-04-27 11:36:03 DEBUG ChannelManager:270 ? Adding key: http://localhost:29909 for channel [id: 0x5952f30e, L:/127.0.0.1:62539 - R:localhost/127.0.0.1:29909]
2023-04-27 11:36:03 DEBUG NettyRequestSender:593 ? Using pooled Channel '[id: 0x5952f30e, L:/127.0.0.1:62539 - R:localhost/127.0.0.1:29909]' for 'POST' to 'http://localhost:29909/session/765e4a57f5b56af4c20a0c32e50a2622/execute/sync'
2023-04-27 11:36:03 DEBUG NettyRequestSender:251 ? Using open Channel [id: 0x5952f30e, L:/127.0.0.1:62539 - R:localhost/127.0.0.1:29909] for POST '/session/765e4a57f5b56af4c20a0c32e50a2622/execute/sync'
2023-04-27 11:36:03 DEBUG HttpHandler:70 ? 

Request DefaultHttpRequest(decodeResult: success, version: HTTP/1.1)
POST /session/765e4a57f5b56af4c20a0c32e50a2622/execute/sync HTTP/1.1
User-Agent: selenium/4.9.0 (java windows)
Content-Length: 48807
Content-Type: application/json; charset=utf-8
host: localhost:29909
accept: */*

Response DefaultHttpResponse(decodeResult: success, version: HTTP/1.1)
HTTP/1.1 200 OK
Content-Length: 14
Content-Type: application/json; charset=utf-8
cache-control: no-cache

2023-04-27 11:36:03 DEBUG ChannelManager:270 ? Adding key: http://localhost:29909 for channel [id: 0x5952f30e, L:/127.0.0.1:62539 - R:localhost/127.0.0.1:29909]
2023-04-27 11:36:03 DEBUG NettyRequestSender:593 ? Using pooled Channel '[id: 0x5952f30e, L:/127.0.0.1:62539 - R:localhost/127.0.0.1:29909]' for 'POST' to 'http://localhost:29909/session/765e4a57f5b56af4c20a0c32e50a2622/element'
2023-04-27 11:36:03 DEBUG NettyRequestSender:251 ? Using open Channel [id: 0x5952f30e, L:/127.0.0.1:62539 - R:localhost/127.0.0.1:29909] for POST '/session/765e4a57f5b56af4c20a0c32e50a2622/element'
2023-04-27 11:36:03 DEBUG HttpHandler:70 ? 

Request DefaultHttpRequest(decodeResult: success, version: HTTP/1.1)
POST /session/765e4a57f5b56af4c20a0c32e50a2622/element HTTP/1.1
User-Agent: selenium/4.9.0 (java windows)
Content-Length: 69
Content-Type: application/json; charset=utf-8
host: localhost:29909
accept: */*

Response DefaultHttpResponse(decodeResult: success, version: HTTP/1.1)
HTTP/1.1 200 OK
Content-Length: 88
Content-Type: application/json; charset=utf-8
cache-control: no-cache

2023-04-27 11:36:03 DEBUG ChannelManager:270 ? Adding key: http://localhost:29909 for channel [id: 0x5952f30e, L:/127.0.0.1:62539 - R:localhost/127.0.0.1:29909]
2023-04-27 11:36:03 DEBUG NettyRequestSender:593 ? Using pooled Channel '[id: 0x5952f30e, L:/127.0.0.1:62539 - R:localhost/127.0.0.1:29909]' for 'POST' to 'http://localhost:29909/session/765e4a57f5b56af4c20a0c32e50a2622/execute/sync'
2023-04-27 11:36:03 DEBUG NettyRequestSender:251 ? Using open Channel [id: 0x5952f30e, L:/127.0.0.1:62539 - R:localhost/127.0.0.1:29909] for POST '/session/765e4a57f5b56af4c20a0c32e50a2622/execute/sync'
2023-04-27 11:36:03 DEBUG HttpHandler:70 ? 

Request DefaultHttpRequest(decodeResult: success, version: HTTP/1.1)
POST /session/765e4a57f5b56af4c20a0c32e50a2622/execute/sync HTTP/1.1
User-Agent: selenium/4.9.0 (java windows)
Content-Length: 48807
Content-Type: application/json; charset=utf-8
host: localhost:29909
accept: */*

Response DefaultHttpResponse(decodeResult: success, version: HTTP/1.1)
HTTP/1.1 200 OK
Content-Length: 14
Content-Type: application/json; charset=utf-8
cache-control: no-cache

2023-04-27 11:36:03 DEBUG ChannelManager:270 ? Adding key: http://localhost:29909 for channel [id: 0x5952f30e, L:/127.0.0.1:62539 - R:localhost/127.0.0.1:29909]
2023-04-27 11:36:35 DEBUG InternalLoggerFactory:63 ? Using SLF4J as the default logging framework
2023-04-27 11:36:35 DEBUG ResourceLeakDetector:129 ? -Dio.netty.leakDetection.level: simple
2023-04-27 11:36:35 DEBUG ResourceLeakDetector:130 ? -Dio.netty.leakDetection.targetRecords: 4
2023-04-27 11:36:35 DEBUG ResourceLeakDetectorFactory:196 ? Loaded default ResourceLeakDetector: io.netty.util.ResourceLeakDetector@119f1f2a
2023-04-27 11:36:35 DEBUG PlatformDependent0:496 ? -Dio.netty.noUnsafe: false
2023-04-27 11:36:35 DEBUG PlatformDependent0:1000 ? Java version: 19
2023-04-27 11:36:35 DEBUG PlatformDependent0:137 ? sun.misc.Unsafe.theUnsafe: available
2023-04-27 11:36:35 DEBUG PlatformDependent0:161 ? sun.misc.Unsafe.copyMemory: available
2023-04-27 11:36:35 DEBUG PlatformDependent0:193 ? sun.misc.Unsafe.storeFence: available
2023-04-27 11:36:35 DEBUG PlatformDependent0:236 ? java.nio.Buffer.address: available
2023-04-27 11:36:35 DEBUG PlatformDependent0:320 ? direct buffer constructor: unavailable: Reflective setAccessible(true) disabled
2023-04-27 11:36:35 DEBUG PlatformDependent0:385 ? java.nio.Bits.unaligned: available, true
2023-04-27 11:36:35 DEBUG PlatformDependent0:452 ? jdk.internal.misc.Unsafe.allocateUninitializedArray(int): unavailable: class io.netty.util.internal.PlatformDependent0$7 cannot access class jdk.internal.misc.Unsafe (in module java.base) because module java.base does not export jdk.internal.misc to unnamed module @68f7aae2
2023-04-27 11:36:35 DEBUG PlatformDependent0:482 ? java.nio.DirectByteBuffer.<init>(long, int): unavailable
2023-04-27 11:36:35 DEBUG PlatformDependent:1159 ? sun.misc.Unsafe: available
2023-04-27 11:36:35 DEBUG PlatformDependent:1270 ? maxDirectMemory: 5339348992 bytes (maybe)
2023-04-27 11:36:35 DEBUG PlatformDependent:1289 ? -Dio.netty.tmpdir: C:\Users\rohit\AppData\Local\Temp (java.io.tmpdir)
2023-04-27 11:36:35 DEBUG PlatformDependent:1368 ? -Dio.netty.bitMode: 64 (sun.arch.data.model)
2023-04-27 11:36:35 DEBUG PlatformDependent:1119 ? Platform: Windows
2023-04-27 11:36:35 DEBUG PlatformDependent:178 ? -Dio.netty.maxDirectMemory: -1 bytes
2023-04-27 11:36:35 DEBUG PlatformDependent:185 ? -Dio.netty.uninitializedArrayAllocationThreshold: -1
2023-04-27 11:36:35 DEBUG CleanerJava9:71 ? java.nio.ByteBuffer.cleaner(): available
2023-04-27 11:36:35 DEBUG PlatformDependent:205 ? -Dio.netty.noPreferDirect: false
2023-04-27 11:36:35 DEBUG PlatformDependent:1010 ? org.jctools-core.MpscChunkedArrayQueue: available
2023-04-27 11:36:35 DEBUG InternalThreadLocalMap:100 ? -Dio.netty.threadLocalMap.stringBuilder.initialSize: 1024
2023-04-27 11:36:35 DEBUG InternalThreadLocalMap:101 ? -Dio.netty.threadLocalMap.stringBuilder.maxSize: 4096
2023-04-27 11:36:35 DEBUG JdkSslContext:83 ? Default protocols (JDK): [TLSv1.3, TLSv1.2] 
2023-04-27 11:36:35 DEBUG JdkSslContext:84 ? Default cipher suites (JDK): [TLS_ECDHE_ECDSA_WITH_AES_256_GCM_SHA384, TLS_ECDHE_ECDSA_WITH_AES_128_GCM_SHA256, TLS_ECDHE_RSA_WITH_AES_128_GCM_SHA256, TLS_ECDHE_RSA_WITH_AES_256_GCM_SHA384, TLS_ECDHE_RSA_WITH_AES_128_CBC_SHA, TLS_ECDHE_RSA_WITH_AES_256_CBC_SHA, TLS_RSA_WITH_AES_128_GCM_SHA256, TLS_RSA_WITH_AES_128_CBC_SHA, TLS_RSA_WITH_AES_256_CBC_SHA, TLS_AES_128_GCM_SHA256, TLS_AES_256_GCM_SHA384]
2023-04-27 11:36:35 DEBUG GlobalEventExecutor:53 ? -Dio.netty.globalEventExecutor.quietPeriodSeconds: 1
2023-04-27 11:36:35 DEBUG MultithreadEventLoopGroup:44 ? -Dio.netty.eventLoopThreads: 16
2023-04-27 11:36:35 DEBUG NioEventLoop:110 ? -Dio.netty.noKeySetOptimization: false
2023-04-27 11:36:35 DEBUG NioEventLoop:111 ? -Dio.netty.selectorAutoRebuildThreshold: 512
2023-04-27 11:36:35 DEBUG PooledByteBufAllocator:157 ? -Dio.netty.allocator.numHeapArenas: 16
2023-04-27 11:36:35 DEBUG PooledByteBufAllocator:158 ? -Dio.netty.allocator.numDirectArenas: 16
2023-04-27 11:36:35 DEBUG PooledByteBufAllocator:160 ? -Dio.netty.allocator.pageSize: 8192
2023-04-27 11:36:35 DEBUG PooledByteBufAllocator:165 ? -Dio.netty.allocator.maxOrder: 9
2023-04-27 11:36:35 DEBUG PooledByteBufAllocator:169 ? -Dio.netty.allocator.chunkSize: 4194304
2023-04-27 11:36:35 DEBUG PooledByteBufAllocator:170 ? -Dio.netty.allocator.smallCacheSize: 256
2023-04-27 11:36:35 DEBUG PooledByteBufAllocator:171 ? -Dio.netty.allocator.normalCacheSize: 64
2023-04-27 11:36:35 DEBUG PooledByteBufAllocator:172 ? -Dio.netty.allocator.maxCachedBufferCapacity: 32768
2023-04-27 11:36:35 DEBUG PooledByteBufAllocator:173 ? -Dio.netty.allocator.cacheTrimInterval: 8192
2023-04-27 11:36:35 DEBUG PooledByteBufAllocator:174 ? -Dio.netty.allocator.cacheTrimIntervalMillis: 0
2023-04-27 11:36:35 DEBUG PooledByteBufAllocator:175 ? -Dio.netty.allocator.useCacheForAllThreads: false
2023-04-27 11:36:35 DEBUG PooledByteBufAllocator:176 ? -Dio.netty.allocator.maxCachedByteBuffersPerChunk: 1023
2023-04-27 11:36:35 DEBUG ByteBufUtil:88 ? -Dio.netty.allocator.type: pooled
2023-04-27 11:36:35 DEBUG ByteBufUtil:97 ? -Dio.netty.threadLocalDirectBufferSize: 0
2023-04-27 11:36:35 DEBUG ByteBufUtil:100 ? -Dio.netty.maxThreadLocalCharBufferSize: 16384
2023-04-27 11:36:36 DEBUG DefaultChannelId:79 ? -Dio.netty.processId: 35400 (auto-detected)
2023-04-27 11:36:36 DEBUG NetUtil:148 ? -Djava.net.preferIPv4Stack: false
2023-04-27 11:36:36 DEBUG NetUtil:149 ? -Djava.net.preferIPv6Addresses: false
2023-04-27 11:36:36 DEBUG NetUtilInitializations:145 ? Loopback interface: lo (Software Loopback Interface 1, 127.0.0.1)
2023-04-27 11:36:36 DEBUG NetUtil:206 ? Failed to get SOMAXCONN from sysctl and file \proc\sys\net\core\somaxconn. Default: 200
2023-04-27 11:36:36 DEBUG DefaultChannelId:101 ? -Dio.netty.machineId: 70:c9:4e:ff:fe:a9:98:9d (auto-detected)
2023-04-27 11:36:36 DEBUG AbstractByteBuf:63 ? -Dio.netty.buffer.checkAccessible: true
2023-04-27 11:36:36 DEBUG AbstractByteBuf:64 ? -Dio.netty.buffer.checkBounds: true
2023-04-27 11:36:36 DEBUG ResourceLeakDetectorFactory:196 ? Loaded default ResourceLeakDetector: io.netty.util.ResourceLeakDetector@6812a679
2023-04-27 11:36:36 DEBUG NettyConnectListener:73 ? Using new Channel '[id: 0xfc5c7e2c, L:/127.0.0.1:62661 - R:localhost/127.0.0.1:26654]' for 'POST' to '/session'
2023-04-27 11:36:36 DEBUG Recycler:96 ? -Dio.netty.recycler.maxCapacityPerThread: 4096
2023-04-27 11:36:36 DEBUG Recycler:97 ? -Dio.netty.recycler.ratio: 8
2023-04-27 11:36:36 DEBUG Recycler:98 ? -Dio.netty.recycler.chunkSize: 32
2023-04-27 11:36:36 DEBUG Recycler:99 ? -Dio.netty.recycler.blocking: false
2023-04-27 11:36:36 DEBUG Recycler:100 ? -Dio.netty.recycler.batchFastThreadLocalOnly: true
2023-04-27 11:36:37 DEBUG Brotli:38 ? brotli4j not in the classpath; Brotli support will be unavailable.
2023-04-27 11:36:37 DEBUG HttpHandler:70 ? 

Request DefaultHttpRequest(decodeResult: success, version: HTTP/1.1)
POST /session HTTP/1.1
User-Agent: selenium/4.9.0 (java windows)
Content-Length: 254
Content-Type: application/json; charset=utf-8
host: localhost:26654
accept: */*

Response DefaultHttpResponse(decodeResult: success, version: HTTP/1.1)
HTTP/1.1 200 OK
Content-Length: 858
Content-Type: application/json; charset=utf-8
cache-control: no-cache

2023-04-27 11:36:37 DEBUG ChannelManager:270 ? Adding key: http://localhost:26654 for channel [id: 0xfc5c7e2c, L:/127.0.0.1:62661 - R:localhost/127.0.0.1:26654]
2023-04-27 11:36:37 DEBUG NettyConnectListener:73 ? Using new Channel '[id: 0xb01f11e7, L:/127.0.0.1:62680 - R:localhost/127.0.0.1:62664]' for 'GET' to '/json/version'
2023-04-27 11:36:37 DEBUG HttpHandler:70 ? 

Request DefaultFullHttpRequest(decodeResult: success, version: HTTP/1.1, content: EmptyByteBufBE)
GET /json/version HTTP/1.1
User-Agent: selenium/4.9.0 (java windows)
host: localhost:62664
accept: */*

Response DefaultHttpResponse(decodeResult: success, version: HTTP/1.1)
HTTP/1.1 200 OK
Content-Security-Policy: frame-ancestors 'none'
Content-Length: 424
Content-Type: application/json; charset=UTF-8

2023-04-27 11:36:37 DEBUG ChannelManager:270 ? Adding key: http://localhost:62664 for channel [id: 0xb01f11e7, L:/127.0.0.1:62680 - R:localhost/127.0.0.1:62664]
2023-04-27 11:36:37 DEBUG ThreadLocalRandom:214 ? -Dio.netty.initialSeedUniquifier: 0x6feae516adee36fd
2023-04-27 11:36:37 DEBUG NettyConnectListener:73 ? Using new Channel '[id: 0xefa36f73, L:/127.0.0.1:62681 - R:localhost/127.0.0.1:62664]' for 'GET' to '/devtools/browser/01074121-4408-4202-80f8-0be3f5cc9f91'
2023-04-27 11:36:37 DEBUG WebSocketHandler:105 ? 

Request DefaultFullHttpRequest(decodeResult: success, version: HTTP/1.1, content: EmptyByteBufBE)
GET /devtools/browser/01074121-4408-4202-80f8-0be3f5cc9f91 HTTP/1.1
upgrade: websocket
connection: upgrade
sec-websocket-key: 8ebUOu14tWc8PTViaIlplQ==
sec-websocket-version: 13
origin: http://localhost:62664
host: localhost:62664
accept: */*
user-agent: AHC/2.1

Response DefaultHttpResponse(decodeResult: success, version: HTTP/1.1)
HTTP/1.1 101 WebSocket Protocol Handshake
Upgrade: WebSocket
Connection: Upgrade
Sec-WebSocket-Accept: JY+njs5RWb5w5eS2HQFj2OmWb5E=

2023-04-27 11:36:37 DEBUG NettyRequestSender:593 ? Using pooled Channel '[id: 0xfc5c7e2c, L:/127.0.0.1:62661 - R:localhost/127.0.0.1:26654]' for 'POST' to 'http://localhost:26654/session/f6404b334e65d9c125c962e3d7528c56/window/maximize'
2023-04-27 11:36:37 DEBUG NettyRequestSender:251 ? Using open Channel [id: 0xfc5c7e2c, L:/127.0.0.1:62661 - R:localhost/127.0.0.1:26654] for POST '/session/f6404b334e65d9c125c962e3d7528c56/window/maximize'
2023-04-27 11:36:37 DEBUG HttpHandler:70 ? 

Request DefaultHttpRequest(decodeResult: success, version: HTTP/1.1)
POST /session/f6404b334e65d9c125c962e3d7528c56/window/maximize HTTP/1.1
User-Agent: selenium/4.9.0 (java windows)
Content-Length: 3
Content-Type: application/json; charset=utf-8
host: localhost:26654
accept: */*

Response DefaultHttpResponse(decodeResult: success, version: HTTP/1.1)
HTTP/1.1 200 OK
Content-Length: 52
Content-Type: application/json; charset=utf-8
cache-control: no-cache

2023-04-27 11:36:37 DEBUG ChannelManager:270 ? Adding key: http://localhost:26654 for channel [id: 0xfc5c7e2c, L:/127.0.0.1:62661 - R:localhost/127.0.0.1:26654]
2023-04-27 11:36:37 DEBUG NettyRequestSender:593 ? Using pooled Channel '[id: 0xfc5c7e2c, L:/127.0.0.1:62661 - R:localhost/127.0.0.1:26654]' for 'POST' to 'http://localhost:26654/session/f6404b334e65d9c125c962e3d7528c56/timeouts'
2023-04-27 11:36:37 DEBUG NettyRequestSender:251 ? Using open Channel [id: 0xfc5c7e2c, L:/127.0.0.1:62661 - R:localhost/127.0.0.1:26654] for POST '/session/f6404b334e65d9c125c962e3d7528c56/timeouts'
2023-04-27 11:36:37 DEBUG HttpHandler:70 ? 

Request DefaultHttpRequest(decodeResult: success, version: HTTP/1.1)
POST /session/f6404b334e65d9c125c962e3d7528c56/timeouts HTTP/1.1
User-Agent: selenium/4.9.0 (java windows)
Content-Length: 23
Content-Type: application/json; charset=utf-8
host: localhost:26654
accept: */*

Response DefaultHttpResponse(decodeResult: success, version: HTTP/1.1)
HTTP/1.1 200 OK
Content-Length: 14
Content-Type: application/json; charset=utf-8
cache-control: no-cache

2023-04-27 11:36:37 DEBUG ChannelManager:270 ? Adding key: http://localhost:26654 for channel [id: 0xfc5c7e2c, L:/127.0.0.1:62661 - R:localhost/127.0.0.1:26654]
2023-04-27 11:36:37 DEBUG NettyRequestSender:593 ? Using pooled Channel '[id: 0xfc5c7e2c, L:/127.0.0.1:62661 - R:localhost/127.0.0.1:26654]' for 'POST' to 'http://localhost:26654/session/f6404b334e65d9c125c962e3d7528c56/url'
2023-04-27 11:36:37 DEBUG NettyRequestSender:251 ? Using open Channel [id: 0xfc5c7e2c, L:/127.0.0.1:62661 - R:localhost/127.0.0.1:26654] for POST '/session/f6404b334e65d9c125c962e3d7528c56/url'
2023-04-27 11:36:37 DEBUG DefaultChannelPool:348 ? Entry count for : http://localhost:62664 : 1
2023-04-27 11:36:38 DEBUG HttpHandler:70 ? 

Request DefaultHttpRequest(decodeResult: success, version: HTTP/1.1)
POST /session/f6404b334e65d9c125c962e3d7528c56/url HTTP/1.1
User-Agent: selenium/4.9.0 (java windows)
Content-Length: 59
Content-Type: application/json; charset=utf-8
host: localhost:26654
accept: */*

Response DefaultHttpResponse(decodeResult: success, version: HTTP/1.1)
HTTP/1.1 200 OK
Content-Length: 14
Content-Type: application/json; charset=utf-8
cache-control: no-cache

2023-04-27 11:36:38 DEBUG ChannelManager:270 ? Adding key: http://localhost:26654 for channel [id: 0xfc5c7e2c, L:/127.0.0.1:62661 - R:localhost/127.0.0.1:26654]
2023-04-27 11:36:38 DEBUG NettyRequestSender:593 ? Using pooled Channel '[id: 0xfc5c7e2c, L:/127.0.0.1:62661 - R:localhost/127.0.0.1:26654]' for 'POST' to 'http://localhost:26654/session/f6404b334e65d9c125c962e3d7528c56/element'
2023-04-27 11:36:38 DEBUG NettyRequestSender:251 ? Using open Channel [id: 0xfc5c7e2c, L:/127.0.0.1:62661 - R:localhost/127.0.0.1:26654] for POST '/session/f6404b334e65d9c125c962e3d7528c56/element'
2023-04-27 11:36:38 DEBUG HttpHandler:70 ? 

Request DefaultHttpRequest(decodeResult: success, version: HTTP/1.1)
POST /session/f6404b334e65d9c125c962e3d7528c56/element HTTP/1.1
User-Agent: selenium/4.9.0 (java windows)
Content-Length: 69
Content-Type: application/json; charset=utf-8
host: localhost:26654
accept: */*

Response DefaultHttpResponse(decodeResult: success, version: HTTP/1.1)
HTTP/1.1 200 OK
Content-Length: 88
Content-Type: application/json; charset=utf-8
cache-control: no-cache

2023-04-27 11:36:38 DEBUG ChannelManager:270 ? Adding key: http://localhost:26654 for channel [id: 0xfc5c7e2c, L:/127.0.0.1:62661 - R:localhost/127.0.0.1:26654]
2023-04-27 11:36:38 DEBUG NettyRequestSender:593 ? Using pooled Channel '[id: 0xfc5c7e2c, L:/127.0.0.1:62661 - R:localhost/127.0.0.1:26654]' for 'POST' to 'http://localhost:26654/session/f6404b334e65d9c125c962e3d7528c56/execute/sync'
2023-04-27 11:36:38 DEBUG NettyRequestSender:251 ? Using open Channel [id: 0xfc5c7e2c, L:/127.0.0.1:62661 - R:localhost/127.0.0.1:26654] for POST '/session/f6404b334e65d9c125c962e3d7528c56/execute/sync'
2023-04-27 11:36:38 DEBUG HttpHandler:70 ? 

Request DefaultHttpRequest(decodeResult: success, version: HTTP/1.1)
POST /session/f6404b334e65d9c125c962e3d7528c56/execute/sync HTTP/1.1
User-Agent: selenium/4.9.0 (java windows)
Content-Length: 48807
Content-Type: application/json; charset=utf-8
host: localhost:26654
accept: */*

Response DefaultHttpResponse(decodeResult: success, version: HTTP/1.1)
HTTP/1.1 200 OK
Content-Length: 14
Content-Type: application/json; charset=utf-8
cache-control: no-cache

2023-04-27 11:36:38 DEBUG ChannelManager:270 ? Adding key: http://localhost:26654 for channel [id: 0xfc5c7e2c, L:/127.0.0.1:62661 - R:localhost/127.0.0.1:26654]
2023-04-27 11:36:38 DEBUG NettyRequestSender:593 ? Using pooled Channel '[id: 0xfc5c7e2c, L:/127.0.0.1:62661 - R:localhost/127.0.0.1:26654]' for 'POST' to 'http://localhost:26654/session/f6404b334e65d9c125c962e3d7528c56/element'
2023-04-27 11:36:38 DEBUG NettyRequestSender:251 ? Using open Channel [id: 0xfc5c7e2c, L:/127.0.0.1:62661 - R:localhost/127.0.0.1:26654] for POST '/session/f6404b334e65d9c125c962e3d7528c56/element'
2023-04-27 11:36:38 DEBUG HttpHandler:70 ? 

Request DefaultHttpRequest(decodeResult: success, version: HTTP/1.1)
POST /session/f6404b334e65d9c125c962e3d7528c56/element HTTP/1.1
User-Agent: selenium/4.9.0 (java windows)
Content-Length: 69
Content-Type: application/json; charset=utf-8
host: localhost:26654
accept: */*

Response DefaultHttpResponse(decodeResult: success, version: HTTP/1.1)
HTTP/1.1 200 OK
Content-Length: 88
Content-Type: application/json; charset=utf-8
cache-control: no-cache

2023-04-27 11:36:38 DEBUG ChannelManager:270 ? Adding key: http://localhost:26654 for channel [id: 0xfc5c7e2c, L:/127.0.0.1:62661 - R:localhost/127.0.0.1:26654]
2023-04-27 11:36:38 DEBUG NettyRequestSender:593 ? Using pooled Channel '[id: 0xfc5c7e2c, L:/127.0.0.1:62661 - R:localhost/127.0.0.1:26654]' for 'POST' to 'http://localhost:26654/session/f6404b334e65d9c125c962e3d7528c56/execute/sync'
2023-04-27 11:36:38 DEBUG NettyRequestSender:251 ? Using open Channel [id: 0xfc5c7e2c, L:/127.0.0.1:62661 - R:localhost/127.0.0.1:26654] for POST '/session/f6404b334e65d9c125c962e3d7528c56/execute/sync'
2023-04-27 11:36:38 DEBUG HttpHandler:70 ? 

Request DefaultHttpRequest(decodeResult: success, version: HTTP/1.1)
POST /session/f6404b334e65d9c125c962e3d7528c56/execute/sync HTTP/1.1
User-Agent: selenium/4.9.0 (java windows)
Content-Length: 48807
Content-Type: application/json; charset=utf-8
host: localhost:26654
accept: */*

Response DefaultHttpResponse(decodeResult: success, version: HTTP/1.1)
HTTP/1.1 200 OK
Content-Length: 14
Content-Type: application/json; charset=utf-8
cache-control: no-cache

2023-04-27 11:36:38 DEBUG ChannelManager:270 ? Adding key: http://localhost:26654 for channel [id: 0xfc5c7e2c, L:/127.0.0.1:62661 - R:localhost/127.0.0.1:26654]
2023-04-27 11:37:39 DEBUG InternalLoggerFactory:63 ? Using SLF4J as the default logging framework
2023-04-27 11:37:39 DEBUG ResourceLeakDetector:129 ? -Dio.netty.leakDetection.level: simple
2023-04-27 11:37:39 DEBUG ResourceLeakDetector:130 ? -Dio.netty.leakDetection.targetRecords: 4
2023-04-27 11:37:39 DEBUG ResourceLeakDetectorFactory:196 ? Loaded default ResourceLeakDetector: io.netty.util.ResourceLeakDetector@4e76dac
2023-04-27 11:37:39 DEBUG PlatformDependent0:496 ? -Dio.netty.noUnsafe: false
2023-04-27 11:37:39 DEBUG PlatformDependent0:1000 ? Java version: 19
2023-04-27 11:37:39 DEBUG PlatformDependent0:137 ? sun.misc.Unsafe.theUnsafe: available
2023-04-27 11:37:39 DEBUG PlatformDependent0:161 ? sun.misc.Unsafe.copyMemory: available
2023-04-27 11:37:39 DEBUG PlatformDependent0:193 ? sun.misc.Unsafe.storeFence: available
2023-04-27 11:37:39 DEBUG PlatformDependent0:236 ? java.nio.Buffer.address: available
2023-04-27 11:37:39 DEBUG PlatformDependent0:320 ? direct buffer constructor: unavailable: Reflective setAccessible(true) disabled
2023-04-27 11:37:39 DEBUG PlatformDependent0:385 ? java.nio.Bits.unaligned: available, true
2023-04-27 11:37:39 DEBUG PlatformDependent0:452 ? jdk.internal.misc.Unsafe.allocateUninitializedArray(int): unavailable: class io.netty.util.internal.PlatformDependent0$7 cannot access class jdk.internal.misc.Unsafe (in module java.base) because module java.base does not export jdk.internal.misc to unnamed module @68f7aae2
2023-04-27 11:37:39 DEBUG PlatformDependent0:482 ? java.nio.DirectByteBuffer.<init>(long, int): unavailable
2023-04-27 11:37:39 DEBUG PlatformDependent:1159 ? sun.misc.Unsafe: available
2023-04-27 11:37:39 DEBUG PlatformDependent:1270 ? maxDirectMemory: 5339348992 bytes (maybe)
2023-04-27 11:37:39 DEBUG PlatformDependent:1289 ? -Dio.netty.tmpdir: C:\Users\rohit\AppData\Local\Temp (java.io.tmpdir)
2023-04-27 11:37:39 DEBUG PlatformDependent:1368 ? -Dio.netty.bitMode: 64 (sun.arch.data.model)
2023-04-27 11:37:39 DEBUG PlatformDependent:1119 ? Platform: Windows
2023-04-27 11:37:39 DEBUG PlatformDependent:178 ? -Dio.netty.maxDirectMemory: -1 bytes
2023-04-27 11:37:39 DEBUG PlatformDependent:185 ? -Dio.netty.uninitializedArrayAllocationThreshold: -1
2023-04-27 11:37:39 DEBUG CleanerJava9:71 ? java.nio.ByteBuffer.cleaner(): available
2023-04-27 11:37:39 DEBUG PlatformDependent:205 ? -Dio.netty.noPreferDirect: false
2023-04-27 11:37:39 DEBUG PlatformDependent:1010 ? org.jctools-core.MpscChunkedArrayQueue: available
2023-04-27 11:37:39 DEBUG InternalThreadLocalMap:100 ? -Dio.netty.threadLocalMap.stringBuilder.initialSize: 1024
2023-04-27 11:37:39 DEBUG InternalThreadLocalMap:101 ? -Dio.netty.threadLocalMap.stringBuilder.maxSize: 4096
2023-04-27 11:37:40 DEBUG JdkSslContext:83 ? Default protocols (JDK): [TLSv1.3, TLSv1.2] 
2023-04-27 11:37:40 DEBUG JdkSslContext:84 ? Default cipher suites (JDK): [TLS_ECDHE_ECDSA_WITH_AES_256_GCM_SHA384, TLS_ECDHE_ECDSA_WITH_AES_128_GCM_SHA256, TLS_ECDHE_RSA_WITH_AES_128_GCM_SHA256, TLS_ECDHE_RSA_WITH_AES_256_GCM_SHA384, TLS_ECDHE_RSA_WITH_AES_128_CBC_SHA, TLS_ECDHE_RSA_WITH_AES_256_CBC_SHA, TLS_RSA_WITH_AES_128_GCM_SHA256, TLS_RSA_WITH_AES_128_CBC_SHA, TLS_RSA_WITH_AES_256_CBC_SHA, TLS_AES_128_GCM_SHA256, TLS_AES_256_GCM_SHA384]
2023-04-27 11:37:40 DEBUG GlobalEventExecutor:53 ? -Dio.netty.globalEventExecutor.quietPeriodSeconds: 1
2023-04-27 11:37:40 DEBUG MultithreadEventLoopGroup:44 ? -Dio.netty.eventLoopThreads: 16
2023-04-27 11:37:40 DEBUG NioEventLoop:110 ? -Dio.netty.noKeySetOptimization: false
2023-04-27 11:37:40 DEBUG NioEventLoop:111 ? -Dio.netty.selectorAutoRebuildThreshold: 512
2023-04-27 11:37:40 DEBUG PooledByteBufAllocator:157 ? -Dio.netty.allocator.numHeapArenas: 16
2023-04-27 11:37:40 DEBUG PooledByteBufAllocator:158 ? -Dio.netty.allocator.numDirectArenas: 16
2023-04-27 11:37:40 DEBUG PooledByteBufAllocator:160 ? -Dio.netty.allocator.pageSize: 8192
2023-04-27 11:37:40 DEBUG PooledByteBufAllocator:165 ? -Dio.netty.allocator.maxOrder: 9
2023-04-27 11:37:40 DEBUG PooledByteBufAllocator:169 ? -Dio.netty.allocator.chunkSize: 4194304
2023-04-27 11:37:40 DEBUG PooledByteBufAllocator:170 ? -Dio.netty.allocator.smallCacheSize: 256
2023-04-27 11:37:40 DEBUG PooledByteBufAllocator:171 ? -Dio.netty.allocator.normalCacheSize: 64
2023-04-27 11:37:40 DEBUG PooledByteBufAllocator:172 ? -Dio.netty.allocator.maxCachedBufferCapacity: 32768
2023-04-27 11:37:40 DEBUG PooledByteBufAllocator:173 ? -Dio.netty.allocator.cacheTrimInterval: 8192
2023-04-27 11:37:40 DEBUG PooledByteBufAllocator:174 ? -Dio.netty.allocator.cacheTrimIntervalMillis: 0
2023-04-27 11:37:40 DEBUG PooledByteBufAllocator:175 ? -Dio.netty.allocator.useCacheForAllThreads: false
2023-04-27 11:37:40 DEBUG PooledByteBufAllocator:176 ? -Dio.netty.allocator.maxCachedByteBuffersPerChunk: 1023
2023-04-27 11:37:40 DEBUG ByteBufUtil:88 ? -Dio.netty.allocator.type: pooled
2023-04-27 11:37:40 DEBUG ByteBufUtil:97 ? -Dio.netty.threadLocalDirectBufferSize: 0
2023-04-27 11:37:40 DEBUG ByteBufUtil:100 ? -Dio.netty.maxThreadLocalCharBufferSize: 16384
2023-04-27 11:37:40 DEBUG DefaultChannelId:79 ? -Dio.netty.processId: 35828 (auto-detected)
2023-04-27 11:37:40 DEBUG NetUtil:148 ? -Djava.net.preferIPv4Stack: false
2023-04-27 11:37:40 DEBUG NetUtil:149 ? -Djava.net.preferIPv6Addresses: false
2023-04-27 11:37:40 DEBUG NetUtilInitializations:145 ? Loopback interface: lo (Software Loopback Interface 1, 127.0.0.1)
2023-04-27 11:37:40 DEBUG NetUtil:206 ? Failed to get SOMAXCONN from sysctl and file \proc\sys\net\core\somaxconn. Default: 200
2023-04-27 11:37:40 DEBUG DefaultChannelId:101 ? -Dio.netty.machineId: 70:c9:4e:ff:fe:a9:98:9d (auto-detected)
2023-04-27 11:37:40 DEBUG AbstractByteBuf:63 ? -Dio.netty.buffer.checkAccessible: true
2023-04-27 11:37:40 DEBUG AbstractByteBuf:64 ? -Dio.netty.buffer.checkBounds: true
2023-04-27 11:37:40 DEBUG ResourceLeakDetectorFactory:196 ? Loaded default ResourceLeakDetector: io.netty.util.ResourceLeakDetector@45eb2630
2023-04-27 11:37:40 DEBUG NettyConnectListener:73 ? Using new Channel '[id: 0x5cd472b5, L:/127.0.0.1:62829 - R:localhost/127.0.0.1:13928]' for 'POST' to '/session'
2023-04-27 11:37:40 DEBUG Recycler:96 ? -Dio.netty.recycler.maxCapacityPerThread: 4096
2023-04-27 11:37:40 DEBUG Recycler:97 ? -Dio.netty.recycler.ratio: 8
2023-04-27 11:37:40 DEBUG Recycler:98 ? -Dio.netty.recycler.chunkSize: 32
2023-04-27 11:37:40 DEBUG Recycler:99 ? -Dio.netty.recycler.blocking: false
2023-04-27 11:37:40 DEBUG Recycler:100 ? -Dio.netty.recycler.batchFastThreadLocalOnly: true
2023-04-27 11:37:41 DEBUG Brotli:38 ? brotli4j not in the classpath; Brotli support will be unavailable.
2023-04-27 11:37:41 DEBUG HttpHandler:70 ? 

Request DefaultHttpRequest(decodeResult: success, version: HTTP/1.1)
POST /session HTTP/1.1
User-Agent: selenium/4.9.0 (java windows)
Content-Length: 254
Content-Type: application/json; charset=utf-8
host: localhost:13928
accept: */*

Response DefaultHttpResponse(decodeResult: success, version: HTTP/1.1)
HTTP/1.1 200 OK
Content-Length: 860
Content-Type: application/json; charset=utf-8
cache-control: no-cache

2023-04-27 11:37:41 DEBUG ChannelManager:270 ? Adding key: http://localhost:13928 for channel [id: 0x5cd472b5, L:/127.0.0.1:62829 - R:localhost/127.0.0.1:13928]
2023-04-27 11:37:41 DEBUG NettyConnectListener:73 ? Using new Channel '[id: 0x6383ba9c, L:/127.0.0.1:62850 - R:localhost/127.0.0.1:62833]' for 'GET' to '/json/version'
2023-04-27 11:37:41 DEBUG HttpHandler:70 ? 

Request DefaultFullHttpRequest(decodeResult: success, version: HTTP/1.1, content: EmptyByteBufBE)
GET /json/version HTTP/1.1
User-Agent: selenium/4.9.0 (java windows)
host: localhost:62833
accept: */*

Response DefaultHttpResponse(decodeResult: success, version: HTTP/1.1)
HTTP/1.1 200 OK
Content-Security-Policy: frame-ancestors 'none'
Content-Length: 424
Content-Type: application/json; charset=UTF-8

2023-04-27 11:37:41 DEBUG ChannelManager:270 ? Adding key: http://localhost:62833 for channel [id: 0x6383ba9c, L:/127.0.0.1:62850 - R:localhost/127.0.0.1:62833]
2023-04-27 11:37:41 DEBUG ThreadLocalRandom:214 ? -Dio.netty.initialSeedUniquifier: 0x62ce1d08c9fa78d8
2023-04-27 11:37:41 DEBUG NettyConnectListener:73 ? Using new Channel '[id: 0xf279aefe, L:/127.0.0.1:62851 - R:localhost/127.0.0.1:62833]' for 'GET' to '/devtools/browser/4f30a9d4-ab16-4a69-a6e4-443fe15be0bc'
2023-04-27 11:37:41 DEBUG WebSocketHandler:105 ? 

Request DefaultFullHttpRequest(decodeResult: success, version: HTTP/1.1, content: EmptyByteBufBE)
GET /devtools/browser/4f30a9d4-ab16-4a69-a6e4-443fe15be0bc HTTP/1.1
upgrade: websocket
connection: upgrade
sec-websocket-key: /YrP3sHXHDQrjV8ILvLqRQ==
sec-websocket-version: 13
origin: http://localhost:62833
host: localhost:62833
accept: */*
user-agent: AHC/2.1

Response DefaultHttpResponse(decodeResult: success, version: HTTP/1.1)
HTTP/1.1 101 WebSocket Protocol Handshake
Upgrade: WebSocket
Connection: Upgrade
Sec-WebSocket-Accept: A/fcV/aVvXaLrx5iULMc+wYeMW8=

2023-04-27 11:37:41 DEBUG NettyRequestSender:593 ? Using pooled Channel '[id: 0x5cd472b5, L:/127.0.0.1:62829 - R:localhost/127.0.0.1:13928]' for 'POST' to 'http://localhost:13928/session/4b775348c55244c4cea6d9d5d6c75af6/window/maximize'
2023-04-27 11:37:41 DEBUG NettyRequestSender:251 ? Using open Channel [id: 0x5cd472b5, L:/127.0.0.1:62829 - R:localhost/127.0.0.1:13928] for POST '/session/4b775348c55244c4cea6d9d5d6c75af6/window/maximize'
2023-04-27 11:37:41 DEBUG HttpHandler:70 ? 

Request DefaultHttpRequest(decodeResult: success, version: HTTP/1.1)
POST /session/4b775348c55244c4cea6d9d5d6c75af6/window/maximize HTTP/1.1
User-Agent: selenium/4.9.0 (java windows)
Content-Length: 3
Content-Type: application/json; charset=utf-8
host: localhost:13928
accept: */*

Response DefaultHttpResponse(decodeResult: success, version: HTTP/1.1)
HTTP/1.1 200 OK
Content-Length: 52
Content-Type: application/json; charset=utf-8
cache-control: no-cache

2023-04-27 11:37:41 DEBUG ChannelManager:270 ? Adding key: http://localhost:13928 for channel [id: 0x5cd472b5, L:/127.0.0.1:62829 - R:localhost/127.0.0.1:13928]
2023-04-27 11:37:41 DEBUG NettyRequestSender:593 ? Using pooled Channel '[id: 0x5cd472b5, L:/127.0.0.1:62829 - R:localhost/127.0.0.1:13928]' for 'POST' to 'http://localhost:13928/session/4b775348c55244c4cea6d9d5d6c75af6/timeouts'
2023-04-27 11:37:41 DEBUG NettyRequestSender:251 ? Using open Channel [id: 0x5cd472b5, L:/127.0.0.1:62829 - R:localhost/127.0.0.1:13928] for POST '/session/4b775348c55244c4cea6d9d5d6c75af6/timeouts'
2023-04-27 11:37:41 DEBUG HttpHandler:70 ? 

Request DefaultHttpRequest(decodeResult: success, version: HTTP/1.1)
POST /session/4b775348c55244c4cea6d9d5d6c75af6/timeouts HTTP/1.1
User-Agent: selenium/4.9.0 (java windows)
Content-Length: 23
Content-Type: application/json; charset=utf-8
host: localhost:13928
accept: */*

Response DefaultHttpResponse(decodeResult: success, version: HTTP/1.1)
HTTP/1.1 200 OK
Content-Length: 14
Content-Type: application/json; charset=utf-8
cache-control: no-cache

2023-04-27 11:37:41 DEBUG ChannelManager:270 ? Adding key: http://localhost:13928 for channel [id: 0x5cd472b5, L:/127.0.0.1:62829 - R:localhost/127.0.0.1:13928]
2023-04-27 11:37:41 DEBUG NettyRequestSender:593 ? Using pooled Channel '[id: 0x5cd472b5, L:/127.0.0.1:62829 - R:localhost/127.0.0.1:13928]' for 'POST' to 'http://localhost:13928/session/4b775348c55244c4cea6d9d5d6c75af6/url'
2023-04-27 11:37:41 DEBUG NettyRequestSender:251 ? Using open Channel [id: 0x5cd472b5, L:/127.0.0.1:62829 - R:localhost/127.0.0.1:13928] for POST '/session/4b775348c55244c4cea6d9d5d6c75af6/url'
2023-04-27 11:37:42 DEBUG DefaultChannelPool:348 ? Entry count for : http://localhost:62833 : 1
2023-04-27 11:37:42 DEBUG HttpHandler:70 ? 

Request DefaultHttpRequest(decodeResult: success, version: HTTP/1.1)
POST /session/4b775348c55244c4cea6d9d5d6c75af6/url HTTP/1.1
User-Agent: selenium/4.9.0 (java windows)
Content-Length: 59
Content-Type: application/json; charset=utf-8
host: localhost:13928
accept: */*

Response DefaultHttpResponse(decodeResult: success, version: HTTP/1.1)
HTTP/1.1 200 OK
Content-Length: 14
Content-Type: application/json; charset=utf-8
cache-control: no-cache

2023-04-27 11:37:42 DEBUG ChannelManager:270 ? Adding key: http://localhost:13928 for channel [id: 0x5cd472b5, L:/127.0.0.1:62829 - R:localhost/127.0.0.1:13928]
2023-04-27 11:37:42 DEBUG NettyRequestSender:593 ? Using pooled Channel '[id: 0x5cd472b5, L:/127.0.0.1:62829 - R:localhost/127.0.0.1:13928]' for 'POST' to 'http://localhost:13928/session/4b775348c55244c4cea6d9d5d6c75af6/element'
2023-04-27 11:37:42 DEBUG NettyRequestSender:251 ? Using open Channel [id: 0x5cd472b5, L:/127.0.0.1:62829 - R:localhost/127.0.0.1:13928] for POST '/session/4b775348c55244c4cea6d9d5d6c75af6/element'
2023-04-27 11:37:42 DEBUG HttpHandler:70 ? 

Request DefaultHttpRequest(decodeResult: success, version: HTTP/1.1)
POST /session/4b775348c55244c4cea6d9d5d6c75af6/element HTTP/1.1
User-Agent: selenium/4.9.0 (java windows)
Content-Length: 69
Content-Type: application/json; charset=utf-8
host: localhost:13928
accept: */*

Response DefaultHttpResponse(decodeResult: success, version: HTTP/1.1)
HTTP/1.1 200 OK
Content-Length: 88
Content-Type: application/json; charset=utf-8
cache-control: no-cache

2023-04-27 11:37:42 DEBUG ChannelManager:270 ? Adding key: http://localhost:13928 for channel [id: 0x5cd472b5, L:/127.0.0.1:62829 - R:localhost/127.0.0.1:13928]
2023-04-27 11:37:42 DEBUG NettyRequestSender:593 ? Using pooled Channel '[id: 0x5cd472b5, L:/127.0.0.1:62829 - R:localhost/127.0.0.1:13928]' for 'POST' to 'http://localhost:13928/session/4b775348c55244c4cea6d9d5d6c75af6/execute/sync'
2023-04-27 11:37:42 DEBUG NettyRequestSender:251 ? Using open Channel [id: 0x5cd472b5, L:/127.0.0.1:62829 - R:localhost/127.0.0.1:13928] for POST '/session/4b775348c55244c4cea6d9d5d6c75af6/execute/sync'
2023-04-27 11:37:42 DEBUG HttpHandler:70 ? 

Request DefaultHttpRequest(decodeResult: success, version: HTTP/1.1)
POST /session/4b775348c55244c4cea6d9d5d6c75af6/execute/sync HTTP/1.1
User-Agent: selenium/4.9.0 (java windows)
Content-Length: 48807
Content-Type: application/json; charset=utf-8
host: localhost:13928
accept: */*

Response DefaultHttpResponse(decodeResult: success, version: HTTP/1.1)
HTTP/1.1 200 OK
Content-Length: 14
Content-Type: application/json; charset=utf-8
cache-control: no-cache

2023-04-27 11:37:42 DEBUG ChannelManager:270 ? Adding key: http://localhost:13928 for channel [id: 0x5cd472b5, L:/127.0.0.1:62829 - R:localhost/127.0.0.1:13928]
2023-04-27 11:37:42 DEBUG NettyRequestSender:593 ? Using pooled Channel '[id: 0x5cd472b5, L:/127.0.0.1:62829 - R:localhost/127.0.0.1:13928]' for 'POST' to 'http://localhost:13928/session/4b775348c55244c4cea6d9d5d6c75af6/element'
2023-04-27 11:37:42 DEBUG NettyRequestSender:251 ? Using open Channel [id: 0x5cd472b5, L:/127.0.0.1:62829 - R:localhost/127.0.0.1:13928] for POST '/session/4b775348c55244c4cea6d9d5d6c75af6/element'
2023-04-27 11:37:42 DEBUG HttpHandler:70 ? 

Request DefaultHttpRequest(decodeResult: success, version: HTTP/1.1)
POST /session/4b775348c55244c4cea6d9d5d6c75af6/element HTTP/1.1
User-Agent: selenium/4.9.0 (java windows)
Content-Length: 71
Content-Type: application/json; charset=utf-8
host: localhost:13928
accept: */*

Response DefaultHttpResponse(decodeResult: success, version: HTTP/1.1)
HTTP/1.1 200 OK
Content-Length: 88
Content-Type: application/json; charset=utf-8
cache-control: no-cache

2023-04-27 11:37:42 DEBUG ChannelManager:270 ? Adding key: http://localhost:13928 for channel [id: 0x5cd472b5, L:/127.0.0.1:62829 - R:localhost/127.0.0.1:13928]
2023-04-27 11:37:42 DEBUG NettyRequestSender:593 ? Using pooled Channel '[id: 0x5cd472b5, L:/127.0.0.1:62829 - R:localhost/127.0.0.1:13928]' for 'POST' to 'http://localhost:13928/session/4b775348c55244c4cea6d9d5d6c75af6/execute/sync'
2023-04-27 11:37:42 DEBUG NettyRequestSender:251 ? Using open Channel [id: 0x5cd472b5, L:/127.0.0.1:62829 - R:localhost/127.0.0.1:13928] for POST '/session/4b775348c55244c4cea6d9d5d6c75af6/execute/sync'
2023-04-27 11:37:42 DEBUG HttpHandler:70 ? 

Request DefaultHttpRequest(decodeResult: success, version: HTTP/1.1)
POST /session/4b775348c55244c4cea6d9d5d6c75af6/execute/sync HTTP/1.1
User-Agent: selenium/4.9.0 (java windows)
Content-Length: 48807
Content-Type: application/json; charset=utf-8
host: localhost:13928
accept: */*

Response DefaultHttpResponse(decodeResult: success, version: HTTP/1.1)
HTTP/1.1 200 OK
Content-Length: 14
Content-Type: application/json; charset=utf-8
cache-control: no-cache

2023-04-27 11:37:42 DEBUG ChannelManager:270 ? Adding key: http://localhost:13928 for channel [id: 0x5cd472b5, L:/127.0.0.1:62829 - R:localhost/127.0.0.1:13928]
2023-04-27 11:37:42 DEBUG NettyRequestSender:593 ? Using pooled Channel '[id: 0x5cd472b5, L:/127.0.0.1:62829 - R:localhost/127.0.0.1:13928]' for 'POST' to 'http://localhost:13928/session/4b775348c55244c4cea6d9d5d6c75af6/element'
2023-04-27 11:37:42 DEBUG NettyRequestSender:251 ? Using open Channel [id: 0x5cd472b5, L:/127.0.0.1:62829 - R:localhost/127.0.0.1:13928] for POST '/session/4b775348c55244c4cea6d9d5d6c75af6/element'
2023-04-27 11:37:42 DEBUG HttpHandler:70 ? 

Request DefaultHttpRequest(decodeResult: success, version: HTTP/1.1)
POST /session/4b775348c55244c4cea6d9d5d6c75af6/element HTTP/1.1
User-Agent: selenium/4.9.0 (java windows)
Content-Length: 72
Content-Type: application/json; charset=utf-8
host: localhost:13928
accept: */*

Response DefaultHttpResponse(decodeResult: success, version: HTTP/1.1)
HTTP/1.1 200 OK
Content-Length: 88
Content-Type: application/json; charset=utf-8
cache-control: no-cache

2023-04-27 11:37:42 DEBUG ChannelManager:270 ? Adding key: http://localhost:13928 for channel [id: 0x5cd472b5, L:/127.0.0.1:62829 - R:localhost/127.0.0.1:13928]
2023-04-27 11:37:42 DEBUG NettyRequestSender:593 ? Using pooled Channel '[id: 0x5cd472b5, L:/127.0.0.1:62829 - R:localhost/127.0.0.1:13928]' for 'POST' to 'http://localhost:13928/session/4b775348c55244c4cea6d9d5d6c75af6/execute/sync'
2023-04-27 11:37:42 DEBUG NettyRequestSender:251 ? Using open Channel [id: 0x5cd472b5, L:/127.0.0.1:62829 - R:localhost/127.0.0.1:13928] for POST '/session/4b775348c55244c4cea6d9d5d6c75af6/execute/sync'
2023-04-27 11:37:42 DEBUG HttpHandler:70 ? 

Request DefaultHttpRequest(decodeResult: success, version: HTTP/1.1)
POST /session/4b775348c55244c4cea6d9d5d6c75af6/execute/sync HTTP/1.1
User-Agent: selenium/4.9.0 (java windows)
Content-Length: 48807
Content-Type: application/json; charset=utf-8
host: localhost:13928
accept: */*

Response DefaultHttpResponse(decodeResult: success, version: HTTP/1.1)
HTTP/1.1 200 OK
Content-Length: 14
Content-Type: application/json; charset=utf-8
cache-control: no-cache

2023-04-27 11:37:42 DEBUG ChannelManager:270 ? Adding key: http://localhost:13928 for channel [id: 0x5cd472b5, L:/127.0.0.1:62829 - R:localhost/127.0.0.1:13928]
2023-04-27 11:38:05 DEBUG InternalLoggerFactory:63 ? Using SLF4J as the default logging framework
2023-04-27 11:38:05 DEBUG ResourceLeakDetector:129 ? -Dio.netty.leakDetection.level: simple
2023-04-27 11:38:05 DEBUG ResourceLeakDetector:130 ? -Dio.netty.leakDetection.targetRecords: 4
2023-04-27 11:38:05 DEBUG ResourceLeakDetectorFactory:196 ? Loaded default ResourceLeakDetector: io.netty.util.ResourceLeakDetector@4e76dac
2023-04-27 11:38:05 DEBUG PlatformDependent0:496 ? -Dio.netty.noUnsafe: false
2023-04-27 11:38:05 DEBUG PlatformDependent0:1000 ? Java version: 19
2023-04-27 11:38:05 DEBUG PlatformDependent0:137 ? sun.misc.Unsafe.theUnsafe: available
2023-04-27 11:38:05 DEBUG PlatformDependent0:161 ? sun.misc.Unsafe.copyMemory: available
2023-04-27 11:38:05 DEBUG PlatformDependent0:193 ? sun.misc.Unsafe.storeFence: available
2023-04-27 11:38:05 DEBUG PlatformDependent0:236 ? java.nio.Buffer.address: available
2023-04-27 11:38:05 DEBUG PlatformDependent0:320 ? direct buffer constructor: unavailable: Reflective setAccessible(true) disabled
2023-04-27 11:38:05 DEBUG PlatformDependent0:385 ? java.nio.Bits.unaligned: available, true
2023-04-27 11:38:05 DEBUG PlatformDependent0:452 ? jdk.internal.misc.Unsafe.allocateUninitializedArray(int): unavailable: class io.netty.util.internal.PlatformDependent0$7 cannot access class jdk.internal.misc.Unsafe (in module java.base) because module java.base does not export jdk.internal.misc to unnamed module @68f7aae2
2023-04-27 11:38:05 DEBUG PlatformDependent0:482 ? java.nio.DirectByteBuffer.<init>(long, int): unavailable
2023-04-27 11:38:05 DEBUG PlatformDependent:1159 ? sun.misc.Unsafe: available
2023-04-27 11:38:05 DEBUG PlatformDependent:1270 ? maxDirectMemory: 5339348992 bytes (maybe)
2023-04-27 11:38:05 DEBUG PlatformDependent:1289 ? -Dio.netty.tmpdir: C:\Users\rohit\AppData\Local\Temp (java.io.tmpdir)
2023-04-27 11:38:05 DEBUG PlatformDependent:1368 ? -Dio.netty.bitMode: 64 (sun.arch.data.model)
2023-04-27 11:38:05 DEBUG PlatformDependent:1119 ? Platform: Windows
2023-04-27 11:38:05 DEBUG PlatformDependent:178 ? -Dio.netty.maxDirectMemory: -1 bytes
2023-04-27 11:38:05 DEBUG PlatformDependent:185 ? -Dio.netty.uninitializedArrayAllocationThreshold: -1
2023-04-27 11:38:05 DEBUG CleanerJava9:71 ? java.nio.ByteBuffer.cleaner(): available
2023-04-27 11:38:05 DEBUG PlatformDependent:205 ? -Dio.netty.noPreferDirect: false
2023-04-27 11:38:05 DEBUG PlatformDependent:1010 ? org.jctools-core.MpscChunkedArrayQueue: available
2023-04-27 11:38:06 DEBUG InternalThreadLocalMap:100 ? -Dio.netty.threadLocalMap.stringBuilder.initialSize: 1024
2023-04-27 11:38:06 DEBUG InternalThreadLocalMap:101 ? -Dio.netty.threadLocalMap.stringBuilder.maxSize: 4096
2023-04-27 11:38:06 DEBUG JdkSslContext:83 ? Default protocols (JDK): [TLSv1.3, TLSv1.2] 
2023-04-27 11:38:06 DEBUG JdkSslContext:84 ? Default cipher suites (JDK): [TLS_ECDHE_ECDSA_WITH_AES_256_GCM_SHA384, TLS_ECDHE_ECDSA_WITH_AES_128_GCM_SHA256, TLS_ECDHE_RSA_WITH_AES_128_GCM_SHA256, TLS_ECDHE_RSA_WITH_AES_256_GCM_SHA384, TLS_ECDHE_RSA_WITH_AES_128_CBC_SHA, TLS_ECDHE_RSA_WITH_AES_256_CBC_SHA, TLS_RSA_WITH_AES_128_GCM_SHA256, TLS_RSA_WITH_AES_128_CBC_SHA, TLS_RSA_WITH_AES_256_CBC_SHA, TLS_AES_128_GCM_SHA256, TLS_AES_256_GCM_SHA384]
2023-04-27 11:38:06 DEBUG GlobalEventExecutor:53 ? -Dio.netty.globalEventExecutor.quietPeriodSeconds: 1
2023-04-27 11:38:06 DEBUG MultithreadEventLoopGroup:44 ? -Dio.netty.eventLoopThreads: 16
2023-04-27 11:38:06 DEBUG NioEventLoop:110 ? -Dio.netty.noKeySetOptimization: false
2023-04-27 11:38:06 DEBUG NioEventLoop:111 ? -Dio.netty.selectorAutoRebuildThreshold: 512
2023-04-27 11:38:06 DEBUG PooledByteBufAllocator:157 ? -Dio.netty.allocator.numHeapArenas: 16
2023-04-27 11:38:06 DEBUG PooledByteBufAllocator:158 ? -Dio.netty.allocator.numDirectArenas: 16
2023-04-27 11:38:06 DEBUG PooledByteBufAllocator:160 ? -Dio.netty.allocator.pageSize: 8192
2023-04-27 11:38:06 DEBUG PooledByteBufAllocator:165 ? -Dio.netty.allocator.maxOrder: 9
2023-04-27 11:38:06 DEBUG PooledByteBufAllocator:169 ? -Dio.netty.allocator.chunkSize: 4194304
2023-04-27 11:38:06 DEBUG PooledByteBufAllocator:170 ? -Dio.netty.allocator.smallCacheSize: 256
2023-04-27 11:38:06 DEBUG PooledByteBufAllocator:171 ? -Dio.netty.allocator.normalCacheSize: 64
2023-04-27 11:38:06 DEBUG PooledByteBufAllocator:172 ? -Dio.netty.allocator.maxCachedBufferCapacity: 32768
2023-04-27 11:38:06 DEBUG PooledByteBufAllocator:173 ? -Dio.netty.allocator.cacheTrimInterval: 8192
2023-04-27 11:38:06 DEBUG PooledByteBufAllocator:174 ? -Dio.netty.allocator.cacheTrimIntervalMillis: 0
2023-04-27 11:38:06 DEBUG PooledByteBufAllocator:175 ? -Dio.netty.allocator.useCacheForAllThreads: false
2023-04-27 11:38:06 DEBUG PooledByteBufAllocator:176 ? -Dio.netty.allocator.maxCachedByteBuffersPerChunk: 1023
2023-04-27 11:38:06 DEBUG ByteBufUtil:88 ? -Dio.netty.allocator.type: pooled
2023-04-27 11:38:06 DEBUG ByteBufUtil:97 ? -Dio.netty.threadLocalDirectBufferSize: 0
2023-04-27 11:38:06 DEBUG ByteBufUtil:100 ? -Dio.netty.maxThreadLocalCharBufferSize: 16384
2023-04-27 11:38:06 DEBUG DefaultChannelId:79 ? -Dio.netty.processId: 5620 (auto-detected)
2023-04-27 11:38:06 DEBUG NetUtil:148 ? -Djava.net.preferIPv4Stack: false
2023-04-27 11:38:06 DEBUG NetUtil:149 ? -Djava.net.preferIPv6Addresses: false
2023-04-27 11:38:06 DEBUG NetUtilInitializations:145 ? Loopback interface: lo (Software Loopback Interface 1, 127.0.0.1)
2023-04-27 11:38:06 DEBUG NetUtil:206 ? Failed to get SOMAXCONN from sysctl and file \proc\sys\net\core\somaxconn. Default: 200
2023-04-27 11:38:06 DEBUG DefaultChannelId:101 ? -Dio.netty.machineId: 70:c9:4e:ff:fe:a9:98:9d (auto-detected)
2023-04-27 11:38:06 DEBUG AbstractByteBuf:63 ? -Dio.netty.buffer.checkAccessible: true
2023-04-27 11:38:06 DEBUG AbstractByteBuf:64 ? -Dio.netty.buffer.checkBounds: true
2023-04-27 11:38:06 DEBUG ResourceLeakDetectorFactory:196 ? Loaded default ResourceLeakDetector: io.netty.util.ResourceLeakDetector@2fa95f89
2023-04-27 11:38:06 DEBUG NettyConnectListener:73 ? Using new Channel '[id: 0x275fd2d8, L:/127.0.0.1:62931 - R:localhost/127.0.0.1:43482]' for 'POST' to '/session'
2023-04-27 11:38:06 DEBUG Recycler:96 ? -Dio.netty.recycler.maxCapacityPerThread: 4096
2023-04-27 11:38:06 DEBUG Recycler:97 ? -Dio.netty.recycler.ratio: 8
2023-04-27 11:38:06 DEBUG Recycler:98 ? -Dio.netty.recycler.chunkSize: 32
2023-04-27 11:38:06 DEBUG Recycler:99 ? -Dio.netty.recycler.blocking: false
2023-04-27 11:38:06 DEBUG Recycler:100 ? -Dio.netty.recycler.batchFastThreadLocalOnly: true
2023-04-27 11:38:07 DEBUG Brotli:38 ? brotli4j not in the classpath; Brotli support will be unavailable.
2023-04-27 11:38:07 DEBUG HttpHandler:70 ? 

Request DefaultHttpRequest(decodeResult: success, version: HTTP/1.1)
POST /session HTTP/1.1
User-Agent: selenium/4.9.0 (java windows)
Content-Length: 254
Content-Type: application/json; charset=utf-8
host: localhost:43482
accept: */*

Response DefaultHttpResponse(decodeResult: success, version: HTTP/1.1)
HTTP/1.1 200 OK
Content-Length: 859
Content-Type: application/json; charset=utf-8
cache-control: no-cache

2023-04-27 11:38:07 DEBUG ChannelManager:270 ? Adding key: http://localhost:43482 for channel [id: 0x275fd2d8, L:/127.0.0.1:62931 - R:localhost/127.0.0.1:43482]
2023-04-27 11:38:07 DEBUG NettyConnectListener:73 ? Using new Channel '[id: 0x797f4315, L:/127.0.0.1:62951 - R:localhost/127.0.0.1:62936]' for 'GET' to '/json/version'
2023-04-27 11:38:07 DEBUG HttpHandler:70 ? 

Request DefaultFullHttpRequest(decodeResult: success, version: HTTP/1.1, content: EmptyByteBufBE)
GET /json/version HTTP/1.1
User-Agent: selenium/4.9.0 (java windows)
host: localhost:62936
accept: */*

Response DefaultHttpResponse(decodeResult: success, version: HTTP/1.1)
HTTP/1.1 200 OK
Content-Security-Policy: frame-ancestors 'none'
Content-Length: 424
Content-Type: application/json; charset=UTF-8

2023-04-27 11:38:07 DEBUG ChannelManager:270 ? Adding key: http://localhost:62936 for channel [id: 0x797f4315, L:/127.0.0.1:62951 - R:localhost/127.0.0.1:62936]
2023-04-27 11:38:07 DEBUG ThreadLocalRandom:214 ? -Dio.netty.initialSeedUniquifier: 0x55c69105c929bd1d
2023-04-27 11:38:07 DEBUG NettyConnectListener:73 ? Using new Channel '[id: 0xca879795, L:/127.0.0.1:62952 - R:localhost/127.0.0.1:62936]' for 'GET' to '/devtools/browser/25996366-2e07-4451-a8b2-043bd4fd6f33'
2023-04-27 11:38:07 DEBUG WebSocketHandler:105 ? 

Request DefaultFullHttpRequest(decodeResult: success, version: HTTP/1.1, content: EmptyByteBufBE)
GET /devtools/browser/25996366-2e07-4451-a8b2-043bd4fd6f33 HTTP/1.1
upgrade: websocket
connection: upgrade
sec-websocket-key: s+JPEjiEngbyx2k/r77Kyw==
sec-websocket-version: 13
origin: http://localhost:62936
host: localhost:62936
accept: */*
user-agent: AHC/2.1

Response DefaultHttpResponse(decodeResult: success, version: HTTP/1.1)
HTTP/1.1 101 WebSocket Protocol Handshake
Upgrade: WebSocket
Connection: Upgrade
Sec-WebSocket-Accept: BRhQ7oYECJzgwmPDpa3Nmb2vpNI=

2023-04-27 11:38:07 DEBUG NettyRequestSender:593 ? Using pooled Channel '[id: 0x275fd2d8, L:/127.0.0.1:62931 - R:localhost/127.0.0.1:43482]' for 'POST' to 'http://localhost:43482/session/8bf827b597dd899457901420faf60991/window/maximize'
2023-04-27 11:38:07 DEBUG NettyRequestSender:251 ? Using open Channel [id: 0x275fd2d8, L:/127.0.0.1:62931 - R:localhost/127.0.0.1:43482] for POST '/session/8bf827b597dd899457901420faf60991/window/maximize'
2023-04-27 11:38:08 DEBUG HttpHandler:70 ? 

Request DefaultHttpRequest(decodeResult: success, version: HTTP/1.1)
POST /session/8bf827b597dd899457901420faf60991/window/maximize HTTP/1.1
User-Agent: selenium/4.9.0 (java windows)
Content-Length: 3
Content-Type: application/json; charset=utf-8
host: localhost:43482
accept: */*

Response DefaultHttpResponse(decodeResult: success, version: HTTP/1.1)
HTTP/1.1 200 OK
Content-Length: 52
Content-Type: application/json; charset=utf-8
cache-control: no-cache

2023-04-27 11:38:08 DEBUG ChannelManager:270 ? Adding key: http://localhost:43482 for channel [id: 0x275fd2d8, L:/127.0.0.1:62931 - R:localhost/127.0.0.1:43482]
2023-04-27 11:38:08 DEBUG NettyRequestSender:593 ? Using pooled Channel '[id: 0x275fd2d8, L:/127.0.0.1:62931 - R:localhost/127.0.0.1:43482]' for 'POST' to 'http://localhost:43482/session/8bf827b597dd899457901420faf60991/timeouts'
2023-04-27 11:38:08 DEBUG NettyRequestSender:251 ? Using open Channel [id: 0x275fd2d8, L:/127.0.0.1:62931 - R:localhost/127.0.0.1:43482] for POST '/session/8bf827b597dd899457901420faf60991/timeouts'
2023-04-27 11:38:08 DEBUG HttpHandler:70 ? 

Request DefaultHttpRequest(decodeResult: success, version: HTTP/1.1)
POST /session/8bf827b597dd899457901420faf60991/timeouts HTTP/1.1
User-Agent: selenium/4.9.0 (java windows)
Content-Length: 23
Content-Type: application/json; charset=utf-8
host: localhost:43482
accept: */*

Response DefaultHttpResponse(decodeResult: success, version: HTTP/1.1)
HTTP/1.1 200 OK
Content-Length: 14
Content-Type: application/json; charset=utf-8
cache-control: no-cache

2023-04-27 11:38:08 DEBUG ChannelManager:270 ? Adding key: http://localhost:43482 for channel [id: 0x275fd2d8, L:/127.0.0.1:62931 - R:localhost/127.0.0.1:43482]
2023-04-27 11:38:08 DEBUG NettyRequestSender:593 ? Using pooled Channel '[id: 0x275fd2d8, L:/127.0.0.1:62931 - R:localhost/127.0.0.1:43482]' for 'POST' to 'http://localhost:43482/session/8bf827b597dd899457901420faf60991/url'
2023-04-27 11:38:08 DEBUG NettyRequestSender:251 ? Using open Channel [id: 0x275fd2d8, L:/127.0.0.1:62931 - R:localhost/127.0.0.1:43482] for POST '/session/8bf827b597dd899457901420faf60991/url'
2023-04-27 11:38:08 DEBUG DefaultChannelPool:348 ? Entry count for : http://localhost:62936 : 1
2023-04-27 11:38:08 DEBUG HttpHandler:70 ? 

Request DefaultHttpRequest(decodeResult: success, version: HTTP/1.1)
POST /session/8bf827b597dd899457901420faf60991/url HTTP/1.1
User-Agent: selenium/4.9.0 (java windows)
Content-Length: 59
Content-Type: application/json; charset=utf-8
host: localhost:43482
accept: */*

Response DefaultHttpResponse(decodeResult: success, version: HTTP/1.1)
HTTP/1.1 200 OK
Content-Length: 14
Content-Type: application/json; charset=utf-8
cache-control: no-cache

2023-04-27 11:38:08 DEBUG ChannelManager:270 ? Adding key: http://localhost:43482 for channel [id: 0x275fd2d8, L:/127.0.0.1:62931 - R:localhost/127.0.0.1:43482]
2023-04-27 11:38:08 DEBUG NettyRequestSender:593 ? Using pooled Channel '[id: 0x275fd2d8, L:/127.0.0.1:62931 - R:localhost/127.0.0.1:43482]' for 'POST' to 'http://localhost:43482/session/8bf827b597dd899457901420faf60991/element'
2023-04-27 11:38:08 DEBUG NettyRequestSender:251 ? Using open Channel [id: 0x275fd2d8, L:/127.0.0.1:62931 - R:localhost/127.0.0.1:43482] for POST '/session/8bf827b597dd899457901420faf60991/element'
2023-04-27 11:38:08 DEBUG HttpHandler:70 ? 

Request DefaultHttpRequest(decodeResult: success, version: HTTP/1.1)
POST /session/8bf827b597dd899457901420faf60991/element HTTP/1.1
User-Agent: selenium/4.9.0 (java windows)
Content-Length: 69
Content-Type: application/json; charset=utf-8
host: localhost:43482
accept: */*

Response DefaultHttpResponse(decodeResult: success, version: HTTP/1.1)
HTTP/1.1 200 OK
Content-Length: 88
Content-Type: application/json; charset=utf-8
cache-control: no-cache

2023-04-27 11:38:08 DEBUG ChannelManager:270 ? Adding key: http://localhost:43482 for channel [id: 0x275fd2d8, L:/127.0.0.1:62931 - R:localhost/127.0.0.1:43482]
2023-04-27 11:38:08 DEBUG NettyRequestSender:593 ? Using pooled Channel '[id: 0x275fd2d8, L:/127.0.0.1:62931 - R:localhost/127.0.0.1:43482]' for 'POST' to 'http://localhost:43482/session/8bf827b597dd899457901420faf60991/execute/sync'
2023-04-27 11:38:08 DEBUG NettyRequestSender:251 ? Using open Channel [id: 0x275fd2d8, L:/127.0.0.1:62931 - R:localhost/127.0.0.1:43482] for POST '/session/8bf827b597dd899457901420faf60991/execute/sync'
2023-04-27 11:38:08 DEBUG HttpHandler:70 ? 

Request DefaultHttpRequest(decodeResult: success, version: HTTP/1.1)
POST /session/8bf827b597dd899457901420faf60991/execute/sync HTTP/1.1
User-Agent: selenium/4.9.0 (java windows)
Content-Length: 48807
Content-Type: application/json; charset=utf-8
host: localhost:43482
accept: */*

Response DefaultHttpResponse(decodeResult: success, version: HTTP/1.1)
HTTP/1.1 200 OK
Content-Length: 14
Content-Type: application/json; charset=utf-8
cache-control: no-cache

2023-04-27 11:38:08 DEBUG ChannelManager:270 ? Adding key: http://localhost:43482 for channel [id: 0x275fd2d8, L:/127.0.0.1:62931 - R:localhost/127.0.0.1:43482]
2023-04-27 11:38:08 DEBUG NettyRequestSender:593 ? Using pooled Channel '[id: 0x275fd2d8, L:/127.0.0.1:62931 - R:localhost/127.0.0.1:43482]' for 'POST' to 'http://localhost:43482/session/8bf827b597dd899457901420faf60991/element'
2023-04-27 11:38:08 DEBUG NettyRequestSender:251 ? Using open Channel [id: 0x275fd2d8, L:/127.0.0.1:62931 - R:localhost/127.0.0.1:43482] for POST '/session/8bf827b597dd899457901420faf60991/element'
2023-04-27 11:38:09 DEBUG HttpHandler:70 ? 

Request DefaultHttpRequest(decodeResult: success, version: HTTP/1.1)
POST /session/8bf827b597dd899457901420faf60991/element HTTP/1.1
User-Agent: selenium/4.9.0 (java windows)
Content-Length: 71
Content-Type: application/json; charset=utf-8
host: localhost:43482
accept: */*

Response DefaultHttpResponse(decodeResult: success, version: HTTP/1.1)
HTTP/1.1 200 OK
Content-Length: 88
Content-Type: application/json; charset=utf-8
cache-control: no-cache

2023-04-27 11:38:09 DEBUG ChannelManager:270 ? Adding key: http://localhost:43482 for channel [id: 0x275fd2d8, L:/127.0.0.1:62931 - R:localhost/127.0.0.1:43482]
2023-04-27 11:38:09 DEBUG NettyRequestSender:593 ? Using pooled Channel '[id: 0x275fd2d8, L:/127.0.0.1:62931 - R:localhost/127.0.0.1:43482]' for 'POST' to 'http://localhost:43482/session/8bf827b597dd899457901420faf60991/execute/sync'
2023-04-27 11:38:09 DEBUG NettyRequestSender:251 ? Using open Channel [id: 0x275fd2d8, L:/127.0.0.1:62931 - R:localhost/127.0.0.1:43482] for POST '/session/8bf827b597dd899457901420faf60991/execute/sync'
2023-04-27 11:38:09 DEBUG HttpHandler:70 ? 

Request DefaultHttpRequest(decodeResult: success, version: HTTP/1.1)
POST /session/8bf827b597dd899457901420faf60991/execute/sync HTTP/1.1
User-Agent: selenium/4.9.0 (java windows)
Content-Length: 48807
Content-Type: application/json; charset=utf-8
host: localhost:43482
accept: */*

Response DefaultHttpResponse(decodeResult: success, version: HTTP/1.1)
HTTP/1.1 200 OK
Content-Length: 14
Content-Type: application/json; charset=utf-8
cache-control: no-cache

2023-04-27 11:38:09 DEBUG ChannelManager:270 ? Adding key: http://localhost:43482 for channel [id: 0x275fd2d8, L:/127.0.0.1:62931 - R:localhost/127.0.0.1:43482]
2023-04-27 11:38:09 DEBUG NettyRequestSender:593 ? Using pooled Channel '[id: 0x275fd2d8, L:/127.0.0.1:62931 - R:localhost/127.0.0.1:43482]' for 'POST' to 'http://localhost:43482/session/8bf827b597dd899457901420faf60991/element'
2023-04-27 11:38:09 DEBUG NettyRequestSender:251 ? Using open Channel [id: 0x275fd2d8, L:/127.0.0.1:62931 - R:localhost/127.0.0.1:43482] for POST '/session/8bf827b597dd899457901420faf60991/element'
2023-04-27 11:38:09 DEBUG HttpHandler:70 ? 

Request DefaultHttpRequest(decodeResult: success, version: HTTP/1.1)
POST /session/8bf827b597dd899457901420faf60991/element HTTP/1.1
User-Agent: selenium/4.9.0 (java windows)
Content-Length: 72
Content-Type: application/json; charset=utf-8
host: localhost:43482
accept: */*

Response DefaultHttpResponse(decodeResult: success, version: HTTP/1.1)
HTTP/1.1 200 OK
Content-Length: 88
Content-Type: application/json; charset=utf-8
cache-control: no-cache

2023-04-27 11:38:09 DEBUG ChannelManager:270 ? Adding key: http://localhost:43482 for channel [id: 0x275fd2d8, L:/127.0.0.1:62931 - R:localhost/127.0.0.1:43482]
2023-04-27 11:38:09 DEBUG NettyRequestSender:593 ? Using pooled Channel '[id: 0x275fd2d8, L:/127.0.0.1:62931 - R:localhost/127.0.0.1:43482]' for 'POST' to 'http://localhost:43482/session/8bf827b597dd899457901420faf60991/execute/sync'
2023-04-27 11:38:09 DEBUG NettyRequestSender:251 ? Using open Channel [id: 0x275fd2d8, L:/127.0.0.1:62931 - R:localhost/127.0.0.1:43482] for POST '/session/8bf827b597dd899457901420faf60991/execute/sync'
2023-04-27 11:38:09 DEBUG HttpHandler:70 ? 

Request DefaultHttpRequest(decodeResult: success, version: HTTP/1.1)
POST /session/8bf827b597dd899457901420faf60991/execute/sync HTTP/1.1
User-Agent: selenium/4.9.0 (java windows)
Content-Length: 48807
Content-Type: application/json; charset=utf-8
host: localhost:43482
accept: */*

Response DefaultHttpResponse(decodeResult: success, version: HTTP/1.1)
HTTP/1.1 200 OK
Content-Length: 14
Content-Type: application/json; charset=utf-8
cache-control: no-cache

2023-04-27 11:38:09 DEBUG ChannelManager:270 ? Adding key: http://localhost:43482 for channel [id: 0x275fd2d8, L:/127.0.0.1:62931 - R:localhost/127.0.0.1:43482]
2023-04-27 11:41:04 DEBUG InternalLoggerFactory:63 ? Using SLF4J as the default logging framework
2023-04-27 11:41:04 DEBUG ResourceLeakDetector:129 ? -Dio.netty.leakDetection.level: simple
2023-04-27 11:41:04 DEBUG ResourceLeakDetector:130 ? -Dio.netty.leakDetection.targetRecords: 4
2023-04-27 11:41:04 DEBUG ResourceLeakDetectorFactory:196 ? Loaded default ResourceLeakDetector: io.netty.util.ResourceLeakDetector@4e76dac
2023-04-27 11:41:04 DEBUG PlatformDependent0:496 ? -Dio.netty.noUnsafe: false
2023-04-27 11:41:04 DEBUG PlatformDependent0:1000 ? Java version: 19
2023-04-27 11:41:04 DEBUG PlatformDependent0:137 ? sun.misc.Unsafe.theUnsafe: available
2023-04-27 11:41:04 DEBUG PlatformDependent0:161 ? sun.misc.Unsafe.copyMemory: available
2023-04-27 11:41:04 DEBUG PlatformDependent0:193 ? sun.misc.Unsafe.storeFence: available
2023-04-27 11:41:04 DEBUG PlatformDependent0:236 ? java.nio.Buffer.address: available
2023-04-27 11:41:04 DEBUG PlatformDependent0:320 ? direct buffer constructor: unavailable: Reflective setAccessible(true) disabled
2023-04-27 11:41:04 DEBUG PlatformDependent0:385 ? java.nio.Bits.unaligned: available, true
2023-04-27 11:41:04 DEBUG PlatformDependent0:452 ? jdk.internal.misc.Unsafe.allocateUninitializedArray(int): unavailable: class io.netty.util.internal.PlatformDependent0$7 cannot access class jdk.internal.misc.Unsafe (in module java.base) because module java.base does not export jdk.internal.misc to unnamed module @68f7aae2
2023-04-27 11:41:04 DEBUG PlatformDependent0:482 ? java.nio.DirectByteBuffer.<init>(long, int): unavailable
2023-04-27 11:41:04 DEBUG PlatformDependent:1159 ? sun.misc.Unsafe: available
2023-04-27 11:41:04 DEBUG PlatformDependent:1270 ? maxDirectMemory: 5339348992 bytes (maybe)
2023-04-27 11:41:04 DEBUG PlatformDependent:1289 ? -Dio.netty.tmpdir: C:\Users\rohit\AppData\Local\Temp (java.io.tmpdir)
2023-04-27 11:41:04 DEBUG PlatformDependent:1368 ? -Dio.netty.bitMode: 64 (sun.arch.data.model)
2023-04-27 11:41:04 DEBUG PlatformDependent:1119 ? Platform: Windows
2023-04-27 11:41:04 DEBUG PlatformDependent:178 ? -Dio.netty.maxDirectMemory: -1 bytes
2023-04-27 11:41:04 DEBUG PlatformDependent:185 ? -Dio.netty.uninitializedArrayAllocationThreshold: -1
2023-04-27 11:41:04 DEBUG CleanerJava9:71 ? java.nio.ByteBuffer.cleaner(): available
2023-04-27 11:41:04 DEBUG PlatformDependent:205 ? -Dio.netty.noPreferDirect: false
2023-04-27 11:41:04 DEBUG PlatformDependent:1010 ? org.jctools-core.MpscChunkedArrayQueue: available
2023-04-27 11:41:04 DEBUG InternalThreadLocalMap:100 ? -Dio.netty.threadLocalMap.stringBuilder.initialSize: 1024
2023-04-27 11:41:04 DEBUG InternalThreadLocalMap:101 ? -Dio.netty.threadLocalMap.stringBuilder.maxSize: 4096
2023-04-27 11:41:04 DEBUG JdkSslContext:83 ? Default protocols (JDK): [TLSv1.3, TLSv1.2] 
2023-04-27 11:41:04 DEBUG JdkSslContext:84 ? Default cipher suites (JDK): [TLS_ECDHE_ECDSA_WITH_AES_256_GCM_SHA384, TLS_ECDHE_ECDSA_WITH_AES_128_GCM_SHA256, TLS_ECDHE_RSA_WITH_AES_128_GCM_SHA256, TLS_ECDHE_RSA_WITH_AES_256_GCM_SHA384, TLS_ECDHE_RSA_WITH_AES_128_CBC_SHA, TLS_ECDHE_RSA_WITH_AES_256_CBC_SHA, TLS_RSA_WITH_AES_128_GCM_SHA256, TLS_RSA_WITH_AES_128_CBC_SHA, TLS_RSA_WITH_AES_256_CBC_SHA, TLS_AES_128_GCM_SHA256, TLS_AES_256_GCM_SHA384]
2023-04-27 11:41:04 DEBUG GlobalEventExecutor:53 ? -Dio.netty.globalEventExecutor.quietPeriodSeconds: 1
2023-04-27 11:41:04 DEBUG MultithreadEventLoopGroup:44 ? -Dio.netty.eventLoopThreads: 16
2023-04-27 11:41:04 DEBUG NioEventLoop:110 ? -Dio.netty.noKeySetOptimization: false
2023-04-27 11:41:04 DEBUG NioEventLoop:111 ? -Dio.netty.selectorAutoRebuildThreshold: 512
2023-04-27 11:41:05 DEBUG PooledByteBufAllocator:157 ? -Dio.netty.allocator.numHeapArenas: 16
2023-04-27 11:41:05 DEBUG PooledByteBufAllocator:158 ? -Dio.netty.allocator.numDirectArenas: 16
2023-04-27 11:41:05 DEBUG PooledByteBufAllocator:160 ? -Dio.netty.allocator.pageSize: 8192
2023-04-27 11:41:05 DEBUG PooledByteBufAllocator:165 ? -Dio.netty.allocator.maxOrder: 9
2023-04-27 11:41:05 DEBUG PooledByteBufAllocator:169 ? -Dio.netty.allocator.chunkSize: 4194304
2023-04-27 11:41:05 DEBUG PooledByteBufAllocator:170 ? -Dio.netty.allocator.smallCacheSize: 256
2023-04-27 11:41:05 DEBUG PooledByteBufAllocator:171 ? -Dio.netty.allocator.normalCacheSize: 64
2023-04-27 11:41:05 DEBUG PooledByteBufAllocator:172 ? -Dio.netty.allocator.maxCachedBufferCapacity: 32768
2023-04-27 11:41:05 DEBUG PooledByteBufAllocator:173 ? -Dio.netty.allocator.cacheTrimInterval: 8192
2023-04-27 11:41:05 DEBUG PooledByteBufAllocator:174 ? -Dio.netty.allocator.cacheTrimIntervalMillis: 0
2023-04-27 11:41:05 DEBUG PooledByteBufAllocator:175 ? -Dio.netty.allocator.useCacheForAllThreads: false
2023-04-27 11:41:05 DEBUG PooledByteBufAllocator:176 ? -Dio.netty.allocator.maxCachedByteBuffersPerChunk: 1023
2023-04-27 11:41:05 DEBUG ByteBufUtil:88 ? -Dio.netty.allocator.type: pooled
2023-04-27 11:41:05 DEBUG ByteBufUtil:97 ? -Dio.netty.threadLocalDirectBufferSize: 0
2023-04-27 11:41:05 DEBUG ByteBufUtil:100 ? -Dio.netty.maxThreadLocalCharBufferSize: 16384
2023-04-27 11:41:05 DEBUG DefaultChannelId:79 ? -Dio.netty.processId: 31304 (auto-detected)
2023-04-27 11:41:05 DEBUG NetUtil:148 ? -Djava.net.preferIPv4Stack: false
2023-04-27 11:41:05 DEBUG NetUtil:149 ? -Djava.net.preferIPv6Addresses: false
2023-04-27 11:41:05 DEBUG NetUtilInitializations:145 ? Loopback interface: lo (Software Loopback Interface 1, 127.0.0.1)
2023-04-27 11:41:05 DEBUG NetUtil:206 ? Failed to get SOMAXCONN from sysctl and file \proc\sys\net\core\somaxconn. Default: 200
2023-04-27 11:41:05 DEBUG DefaultChannelId:101 ? -Dio.netty.machineId: 70:c9:4e:ff:fe:a9:98:9d (auto-detected)
2023-04-27 11:41:05 DEBUG AbstractByteBuf:63 ? -Dio.netty.buffer.checkAccessible: true
2023-04-27 11:41:05 DEBUG AbstractByteBuf:64 ? -Dio.netty.buffer.checkBounds: true
2023-04-27 11:41:05 DEBUG ResourceLeakDetectorFactory:196 ? Loaded default ResourceLeakDetector: io.netty.util.ResourceLeakDetector@2fa95f89
2023-04-27 11:41:05 DEBUG NettyConnectListener:73 ? Using new Channel '[id: 0x64232dbe, L:/127.0.0.1:63291 - R:localhost/127.0.0.1:22433]' for 'POST' to '/session'
2023-04-27 11:41:05 DEBUG Recycler:96 ? -Dio.netty.recycler.maxCapacityPerThread: 4096
2023-04-27 11:41:05 DEBUG Recycler:97 ? -Dio.netty.recycler.ratio: 8
2023-04-27 11:41:05 DEBUG Recycler:98 ? -Dio.netty.recycler.chunkSize: 32
2023-04-27 11:41:05 DEBUG Recycler:99 ? -Dio.netty.recycler.blocking: false
2023-04-27 11:41:05 DEBUG Recycler:100 ? -Dio.netty.recycler.batchFastThreadLocalOnly: true
2023-04-27 11:41:06 DEBUG Brotli:38 ? brotli4j not in the classpath; Brotli support will be unavailable.
2023-04-27 11:41:06 DEBUG HttpHandler:70 ? 

Request DefaultHttpRequest(decodeResult: success, version: HTTP/1.1)
POST /session HTTP/1.1
User-Agent: selenium/4.9.0 (java windows)
Content-Length: 254
Content-Type: application/json; charset=utf-8
host: localhost:22433
accept: */*

Response DefaultHttpResponse(decodeResult: success, version: HTTP/1.1)
HTTP/1.1 200 OK
Content-Length: 860
Content-Type: application/json; charset=utf-8
cache-control: no-cache

2023-04-27 11:41:06 DEBUG ChannelManager:270 ? Adding key: http://localhost:22433 for channel [id: 0x64232dbe, L:/127.0.0.1:63291 - R:localhost/127.0.0.1:22433]
2023-04-27 11:41:06 DEBUG NettyConnectListener:73 ? Using new Channel '[id: 0x5d052d63, L:/127.0.0.1:63310 - R:localhost/127.0.0.1:63296]' for 'GET' to '/json/version'
2023-04-27 11:41:06 DEBUG HttpHandler:70 ? 

Request DefaultFullHttpRequest(decodeResult: success, version: HTTP/1.1, content: EmptyByteBufBE)
GET /json/version HTTP/1.1
User-Agent: selenium/4.9.0 (java windows)
host: localhost:63296
accept: */*

Response DefaultHttpResponse(decodeResult: success, version: HTTP/1.1)
HTTP/1.1 200 OK
Content-Security-Policy: frame-ancestors 'none'
Content-Length: 424
Content-Type: application/json; charset=UTF-8

2023-04-27 11:41:06 DEBUG ChannelManager:270 ? Adding key: http://localhost:63296 for channel [id: 0x5d052d63, L:/127.0.0.1:63310 - R:localhost/127.0.0.1:63296]
2023-04-27 11:41:06 DEBUG ThreadLocalRandom:214 ? -Dio.netty.initialSeedUniquifier: 0x7bd246f5e64e1c9e
2023-04-27 11:41:06 DEBUG NettyConnectListener:73 ? Using new Channel '[id: 0x3ae2c049, L:/127.0.0.1:63312 - R:localhost/127.0.0.1:63296]' for 'GET' to '/devtools/browser/2d81e11d-8bda-4682-8144-d16ab732694c'
2023-04-27 11:41:06 DEBUG WebSocketHandler:105 ? 

Request DefaultFullHttpRequest(decodeResult: success, version: HTTP/1.1, content: EmptyByteBufBE)
GET /devtools/browser/2d81e11d-8bda-4682-8144-d16ab732694c HTTP/1.1
upgrade: websocket
connection: upgrade
sec-websocket-key: ehZzB56VQ/5A+XCsTql6qQ==
sec-websocket-version: 13
origin: http://localhost:63296
host: localhost:63296
accept: */*
user-agent: AHC/2.1

Response DefaultHttpResponse(decodeResult: success, version: HTTP/1.1)
HTTP/1.1 101 WebSocket Protocol Handshake
Upgrade: WebSocket
Connection: Upgrade
Sec-WebSocket-Accept: hfUnlr5fFCS47CWbNyfHgo07w20=

2023-04-27 11:41:06 DEBUG NettyRequestSender:593 ? Using pooled Channel '[id: 0x64232dbe, L:/127.0.0.1:63291 - R:localhost/127.0.0.1:22433]' for 'POST' to 'http://localhost:22433/session/4bcd38d0e9ce5b996684c7c958286310/window/maximize'
2023-04-27 11:41:06 DEBUG NettyRequestSender:251 ? Using open Channel [id: 0x64232dbe, L:/127.0.0.1:63291 - R:localhost/127.0.0.1:22433] for POST '/session/4bcd38d0e9ce5b996684c7c958286310/window/maximize'
2023-04-27 11:41:06 DEBUG HttpHandler:70 ? 

Request DefaultHttpRequest(decodeResult: success, version: HTTP/1.1)
POST /session/4bcd38d0e9ce5b996684c7c958286310/window/maximize HTTP/1.1
User-Agent: selenium/4.9.0 (java windows)
Content-Length: 3
Content-Type: application/json; charset=utf-8
host: localhost:22433
accept: */*

Response DefaultHttpResponse(decodeResult: success, version: HTTP/1.1)
HTTP/1.1 200 OK
Content-Length: 52
Content-Type: application/json; charset=utf-8
cache-control: no-cache

2023-04-27 11:41:06 DEBUG ChannelManager:270 ? Adding key: http://localhost:22433 for channel [id: 0x64232dbe, L:/127.0.0.1:63291 - R:localhost/127.0.0.1:22433]
2023-04-27 11:41:06 DEBUG NettyRequestSender:593 ? Using pooled Channel '[id: 0x64232dbe, L:/127.0.0.1:63291 - R:localhost/127.0.0.1:22433]' for 'POST' to 'http://localhost:22433/session/4bcd38d0e9ce5b996684c7c958286310/timeouts'
2023-04-27 11:41:06 DEBUG NettyRequestSender:251 ? Using open Channel [id: 0x64232dbe, L:/127.0.0.1:63291 - R:localhost/127.0.0.1:22433] for POST '/session/4bcd38d0e9ce5b996684c7c958286310/timeouts'
2023-04-27 11:41:06 DEBUG HttpHandler:70 ? 

Request DefaultHttpRequest(decodeResult: success, version: HTTP/1.1)
POST /session/4bcd38d0e9ce5b996684c7c958286310/timeouts HTTP/1.1
User-Agent: selenium/4.9.0 (java windows)
Content-Length: 23
Content-Type: application/json; charset=utf-8
host: localhost:22433
accept: */*

Response DefaultHttpResponse(decodeResult: success, version: HTTP/1.1)
HTTP/1.1 200 OK
Content-Length: 14
Content-Type: application/json; charset=utf-8
cache-control: no-cache

2023-04-27 11:41:06 DEBUG ChannelManager:270 ? Adding key: http://localhost:22433 for channel [id: 0x64232dbe, L:/127.0.0.1:63291 - R:localhost/127.0.0.1:22433]
2023-04-27 11:41:53 DEBUG InternalLoggerFactory:63 ? Using SLF4J as the default logging framework
2023-04-27 11:41:54 DEBUG ResourceLeakDetector:129 ? -Dio.netty.leakDetection.level: simple
2023-04-27 11:41:54 DEBUG ResourceLeakDetector:130 ? -Dio.netty.leakDetection.targetRecords: 4
2023-04-27 11:41:54 DEBUG ResourceLeakDetectorFactory:196 ? Loaded default ResourceLeakDetector: io.netty.util.ResourceLeakDetector@4e76dac
2023-04-27 11:41:54 DEBUG PlatformDependent0:496 ? -Dio.netty.noUnsafe: false
2023-04-27 11:41:54 DEBUG PlatformDependent0:1000 ? Java version: 19
2023-04-27 11:41:54 DEBUG PlatformDependent0:137 ? sun.misc.Unsafe.theUnsafe: available
2023-04-27 11:41:54 DEBUG PlatformDependent0:161 ? sun.misc.Unsafe.copyMemory: available
2023-04-27 11:41:54 DEBUG PlatformDependent0:193 ? sun.misc.Unsafe.storeFence: available
2023-04-27 11:41:54 DEBUG PlatformDependent0:236 ? java.nio.Buffer.address: available
2023-04-27 11:41:54 DEBUG PlatformDependent0:320 ? direct buffer constructor: unavailable: Reflective setAccessible(true) disabled
2023-04-27 11:41:54 DEBUG PlatformDependent0:385 ? java.nio.Bits.unaligned: available, true
2023-04-27 11:41:54 DEBUG PlatformDependent0:452 ? jdk.internal.misc.Unsafe.allocateUninitializedArray(int): unavailable: class io.netty.util.internal.PlatformDependent0$7 cannot access class jdk.internal.misc.Unsafe (in module java.base) because module java.base does not export jdk.internal.misc to unnamed module @68f7aae2
2023-04-27 11:41:54 DEBUG PlatformDependent0:482 ? java.nio.DirectByteBuffer.<init>(long, int): unavailable
2023-04-27 11:41:54 DEBUG PlatformDependent:1159 ? sun.misc.Unsafe: available
2023-04-27 11:41:54 DEBUG PlatformDependent:1270 ? maxDirectMemory: 5339348992 bytes (maybe)
2023-04-27 11:41:54 DEBUG PlatformDependent:1289 ? -Dio.netty.tmpdir: C:\Users\rohit\AppData\Local\Temp (java.io.tmpdir)
2023-04-27 11:41:54 DEBUG PlatformDependent:1368 ? -Dio.netty.bitMode: 64 (sun.arch.data.model)
2023-04-27 11:41:54 DEBUG PlatformDependent:1119 ? Platform: Windows
2023-04-27 11:41:54 DEBUG PlatformDependent:178 ? -Dio.netty.maxDirectMemory: -1 bytes
2023-04-27 11:41:54 DEBUG PlatformDependent:185 ? -Dio.netty.uninitializedArrayAllocationThreshold: -1
2023-04-27 11:41:54 DEBUG CleanerJava9:71 ? java.nio.ByteBuffer.cleaner(): available
2023-04-27 11:41:54 DEBUG PlatformDependent:205 ? -Dio.netty.noPreferDirect: false
2023-04-27 11:41:54 DEBUG PlatformDependent:1010 ? org.jctools-core.MpscChunkedArrayQueue: available
2023-04-27 11:41:54 DEBUG InternalThreadLocalMap:100 ? -Dio.netty.threadLocalMap.stringBuilder.initialSize: 1024
2023-04-27 11:41:54 DEBUG InternalThreadLocalMap:101 ? -Dio.netty.threadLocalMap.stringBuilder.maxSize: 4096
2023-04-27 11:41:54 DEBUG JdkSslContext:83 ? Default protocols (JDK): [TLSv1.3, TLSv1.2] 
2023-04-27 11:41:54 DEBUG JdkSslContext:84 ? Default cipher suites (JDK): [TLS_ECDHE_ECDSA_WITH_AES_256_GCM_SHA384, TLS_ECDHE_ECDSA_WITH_AES_128_GCM_SHA256, TLS_ECDHE_RSA_WITH_AES_128_GCM_SHA256, TLS_ECDHE_RSA_WITH_AES_256_GCM_SHA384, TLS_ECDHE_RSA_WITH_AES_128_CBC_SHA, TLS_ECDHE_RSA_WITH_AES_256_CBC_SHA, TLS_RSA_WITH_AES_128_GCM_SHA256, TLS_RSA_WITH_AES_128_CBC_SHA, TLS_RSA_WITH_AES_256_CBC_SHA, TLS_AES_128_GCM_SHA256, TLS_AES_256_GCM_SHA384]
2023-04-27 11:41:54 DEBUG GlobalEventExecutor:53 ? -Dio.netty.globalEventExecutor.quietPeriodSeconds: 1
2023-04-27 11:41:54 DEBUG MultithreadEventLoopGroup:44 ? -Dio.netty.eventLoopThreads: 16
2023-04-27 11:41:54 DEBUG NioEventLoop:110 ? -Dio.netty.noKeySetOptimization: false
2023-04-27 11:41:54 DEBUG NioEventLoop:111 ? -Dio.netty.selectorAutoRebuildThreshold: 512
2023-04-27 11:41:54 DEBUG PooledByteBufAllocator:157 ? -Dio.netty.allocator.numHeapArenas: 16
2023-04-27 11:41:54 DEBUG PooledByteBufAllocator:158 ? -Dio.netty.allocator.numDirectArenas: 16
2023-04-27 11:41:54 DEBUG PooledByteBufAllocator:160 ? -Dio.netty.allocator.pageSize: 8192
2023-04-27 11:41:54 DEBUG PooledByteBufAllocator:165 ? -Dio.netty.allocator.maxOrder: 9
2023-04-27 11:41:54 DEBUG PooledByteBufAllocator:169 ? -Dio.netty.allocator.chunkSize: 4194304
2023-04-27 11:41:54 DEBUG PooledByteBufAllocator:170 ? -Dio.netty.allocator.smallCacheSize: 256
2023-04-27 11:41:54 DEBUG PooledByteBufAllocator:171 ? -Dio.netty.allocator.normalCacheSize: 64
2023-04-27 11:41:54 DEBUG PooledByteBufAllocator:172 ? -Dio.netty.allocator.maxCachedBufferCapacity: 32768
2023-04-27 11:41:54 DEBUG PooledByteBufAllocator:173 ? -Dio.netty.allocator.cacheTrimInterval: 8192
2023-04-27 11:41:54 DEBUG PooledByteBufAllocator:174 ? -Dio.netty.allocator.cacheTrimIntervalMillis: 0
2023-04-27 11:41:54 DEBUG PooledByteBufAllocator:175 ? -Dio.netty.allocator.useCacheForAllThreads: false
2023-04-27 11:41:54 DEBUG PooledByteBufAllocator:176 ? -Dio.netty.allocator.maxCachedByteBuffersPerChunk: 1023
2023-04-27 11:41:54 DEBUG ByteBufUtil:88 ? -Dio.netty.allocator.type: pooled
2023-04-27 11:41:54 DEBUG ByteBufUtil:97 ? -Dio.netty.threadLocalDirectBufferSize: 0
2023-04-27 11:41:54 DEBUG ByteBufUtil:100 ? -Dio.netty.maxThreadLocalCharBufferSize: 16384
2023-04-27 11:41:55 DEBUG DefaultChannelId:79 ? -Dio.netty.processId: 2576 (auto-detected)
2023-04-27 11:41:55 DEBUG NetUtil:148 ? -Djava.net.preferIPv4Stack: false
2023-04-27 11:41:55 DEBUG NetUtil:149 ? -Djava.net.preferIPv6Addresses: false
2023-04-27 11:41:55 DEBUG NetUtilInitializations:145 ? Loopback interface: lo (Software Loopback Interface 1, 127.0.0.1)
2023-04-27 11:41:55 DEBUG NetUtil:206 ? Failed to get SOMAXCONN from sysctl and file \proc\sys\net\core\somaxconn. Default: 200
2023-04-27 11:41:55 DEBUG DefaultChannelId:101 ? -Dio.netty.machineId: 70:c9:4e:ff:fe:a9:98:9d (auto-detected)
2023-04-27 11:41:55 DEBUG AbstractByteBuf:63 ? -Dio.netty.buffer.checkAccessible: true
2023-04-27 11:41:55 DEBUG AbstractByteBuf:64 ? -Dio.netty.buffer.checkBounds: true
2023-04-27 11:41:55 DEBUG ResourceLeakDetectorFactory:196 ? Loaded default ResourceLeakDetector: io.netty.util.ResourceLeakDetector@343cce5
2023-04-27 11:41:55 DEBUG NettyConnectListener:73 ? Using new Channel '[id: 0x61420693, L:/127.0.0.1:63437 - R:localhost/127.0.0.1:29464]' for 'POST' to '/session'
2023-04-27 11:41:55 DEBUG Recycler:96 ? -Dio.netty.recycler.maxCapacityPerThread: 4096
2023-04-27 11:41:55 DEBUG Recycler:97 ? -Dio.netty.recycler.ratio: 8
2023-04-27 11:41:55 DEBUG Recycler:98 ? -Dio.netty.recycler.chunkSize: 32
2023-04-27 11:41:55 DEBUG Recycler:99 ? -Dio.netty.recycler.blocking: false
2023-04-27 11:41:55 DEBUG Recycler:100 ? -Dio.netty.recycler.batchFastThreadLocalOnly: true
2023-04-27 11:41:57 DEBUG Brotli:38 ? brotli4j not in the classpath; Brotli support will be unavailable.
2023-04-27 11:41:57 DEBUG HttpHandler:70 ? 

Request DefaultHttpRequest(decodeResult: success, version: HTTP/1.1)
POST /session HTTP/1.1
User-Agent: selenium/4.9.0 (java windows)
Content-Length: 254
Content-Type: application/json; charset=utf-8
host: localhost:29464
accept: */*

Response DefaultHttpResponse(decodeResult: success, version: HTTP/1.1)
HTTP/1.1 200 OK
Content-Length: 860
Content-Type: application/json; charset=utf-8
cache-control: no-cache

2023-04-27 11:41:57 DEBUG ChannelManager:270 ? Adding key: http://localhost:29464 for channel [id: 0x61420693, L:/127.0.0.1:63437 - R:localhost/127.0.0.1:29464]
2023-04-27 11:41:57 DEBUG NettyConnectListener:73 ? Using new Channel '[id: 0x20ab4d39, L:/127.0.0.1:63459 - R:localhost/127.0.0.1:63441]' for 'GET' to '/json/version'
2023-04-27 11:41:57 DEBUG HttpHandler:70 ? 

Request DefaultFullHttpRequest(decodeResult: success, version: HTTP/1.1, content: EmptyByteBufBE)
GET /json/version HTTP/1.1
User-Agent: selenium/4.9.0 (java windows)
host: localhost:63441
accept: */*

Response DefaultHttpResponse(decodeResult: success, version: HTTP/1.1)
HTTP/1.1 200 OK
Content-Security-Policy: frame-ancestors 'none'
Content-Length: 424
Content-Type: application/json; charset=UTF-8

2023-04-27 11:41:57 DEBUG ChannelManager:270 ? Adding key: http://localhost:63441 for channel [id: 0x20ab4d39, L:/127.0.0.1:63459 - R:localhost/127.0.0.1:63441]
2023-04-27 11:41:57 DEBUG ThreadLocalRandom:214 ? -Dio.netty.initialSeedUniquifier: 0x18ed7c19868072bf
2023-04-27 11:41:57 DEBUG NettyConnectListener:73 ? Using new Channel '[id: 0xe98e69d4, L:/127.0.0.1:63461 - R:localhost/127.0.0.1:63441]' for 'GET' to '/devtools/browser/55091163-4a86-46fd-ad07-72dc8b56112d'
2023-04-27 11:41:57 DEBUG WebSocketHandler:105 ? 

Request DefaultFullHttpRequest(decodeResult: success, version: HTTP/1.1, content: EmptyByteBufBE)
GET /devtools/browser/55091163-4a86-46fd-ad07-72dc8b56112d HTTP/1.1
upgrade: websocket
connection: upgrade
sec-websocket-key: 4xjmM4ksOPcT70J/NAU1Zw==
sec-websocket-version: 13
origin: http://localhost:63441
host: localhost:63441
accept: */*
user-agent: AHC/2.1

Response DefaultHttpResponse(decodeResult: success, version: HTTP/1.1)
HTTP/1.1 101 WebSocket Protocol Handshake
Upgrade: WebSocket
Connection: Upgrade
Sec-WebSocket-Accept: uX7zOjSr0Da8qhhOLsiuPJ5mFHA=

2023-04-27 11:41:57 DEBUG NettyRequestSender:593 ? Using pooled Channel '[id: 0x61420693, L:/127.0.0.1:63437 - R:localhost/127.0.0.1:29464]' for 'POST' to 'http://localhost:29464/session/0b77b26bf36f7dcd4473a2dcb2aeb2bf/window/maximize'
2023-04-27 11:41:57 DEBUG NettyRequestSender:251 ? Using open Channel [id: 0x61420693, L:/127.0.0.1:63437 - R:localhost/127.0.0.1:29464] for POST '/session/0b77b26bf36f7dcd4473a2dcb2aeb2bf/window/maximize'
2023-04-27 11:41:58 DEBUG HttpHandler:70 ? 

Request DefaultHttpRequest(decodeResult: success, version: HTTP/1.1)
POST /session/0b77b26bf36f7dcd4473a2dcb2aeb2bf/window/maximize HTTP/1.1
User-Agent: selenium/4.9.0 (java windows)
Content-Length: 3
Content-Type: application/json; charset=utf-8
host: localhost:29464
accept: */*

Response DefaultHttpResponse(decodeResult: success, version: HTTP/1.1)
HTTP/1.1 200 OK
Content-Length: 52
Content-Type: application/json; charset=utf-8
cache-control: no-cache

2023-04-27 11:41:58 DEBUG ChannelManager:270 ? Adding key: http://localhost:29464 for channel [id: 0x61420693, L:/127.0.0.1:63437 - R:localhost/127.0.0.1:29464]
2023-04-27 11:41:58 DEBUG NettyRequestSender:593 ? Using pooled Channel '[id: 0x61420693, L:/127.0.0.1:63437 - R:localhost/127.0.0.1:29464]' for 'POST' to 'http://localhost:29464/session/0b77b26bf36f7dcd4473a2dcb2aeb2bf/timeouts'
2023-04-27 11:41:58 DEBUG NettyRequestSender:251 ? Using open Channel [id: 0x61420693, L:/127.0.0.1:63437 - R:localhost/127.0.0.1:29464] for POST '/session/0b77b26bf36f7dcd4473a2dcb2aeb2bf/timeouts'
2023-04-27 11:41:58 DEBUG HttpHandler:70 ? 

Request DefaultHttpRequest(decodeResult: success, version: HTTP/1.1)
POST /session/0b77b26bf36f7dcd4473a2dcb2aeb2bf/timeouts HTTP/1.1
User-Agent: selenium/4.9.0 (java windows)
Content-Length: 23
Content-Type: application/json; charset=utf-8
host: localhost:29464
accept: */*

Response DefaultHttpResponse(decodeResult: success, version: HTTP/1.1)
HTTP/1.1 200 OK
Content-Length: 14
Content-Type: application/json; charset=utf-8
cache-control: no-cache

2023-04-27 11:41:58 DEBUG ChannelManager:270 ? Adding key: http://localhost:29464 for channel [id: 0x61420693, L:/127.0.0.1:63437 - R:localhost/127.0.0.1:29464]
2023-04-27 11:41:58 DEBUG NettyRequestSender:593 ? Using pooled Channel '[id: 0x61420693, L:/127.0.0.1:63437 - R:localhost/127.0.0.1:29464]' for 'POST' to 'http://localhost:29464/session/0b77b26bf36f7dcd4473a2dcb2aeb2bf/url'
2023-04-27 11:41:58 DEBUG NettyRequestSender:251 ? Using open Channel [id: 0x61420693, L:/127.0.0.1:63437 - R:localhost/127.0.0.1:29464] for POST '/session/0b77b26bf36f7dcd4473a2dcb2aeb2bf/url'
2023-04-27 11:41:58 DEBUG DefaultChannelPool:348 ? Entry count for : http://localhost:63441 : 1
2023-04-27 11:41:59 DEBUG HttpHandler:70 ? 

Request DefaultHttpRequest(decodeResult: success, version: HTTP/1.1)
POST /session/0b77b26bf36f7dcd4473a2dcb2aeb2bf/url HTTP/1.1
User-Agent: selenium/4.9.0 (java windows)
Content-Length: 59
Content-Type: application/json; charset=utf-8
host: localhost:29464
accept: */*

Response DefaultHttpResponse(decodeResult: success, version: HTTP/1.1)
HTTP/1.1 200 OK
Content-Length: 14
Content-Type: application/json; charset=utf-8
cache-control: no-cache

2023-04-27 11:41:59 DEBUG ChannelManager:270 ? Adding key: http://localhost:29464 for channel [id: 0x61420693, L:/127.0.0.1:63437 - R:localhost/127.0.0.1:29464]
2023-04-27 11:41:59 DEBUG NettyRequestSender:593 ? Using pooled Channel '[id: 0x61420693, L:/127.0.0.1:63437 - R:localhost/127.0.0.1:29464]' for 'POST' to 'http://localhost:29464/session/0b77b26bf36f7dcd4473a2dcb2aeb2bf/element'
2023-04-27 11:41:59 DEBUG NettyRequestSender:251 ? Using open Channel [id: 0x61420693, L:/127.0.0.1:63437 - R:localhost/127.0.0.1:29464] for POST '/session/0b77b26bf36f7dcd4473a2dcb2aeb2bf/element'
2023-04-27 11:41:59 DEBUG HttpHandler:70 ? 

Request DefaultHttpRequest(decodeResult: success, version: HTTP/1.1)
POST /session/0b77b26bf36f7dcd4473a2dcb2aeb2bf/element HTTP/1.1
User-Agent: selenium/4.9.0 (java windows)
Content-Length: 69
Content-Type: application/json; charset=utf-8
host: localhost:29464
accept: */*

Response DefaultHttpResponse(decodeResult: success, version: HTTP/1.1)
HTTP/1.1 200 OK
Content-Length: 88
Content-Type: application/json; charset=utf-8
cache-control: no-cache

2023-04-27 11:41:59 DEBUG ChannelManager:270 ? Adding key: http://localhost:29464 for channel [id: 0x61420693, L:/127.0.0.1:63437 - R:localhost/127.0.0.1:29464]
2023-04-27 11:41:59 DEBUG NettyRequestSender:593 ? Using pooled Channel '[id: 0x61420693, L:/127.0.0.1:63437 - R:localhost/127.0.0.1:29464]' for 'POST' to 'http://localhost:29464/session/0b77b26bf36f7dcd4473a2dcb2aeb2bf/execute/sync'
2023-04-27 11:41:59 DEBUG NettyRequestSender:251 ? Using open Channel [id: 0x61420693, L:/127.0.0.1:63437 - R:localhost/127.0.0.1:29464] for POST '/session/0b77b26bf36f7dcd4473a2dcb2aeb2bf/execute/sync'
2023-04-27 11:41:59 DEBUG HttpHandler:70 ? 

Request DefaultHttpRequest(decodeResult: success, version: HTTP/1.1)
POST /session/0b77b26bf36f7dcd4473a2dcb2aeb2bf/execute/sync HTTP/1.1
User-Agent: selenium/4.9.0 (java windows)
Content-Length: 48807
Content-Type: application/json; charset=utf-8
host: localhost:29464
accept: */*

Response DefaultHttpResponse(decodeResult: success, version: HTTP/1.1)
HTTP/1.1 200 OK
Content-Length: 14
Content-Type: application/json; charset=utf-8
cache-control: no-cache

2023-04-27 11:41:59 DEBUG ChannelManager:270 ? Adding key: http://localhost:29464 for channel [id: 0x61420693, L:/127.0.0.1:63437 - R:localhost/127.0.0.1:29464]
2023-04-27 11:41:59 DEBUG NettyRequestSender:593 ? Using pooled Channel '[id: 0x61420693, L:/127.0.0.1:63437 - R:localhost/127.0.0.1:29464]' for 'POST' to 'http://localhost:29464/session/0b77b26bf36f7dcd4473a2dcb2aeb2bf/element'
2023-04-27 11:41:59 DEBUG NettyRequestSender:251 ? Using open Channel [id: 0x61420693, L:/127.0.0.1:63437 - R:localhost/127.0.0.1:29464] for POST '/session/0b77b26bf36f7dcd4473a2dcb2aeb2bf/element'
2023-04-27 11:41:59 DEBUG HttpHandler:70 ? 

Request DefaultHttpRequest(decodeResult: success, version: HTTP/1.1)
POST /session/0b77b26bf36f7dcd4473a2dcb2aeb2bf/element HTTP/1.1
User-Agent: selenium/4.9.0 (java windows)
Content-Length: 71
Content-Type: application/json; charset=utf-8
host: localhost:29464
accept: */*

Response DefaultHttpResponse(decodeResult: success, version: HTTP/1.1)
HTTP/1.1 200 OK
Content-Length: 88
Content-Type: application/json; charset=utf-8
cache-control: no-cache

2023-04-27 11:41:59 DEBUG ChannelManager:270 ? Adding key: http://localhost:29464 for channel [id: 0x61420693, L:/127.0.0.1:63437 - R:localhost/127.0.0.1:29464]
2023-04-27 11:41:59 DEBUG NettyRequestSender:593 ? Using pooled Channel '[id: 0x61420693, L:/127.0.0.1:63437 - R:localhost/127.0.0.1:29464]' for 'POST' to 'http://localhost:29464/session/0b77b26bf36f7dcd4473a2dcb2aeb2bf/execute/sync'
2023-04-27 11:41:59 DEBUG NettyRequestSender:251 ? Using open Channel [id: 0x61420693, L:/127.0.0.1:63437 - R:localhost/127.0.0.1:29464] for POST '/session/0b77b26bf36f7dcd4473a2dcb2aeb2bf/execute/sync'
2023-04-27 11:41:59 DEBUG HttpHandler:70 ? 

Request DefaultHttpRequest(decodeResult: success, version: HTTP/1.1)
POST /session/0b77b26bf36f7dcd4473a2dcb2aeb2bf/execute/sync HTTP/1.1
User-Agent: selenium/4.9.0 (java windows)
Content-Length: 48807
Content-Type: application/json; charset=utf-8
host: localhost:29464
accept: */*

Response DefaultHttpResponse(decodeResult: success, version: HTTP/1.1)
HTTP/1.1 200 OK
Content-Length: 14
Content-Type: application/json; charset=utf-8
cache-control: no-cache

2023-04-27 11:41:59 DEBUG ChannelManager:270 ? Adding key: http://localhost:29464 for channel [id: 0x61420693, L:/127.0.0.1:63437 - R:localhost/127.0.0.1:29464]
2023-04-27 11:41:59 DEBUG NettyRequestSender:593 ? Using pooled Channel '[id: 0x61420693, L:/127.0.0.1:63437 - R:localhost/127.0.0.1:29464]' for 'POST' to 'http://localhost:29464/session/0b77b26bf36f7dcd4473a2dcb2aeb2bf/element'
2023-04-27 11:41:59 DEBUG NettyRequestSender:251 ? Using open Channel [id: 0x61420693, L:/127.0.0.1:63437 - R:localhost/127.0.0.1:29464] for POST '/session/0b77b26bf36f7dcd4473a2dcb2aeb2bf/element'
2023-04-27 11:41:59 DEBUG HttpHandler:70 ? 

Request DefaultHttpRequest(decodeResult: success, version: HTTP/1.1)
POST /session/0b77b26bf36f7dcd4473a2dcb2aeb2bf/element HTTP/1.1
User-Agent: selenium/4.9.0 (java windows)
Content-Length: 72
Content-Type: application/json; charset=utf-8
host: localhost:29464
accept: */*

Response DefaultHttpResponse(decodeResult: success, version: HTTP/1.1)
HTTP/1.1 200 OK
Content-Length: 88
Content-Type: application/json; charset=utf-8
cache-control: no-cache

2023-04-27 11:41:59 DEBUG ChannelManager:270 ? Adding key: http://localhost:29464 for channel [id: 0x61420693, L:/127.0.0.1:63437 - R:localhost/127.0.0.1:29464]
2023-04-27 11:41:59 DEBUG NettyRequestSender:593 ? Using pooled Channel '[id: 0x61420693, L:/127.0.0.1:63437 - R:localhost/127.0.0.1:29464]' for 'POST' to 'http://localhost:29464/session/0b77b26bf36f7dcd4473a2dcb2aeb2bf/execute/sync'
2023-04-27 11:41:59 DEBUG NettyRequestSender:251 ? Using open Channel [id: 0x61420693, L:/127.0.0.1:63437 - R:localhost/127.0.0.1:29464] for POST '/session/0b77b26bf36f7dcd4473a2dcb2aeb2bf/execute/sync'
2023-04-27 11:41:59 DEBUG HttpHandler:70 ? 

Request DefaultHttpRequest(decodeResult: success, version: HTTP/1.1)
POST /session/0b77b26bf36f7dcd4473a2dcb2aeb2bf/execute/sync HTTP/1.1
User-Agent: selenium/4.9.0 (java windows)
Content-Length: 48807
Content-Type: application/json; charset=utf-8
host: localhost:29464
accept: */*

Response DefaultHttpResponse(decodeResult: success, version: HTTP/1.1)
HTTP/1.1 200 OK
Content-Length: 14
Content-Type: application/json; charset=utf-8
cache-control: no-cache

2023-04-27 11:41:59 DEBUG ChannelManager:270 ? Adding key: http://localhost:29464 for channel [id: 0x61420693, L:/127.0.0.1:63437 - R:localhost/127.0.0.1:29464]
2023-04-27 11:50:50 DEBUG InternalLoggerFactory:63 ? Using SLF4J as the default logging framework
2023-04-27 11:50:50 DEBUG ResourceLeakDetector:129 ? -Dio.netty.leakDetection.level: simple
2023-04-27 11:50:50 DEBUG ResourceLeakDetector:130 ? -Dio.netty.leakDetection.targetRecords: 4
2023-04-27 11:50:50 DEBUG ResourceLeakDetectorFactory:196 ? Loaded default ResourceLeakDetector: io.netty.util.ResourceLeakDetector@4e76dac
2023-04-27 11:50:50 DEBUG PlatformDependent0:496 ? -Dio.netty.noUnsafe: false
2023-04-27 11:50:50 DEBUG PlatformDependent0:1000 ? Java version: 19
2023-04-27 11:50:50 DEBUG PlatformDependent0:137 ? sun.misc.Unsafe.theUnsafe: available
2023-04-27 11:50:50 DEBUG PlatformDependent0:161 ? sun.misc.Unsafe.copyMemory: available
2023-04-27 11:50:50 DEBUG PlatformDependent0:193 ? sun.misc.Unsafe.storeFence: available
2023-04-27 11:50:50 DEBUG PlatformDependent0:236 ? java.nio.Buffer.address: available
2023-04-27 11:50:50 DEBUG PlatformDependent0:320 ? direct buffer constructor: unavailable: Reflective setAccessible(true) disabled
2023-04-27 11:50:50 DEBUG PlatformDependent0:385 ? java.nio.Bits.unaligned: available, true
2023-04-27 11:50:50 DEBUG PlatformDependent0:452 ? jdk.internal.misc.Unsafe.allocateUninitializedArray(int): unavailable: class io.netty.util.internal.PlatformDependent0$7 cannot access class jdk.internal.misc.Unsafe (in module java.base) because module java.base does not export jdk.internal.misc to unnamed module @68f7aae2
2023-04-27 11:50:50 DEBUG PlatformDependent0:482 ? java.nio.DirectByteBuffer.<init>(long, int): unavailable
2023-04-27 11:50:50 DEBUG PlatformDependent:1159 ? sun.misc.Unsafe: available
2023-04-27 11:50:50 DEBUG PlatformDependent:1270 ? maxDirectMemory: 5339348992 bytes (maybe)
2023-04-27 11:50:50 DEBUG PlatformDependent:1289 ? -Dio.netty.tmpdir: C:\Users\rohit\AppData\Local\Temp (java.io.tmpdir)
2023-04-27 11:50:50 DEBUG PlatformDependent:1368 ? -Dio.netty.bitMode: 64 (sun.arch.data.model)
2023-04-27 11:50:50 DEBUG PlatformDependent:1119 ? Platform: Windows
2023-04-27 11:50:50 DEBUG PlatformDependent:178 ? -Dio.netty.maxDirectMemory: -1 bytes
2023-04-27 11:50:50 DEBUG PlatformDependent:185 ? -Dio.netty.uninitializedArrayAllocationThreshold: -1
2023-04-27 11:50:50 DEBUG CleanerJava9:71 ? java.nio.ByteBuffer.cleaner(): available
2023-04-27 11:50:50 DEBUG PlatformDependent:205 ? -Dio.netty.noPreferDirect: false
2023-04-27 11:50:50 DEBUG PlatformDependent:1010 ? org.jctools-core.MpscChunkedArrayQueue: available
2023-04-27 11:50:50 DEBUG InternalThreadLocalMap:100 ? -Dio.netty.threadLocalMap.stringBuilder.initialSize: 1024
2023-04-27 11:50:50 DEBUG InternalThreadLocalMap:101 ? -Dio.netty.threadLocalMap.stringBuilder.maxSize: 4096
2023-04-27 11:50:50 DEBUG JdkSslContext:83 ? Default protocols (JDK): [TLSv1.3, TLSv1.2] 
2023-04-27 11:50:50 DEBUG JdkSslContext:84 ? Default cipher suites (JDK): [TLS_ECDHE_ECDSA_WITH_AES_256_GCM_SHA384, TLS_ECDHE_ECDSA_WITH_AES_128_GCM_SHA256, TLS_ECDHE_RSA_WITH_AES_128_GCM_SHA256, TLS_ECDHE_RSA_WITH_AES_256_GCM_SHA384, TLS_ECDHE_RSA_WITH_AES_128_CBC_SHA, TLS_ECDHE_RSA_WITH_AES_256_CBC_SHA, TLS_RSA_WITH_AES_128_GCM_SHA256, TLS_RSA_WITH_AES_128_CBC_SHA, TLS_RSA_WITH_AES_256_CBC_SHA, TLS_AES_128_GCM_SHA256, TLS_AES_256_GCM_SHA384]
2023-04-27 11:50:50 DEBUG GlobalEventExecutor:53 ? -Dio.netty.globalEventExecutor.quietPeriodSeconds: 1
2023-04-27 11:50:50 DEBUG MultithreadEventLoopGroup:44 ? -Dio.netty.eventLoopThreads: 16
2023-04-27 11:50:50 DEBUG NioEventLoop:110 ? -Dio.netty.noKeySetOptimization: false
2023-04-27 11:50:50 DEBUG NioEventLoop:111 ? -Dio.netty.selectorAutoRebuildThreshold: 512
2023-04-27 11:50:51 DEBUG PooledByteBufAllocator:157 ? -Dio.netty.allocator.numHeapArenas: 16
2023-04-27 11:50:51 DEBUG PooledByteBufAllocator:158 ? -Dio.netty.allocator.numDirectArenas: 16
2023-04-27 11:50:51 DEBUG PooledByteBufAllocator:160 ? -Dio.netty.allocator.pageSize: 8192
2023-04-27 11:50:51 DEBUG PooledByteBufAllocator:165 ? -Dio.netty.allocator.maxOrder: 9
2023-04-27 11:50:51 DEBUG PooledByteBufAllocator:169 ? -Dio.netty.allocator.chunkSize: 4194304
2023-04-27 11:50:51 DEBUG PooledByteBufAllocator:170 ? -Dio.netty.allocator.smallCacheSize: 256
2023-04-27 11:50:51 DEBUG PooledByteBufAllocator:171 ? -Dio.netty.allocator.normalCacheSize: 64
2023-04-27 11:50:51 DEBUG PooledByteBufAllocator:172 ? -Dio.netty.allocator.maxCachedBufferCapacity: 32768
2023-04-27 11:50:51 DEBUG PooledByteBufAllocator:173 ? -Dio.netty.allocator.cacheTrimInterval: 8192
2023-04-27 11:50:51 DEBUG PooledByteBufAllocator:174 ? -Dio.netty.allocator.cacheTrimIntervalMillis: 0
2023-04-27 11:50:51 DEBUG PooledByteBufAllocator:175 ? -Dio.netty.allocator.useCacheForAllThreads: false
2023-04-27 11:50:51 DEBUG PooledByteBufAllocator:176 ? -Dio.netty.allocator.maxCachedByteBuffersPerChunk: 1023
2023-04-27 11:50:51 DEBUG ByteBufUtil:88 ? -Dio.netty.allocator.type: pooled
2023-04-27 11:50:51 DEBUG ByteBufUtil:97 ? -Dio.netty.threadLocalDirectBufferSize: 0
2023-04-27 11:50:51 DEBUG ByteBufUtil:100 ? -Dio.netty.maxThreadLocalCharBufferSize: 16384
2023-04-27 11:50:51 DEBUG DefaultChannelId:79 ? -Dio.netty.processId: 31860 (auto-detected)
2023-04-27 11:50:51 DEBUG NetUtil:148 ? -Djava.net.preferIPv4Stack: false
2023-04-27 11:50:51 DEBUG NetUtil:149 ? -Djava.net.preferIPv6Addresses: false
2023-04-27 11:50:51 DEBUG NetUtilInitializations:145 ? Loopback interface: lo (Software Loopback Interface 1, 127.0.0.1)
2023-04-27 11:50:51 DEBUG NetUtil:206 ? Failed to get SOMAXCONN from sysctl and file \proc\sys\net\core\somaxconn. Default: 200
2023-04-27 11:50:51 DEBUG DefaultChannelId:101 ? -Dio.netty.machineId: 70:c9:4e:ff:fe:a9:98:9d (auto-detected)
2023-04-27 11:50:51 DEBUG AbstractByteBuf:63 ? -Dio.netty.buffer.checkAccessible: true
2023-04-27 11:50:51 DEBUG AbstractByteBuf:64 ? -Dio.netty.buffer.checkBounds: true
2023-04-27 11:50:51 DEBUG ResourceLeakDetectorFactory:196 ? Loaded default ResourceLeakDetector: io.netty.util.ResourceLeakDetector@1243e889
2023-04-27 11:50:51 DEBUG NettyConnectListener:73 ? Using new Channel '[id: 0x2aad29cd, L:/127.0.0.1:64457 - R:localhost/127.0.0.1:16627]' for 'POST' to '/session'
2023-04-27 11:50:51 DEBUG Recycler:96 ? -Dio.netty.recycler.maxCapacityPerThread: 4096
2023-04-27 11:50:51 DEBUG Recycler:97 ? -Dio.netty.recycler.ratio: 8
2023-04-27 11:50:51 DEBUG Recycler:98 ? -Dio.netty.recycler.chunkSize: 32
2023-04-27 11:50:51 DEBUG Recycler:99 ? -Dio.netty.recycler.blocking: false
2023-04-27 11:50:51 DEBUG Recycler:100 ? -Dio.netty.recycler.batchFastThreadLocalOnly: true
2023-04-27 11:50:53 DEBUG Brotli:38 ? brotli4j not in the classpath; Brotli support will be unavailable.
2023-04-27 11:50:53 DEBUG HttpHandler:70 ? 

Request DefaultHttpRequest(decodeResult: success, version: HTTP/1.1)
POST /session HTTP/1.1
User-Agent: selenium/4.9.0 (java windows)
Content-Length: 254
Content-Type: application/json; charset=utf-8
host: localhost:16627
accept: */*

Response DefaultHttpResponse(decodeResult: success, version: HTTP/1.1)
HTTP/1.1 200 OK
Content-Length: 860
Content-Type: application/json; charset=utf-8
cache-control: no-cache

2023-04-27 11:50:53 DEBUG ChannelManager:270 ? Adding key: http://localhost:16627 for channel [id: 0x2aad29cd, L:/127.0.0.1:64457 - R:localhost/127.0.0.1:16627]
2023-04-27 11:50:53 DEBUG DefaultChannelPool:348 ? Entry count for : http://localhost:16627 : 1
2023-04-27 11:50:53 DEBUG NettyConnectListener:73 ? Using new Channel '[id: 0x6c6d849c, L:/127.0.0.1:64476 - R:localhost/127.0.0.1:64461]' for 'GET' to '/json/version'
2023-04-27 11:50:53 DEBUG HttpHandler:70 ? 

Request DefaultFullHttpRequest(decodeResult: success, version: HTTP/1.1, content: EmptyByteBufBE)
GET /json/version HTTP/1.1
User-Agent: selenium/4.9.0 (java windows)
host: localhost:64461
accept: */*

Response DefaultHttpResponse(decodeResult: success, version: HTTP/1.1)
HTTP/1.1 200 OK
Content-Security-Policy: frame-ancestors 'none'
Content-Length: 424
Content-Type: application/json; charset=UTF-8

2023-04-27 11:50:53 DEBUG ChannelManager:270 ? Adding key: http://localhost:64461 for channel [id: 0x6c6d849c, L:/127.0.0.1:64476 - R:localhost/127.0.0.1:64461]
2023-04-27 11:50:53 DEBUG ThreadLocalRandom:214 ? -Dio.netty.initialSeedUniquifier: 0x649974fc79096e5f
2023-04-27 11:50:53 DEBUG NettyConnectListener:73 ? Using new Channel '[id: 0x159949b8, L:/127.0.0.1:64477 - R:localhost/127.0.0.1:64461]' for 'GET' to '/devtools/browser/d4e40409-f040-45d7-956a-2c78853b0179'
2023-04-27 11:50:53 DEBUG WebSocketHandler:105 ? 

Request DefaultFullHttpRequest(decodeResult: success, version: HTTP/1.1, content: EmptyByteBufBE)
GET /devtools/browser/d4e40409-f040-45d7-956a-2c78853b0179 HTTP/1.1
upgrade: websocket
connection: upgrade
sec-websocket-key: w74OrQkxkGZhu0ptOFTsMw==
sec-websocket-version: 13
origin: http://localhost:64461
host: localhost:64461
accept: */*
user-agent: AHC/2.1

Response DefaultHttpResponse(decodeResult: success, version: HTTP/1.1)
HTTP/1.1 101 WebSocket Protocol Handshake
Upgrade: WebSocket
Connection: Upgrade
Sec-WebSocket-Accept: YNa147DLlOyUDQtMDWfzgX7mjgo=

2023-04-27 11:50:53 DEBUG NettyRequestSender:593 ? Using pooled Channel '[id: 0x2aad29cd, L:/127.0.0.1:64457 - R:localhost/127.0.0.1:16627]' for 'POST' to 'http://localhost:16627/session/cdc6380f60e1883353adba0914f3972a/window/maximize'
2023-04-27 11:50:53 DEBUG NettyRequestSender:251 ? Using open Channel [id: 0x2aad29cd, L:/127.0.0.1:64457 - R:localhost/127.0.0.1:16627] for POST '/session/cdc6380f60e1883353adba0914f3972a/window/maximize'
2023-04-27 11:50:53 DEBUG HttpHandler:70 ? 

Request DefaultHttpRequest(decodeResult: success, version: HTTP/1.1)
POST /session/cdc6380f60e1883353adba0914f3972a/window/maximize HTTP/1.1
User-Agent: selenium/4.9.0 (java windows)
Content-Length: 3
Content-Type: application/json; charset=utf-8
host: localhost:16627
accept: */*

Response DefaultHttpResponse(decodeResult: success, version: HTTP/1.1)
HTTP/1.1 200 OK
Content-Length: 52
Content-Type: application/json; charset=utf-8
cache-control: no-cache

2023-04-27 11:50:53 DEBUG ChannelManager:270 ? Adding key: http://localhost:16627 for channel [id: 0x2aad29cd, L:/127.0.0.1:64457 - R:localhost/127.0.0.1:16627]
2023-04-27 11:50:53 DEBUG NettyRequestSender:593 ? Using pooled Channel '[id: 0x2aad29cd, L:/127.0.0.1:64457 - R:localhost/127.0.0.1:16627]' for 'POST' to 'http://localhost:16627/session/cdc6380f60e1883353adba0914f3972a/timeouts'
2023-04-27 11:50:53 DEBUG NettyRequestSender:251 ? Using open Channel [id: 0x2aad29cd, L:/127.0.0.1:64457 - R:localhost/127.0.0.1:16627] for POST '/session/cdc6380f60e1883353adba0914f3972a/timeouts'
2023-04-27 11:50:53 DEBUG HttpHandler:70 ? 

Request DefaultHttpRequest(decodeResult: success, version: HTTP/1.1)
POST /session/cdc6380f60e1883353adba0914f3972a/timeouts HTTP/1.1
User-Agent: selenium/4.9.0 (java windows)
Content-Length: 23
Content-Type: application/json; charset=utf-8
host: localhost:16627
accept: */*

Response DefaultHttpResponse(decodeResult: success, version: HTTP/1.1)
HTTP/1.1 200 OK
Content-Length: 14
Content-Type: application/json; charset=utf-8
cache-control: no-cache

2023-04-27 11:50:53 DEBUG ChannelManager:270 ? Adding key: http://localhost:16627 for channel [id: 0x2aad29cd, L:/127.0.0.1:64457 - R:localhost/127.0.0.1:16627]
2023-04-27 11:50:53 DEBUG NettyRequestSender:593 ? Using pooled Channel '[id: 0x2aad29cd, L:/127.0.0.1:64457 - R:localhost/127.0.0.1:16627]' for 'POST' to 'http://localhost:16627/session/cdc6380f60e1883353adba0914f3972a/url'
2023-04-27 11:50:53 DEBUG NettyRequestSender:251 ? Using open Channel [id: 0x2aad29cd, L:/127.0.0.1:64457 - R:localhost/127.0.0.1:16627] for POST '/session/cdc6380f60e1883353adba0914f3972a/url'
2023-04-27 11:50:54 DEBUG DefaultChannelPool:348 ? Entry count for : http://localhost:64461 : 1
2023-04-27 11:50:54 DEBUG HttpHandler:70 ? 

Request DefaultHttpRequest(decodeResult: success, version: HTTP/1.1)
POST /session/cdc6380f60e1883353adba0914f3972a/url HTTP/1.1
User-Agent: selenium/4.9.0 (java windows)
Content-Length: 59
Content-Type: application/json; charset=utf-8
host: localhost:16627
accept: */*

Response DefaultHttpResponse(decodeResult: success, version: HTTP/1.1)
HTTP/1.1 200 OK
Content-Length: 14
Content-Type: application/json; charset=utf-8
cache-control: no-cache

2023-04-27 11:50:54 DEBUG ChannelManager:270 ? Adding key: http://localhost:16627 for channel [id: 0x2aad29cd, L:/127.0.0.1:64457 - R:localhost/127.0.0.1:16627]
2023-04-27 11:50:54 DEBUG NettyRequestSender:593 ? Using pooled Channel '[id: 0x2aad29cd, L:/127.0.0.1:64457 - R:localhost/127.0.0.1:16627]' for 'POST' to 'http://localhost:16627/session/cdc6380f60e1883353adba0914f3972a/element'
2023-04-27 11:50:54 DEBUG NettyRequestSender:251 ? Using open Channel [id: 0x2aad29cd, L:/127.0.0.1:64457 - R:localhost/127.0.0.1:16627] for POST '/session/cdc6380f60e1883353adba0914f3972a/element'
2023-04-27 11:50:54 DEBUG HttpHandler:70 ? 

Request DefaultHttpRequest(decodeResult: success, version: HTTP/1.1)
POST /session/cdc6380f60e1883353adba0914f3972a/element HTTP/1.1
User-Agent: selenium/4.9.0 (java windows)
Content-Length: 69
Content-Type: application/json; charset=utf-8
host: localhost:16627
accept: */*

Response DefaultHttpResponse(decodeResult: success, version: HTTP/1.1)
HTTP/1.1 200 OK
Content-Length: 88
Content-Type: application/json; charset=utf-8
cache-control: no-cache

2023-04-27 11:50:54 DEBUG ChannelManager:270 ? Adding key: http://localhost:16627 for channel [id: 0x2aad29cd, L:/127.0.0.1:64457 - R:localhost/127.0.0.1:16627]
2023-04-27 11:50:54 DEBUG NettyRequestSender:593 ? Using pooled Channel '[id: 0x2aad29cd, L:/127.0.0.1:64457 - R:localhost/127.0.0.1:16627]' for 'POST' to 'http://localhost:16627/session/cdc6380f60e1883353adba0914f3972a/execute/sync'
2023-04-27 11:50:54 DEBUG NettyRequestSender:251 ? Using open Channel [id: 0x2aad29cd, L:/127.0.0.1:64457 - R:localhost/127.0.0.1:16627] for POST '/session/cdc6380f60e1883353adba0914f3972a/execute/sync'
2023-04-27 11:50:54 DEBUG HttpHandler:70 ? 

Request DefaultHttpRequest(decodeResult: success, version: HTTP/1.1)
POST /session/cdc6380f60e1883353adba0914f3972a/execute/sync HTTP/1.1
User-Agent: selenium/4.9.0 (java windows)
Content-Length: 48807
Content-Type: application/json; charset=utf-8
host: localhost:16627
accept: */*

Response DefaultHttpResponse(decodeResult: success, version: HTTP/1.1)
HTTP/1.1 200 OK
Content-Length: 14
Content-Type: application/json; charset=utf-8
cache-control: no-cache

2023-04-27 11:50:54 DEBUG ChannelManager:270 ? Adding key: http://localhost:16627 for channel [id: 0x2aad29cd, L:/127.0.0.1:64457 - R:localhost/127.0.0.1:16627]
2023-04-27 11:50:54 DEBUG NettyRequestSender:593 ? Using pooled Channel '[id: 0x2aad29cd, L:/127.0.0.1:64457 - R:localhost/127.0.0.1:16627]' for 'POST' to 'http://localhost:16627/session/cdc6380f60e1883353adba0914f3972a/element'
2023-04-27 11:50:54 DEBUG NettyRequestSender:251 ? Using open Channel [id: 0x2aad29cd, L:/127.0.0.1:64457 - R:localhost/127.0.0.1:16627] for POST '/session/cdc6380f60e1883353adba0914f3972a/element'
2023-04-27 11:50:54 DEBUG HttpHandler:70 ? 

Request DefaultHttpRequest(decodeResult: success, version: HTTP/1.1)
POST /session/cdc6380f60e1883353adba0914f3972a/element HTTP/1.1
User-Agent: selenium/4.9.0 (java windows)
Content-Length: 71
Content-Type: application/json; charset=utf-8
host: localhost:16627
accept: */*

Response DefaultHttpResponse(decodeResult: success, version: HTTP/1.1)
HTTP/1.1 200 OK
Content-Length: 88
Content-Type: application/json; charset=utf-8
cache-control: no-cache

2023-04-27 11:50:54 DEBUG ChannelManager:270 ? Adding key: http://localhost:16627 for channel [id: 0x2aad29cd, L:/127.0.0.1:64457 - R:localhost/127.0.0.1:16627]
2023-04-27 11:50:54 DEBUG NettyRequestSender:593 ? Using pooled Channel '[id: 0x2aad29cd, L:/127.0.0.1:64457 - R:localhost/127.0.0.1:16627]' for 'POST' to 'http://localhost:16627/session/cdc6380f60e1883353adba0914f3972a/execute/sync'
2023-04-27 11:50:54 DEBUG NettyRequestSender:251 ? Using open Channel [id: 0x2aad29cd, L:/127.0.0.1:64457 - R:localhost/127.0.0.1:16627] for POST '/session/cdc6380f60e1883353adba0914f3972a/execute/sync'
2023-04-27 11:50:54 DEBUG HttpHandler:70 ? 

Request DefaultHttpRequest(decodeResult: success, version: HTTP/1.1)
POST /session/cdc6380f60e1883353adba0914f3972a/execute/sync HTTP/1.1
User-Agent: selenium/4.9.0 (java windows)
Content-Length: 48807
Content-Type: application/json; charset=utf-8
host: localhost:16627
accept: */*

Response DefaultHttpResponse(decodeResult: success, version: HTTP/1.1)
HTTP/1.1 200 OK
Content-Length: 14
Content-Type: application/json; charset=utf-8
cache-control: no-cache

2023-04-27 11:50:54 DEBUG ChannelManager:270 ? Adding key: http://localhost:16627 for channel [id: 0x2aad29cd, L:/127.0.0.1:64457 - R:localhost/127.0.0.1:16627]
2023-04-27 11:50:54 DEBUG NettyRequestSender:593 ? Using pooled Channel '[id: 0x2aad29cd, L:/127.0.0.1:64457 - R:localhost/127.0.0.1:16627]' for 'POST' to 'http://localhost:16627/session/cdc6380f60e1883353adba0914f3972a/element'
2023-04-27 11:50:54 DEBUG NettyRequestSender:251 ? Using open Channel [id: 0x2aad29cd, L:/127.0.0.1:64457 - R:localhost/127.0.0.1:16627] for POST '/session/cdc6380f60e1883353adba0914f3972a/element'
2023-04-27 11:50:54 DEBUG HttpHandler:70 ? 

Request DefaultHttpRequest(decodeResult: success, version: HTTP/1.1)
POST /session/cdc6380f60e1883353adba0914f3972a/element HTTP/1.1
User-Agent: selenium/4.9.0 (java windows)
Content-Length: 72
Content-Type: application/json; charset=utf-8
host: localhost:16627
accept: */*

Response DefaultHttpResponse(decodeResult: success, version: HTTP/1.1)
HTTP/1.1 200 OK
Content-Length: 88
Content-Type: application/json; charset=utf-8
cache-control: no-cache

2023-04-27 11:50:54 DEBUG ChannelManager:270 ? Adding key: http://localhost:16627 for channel [id: 0x2aad29cd, L:/127.0.0.1:64457 - R:localhost/127.0.0.1:16627]
2023-04-27 11:50:54 DEBUG NettyRequestSender:593 ? Using pooled Channel '[id: 0x2aad29cd, L:/127.0.0.1:64457 - R:localhost/127.0.0.1:16627]' for 'POST' to 'http://localhost:16627/session/cdc6380f60e1883353adba0914f3972a/execute/sync'
2023-04-27 11:50:54 DEBUG NettyRequestSender:251 ? Using open Channel [id: 0x2aad29cd, L:/127.0.0.1:64457 - R:localhost/127.0.0.1:16627] for POST '/session/cdc6380f60e1883353adba0914f3972a/execute/sync'
2023-04-27 11:50:54 DEBUG HttpHandler:70 ? 

Request DefaultHttpRequest(decodeResult: success, version: HTTP/1.1)
POST /session/cdc6380f60e1883353adba0914f3972a/execute/sync HTTP/1.1
User-Agent: selenium/4.9.0 (java windows)
Content-Length: 48807
Content-Type: application/json; charset=utf-8
host: localhost:16627
accept: */*

Response DefaultHttpResponse(decodeResult: success, version: HTTP/1.1)
HTTP/1.1 200 OK
Content-Length: 14
Content-Type: application/json; charset=utf-8
cache-control: no-cache

2023-04-27 11:50:54 DEBUG ChannelManager:270 ? Adding key: http://localhost:16627 for channel [id: 0x2aad29cd, L:/127.0.0.1:64457 - R:localhost/127.0.0.1:16627]
2023-04-27 11:51:25 DEBUG InternalLoggerFactory:63 ? Using SLF4J as the default logging framework
2023-04-27 11:51:25 DEBUG ResourceLeakDetector:129 ? -Dio.netty.leakDetection.level: simple
2023-04-27 11:51:25 DEBUG ResourceLeakDetector:130 ? -Dio.netty.leakDetection.targetRecords: 4
2023-04-27 11:51:25 DEBUG ResourceLeakDetectorFactory:196 ? Loaded default ResourceLeakDetector: io.netty.util.ResourceLeakDetector@4e76dac
2023-04-27 11:51:25 DEBUG PlatformDependent0:496 ? -Dio.netty.noUnsafe: false
2023-04-27 11:51:25 DEBUG PlatformDependent0:1000 ? Java version: 19
2023-04-27 11:51:25 DEBUG PlatformDependent0:137 ? sun.misc.Unsafe.theUnsafe: available
2023-04-27 11:51:25 DEBUG PlatformDependent0:161 ? sun.misc.Unsafe.copyMemory: available
2023-04-27 11:51:25 DEBUG PlatformDependent0:193 ? sun.misc.Unsafe.storeFence: available
2023-04-27 11:51:25 DEBUG PlatformDependent0:236 ? java.nio.Buffer.address: available
2023-04-27 11:51:25 DEBUG PlatformDependent0:320 ? direct buffer constructor: unavailable: Reflective setAccessible(true) disabled
2023-04-27 11:51:25 DEBUG PlatformDependent0:385 ? java.nio.Bits.unaligned: available, true
2023-04-27 11:51:25 DEBUG PlatformDependent0:452 ? jdk.internal.misc.Unsafe.allocateUninitializedArray(int): unavailable: class io.netty.util.internal.PlatformDependent0$7 cannot access class jdk.internal.misc.Unsafe (in module java.base) because module java.base does not export jdk.internal.misc to unnamed module @68f7aae2
2023-04-27 11:51:25 DEBUG PlatformDependent0:482 ? java.nio.DirectByteBuffer.<init>(long, int): unavailable
2023-04-27 11:51:25 DEBUG PlatformDependent:1159 ? sun.misc.Unsafe: available
2023-04-27 11:51:25 DEBUG PlatformDependent:1270 ? maxDirectMemory: 5339348992 bytes (maybe)
2023-04-27 11:51:25 DEBUG PlatformDependent:1289 ? -Dio.netty.tmpdir: C:\Users\rohit\AppData\Local\Temp (java.io.tmpdir)
2023-04-27 11:51:25 DEBUG PlatformDependent:1368 ? -Dio.netty.bitMode: 64 (sun.arch.data.model)
2023-04-27 11:51:25 DEBUG PlatformDependent:1119 ? Platform: Windows
2023-04-27 11:51:25 DEBUG PlatformDependent:178 ? -Dio.netty.maxDirectMemory: -1 bytes
2023-04-27 11:51:25 DEBUG PlatformDependent:185 ? -Dio.netty.uninitializedArrayAllocationThreshold: -1
2023-04-27 11:51:25 DEBUG CleanerJava9:71 ? java.nio.ByteBuffer.cleaner(): available
2023-04-27 11:51:25 DEBUG PlatformDependent:205 ? -Dio.netty.noPreferDirect: false
2023-04-27 11:51:25 DEBUG PlatformDependent:1010 ? org.jctools-core.MpscChunkedArrayQueue: available
2023-04-27 11:51:25 DEBUG InternalThreadLocalMap:100 ? -Dio.netty.threadLocalMap.stringBuilder.initialSize: 1024
2023-04-27 11:51:25 DEBUG InternalThreadLocalMap:101 ? -Dio.netty.threadLocalMap.stringBuilder.maxSize: 4096
2023-04-27 11:51:25 DEBUG JdkSslContext:83 ? Default protocols (JDK): [TLSv1.3, TLSv1.2] 
2023-04-27 11:51:25 DEBUG JdkSslContext:84 ? Default cipher suites (JDK): [TLS_ECDHE_ECDSA_WITH_AES_256_GCM_SHA384, TLS_ECDHE_ECDSA_WITH_AES_128_GCM_SHA256, TLS_ECDHE_RSA_WITH_AES_128_GCM_SHA256, TLS_ECDHE_RSA_WITH_AES_256_GCM_SHA384, TLS_ECDHE_RSA_WITH_AES_128_CBC_SHA, TLS_ECDHE_RSA_WITH_AES_256_CBC_SHA, TLS_RSA_WITH_AES_128_GCM_SHA256, TLS_RSA_WITH_AES_128_CBC_SHA, TLS_RSA_WITH_AES_256_CBC_SHA, TLS_AES_128_GCM_SHA256, TLS_AES_256_GCM_SHA384]
2023-04-27 11:51:25 DEBUG GlobalEventExecutor:53 ? -Dio.netty.globalEventExecutor.quietPeriodSeconds: 1
2023-04-27 11:51:25 DEBUG MultithreadEventLoopGroup:44 ? -Dio.netty.eventLoopThreads: 16
2023-04-27 11:51:25 DEBUG NioEventLoop:110 ? -Dio.netty.noKeySetOptimization: false
2023-04-27 11:51:25 DEBUG NioEventLoop:111 ? -Dio.netty.selectorAutoRebuildThreshold: 512
2023-04-27 11:51:25 DEBUG PooledByteBufAllocator:157 ? -Dio.netty.allocator.numHeapArenas: 16
2023-04-27 11:51:25 DEBUG PooledByteBufAllocator:158 ? -Dio.netty.allocator.numDirectArenas: 16
2023-04-27 11:51:25 DEBUG PooledByteBufAllocator:160 ? -Dio.netty.allocator.pageSize: 8192
2023-04-27 11:51:25 DEBUG PooledByteBufAllocator:165 ? -Dio.netty.allocator.maxOrder: 9
2023-04-27 11:51:25 DEBUG PooledByteBufAllocator:169 ? -Dio.netty.allocator.chunkSize: 4194304
2023-04-27 11:51:25 DEBUG PooledByteBufAllocator:170 ? -Dio.netty.allocator.smallCacheSize: 256
2023-04-27 11:51:25 DEBUG PooledByteBufAllocator:171 ? -Dio.netty.allocator.normalCacheSize: 64
2023-04-27 11:51:25 DEBUG PooledByteBufAllocator:172 ? -Dio.netty.allocator.maxCachedBufferCapacity: 32768
2023-04-27 11:51:25 DEBUG PooledByteBufAllocator:173 ? -Dio.netty.allocator.cacheTrimInterval: 8192
2023-04-27 11:51:25 DEBUG PooledByteBufAllocator:174 ? -Dio.netty.allocator.cacheTrimIntervalMillis: 0
2023-04-27 11:51:25 DEBUG PooledByteBufAllocator:175 ? -Dio.netty.allocator.useCacheForAllThreads: false
2023-04-27 11:51:25 DEBUG PooledByteBufAllocator:176 ? -Dio.netty.allocator.maxCachedByteBuffersPerChunk: 1023
2023-04-27 11:51:25 DEBUG ByteBufUtil:88 ? -Dio.netty.allocator.type: pooled
2023-04-27 11:51:25 DEBUG ByteBufUtil:97 ? -Dio.netty.threadLocalDirectBufferSize: 0
2023-04-27 11:51:25 DEBUG ByteBufUtil:100 ? -Dio.netty.maxThreadLocalCharBufferSize: 16384
2023-04-27 11:51:26 DEBUG DefaultChannelId:79 ? -Dio.netty.processId: 2780 (auto-detected)
2023-04-27 11:51:26 DEBUG NetUtil:148 ? -Djava.net.preferIPv4Stack: false
2023-04-27 11:51:26 DEBUG NetUtil:149 ? -Djava.net.preferIPv6Addresses: false
2023-04-27 11:51:26 DEBUG NetUtilInitializations:145 ? Loopback interface: lo (Software Loopback Interface 1, 127.0.0.1)
2023-04-27 11:51:26 DEBUG NetUtil:206 ? Failed to get SOMAXCONN from sysctl and file \proc\sys\net\core\somaxconn. Default: 200
2023-04-27 11:51:26 DEBUG DefaultChannelId:101 ? -Dio.netty.machineId: 70:c9:4e:ff:fe:a9:98:9d (auto-detected)
2023-04-27 11:51:26 DEBUG AbstractByteBuf:63 ? -Dio.netty.buffer.checkAccessible: true
2023-04-27 11:51:26 DEBUG AbstractByteBuf:64 ? -Dio.netty.buffer.checkBounds: true
2023-04-27 11:51:26 DEBUG ResourceLeakDetectorFactory:196 ? Loaded default ResourceLeakDetector: io.netty.util.ResourceLeakDetector@2fa95f89
2023-04-27 11:51:26 DEBUG NettyConnectListener:73 ? Using new Channel '[id: 0xcbbf45a2, L:/127.0.0.1:64578 - R:localhost/127.0.0.1:44754]' for 'POST' to '/session'
2023-04-27 11:51:26 DEBUG Recycler:96 ? -Dio.netty.recycler.maxCapacityPerThread: 4096
2023-04-27 11:51:26 DEBUG Recycler:97 ? -Dio.netty.recycler.ratio: 8
2023-04-27 11:51:26 DEBUG Recycler:98 ? -Dio.netty.recycler.chunkSize: 32
2023-04-27 11:51:26 DEBUG Recycler:99 ? -Dio.netty.recycler.blocking: false
2023-04-27 11:51:26 DEBUG Recycler:100 ? -Dio.netty.recycler.batchFastThreadLocalOnly: true
2023-04-27 11:51:27 DEBUG Brotli:38 ? brotli4j not in the classpath; Brotli support will be unavailable.
2023-04-27 11:51:27 DEBUG HttpHandler:70 ? 

Request DefaultHttpRequest(decodeResult: success, version: HTTP/1.1)
POST /session HTTP/1.1
User-Agent: selenium/4.9.0 (java windows)
Content-Length: 254
Content-Type: application/json; charset=utf-8
host: localhost:44754
accept: */*

Response DefaultHttpResponse(decodeResult: success, version: HTTP/1.1)
HTTP/1.1 200 OK
Content-Length: 860
Content-Type: application/json; charset=utf-8
cache-control: no-cache

2023-04-27 11:51:27 DEBUG ChannelManager:270 ? Adding key: http://localhost:44754 for channel [id: 0xcbbf45a2, L:/127.0.0.1:64578 - R:localhost/127.0.0.1:44754]
2023-04-27 11:51:27 DEBUG DefaultChannelPool:348 ? Entry count for : http://localhost:44754 : 1
2023-04-27 11:51:27 DEBUG NettyConnectListener:73 ? Using new Channel '[id: 0xb7328b8e, L:/127.0.0.1:64601 - R:localhost/127.0.0.1:64581]' for 'GET' to '/json/version'
2023-04-27 11:51:27 DEBUG HttpHandler:70 ? 

Request DefaultFullHttpRequest(decodeResult: success, version: HTTP/1.1, content: EmptyByteBufBE)
GET /json/version HTTP/1.1
User-Agent: selenium/4.9.0 (java windows)
host: localhost:64581
accept: */*

Response DefaultHttpResponse(decodeResult: success, version: HTTP/1.1)
HTTP/1.1 200 OK
Content-Security-Policy: frame-ancestors 'none'
Content-Length: 424
Content-Type: application/json; charset=UTF-8

2023-04-27 11:51:28 DEBUG ChannelManager:270 ? Adding key: http://localhost:64581 for channel [id: 0xb7328b8e, L:/127.0.0.1:64601 - R:localhost/127.0.0.1:64581]
2023-04-27 11:51:28 DEBUG ThreadLocalRandom:214 ? -Dio.netty.initialSeedUniquifier: 0x58810cdca89a9a29
2023-04-27 11:51:28 DEBUG NettyConnectListener:73 ? Using new Channel '[id: 0x4e70866f, L:/127.0.0.1:64603 - R:localhost/127.0.0.1:64581]' for 'GET' to '/devtools/browser/540a4b97-b7f1-419a-8c91-e36d0b0e7c9f'
2023-04-27 11:51:28 DEBUG WebSocketHandler:105 ? 

Request DefaultFullHttpRequest(decodeResult: success, version: HTTP/1.1, content: EmptyByteBufBE)
GET /devtools/browser/540a4b97-b7f1-419a-8c91-e36d0b0e7c9f HTTP/1.1
upgrade: websocket
connection: upgrade
sec-websocket-key: ERa9oSsxfYQUc37fKBeSVw==
sec-websocket-version: 13
origin: http://localhost:64581
host: localhost:64581
accept: */*
user-agent: AHC/2.1

Response DefaultHttpResponse(decodeResult: success, version: HTTP/1.1)
HTTP/1.1 101 WebSocket Protocol Handshake
Upgrade: WebSocket
Connection: Upgrade
Sec-WebSocket-Accept: 9FhtH3DCk8zN50HW64+kOYZGpkY=

2023-04-27 11:51:28 DEBUG NettyRequestSender:593 ? Using pooled Channel '[id: 0xcbbf45a2, L:/127.0.0.1:64578 - R:localhost/127.0.0.1:44754]' for 'POST' to 'http://localhost:44754/session/59ed29367b6b77bdde6d0dbd6763b6d8/window/maximize'
2023-04-27 11:51:28 DEBUG NettyRequestSender:251 ? Using open Channel [id: 0xcbbf45a2, L:/127.0.0.1:64578 - R:localhost/127.0.0.1:44754] for POST '/session/59ed29367b6b77bdde6d0dbd6763b6d8/window/maximize'
2023-04-27 11:51:28 DEBUG HttpHandler:70 ? 

Request DefaultHttpRequest(decodeResult: success, version: HTTP/1.1)
POST /session/59ed29367b6b77bdde6d0dbd6763b6d8/window/maximize HTTP/1.1
User-Agent: selenium/4.9.0 (java windows)
Content-Length: 3
Content-Type: application/json; charset=utf-8
host: localhost:44754
accept: */*

Response DefaultHttpResponse(decodeResult: success, version: HTTP/1.1)
HTTP/1.1 200 OK
Content-Length: 52
Content-Type: application/json; charset=utf-8
cache-control: no-cache

2023-04-27 11:51:28 DEBUG ChannelManager:270 ? Adding key: http://localhost:44754 for channel [id: 0xcbbf45a2, L:/127.0.0.1:64578 - R:localhost/127.0.0.1:44754]
2023-04-27 11:51:28 DEBUG NettyRequestSender:593 ? Using pooled Channel '[id: 0xcbbf45a2, L:/127.0.0.1:64578 - R:localhost/127.0.0.1:44754]' for 'POST' to 'http://localhost:44754/session/59ed29367b6b77bdde6d0dbd6763b6d8/timeouts'
2023-04-27 11:51:28 DEBUG NettyRequestSender:251 ? Using open Channel [id: 0xcbbf45a2, L:/127.0.0.1:64578 - R:localhost/127.0.0.1:44754] for POST '/session/59ed29367b6b77bdde6d0dbd6763b6d8/timeouts'
2023-04-27 11:51:28 DEBUG HttpHandler:70 ? 

Request DefaultHttpRequest(decodeResult: success, version: HTTP/1.1)
POST /session/59ed29367b6b77bdde6d0dbd6763b6d8/timeouts HTTP/1.1
User-Agent: selenium/4.9.0 (java windows)
Content-Length: 23
Content-Type: application/json; charset=utf-8
host: localhost:44754
accept: */*

Response DefaultHttpResponse(decodeResult: success, version: HTTP/1.1)
HTTP/1.1 200 OK
Content-Length: 14
Content-Type: application/json; charset=utf-8
cache-control: no-cache

2023-04-27 11:51:28 DEBUG ChannelManager:270 ? Adding key: http://localhost:44754 for channel [id: 0xcbbf45a2, L:/127.0.0.1:64578 - R:localhost/127.0.0.1:44754]
2023-04-27 11:51:28 DEBUG NettyRequestSender:593 ? Using pooled Channel '[id: 0xcbbf45a2, L:/127.0.0.1:64578 - R:localhost/127.0.0.1:44754]' for 'POST' to 'http://localhost:44754/session/59ed29367b6b77bdde6d0dbd6763b6d8/url'
2023-04-27 11:51:28 DEBUG NettyRequestSender:251 ? Using open Channel [id: 0xcbbf45a2, L:/127.0.0.1:64578 - R:localhost/127.0.0.1:44754] for POST '/session/59ed29367b6b77bdde6d0dbd6763b6d8/url'
2023-04-27 11:51:29 DEBUG HttpHandler:70 ? 

Request DefaultHttpRequest(decodeResult: success, version: HTTP/1.1)
POST /session/59ed29367b6b77bdde6d0dbd6763b6d8/url HTTP/1.1
User-Agent: selenium/4.9.0 (java windows)
Content-Length: 59
Content-Type: application/json; charset=utf-8
host: localhost:44754
accept: */*

Response DefaultHttpResponse(decodeResult: success, version: HTTP/1.1)
HTTP/1.1 200 OK
Content-Length: 14
Content-Type: application/json; charset=utf-8
cache-control: no-cache

2023-04-27 11:51:29 DEBUG ChannelManager:270 ? Adding key: http://localhost:44754 for channel [id: 0xcbbf45a2, L:/127.0.0.1:64578 - R:localhost/127.0.0.1:44754]
2023-04-27 11:51:29 DEBUG DefaultChannelPool:348 ? Entry count for : http://localhost:64581 : 1
2023-04-27 11:51:29 DEBUG NettyRequestSender:593 ? Using pooled Channel '[id: 0xcbbf45a2, L:/127.0.0.1:64578 - R:localhost/127.0.0.1:44754]' for 'POST' to 'http://localhost:44754/session/59ed29367b6b77bdde6d0dbd6763b6d8/element'
2023-04-27 11:51:29 DEBUG NettyRequestSender:251 ? Using open Channel [id: 0xcbbf45a2, L:/127.0.0.1:64578 - R:localhost/127.0.0.1:44754] for POST '/session/59ed29367b6b77bdde6d0dbd6763b6d8/element'
2023-04-27 11:51:29 DEBUG HttpHandler:70 ? 

Request DefaultHttpRequest(decodeResult: success, version: HTTP/1.1)
POST /session/59ed29367b6b77bdde6d0dbd6763b6d8/element HTTP/1.1
User-Agent: selenium/4.9.0 (java windows)
Content-Length: 69
Content-Type: application/json; charset=utf-8
host: localhost:44754
accept: */*

Response DefaultHttpResponse(decodeResult: success, version: HTTP/1.1)
HTTP/1.1 200 OK
Content-Length: 88
Content-Type: application/json; charset=utf-8
cache-control: no-cache

2023-04-27 11:51:29 DEBUG ChannelManager:270 ? Adding key: http://localhost:44754 for channel [id: 0xcbbf45a2, L:/127.0.0.1:64578 - R:localhost/127.0.0.1:44754]
2023-04-27 11:51:29 DEBUG NettyRequestSender:593 ? Using pooled Channel '[id: 0xcbbf45a2, L:/127.0.0.1:64578 - R:localhost/127.0.0.1:44754]' for 'POST' to 'http://localhost:44754/session/59ed29367b6b77bdde6d0dbd6763b6d8/execute/sync'
2023-04-27 11:51:29 DEBUG NettyRequestSender:251 ? Using open Channel [id: 0xcbbf45a2, L:/127.0.0.1:64578 - R:localhost/127.0.0.1:44754] for POST '/session/59ed29367b6b77bdde6d0dbd6763b6d8/execute/sync'
2023-04-27 11:51:29 DEBUG HttpHandler:70 ? 

Request DefaultHttpRequest(decodeResult: success, version: HTTP/1.1)
POST /session/59ed29367b6b77bdde6d0dbd6763b6d8/execute/sync HTTP/1.1
User-Agent: selenium/4.9.0 (java windows)
Content-Length: 48807
Content-Type: application/json; charset=utf-8
host: localhost:44754
accept: */*

Response DefaultHttpResponse(decodeResult: success, version: HTTP/1.1)
HTTP/1.1 200 OK
Content-Length: 14
Content-Type: application/json; charset=utf-8
cache-control: no-cache

2023-04-27 11:51:29 DEBUG ChannelManager:270 ? Adding key: http://localhost:44754 for channel [id: 0xcbbf45a2, L:/127.0.0.1:64578 - R:localhost/127.0.0.1:44754]
2023-04-27 11:51:29 DEBUG NettyRequestSender:593 ? Using pooled Channel '[id: 0xcbbf45a2, L:/127.0.0.1:64578 - R:localhost/127.0.0.1:44754]' for 'POST' to 'http://localhost:44754/session/59ed29367b6b77bdde6d0dbd6763b6d8/element'
2023-04-27 11:51:29 DEBUG NettyRequestSender:251 ? Using open Channel [id: 0xcbbf45a2, L:/127.0.0.1:64578 - R:localhost/127.0.0.1:44754] for POST '/session/59ed29367b6b77bdde6d0dbd6763b6d8/element'
2023-04-27 11:51:29 DEBUG HttpHandler:70 ? 

Request DefaultHttpRequest(decodeResult: success, version: HTTP/1.1)
POST /session/59ed29367b6b77bdde6d0dbd6763b6d8/element HTTP/1.1
User-Agent: selenium/4.9.0 (java windows)
Content-Length: 71
Content-Type: application/json; charset=utf-8
host: localhost:44754
accept: */*

Response DefaultHttpResponse(decodeResult: success, version: HTTP/1.1)
HTTP/1.1 200 OK
Content-Length: 88
Content-Type: application/json; charset=utf-8
cache-control: no-cache

2023-04-27 11:51:29 DEBUG ChannelManager:270 ? Adding key: http://localhost:44754 for channel [id: 0xcbbf45a2, L:/127.0.0.1:64578 - R:localhost/127.0.0.1:44754]
2023-04-27 11:51:29 DEBUG NettyRequestSender:593 ? Using pooled Channel '[id: 0xcbbf45a2, L:/127.0.0.1:64578 - R:localhost/127.0.0.1:44754]' for 'POST' to 'http://localhost:44754/session/59ed29367b6b77bdde6d0dbd6763b6d8/execute/sync'
2023-04-27 11:51:29 DEBUG NettyRequestSender:251 ? Using open Channel [id: 0xcbbf45a2, L:/127.0.0.1:64578 - R:localhost/127.0.0.1:44754] for POST '/session/59ed29367b6b77bdde6d0dbd6763b6d8/execute/sync'
2023-04-27 11:51:29 DEBUG HttpHandler:70 ? 

Request DefaultHttpRequest(decodeResult: success, version: HTTP/1.1)
POST /session/59ed29367b6b77bdde6d0dbd6763b6d8/execute/sync HTTP/1.1
User-Agent: selenium/4.9.0 (java windows)
Content-Length: 48807
Content-Type: application/json; charset=utf-8
host: localhost:44754
accept: */*

Response DefaultHttpResponse(decodeResult: success, version: HTTP/1.1)
HTTP/1.1 200 OK
Content-Length: 14
Content-Type: application/json; charset=utf-8
cache-control: no-cache

2023-04-27 11:51:29 DEBUG ChannelManager:270 ? Adding key: http://localhost:44754 for channel [id: 0xcbbf45a2, L:/127.0.0.1:64578 - R:localhost/127.0.0.1:44754]
2023-04-27 11:51:29 DEBUG NettyRequestSender:593 ? Using pooled Channel '[id: 0xcbbf45a2, L:/127.0.0.1:64578 - R:localhost/127.0.0.1:44754]' for 'POST' to 'http://localhost:44754/session/59ed29367b6b77bdde6d0dbd6763b6d8/element'
2023-04-27 11:51:29 DEBUG NettyRequestSender:251 ? Using open Channel [id: 0xcbbf45a2, L:/127.0.0.1:64578 - R:localhost/127.0.0.1:44754] for POST '/session/59ed29367b6b77bdde6d0dbd6763b6d8/element'
2023-04-27 11:51:29 DEBUG HttpHandler:70 ? 

Request DefaultHttpRequest(decodeResult: success, version: HTTP/1.1)
POST /session/59ed29367b6b77bdde6d0dbd6763b6d8/element HTTP/1.1
User-Agent: selenium/4.9.0 (java windows)
Content-Length: 72
Content-Type: application/json; charset=utf-8
host: localhost:44754
accept: */*

Response DefaultHttpResponse(decodeResult: success, version: HTTP/1.1)
HTTP/1.1 200 OK
Content-Length: 88
Content-Type: application/json; charset=utf-8
cache-control: no-cache

2023-04-27 11:51:29 DEBUG ChannelManager:270 ? Adding key: http://localhost:44754 for channel [id: 0xcbbf45a2, L:/127.0.0.1:64578 - R:localhost/127.0.0.1:44754]
2023-04-27 11:51:29 DEBUG NettyRequestSender:593 ? Using pooled Channel '[id: 0xcbbf45a2, L:/127.0.0.1:64578 - R:localhost/127.0.0.1:44754]' for 'POST' to 'http://localhost:44754/session/59ed29367b6b77bdde6d0dbd6763b6d8/execute/sync'
2023-04-27 11:51:29 DEBUG NettyRequestSender:251 ? Using open Channel [id: 0xcbbf45a2, L:/127.0.0.1:64578 - R:localhost/127.0.0.1:44754] for POST '/session/59ed29367b6b77bdde6d0dbd6763b6d8/execute/sync'
2023-04-27 11:51:29 DEBUG HttpHandler:70 ? 

Request DefaultHttpRequest(decodeResult: success, version: HTTP/1.1)
POST /session/59ed29367b6b77bdde6d0dbd6763b6d8/execute/sync HTTP/1.1
User-Agent: selenium/4.9.0 (java windows)
Content-Length: 48807
Content-Type: application/json; charset=utf-8
host: localhost:44754
accept: */*

Response DefaultHttpResponse(decodeResult: success, version: HTTP/1.1)
HTTP/1.1 200 OK
Content-Length: 14
Content-Type: application/json; charset=utf-8
cache-control: no-cache

2023-04-27 11:51:29 DEBUG ChannelManager:270 ? Adding key: http://localhost:44754 for channel [id: 0xcbbf45a2, L:/127.0.0.1:64578 - R:localhost/127.0.0.1:44754]
2023-04-27 11:53:21 DEBUG InternalLoggerFactory:63 ? Using SLF4J as the default logging framework
2023-04-27 11:53:21 DEBUG ResourceLeakDetector:129 ? -Dio.netty.leakDetection.level: simple
2023-04-27 11:53:21 DEBUG ResourceLeakDetector:130 ? -Dio.netty.leakDetection.targetRecords: 4
2023-04-27 11:53:21 DEBUG ResourceLeakDetectorFactory:196 ? Loaded default ResourceLeakDetector: io.netty.util.ResourceLeakDetector@5f2f577
2023-04-27 11:53:21 DEBUG PlatformDependent0:496 ? -Dio.netty.noUnsafe: false
2023-04-27 11:53:21 DEBUG PlatformDependent0:1000 ? Java version: 19
2023-04-27 11:53:21 DEBUG PlatformDependent0:137 ? sun.misc.Unsafe.theUnsafe: available
2023-04-27 11:53:21 DEBUG PlatformDependent0:161 ? sun.misc.Unsafe.copyMemory: available
2023-04-27 11:53:21 DEBUG PlatformDependent0:193 ? sun.misc.Unsafe.storeFence: available
2023-04-27 11:53:21 DEBUG PlatformDependent0:236 ? java.nio.Buffer.address: available
2023-04-27 11:53:21 DEBUG PlatformDependent0:320 ? direct buffer constructor: unavailable: Reflective setAccessible(true) disabled
2023-04-27 11:53:21 DEBUG PlatformDependent0:385 ? java.nio.Bits.unaligned: available, true
2023-04-27 11:53:21 DEBUG PlatformDependent0:452 ? jdk.internal.misc.Unsafe.allocateUninitializedArray(int): unavailable: class io.netty.util.internal.PlatformDependent0$7 cannot access class jdk.internal.misc.Unsafe (in module java.base) because module java.base does not export jdk.internal.misc to unnamed module @68f7aae2
2023-04-27 11:53:21 DEBUG PlatformDependent0:482 ? java.nio.DirectByteBuffer.<init>(long, int): unavailable
2023-04-27 11:53:21 DEBUG PlatformDependent:1159 ? sun.misc.Unsafe: available
2023-04-27 11:53:21 DEBUG PlatformDependent:1270 ? maxDirectMemory: 5339348992 bytes (maybe)
2023-04-27 11:53:21 DEBUG PlatformDependent:1289 ? -Dio.netty.tmpdir: C:\Users\rohit\AppData\Local\Temp (java.io.tmpdir)
2023-04-27 11:53:21 DEBUG PlatformDependent:1368 ? -Dio.netty.bitMode: 64 (sun.arch.data.model)
2023-04-27 11:53:21 DEBUG PlatformDependent:1119 ? Platform: Windows
2023-04-27 11:53:21 DEBUG PlatformDependent:178 ? -Dio.netty.maxDirectMemory: -1 bytes
2023-04-27 11:53:21 DEBUG PlatformDependent:185 ? -Dio.netty.uninitializedArrayAllocationThreshold: -1
2023-04-27 11:53:21 DEBUG CleanerJava9:71 ? java.nio.ByteBuffer.cleaner(): available
2023-04-27 11:53:21 DEBUG PlatformDependent:205 ? -Dio.netty.noPreferDirect: false
2023-04-27 11:53:21 DEBUG PlatformDependent:1010 ? org.jctools-core.MpscChunkedArrayQueue: available
2023-04-27 11:53:21 DEBUG InternalThreadLocalMap:100 ? -Dio.netty.threadLocalMap.stringBuilder.initialSize: 1024
2023-04-27 11:53:21 DEBUG InternalThreadLocalMap:101 ? -Dio.netty.threadLocalMap.stringBuilder.maxSize: 4096
2023-04-27 11:53:21 DEBUG JdkSslContext:83 ? Default protocols (JDK): [TLSv1.3, TLSv1.2] 
2023-04-27 11:53:21 DEBUG JdkSslContext:84 ? Default cipher suites (JDK): [TLS_ECDHE_ECDSA_WITH_AES_256_GCM_SHA384, TLS_ECDHE_ECDSA_WITH_AES_128_GCM_SHA256, TLS_ECDHE_RSA_WITH_AES_128_GCM_SHA256, TLS_ECDHE_RSA_WITH_AES_256_GCM_SHA384, TLS_ECDHE_RSA_WITH_AES_128_CBC_SHA, TLS_ECDHE_RSA_WITH_AES_256_CBC_SHA, TLS_RSA_WITH_AES_128_GCM_SHA256, TLS_RSA_WITH_AES_128_CBC_SHA, TLS_RSA_WITH_AES_256_CBC_SHA, TLS_AES_128_GCM_SHA256, TLS_AES_256_GCM_SHA384]
2023-04-27 11:53:21 DEBUG GlobalEventExecutor:53 ? -Dio.netty.globalEventExecutor.quietPeriodSeconds: 1
2023-04-27 11:53:21 DEBUG MultithreadEventLoopGroup:44 ? -Dio.netty.eventLoopThreads: 16
2023-04-27 11:53:21 DEBUG NioEventLoop:110 ? -Dio.netty.noKeySetOptimization: false
2023-04-27 11:53:21 DEBUG NioEventLoop:111 ? -Dio.netty.selectorAutoRebuildThreshold: 512
2023-04-27 11:53:21 DEBUG PooledByteBufAllocator:157 ? -Dio.netty.allocator.numHeapArenas: 16
2023-04-27 11:53:21 DEBUG PooledByteBufAllocator:158 ? -Dio.netty.allocator.numDirectArenas: 16
2023-04-27 11:53:21 DEBUG PooledByteBufAllocator:160 ? -Dio.netty.allocator.pageSize: 8192
2023-04-27 11:53:21 DEBUG PooledByteBufAllocator:165 ? -Dio.netty.allocator.maxOrder: 9
2023-04-27 11:53:21 DEBUG PooledByteBufAllocator:169 ? -Dio.netty.allocator.chunkSize: 4194304
2023-04-27 11:53:21 DEBUG PooledByteBufAllocator:170 ? -Dio.netty.allocator.smallCacheSize: 256
2023-04-27 11:53:21 DEBUG PooledByteBufAllocator:171 ? -Dio.netty.allocator.normalCacheSize: 64
2023-04-27 11:53:21 DEBUG PooledByteBufAllocator:172 ? -Dio.netty.allocator.maxCachedBufferCapacity: 32768
2023-04-27 11:53:21 DEBUG PooledByteBufAllocator:173 ? -Dio.netty.allocator.cacheTrimInterval: 8192
2023-04-27 11:53:21 DEBUG PooledByteBufAllocator:174 ? -Dio.netty.allocator.cacheTrimIntervalMillis: 0
2023-04-27 11:53:21 DEBUG PooledByteBufAllocator:175 ? -Dio.netty.allocator.useCacheForAllThreads: false
2023-04-27 11:53:21 DEBUG PooledByteBufAllocator:176 ? -Dio.netty.allocator.maxCachedByteBuffersPerChunk: 1023
2023-04-27 11:53:21 DEBUG ByteBufUtil:88 ? -Dio.netty.allocator.type: pooled
2023-04-27 11:53:21 DEBUG ByteBufUtil:97 ? -Dio.netty.threadLocalDirectBufferSize: 0
2023-04-27 11:53:21 DEBUG ByteBufUtil:100 ? -Dio.netty.maxThreadLocalCharBufferSize: 16384
2023-04-27 11:53:22 DEBUG DefaultChannelId:79 ? -Dio.netty.processId: 14744 (auto-detected)
2023-04-27 11:53:22 DEBUG NetUtil:148 ? -Djava.net.preferIPv4Stack: false
2023-04-27 11:53:22 DEBUG NetUtil:149 ? -Djava.net.preferIPv6Addresses: false
2023-04-27 11:53:22 DEBUG NetUtilInitializations:145 ? Loopback interface: lo (Software Loopback Interface 1, 127.0.0.1)
2023-04-27 11:53:22 DEBUG NetUtil:206 ? Failed to get SOMAXCONN from sysctl and file \proc\sys\net\core\somaxconn. Default: 200
2023-04-27 11:53:22 DEBUG DefaultChannelId:101 ? -Dio.netty.machineId: 70:c9:4e:ff:fe:a9:98:9d (auto-detected)
2023-04-27 11:53:22 DEBUG AbstractByteBuf:63 ? -Dio.netty.buffer.checkAccessible: true
2023-04-27 11:53:22 DEBUG AbstractByteBuf:64 ? -Dio.netty.buffer.checkBounds: true
2023-04-27 11:53:22 DEBUG ResourceLeakDetectorFactory:196 ? Loaded default ResourceLeakDetector: io.netty.util.ResourceLeakDetector@5df23b38
2023-04-27 11:53:22 DEBUG NettyConnectListener:73 ? Using new Channel '[id: 0x0fab528c, L:/127.0.0.1:64879 - R:localhost/127.0.0.1:33962]' for 'POST' to '/session'
2023-04-27 11:53:22 DEBUG Recycler:96 ? -Dio.netty.recycler.maxCapacityPerThread: 4096
2023-04-27 11:53:22 DEBUG Recycler:97 ? -Dio.netty.recycler.ratio: 8
2023-04-27 11:53:22 DEBUG Recycler:98 ? -Dio.netty.recycler.chunkSize: 32
2023-04-27 11:53:22 DEBUG Recycler:99 ? -Dio.netty.recycler.blocking: false
2023-04-27 11:53:22 DEBUG Recycler:100 ? -Dio.netty.recycler.batchFastThreadLocalOnly: true
2023-04-27 11:53:23 DEBUG Brotli:38 ? brotli4j not in the classpath; Brotli support will be unavailable.
2023-04-27 11:53:23 DEBUG HttpHandler:70 ? 

Request DefaultHttpRequest(decodeResult: success, version: HTTP/1.1)
POST /session HTTP/1.1
User-Agent: selenium/4.9.0 (java windows)
Content-Length: 254
Content-Type: application/json; charset=utf-8
host: localhost:33962
accept: */*

Response DefaultHttpResponse(decodeResult: success, version: HTTP/1.1)
HTTP/1.1 200 OK
Content-Length: 860
Content-Type: application/json; charset=utf-8
cache-control: no-cache

2023-04-27 11:53:23 DEBUG ChannelManager:270 ? Adding key: http://localhost:33962 for channel [id: 0x0fab528c, L:/127.0.0.1:64879 - R:localhost/127.0.0.1:33962]
2023-04-27 11:53:23 DEBUG NettyConnectListener:73 ? Using new Channel '[id: 0x88055867, L:/127.0.0.1:64904 - R:localhost/127.0.0.1:64886]' for 'GET' to '/json/version'
2023-04-27 11:53:23 DEBUG HttpHandler:70 ? 

Request DefaultFullHttpRequest(decodeResult: success, version: HTTP/1.1, content: EmptyByteBufBE)
GET /json/version HTTP/1.1
User-Agent: selenium/4.9.0 (java windows)
host: localhost:64886
accept: */*

Response DefaultHttpResponse(decodeResult: success, version: HTTP/1.1)
HTTP/1.1 200 OK
Content-Security-Policy: frame-ancestors 'none'
Content-Length: 424
Content-Type: application/json; charset=UTF-8

2023-04-27 11:53:23 DEBUG ChannelManager:270 ? Adding key: http://localhost:64886 for channel [id: 0x88055867, L:/127.0.0.1:64904 - R:localhost/127.0.0.1:64886]
2023-04-27 11:53:23 DEBUG ThreadLocalRandom:214 ? -Dio.netty.initialSeedUniquifier: 0x17e273ddaedbfbca
2023-04-27 11:53:23 DEBUG NettyConnectListener:73 ? Using new Channel '[id: 0x429b1c5c, L:/127.0.0.1:64906 - R:localhost/127.0.0.1:64886]' for 'GET' to '/devtools/browser/60f5c059-11ee-4250-a7de-c02d523a4a3a'
2023-04-27 11:53:23 DEBUG WebSocketHandler:105 ? 

Request DefaultFullHttpRequest(decodeResult: success, version: HTTP/1.1, content: EmptyByteBufBE)
GET /devtools/browser/60f5c059-11ee-4250-a7de-c02d523a4a3a HTTP/1.1
upgrade: websocket
connection: upgrade
sec-websocket-key: GnmZTzncB1Kc7aS762hYRg==
sec-websocket-version: 13
origin: http://localhost:64886
host: localhost:64886
accept: */*
user-agent: AHC/2.1

Response DefaultHttpResponse(decodeResult: success, version: HTTP/1.1)
HTTP/1.1 101 WebSocket Protocol Handshake
Upgrade: WebSocket
Connection: Upgrade
Sec-WebSocket-Accept: rhEYvA1ZtKd/oVtZYs4g4N2QfBQ=

2023-04-27 11:53:23 DEBUG NettyRequestSender:593 ? Using pooled Channel '[id: 0x0fab528c, L:/127.0.0.1:64879 - R:localhost/127.0.0.1:33962]' for 'POST' to 'http://localhost:33962/session/7da2c8311ef94e00e7cfb8877d8a543f/window/maximize'
2023-04-27 11:53:23 DEBUG NettyRequestSender:251 ? Using open Channel [id: 0x0fab528c, L:/127.0.0.1:64879 - R:localhost/127.0.0.1:33962] for POST '/session/7da2c8311ef94e00e7cfb8877d8a543f/window/maximize'
2023-04-27 11:53:23 DEBUG HttpHandler:70 ? 

Request DefaultHttpRequest(decodeResult: success, version: HTTP/1.1)
POST /session/7da2c8311ef94e00e7cfb8877d8a543f/window/maximize HTTP/1.1
User-Agent: selenium/4.9.0 (java windows)
Content-Length: 3
Content-Type: application/json; charset=utf-8
host: localhost:33962
accept: */*

Response DefaultHttpResponse(decodeResult: success, version: HTTP/1.1)
HTTP/1.1 200 OK
Content-Length: 52
Content-Type: application/json; charset=utf-8
cache-control: no-cache

2023-04-27 11:53:23 DEBUG ChannelManager:270 ? Adding key: http://localhost:33962 for channel [id: 0x0fab528c, L:/127.0.0.1:64879 - R:localhost/127.0.0.1:33962]
2023-04-27 11:53:23 DEBUG NettyRequestSender:593 ? Using pooled Channel '[id: 0x0fab528c, L:/127.0.0.1:64879 - R:localhost/127.0.0.1:33962]' for 'POST' to 'http://localhost:33962/session/7da2c8311ef94e00e7cfb8877d8a543f/timeouts'
2023-04-27 11:53:23 DEBUG NettyRequestSender:251 ? Using open Channel [id: 0x0fab528c, L:/127.0.0.1:64879 - R:localhost/127.0.0.1:33962] for POST '/session/7da2c8311ef94e00e7cfb8877d8a543f/timeouts'
2023-04-27 11:53:23 DEBUG HttpHandler:70 ? 

Request DefaultHttpRequest(decodeResult: success, version: HTTP/1.1)
POST /session/7da2c8311ef94e00e7cfb8877d8a543f/timeouts HTTP/1.1
User-Agent: selenium/4.9.0 (java windows)
Content-Length: 23
Content-Type: application/json; charset=utf-8
host: localhost:33962
accept: */*

Response DefaultHttpResponse(decodeResult: success, version: HTTP/1.1)
HTTP/1.1 200 OK
Content-Length: 14
Content-Type: application/json; charset=utf-8
cache-control: no-cache

2023-04-27 11:53:23 DEBUG ChannelManager:270 ? Adding key: http://localhost:33962 for channel [id: 0x0fab528c, L:/127.0.0.1:64879 - R:localhost/127.0.0.1:33962]
2023-04-27 11:53:23 DEBUG NettyRequestSender:593 ? Using pooled Channel '[id: 0x0fab528c, L:/127.0.0.1:64879 - R:localhost/127.0.0.1:33962]' for 'POST' to 'http://localhost:33962/session/7da2c8311ef94e00e7cfb8877d8a543f/url'
2023-04-27 11:53:23 DEBUG NettyRequestSender:251 ? Using open Channel [id: 0x0fab528c, L:/127.0.0.1:64879 - R:localhost/127.0.0.1:33962] for POST '/session/7da2c8311ef94e00e7cfb8877d8a543f/url'
2023-04-27 11:53:23 DEBUG DefaultChannelPool:348 ? Entry count for : http://localhost:64886 : 1
2023-04-27 11:53:24 DEBUG HttpHandler:70 ? 

Request DefaultHttpRequest(decodeResult: success, version: HTTP/1.1)
POST /session/7da2c8311ef94e00e7cfb8877d8a543f/url HTTP/1.1
User-Agent: selenium/4.9.0 (java windows)
Content-Length: 59
Content-Type: application/json; charset=utf-8
host: localhost:33962
accept: */*

Response DefaultHttpResponse(decodeResult: success, version: HTTP/1.1)
HTTP/1.1 200 OK
Content-Length: 14
Content-Type: application/json; charset=utf-8
cache-control: no-cache

2023-04-27 11:53:24 DEBUG ChannelManager:270 ? Adding key: http://localhost:33962 for channel [id: 0x0fab528c, L:/127.0.0.1:64879 - R:localhost/127.0.0.1:33962]
2023-04-27 11:53:24 DEBUG NettyRequestSender:593 ? Using pooled Channel '[id: 0x0fab528c, L:/127.0.0.1:64879 - R:localhost/127.0.0.1:33962]' for 'POST' to 'http://localhost:33962/session/7da2c8311ef94e00e7cfb8877d8a543f/element'
2023-04-27 11:53:24 DEBUG NettyRequestSender:251 ? Using open Channel [id: 0x0fab528c, L:/127.0.0.1:64879 - R:localhost/127.0.0.1:33962] for POST '/session/7da2c8311ef94e00e7cfb8877d8a543f/element'
2023-04-27 11:53:24 DEBUG HttpHandler:70 ? 

Request DefaultHttpRequest(decodeResult: success, version: HTTP/1.1)
POST /session/7da2c8311ef94e00e7cfb8877d8a543f/element HTTP/1.1
User-Agent: selenium/4.9.0 (java windows)
Content-Length: 69
Content-Type: application/json; charset=utf-8
host: localhost:33962
accept: */*

Response DefaultHttpResponse(decodeResult: success, version: HTTP/1.1)
HTTP/1.1 200 OK
Content-Length: 88
Content-Type: application/json; charset=utf-8
cache-control: no-cache

2023-04-27 11:53:24 DEBUG ChannelManager:270 ? Adding key: http://localhost:33962 for channel [id: 0x0fab528c, L:/127.0.0.1:64879 - R:localhost/127.0.0.1:33962]
2023-04-27 11:53:24 DEBUG NettyRequestSender:593 ? Using pooled Channel '[id: 0x0fab528c, L:/127.0.0.1:64879 - R:localhost/127.0.0.1:33962]' for 'POST' to 'http://localhost:33962/session/7da2c8311ef94e00e7cfb8877d8a543f/execute/sync'
2023-04-27 11:53:24 DEBUG NettyRequestSender:251 ? Using open Channel [id: 0x0fab528c, L:/127.0.0.1:64879 - R:localhost/127.0.0.1:33962] for POST '/session/7da2c8311ef94e00e7cfb8877d8a543f/execute/sync'
2023-04-27 11:53:24 DEBUG HttpHandler:70 ? 

Request DefaultHttpRequest(decodeResult: success, version: HTTP/1.1)
POST /session/7da2c8311ef94e00e7cfb8877d8a543f/execute/sync HTTP/1.1
User-Agent: selenium/4.9.0 (java windows)
Content-Length: 48807
Content-Type: application/json; charset=utf-8
host: localhost:33962
accept: */*

Response DefaultHttpResponse(decodeResult: success, version: HTTP/1.1)
HTTP/1.1 200 OK
Content-Length: 14
Content-Type: application/json; charset=utf-8
cache-control: no-cache

2023-04-27 11:53:24 DEBUG ChannelManager:270 ? Adding key: http://localhost:33962 for channel [id: 0x0fab528c, L:/127.0.0.1:64879 - R:localhost/127.0.0.1:33962]
2023-04-27 11:53:24 DEBUG NettyRequestSender:593 ? Using pooled Channel '[id: 0x0fab528c, L:/127.0.0.1:64879 - R:localhost/127.0.0.1:33962]' for 'POST' to 'http://localhost:33962/session/7da2c8311ef94e00e7cfb8877d8a543f/element'
2023-04-27 11:53:24 DEBUG NettyRequestSender:251 ? Using open Channel [id: 0x0fab528c, L:/127.0.0.1:64879 - R:localhost/127.0.0.1:33962] for POST '/session/7da2c8311ef94e00e7cfb8877d8a543f/element'
2023-04-27 11:53:24 DEBUG HttpHandler:70 ? 

Request DefaultHttpRequest(decodeResult: success, version: HTTP/1.1)
POST /session/7da2c8311ef94e00e7cfb8877d8a543f/element HTTP/1.1
User-Agent: selenium/4.9.0 (java windows)
Content-Length: 71
Content-Type: application/json; charset=utf-8
host: localhost:33962
accept: */*

Response DefaultHttpResponse(decodeResult: success, version: HTTP/1.1)
HTTP/1.1 200 OK
Content-Length: 88
Content-Type: application/json; charset=utf-8
cache-control: no-cache

2023-04-27 11:53:24 DEBUG ChannelManager:270 ? Adding key: http://localhost:33962 for channel [id: 0x0fab528c, L:/127.0.0.1:64879 - R:localhost/127.0.0.1:33962]
2023-04-27 11:53:24 DEBUG NettyRequestSender:593 ? Using pooled Channel '[id: 0x0fab528c, L:/127.0.0.1:64879 - R:localhost/127.0.0.1:33962]' for 'POST' to 'http://localhost:33962/session/7da2c8311ef94e00e7cfb8877d8a543f/execute/sync'
2023-04-27 11:53:24 DEBUG NettyRequestSender:251 ? Using open Channel [id: 0x0fab528c, L:/127.0.0.1:64879 - R:localhost/127.0.0.1:33962] for POST '/session/7da2c8311ef94e00e7cfb8877d8a543f/execute/sync'
2023-04-27 11:53:24 DEBUG HttpHandler:70 ? 

Request DefaultHttpRequest(decodeResult: success, version: HTTP/1.1)
POST /session/7da2c8311ef94e00e7cfb8877d8a543f/execute/sync HTTP/1.1
User-Agent: selenium/4.9.0 (java windows)
Content-Length: 48807
Content-Type: application/json; charset=utf-8
host: localhost:33962
accept: */*

Response DefaultHttpResponse(decodeResult: success, version: HTTP/1.1)
HTTP/1.1 200 OK
Content-Length: 14
Content-Type: application/json; charset=utf-8
cache-control: no-cache

2023-04-27 11:53:24 DEBUG ChannelManager:270 ? Adding key: http://localhost:33962 for channel [id: 0x0fab528c, L:/127.0.0.1:64879 - R:localhost/127.0.0.1:33962]
2023-04-27 11:53:24 DEBUG NettyRequestSender:593 ? Using pooled Channel '[id: 0x0fab528c, L:/127.0.0.1:64879 - R:localhost/127.0.0.1:33962]' for 'POST' to 'http://localhost:33962/session/7da2c8311ef94e00e7cfb8877d8a543f/element'
2023-04-27 11:53:24 DEBUG NettyRequestSender:251 ? Using open Channel [id: 0x0fab528c, L:/127.0.0.1:64879 - R:localhost/127.0.0.1:33962] for POST '/session/7da2c8311ef94e00e7cfb8877d8a543f/element'
2023-04-27 11:53:24 DEBUG HttpHandler:70 ? 

Request DefaultHttpRequest(decodeResult: success, version: HTTP/1.1)
POST /session/7da2c8311ef94e00e7cfb8877d8a543f/element HTTP/1.1
User-Agent: selenium/4.9.0 (java windows)
Content-Length: 72
Content-Type: application/json; charset=utf-8
host: localhost:33962
accept: */*

Response DefaultHttpResponse(decodeResult: success, version: HTTP/1.1)
HTTP/1.1 200 OK
Content-Length: 88
Content-Type: application/json; charset=utf-8
cache-control: no-cache

2023-04-27 11:53:24 DEBUG ChannelManager:270 ? Adding key: http://localhost:33962 for channel [id: 0x0fab528c, L:/127.0.0.1:64879 - R:localhost/127.0.0.1:33962]
2023-04-27 11:53:24 DEBUG NettyRequestSender:593 ? Using pooled Channel '[id: 0x0fab528c, L:/127.0.0.1:64879 - R:localhost/127.0.0.1:33962]' for 'POST' to 'http://localhost:33962/session/7da2c8311ef94e00e7cfb8877d8a543f/execute/sync'
2023-04-27 11:53:24 DEBUG NettyRequestSender:251 ? Using open Channel [id: 0x0fab528c, L:/127.0.0.1:64879 - R:localhost/127.0.0.1:33962] for POST '/session/7da2c8311ef94e00e7cfb8877d8a543f/execute/sync'
2023-04-27 11:53:24 DEBUG DefaultChannelPool:348 ? Entry count for : http://localhost:64886 : 1
2023-04-27 11:53:24 DEBUG HttpHandler:70 ? 

Request DefaultHttpRequest(decodeResult: success, version: HTTP/1.1)
POST /session/7da2c8311ef94e00e7cfb8877d8a543f/execute/sync HTTP/1.1
User-Agent: selenium/4.9.0 (java windows)
Content-Length: 48807
Content-Type: application/json; charset=utf-8
host: localhost:33962
accept: */*

Response DefaultHttpResponse(decodeResult: success, version: HTTP/1.1)
HTTP/1.1 200 OK
Content-Length: 14
Content-Type: application/json; charset=utf-8
cache-control: no-cache

2023-04-27 11:53:24 DEBUG ChannelManager:270 ? Adding key: http://localhost:33962 for channel [id: 0x0fab528c, L:/127.0.0.1:64879 - R:localhost/127.0.0.1:33962]
2023-04-27 12:01:37 DEBUG InternalLoggerFactory:63 ? Using SLF4J as the default logging framework
2023-04-27 12:01:37 DEBUG ResourceLeakDetector:129 ? -Dio.netty.leakDetection.level: simple
2023-04-27 12:01:37 DEBUG ResourceLeakDetector:130 ? -Dio.netty.leakDetection.targetRecords: 4
2023-04-27 12:01:37 DEBUG ResourceLeakDetectorFactory:196 ? Loaded default ResourceLeakDetector: io.netty.util.ResourceLeakDetector@5f2f577
2023-04-27 12:01:37 DEBUG PlatformDependent0:496 ? -Dio.netty.noUnsafe: false
2023-04-27 12:01:37 DEBUG PlatformDependent0:1000 ? Java version: 19
2023-04-27 12:01:37 DEBUG PlatformDependent0:137 ? sun.misc.Unsafe.theUnsafe: available
2023-04-27 12:01:37 DEBUG PlatformDependent0:161 ? sun.misc.Unsafe.copyMemory: available
2023-04-27 12:01:37 DEBUG PlatformDependent0:193 ? sun.misc.Unsafe.storeFence: available
2023-04-27 12:01:37 DEBUG PlatformDependent0:236 ? java.nio.Buffer.address: available
2023-04-27 12:01:37 DEBUG PlatformDependent0:320 ? direct buffer constructor: unavailable: Reflective setAccessible(true) disabled
2023-04-27 12:01:37 DEBUG PlatformDependent0:385 ? java.nio.Bits.unaligned: available, true
2023-04-27 12:01:37 DEBUG PlatformDependent0:452 ? jdk.internal.misc.Unsafe.allocateUninitializedArray(int): unavailable: class io.netty.util.internal.PlatformDependent0$7 cannot access class jdk.internal.misc.Unsafe (in module java.base) because module java.base does not export jdk.internal.misc to unnamed module @68f7aae2
2023-04-27 12:01:37 DEBUG PlatformDependent0:482 ? java.nio.DirectByteBuffer.<init>(long, int): unavailable
2023-04-27 12:01:37 DEBUG PlatformDependent:1159 ? sun.misc.Unsafe: available
2023-04-27 12:01:37 DEBUG PlatformDependent:1270 ? maxDirectMemory: 5339348992 bytes (maybe)
2023-04-27 12:01:37 DEBUG PlatformDependent:1289 ? -Dio.netty.tmpdir: C:\Users\rohit\AppData\Local\Temp (java.io.tmpdir)
2023-04-27 12:01:37 DEBUG PlatformDependent:1368 ? -Dio.netty.bitMode: 64 (sun.arch.data.model)
2023-04-27 12:01:37 DEBUG PlatformDependent:1119 ? Platform: Windows
2023-04-27 12:01:37 DEBUG PlatformDependent:178 ? -Dio.netty.maxDirectMemory: -1 bytes
2023-04-27 12:01:37 DEBUG PlatformDependent:185 ? -Dio.netty.uninitializedArrayAllocationThreshold: -1
2023-04-27 12:01:37 DEBUG CleanerJava9:71 ? java.nio.ByteBuffer.cleaner(): available
2023-04-27 12:01:37 DEBUG PlatformDependent:205 ? -Dio.netty.noPreferDirect: false
2023-04-27 12:01:37 DEBUG PlatformDependent:1010 ? org.jctools-core.MpscChunkedArrayQueue: available
2023-04-27 12:01:38 DEBUG InternalThreadLocalMap:100 ? -Dio.netty.threadLocalMap.stringBuilder.initialSize: 1024
2023-04-27 12:01:38 DEBUG InternalThreadLocalMap:101 ? -Dio.netty.threadLocalMap.stringBuilder.maxSize: 4096
2023-04-27 12:01:38 DEBUG JdkSslContext:83 ? Default protocols (JDK): [TLSv1.3, TLSv1.2] 
2023-04-27 12:01:38 DEBUG JdkSslContext:84 ? Default cipher suites (JDK): [TLS_ECDHE_ECDSA_WITH_AES_256_GCM_SHA384, TLS_ECDHE_ECDSA_WITH_AES_128_GCM_SHA256, TLS_ECDHE_RSA_WITH_AES_128_GCM_SHA256, TLS_ECDHE_RSA_WITH_AES_256_GCM_SHA384, TLS_ECDHE_RSA_WITH_AES_128_CBC_SHA, TLS_ECDHE_RSA_WITH_AES_256_CBC_SHA, TLS_RSA_WITH_AES_128_GCM_SHA256, TLS_RSA_WITH_AES_128_CBC_SHA, TLS_RSA_WITH_AES_256_CBC_SHA, TLS_AES_128_GCM_SHA256, TLS_AES_256_GCM_SHA384]
2023-04-27 12:01:38 DEBUG GlobalEventExecutor:53 ? -Dio.netty.globalEventExecutor.quietPeriodSeconds: 1
2023-04-27 12:01:38 DEBUG MultithreadEventLoopGroup:44 ? -Dio.netty.eventLoopThreads: 16
2023-04-27 12:01:38 DEBUG NioEventLoop:110 ? -Dio.netty.noKeySetOptimization: false
2023-04-27 12:01:38 DEBUG NioEventLoop:111 ? -Dio.netty.selectorAutoRebuildThreshold: 512
2023-04-27 12:01:38 DEBUG PooledByteBufAllocator:157 ? -Dio.netty.allocator.numHeapArenas: 16
2023-04-27 12:01:38 DEBUG PooledByteBufAllocator:158 ? -Dio.netty.allocator.numDirectArenas: 16
2023-04-27 12:01:38 DEBUG PooledByteBufAllocator:160 ? -Dio.netty.allocator.pageSize: 8192
2023-04-27 12:01:38 DEBUG PooledByteBufAllocator:165 ? -Dio.netty.allocator.maxOrder: 9
2023-04-27 12:01:38 DEBUG PooledByteBufAllocator:169 ? -Dio.netty.allocator.chunkSize: 4194304
2023-04-27 12:01:38 DEBUG PooledByteBufAllocator:170 ? -Dio.netty.allocator.smallCacheSize: 256
2023-04-27 12:01:38 DEBUG PooledByteBufAllocator:171 ? -Dio.netty.allocator.normalCacheSize: 64
2023-04-27 12:01:38 DEBUG PooledByteBufAllocator:172 ? -Dio.netty.allocator.maxCachedBufferCapacity: 32768
2023-04-27 12:01:38 DEBUG PooledByteBufAllocator:173 ? -Dio.netty.allocator.cacheTrimInterval: 8192
2023-04-27 12:01:38 DEBUG PooledByteBufAllocator:174 ? -Dio.netty.allocator.cacheTrimIntervalMillis: 0
2023-04-27 12:01:38 DEBUG PooledByteBufAllocator:175 ? -Dio.netty.allocator.useCacheForAllThreads: false
2023-04-27 12:01:38 DEBUG PooledByteBufAllocator:176 ? -Dio.netty.allocator.maxCachedByteBuffersPerChunk: 1023
2023-04-27 12:01:38 DEBUG ByteBufUtil:88 ? -Dio.netty.allocator.type: pooled
2023-04-27 12:01:38 DEBUG ByteBufUtil:97 ? -Dio.netty.threadLocalDirectBufferSize: 0
2023-04-27 12:01:38 DEBUG ByteBufUtil:100 ? -Dio.netty.maxThreadLocalCharBufferSize: 16384
2023-04-27 12:01:38 DEBUG DefaultChannelId:79 ? -Dio.netty.processId: 33776 (auto-detected)
2023-04-27 12:01:38 DEBUG NetUtil:148 ? -Djava.net.preferIPv4Stack: false
2023-04-27 12:01:38 DEBUG NetUtil:149 ? -Djava.net.preferIPv6Addresses: false
2023-04-27 12:01:38 DEBUG NetUtilInitializations:145 ? Loopback interface: lo (Software Loopback Interface 1, 127.0.0.1)
2023-04-27 12:01:38 DEBUG NetUtil:206 ? Failed to get SOMAXCONN from sysctl and file \proc\sys\net\core\somaxconn. Default: 200
2023-04-27 12:01:38 DEBUG DefaultChannelId:101 ? -Dio.netty.machineId: 70:c9:4e:ff:fe:a9:98:9d (auto-detected)
2023-04-27 12:01:38 DEBUG AbstractByteBuf:63 ? -Dio.netty.buffer.checkAccessible: true
2023-04-27 12:01:38 DEBUG AbstractByteBuf:64 ? -Dio.netty.buffer.checkBounds: true
2023-04-27 12:01:38 DEBUG ResourceLeakDetectorFactory:196 ? Loaded default ResourceLeakDetector: io.netty.util.ResourceLeakDetector@54f0965c
2023-04-27 12:01:38 DEBUG NettyConnectListener:73 ? Using new Channel '[id: 0xf5c3dba5, L:/127.0.0.1:49454 - R:localhost/127.0.0.1:2891]' for 'POST' to '/session'
2023-04-27 12:01:38 DEBUG Recycler:96 ? -Dio.netty.recycler.maxCapacityPerThread: 4096
2023-04-27 12:01:38 DEBUG Recycler:97 ? -Dio.netty.recycler.ratio: 8
2023-04-27 12:01:38 DEBUG Recycler:98 ? -Dio.netty.recycler.chunkSize: 32
2023-04-27 12:01:38 DEBUG Recycler:99 ? -Dio.netty.recycler.blocking: false
2023-04-27 12:01:38 DEBUG Recycler:100 ? -Dio.netty.recycler.batchFastThreadLocalOnly: true
2023-04-27 12:01:39 DEBUG Brotli:38 ? brotli4j not in the classpath; Brotli support will be unavailable.
2023-04-27 12:01:39 DEBUG HttpHandler:70 ? 

Request DefaultHttpRequest(decodeResult: success, version: HTTP/1.1)
POST /session HTTP/1.1
User-Agent: selenium/4.9.0 (java windows)
Content-Length: 254
Content-Type: application/json; charset=utf-8
host: localhost:2891
accept: */*

Response DefaultHttpResponse(decodeResult: success, version: HTTP/1.1)
HTTP/1.1 200 OK
Content-Length: 859
Content-Type: application/json; charset=utf-8
cache-control: no-cache

2023-04-27 12:01:39 DEBUG ChannelManager:270 ? Adding key: http://localhost:2891 for channel [id: 0xf5c3dba5, L:/127.0.0.1:49454 - R:localhost/127.0.0.1:2891]
2023-04-27 12:01:39 DEBUG NettyConnectListener:73 ? Using new Channel '[id: 0xbf8a2c18, L:/127.0.0.1:49474 - R:localhost/127.0.0.1:49458]' for 'GET' to '/json/version'
2023-04-27 12:01:39 DEBUG HttpHandler:70 ? 

Request DefaultFullHttpRequest(decodeResult: success, version: HTTP/1.1, content: EmptyByteBufBE)
GET /json/version HTTP/1.1
User-Agent: selenium/4.9.0 (java windows)
host: localhost:49458
accept: */*

Response DefaultHttpResponse(decodeResult: success, version: HTTP/1.1)
HTTP/1.1 200 OK
Content-Security-Policy: frame-ancestors 'none'
Content-Length: 424
Content-Type: application/json; charset=UTF-8

2023-04-27 12:01:39 DEBUG ChannelManager:270 ? Adding key: http://localhost:49458 for channel [id: 0xbf8a2c18, L:/127.0.0.1:49474 - R:localhost/127.0.0.1:49458]
2023-04-27 12:01:39 DEBUG ThreadLocalRandom:214 ? -Dio.netty.initialSeedUniquifier: 0x47704b3a6dbfc588
2023-04-27 12:01:39 DEBUG NettyConnectListener:73 ? Using new Channel '[id: 0xf06328ec, L:/127.0.0.1:49476 - R:localhost/127.0.0.1:49458]' for 'GET' to '/devtools/browser/d279f2db-363f-4eb2-a113-60ed999d24f1'
2023-04-27 12:01:39 DEBUG WebSocketHandler:105 ? 

Request DefaultFullHttpRequest(decodeResult: success, version: HTTP/1.1, content: EmptyByteBufBE)
GET /devtools/browser/d279f2db-363f-4eb2-a113-60ed999d24f1 HTTP/1.1
upgrade: websocket
connection: upgrade
sec-websocket-key: rXOTqmHfNmWgUD9Y6vJ+Cw==
sec-websocket-version: 13
origin: http://localhost:49458
host: localhost:49458
accept: */*
user-agent: AHC/2.1

Response DefaultHttpResponse(decodeResult: success, version: HTTP/1.1)
HTTP/1.1 101 WebSocket Protocol Handshake
Upgrade: WebSocket
Connection: Upgrade
Sec-WebSocket-Accept: Wk9m178mxQoqJhhMQBkbJAPOCAI=

2023-04-27 12:01:39 DEBUG NettyRequestSender:593 ? Using pooled Channel '[id: 0xf5c3dba5, L:/127.0.0.1:49454 - R:localhost/127.0.0.1:2891]' for 'POST' to 'http://localhost:2891/session/e50f640928688253329b76a9d5a9c445/window/maximize'
2023-04-27 12:01:39 DEBUG NettyRequestSender:251 ? Using open Channel [id: 0xf5c3dba5, L:/127.0.0.1:49454 - R:localhost/127.0.0.1:2891] for POST '/session/e50f640928688253329b76a9d5a9c445/window/maximize'
2023-04-27 12:01:39 DEBUG HttpHandler:70 ? 

Request DefaultHttpRequest(decodeResult: success, version: HTTP/1.1)
POST /session/e50f640928688253329b76a9d5a9c445/window/maximize HTTP/1.1
User-Agent: selenium/4.9.0 (java windows)
Content-Length: 3
Content-Type: application/json; charset=utf-8
host: localhost:2891
accept: */*

Response DefaultHttpResponse(decodeResult: success, version: HTTP/1.1)
HTTP/1.1 200 OK
Content-Length: 52
Content-Type: application/json; charset=utf-8
cache-control: no-cache

2023-04-27 12:01:39 DEBUG ChannelManager:270 ? Adding key: http://localhost:2891 for channel [id: 0xf5c3dba5, L:/127.0.0.1:49454 - R:localhost/127.0.0.1:2891]
2023-04-27 12:01:39 DEBUG NettyRequestSender:593 ? Using pooled Channel '[id: 0xf5c3dba5, L:/127.0.0.1:49454 - R:localhost/127.0.0.1:2891]' for 'POST' to 'http://localhost:2891/session/e50f640928688253329b76a9d5a9c445/timeouts'
2023-04-27 12:01:39 DEBUG NettyRequestSender:251 ? Using open Channel [id: 0xf5c3dba5, L:/127.0.0.1:49454 - R:localhost/127.0.0.1:2891] for POST '/session/e50f640928688253329b76a9d5a9c445/timeouts'
2023-04-27 12:01:39 DEBUG HttpHandler:70 ? 

Request DefaultHttpRequest(decodeResult: success, version: HTTP/1.1)
POST /session/e50f640928688253329b76a9d5a9c445/timeouts HTTP/1.1
User-Agent: selenium/4.9.0 (java windows)
Content-Length: 23
Content-Type: application/json; charset=utf-8
host: localhost:2891
accept: */*

Response DefaultHttpResponse(decodeResult: success, version: HTTP/1.1)
HTTP/1.1 200 OK
Content-Length: 14
Content-Type: application/json; charset=utf-8
cache-control: no-cache

2023-04-27 12:01:39 DEBUG ChannelManager:270 ? Adding key: http://localhost:2891 for channel [id: 0xf5c3dba5, L:/127.0.0.1:49454 - R:localhost/127.0.0.1:2891]
2023-04-27 12:01:39 DEBUG NettyRequestSender:593 ? Using pooled Channel '[id: 0xf5c3dba5, L:/127.0.0.1:49454 - R:localhost/127.0.0.1:2891]' for 'POST' to 'http://localhost:2891/session/e50f640928688253329b76a9d5a9c445/url'
2023-04-27 12:01:39 DEBUG NettyRequestSender:251 ? Using open Channel [id: 0xf5c3dba5, L:/127.0.0.1:49454 - R:localhost/127.0.0.1:2891] for POST '/session/e50f640928688253329b76a9d5a9c445/url'
2023-04-27 12:01:40 DEBUG DefaultChannelPool:348 ? Entry count for : http://localhost:49458 : 1
2023-04-27 12:01:40 DEBUG HttpHandler:70 ? 

Request DefaultHttpRequest(decodeResult: success, version: HTTP/1.1)
POST /session/e50f640928688253329b76a9d5a9c445/url HTTP/1.1
User-Agent: selenium/4.9.0 (java windows)
Content-Length: 59
Content-Type: application/json; charset=utf-8
host: localhost:2891
accept: */*

Response DefaultHttpResponse(decodeResult: success, version: HTTP/1.1)
HTTP/1.1 200 OK
Content-Length: 14
Content-Type: application/json; charset=utf-8
cache-control: no-cache

2023-04-27 12:01:40 DEBUG ChannelManager:270 ? Adding key: http://localhost:2891 for channel [id: 0xf5c3dba5, L:/127.0.0.1:49454 - R:localhost/127.0.0.1:2891]
2023-04-27 12:01:40 DEBUG NettyRequestSender:593 ? Using pooled Channel '[id: 0xf5c3dba5, L:/127.0.0.1:49454 - R:localhost/127.0.0.1:2891]' for 'POST' to 'http://localhost:2891/session/e50f640928688253329b76a9d5a9c445/element'
2023-04-27 12:01:40 DEBUG NettyRequestSender:251 ? Using open Channel [id: 0xf5c3dba5, L:/127.0.0.1:49454 - R:localhost/127.0.0.1:2891] for POST '/session/e50f640928688253329b76a9d5a9c445/element'
2023-04-27 12:01:40 DEBUG HttpHandler:70 ? 

Request DefaultHttpRequest(decodeResult: success, version: HTTP/1.1)
POST /session/e50f640928688253329b76a9d5a9c445/element HTTP/1.1
User-Agent: selenium/4.9.0 (java windows)
Content-Length: 69
Content-Type: application/json; charset=utf-8
host: localhost:2891
accept: */*

Response DefaultHttpResponse(decodeResult: success, version: HTTP/1.1)
HTTP/1.1 200 OK
Content-Length: 88
Content-Type: application/json; charset=utf-8
cache-control: no-cache

2023-04-27 12:01:40 DEBUG ChannelManager:270 ? Adding key: http://localhost:2891 for channel [id: 0xf5c3dba5, L:/127.0.0.1:49454 - R:localhost/127.0.0.1:2891]
2023-04-27 12:01:40 DEBUG NettyRequestSender:593 ? Using pooled Channel '[id: 0xf5c3dba5, L:/127.0.0.1:49454 - R:localhost/127.0.0.1:2891]' for 'POST' to 'http://localhost:2891/session/e50f640928688253329b76a9d5a9c445/execute/sync'
2023-04-27 12:01:40 DEBUG NettyRequestSender:251 ? Using open Channel [id: 0xf5c3dba5, L:/127.0.0.1:49454 - R:localhost/127.0.0.1:2891] for POST '/session/e50f640928688253329b76a9d5a9c445/execute/sync'
2023-04-27 12:01:40 DEBUG HttpHandler:70 ? 

Request DefaultHttpRequest(decodeResult: success, version: HTTP/1.1)
POST /session/e50f640928688253329b76a9d5a9c445/execute/sync HTTP/1.1
User-Agent: selenium/4.9.0 (java windows)
Content-Length: 48807
Content-Type: application/json; charset=utf-8
host: localhost:2891
accept: */*

Response DefaultHttpResponse(decodeResult: success, version: HTTP/1.1)
HTTP/1.1 200 OK
Content-Length: 14
Content-Type: application/json; charset=utf-8
cache-control: no-cache

2023-04-27 12:01:40 DEBUG ChannelManager:270 ? Adding key: http://localhost:2891 for channel [id: 0xf5c3dba5, L:/127.0.0.1:49454 - R:localhost/127.0.0.1:2891]
2023-04-27 12:01:40 DEBUG NettyRequestSender:593 ? Using pooled Channel '[id: 0xf5c3dba5, L:/127.0.0.1:49454 - R:localhost/127.0.0.1:2891]' for 'POST' to 'http://localhost:2891/session/e50f640928688253329b76a9d5a9c445/element'
2023-04-27 12:01:40 DEBUG NettyRequestSender:251 ? Using open Channel [id: 0xf5c3dba5, L:/127.0.0.1:49454 - R:localhost/127.0.0.1:2891] for POST '/session/e50f640928688253329b76a9d5a9c445/element'
2023-04-27 12:01:40 DEBUG HttpHandler:70 ? 

Request DefaultHttpRequest(decodeResult: success, version: HTTP/1.1)
POST /session/e50f640928688253329b76a9d5a9c445/element HTTP/1.1
User-Agent: selenium/4.9.0 (java windows)
Content-Length: 71
Content-Type: application/json; charset=utf-8
host: localhost:2891
accept: */*

Response DefaultHttpResponse(decodeResult: success, version: HTTP/1.1)
HTTP/1.1 200 OK
Content-Length: 88
Content-Type: application/json; charset=utf-8
cache-control: no-cache

2023-04-27 12:01:40 DEBUG ChannelManager:270 ? Adding key: http://localhost:2891 for channel [id: 0xf5c3dba5, L:/127.0.0.1:49454 - R:localhost/127.0.0.1:2891]
2023-04-27 12:01:40 DEBUG NettyRequestSender:593 ? Using pooled Channel '[id: 0xf5c3dba5, L:/127.0.0.1:49454 - R:localhost/127.0.0.1:2891]' for 'POST' to 'http://localhost:2891/session/e50f640928688253329b76a9d5a9c445/execute/sync'
2023-04-27 12:01:40 DEBUG NettyRequestSender:251 ? Using open Channel [id: 0xf5c3dba5, L:/127.0.0.1:49454 - R:localhost/127.0.0.1:2891] for POST '/session/e50f640928688253329b76a9d5a9c445/execute/sync'
2023-04-27 12:01:40 DEBUG HttpHandler:70 ? 

Request DefaultHttpRequest(decodeResult: success, version: HTTP/1.1)
POST /session/e50f640928688253329b76a9d5a9c445/execute/sync HTTP/1.1
User-Agent: selenium/4.9.0 (java windows)
Content-Length: 48807
Content-Type: application/json; charset=utf-8
host: localhost:2891
accept: */*

Response DefaultHttpResponse(decodeResult: success, version: HTTP/1.1)
HTTP/1.1 200 OK
Content-Length: 14
Content-Type: application/json; charset=utf-8
cache-control: no-cache

2023-04-27 12:01:40 DEBUG ChannelManager:270 ? Adding key: http://localhost:2891 for channel [id: 0xf5c3dba5, L:/127.0.0.1:49454 - R:localhost/127.0.0.1:2891]
2023-04-27 12:01:40 DEBUG NettyRequestSender:593 ? Using pooled Channel '[id: 0xf5c3dba5, L:/127.0.0.1:49454 - R:localhost/127.0.0.1:2891]' for 'POST' to 'http://localhost:2891/session/e50f640928688253329b76a9d5a9c445/element'
2023-04-27 12:01:40 DEBUG NettyRequestSender:251 ? Using open Channel [id: 0xf5c3dba5, L:/127.0.0.1:49454 - R:localhost/127.0.0.1:2891] for POST '/session/e50f640928688253329b76a9d5a9c445/element'
2023-04-27 12:01:40 DEBUG HttpHandler:70 ? 

Request DefaultHttpRequest(decodeResult: success, version: HTTP/1.1)
POST /session/e50f640928688253329b76a9d5a9c445/element HTTP/1.1
User-Agent: selenium/4.9.0 (java windows)
Content-Length: 72
Content-Type: application/json; charset=utf-8
host: localhost:2891
accept: */*

Response DefaultHttpResponse(decodeResult: success, version: HTTP/1.1)
HTTP/1.1 200 OK
Content-Length: 88
Content-Type: application/json; charset=utf-8
cache-control: no-cache

2023-04-27 12:01:40 DEBUG ChannelManager:270 ? Adding key: http://localhost:2891 for channel [id: 0xf5c3dba5, L:/127.0.0.1:49454 - R:localhost/127.0.0.1:2891]
2023-04-27 12:01:40 DEBUG NettyRequestSender:593 ? Using pooled Channel '[id: 0xf5c3dba5, L:/127.0.0.1:49454 - R:localhost/127.0.0.1:2891]' for 'POST' to 'http://localhost:2891/session/e50f640928688253329b76a9d5a9c445/execute/sync'
2023-04-27 12:01:40 DEBUG NettyRequestSender:251 ? Using open Channel [id: 0xf5c3dba5, L:/127.0.0.1:49454 - R:localhost/127.0.0.1:2891] for POST '/session/e50f640928688253329b76a9d5a9c445/execute/sync'
2023-04-27 12:01:40 DEBUG HttpHandler:70 ? 

Request DefaultHttpRequest(decodeResult: success, version: HTTP/1.1)
POST /session/e50f640928688253329b76a9d5a9c445/execute/sync HTTP/1.1
User-Agent: selenium/4.9.0 (java windows)
Content-Length: 48807
Content-Type: application/json; charset=utf-8
host: localhost:2891
accept: */*

Response DefaultHttpResponse(decodeResult: success, version: HTTP/1.1)
HTTP/1.1 200 OK
Content-Length: 14
Content-Type: application/json; charset=utf-8
cache-control: no-cache

2023-04-27 12:01:40 DEBUG ChannelManager:270 ? Adding key: http://localhost:2891 for channel [id: 0xf5c3dba5, L:/127.0.0.1:49454 - R:localhost/127.0.0.1:2891]
2023-04-27 12:07:01 DEBUG InternalLoggerFactory:63 ? Using SLF4J as the default logging framework
2023-04-27 12:07:01 DEBUG ResourceLeakDetector:129 ? -Dio.netty.leakDetection.level: simple
2023-04-27 12:07:01 DEBUG ResourceLeakDetector:130 ? -Dio.netty.leakDetection.targetRecords: 4
2023-04-27 12:07:01 DEBUG ResourceLeakDetectorFactory:196 ? Loaded default ResourceLeakDetector: io.netty.util.ResourceLeakDetector@5f2f577
2023-04-27 12:07:01 DEBUG PlatformDependent0:496 ? -Dio.netty.noUnsafe: false
2023-04-27 12:07:01 DEBUG PlatformDependent0:1000 ? Java version: 19
2023-04-27 12:07:01 DEBUG PlatformDependent0:137 ? sun.misc.Unsafe.theUnsafe: available
2023-04-27 12:07:01 DEBUG PlatformDependent0:161 ? sun.misc.Unsafe.copyMemory: available
2023-04-27 12:07:01 DEBUG PlatformDependent0:193 ? sun.misc.Unsafe.storeFence: available
2023-04-27 12:07:01 DEBUG PlatformDependent0:236 ? java.nio.Buffer.address: available
2023-04-27 12:07:01 DEBUG PlatformDependent0:320 ? direct buffer constructor: unavailable: Reflective setAccessible(true) disabled
2023-04-27 12:07:01 DEBUG PlatformDependent0:385 ? java.nio.Bits.unaligned: available, true
2023-04-27 12:07:01 DEBUG PlatformDependent0:452 ? jdk.internal.misc.Unsafe.allocateUninitializedArray(int): unavailable: class io.netty.util.internal.PlatformDependent0$7 cannot access class jdk.internal.misc.Unsafe (in module java.base) because module java.base does not export jdk.internal.misc to unnamed module @68f7aae2
2023-04-27 12:07:01 DEBUG PlatformDependent0:482 ? java.nio.DirectByteBuffer.<init>(long, int): unavailable
2023-04-27 12:07:01 DEBUG PlatformDependent:1159 ? sun.misc.Unsafe: available
2023-04-27 12:07:01 DEBUG PlatformDependent:1270 ? maxDirectMemory: 5339348992 bytes (maybe)
2023-04-27 12:07:01 DEBUG PlatformDependent:1289 ? -Dio.netty.tmpdir: C:\Users\rohit\AppData\Local\Temp (java.io.tmpdir)
2023-04-27 12:07:01 DEBUG PlatformDependent:1368 ? -Dio.netty.bitMode: 64 (sun.arch.data.model)
2023-04-27 12:07:01 DEBUG PlatformDependent:1119 ? Platform: Windows
2023-04-27 12:07:01 DEBUG PlatformDependent:178 ? -Dio.netty.maxDirectMemory: -1 bytes
2023-04-27 12:07:01 DEBUG PlatformDependent:185 ? -Dio.netty.uninitializedArrayAllocationThreshold: -1
2023-04-27 12:07:01 DEBUG CleanerJava9:71 ? java.nio.ByteBuffer.cleaner(): available
2023-04-27 12:07:01 DEBUG PlatformDependent:205 ? -Dio.netty.noPreferDirect: false
2023-04-27 12:07:01 DEBUG PlatformDependent:1010 ? org.jctools-core.MpscChunkedArrayQueue: available
2023-04-27 12:07:01 DEBUG InternalThreadLocalMap:100 ? -Dio.netty.threadLocalMap.stringBuilder.initialSize: 1024
2023-04-27 12:07:01 DEBUG InternalThreadLocalMap:101 ? -Dio.netty.threadLocalMap.stringBuilder.maxSize: 4096
2023-04-27 12:07:01 DEBUG JdkSslContext:83 ? Default protocols (JDK): [TLSv1.3, TLSv1.2] 
2023-04-27 12:07:01 DEBUG JdkSslContext:84 ? Default cipher suites (JDK): [TLS_ECDHE_ECDSA_WITH_AES_256_GCM_SHA384, TLS_ECDHE_ECDSA_WITH_AES_128_GCM_SHA256, TLS_ECDHE_RSA_WITH_AES_128_GCM_SHA256, TLS_ECDHE_RSA_WITH_AES_256_GCM_SHA384, TLS_ECDHE_RSA_WITH_AES_128_CBC_SHA, TLS_ECDHE_RSA_WITH_AES_256_CBC_SHA, TLS_RSA_WITH_AES_128_GCM_SHA256, TLS_RSA_WITH_AES_128_CBC_SHA, TLS_RSA_WITH_AES_256_CBC_SHA, TLS_AES_128_GCM_SHA256, TLS_AES_256_GCM_SHA384]
2023-04-27 12:07:01 DEBUG GlobalEventExecutor:53 ? -Dio.netty.globalEventExecutor.quietPeriodSeconds: 1
2023-04-27 12:07:01 DEBUG MultithreadEventLoopGroup:44 ? -Dio.netty.eventLoopThreads: 16
2023-04-27 12:07:01 DEBUG NioEventLoop:110 ? -Dio.netty.noKeySetOptimization: false
2023-04-27 12:07:01 DEBUG NioEventLoop:111 ? -Dio.netty.selectorAutoRebuildThreshold: 512
2023-04-27 12:07:02 DEBUG PooledByteBufAllocator:157 ? -Dio.netty.allocator.numHeapArenas: 16
2023-04-27 12:07:02 DEBUG PooledByteBufAllocator:158 ? -Dio.netty.allocator.numDirectArenas: 16
2023-04-27 12:07:02 DEBUG PooledByteBufAllocator:160 ? -Dio.netty.allocator.pageSize: 8192
2023-04-27 12:07:02 DEBUG PooledByteBufAllocator:165 ? -Dio.netty.allocator.maxOrder: 9
2023-04-27 12:07:02 DEBUG PooledByteBufAllocator:169 ? -Dio.netty.allocator.chunkSize: 4194304
2023-04-27 12:07:02 DEBUG PooledByteBufAllocator:170 ? -Dio.netty.allocator.smallCacheSize: 256
2023-04-27 12:07:02 DEBUG PooledByteBufAllocator:171 ? -Dio.netty.allocator.normalCacheSize: 64
2023-04-27 12:07:02 DEBUG PooledByteBufAllocator:172 ? -Dio.netty.allocator.maxCachedBufferCapacity: 32768
2023-04-27 12:07:02 DEBUG PooledByteBufAllocator:173 ? -Dio.netty.allocator.cacheTrimInterval: 8192
2023-04-27 12:07:02 DEBUG PooledByteBufAllocator:174 ? -Dio.netty.allocator.cacheTrimIntervalMillis: 0
2023-04-27 12:07:02 DEBUG PooledByteBufAllocator:175 ? -Dio.netty.allocator.useCacheForAllThreads: false
2023-04-27 12:07:02 DEBUG PooledByteBufAllocator:176 ? -Dio.netty.allocator.maxCachedByteBuffersPerChunk: 1023
2023-04-27 12:07:02 DEBUG ByteBufUtil:88 ? -Dio.netty.allocator.type: pooled
2023-04-27 12:07:02 DEBUG ByteBufUtil:97 ? -Dio.netty.threadLocalDirectBufferSize: 0
2023-04-27 12:07:02 DEBUG ByteBufUtil:100 ? -Dio.netty.maxThreadLocalCharBufferSize: 16384
2023-04-27 12:07:02 DEBUG DefaultChannelId:79 ? -Dio.netty.processId: 37372 (auto-detected)
2023-04-27 12:07:02 DEBUG NetUtil:148 ? -Djava.net.preferIPv4Stack: false
2023-04-27 12:07:02 DEBUG NetUtil:149 ? -Djava.net.preferIPv6Addresses: false
2023-04-27 12:07:02 DEBUG NetUtilInitializations:145 ? Loopback interface: lo (Software Loopback Interface 1, 127.0.0.1)
2023-04-27 12:07:02 DEBUG NetUtil:206 ? Failed to get SOMAXCONN from sysctl and file \proc\sys\net\core\somaxconn. Default: 200
2023-04-27 12:07:02 DEBUG DefaultChannelId:101 ? -Dio.netty.machineId: 70:c9:4e:ff:fe:a9:98:9d (auto-detected)
2023-04-27 12:07:02 DEBUG AbstractByteBuf:63 ? -Dio.netty.buffer.checkAccessible: true
2023-04-27 12:07:02 DEBUG AbstractByteBuf:64 ? -Dio.netty.buffer.checkBounds: true
2023-04-27 12:07:02 DEBUG ResourceLeakDetectorFactory:196 ? Loaded default ResourceLeakDetector: io.netty.util.ResourceLeakDetector@430df637
2023-04-27 12:07:02 DEBUG NettyConnectListener:73 ? Using new Channel '[id: 0x9919c486, L:/127.0.0.1:50118 - R:localhost/127.0.0.1:35939]' for 'POST' to '/session'
2023-04-27 12:07:02 DEBUG Recycler:96 ? -Dio.netty.recycler.maxCapacityPerThread: 4096
2023-04-27 12:07:02 DEBUG Recycler:97 ? -Dio.netty.recycler.ratio: 8
2023-04-27 12:07:02 DEBUG Recycler:98 ? -Dio.netty.recycler.chunkSize: 32
2023-04-27 12:07:02 DEBUG Recycler:99 ? -Dio.netty.recycler.blocking: false
2023-04-27 12:07:02 DEBUG Recycler:100 ? -Dio.netty.recycler.batchFastThreadLocalOnly: true
2023-04-27 12:07:03 DEBUG Brotli:38 ? brotli4j not in the classpath; Brotli support will be unavailable.
2023-04-27 12:07:03 DEBUG HttpHandler:70 ? 

Request DefaultHttpRequest(decodeResult: success, version: HTTP/1.1)
POST /session HTTP/1.1
User-Agent: selenium/4.9.0 (java windows)
Content-Length: 254
Content-Type: application/json; charset=utf-8
host: localhost:35939
accept: */*

Response DefaultHttpResponse(decodeResult: success, version: HTTP/1.1)
HTTP/1.1 200 OK
Content-Length: 860
Content-Type: application/json; charset=utf-8
cache-control: no-cache

2023-04-27 12:07:03 DEBUG ChannelManager:270 ? Adding key: http://localhost:35939 for channel [id: 0x9919c486, L:/127.0.0.1:50118 - R:localhost/127.0.0.1:35939]
2023-04-27 12:07:03 DEBUG NettyConnectListener:73 ? Using new Channel '[id: 0xa53e5e5e, L:/127.0.0.1:50136 - R:localhost/127.0.0.1:50124]' for 'GET' to '/json/version'
2023-04-27 12:07:03 DEBUG HttpHandler:70 ? 

Request DefaultFullHttpRequest(decodeResult: success, version: HTTP/1.1, content: EmptyByteBufBE)
GET /json/version HTTP/1.1
User-Agent: selenium/4.9.0 (java windows)
host: localhost:50124
accept: */*

Response DefaultHttpResponse(decodeResult: success, version: HTTP/1.1)
HTTP/1.1 200 OK
Content-Security-Policy: frame-ancestors 'none'
Content-Length: 424
Content-Type: application/json; charset=UTF-8

2023-04-27 12:07:03 DEBUG ChannelManager:270 ? Adding key: http://localhost:50124 for channel [id: 0xa53e5e5e, L:/127.0.0.1:50136 - R:localhost/127.0.0.1:50124]
2023-04-27 12:07:03 DEBUG ThreadLocalRandom:214 ? -Dio.netty.initialSeedUniquifier: 0x2d149af74b7e428e
2023-04-27 12:07:03 DEBUG NettyConnectListener:73 ? Using new Channel '[id: 0x717754af, L:/127.0.0.1:50139 - R:localhost/127.0.0.1:50124]' for 'GET' to '/devtools/browser/70fd3a7c-1416-43df-aab0-e04f39b3ef0d'
2023-04-27 12:07:03 DEBUG WebSocketHandler:105 ? 

Request DefaultFullHttpRequest(decodeResult: success, version: HTTP/1.1, content: EmptyByteBufBE)
GET /devtools/browser/70fd3a7c-1416-43df-aab0-e04f39b3ef0d HTTP/1.1
upgrade: websocket
connection: upgrade
sec-websocket-key: 1mbWVVIjNn7sURCUv3dEvQ==
sec-websocket-version: 13
origin: http://localhost:50124
host: localhost:50124
accept: */*
user-agent: AHC/2.1

Response DefaultHttpResponse(decodeResult: success, version: HTTP/1.1)
HTTP/1.1 101 WebSocket Protocol Handshake
Upgrade: WebSocket
Connection: Upgrade
Sec-WebSocket-Accept: nYi039YFmNaczqDybTJtcX85VlU=

2023-04-27 12:07:03 DEBUG NettyRequestSender:593 ? Using pooled Channel '[id: 0x9919c486, L:/127.0.0.1:50118 - R:localhost/127.0.0.1:35939]' for 'POST' to 'http://localhost:35939/session/f601a021237db0942301c07417b3704f/window/maximize'
2023-04-27 12:07:03 DEBUG NettyRequestSender:251 ? Using open Channel [id: 0x9919c486, L:/127.0.0.1:50118 - R:localhost/127.0.0.1:35939] for POST '/session/f601a021237db0942301c07417b3704f/window/maximize'
2023-04-27 12:07:03 DEBUG HttpHandler:70 ? 

Request DefaultHttpRequest(decodeResult: success, version: HTTP/1.1)
POST /session/f601a021237db0942301c07417b3704f/window/maximize HTTP/1.1
User-Agent: selenium/4.9.0 (java windows)
Content-Length: 3
Content-Type: application/json; charset=utf-8
host: localhost:35939
accept: */*

Response DefaultHttpResponse(decodeResult: success, version: HTTP/1.1)
HTTP/1.1 200 OK
Content-Length: 52
Content-Type: application/json; charset=utf-8
cache-control: no-cache

2023-04-27 12:07:03 DEBUG ChannelManager:270 ? Adding key: http://localhost:35939 for channel [id: 0x9919c486, L:/127.0.0.1:50118 - R:localhost/127.0.0.1:35939]
2023-04-27 12:07:03 DEBUG NettyRequestSender:593 ? Using pooled Channel '[id: 0x9919c486, L:/127.0.0.1:50118 - R:localhost/127.0.0.1:35939]' for 'POST' to 'http://localhost:35939/session/f601a021237db0942301c07417b3704f/timeouts'
2023-04-27 12:07:03 DEBUG NettyRequestSender:251 ? Using open Channel [id: 0x9919c486, L:/127.0.0.1:50118 - R:localhost/127.0.0.1:35939] for POST '/session/f601a021237db0942301c07417b3704f/timeouts'
2023-04-27 12:07:03 DEBUG HttpHandler:70 ? 

Request DefaultHttpRequest(decodeResult: success, version: HTTP/1.1)
POST /session/f601a021237db0942301c07417b3704f/timeouts HTTP/1.1
User-Agent: selenium/4.9.0 (java windows)
Content-Length: 23
Content-Type: application/json; charset=utf-8
host: localhost:35939
accept: */*

Response DefaultHttpResponse(decodeResult: success, version: HTTP/1.1)
HTTP/1.1 200 OK
Content-Length: 14
Content-Type: application/json; charset=utf-8
cache-control: no-cache

2023-04-27 12:07:03 DEBUG ChannelManager:270 ? Adding key: http://localhost:35939 for channel [id: 0x9919c486, L:/127.0.0.1:50118 - R:localhost/127.0.0.1:35939]
2023-04-27 12:07:03 DEBUG NettyRequestSender:593 ? Using pooled Channel '[id: 0x9919c486, L:/127.0.0.1:50118 - R:localhost/127.0.0.1:35939]' for 'POST' to 'http://localhost:35939/session/f601a021237db0942301c07417b3704f/url'
2023-04-27 12:07:03 DEBUG NettyRequestSender:251 ? Using open Channel [id: 0x9919c486, L:/127.0.0.1:50118 - R:localhost/127.0.0.1:35939] for POST '/session/f601a021237db0942301c07417b3704f/url'
2023-04-27 12:07:04 DEBUG DefaultChannelPool:348 ? Entry count for : http://localhost:50124 : 1
2023-04-27 12:07:04 DEBUG HttpHandler:70 ? 

Request DefaultHttpRequest(decodeResult: success, version: HTTP/1.1)
POST /session/f601a021237db0942301c07417b3704f/url HTTP/1.1
User-Agent: selenium/4.9.0 (java windows)
Content-Length: 59
Content-Type: application/json; charset=utf-8
host: localhost:35939
accept: */*

Response DefaultHttpResponse(decodeResult: success, version: HTTP/1.1)
HTTP/1.1 200 OK
Content-Length: 14
Content-Type: application/json; charset=utf-8
cache-control: no-cache

2023-04-27 12:07:04 DEBUG ChannelManager:270 ? Adding key: http://localhost:35939 for channel [id: 0x9919c486, L:/127.0.0.1:50118 - R:localhost/127.0.0.1:35939]
2023-04-27 12:07:04 DEBUG NettyRequestSender:593 ? Using pooled Channel '[id: 0x9919c486, L:/127.0.0.1:50118 - R:localhost/127.0.0.1:35939]' for 'POST' to 'http://localhost:35939/session/f601a021237db0942301c07417b3704f/element'
2023-04-27 12:07:04 DEBUG NettyRequestSender:251 ? Using open Channel [id: 0x9919c486, L:/127.0.0.1:50118 - R:localhost/127.0.0.1:35939] for POST '/session/f601a021237db0942301c07417b3704f/element'
2023-04-27 12:07:04 DEBUG HttpHandler:70 ? 

Request DefaultHttpRequest(decodeResult: success, version: HTTP/1.1)
POST /session/f601a021237db0942301c07417b3704f/element HTTP/1.1
User-Agent: selenium/4.9.0 (java windows)
Content-Length: 69
Content-Type: application/json; charset=utf-8
host: localhost:35939
accept: */*

Response DefaultHttpResponse(decodeResult: success, version: HTTP/1.1)
HTTP/1.1 200 OK
Content-Length: 88
Content-Type: application/json; charset=utf-8
cache-control: no-cache

2023-04-27 12:07:04 DEBUG ChannelManager:270 ? Adding key: http://localhost:35939 for channel [id: 0x9919c486, L:/127.0.0.1:50118 - R:localhost/127.0.0.1:35939]
2023-04-27 12:07:04 DEBUG NettyRequestSender:593 ? Using pooled Channel '[id: 0x9919c486, L:/127.0.0.1:50118 - R:localhost/127.0.0.1:35939]' for 'POST' to 'http://localhost:35939/session/f601a021237db0942301c07417b3704f/execute/sync'
2023-04-27 12:07:04 DEBUG NettyRequestSender:251 ? Using open Channel [id: 0x9919c486, L:/127.0.0.1:50118 - R:localhost/127.0.0.1:35939] for POST '/session/f601a021237db0942301c07417b3704f/execute/sync'
2023-04-27 12:07:04 DEBUG HttpHandler:70 ? 

Request DefaultHttpRequest(decodeResult: success, version: HTTP/1.1)
POST /session/f601a021237db0942301c07417b3704f/execute/sync HTTP/1.1
User-Agent: selenium/4.9.0 (java windows)
Content-Length: 48807
Content-Type: application/json; charset=utf-8
host: localhost:35939
accept: */*

Response DefaultHttpResponse(decodeResult: success, version: HTTP/1.1)
HTTP/1.1 200 OK
Content-Length: 14
Content-Type: application/json; charset=utf-8
cache-control: no-cache

2023-04-27 12:07:04 DEBUG ChannelManager:270 ? Adding key: http://localhost:35939 for channel [id: 0x9919c486, L:/127.0.0.1:50118 - R:localhost/127.0.0.1:35939]
2023-04-27 12:07:04 DEBUG NettyRequestSender:593 ? Using pooled Channel '[id: 0x9919c486, L:/127.0.0.1:50118 - R:localhost/127.0.0.1:35939]' for 'POST' to 'http://localhost:35939/session/f601a021237db0942301c07417b3704f/element'
2023-04-27 12:07:04 DEBUG NettyRequestSender:251 ? Using open Channel [id: 0x9919c486, L:/127.0.0.1:50118 - R:localhost/127.0.0.1:35939] for POST '/session/f601a021237db0942301c07417b3704f/element'
2023-04-27 12:07:04 DEBUG HttpHandler:70 ? 

Request DefaultHttpRequest(decodeResult: success, version: HTTP/1.1)
POST /session/f601a021237db0942301c07417b3704f/element HTTP/1.1
User-Agent: selenium/4.9.0 (java windows)
Content-Length: 71
Content-Type: application/json; charset=utf-8
host: localhost:35939
accept: */*

Response DefaultHttpResponse(decodeResult: success, version: HTTP/1.1)
HTTP/1.1 200 OK
Content-Length: 88
Content-Type: application/json; charset=utf-8
cache-control: no-cache

2023-04-27 12:07:04 DEBUG ChannelManager:270 ? Adding key: http://localhost:35939 for channel [id: 0x9919c486, L:/127.0.0.1:50118 - R:localhost/127.0.0.1:35939]
2023-04-27 12:07:04 DEBUG NettyRequestSender:593 ? Using pooled Channel '[id: 0x9919c486, L:/127.0.0.1:50118 - R:localhost/127.0.0.1:35939]' for 'POST' to 'http://localhost:35939/session/f601a021237db0942301c07417b3704f/execute/sync'
2023-04-27 12:07:04 DEBUG NettyRequestSender:251 ? Using open Channel [id: 0x9919c486, L:/127.0.0.1:50118 - R:localhost/127.0.0.1:35939] for POST '/session/f601a021237db0942301c07417b3704f/execute/sync'
2023-04-27 12:07:04 DEBUG HttpHandler:70 ? 

Request DefaultHttpRequest(decodeResult: success, version: HTTP/1.1)
POST /session/f601a021237db0942301c07417b3704f/execute/sync HTTP/1.1
User-Agent: selenium/4.9.0 (java windows)
Content-Length: 48807
Content-Type: application/json; charset=utf-8
host: localhost:35939
accept: */*

Response DefaultHttpResponse(decodeResult: success, version: HTTP/1.1)
HTTP/1.1 200 OK
Content-Length: 14
Content-Type: application/json; charset=utf-8
cache-control: no-cache

2023-04-27 12:07:04 DEBUG ChannelManager:270 ? Adding key: http://localhost:35939 for channel [id: 0x9919c486, L:/127.0.0.1:50118 - R:localhost/127.0.0.1:35939]
2023-04-27 12:07:04 DEBUG NettyRequestSender:593 ? Using pooled Channel '[id: 0x9919c486, L:/127.0.0.1:50118 - R:localhost/127.0.0.1:35939]' for 'POST' to 'http://localhost:35939/session/f601a021237db0942301c07417b3704f/element'
2023-04-27 12:07:04 DEBUG NettyRequestSender:251 ? Using open Channel [id: 0x9919c486, L:/127.0.0.1:50118 - R:localhost/127.0.0.1:35939] for POST '/session/f601a021237db0942301c07417b3704f/element'
2023-04-27 12:07:04 DEBUG HttpHandler:70 ? 

Request DefaultHttpRequest(decodeResult: success, version: HTTP/1.1)
POST /session/f601a021237db0942301c07417b3704f/element HTTP/1.1
User-Agent: selenium/4.9.0 (java windows)
Content-Length: 72
Content-Type: application/json; charset=utf-8
host: localhost:35939
accept: */*

Response DefaultHttpResponse(decodeResult: success, version: HTTP/1.1)
HTTP/1.1 200 OK
Content-Length: 88
Content-Type: application/json; charset=utf-8
cache-control: no-cache

2023-04-27 12:07:04 DEBUG ChannelManager:270 ? Adding key: http://localhost:35939 for channel [id: 0x9919c486, L:/127.0.0.1:50118 - R:localhost/127.0.0.1:35939]
2023-04-27 12:07:04 DEBUG NettyRequestSender:593 ? Using pooled Channel '[id: 0x9919c486, L:/127.0.0.1:50118 - R:localhost/127.0.0.1:35939]' for 'POST' to 'http://localhost:35939/session/f601a021237db0942301c07417b3704f/execute/sync'
2023-04-27 12:07:04 DEBUG NettyRequestSender:251 ? Using open Channel [id: 0x9919c486, L:/127.0.0.1:50118 - R:localhost/127.0.0.1:35939] for POST '/session/f601a021237db0942301c07417b3704f/execute/sync'
2023-04-27 12:07:04 DEBUG HttpHandler:70 ? 

Request DefaultHttpRequest(decodeResult: success, version: HTTP/1.1)
POST /session/f601a021237db0942301c07417b3704f/execute/sync HTTP/1.1
User-Agent: selenium/4.9.0 (java windows)
Content-Length: 48807
Content-Type: application/json; charset=utf-8
host: localhost:35939
accept: */*

Response DefaultHttpResponse(decodeResult: success, version: HTTP/1.1)
HTTP/1.1 200 OK
Content-Length: 14
Content-Type: application/json; charset=utf-8
cache-control: no-cache

2023-04-27 12:07:04 DEBUG ChannelManager:270 ? Adding key: http://localhost:35939 for channel [id: 0x9919c486, L:/127.0.0.1:50118 - R:localhost/127.0.0.1:35939]
2023-04-27 12:07:04 DEBUG NettyRequestSender:593 ? Using pooled Channel '[id: 0x9919c486, L:/127.0.0.1:50118 - R:localhost/127.0.0.1:35939]' for 'POST' to 'http://localhost:35939/session/f601a021237db0942301c07417b3704f/element'
2023-04-27 12:07:04 DEBUG NettyRequestSender:251 ? Using open Channel [id: 0x9919c486, L:/127.0.0.1:50118 - R:localhost/127.0.0.1:35939] for POST '/session/f601a021237db0942301c07417b3704f/element'
2023-04-27 12:07:04 DEBUG HttpHandler:70 ? 

Request DefaultHttpRequest(decodeResult: success, version: HTTP/1.1)
POST /session/f601a021237db0942301c07417b3704f/element HTTP/1.1
User-Agent: selenium/4.9.0 (java windows)
Content-Length: 69
Content-Type: application/json; charset=utf-8
host: localhost:35939
accept: */*

Response DefaultHttpResponse(decodeResult: success, version: HTTP/1.1)
HTTP/1.1 200 OK
Content-Length: 88
Content-Type: application/json; charset=utf-8
cache-control: no-cache

2023-04-27 12:07:04 DEBUG ChannelManager:270 ? Adding key: http://localhost:35939 for channel [id: 0x9919c486, L:/127.0.0.1:50118 - R:localhost/127.0.0.1:35939]
2023-04-27 12:07:04 DEBUG NettyRequestSender:593 ? Using pooled Channel '[id: 0x9919c486, L:/127.0.0.1:50118 - R:localhost/127.0.0.1:35939]' for 'POST' to 'http://localhost:35939/session/f601a021237db0942301c07417b3704f/element'
2023-04-27 12:07:04 DEBUG NettyRequestSender:251 ? Using open Channel [id: 0x9919c486, L:/127.0.0.1:50118 - R:localhost/127.0.0.1:35939] for POST '/session/f601a021237db0942301c07417b3704f/element'
2023-04-27 12:07:04 DEBUG HttpHandler:70 ? 

Request DefaultHttpRequest(decodeResult: success, version: HTTP/1.1)
POST /session/f601a021237db0942301c07417b3704f/element HTTP/1.1
User-Agent: selenium/4.9.0 (java windows)
Content-Length: 150
Content-Type: application/json; charset=utf-8
host: localhost:35939
accept: */*

Response DefaultHttpResponse(decodeResult: success, version: HTTP/1.1)
HTTP/1.1 400 Bad Request
Content-Length: 1354
Content-Type: application/json; charset=utf-8
cache-control: no-cache

2023-04-27 12:07:04 DEBUG ChannelManager:270 ? Adding key: http://localhost:35939 for channel [id: 0x9919c486, L:/127.0.0.1:50118 - R:localhost/127.0.0.1:35939]
2023-04-27 12:10:23 DEBUG InternalLoggerFactory:63 ? Using SLF4J as the default logging framework
2023-04-27 12:10:23 DEBUG ResourceLeakDetector:129 ? -Dio.netty.leakDetection.level: simple
2023-04-27 12:10:23 DEBUG ResourceLeakDetector:130 ? -Dio.netty.leakDetection.targetRecords: 4
2023-04-27 12:10:23 DEBUG ResourceLeakDetectorFactory:196 ? Loaded default ResourceLeakDetector: io.netty.util.ResourceLeakDetector@2f058b8a
2023-04-27 12:10:23 DEBUG PlatformDependent0:496 ? -Dio.netty.noUnsafe: false
2023-04-27 12:10:23 DEBUG PlatformDependent0:1000 ? Java version: 19
2023-04-27 12:10:23 DEBUG PlatformDependent0:137 ? sun.misc.Unsafe.theUnsafe: available
2023-04-27 12:10:23 DEBUG PlatformDependent0:161 ? sun.misc.Unsafe.copyMemory: available
2023-04-27 12:10:23 DEBUG PlatformDependent0:193 ? sun.misc.Unsafe.storeFence: available
2023-04-27 12:10:23 DEBUG PlatformDependent0:236 ? java.nio.Buffer.address: available
2023-04-27 12:10:23 DEBUG PlatformDependent0:320 ? direct buffer constructor: unavailable: Reflective setAccessible(true) disabled
2023-04-27 12:10:23 DEBUG PlatformDependent0:385 ? java.nio.Bits.unaligned: available, true
2023-04-27 12:10:23 DEBUG PlatformDependent0:452 ? jdk.internal.misc.Unsafe.allocateUninitializedArray(int): unavailable: class io.netty.util.internal.PlatformDependent0$7 cannot access class jdk.internal.misc.Unsafe (in module java.base) because module java.base does not export jdk.internal.misc to unnamed module @68f7aae2
2023-04-27 12:10:23 DEBUG PlatformDependent0:482 ? java.nio.DirectByteBuffer.<init>(long, int): unavailable
2023-04-27 12:10:23 DEBUG PlatformDependent:1159 ? sun.misc.Unsafe: available
2023-04-27 12:10:23 DEBUG PlatformDependent:1270 ? maxDirectMemory: 5339348992 bytes (maybe)
2023-04-27 12:10:23 DEBUG PlatformDependent:1289 ? -Dio.netty.tmpdir: C:\Users\rohit\AppData\Local\Temp (java.io.tmpdir)
2023-04-27 12:10:23 DEBUG PlatformDependent:1368 ? -Dio.netty.bitMode: 64 (sun.arch.data.model)
2023-04-27 12:10:23 DEBUG PlatformDependent:1119 ? Platform: Windows
2023-04-27 12:10:23 DEBUG PlatformDependent:178 ? -Dio.netty.maxDirectMemory: -1 bytes
2023-04-27 12:10:23 DEBUG PlatformDependent:185 ? -Dio.netty.uninitializedArrayAllocationThreshold: -1
2023-04-27 12:10:23 DEBUG CleanerJava9:71 ? java.nio.ByteBuffer.cleaner(): available
2023-04-27 12:10:23 DEBUG PlatformDependent:205 ? -Dio.netty.noPreferDirect: false
2023-04-27 12:10:23 DEBUG PlatformDependent:1010 ? org.jctools-core.MpscChunkedArrayQueue: available
2023-04-27 12:10:23 DEBUG InternalThreadLocalMap:100 ? -Dio.netty.threadLocalMap.stringBuilder.initialSize: 1024
2023-04-27 12:10:23 DEBUG InternalThreadLocalMap:101 ? -Dio.netty.threadLocalMap.stringBuilder.maxSize: 4096
2023-04-27 12:10:23 DEBUG JdkSslContext:83 ? Default protocols (JDK): [TLSv1.3, TLSv1.2] 
2023-04-27 12:10:23 DEBUG JdkSslContext:84 ? Default cipher suites (JDK): [TLS_ECDHE_ECDSA_WITH_AES_256_GCM_SHA384, TLS_ECDHE_ECDSA_WITH_AES_128_GCM_SHA256, TLS_ECDHE_RSA_WITH_AES_128_GCM_SHA256, TLS_ECDHE_RSA_WITH_AES_256_GCM_SHA384, TLS_ECDHE_RSA_WITH_AES_128_CBC_SHA, TLS_ECDHE_RSA_WITH_AES_256_CBC_SHA, TLS_RSA_WITH_AES_128_GCM_SHA256, TLS_RSA_WITH_AES_128_CBC_SHA, TLS_RSA_WITH_AES_256_CBC_SHA, TLS_AES_128_GCM_SHA256, TLS_AES_256_GCM_SHA384]
2023-04-27 12:10:23 DEBUG GlobalEventExecutor:53 ? -Dio.netty.globalEventExecutor.quietPeriodSeconds: 1
2023-04-27 12:10:23 DEBUG MultithreadEventLoopGroup:44 ? -Dio.netty.eventLoopThreads: 16
2023-04-27 12:10:23 DEBUG NioEventLoop:110 ? -Dio.netty.noKeySetOptimization: false
2023-04-27 12:10:23 DEBUG NioEventLoop:111 ? -Dio.netty.selectorAutoRebuildThreshold: 512
2023-04-27 12:10:23 DEBUG PooledByteBufAllocator:157 ? -Dio.netty.allocator.numHeapArenas: 16
2023-04-27 12:10:23 DEBUG PooledByteBufAllocator:158 ? -Dio.netty.allocator.numDirectArenas: 16
2023-04-27 12:10:23 DEBUG PooledByteBufAllocator:160 ? -Dio.netty.allocator.pageSize: 8192
2023-04-27 12:10:23 DEBUG PooledByteBufAllocator:165 ? -Dio.netty.allocator.maxOrder: 9
2023-04-27 12:10:23 DEBUG PooledByteBufAllocator:169 ? -Dio.netty.allocator.chunkSize: 4194304
2023-04-27 12:10:23 DEBUG PooledByteBufAllocator:170 ? -Dio.netty.allocator.smallCacheSize: 256
2023-04-27 12:10:23 DEBUG PooledByteBufAllocator:171 ? -Dio.netty.allocator.normalCacheSize: 64
2023-04-27 12:10:23 DEBUG PooledByteBufAllocator:172 ? -Dio.netty.allocator.maxCachedBufferCapacity: 32768
2023-04-27 12:10:23 DEBUG PooledByteBufAllocator:173 ? -Dio.netty.allocator.cacheTrimInterval: 8192
2023-04-27 12:10:23 DEBUG PooledByteBufAllocator:174 ? -Dio.netty.allocator.cacheTrimIntervalMillis: 0
2023-04-27 12:10:23 DEBUG PooledByteBufAllocator:175 ? -Dio.netty.allocator.useCacheForAllThreads: false
2023-04-27 12:10:23 DEBUG PooledByteBufAllocator:176 ? -Dio.netty.allocator.maxCachedByteBuffersPerChunk: 1023
2023-04-27 12:10:23 DEBUG ByteBufUtil:88 ? -Dio.netty.allocator.type: pooled
2023-04-27 12:10:23 DEBUG ByteBufUtil:97 ? -Dio.netty.threadLocalDirectBufferSize: 0
2023-04-27 12:10:23 DEBUG ByteBufUtil:100 ? -Dio.netty.maxThreadLocalCharBufferSize: 16384
2023-04-27 12:10:24 DEBUG DefaultChannelId:79 ? -Dio.netty.processId: 21288 (auto-detected)
2023-04-27 12:10:24 DEBUG NetUtil:148 ? -Djava.net.preferIPv4Stack: false
2023-04-27 12:10:24 DEBUG NetUtil:149 ? -Djava.net.preferIPv6Addresses: false
2023-04-27 12:10:24 DEBUG NetUtilInitializations:145 ? Loopback interface: lo (Software Loopback Interface 1, 127.0.0.1)
2023-04-27 12:10:24 DEBUG NetUtil:206 ? Failed to get SOMAXCONN from sysctl and file \proc\sys\net\core\somaxconn. Default: 200
2023-04-27 12:10:24 DEBUG DefaultChannelId:101 ? -Dio.netty.machineId: 70:c9:4e:ff:fe:a9:98:9d (auto-detected)
2023-04-27 12:10:24 DEBUG AbstractByteBuf:63 ? -Dio.netty.buffer.checkAccessible: true
2023-04-27 12:10:24 DEBUG AbstractByteBuf:64 ? -Dio.netty.buffer.checkBounds: true
2023-04-27 12:10:24 DEBUG ResourceLeakDetectorFactory:196 ? Loaded default ResourceLeakDetector: io.netty.util.ResourceLeakDetector@3b791503
2023-04-27 12:10:24 DEBUG NettyConnectListener:73 ? Using new Channel '[id: 0xdd518d85, L:/127.0.0.1:50564 - R:localhost/127.0.0.1:4730]' for 'POST' to '/session'
2023-04-27 12:10:24 DEBUG Recycler:96 ? -Dio.netty.recycler.maxCapacityPerThread: 4096
2023-04-27 12:10:24 DEBUG Recycler:97 ? -Dio.netty.recycler.ratio: 8
2023-04-27 12:10:24 DEBUG Recycler:98 ? -Dio.netty.recycler.chunkSize: 32
2023-04-27 12:10:24 DEBUG Recycler:99 ? -Dio.netty.recycler.blocking: false
2023-04-27 12:10:24 DEBUG Recycler:100 ? -Dio.netty.recycler.batchFastThreadLocalOnly: true
2023-04-27 12:10:26 DEBUG Brotli:38 ? brotli4j not in the classpath; Brotli support will be unavailable.
2023-04-27 12:10:26 DEBUG HttpHandler:70 ? 

Request DefaultHttpRequest(decodeResult: success, version: HTTP/1.1)
POST /session HTTP/1.1
User-Agent: selenium/4.9.0 (java windows)
Content-Length: 254
Content-Type: application/json; charset=utf-8
host: localhost:4730
accept: */*

Response DefaultHttpResponse(decodeResult: success, version: HTTP/1.1)
HTTP/1.1 200 OK
Content-Length: 859
Content-Type: application/json; charset=utf-8
cache-control: no-cache

2023-04-27 12:10:26 DEBUG ChannelManager:270 ? Adding key: http://localhost:4730 for channel [id: 0xdd518d85, L:/127.0.0.1:50564 - R:localhost/127.0.0.1:4730]
2023-04-27 12:10:26 DEBUG NettyConnectListener:73 ? Using new Channel '[id: 0xed80b274, L:/127.0.0.1:50582 - R:localhost/127.0.0.1:50568]' for 'GET' to '/json/version'
2023-04-27 12:10:26 DEBUG HttpHandler:70 ? 

Request DefaultFullHttpRequest(decodeResult: success, version: HTTP/1.1, content: EmptyByteBufBE)
GET /json/version HTTP/1.1
User-Agent: selenium/4.9.0 (java windows)
host: localhost:50568
accept: */*

Response DefaultHttpResponse(decodeResult: success, version: HTTP/1.1)
HTTP/1.1 200 OK
Content-Security-Policy: frame-ancestors 'none'
Content-Length: 424
Content-Type: application/json; charset=UTF-8

2023-04-27 12:10:26 DEBUG ChannelManager:270 ? Adding key: http://localhost:50568 for channel [id: 0xed80b274, L:/127.0.0.1:50582 - R:localhost/127.0.0.1:50568]
2023-04-27 12:10:26 DEBUG ThreadLocalRandom:214 ? -Dio.netty.initialSeedUniquifier: 0x2ba0a798295a976c
2023-04-27 12:10:26 DEBUG NettyConnectListener:73 ? Using new Channel '[id: 0xc6a2447f, L:/127.0.0.1:50583 - R:localhost/127.0.0.1:50568]' for 'GET' to '/devtools/browser/2163d16d-edb8-427e-8935-ec5f264ea349'
2023-04-27 12:10:26 DEBUG WebSocketHandler:105 ? 

Request DefaultFullHttpRequest(decodeResult: success, version: HTTP/1.1, content: EmptyByteBufBE)
GET /devtools/browser/2163d16d-edb8-427e-8935-ec5f264ea349 HTTP/1.1
upgrade: websocket
connection: upgrade
sec-websocket-key: iVaKa+jvwUdOijA+x21s2A==
sec-websocket-version: 13
origin: http://localhost:50568
host: localhost:50568
accept: */*
user-agent: AHC/2.1

Response DefaultHttpResponse(decodeResult: success, version: HTTP/1.1)
HTTP/1.1 101 WebSocket Protocol Handshake
Upgrade: WebSocket
Connection: Upgrade
Sec-WebSocket-Accept: 5N5l5M72pW+n2/hpNDFUSh9S44s=

2023-04-27 12:10:26 DEBUG NettyRequestSender:593 ? Using pooled Channel '[id: 0xdd518d85, L:/127.0.0.1:50564 - R:localhost/127.0.0.1:4730]' for 'POST' to 'http://localhost:4730/session/8188715d892898d7f9893bd75498a1a0/window/maximize'
2023-04-27 12:10:26 DEBUG NettyRequestSender:251 ? Using open Channel [id: 0xdd518d85, L:/127.0.0.1:50564 - R:localhost/127.0.0.1:4730] for POST '/session/8188715d892898d7f9893bd75498a1a0/window/maximize'
2023-04-27 12:10:26 DEBUG DefaultChannelPool:348 ? Entry count for : http://localhost:50568 : 1
2023-04-27 12:10:26 DEBUG HttpHandler:70 ? 

Request DefaultHttpRequest(decodeResult: success, version: HTTP/1.1)
POST /session/8188715d892898d7f9893bd75498a1a0/window/maximize HTTP/1.1
User-Agent: selenium/4.9.0 (java windows)
Content-Length: 3
Content-Type: application/json; charset=utf-8
host: localhost:4730
accept: */*

Response DefaultHttpResponse(decodeResult: success, version: HTTP/1.1)
HTTP/1.1 200 OK
Content-Length: 52
Content-Type: application/json; charset=utf-8
cache-control: no-cache

2023-04-27 12:10:26 DEBUG ChannelManager:270 ? Adding key: http://localhost:4730 for channel [id: 0xdd518d85, L:/127.0.0.1:50564 - R:localhost/127.0.0.1:4730]
2023-04-27 12:10:26 DEBUG NettyRequestSender:593 ? Using pooled Channel '[id: 0xdd518d85, L:/127.0.0.1:50564 - R:localhost/127.0.0.1:4730]' for 'POST' to 'http://localhost:4730/session/8188715d892898d7f9893bd75498a1a0/timeouts'
2023-04-27 12:10:26 DEBUG NettyRequestSender:251 ? Using open Channel [id: 0xdd518d85, L:/127.0.0.1:50564 - R:localhost/127.0.0.1:4730] for POST '/session/8188715d892898d7f9893bd75498a1a0/timeouts'
2023-04-27 12:10:26 DEBUG HttpHandler:70 ? 

Request DefaultHttpRequest(decodeResult: success, version: HTTP/1.1)
POST /session/8188715d892898d7f9893bd75498a1a0/timeouts HTTP/1.1
User-Agent: selenium/4.9.0 (java windows)
Content-Length: 23
Content-Type: application/json; charset=utf-8
host: localhost:4730
accept: */*

Response DefaultHttpResponse(decodeResult: success, version: HTTP/1.1)
HTTP/1.1 200 OK
Content-Length: 14
Content-Type: application/json; charset=utf-8
cache-control: no-cache

2023-04-27 12:10:26 DEBUG ChannelManager:270 ? Adding key: http://localhost:4730 for channel [id: 0xdd518d85, L:/127.0.0.1:50564 - R:localhost/127.0.0.1:4730]
2023-04-27 12:10:27 DEBUG NettyRequestSender:593 ? Using pooled Channel '[id: 0xdd518d85, L:/127.0.0.1:50564 - R:localhost/127.0.0.1:4730]' for 'POST' to 'http://localhost:4730/session/8188715d892898d7f9893bd75498a1a0/url'
2023-04-27 12:10:27 DEBUG NettyRequestSender:251 ? Using open Channel [id: 0xdd518d85, L:/127.0.0.1:50564 - R:localhost/127.0.0.1:4730] for POST '/session/8188715d892898d7f9893bd75498a1a0/url'
2023-04-27 12:10:27 DEBUG HttpHandler:70 ? 

Request DefaultHttpRequest(decodeResult: success, version: HTTP/1.1)
POST /session/8188715d892898d7f9893bd75498a1a0/url HTTP/1.1
User-Agent: selenium/4.9.0 (java windows)
Content-Length: 59
Content-Type: application/json; charset=utf-8
host: localhost:4730
accept: */*

Response DefaultHttpResponse(decodeResult: success, version: HTTP/1.1)
HTTP/1.1 200 OK
Content-Length: 14
Content-Type: application/json; charset=utf-8
cache-control: no-cache

2023-04-27 12:10:27 DEBUG ChannelManager:270 ? Adding key: http://localhost:4730 for channel [id: 0xdd518d85, L:/127.0.0.1:50564 - R:localhost/127.0.0.1:4730]
2023-04-27 12:10:27 DEBUG NettyRequestSender:593 ? Using pooled Channel '[id: 0xdd518d85, L:/127.0.0.1:50564 - R:localhost/127.0.0.1:4730]' for 'POST' to 'http://localhost:4730/session/8188715d892898d7f9893bd75498a1a0/element'
2023-04-27 12:10:27 DEBUG NettyRequestSender:251 ? Using open Channel [id: 0xdd518d85, L:/127.0.0.1:50564 - R:localhost/127.0.0.1:4730] for POST '/session/8188715d892898d7f9893bd75498a1a0/element'
2023-04-27 12:10:28 DEBUG DefaultChannelPool:348 ? Entry count for : http://localhost:50568 : 1
2023-04-27 12:10:28 DEBUG HttpHandler:70 ? 

Request DefaultHttpRequest(decodeResult: success, version: HTTP/1.1)
POST /session/8188715d892898d7f9893bd75498a1a0/element HTTP/1.1
User-Agent: selenium/4.9.0 (java windows)
Content-Length: 69
Content-Type: application/json; charset=utf-8
host: localhost:4730
accept: */*

Response DefaultHttpResponse(decodeResult: success, version: HTTP/1.1)
HTTP/1.1 200 OK
Content-Length: 88
Content-Type: application/json; charset=utf-8
cache-control: no-cache

2023-04-27 12:10:28 DEBUG ChannelManager:270 ? Adding key: http://localhost:4730 for channel [id: 0xdd518d85, L:/127.0.0.1:50564 - R:localhost/127.0.0.1:4730]
2023-04-27 12:10:28 DEBUG NettyRequestSender:593 ? Using pooled Channel '[id: 0xdd518d85, L:/127.0.0.1:50564 - R:localhost/127.0.0.1:4730]' for 'POST' to 'http://localhost:4730/session/8188715d892898d7f9893bd75498a1a0/element/177f759d-c596-4ef2-91c6-d94437480f8d/value'
2023-04-27 12:10:28 DEBUG NettyRequestSender:251 ? Using open Channel [id: 0xdd518d85, L:/127.0.0.1:50564 - R:localhost/127.0.0.1:4730] for POST '/session/8188715d892898d7f9893bd75498a1a0/element/177f759d-c596-4ef2-91c6-d94437480f8d/value'
2023-04-27 12:10:28 DEBUG HttpHandler:70 ? 

Request DefaultHttpRequest(decodeResult: success, version: HTTP/1.1)
POST /session/8188715d892898d7f9893bd75498a1a0/element/177f759d-c596-4ef2-91c6-d94437480f8d/value HTTP/1.1
User-Agent: selenium/4.9.0 (java windows)
Content-Length: 121
Content-Type: application/json; charset=utf-8
host: localhost:4730
accept: */*

Response DefaultHttpResponse(decodeResult: success, version: HTTP/1.1)
HTTP/1.1 200 OK
Content-Length: 14
Content-Type: application/json; charset=utf-8
cache-control: no-cache

2023-04-27 12:10:28 DEBUG ChannelManager:270 ? Adding key: http://localhost:4730 for channel [id: 0xdd518d85, L:/127.0.0.1:50564 - R:localhost/127.0.0.1:4730]
2023-04-27 12:13:14 DEBUG InternalLoggerFactory:63 ? Using SLF4J as the default logging framework
2023-04-27 12:13:14 DEBUG ResourceLeakDetector:129 ? -Dio.netty.leakDetection.level: simple
2023-04-27 12:13:14 DEBUG ResourceLeakDetector:130 ? -Dio.netty.leakDetection.targetRecords: 4
2023-04-27 12:13:14 DEBUG ResourceLeakDetectorFactory:196 ? Loaded default ResourceLeakDetector: io.netty.util.ResourceLeakDetector@5f2f577
2023-04-27 12:13:14 DEBUG PlatformDependent0:496 ? -Dio.netty.noUnsafe: false
2023-04-27 12:13:14 DEBUG PlatformDependent0:1000 ? Java version: 19
2023-04-27 12:13:14 DEBUG PlatformDependent0:137 ? sun.misc.Unsafe.theUnsafe: available
2023-04-27 12:13:14 DEBUG PlatformDependent0:161 ? sun.misc.Unsafe.copyMemory: available
2023-04-27 12:13:14 DEBUG PlatformDependent0:193 ? sun.misc.Unsafe.storeFence: available
2023-04-27 12:13:14 DEBUG PlatformDependent0:236 ? java.nio.Buffer.address: available
2023-04-27 12:13:14 DEBUG PlatformDependent0:320 ? direct buffer constructor: unavailable: Reflective setAccessible(true) disabled
2023-04-27 12:13:14 DEBUG PlatformDependent0:385 ? java.nio.Bits.unaligned: available, true
2023-04-27 12:13:14 DEBUG PlatformDependent0:452 ? jdk.internal.misc.Unsafe.allocateUninitializedArray(int): unavailable: class io.netty.util.internal.PlatformDependent0$7 cannot access class jdk.internal.misc.Unsafe (in module java.base) because module java.base does not export jdk.internal.misc to unnamed module @68f7aae2
2023-04-27 12:13:14 DEBUG PlatformDependent0:482 ? java.nio.DirectByteBuffer.<init>(long, int): unavailable
2023-04-27 12:13:14 DEBUG PlatformDependent:1159 ? sun.misc.Unsafe: available
2023-04-27 12:13:14 DEBUG PlatformDependent:1270 ? maxDirectMemory: 5339348992 bytes (maybe)
2023-04-27 12:13:14 DEBUG PlatformDependent:1289 ? -Dio.netty.tmpdir: C:\Users\rohit\AppData\Local\Temp (java.io.tmpdir)
2023-04-27 12:13:14 DEBUG PlatformDependent:1368 ? -Dio.netty.bitMode: 64 (sun.arch.data.model)
2023-04-27 12:13:14 DEBUG PlatformDependent:1119 ? Platform: Windows
2023-04-27 12:13:14 DEBUG PlatformDependent:178 ? -Dio.netty.maxDirectMemory: -1 bytes
2023-04-27 12:13:14 DEBUG PlatformDependent:185 ? -Dio.netty.uninitializedArrayAllocationThreshold: -1
2023-04-27 12:13:14 DEBUG CleanerJava9:71 ? java.nio.ByteBuffer.cleaner(): available
2023-04-27 12:13:14 DEBUG PlatformDependent:205 ? -Dio.netty.noPreferDirect: false
2023-04-27 12:13:14 DEBUG PlatformDependent:1010 ? org.jctools-core.MpscChunkedArrayQueue: available
2023-04-27 12:13:14 DEBUG InternalThreadLocalMap:100 ? -Dio.netty.threadLocalMap.stringBuilder.initialSize: 1024
2023-04-27 12:13:14 DEBUG InternalThreadLocalMap:101 ? -Dio.netty.threadLocalMap.stringBuilder.maxSize: 4096
2023-04-27 12:13:14 DEBUG JdkSslContext:83 ? Default protocols (JDK): [TLSv1.3, TLSv1.2] 
2023-04-27 12:13:14 DEBUG JdkSslContext:84 ? Default cipher suites (JDK): [TLS_ECDHE_ECDSA_WITH_AES_256_GCM_SHA384, TLS_ECDHE_ECDSA_WITH_AES_128_GCM_SHA256, TLS_ECDHE_RSA_WITH_AES_128_GCM_SHA256, TLS_ECDHE_RSA_WITH_AES_256_GCM_SHA384, TLS_ECDHE_RSA_WITH_AES_128_CBC_SHA, TLS_ECDHE_RSA_WITH_AES_256_CBC_SHA, TLS_RSA_WITH_AES_128_GCM_SHA256, TLS_RSA_WITH_AES_128_CBC_SHA, TLS_RSA_WITH_AES_256_CBC_SHA, TLS_AES_128_GCM_SHA256, TLS_AES_256_GCM_SHA384]
2023-04-27 12:13:14 DEBUG GlobalEventExecutor:53 ? -Dio.netty.globalEventExecutor.quietPeriodSeconds: 1
2023-04-27 12:13:14 DEBUG MultithreadEventLoopGroup:44 ? -Dio.netty.eventLoopThreads: 16
2023-04-27 12:13:14 DEBUG NioEventLoop:110 ? -Dio.netty.noKeySetOptimization: false
2023-04-27 12:13:14 DEBUG NioEventLoop:111 ? -Dio.netty.selectorAutoRebuildThreshold: 512
2023-04-27 12:13:14 DEBUG PooledByteBufAllocator:157 ? -Dio.netty.allocator.numHeapArenas: 16
2023-04-27 12:13:14 DEBUG PooledByteBufAllocator:158 ? -Dio.netty.allocator.numDirectArenas: 16
2023-04-27 12:13:14 DEBUG PooledByteBufAllocator:160 ? -Dio.netty.allocator.pageSize: 8192
2023-04-27 12:13:14 DEBUG PooledByteBufAllocator:165 ? -Dio.netty.allocator.maxOrder: 9
2023-04-27 12:13:14 DEBUG PooledByteBufAllocator:169 ? -Dio.netty.allocator.chunkSize: 4194304
2023-04-27 12:13:14 DEBUG PooledByteBufAllocator:170 ? -Dio.netty.allocator.smallCacheSize: 256
2023-04-27 12:13:14 DEBUG PooledByteBufAllocator:171 ? -Dio.netty.allocator.normalCacheSize: 64
2023-04-27 12:13:14 DEBUG PooledByteBufAllocator:172 ? -Dio.netty.allocator.maxCachedBufferCapacity: 32768
2023-04-27 12:13:14 DEBUG PooledByteBufAllocator:173 ? -Dio.netty.allocator.cacheTrimInterval: 8192
2023-04-27 12:13:14 DEBUG PooledByteBufAllocator:174 ? -Dio.netty.allocator.cacheTrimIntervalMillis: 0
2023-04-27 12:13:14 DEBUG PooledByteBufAllocator:175 ? -Dio.netty.allocator.useCacheForAllThreads: false
2023-04-27 12:13:14 DEBUG PooledByteBufAllocator:176 ? -Dio.netty.allocator.maxCachedByteBuffersPerChunk: 1023
2023-04-27 12:13:14 DEBUG ByteBufUtil:88 ? -Dio.netty.allocator.type: pooled
2023-04-27 12:13:14 DEBUG ByteBufUtil:97 ? -Dio.netty.threadLocalDirectBufferSize: 0
2023-04-27 12:13:14 DEBUG ByteBufUtil:100 ? -Dio.netty.maxThreadLocalCharBufferSize: 16384
2023-04-27 12:13:14 DEBUG DefaultChannelId:79 ? -Dio.netty.processId: 36572 (auto-detected)
2023-04-27 12:13:14 DEBUG NetUtil:148 ? -Djava.net.preferIPv4Stack: false
2023-04-27 12:13:14 DEBUG NetUtil:149 ? -Djava.net.preferIPv6Addresses: false
2023-04-27 12:13:14 DEBUG NetUtilInitializations:145 ? Loopback interface: lo (Software Loopback Interface 1, 127.0.0.1)
2023-04-27 12:13:14 DEBUG NetUtil:206 ? Failed to get SOMAXCONN from sysctl and file \proc\sys\net\core\somaxconn. Default: 200
2023-04-27 12:13:14 DEBUG DefaultChannelId:101 ? -Dio.netty.machineId: 70:c9:4e:ff:fe:a9:98:9d (auto-detected)
2023-04-27 12:13:14 DEBUG AbstractByteBuf:63 ? -Dio.netty.buffer.checkAccessible: true
2023-04-27 12:13:14 DEBUG AbstractByteBuf:64 ? -Dio.netty.buffer.checkBounds: true
2023-04-27 12:13:14 DEBUG ResourceLeakDetectorFactory:196 ? Loaded default ResourceLeakDetector: io.netty.util.ResourceLeakDetector@7deba151
2023-04-27 12:13:14 DEBUG NettyConnectListener:73 ? Using new Channel '[id: 0xb0654fb7, L:/127.0.0.1:50946 - R:localhost/127.0.0.1:22456]' for 'POST' to '/session'
2023-04-27 12:13:14 DEBUG Recycler:96 ? -Dio.netty.recycler.maxCapacityPerThread: 4096
2023-04-27 12:13:14 DEBUG Recycler:97 ? -Dio.netty.recycler.ratio: 8
2023-04-27 12:13:14 DEBUG Recycler:98 ? -Dio.netty.recycler.chunkSize: 32
2023-04-27 12:13:14 DEBUG Recycler:99 ? -Dio.netty.recycler.blocking: false
2023-04-27 12:13:14 DEBUG Recycler:100 ? -Dio.netty.recycler.batchFastThreadLocalOnly: true
2023-04-27 12:13:15 DEBUG Brotli:38 ? brotli4j not in the classpath; Brotli support will be unavailable.
2023-04-27 12:13:15 DEBUG HttpHandler:70 ? 

Request DefaultHttpRequest(decodeResult: success, version: HTTP/1.1)
POST /session HTTP/1.1
User-Agent: selenium/4.9.0 (java windows)
Content-Length: 254
Content-Type: application/json; charset=utf-8
host: localhost:22456
accept: */*

Response DefaultHttpResponse(decodeResult: success, version: HTTP/1.1)
HTTP/1.1 200 OK
Content-Length: 859
Content-Type: application/json; charset=utf-8
cache-control: no-cache

2023-04-27 12:13:15 DEBUG ChannelManager:270 ? Adding key: http://localhost:22456 for channel [id: 0xb0654fb7, L:/127.0.0.1:50946 - R:localhost/127.0.0.1:22456]
2023-04-27 12:13:15 DEBUG NettyConnectListener:73 ? Using new Channel '[id: 0x5697868d, L:/127.0.0.1:50965 - R:localhost/127.0.0.1:50952]' for 'GET' to '/json/version'
2023-04-27 12:13:15 DEBUG HttpHandler:70 ? 

Request DefaultFullHttpRequest(decodeResult: success, version: HTTP/1.1, content: EmptyByteBufBE)
GET /json/version HTTP/1.1
User-Agent: selenium/4.9.0 (java windows)
host: localhost:50952
accept: */*

Response DefaultHttpResponse(decodeResult: success, version: HTTP/1.1)
HTTP/1.1 200 OK
Content-Security-Policy: frame-ancestors 'none'
Content-Length: 424
Content-Type: application/json; charset=UTF-8

2023-04-27 12:13:15 DEBUG ChannelManager:270 ? Adding key: http://localhost:50952 for channel [id: 0x5697868d, L:/127.0.0.1:50965 - R:localhost/127.0.0.1:50952]
2023-04-27 12:13:15 DEBUG ThreadLocalRandom:214 ? -Dio.netty.initialSeedUniquifier: 0x408071ad9f7e0ded
2023-04-27 12:13:15 DEBUG NettyConnectListener:73 ? Using new Channel '[id: 0x247286d8, L:/127.0.0.1:50966 - R:localhost/127.0.0.1:50952]' for 'GET' to '/devtools/browser/a0a22e08-6c26-4797-a1b6-a8ee78704da2'
2023-04-27 12:13:15 DEBUG WebSocketHandler:105 ? 

Request DefaultFullHttpRequest(decodeResult: success, version: HTTP/1.1, content: EmptyByteBufBE)
GET /devtools/browser/a0a22e08-6c26-4797-a1b6-a8ee78704da2 HTTP/1.1
upgrade: websocket
connection: upgrade
sec-websocket-key: GK+ACh64JA0tsQFEtUgS+w==
sec-websocket-version: 13
origin: http://localhost:50952
host: localhost:50952
accept: */*
user-agent: AHC/2.1

Response DefaultHttpResponse(decodeResult: success, version: HTTP/1.1)
HTTP/1.1 101 WebSocket Protocol Handshake
Upgrade: WebSocket
Connection: Upgrade
Sec-WebSocket-Accept: YzQhAQy4wwCMoVHSMbqXJumzQQ0=

2023-04-27 12:13:15 DEBUG NettyRequestSender:593 ? Using pooled Channel '[id: 0xb0654fb7, L:/127.0.0.1:50946 - R:localhost/127.0.0.1:22456]' for 'POST' to 'http://localhost:22456/session/0a7027ab98bb8a1e5d53d5c45a63e191/window/maximize'
2023-04-27 12:13:15 DEBUG NettyRequestSender:251 ? Using open Channel [id: 0xb0654fb7, L:/127.0.0.1:50946 - R:localhost/127.0.0.1:22456] for POST '/session/0a7027ab98bb8a1e5d53d5c45a63e191/window/maximize'
2023-04-27 12:13:15 DEBUG HttpHandler:70 ? 

Request DefaultHttpRequest(decodeResult: success, version: HTTP/1.1)
POST /session/0a7027ab98bb8a1e5d53d5c45a63e191/window/maximize HTTP/1.1
User-Agent: selenium/4.9.0 (java windows)
Content-Length: 3
Content-Type: application/json; charset=utf-8
host: localhost:22456
accept: */*

Response DefaultHttpResponse(decodeResult: success, version: HTTP/1.1)
HTTP/1.1 200 OK
Content-Length: 52
Content-Type: application/json; charset=utf-8
cache-control: no-cache

2023-04-27 12:13:15 DEBUG ChannelManager:270 ? Adding key: http://localhost:22456 for channel [id: 0xb0654fb7, L:/127.0.0.1:50946 - R:localhost/127.0.0.1:22456]
2023-04-27 12:13:15 DEBUG NettyRequestSender:593 ? Using pooled Channel '[id: 0xb0654fb7, L:/127.0.0.1:50946 - R:localhost/127.0.0.1:22456]' for 'POST' to 'http://localhost:22456/session/0a7027ab98bb8a1e5d53d5c45a63e191/timeouts'
2023-04-27 12:13:15 DEBUG NettyRequestSender:251 ? Using open Channel [id: 0xb0654fb7, L:/127.0.0.1:50946 - R:localhost/127.0.0.1:22456] for POST '/session/0a7027ab98bb8a1e5d53d5c45a63e191/timeouts'
2023-04-27 12:13:15 DEBUG HttpHandler:70 ? 

Request DefaultHttpRequest(decodeResult: success, version: HTTP/1.1)
POST /session/0a7027ab98bb8a1e5d53d5c45a63e191/timeouts HTTP/1.1
User-Agent: selenium/4.9.0 (java windows)
Content-Length: 23
Content-Type: application/json; charset=utf-8
host: localhost:22456
accept: */*

Response DefaultHttpResponse(decodeResult: success, version: HTTP/1.1)
HTTP/1.1 200 OK
Content-Length: 14
Content-Type: application/json; charset=utf-8
cache-control: no-cache

2023-04-27 12:13:15 DEBUG ChannelManager:270 ? Adding key: http://localhost:22456 for channel [id: 0xb0654fb7, L:/127.0.0.1:50946 - R:localhost/127.0.0.1:22456]
2023-04-27 12:13:16 DEBUG NettyRequestSender:593 ? Using pooled Channel '[id: 0xb0654fb7, L:/127.0.0.1:50946 - R:localhost/127.0.0.1:22456]' for 'POST' to 'http://localhost:22456/session/0a7027ab98bb8a1e5d53d5c45a63e191/url'
2023-04-27 12:13:16 DEBUG NettyRequestSender:251 ? Using open Channel [id: 0xb0654fb7, L:/127.0.0.1:50946 - R:localhost/127.0.0.1:22456] for POST '/session/0a7027ab98bb8a1e5d53d5c45a63e191/url'
2023-04-27 12:13:16 DEBUG DefaultChannelPool:348 ? Entry count for : http://localhost:50952 : 1
2023-04-27 12:13:16 DEBUG HttpHandler:70 ? 

Request DefaultHttpRequest(decodeResult: success, version: HTTP/1.1)
POST /session/0a7027ab98bb8a1e5d53d5c45a63e191/url HTTP/1.1
User-Agent: selenium/4.9.0 (java windows)
Content-Length: 59
Content-Type: application/json; charset=utf-8
host: localhost:22456
accept: */*

Response DefaultHttpResponse(decodeResult: success, version: HTTP/1.1)
HTTP/1.1 200 OK
Content-Length: 14
Content-Type: application/json; charset=utf-8
cache-control: no-cache

2023-04-27 12:13:16 DEBUG ChannelManager:270 ? Adding key: http://localhost:22456 for channel [id: 0xb0654fb7, L:/127.0.0.1:50946 - R:localhost/127.0.0.1:22456]
2023-04-27 12:13:16 DEBUG NettyRequestSender:593 ? Using pooled Channel '[id: 0xb0654fb7, L:/127.0.0.1:50946 - R:localhost/127.0.0.1:22456]' for 'POST' to 'http://localhost:22456/session/0a7027ab98bb8a1e5d53d5c45a63e191/element'
2023-04-27 12:13:16 DEBUG NettyRequestSender:251 ? Using open Channel [id: 0xb0654fb7, L:/127.0.0.1:50946 - R:localhost/127.0.0.1:22456] for POST '/session/0a7027ab98bb8a1e5d53d5c45a63e191/element'
2023-04-27 12:13:16 DEBUG HttpHandler:70 ? 

Request DefaultHttpRequest(decodeResult: success, version: HTTP/1.1)
POST /session/0a7027ab98bb8a1e5d53d5c45a63e191/element HTTP/1.1
User-Agent: selenium/4.9.0 (java windows)
Content-Length: 69
Content-Type: application/json; charset=utf-8
host: localhost:22456
accept: */*

Response DefaultHttpResponse(decodeResult: success, version: HTTP/1.1)
HTTP/1.1 200 OK
Content-Length: 88
Content-Type: application/json; charset=utf-8
cache-control: no-cache

2023-04-27 12:13:16 DEBUG ChannelManager:270 ? Adding key: http://localhost:22456 for channel [id: 0xb0654fb7, L:/127.0.0.1:50946 - R:localhost/127.0.0.1:22456]
2023-04-27 12:13:16 DEBUG NettyRequestSender:593 ? Using pooled Channel '[id: 0xb0654fb7, L:/127.0.0.1:50946 - R:localhost/127.0.0.1:22456]' for 'POST' to 'http://localhost:22456/session/0a7027ab98bb8a1e5d53d5c45a63e191/element/0d8a4749-3341-4447-b526-2c05830ed143/value'
2023-04-27 12:13:16 DEBUG NettyRequestSender:251 ? Using open Channel [id: 0xb0654fb7, L:/127.0.0.1:50946 - R:localhost/127.0.0.1:22456] for POST '/session/0a7027ab98bb8a1e5d53d5c45a63e191/element/0d8a4749-3341-4447-b526-2c05830ed143/value'
2023-04-27 12:13:17 DEBUG HttpHandler:70 ? 

Request DefaultHttpRequest(decodeResult: success, version: HTTP/1.1)
POST /session/0a7027ab98bb8a1e5d53d5c45a63e191/element/0d8a4749-3341-4447-b526-2c05830ed143/value HTTP/1.1
User-Agent: selenium/4.9.0 (java windows)
Content-Length: 121
Content-Type: application/json; charset=utf-8
host: localhost:22456
accept: */*

Response DefaultHttpResponse(decodeResult: success, version: HTTP/1.1)
HTTP/1.1 200 OK
Content-Length: 14
Content-Type: application/json; charset=utf-8
cache-control: no-cache

2023-04-27 12:13:17 DEBUG ChannelManager:270 ? Adding key: http://localhost:22456 for channel [id: 0xb0654fb7, L:/127.0.0.1:50946 - R:localhost/127.0.0.1:22456]
2023-04-27 12:13:17 DEBUG NettyRequestSender:593 ? Using pooled Channel '[id: 0xb0654fb7, L:/127.0.0.1:50946 - R:localhost/127.0.0.1:22456]' for 'POST' to 'http://localhost:22456/session/0a7027ab98bb8a1e5d53d5c45a63e191/element'
2023-04-27 12:13:17 DEBUG NettyRequestSender:251 ? Using open Channel [id: 0xb0654fb7, L:/127.0.0.1:50946 - R:localhost/127.0.0.1:22456] for POST '/session/0a7027ab98bb8a1e5d53d5c45a63e191/element'
2023-04-27 12:13:17 DEBUG HttpHandler:70 ? 

Request DefaultHttpRequest(decodeResult: success, version: HTTP/1.1)
POST /session/0a7027ab98bb8a1e5d53d5c45a63e191/element HTTP/1.1
User-Agent: selenium/4.9.0 (java windows)
Content-Length: 69
Content-Type: application/json; charset=utf-8
host: localhost:22456
accept: */*

Response DefaultHttpResponse(decodeResult: success, version: HTTP/1.1)
HTTP/1.1 200 OK
Content-Length: 88
Content-Type: application/json; charset=utf-8
cache-control: no-cache

2023-04-27 12:13:17 DEBUG ChannelManager:270 ? Adding key: http://localhost:22456 for channel [id: 0xb0654fb7, L:/127.0.0.1:50946 - R:localhost/127.0.0.1:22456]
2023-04-27 12:13:17 DEBUG NettyRequestSender:593 ? Using pooled Channel '[id: 0xb0654fb7, L:/127.0.0.1:50946 - R:localhost/127.0.0.1:22456]' for 'POST' to 'http://localhost:22456/session/0a7027ab98bb8a1e5d53d5c45a63e191/element/0d8a4749-3341-4447-b526-2c05830ed143/value'
2023-04-27 12:13:17 DEBUG NettyRequestSender:251 ? Using open Channel [id: 0xb0654fb7, L:/127.0.0.1:50946 - R:localhost/127.0.0.1:22456] for POST '/session/0a7027ab98bb8a1e5d53d5c45a63e191/element/0d8a4749-3341-4447-b526-2c05830ed143/value'
2023-04-27 12:13:17 DEBUG HttpHandler:70 ? 

Request DefaultHttpRequest(decodeResult: success, version: HTTP/1.1)
POST /session/0a7027ab98bb8a1e5d53d5c45a63e191/element/0d8a4749-3341-4447-b526-2c05830ed143/value HTTP/1.1
User-Agent: selenium/4.9.0 (java windows)
Content-Length: 171
Content-Type: application/json; charset=utf-8
host: localhost:22456
accept: */*

Response DefaultHttpResponse(decodeResult: success, version: HTTP/1.1)
HTTP/1.1 200 OK
Content-Length: 14
Content-Type: application/json; charset=utf-8
cache-control: no-cache

2023-04-27 12:13:17 DEBUG ChannelManager:270 ? Adding key: http://localhost:22456 for channel [id: 0xb0654fb7, L:/127.0.0.1:50946 - R:localhost/127.0.0.1:22456]
2023-04-27 12:14:07 DEBUG InternalLoggerFactory:63 ? Using SLF4J as the default logging framework
2023-04-27 12:14:07 DEBUG ResourceLeakDetector:129 ? -Dio.netty.leakDetection.level: simple
2023-04-27 12:14:07 DEBUG ResourceLeakDetector:130 ? -Dio.netty.leakDetection.targetRecords: 4
2023-04-27 12:14:07 DEBUG ResourceLeakDetectorFactory:196 ? Loaded default ResourceLeakDetector: io.netty.util.ResourceLeakDetector@5f2f577
2023-04-27 12:14:07 DEBUG PlatformDependent0:496 ? -Dio.netty.noUnsafe: false
2023-04-27 12:14:07 DEBUG PlatformDependent0:1000 ? Java version: 19
2023-04-27 12:14:07 DEBUG PlatformDependent0:137 ? sun.misc.Unsafe.theUnsafe: available
2023-04-27 12:14:07 DEBUG PlatformDependent0:161 ? sun.misc.Unsafe.copyMemory: available
2023-04-27 12:14:07 DEBUG PlatformDependent0:193 ? sun.misc.Unsafe.storeFence: available
2023-04-27 12:14:07 DEBUG PlatformDependent0:236 ? java.nio.Buffer.address: available
2023-04-27 12:14:07 DEBUG PlatformDependent0:320 ? direct buffer constructor: unavailable: Reflective setAccessible(true) disabled
2023-04-27 12:14:07 DEBUG PlatformDependent0:385 ? java.nio.Bits.unaligned: available, true
2023-04-27 12:14:07 DEBUG PlatformDependent0:452 ? jdk.internal.misc.Unsafe.allocateUninitializedArray(int): unavailable: class io.netty.util.internal.PlatformDependent0$7 cannot access class jdk.internal.misc.Unsafe (in module java.base) because module java.base does not export jdk.internal.misc to unnamed module @68f7aae2
2023-04-27 12:14:07 DEBUG PlatformDependent0:482 ? java.nio.DirectByteBuffer.<init>(long, int): unavailable
2023-04-27 12:14:07 DEBUG PlatformDependent:1159 ? sun.misc.Unsafe: available
2023-04-27 12:14:07 DEBUG PlatformDependent:1270 ? maxDirectMemory: 5339348992 bytes (maybe)
2023-04-27 12:14:07 DEBUG PlatformDependent:1289 ? -Dio.netty.tmpdir: C:\Users\rohit\AppData\Local\Temp (java.io.tmpdir)
2023-04-27 12:14:07 DEBUG PlatformDependent:1368 ? -Dio.netty.bitMode: 64 (sun.arch.data.model)
2023-04-27 12:14:07 DEBUG PlatformDependent:1119 ? Platform: Windows
2023-04-27 12:14:07 DEBUG PlatformDependent:178 ? -Dio.netty.maxDirectMemory: -1 bytes
2023-04-27 12:14:07 DEBUG PlatformDependent:185 ? -Dio.netty.uninitializedArrayAllocationThreshold: -1
2023-04-27 12:14:07 DEBUG CleanerJava9:71 ? java.nio.ByteBuffer.cleaner(): available
2023-04-27 12:14:07 DEBUG PlatformDependent:205 ? -Dio.netty.noPreferDirect: false
2023-04-27 12:14:07 DEBUG PlatformDependent:1010 ? org.jctools-core.MpscChunkedArrayQueue: available
2023-04-27 12:14:07 DEBUG InternalThreadLocalMap:100 ? -Dio.netty.threadLocalMap.stringBuilder.initialSize: 1024
2023-04-27 12:14:07 DEBUG InternalThreadLocalMap:101 ? -Dio.netty.threadLocalMap.stringBuilder.maxSize: 4096
2023-04-27 12:14:07 DEBUG JdkSslContext:83 ? Default protocols (JDK): [TLSv1.3, TLSv1.2] 
2023-04-27 12:14:07 DEBUG JdkSslContext:84 ? Default cipher suites (JDK): [TLS_ECDHE_ECDSA_WITH_AES_256_GCM_SHA384, TLS_ECDHE_ECDSA_WITH_AES_128_GCM_SHA256, TLS_ECDHE_RSA_WITH_AES_128_GCM_SHA256, TLS_ECDHE_RSA_WITH_AES_256_GCM_SHA384, TLS_ECDHE_RSA_WITH_AES_128_CBC_SHA, TLS_ECDHE_RSA_WITH_AES_256_CBC_SHA, TLS_RSA_WITH_AES_128_GCM_SHA256, TLS_RSA_WITH_AES_128_CBC_SHA, TLS_RSA_WITH_AES_256_CBC_SHA, TLS_AES_128_GCM_SHA256, TLS_AES_256_GCM_SHA384]
2023-04-27 12:14:07 DEBUG GlobalEventExecutor:53 ? -Dio.netty.globalEventExecutor.quietPeriodSeconds: 1
2023-04-27 12:14:07 DEBUG MultithreadEventLoopGroup:44 ? -Dio.netty.eventLoopThreads: 16
2023-04-27 12:14:07 DEBUG NioEventLoop:110 ? -Dio.netty.noKeySetOptimization: false
2023-04-27 12:14:07 DEBUG NioEventLoop:111 ? -Dio.netty.selectorAutoRebuildThreshold: 512
2023-04-27 12:14:07 DEBUG PooledByteBufAllocator:157 ? -Dio.netty.allocator.numHeapArenas: 16
2023-04-27 12:14:07 DEBUG PooledByteBufAllocator:158 ? -Dio.netty.allocator.numDirectArenas: 16
2023-04-27 12:14:07 DEBUG PooledByteBufAllocator:160 ? -Dio.netty.allocator.pageSize: 8192
2023-04-27 12:14:07 DEBUG PooledByteBufAllocator:165 ? -Dio.netty.allocator.maxOrder: 9
2023-04-27 12:14:07 DEBUG PooledByteBufAllocator:169 ? -Dio.netty.allocator.chunkSize: 4194304
2023-04-27 12:14:07 DEBUG PooledByteBufAllocator:170 ? -Dio.netty.allocator.smallCacheSize: 256
2023-04-27 12:14:07 DEBUG PooledByteBufAllocator:171 ? -Dio.netty.allocator.normalCacheSize: 64
2023-04-27 12:14:07 DEBUG PooledByteBufAllocator:172 ? -Dio.netty.allocator.maxCachedBufferCapacity: 32768
2023-04-27 12:14:07 DEBUG PooledByteBufAllocator:173 ? -Dio.netty.allocator.cacheTrimInterval: 8192
2023-04-27 12:14:07 DEBUG PooledByteBufAllocator:174 ? -Dio.netty.allocator.cacheTrimIntervalMillis: 0
2023-04-27 12:14:07 DEBUG PooledByteBufAllocator:175 ? -Dio.netty.allocator.useCacheForAllThreads: false
2023-04-27 12:14:07 DEBUG PooledByteBufAllocator:176 ? -Dio.netty.allocator.maxCachedByteBuffersPerChunk: 1023
2023-04-27 12:14:07 DEBUG ByteBufUtil:88 ? -Dio.netty.allocator.type: pooled
2023-04-27 12:14:07 DEBUG ByteBufUtil:97 ? -Dio.netty.threadLocalDirectBufferSize: 0
2023-04-27 12:14:07 DEBUG ByteBufUtil:100 ? -Dio.netty.maxThreadLocalCharBufferSize: 16384
2023-04-27 12:14:07 DEBUG DefaultChannelId:79 ? -Dio.netty.processId: 10928 (auto-detected)
2023-04-27 12:14:07 DEBUG NetUtil:148 ? -Djava.net.preferIPv4Stack: false
2023-04-27 12:14:07 DEBUG NetUtil:149 ? -Djava.net.preferIPv6Addresses: false
2023-04-27 12:14:07 DEBUG NetUtilInitializations:145 ? Loopback interface: lo (Software Loopback Interface 1, 127.0.0.1)
2023-04-27 12:14:07 DEBUG NetUtil:206 ? Failed to get SOMAXCONN from sysctl and file \proc\sys\net\core\somaxconn. Default: 200
2023-04-27 12:14:07 DEBUG DefaultChannelId:101 ? -Dio.netty.machineId: 70:c9:4e:ff:fe:a9:98:9d (auto-detected)
2023-04-27 12:14:07 DEBUG AbstractByteBuf:63 ? -Dio.netty.buffer.checkAccessible: true
2023-04-27 12:14:07 DEBUG AbstractByteBuf:64 ? -Dio.netty.buffer.checkBounds: true
2023-04-27 12:14:07 DEBUG ResourceLeakDetectorFactory:196 ? Loaded default ResourceLeakDetector: io.netty.util.ResourceLeakDetector@46eafc3c
2023-04-27 12:14:07 DEBUG NettyConnectListener:73 ? Using new Channel '[id: 0x7b98b3ee, L:/127.0.0.1:51136 - R:localhost/127.0.0.1:3426]' for 'POST' to '/session'
2023-04-27 12:14:08 DEBUG Recycler:96 ? -Dio.netty.recycler.maxCapacityPerThread: 4096
2023-04-27 12:14:08 DEBUG Recycler:97 ? -Dio.netty.recycler.ratio: 8
2023-04-27 12:14:08 DEBUG Recycler:98 ? -Dio.netty.recycler.chunkSize: 32
2023-04-27 12:14:08 DEBUG Recycler:99 ? -Dio.netty.recycler.blocking: false
2023-04-27 12:14:08 DEBUG Recycler:100 ? -Dio.netty.recycler.batchFastThreadLocalOnly: true
2023-04-27 12:14:08 DEBUG Brotli:38 ? brotli4j not in the classpath; Brotli support will be unavailable.
2023-04-27 12:14:08 DEBUG HttpHandler:70 ? 

Request DefaultHttpRequest(decodeResult: success, version: HTTP/1.1)
POST /session HTTP/1.1
User-Agent: selenium/4.9.0 (java windows)
Content-Length: 254
Content-Type: application/json; charset=utf-8
host: localhost:3426
accept: */*

Response DefaultHttpResponse(decodeResult: success, version: HTTP/1.1)
HTTP/1.1 200 OK
Content-Length: 860
Content-Type: application/json; charset=utf-8
cache-control: no-cache

2023-04-27 12:14:08 DEBUG ChannelManager:270 ? Adding key: http://localhost:3426 for channel [id: 0x7b98b3ee, L:/127.0.0.1:51136 - R:localhost/127.0.0.1:3426]
2023-04-27 12:14:09 DEBUG NettyConnectListener:73 ? Using new Channel '[id: 0x9971a162, L:/127.0.0.1:51156 - R:localhost/127.0.0.1:51139]' for 'GET' to '/json/version'
2023-04-27 12:14:09 DEBUG HttpHandler:70 ? 

Request DefaultFullHttpRequest(decodeResult: success, version: HTTP/1.1, content: EmptyByteBufBE)
GET /json/version HTTP/1.1
User-Agent: selenium/4.9.0 (java windows)
host: localhost:51139
accept: */*

Response DefaultHttpResponse(decodeResult: success, version: HTTP/1.1)
HTTP/1.1 200 OK
Content-Security-Policy: frame-ancestors 'none'
Content-Length: 424
Content-Type: application/json; charset=UTF-8

2023-04-27 12:14:09 DEBUG ChannelManager:270 ? Adding key: http://localhost:51139 for channel [id: 0x9971a162, L:/127.0.0.1:51156 - R:localhost/127.0.0.1:51139]
2023-04-27 12:14:09 DEBUG ThreadLocalRandom:214 ? -Dio.netty.initialSeedUniquifier: 0x457c1bed2982b9d3
2023-04-27 12:14:09 DEBUG NettyConnectListener:73 ? Using new Channel '[id: 0xdb2f82be, L:/127.0.0.1:51157 - R:localhost/127.0.0.1:51139]' for 'GET' to '/devtools/browser/d54ab1f6-926b-4ec3-a4c7-54c68418cef6'
2023-04-27 12:14:09 DEBUG WebSocketHandler:105 ? 

Request DefaultFullHttpRequest(decodeResult: success, version: HTTP/1.1, content: EmptyByteBufBE)
GET /devtools/browser/d54ab1f6-926b-4ec3-a4c7-54c68418cef6 HTTP/1.1
upgrade: websocket
connection: upgrade
sec-websocket-key: ObtWemEpGjsWUs5Do8j2JA==
sec-websocket-version: 13
origin: http://localhost:51139
host: localhost:51139
accept: */*
user-agent: AHC/2.1

Response DefaultHttpResponse(decodeResult: success, version: HTTP/1.1)
HTTP/1.1 101 WebSocket Protocol Handshake
Upgrade: WebSocket
Connection: Upgrade
Sec-WebSocket-Accept: aeuqf6ZcaOaOfwrOMb7ef7TdoB0=

2023-04-27 12:14:09 DEBUG NettyRequestSender:593 ? Using pooled Channel '[id: 0x7b98b3ee, L:/127.0.0.1:51136 - R:localhost/127.0.0.1:3426]' for 'POST' to 'http://localhost:3426/session/8a212af8aeb4711e89f8e51afdce856c/window/maximize'
2023-04-27 12:14:09 DEBUG NettyRequestSender:251 ? Using open Channel [id: 0x7b98b3ee, L:/127.0.0.1:51136 - R:localhost/127.0.0.1:3426] for POST '/session/8a212af8aeb4711e89f8e51afdce856c/window/maximize'
2023-04-27 12:14:09 DEBUG HttpHandler:70 ? 

Request DefaultHttpRequest(decodeResult: success, version: HTTP/1.1)
POST /session/8a212af8aeb4711e89f8e51afdce856c/window/maximize HTTP/1.1
User-Agent: selenium/4.9.0 (java windows)
Content-Length: 3
Content-Type: application/json; charset=utf-8
host: localhost:3426
accept: */*

Response DefaultHttpResponse(decodeResult: success, version: HTTP/1.1)
HTTP/1.1 200 OK
Content-Length: 52
Content-Type: application/json; charset=utf-8
cache-control: no-cache

2023-04-27 12:14:09 DEBUG ChannelManager:270 ? Adding key: http://localhost:3426 for channel [id: 0x7b98b3ee, L:/127.0.0.1:51136 - R:localhost/127.0.0.1:3426]
2023-04-27 12:14:09 DEBUG NettyRequestSender:593 ? Using pooled Channel '[id: 0x7b98b3ee, L:/127.0.0.1:51136 - R:localhost/127.0.0.1:3426]' for 'POST' to 'http://localhost:3426/session/8a212af8aeb4711e89f8e51afdce856c/timeouts'
2023-04-27 12:14:09 DEBUG NettyRequestSender:251 ? Using open Channel [id: 0x7b98b3ee, L:/127.0.0.1:51136 - R:localhost/127.0.0.1:3426] for POST '/session/8a212af8aeb4711e89f8e51afdce856c/timeouts'
2023-04-27 12:14:09 DEBUG HttpHandler:70 ? 

Request DefaultHttpRequest(decodeResult: success, version: HTTP/1.1)
POST /session/8a212af8aeb4711e89f8e51afdce856c/timeouts HTTP/1.1
User-Agent: selenium/4.9.0 (java windows)
Content-Length: 23
Content-Type: application/json; charset=utf-8
host: localhost:3426
accept: */*

Response DefaultHttpResponse(decodeResult: success, version: HTTP/1.1)
HTTP/1.1 200 OK
Content-Length: 14
Content-Type: application/json; charset=utf-8
cache-control: no-cache

2023-04-27 12:14:09 DEBUG ChannelManager:270 ? Adding key: http://localhost:3426 for channel [id: 0x7b98b3ee, L:/127.0.0.1:51136 - R:localhost/127.0.0.1:3426]
2023-04-27 12:14:09 DEBUG NettyRequestSender:593 ? Using pooled Channel '[id: 0x7b98b3ee, L:/127.0.0.1:51136 - R:localhost/127.0.0.1:3426]' for 'POST' to 'http://localhost:3426/session/8a212af8aeb4711e89f8e51afdce856c/url'
2023-04-27 12:14:09 DEBUG NettyRequestSender:251 ? Using open Channel [id: 0x7b98b3ee, L:/127.0.0.1:51136 - R:localhost/127.0.0.1:3426] for POST '/session/8a212af8aeb4711e89f8e51afdce856c/url'
2023-04-27 12:14:09 DEBUG DefaultChannelPool:348 ? Entry count for : http://localhost:51139 : 1
2023-04-27 12:14:10 DEBUG HttpHandler:70 ? 

Request DefaultHttpRequest(decodeResult: success, version: HTTP/1.1)
POST /session/8a212af8aeb4711e89f8e51afdce856c/url HTTP/1.1
User-Agent: selenium/4.9.0 (java windows)
Content-Length: 59
Content-Type: application/json; charset=utf-8
host: localhost:3426
accept: */*

Response DefaultHttpResponse(decodeResult: success, version: HTTP/1.1)
HTTP/1.1 200 OK
Content-Length: 14
Content-Type: application/json; charset=utf-8
cache-control: no-cache

2023-04-27 12:14:10 DEBUG ChannelManager:270 ? Adding key: http://localhost:3426 for channel [id: 0x7b98b3ee, L:/127.0.0.1:51136 - R:localhost/127.0.0.1:3426]
2023-04-27 12:14:10 DEBUG NettyRequestSender:593 ? Using pooled Channel '[id: 0x7b98b3ee, L:/127.0.0.1:51136 - R:localhost/127.0.0.1:3426]' for 'POST' to 'http://localhost:3426/session/8a212af8aeb4711e89f8e51afdce856c/element'
2023-04-27 12:14:10 DEBUG NettyRequestSender:251 ? Using open Channel [id: 0x7b98b3ee, L:/127.0.0.1:51136 - R:localhost/127.0.0.1:3426] for POST '/session/8a212af8aeb4711e89f8e51afdce856c/element'
2023-04-27 12:14:10 DEBUG HttpHandler:70 ? 

Request DefaultHttpRequest(decodeResult: success, version: HTTP/1.1)
POST /session/8a212af8aeb4711e89f8e51afdce856c/element HTTP/1.1
User-Agent: selenium/4.9.0 (java windows)
Content-Length: 69
Content-Type: application/json; charset=utf-8
host: localhost:3426
accept: */*

Response DefaultHttpResponse(decodeResult: success, version: HTTP/1.1)
HTTP/1.1 200 OK
Content-Length: 88
Content-Type: application/json; charset=utf-8
cache-control: no-cache

2023-04-27 12:14:10 DEBUG ChannelManager:270 ? Adding key: http://localhost:3426 for channel [id: 0x7b98b3ee, L:/127.0.0.1:51136 - R:localhost/127.0.0.1:3426]
2023-04-27 12:14:10 DEBUG NettyRequestSender:593 ? Using pooled Channel '[id: 0x7b98b3ee, L:/127.0.0.1:51136 - R:localhost/127.0.0.1:3426]' for 'POST' to 'http://localhost:3426/session/8a212af8aeb4711e89f8e51afdce856c/element/491250b9-d9e6-499a-9525-9226177fa5a1/value'
2023-04-27 12:14:10 DEBUG NettyRequestSender:251 ? Using open Channel [id: 0x7b98b3ee, L:/127.0.0.1:51136 - R:localhost/127.0.0.1:3426] for POST '/session/8a212af8aeb4711e89f8e51afdce856c/element/491250b9-d9e6-499a-9525-9226177fa5a1/value'
2023-04-27 12:14:10 DEBUG HttpHandler:70 ? 

Request DefaultHttpRequest(decodeResult: success, version: HTTP/1.1)
POST /session/8a212af8aeb4711e89f8e51afdce856c/element/491250b9-d9e6-499a-9525-9226177fa5a1/value HTTP/1.1
User-Agent: selenium/4.9.0 (java windows)
Content-Length: 121
Content-Type: application/json; charset=utf-8
host: localhost:3426
accept: */*

Response DefaultHttpResponse(decodeResult: success, version: HTTP/1.1)
HTTP/1.1 200 OK
Content-Length: 14
Content-Type: application/json; charset=utf-8
cache-control: no-cache

2023-04-27 12:14:10 DEBUG ChannelManager:270 ? Adding key: http://localhost:3426 for channel [id: 0x7b98b3ee, L:/127.0.0.1:51136 - R:localhost/127.0.0.1:3426]
2023-04-27 12:14:10 DEBUG NettyRequestSender:593 ? Using pooled Channel '[id: 0x7b98b3ee, L:/127.0.0.1:51136 - R:localhost/127.0.0.1:3426]' for 'POST' to 'http://localhost:3426/session/8a212af8aeb4711e89f8e51afdce856c/element'
2023-04-27 12:14:10 DEBUG NettyRequestSender:251 ? Using open Channel [id: 0x7b98b3ee, L:/127.0.0.1:51136 - R:localhost/127.0.0.1:3426] for POST '/session/8a212af8aeb4711e89f8e51afdce856c/element'
2023-04-27 12:14:10 DEBUG HttpHandler:70 ? 

Request DefaultHttpRequest(decodeResult: success, version: HTTP/1.1)
POST /session/8a212af8aeb4711e89f8e51afdce856c/element HTTP/1.1
User-Agent: selenium/4.9.0 (java windows)
Content-Length: 69
Content-Type: application/json; charset=utf-8
host: localhost:3426
accept: */*

Response DefaultHttpResponse(decodeResult: success, version: HTTP/1.1)
HTTP/1.1 200 OK
Content-Length: 88
Content-Type: application/json; charset=utf-8
cache-control: no-cache

2023-04-27 12:14:10 DEBUG ChannelManager:270 ? Adding key: http://localhost:3426 for channel [id: 0x7b98b3ee, L:/127.0.0.1:51136 - R:localhost/127.0.0.1:3426]
2023-04-27 12:14:10 DEBUG NettyRequestSender:593 ? Using pooled Channel '[id: 0x7b98b3ee, L:/127.0.0.1:51136 - R:localhost/127.0.0.1:3426]' for 'POST' to 'http://localhost:3426/session/8a212af8aeb4711e89f8e51afdce856c/element/491250b9-d9e6-499a-9525-9226177fa5a1/value'
2023-04-27 12:14:10 DEBUG NettyRequestSender:251 ? Using open Channel [id: 0x7b98b3ee, L:/127.0.0.1:51136 - R:localhost/127.0.0.1:3426] for POST '/session/8a212af8aeb4711e89f8e51afdce856c/element/491250b9-d9e6-499a-9525-9226177fa5a1/value'
2023-04-27 12:14:10 DEBUG HttpHandler:70 ? 

Request DefaultHttpRequest(decodeResult: success, version: HTTP/1.1)
POST /session/8a212af8aeb4711e89f8e51afdce856c/element/491250b9-d9e6-499a-9525-9226177fa5a1/value HTTP/1.1
User-Agent: selenium/4.9.0 (java windows)
Content-Length: 171
Content-Type: application/json; charset=utf-8
host: localhost:3426
accept: */*

Response DefaultHttpResponse(decodeResult: success, version: HTTP/1.1)
HTTP/1.1 200 OK
Content-Length: 14
Content-Type: application/json; charset=utf-8
cache-control: no-cache

2023-04-27 12:14:10 DEBUG ChannelManager:270 ? Adding key: http://localhost:3426 for channel [id: 0x7b98b3ee, L:/127.0.0.1:51136 - R:localhost/127.0.0.1:3426]
2023-04-27 12:21:17 DEBUG InternalLoggerFactory:63 ? Using SLF4J as the default logging framework
2023-04-27 12:21:17 DEBUG ResourceLeakDetector:129 ? -Dio.netty.leakDetection.level: simple
2023-04-27 12:21:17 DEBUG ResourceLeakDetector:130 ? -Dio.netty.leakDetection.targetRecords: 4
2023-04-27 12:21:17 DEBUG ResourceLeakDetectorFactory:196 ? Loaded default ResourceLeakDetector: io.netty.util.ResourceLeakDetector@5f2f577
2023-04-27 12:21:17 DEBUG PlatformDependent0:496 ? -Dio.netty.noUnsafe: false
2023-04-27 12:21:17 DEBUG PlatformDependent0:1000 ? Java version: 19
2023-04-27 12:21:17 DEBUG PlatformDependent0:137 ? sun.misc.Unsafe.theUnsafe: available
2023-04-27 12:21:17 DEBUG PlatformDependent0:161 ? sun.misc.Unsafe.copyMemory: available
2023-04-27 12:21:17 DEBUG PlatformDependent0:193 ? sun.misc.Unsafe.storeFence: available
2023-04-27 12:21:17 DEBUG PlatformDependent0:236 ? java.nio.Buffer.address: available
2023-04-27 12:21:17 DEBUG PlatformDependent0:320 ? direct buffer constructor: unavailable: Reflective setAccessible(true) disabled
2023-04-27 12:21:17 DEBUG PlatformDependent0:385 ? java.nio.Bits.unaligned: available, true
2023-04-27 12:21:17 DEBUG PlatformDependent0:452 ? jdk.internal.misc.Unsafe.allocateUninitializedArray(int): unavailable: class io.netty.util.internal.PlatformDependent0$7 cannot access class jdk.internal.misc.Unsafe (in module java.base) because module java.base does not export jdk.internal.misc to unnamed module @68f7aae2
2023-04-27 12:21:17 DEBUG PlatformDependent0:482 ? java.nio.DirectByteBuffer.<init>(long, int): unavailable
2023-04-27 12:21:17 DEBUG PlatformDependent:1159 ? sun.misc.Unsafe: available
2023-04-27 12:21:17 DEBUG PlatformDependent:1270 ? maxDirectMemory: 5339348992 bytes (maybe)
2023-04-27 12:21:17 DEBUG PlatformDependent:1289 ? -Dio.netty.tmpdir: C:\Users\rohit\AppData\Local\Temp (java.io.tmpdir)
2023-04-27 12:21:17 DEBUG PlatformDependent:1368 ? -Dio.netty.bitMode: 64 (sun.arch.data.model)
2023-04-27 12:21:17 DEBUG PlatformDependent:1119 ? Platform: Windows
2023-04-27 12:21:17 DEBUG PlatformDependent:178 ? -Dio.netty.maxDirectMemory: -1 bytes
2023-04-27 12:21:17 DEBUG PlatformDependent:185 ? -Dio.netty.uninitializedArrayAllocationThreshold: -1
2023-04-27 12:21:17 DEBUG CleanerJava9:71 ? java.nio.ByteBuffer.cleaner(): available
2023-04-27 12:21:17 DEBUG PlatformDependent:205 ? -Dio.netty.noPreferDirect: false
2023-04-27 12:21:17 DEBUG PlatformDependent:1010 ? org.jctools-core.MpscChunkedArrayQueue: available
2023-04-27 12:21:17 DEBUG InternalThreadLocalMap:100 ? -Dio.netty.threadLocalMap.stringBuilder.initialSize: 1024
2023-04-27 12:21:17 DEBUG InternalThreadLocalMap:101 ? -Dio.netty.threadLocalMap.stringBuilder.maxSize: 4096
2023-04-27 12:21:18 DEBUG JdkSslContext:83 ? Default protocols (JDK): [TLSv1.3, TLSv1.2] 
2023-04-27 12:21:18 DEBUG JdkSslContext:84 ? Default cipher suites (JDK): [TLS_ECDHE_ECDSA_WITH_AES_256_GCM_SHA384, TLS_ECDHE_ECDSA_WITH_AES_128_GCM_SHA256, TLS_ECDHE_RSA_WITH_AES_128_GCM_SHA256, TLS_ECDHE_RSA_WITH_AES_256_GCM_SHA384, TLS_ECDHE_RSA_WITH_AES_128_CBC_SHA, TLS_ECDHE_RSA_WITH_AES_256_CBC_SHA, TLS_RSA_WITH_AES_128_GCM_SHA256, TLS_RSA_WITH_AES_128_CBC_SHA, TLS_RSA_WITH_AES_256_CBC_SHA, TLS_AES_128_GCM_SHA256, TLS_AES_256_GCM_SHA384]
2023-04-27 12:21:18 DEBUG GlobalEventExecutor:53 ? -Dio.netty.globalEventExecutor.quietPeriodSeconds: 1
2023-04-27 12:21:18 DEBUG MultithreadEventLoopGroup:44 ? -Dio.netty.eventLoopThreads: 16
2023-04-27 12:21:18 DEBUG NioEventLoop:110 ? -Dio.netty.noKeySetOptimization: false
2023-04-27 12:21:18 DEBUG NioEventLoop:111 ? -Dio.netty.selectorAutoRebuildThreshold: 512
2023-04-27 12:21:18 DEBUG PooledByteBufAllocator:157 ? -Dio.netty.allocator.numHeapArenas: 16
2023-04-27 12:21:18 DEBUG PooledByteBufAllocator:158 ? -Dio.netty.allocator.numDirectArenas: 16
2023-04-27 12:21:18 DEBUG PooledByteBufAllocator:160 ? -Dio.netty.allocator.pageSize: 8192
2023-04-27 12:21:18 DEBUG PooledByteBufAllocator:165 ? -Dio.netty.allocator.maxOrder: 9
2023-04-27 12:21:18 DEBUG PooledByteBufAllocator:169 ? -Dio.netty.allocator.chunkSize: 4194304
2023-04-27 12:21:18 DEBUG PooledByteBufAllocator:170 ? -Dio.netty.allocator.smallCacheSize: 256
2023-04-27 12:21:18 DEBUG PooledByteBufAllocator:171 ? -Dio.netty.allocator.normalCacheSize: 64
2023-04-27 12:21:18 DEBUG PooledByteBufAllocator:172 ? -Dio.netty.allocator.maxCachedBufferCapacity: 32768
2023-04-27 12:21:18 DEBUG PooledByteBufAllocator:173 ? -Dio.netty.allocator.cacheTrimInterval: 8192
2023-04-27 12:21:18 DEBUG PooledByteBufAllocator:174 ? -Dio.netty.allocator.cacheTrimIntervalMillis: 0
2023-04-27 12:21:18 DEBUG PooledByteBufAllocator:175 ? -Dio.netty.allocator.useCacheForAllThreads: false
2023-04-27 12:21:18 DEBUG PooledByteBufAllocator:176 ? -Dio.netty.allocator.maxCachedByteBuffersPerChunk: 1023
2023-04-27 12:21:18 DEBUG ByteBufUtil:88 ? -Dio.netty.allocator.type: pooled
2023-04-27 12:21:18 DEBUG ByteBufUtil:97 ? -Dio.netty.threadLocalDirectBufferSize: 0
2023-04-27 12:21:18 DEBUG ByteBufUtil:100 ? -Dio.netty.maxThreadLocalCharBufferSize: 16384
2023-04-27 12:21:18 DEBUG DefaultChannelId:79 ? -Dio.netty.processId: 12092 (auto-detected)
2023-04-27 12:21:18 DEBUG NetUtil:148 ? -Djava.net.preferIPv4Stack: false
2023-04-27 12:21:18 DEBUG NetUtil:149 ? -Djava.net.preferIPv6Addresses: false
2023-04-27 12:21:18 DEBUG NetUtilInitializations:145 ? Loopback interface: lo (Software Loopback Interface 1, 127.0.0.1)
2023-04-27 12:21:18 DEBUG NetUtil:206 ? Failed to get SOMAXCONN from sysctl and file \proc\sys\net\core\somaxconn. Default: 200
2023-04-27 12:21:18 DEBUG DefaultChannelId:101 ? -Dio.netty.machineId: 70:c9:4e:ff:fe:a9:98:9d (auto-detected)
2023-04-27 12:21:18 DEBUG AbstractByteBuf:63 ? -Dio.netty.buffer.checkAccessible: true
2023-04-27 12:21:18 DEBUG AbstractByteBuf:64 ? -Dio.netty.buffer.checkBounds: true
2023-04-27 12:21:18 DEBUG ResourceLeakDetectorFactory:196 ? Loaded default ResourceLeakDetector: io.netty.util.ResourceLeakDetector@46eafc3c
2023-04-27 12:21:18 DEBUG NettyConnectListener:73 ? Using new Channel '[id: 0x5058bda2, L:/127.0.0.1:52122 - R:localhost/127.0.0.1:31024]' for 'POST' to '/session'
2023-04-27 12:21:18 DEBUG Recycler:96 ? -Dio.netty.recycler.maxCapacityPerThread: 4096
2023-04-27 12:21:18 DEBUG Recycler:97 ? -Dio.netty.recycler.ratio: 8
2023-04-27 12:21:18 DEBUG Recycler:98 ? -Dio.netty.recycler.chunkSize: 32
2023-04-27 12:21:18 DEBUG Recycler:99 ? -Dio.netty.recycler.blocking: false
2023-04-27 12:21:18 DEBUG Recycler:100 ? -Dio.netty.recycler.batchFastThreadLocalOnly: true
2023-04-27 12:21:20 DEBUG Brotli:38 ? brotli4j not in the classpath; Brotli support will be unavailable.
2023-04-27 12:21:20 DEBUG HttpHandler:70 ? 

Request DefaultHttpRequest(decodeResult: success, version: HTTP/1.1)
POST /session HTTP/1.1
User-Agent: selenium/4.9.0 (java windows)
Content-Length: 254
Content-Type: application/json; charset=utf-8
host: localhost:31024
accept: */*

Response DefaultHttpResponse(decodeResult: success, version: HTTP/1.1)
HTTP/1.1 200 OK
Content-Length: 860
Content-Type: application/json; charset=utf-8
cache-control: no-cache

2023-04-27 12:21:20 DEBUG ChannelManager:270 ? Adding key: http://localhost:31024 for channel [id: 0x5058bda2, L:/127.0.0.1:52122 - R:localhost/127.0.0.1:31024]
2023-04-27 12:21:20 DEBUG NettyConnectListener:73 ? Using new Channel '[id: 0x6fea3bb1, L:/127.0.0.1:52145 - R:localhost/127.0.0.1:52128]' for 'GET' to '/json/version'
2023-04-27 12:21:20 DEBUG HttpHandler:70 ? 

Request DefaultFullHttpRequest(decodeResult: success, version: HTTP/1.1, content: EmptyByteBufBE)
GET /json/version HTTP/1.1
User-Agent: selenium/4.9.0 (java windows)
host: localhost:52128
accept: */*

Response DefaultHttpResponse(decodeResult: success, version: HTTP/1.1)
HTTP/1.1 200 OK
Content-Security-Policy: frame-ancestors 'none'
Content-Length: 424
Content-Type: application/json; charset=UTF-8

2023-04-27 12:21:20 DEBUG ChannelManager:270 ? Adding key: http://localhost:52128 for channel [id: 0x6fea3bb1, L:/127.0.0.1:52145 - R:localhost/127.0.0.1:52128]
2023-04-27 12:21:20 DEBUG ThreadLocalRandom:214 ? -Dio.netty.initialSeedUniquifier: 0x8bd1e4edb7c56c37
2023-04-27 12:21:20 DEBUG NettyConnectListener:73 ? Using new Channel '[id: 0xe1c0299f, L:/127.0.0.1:52146 - R:localhost/127.0.0.1:52128]' for 'GET' to '/devtools/browser/124c7c47-5004-4442-889b-fee0681e3721'
2023-04-27 12:21:20 DEBUG WebSocketHandler:105 ? 

Request DefaultFullHttpRequest(decodeResult: success, version: HTTP/1.1, content: EmptyByteBufBE)
GET /devtools/browser/124c7c47-5004-4442-889b-fee0681e3721 HTTP/1.1
upgrade: websocket
connection: upgrade
sec-websocket-key: kCF6b+pAQtjTUmLkPshILg==
sec-websocket-version: 13
origin: http://localhost:52128
host: localhost:52128
accept: */*
user-agent: AHC/2.1

Response DefaultHttpResponse(decodeResult: success, version: HTTP/1.1)
HTTP/1.1 101 WebSocket Protocol Handshake
Upgrade: WebSocket
Connection: Upgrade
Sec-WebSocket-Accept: fM2hmBQVYoIBMqkA2ilb7JZjwYI=

2023-04-27 12:21:20 DEBUG NettyRequestSender:593 ? Using pooled Channel '[id: 0x5058bda2, L:/127.0.0.1:52122 - R:localhost/127.0.0.1:31024]' for 'POST' to 'http://localhost:31024/session/a1624bb6afcb547ec2f3d1a61035c35b/window/maximize'
2023-04-27 12:21:20 DEBUG NettyRequestSender:251 ? Using open Channel [id: 0x5058bda2, L:/127.0.0.1:52122 - R:localhost/127.0.0.1:31024] for POST '/session/a1624bb6afcb547ec2f3d1a61035c35b/window/maximize'
2023-04-27 12:21:20 DEBUG HttpHandler:70 ? 

Request DefaultHttpRequest(decodeResult: success, version: HTTP/1.1)
POST /session/a1624bb6afcb547ec2f3d1a61035c35b/window/maximize HTTP/1.1
User-Agent: selenium/4.9.0 (java windows)
Content-Length: 3
Content-Type: application/json; charset=utf-8
host: localhost:31024
accept: */*

Response DefaultHttpResponse(decodeResult: success, version: HTTP/1.1)
HTTP/1.1 200 OK
Content-Length: 52
Content-Type: application/json; charset=utf-8
cache-control: no-cache

2023-04-27 12:21:20 DEBUG ChannelManager:270 ? Adding key: http://localhost:31024 for channel [id: 0x5058bda2, L:/127.0.0.1:52122 - R:localhost/127.0.0.1:31024]
2023-04-27 12:21:20 DEBUG NettyRequestSender:593 ? Using pooled Channel '[id: 0x5058bda2, L:/127.0.0.1:52122 - R:localhost/127.0.0.1:31024]' for 'POST' to 'http://localhost:31024/session/a1624bb6afcb547ec2f3d1a61035c35b/timeouts'
2023-04-27 12:21:20 DEBUG NettyRequestSender:251 ? Using open Channel [id: 0x5058bda2, L:/127.0.0.1:52122 - R:localhost/127.0.0.1:31024] for POST '/session/a1624bb6afcb547ec2f3d1a61035c35b/timeouts'
2023-04-27 12:21:20 DEBUG HttpHandler:70 ? 

Request DefaultHttpRequest(decodeResult: success, version: HTTP/1.1)
POST /session/a1624bb6afcb547ec2f3d1a61035c35b/timeouts HTTP/1.1
User-Agent: selenium/4.9.0 (java windows)
Content-Length: 23
Content-Type: application/json; charset=utf-8
host: localhost:31024
accept: */*

Response DefaultHttpResponse(decodeResult: success, version: HTTP/1.1)
HTTP/1.1 200 OK
Content-Length: 14
Content-Type: application/json; charset=utf-8
cache-control: no-cache

2023-04-27 12:21:20 DEBUG ChannelManager:270 ? Adding key: http://localhost:31024 for channel [id: 0x5058bda2, L:/127.0.0.1:52122 - R:localhost/127.0.0.1:31024]
2023-04-27 12:21:20 DEBUG NettyRequestSender:593 ? Using pooled Channel '[id: 0x5058bda2, L:/127.0.0.1:52122 - R:localhost/127.0.0.1:31024]' for 'POST' to 'http://localhost:31024/session/a1624bb6afcb547ec2f3d1a61035c35b/url'
2023-04-27 12:21:20 DEBUG NettyRequestSender:251 ? Using open Channel [id: 0x5058bda2, L:/127.0.0.1:52122 - R:localhost/127.0.0.1:31024] for POST '/session/a1624bb6afcb547ec2f3d1a61035c35b/url'
2023-04-27 12:21:21 DEBUG DefaultChannelPool:348 ? Entry count for : http://localhost:52128 : 1
2023-04-27 12:21:21 DEBUG HttpHandler:70 ? 

Request DefaultHttpRequest(decodeResult: success, version: HTTP/1.1)
POST /session/a1624bb6afcb547ec2f3d1a61035c35b/url HTTP/1.1
User-Agent: selenium/4.9.0 (java windows)
Content-Length: 59
Content-Type: application/json; charset=utf-8
host: localhost:31024
accept: */*

Response DefaultHttpResponse(decodeResult: success, version: HTTP/1.1)
HTTP/1.1 200 OK
Content-Length: 14
Content-Type: application/json; charset=utf-8
cache-control: no-cache

2023-04-27 12:21:21 DEBUG ChannelManager:270 ? Adding key: http://localhost:31024 for channel [id: 0x5058bda2, L:/127.0.0.1:52122 - R:localhost/127.0.0.1:31024]
2023-04-27 12:21:21 DEBUG NettyRequestSender:593 ? Using pooled Channel '[id: 0x5058bda2, L:/127.0.0.1:52122 - R:localhost/127.0.0.1:31024]' for 'POST' to 'http://localhost:31024/session/a1624bb6afcb547ec2f3d1a61035c35b/element'
2023-04-27 12:21:21 DEBUG NettyRequestSender:251 ? Using open Channel [id: 0x5058bda2, L:/127.0.0.1:52122 - R:localhost/127.0.0.1:31024] for POST '/session/a1624bb6afcb547ec2f3d1a61035c35b/element'
2023-04-27 12:21:21 DEBUG HttpHandler:70 ? 

Request DefaultHttpRequest(decodeResult: success, version: HTTP/1.1)
POST /session/a1624bb6afcb547ec2f3d1a61035c35b/element HTTP/1.1
User-Agent: selenium/4.9.0 (java windows)
Content-Length: 69
Content-Type: application/json; charset=utf-8
host: localhost:31024
accept: */*

Response DefaultHttpResponse(decodeResult: success, version: HTTP/1.1)
HTTP/1.1 200 OK
Content-Length: 88
Content-Type: application/json; charset=utf-8
cache-control: no-cache

2023-04-27 12:21:21 DEBUG ChannelManager:270 ? Adding key: http://localhost:31024 for channel [id: 0x5058bda2, L:/127.0.0.1:52122 - R:localhost/127.0.0.1:31024]
2023-04-27 12:21:21 DEBUG NettyRequestSender:593 ? Using pooled Channel '[id: 0x5058bda2, L:/127.0.0.1:52122 - R:localhost/127.0.0.1:31024]' for 'POST' to 'http://localhost:31024/session/a1624bb6afcb547ec2f3d1a61035c35b/element/185d527b-1814-4016-9264-9f2fb71dd26b/value'
2023-04-27 12:21:21 DEBUG NettyRequestSender:251 ? Using open Channel [id: 0x5058bda2, L:/127.0.0.1:52122 - R:localhost/127.0.0.1:31024] for POST '/session/a1624bb6afcb547ec2f3d1a61035c35b/element/185d527b-1814-4016-9264-9f2fb71dd26b/value'
2023-04-27 12:21:21 DEBUG HttpHandler:70 ? 

Request DefaultHttpRequest(decodeResult: success, version: HTTP/1.1)
POST /session/a1624bb6afcb547ec2f3d1a61035c35b/element/185d527b-1814-4016-9264-9f2fb71dd26b/value HTTP/1.1
User-Agent: selenium/4.9.0 (java windows)
Content-Length: 121
Content-Type: application/json; charset=utf-8
host: localhost:31024
accept: */*

Response DefaultHttpResponse(decodeResult: success, version: HTTP/1.1)
HTTP/1.1 200 OK
Content-Length: 14
Content-Type: application/json; charset=utf-8
cache-control: no-cache

2023-04-27 12:21:21 DEBUG ChannelManager:270 ? Adding key: http://localhost:31024 for channel [id: 0x5058bda2, L:/127.0.0.1:52122 - R:localhost/127.0.0.1:31024]
2023-04-27 12:21:21 DEBUG NettyRequestSender:593 ? Using pooled Channel '[id: 0x5058bda2, L:/127.0.0.1:52122 - R:localhost/127.0.0.1:31024]' for 'POST' to 'http://localhost:31024/session/a1624bb6afcb547ec2f3d1a61035c35b/element'
2023-04-27 12:21:21 DEBUG NettyRequestSender:251 ? Using open Channel [id: 0x5058bda2, L:/127.0.0.1:52122 - R:localhost/127.0.0.1:31024] for POST '/session/a1624bb6afcb547ec2f3d1a61035c35b/element'
2023-04-27 12:21:21 DEBUG HttpHandler:70 ? 

Request DefaultHttpRequest(decodeResult: success, version: HTTP/1.1)
POST /session/a1624bb6afcb547ec2f3d1a61035c35b/element HTTP/1.1
User-Agent: selenium/4.9.0 (java windows)
Content-Length: 69
Content-Type: application/json; charset=utf-8
host: localhost:31024
accept: */*

Response DefaultHttpResponse(decodeResult: success, version: HTTP/1.1)
HTTP/1.1 200 OK
Content-Length: 88
Content-Type: application/json; charset=utf-8
cache-control: no-cache

2023-04-27 12:21:21 DEBUG ChannelManager:270 ? Adding key: http://localhost:31024 for channel [id: 0x5058bda2, L:/127.0.0.1:52122 - R:localhost/127.0.0.1:31024]
2023-04-27 12:21:21 DEBUG NettyRequestSender:593 ? Using pooled Channel '[id: 0x5058bda2, L:/127.0.0.1:52122 - R:localhost/127.0.0.1:31024]' for 'POST' to 'http://localhost:31024/session/a1624bb6afcb547ec2f3d1a61035c35b/element/185d527b-1814-4016-9264-9f2fb71dd26b/value'
2023-04-27 12:21:21 DEBUG NettyRequestSender:251 ? Using open Channel [id: 0x5058bda2, L:/127.0.0.1:52122 - R:localhost/127.0.0.1:31024] for POST '/session/a1624bb6afcb547ec2f3d1a61035c35b/element/185d527b-1814-4016-9264-9f2fb71dd26b/value'
2023-04-27 12:21:21 DEBUG HttpHandler:70 ? 

Request DefaultHttpRequest(decodeResult: success, version: HTTP/1.1)
POST /session/a1624bb6afcb547ec2f3d1a61035c35b/element/185d527b-1814-4016-9264-9f2fb71dd26b/value HTTP/1.1
User-Agent: selenium/4.9.0 (java windows)
Content-Length: 171
Content-Type: application/json; charset=utf-8
host: localhost:31024
accept: */*

Response DefaultHttpResponse(decodeResult: success, version: HTTP/1.1)
HTTP/1.1 200 OK
Content-Length: 14
Content-Type: application/json; charset=utf-8
cache-control: no-cache

2023-04-27 12:21:21 DEBUG ChannelManager:270 ? Adding key: http://localhost:31024 for channel [id: 0x5058bda2, L:/127.0.0.1:52122 - R:localhost/127.0.0.1:31024]
2023-04-27 12:21:21 DEBUG NettyRequestSender:593 ? Using pooled Channel '[id: 0x5058bda2, L:/127.0.0.1:52122 - R:localhost/127.0.0.1:31024]' for 'POST' to 'http://localhost:31024/session/a1624bb6afcb547ec2f3d1a61035c35b/element'
2023-04-27 12:21:21 DEBUG NettyRequestSender:251 ? Using open Channel [id: 0x5058bda2, L:/127.0.0.1:52122 - R:localhost/127.0.0.1:31024] for POST '/session/a1624bb6afcb547ec2f3d1a61035c35b/element'
2023-04-27 12:21:21 DEBUG HttpHandler:70 ? 

Request DefaultHttpRequest(decodeResult: success, version: HTTP/1.1)
POST /session/a1624bb6afcb547ec2f3d1a61035c35b/element HTTP/1.1
User-Agent: selenium/4.9.0 (java windows)
Content-Length: 74
Content-Type: application/json; charset=utf-8
host: localhost:31024
accept: */*

Response DefaultHttpResponse(decodeResult: success, version: HTTP/1.1)
HTTP/1.1 200 OK
Content-Length: 88
Content-Type: application/json; charset=utf-8
cache-control: no-cache

2023-04-27 12:21:21 DEBUG ChannelManager:270 ? Adding key: http://localhost:31024 for channel [id: 0x5058bda2, L:/127.0.0.1:52122 - R:localhost/127.0.0.1:31024]
2023-04-27 12:21:21 DEBUG NettyRequestSender:593 ? Using pooled Channel '[id: 0x5058bda2, L:/127.0.0.1:52122 - R:localhost/127.0.0.1:31024]' for 'POST' to 'http://localhost:31024/session/a1624bb6afcb547ec2f3d1a61035c35b/actions'
2023-04-27 12:21:21 DEBUG NettyRequestSender:251 ? Using open Channel [id: 0x5058bda2, L:/127.0.0.1:52122 - R:localhost/127.0.0.1:31024] for POST '/session/a1624bb6afcb547ec2f3d1a61035c35b/actions'
2023-04-27 12:21:22 DEBUG HttpHandler:70 ? 

Request DefaultHttpRequest(decodeResult: success, version: HTTP/1.1)
POST /session/a1624bb6afcb547ec2f3d1a61035c35b/actions HTTP/1.1
User-Agent: selenium/4.9.0 (java windows)
Content-Length: 567
Content-Type: application/json; charset=utf-8
host: localhost:31024
accept: */*

Response DefaultHttpResponse(decodeResult: success, version: HTTP/1.1)
HTTP/1.1 200 OK
Content-Length: 14
Content-Type: application/json; charset=utf-8
cache-control: no-cache

2023-04-27 12:21:22 DEBUG ChannelManager:270 ? Adding key: http://localhost:31024 for channel [id: 0x5058bda2, L:/127.0.0.1:52122 - R:localhost/127.0.0.1:31024]
2023-04-27 12:23:18 DEBUG InternalLoggerFactory:63 ? Using SLF4J as the default logging framework
2023-04-27 12:23:18 DEBUG ResourceLeakDetector:129 ? -Dio.netty.leakDetection.level: simple
2023-04-27 12:23:18 DEBUG ResourceLeakDetector:130 ? -Dio.netty.leakDetection.targetRecords: 4
2023-04-27 12:23:18 DEBUG ResourceLeakDetectorFactory:196 ? Loaded default ResourceLeakDetector: io.netty.util.ResourceLeakDetector@6175619b
2023-04-27 12:23:19 DEBUG PlatformDependent0:496 ? -Dio.netty.noUnsafe: false
2023-04-27 12:23:19 DEBUG PlatformDependent0:1000 ? Java version: 19
2023-04-27 12:23:19 DEBUG PlatformDependent0:137 ? sun.misc.Unsafe.theUnsafe: available
2023-04-27 12:23:19 DEBUG PlatformDependent0:161 ? sun.misc.Unsafe.copyMemory: available
2023-04-27 12:23:19 DEBUG PlatformDependent0:193 ? sun.misc.Unsafe.storeFence: available
2023-04-27 12:23:19 DEBUG PlatformDependent0:236 ? java.nio.Buffer.address: available
2023-04-27 12:23:19 DEBUG PlatformDependent0:320 ? direct buffer constructor: unavailable: Reflective setAccessible(true) disabled
2023-04-27 12:23:19 DEBUG PlatformDependent0:385 ? java.nio.Bits.unaligned: available, true
2023-04-27 12:23:19 DEBUG PlatformDependent0:452 ? jdk.internal.misc.Unsafe.allocateUninitializedArray(int): unavailable: class io.netty.util.internal.PlatformDependent0$7 cannot access class jdk.internal.misc.Unsafe (in module java.base) because module java.base does not export jdk.internal.misc to unnamed module @68f7aae2
2023-04-27 12:23:19 DEBUG PlatformDependent0:482 ? java.nio.DirectByteBuffer.<init>(long, int): unavailable
2023-04-27 12:23:19 DEBUG PlatformDependent:1159 ? sun.misc.Unsafe: available
2023-04-27 12:23:19 DEBUG PlatformDependent:1270 ? maxDirectMemory: 5339348992 bytes (maybe)
2023-04-27 12:23:19 DEBUG PlatformDependent:1289 ? -Dio.netty.tmpdir: C:\Users\rohit\AppData\Local\Temp (java.io.tmpdir)
2023-04-27 12:23:19 DEBUG PlatformDependent:1368 ? -Dio.netty.bitMode: 64 (sun.arch.data.model)
2023-04-27 12:23:19 DEBUG PlatformDependent:1119 ? Platform: Windows
2023-04-27 12:23:19 DEBUG PlatformDependent:178 ? -Dio.netty.maxDirectMemory: -1 bytes
2023-04-27 12:23:19 DEBUG PlatformDependent:185 ? -Dio.netty.uninitializedArrayAllocationThreshold: -1
2023-04-27 12:23:19 DEBUG CleanerJava9:71 ? java.nio.ByteBuffer.cleaner(): available
2023-04-27 12:23:19 DEBUG PlatformDependent:205 ? -Dio.netty.noPreferDirect: false
2023-04-27 12:23:19 DEBUG PlatformDependent:1010 ? org.jctools-core.MpscChunkedArrayQueue: available
2023-04-27 12:23:19 DEBUG InternalThreadLocalMap:100 ? -Dio.netty.threadLocalMap.stringBuilder.initialSize: 1024
2023-04-27 12:23:19 DEBUG InternalThreadLocalMap:101 ? -Dio.netty.threadLocalMap.stringBuilder.maxSize: 4096
2023-04-27 12:23:19 DEBUG JdkSslContext:83 ? Default protocols (JDK): [TLSv1.3, TLSv1.2] 
2023-04-27 12:23:19 DEBUG JdkSslContext:84 ? Default cipher suites (JDK): [TLS_ECDHE_ECDSA_WITH_AES_256_GCM_SHA384, TLS_ECDHE_ECDSA_WITH_AES_128_GCM_SHA256, TLS_ECDHE_RSA_WITH_AES_128_GCM_SHA256, TLS_ECDHE_RSA_WITH_AES_256_GCM_SHA384, TLS_ECDHE_RSA_WITH_AES_128_CBC_SHA, TLS_ECDHE_RSA_WITH_AES_256_CBC_SHA, TLS_RSA_WITH_AES_128_GCM_SHA256, TLS_RSA_WITH_AES_128_CBC_SHA, TLS_RSA_WITH_AES_256_CBC_SHA, TLS_AES_128_GCM_SHA256, TLS_AES_256_GCM_SHA384]
2023-04-27 12:23:19 DEBUG GlobalEventExecutor:53 ? -Dio.netty.globalEventExecutor.quietPeriodSeconds: 1
2023-04-27 12:23:19 DEBUG MultithreadEventLoopGroup:44 ? -Dio.netty.eventLoopThreads: 16
2023-04-27 12:23:19 DEBUG NioEventLoop:110 ? -Dio.netty.noKeySetOptimization: false
2023-04-27 12:23:19 DEBUG NioEventLoop:111 ? -Dio.netty.selectorAutoRebuildThreshold: 512
2023-04-27 12:23:19 DEBUG PooledByteBufAllocator:157 ? -Dio.netty.allocator.numHeapArenas: 16
2023-04-27 12:23:19 DEBUG PooledByteBufAllocator:158 ? -Dio.netty.allocator.numDirectArenas: 16
2023-04-27 12:23:19 DEBUG PooledByteBufAllocator:160 ? -Dio.netty.allocator.pageSize: 8192
2023-04-27 12:23:19 DEBUG PooledByteBufAllocator:165 ? -Dio.netty.allocator.maxOrder: 9
2023-04-27 12:23:19 DEBUG PooledByteBufAllocator:169 ? -Dio.netty.allocator.chunkSize: 4194304
2023-04-27 12:23:19 DEBUG PooledByteBufAllocator:170 ? -Dio.netty.allocator.smallCacheSize: 256
2023-04-27 12:23:19 DEBUG PooledByteBufAllocator:171 ? -Dio.netty.allocator.normalCacheSize: 64
2023-04-27 12:23:19 DEBUG PooledByteBufAllocator:172 ? -Dio.netty.allocator.maxCachedBufferCapacity: 32768
2023-04-27 12:23:19 DEBUG PooledByteBufAllocator:173 ? -Dio.netty.allocator.cacheTrimInterval: 8192
2023-04-27 12:23:19 DEBUG PooledByteBufAllocator:174 ? -Dio.netty.allocator.cacheTrimIntervalMillis: 0
2023-04-27 12:23:19 DEBUG PooledByteBufAllocator:175 ? -Dio.netty.allocator.useCacheForAllThreads: false
2023-04-27 12:23:19 DEBUG PooledByteBufAllocator:176 ? -Dio.netty.allocator.maxCachedByteBuffersPerChunk: 1023
2023-04-27 12:23:19 DEBUG ByteBufUtil:88 ? -Dio.netty.allocator.type: pooled
2023-04-27 12:23:19 DEBUG ByteBufUtil:97 ? -Dio.netty.threadLocalDirectBufferSize: 0
2023-04-27 12:23:19 DEBUG ByteBufUtil:100 ? -Dio.netty.maxThreadLocalCharBufferSize: 16384
2023-04-27 12:23:19 DEBUG DefaultChannelId:79 ? -Dio.netty.processId: 36436 (auto-detected)
2023-04-27 12:23:20 DEBUG NetUtil:148 ? -Djava.net.preferIPv4Stack: false
2023-04-27 12:23:20 DEBUG NetUtil:149 ? -Djava.net.preferIPv6Addresses: false
2023-04-27 12:23:20 DEBUG NetUtilInitializations:145 ? Loopback interface: lo (Software Loopback Interface 1, 127.0.0.1)
2023-04-27 12:23:20 DEBUG NetUtil:206 ? Failed to get SOMAXCONN from sysctl and file \proc\sys\net\core\somaxconn. Default: 200
2023-04-27 12:23:20 DEBUG DefaultChannelId:101 ? -Dio.netty.machineId: 70:c9:4e:ff:fe:a9:98:9d (auto-detected)
2023-04-27 12:23:20 DEBUG AbstractByteBuf:63 ? -Dio.netty.buffer.checkAccessible: true
2023-04-27 12:23:20 DEBUG AbstractByteBuf:64 ? -Dio.netty.buffer.checkBounds: true
2023-04-27 12:23:20 DEBUG ResourceLeakDetectorFactory:196 ? Loaded default ResourceLeakDetector: io.netty.util.ResourceLeakDetector@1ae19dc7
2023-04-27 12:23:20 DEBUG NettyConnectListener:73 ? Using new Channel '[id: 0xe466da6b, L:/127.0.0.1:52421 - R:localhost/127.0.0.1:4339]' for 'POST' to '/session'
2023-04-27 12:23:20 DEBUG Recycler:96 ? -Dio.netty.recycler.maxCapacityPerThread: 4096
2023-04-27 12:23:20 DEBUG Recycler:97 ? -Dio.netty.recycler.ratio: 8
2023-04-27 12:23:20 DEBUG Recycler:98 ? -Dio.netty.recycler.chunkSize: 32
2023-04-27 12:23:20 DEBUG Recycler:99 ? -Dio.netty.recycler.blocking: false
2023-04-27 12:23:20 DEBUG Recycler:100 ? -Dio.netty.recycler.batchFastThreadLocalOnly: true
2023-04-27 12:23:21 DEBUG Brotli:38 ? brotli4j not in the classpath; Brotli support will be unavailable.
2023-04-27 12:23:21 DEBUG HttpHandler:70 ? 

Request DefaultHttpRequest(decodeResult: success, version: HTTP/1.1)
POST /session HTTP/1.1
User-Agent: selenium/4.9.0 (java windows)
Content-Length: 254
Content-Type: application/json; charset=utf-8
host: localhost:4339
accept: */*

Response DefaultHttpResponse(decodeResult: success, version: HTTP/1.1)
HTTP/1.1 200 OK
Content-Length: 860
Content-Type: application/json; charset=utf-8
cache-control: no-cache

2023-04-27 12:23:21 DEBUG ChannelManager:270 ? Adding key: http://localhost:4339 for channel [id: 0xe466da6b, L:/127.0.0.1:52421 - R:localhost/127.0.0.1:4339]
2023-04-27 12:23:21 DEBUG DefaultChannelPool:348 ? Entry count for : http://localhost:4339 : 1
2023-04-27 12:23:21 DEBUG NettyConnectListener:73 ? Using new Channel '[id: 0xdd11fdaa, L:/127.0.0.1:52445 - R:localhost/127.0.0.1:52428]' for 'GET' to '/json/version'
2023-04-27 12:23:21 DEBUG HttpHandler:70 ? 

Request DefaultFullHttpRequest(decodeResult: success, version: HTTP/1.1, content: EmptyByteBufBE)
GET /json/version HTTP/1.1
User-Agent: selenium/4.9.0 (java windows)
host: localhost:52428
accept: */*

Response DefaultHttpResponse(decodeResult: success, version: HTTP/1.1)
HTTP/1.1 200 OK
Content-Security-Policy: frame-ancestors 'none'
Content-Length: 424
Content-Type: application/json; charset=UTF-8

2023-04-27 12:23:21 DEBUG ChannelManager:270 ? Adding key: http://localhost:52428 for channel [id: 0xdd11fdaa, L:/127.0.0.1:52445 - R:localhost/127.0.0.1:52428]
2023-04-27 12:23:21 DEBUG ThreadLocalRandom:214 ? -Dio.netty.initialSeedUniquifier: 0xf9b2617a8035c18f
2023-04-27 12:23:21 DEBUG NettyConnectListener:73 ? Using new Channel '[id: 0x5a919a0c, L:/127.0.0.1:52446 - R:localhost/127.0.0.1:52428]' for 'GET' to '/devtools/browser/84464f4f-b4ef-4e0b-afdb-c3b0f38f96a2'
2023-04-27 12:23:21 DEBUG WebSocketHandler:105 ? 

Request DefaultFullHttpRequest(decodeResult: success, version: HTTP/1.1, content: EmptyByteBufBE)
GET /devtools/browser/84464f4f-b4ef-4e0b-afdb-c3b0f38f96a2 HTTP/1.1
upgrade: websocket
connection: upgrade
sec-websocket-key: G/PSDYBqNeFXiBBNDlJnOA==
sec-websocket-version: 13
origin: http://localhost:52428
host: localhost:52428
accept: */*
user-agent: AHC/2.1

Response DefaultHttpResponse(decodeResult: success, version: HTTP/1.1)
HTTP/1.1 101 WebSocket Protocol Handshake
Upgrade: WebSocket
Connection: Upgrade
Sec-WebSocket-Accept: lrm3ZcHOM2gCtnTKz38s6UgURd4=

2023-04-27 12:23:21 DEBUG NettyRequestSender:593 ? Using pooled Channel '[id: 0xe466da6b, L:/127.0.0.1:52421 - R:localhost/127.0.0.1:4339]' for 'POST' to 'http://localhost:4339/session/ea8a895e677817deaeaecf6fa5a6074e/window/maximize'
2023-04-27 12:23:21 DEBUG NettyRequestSender:251 ? Using open Channel [id: 0xe466da6b, L:/127.0.0.1:52421 - R:localhost/127.0.0.1:4339] for POST '/session/ea8a895e677817deaeaecf6fa5a6074e/window/maximize'
2023-04-27 12:23:21 DEBUG HttpHandler:70 ? 

Request DefaultHttpRequest(decodeResult: success, version: HTTP/1.1)
POST /session/ea8a895e677817deaeaecf6fa5a6074e/window/maximize HTTP/1.1
User-Agent: selenium/4.9.0 (java windows)
Content-Length: 3
Content-Type: application/json; charset=utf-8
host: localhost:4339
accept: */*

Response DefaultHttpResponse(decodeResult: success, version: HTTP/1.1)
HTTP/1.1 200 OK
Content-Length: 52
Content-Type: application/json; charset=utf-8
cache-control: no-cache

2023-04-27 12:23:21 DEBUG ChannelManager:270 ? Adding key: http://localhost:4339 for channel [id: 0xe466da6b, L:/127.0.0.1:52421 - R:localhost/127.0.0.1:4339]
2023-04-27 12:23:21 DEBUG NettyRequestSender:593 ? Using pooled Channel '[id: 0xe466da6b, L:/127.0.0.1:52421 - R:localhost/127.0.0.1:4339]' for 'POST' to 'http://localhost:4339/session/ea8a895e677817deaeaecf6fa5a6074e/timeouts'
2023-04-27 12:23:21 DEBUG NettyRequestSender:251 ? Using open Channel [id: 0xe466da6b, L:/127.0.0.1:52421 - R:localhost/127.0.0.1:4339] for POST '/session/ea8a895e677817deaeaecf6fa5a6074e/timeouts'
2023-04-27 12:23:21 DEBUG HttpHandler:70 ? 

Request DefaultHttpRequest(decodeResult: success, version: HTTP/1.1)
POST /session/ea8a895e677817deaeaecf6fa5a6074e/timeouts HTTP/1.1
User-Agent: selenium/4.9.0 (java windows)
Content-Length: 23
Content-Type: application/json; charset=utf-8
host: localhost:4339
accept: */*

Response DefaultHttpResponse(decodeResult: success, version: HTTP/1.1)
HTTP/1.1 200 OK
Content-Length: 14
Content-Type: application/json; charset=utf-8
cache-control: no-cache

2023-04-27 12:23:21 DEBUG ChannelManager:270 ? Adding key: http://localhost:4339 for channel [id: 0xe466da6b, L:/127.0.0.1:52421 - R:localhost/127.0.0.1:4339]
2023-04-27 12:23:22 DEBUG NettyRequestSender:593 ? Using pooled Channel '[id: 0xe466da6b, L:/127.0.0.1:52421 - R:localhost/127.0.0.1:4339]' for 'POST' to 'http://localhost:4339/session/ea8a895e677817deaeaecf6fa5a6074e/url'
2023-04-27 12:23:22 DEBUG NettyRequestSender:251 ? Using open Channel [id: 0xe466da6b, L:/127.0.0.1:52421 - R:localhost/127.0.0.1:4339] for POST '/session/ea8a895e677817deaeaecf6fa5a6074e/url'
2023-04-27 12:23:22 DEBUG DefaultChannelPool:348 ? Entry count for : http://localhost:52428 : 1
2023-04-27 12:23:22 DEBUG HttpHandler:70 ? 

Request DefaultHttpRequest(decodeResult: success, version: HTTP/1.1)
POST /session/ea8a895e677817deaeaecf6fa5a6074e/url HTTP/1.1
User-Agent: selenium/4.9.0 (java windows)
Content-Length: 59
Content-Type: application/json; charset=utf-8
host: localhost:4339
accept: */*

Response DefaultHttpResponse(decodeResult: success, version: HTTP/1.1)
HTTP/1.1 200 OK
Content-Length: 14
Content-Type: application/json; charset=utf-8
cache-control: no-cache

2023-04-27 12:23:22 DEBUG ChannelManager:270 ? Adding key: http://localhost:4339 for channel [id: 0xe466da6b, L:/127.0.0.1:52421 - R:localhost/127.0.0.1:4339]
2023-04-27 12:23:22 DEBUG NettyRequestSender:593 ? Using pooled Channel '[id: 0xe466da6b, L:/127.0.0.1:52421 - R:localhost/127.0.0.1:4339]' for 'POST' to 'http://localhost:4339/session/ea8a895e677817deaeaecf6fa5a6074e/element'
2023-04-27 12:23:22 DEBUG NettyRequestSender:251 ? Using open Channel [id: 0xe466da6b, L:/127.0.0.1:52421 - R:localhost/127.0.0.1:4339] for POST '/session/ea8a895e677817deaeaecf6fa5a6074e/element'
2023-04-27 12:23:23 DEBUG HttpHandler:70 ? 

Request DefaultHttpRequest(decodeResult: success, version: HTTP/1.1)
POST /session/ea8a895e677817deaeaecf6fa5a6074e/element HTTP/1.1
User-Agent: selenium/4.9.0 (java windows)
Content-Length: 69
Content-Type: application/json; charset=utf-8
host: localhost:4339
accept: */*

Response DefaultHttpResponse(decodeResult: success, version: HTTP/1.1)
HTTP/1.1 200 OK
Content-Length: 88
Content-Type: application/json; charset=utf-8
cache-control: no-cache

2023-04-27 12:23:23 DEBUG ChannelManager:270 ? Adding key: http://localhost:4339 for channel [id: 0xe466da6b, L:/127.0.0.1:52421 - R:localhost/127.0.0.1:4339]
2023-04-27 12:23:23 DEBUG NettyRequestSender:593 ? Using pooled Channel '[id: 0xe466da6b, L:/127.0.0.1:52421 - R:localhost/127.0.0.1:4339]' for 'POST' to 'http://localhost:4339/session/ea8a895e677817deaeaecf6fa5a6074e/actions'
2023-04-27 12:23:23 DEBUG NettyRequestSender:251 ? Using open Channel [id: 0xe466da6b, L:/127.0.0.1:52421 - R:localhost/127.0.0.1:4339] for POST '/session/ea8a895e677817deaeaecf6fa5a6074e/actions'
2023-04-27 12:23:23 DEBUG HttpHandler:70 ? 

Request DefaultHttpRequest(decodeResult: success, version: HTTP/1.1)
POST /session/ea8a895e677817deaeaecf6fa5a6074e/actions HTTP/1.1
User-Agent: selenium/4.9.0 (java windows)
Content-Length: 2027
Content-Type: application/json; charset=utf-8
host: localhost:4339
accept: */*

Response DefaultHttpResponse(decodeResult: success, version: HTTP/1.1)
HTTP/1.1 200 OK
Content-Length: 14
Content-Type: application/json; charset=utf-8
cache-control: no-cache

2023-04-27 12:23:23 DEBUG ChannelManager:270 ? Adding key: http://localhost:4339 for channel [id: 0xe466da6b, L:/127.0.0.1:52421 - R:localhost/127.0.0.1:4339]
2023-04-27 12:23:23 DEBUG NettyRequestSender:593 ? Using pooled Channel '[id: 0xe466da6b, L:/127.0.0.1:52421 - R:localhost/127.0.0.1:4339]' for 'POST' to 'http://localhost:4339/session/ea8a895e677817deaeaecf6fa5a6074e/element'
2023-04-27 12:23:23 DEBUG NettyRequestSender:251 ? Using open Channel [id: 0xe466da6b, L:/127.0.0.1:52421 - R:localhost/127.0.0.1:4339] for POST '/session/ea8a895e677817deaeaecf6fa5a6074e/element'
2023-04-27 12:23:23 DEBUG HttpHandler:70 ? 

Request DefaultHttpRequest(decodeResult: success, version: HTTP/1.1)
POST /session/ea8a895e677817deaeaecf6fa5a6074e/element HTTP/1.1
User-Agent: selenium/4.9.0 (java windows)
Content-Length: 72
Content-Type: application/json; charset=utf-8
host: localhost:4339
accept: */*

Response DefaultHttpResponse(decodeResult: success, version: HTTP/1.1)
HTTP/1.1 200 OK
Content-Length: 88
Content-Type: application/json; charset=utf-8
cache-control: no-cache

2023-04-27 12:23:23 DEBUG ChannelManager:270 ? Adding key: http://localhost:4339 for channel [id: 0xe466da6b, L:/127.0.0.1:52421 - R:localhost/127.0.0.1:4339]
2023-04-27 12:23:23 DEBUG NettyRequestSender:593 ? Using pooled Channel '[id: 0xe466da6b, L:/127.0.0.1:52421 - R:localhost/127.0.0.1:4339]' for 'POST' to 'http://localhost:4339/session/ea8a895e677817deaeaecf6fa5a6074e/actions'
2023-04-27 12:23:23 DEBUG NettyRequestSender:251 ? Using open Channel [id: 0xe466da6b, L:/127.0.0.1:52421 - R:localhost/127.0.0.1:4339] for POST '/session/ea8a895e677817deaeaecf6fa5a6074e/actions'
2023-04-27 12:23:23 DEBUG HttpHandler:70 ? 

Request DefaultHttpRequest(decodeResult: success, version: HTTP/1.1)
POST /session/ea8a895e677817deaeaecf6fa5a6074e/actions HTTP/1.1
User-Agent: selenium/4.9.0 (java windows)
Content-Length: 3467
Content-Type: application/json; charset=utf-8
host: localhost:4339
accept: */*

Response DefaultHttpResponse(decodeResult: success, version: HTTP/1.1)
HTTP/1.1 200 OK
Content-Length: 14
Content-Type: application/json; charset=utf-8
cache-control: no-cache

2023-04-27 12:23:23 DEBUG ChannelManager:270 ? Adding key: http://localhost:4339 for channel [id: 0xe466da6b, L:/127.0.0.1:52421 - R:localhost/127.0.0.1:4339]
2023-04-27 12:23:23 DEBUG NettyRequestSender:593 ? Using pooled Channel '[id: 0xe466da6b, L:/127.0.0.1:52421 - R:localhost/127.0.0.1:4339]' for 'POST' to 'http://localhost:4339/session/ea8a895e677817deaeaecf6fa5a6074e/element'
2023-04-27 12:23:23 DEBUG NettyRequestSender:251 ? Using open Channel [id: 0xe466da6b, L:/127.0.0.1:52421 - R:localhost/127.0.0.1:4339] for POST '/session/ea8a895e677817deaeaecf6fa5a6074e/element'
2023-04-27 12:23:23 DEBUG HttpHandler:70 ? 

Request DefaultHttpRequest(decodeResult: success, version: HTTP/1.1)
POST /session/ea8a895e677817deaeaecf6fa5a6074e/element HTTP/1.1
User-Agent: selenium/4.9.0 (java windows)
Content-Length: 71
Content-Type: application/json; charset=utf-8
host: localhost:4339
accept: */*

Response DefaultHttpResponse(decodeResult: success, version: HTTP/1.1)
HTTP/1.1 200 OK
Content-Length: 88
Content-Type: application/json; charset=utf-8
cache-control: no-cache

2023-04-27 12:23:23 DEBUG ChannelManager:270 ? Adding key: http://localhost:4339 for channel [id: 0xe466da6b, L:/127.0.0.1:52421 - R:localhost/127.0.0.1:4339]
2023-04-27 12:23:23 DEBUG NettyRequestSender:593 ? Using pooled Channel '[id: 0xe466da6b, L:/127.0.0.1:52421 - R:localhost/127.0.0.1:4339]' for 'POST' to 'http://localhost:4339/session/ea8a895e677817deaeaecf6fa5a6074e/actions'
2023-04-27 12:23:23 DEBUG NettyRequestSender:251 ? Using open Channel [id: 0xe466da6b, L:/127.0.0.1:52421 - R:localhost/127.0.0.1:4339] for POST '/session/ea8a895e677817deaeaecf6fa5a6074e/actions'
2023-04-27 12:23:23 DEBUG DefaultChannelPool:348 ? Entry count for : http://localhost:52428 : 1
2023-04-27 12:23:23 DEBUG HttpHandler:70 ? 

Request DefaultHttpRequest(decodeResult: success, version: HTTP/1.1)
POST /session/ea8a895e677817deaeaecf6fa5a6074e/actions HTTP/1.1
User-Agent: selenium/4.9.0 (java windows)
Content-Length: 567
Content-Type: application/json; charset=utf-8
host: localhost:4339
accept: */*

Response DefaultHttpResponse(decodeResult: success, version: HTTP/1.1)
HTTP/1.1 200 OK
Content-Length: 14
Content-Type: application/json; charset=utf-8
cache-control: no-cache

2023-04-27 12:23:23 DEBUG ChannelManager:270 ? Adding key: http://localhost:4339 for channel [id: 0xe466da6b, L:/127.0.0.1:52421 - R:localhost/127.0.0.1:4339]
2023-04-27 12:34:21 DEBUG InternalLoggerFactory:63 ? Using SLF4J as the default logging framework
2023-04-27 12:34:21 DEBUG ResourceLeakDetector:129 ? -Dio.netty.leakDetection.level: simple
2023-04-27 12:34:21 DEBUG ResourceLeakDetector:130 ? -Dio.netty.leakDetection.targetRecords: 4
2023-04-27 12:34:21 DEBUG ResourceLeakDetectorFactory:196 ? Loaded default ResourceLeakDetector: io.netty.util.ResourceLeakDetector@5f2f577
2023-04-27 12:34:21 DEBUG PlatformDependent0:496 ? -Dio.netty.noUnsafe: false
2023-04-27 12:34:21 DEBUG PlatformDependent0:1000 ? Java version: 19
2023-04-27 12:34:21 DEBUG PlatformDependent0:137 ? sun.misc.Unsafe.theUnsafe: available
2023-04-27 12:34:21 DEBUG PlatformDependent0:161 ? sun.misc.Unsafe.copyMemory: available
2023-04-27 12:34:21 DEBUG PlatformDependent0:193 ? sun.misc.Unsafe.storeFence: available
2023-04-27 12:34:21 DEBUG PlatformDependent0:236 ? java.nio.Buffer.address: available
2023-04-27 12:34:21 DEBUG PlatformDependent0:320 ? direct buffer constructor: unavailable: Reflective setAccessible(true) disabled
2023-04-27 12:34:21 DEBUG PlatformDependent0:385 ? java.nio.Bits.unaligned: available, true
2023-04-27 12:34:21 DEBUG PlatformDependent0:452 ? jdk.internal.misc.Unsafe.allocateUninitializedArray(int): unavailable: class io.netty.util.internal.PlatformDependent0$7 cannot access class jdk.internal.misc.Unsafe (in module java.base) because module java.base does not export jdk.internal.misc to unnamed module @68f7aae2
2023-04-27 12:34:21 DEBUG PlatformDependent0:482 ? java.nio.DirectByteBuffer.<init>(long, int): unavailable
2023-04-27 12:34:21 DEBUG PlatformDependent:1159 ? sun.misc.Unsafe: available
2023-04-27 12:34:21 DEBUG PlatformDependent:1270 ? maxDirectMemory: 5339348992 bytes (maybe)
2023-04-27 12:34:21 DEBUG PlatformDependent:1289 ? -Dio.netty.tmpdir: C:\Users\rohit\AppData\Local\Temp (java.io.tmpdir)
2023-04-27 12:34:21 DEBUG PlatformDependent:1368 ? -Dio.netty.bitMode: 64 (sun.arch.data.model)
2023-04-27 12:34:21 DEBUG PlatformDependent:1119 ? Platform: Windows
2023-04-27 12:34:21 DEBUG PlatformDependent:178 ? -Dio.netty.maxDirectMemory: -1 bytes
2023-04-27 12:34:21 DEBUG PlatformDependent:185 ? -Dio.netty.uninitializedArrayAllocationThreshold: -1
2023-04-27 12:34:21 DEBUG CleanerJava9:71 ? java.nio.ByteBuffer.cleaner(): available
2023-04-27 12:34:21 DEBUG PlatformDependent:205 ? -Dio.netty.noPreferDirect: false
2023-04-27 12:34:21 DEBUG PlatformDependent:1010 ? org.jctools-core.MpscChunkedArrayQueue: available
2023-04-27 12:34:21 DEBUG InternalThreadLocalMap:100 ? -Dio.netty.threadLocalMap.stringBuilder.initialSize: 1024
2023-04-27 12:34:21 DEBUG InternalThreadLocalMap:101 ? -Dio.netty.threadLocalMap.stringBuilder.maxSize: 4096
2023-04-27 12:34:21 DEBUG JdkSslContext:83 ? Default protocols (JDK): [TLSv1.3, TLSv1.2] 
2023-04-27 12:34:21 DEBUG JdkSslContext:84 ? Default cipher suites (JDK): [TLS_ECDHE_ECDSA_WITH_AES_256_GCM_SHA384, TLS_ECDHE_ECDSA_WITH_AES_128_GCM_SHA256, TLS_ECDHE_RSA_WITH_AES_128_GCM_SHA256, TLS_ECDHE_RSA_WITH_AES_256_GCM_SHA384, TLS_ECDHE_RSA_WITH_AES_128_CBC_SHA, TLS_ECDHE_RSA_WITH_AES_256_CBC_SHA, TLS_RSA_WITH_AES_128_GCM_SHA256, TLS_RSA_WITH_AES_128_CBC_SHA, TLS_RSA_WITH_AES_256_CBC_SHA, TLS_AES_128_GCM_SHA256, TLS_AES_256_GCM_SHA384]
2023-04-27 12:34:21 DEBUG GlobalEventExecutor:53 ? -Dio.netty.globalEventExecutor.quietPeriodSeconds: 1
2023-04-27 12:34:21 DEBUG MultithreadEventLoopGroup:44 ? -Dio.netty.eventLoopThreads: 16
2023-04-27 12:34:21 DEBUG NioEventLoop:110 ? -Dio.netty.noKeySetOptimization: false
2023-04-27 12:34:21 DEBUG NioEventLoop:111 ? -Dio.netty.selectorAutoRebuildThreshold: 512
2023-04-27 12:34:21 DEBUG PooledByteBufAllocator:157 ? -Dio.netty.allocator.numHeapArenas: 16
2023-04-27 12:34:21 DEBUG PooledByteBufAllocator:158 ? -Dio.netty.allocator.numDirectArenas: 16
2023-04-27 12:34:21 DEBUG PooledByteBufAllocator:160 ? -Dio.netty.allocator.pageSize: 8192
2023-04-27 12:34:21 DEBUG PooledByteBufAllocator:165 ? -Dio.netty.allocator.maxOrder: 9
2023-04-27 12:34:21 DEBUG PooledByteBufAllocator:169 ? -Dio.netty.allocator.chunkSize: 4194304
2023-04-27 12:34:21 DEBUG PooledByteBufAllocator:170 ? -Dio.netty.allocator.smallCacheSize: 256
2023-04-27 12:34:21 DEBUG PooledByteBufAllocator:171 ? -Dio.netty.allocator.normalCacheSize: 64
2023-04-27 12:34:21 DEBUG PooledByteBufAllocator:172 ? -Dio.netty.allocator.maxCachedBufferCapacity: 32768
2023-04-27 12:34:21 DEBUG PooledByteBufAllocator:173 ? -Dio.netty.allocator.cacheTrimInterval: 8192
2023-04-27 12:34:21 DEBUG PooledByteBufAllocator:174 ? -Dio.netty.allocator.cacheTrimIntervalMillis: 0
2023-04-27 12:34:21 DEBUG PooledByteBufAllocator:175 ? -Dio.netty.allocator.useCacheForAllThreads: false
2023-04-27 12:34:21 DEBUG PooledByteBufAllocator:176 ? -Dio.netty.allocator.maxCachedByteBuffersPerChunk: 1023
2023-04-27 12:34:21 DEBUG ByteBufUtil:88 ? -Dio.netty.allocator.type: pooled
2023-04-27 12:34:21 DEBUG ByteBufUtil:97 ? -Dio.netty.threadLocalDirectBufferSize: 0
2023-04-27 12:34:21 DEBUG ByteBufUtil:100 ? -Dio.netty.maxThreadLocalCharBufferSize: 16384
2023-04-27 12:34:22 DEBUG DefaultChannelId:79 ? -Dio.netty.processId: 18184 (auto-detected)
2023-04-27 12:34:22 DEBUG NetUtil:148 ? -Djava.net.preferIPv4Stack: false
2023-04-27 12:34:22 DEBUG NetUtil:149 ? -Djava.net.preferIPv6Addresses: false
2023-04-27 12:34:22 DEBUG NetUtilInitializations:145 ? Loopback interface: lo (Software Loopback Interface 1, 127.0.0.1)
2023-04-27 12:34:22 DEBUG NetUtil:206 ? Failed to get SOMAXCONN from sysctl and file \proc\sys\net\core\somaxconn. Default: 200
2023-04-27 12:34:22 DEBUG DefaultChannelId:101 ? -Dio.netty.machineId: 70:c9:4e:ff:fe:a9:98:9d (auto-detected)
2023-04-27 12:34:22 DEBUG AbstractByteBuf:63 ? -Dio.netty.buffer.checkAccessible: true
2023-04-27 12:34:22 DEBUG AbstractByteBuf:64 ? -Dio.netty.buffer.checkBounds: true
2023-04-27 12:34:22 DEBUG ResourceLeakDetectorFactory:196 ? Loaded default ResourceLeakDetector: io.netty.util.ResourceLeakDetector@7b547e71
2023-04-27 12:34:22 DEBUG NettyConnectListener:73 ? Using new Channel '[id: 0x50c91f6b, L:/127.0.0.1:53770 - R:localhost/127.0.0.1:32360]' for 'POST' to '/session'
2023-04-27 12:34:22 DEBUG Recycler:96 ? -Dio.netty.recycler.maxCapacityPerThread: 4096
2023-04-27 12:34:22 DEBUG Recycler:97 ? -Dio.netty.recycler.ratio: 8
2023-04-27 12:34:22 DEBUG Recycler:98 ? -Dio.netty.recycler.chunkSize: 32
2023-04-27 12:34:22 DEBUG Recycler:99 ? -Dio.netty.recycler.blocking: false
2023-04-27 12:34:22 DEBUG Recycler:100 ? -Dio.netty.recycler.batchFastThreadLocalOnly: true
2023-04-27 12:34:23 DEBUG Brotli:38 ? brotli4j not in the classpath; Brotli support will be unavailable.
2023-04-27 12:34:23 DEBUG HttpHandler:70 ? 

Request DefaultHttpRequest(decodeResult: success, version: HTTP/1.1)
POST /session HTTP/1.1
User-Agent: selenium/4.9.0 (java windows)
Content-Length: 254
Content-Type: application/json; charset=utf-8
host: localhost:32360
accept: */*

Response DefaultHttpResponse(decodeResult: success, version: HTTP/1.1)
HTTP/1.1 200 OK
Content-Length: 860
Content-Type: application/json; charset=utf-8
cache-control: no-cache

2023-04-27 12:34:23 DEBUG ChannelManager:270 ? Adding key: http://localhost:32360 for channel [id: 0x50c91f6b, L:/127.0.0.1:53770 - R:localhost/127.0.0.1:32360]
2023-04-27 12:34:23 DEBUG DefaultChannelPool:348 ? Entry count for : http://localhost:32360 : 1
2023-04-27 12:34:23 DEBUG NettyConnectListener:73 ? Using new Channel '[id: 0x56f23886, L:/127.0.0.1:53794 - R:localhost/127.0.0.1:53773]' for 'GET' to '/json/version'
2023-04-27 12:34:23 DEBUG HttpHandler:70 ? 

Request DefaultFullHttpRequest(decodeResult: success, version: HTTP/1.1, content: EmptyByteBufBE)
GET /json/version HTTP/1.1
User-Agent: selenium/4.9.0 (java windows)
host: localhost:53773
accept: */*

Response DefaultHttpResponse(decodeResult: success, version: HTTP/1.1)
HTTP/1.1 200 OK
Content-Security-Policy: frame-ancestors 'none'
Content-Length: 424
Content-Type: application/json; charset=UTF-8

2023-04-27 12:34:23 DEBUG ChannelManager:270 ? Adding key: http://localhost:53773 for channel [id: 0x56f23886, L:/127.0.0.1:53794 - R:localhost/127.0.0.1:53773]
2023-04-27 12:34:23 DEBUG ThreadLocalRandom:214 ? -Dio.netty.initialSeedUniquifier: 0x223e9e8eb7375018
2023-04-27 12:34:23 DEBUG NettyConnectListener:73 ? Using new Channel '[id: 0x2d77bbe3, L:/127.0.0.1:53795 - R:localhost/127.0.0.1:53773]' for 'GET' to '/devtools/browser/a2d6bf1c-fb45-4b54-8570-689e07859960'
2023-04-27 12:34:23 DEBUG WebSocketHandler:105 ? 

Request DefaultFullHttpRequest(decodeResult: success, version: HTTP/1.1, content: EmptyByteBufBE)
GET /devtools/browser/a2d6bf1c-fb45-4b54-8570-689e07859960 HTTP/1.1
upgrade: websocket
connection: upgrade
sec-websocket-key: bn4F+7PsEg7rpNQ4ea7oZg==
sec-websocket-version: 13
origin: http://localhost:53773
host: localhost:53773
accept: */*
user-agent: AHC/2.1

Response DefaultHttpResponse(decodeResult: success, version: HTTP/1.1)
HTTP/1.1 101 WebSocket Protocol Handshake
Upgrade: WebSocket
Connection: Upgrade
Sec-WebSocket-Accept: 6l8N6d6kBfuxCzk0FjCvXei88yE=

2023-04-27 12:34:24 DEBUG NettyRequestSender:593 ? Using pooled Channel '[id: 0x50c91f6b, L:/127.0.0.1:53770 - R:localhost/127.0.0.1:32360]' for 'POST' to 'http://localhost:32360/session/e9022b9d0282e15e097ac05b7442dabb/window/maximize'
2023-04-27 12:34:24 DEBUG NettyRequestSender:251 ? Using open Channel [id: 0x50c91f6b, L:/127.0.0.1:53770 - R:localhost/127.0.0.1:32360] for POST '/session/e9022b9d0282e15e097ac05b7442dabb/window/maximize'
2023-04-27 12:34:24 DEBUG HttpHandler:70 ? 

Request DefaultHttpRequest(decodeResult: success, version: HTTP/1.1)
POST /session/e9022b9d0282e15e097ac05b7442dabb/window/maximize HTTP/1.1
User-Agent: selenium/4.9.0 (java windows)
Content-Length: 3
Content-Type: application/json; charset=utf-8
host: localhost:32360
accept: */*

Response DefaultHttpResponse(decodeResult: success, version: HTTP/1.1)
HTTP/1.1 200 OK
Content-Length: 52
Content-Type: application/json; charset=utf-8
cache-control: no-cache

2023-04-27 12:34:24 DEBUG ChannelManager:270 ? Adding key: http://localhost:32360 for channel [id: 0x50c91f6b, L:/127.0.0.1:53770 - R:localhost/127.0.0.1:32360]
2023-04-27 12:34:24 DEBUG NettyRequestSender:593 ? Using pooled Channel '[id: 0x50c91f6b, L:/127.0.0.1:53770 - R:localhost/127.0.0.1:32360]' for 'POST' to 'http://localhost:32360/session/e9022b9d0282e15e097ac05b7442dabb/timeouts'
2023-04-27 12:34:24 DEBUG NettyRequestSender:251 ? Using open Channel [id: 0x50c91f6b, L:/127.0.0.1:53770 - R:localhost/127.0.0.1:32360] for POST '/session/e9022b9d0282e15e097ac05b7442dabb/timeouts'
2023-04-27 12:34:24 DEBUG HttpHandler:70 ? 

Request DefaultHttpRequest(decodeResult: success, version: HTTP/1.1)
POST /session/e9022b9d0282e15e097ac05b7442dabb/timeouts HTTP/1.1
User-Agent: selenium/4.9.0 (java windows)
Content-Length: 23
Content-Type: application/json; charset=utf-8
host: localhost:32360
accept: */*

Response DefaultHttpResponse(decodeResult: success, version: HTTP/1.1)
HTTP/1.1 200 OK
Content-Length: 14
Content-Type: application/json; charset=utf-8
cache-control: no-cache

2023-04-27 12:34:24 DEBUG ChannelManager:270 ? Adding key: http://localhost:32360 for channel [id: 0x50c91f6b, L:/127.0.0.1:53770 - R:localhost/127.0.0.1:32360]
2023-04-27 12:34:24 DEBUG NettyRequestSender:593 ? Using pooled Channel '[id: 0x50c91f6b, L:/127.0.0.1:53770 - R:localhost/127.0.0.1:32360]' for 'POST' to 'http://localhost:32360/session/e9022b9d0282e15e097ac05b7442dabb/url'
2023-04-27 12:34:24 DEBUG NettyRequestSender:251 ? Using open Channel [id: 0x50c91f6b, L:/127.0.0.1:53770 - R:localhost/127.0.0.1:32360] for POST '/session/e9022b9d0282e15e097ac05b7442dabb/url'
2023-04-27 12:34:24 DEBUG DefaultChannelPool:348 ? Entry count for : http://localhost:53773 : 1
2023-04-27 12:34:25 DEBUG HttpHandler:70 ? 

Request DefaultHttpRequest(decodeResult: success, version: HTTP/1.1)
POST /session/e9022b9d0282e15e097ac05b7442dabb/url HTTP/1.1
User-Agent: selenium/4.9.0 (java windows)
Content-Length: 59
Content-Type: application/json; charset=utf-8
host: localhost:32360
accept: */*

Response DefaultHttpResponse(decodeResult: success, version: HTTP/1.1)
HTTP/1.1 200 OK
Content-Length: 14
Content-Type: application/json; charset=utf-8
cache-control: no-cache

2023-04-27 12:34:25 DEBUG ChannelManager:270 ? Adding key: http://localhost:32360 for channel [id: 0x50c91f6b, L:/127.0.0.1:53770 - R:localhost/127.0.0.1:32360]
2023-04-27 12:34:25 DEBUG NettyRequestSender:593 ? Using pooled Channel '[id: 0x50c91f6b, L:/127.0.0.1:53770 - R:localhost/127.0.0.1:32360]' for 'POST' to 'http://localhost:32360/session/e9022b9d0282e15e097ac05b7442dabb/element'
2023-04-27 12:34:25 DEBUG NettyRequestSender:251 ? Using open Channel [id: 0x50c91f6b, L:/127.0.0.1:53770 - R:localhost/127.0.0.1:32360] for POST '/session/e9022b9d0282e15e097ac05b7442dabb/element'
2023-04-27 12:34:25 DEBUG HttpHandler:70 ? 

Request DefaultHttpRequest(decodeResult: success, version: HTTP/1.1)
POST /session/e9022b9d0282e15e097ac05b7442dabb/element HTTP/1.1
User-Agent: selenium/4.9.0 (java windows)
Content-Length: 69
Content-Type: application/json; charset=utf-8
host: localhost:32360
accept: */*

Response DefaultHttpResponse(decodeResult: success, version: HTTP/1.1)
HTTP/1.1 200 OK
Content-Length: 88
Content-Type: application/json; charset=utf-8
cache-control: no-cache

2023-04-27 12:34:25 DEBUG ChannelManager:270 ? Adding key: http://localhost:32360 for channel [id: 0x50c91f6b, L:/127.0.0.1:53770 - R:localhost/127.0.0.1:32360]
2023-04-27 12:34:25 DEBUG NettyRequestSender:593 ? Using pooled Channel '[id: 0x50c91f6b, L:/127.0.0.1:53770 - R:localhost/127.0.0.1:32360]' for 'POST' to 'http://localhost:32360/session/e9022b9d0282e15e097ac05b7442dabb/actions'
2023-04-27 12:34:25 DEBUG NettyRequestSender:251 ? Using open Channel [id: 0x50c91f6b, L:/127.0.0.1:53770 - R:localhost/127.0.0.1:32360] for POST '/session/e9022b9d0282e15e097ac05b7442dabb/actions'
2023-04-27 12:34:25 DEBUG HttpHandler:70 ? 

Request DefaultHttpRequest(decodeResult: success, version: HTTP/1.1)
POST /session/e9022b9d0282e15e097ac05b7442dabb/actions HTTP/1.1
User-Agent: selenium/4.9.0 (java windows)
Content-Length: 2027
Content-Type: application/json; charset=utf-8
host: localhost:32360
accept: */*

Response DefaultHttpResponse(decodeResult: success, version: HTTP/1.1)
HTTP/1.1 200 OK
Content-Length: 14
Content-Type: application/json; charset=utf-8
cache-control: no-cache

2023-04-27 12:34:25 DEBUG ChannelManager:270 ? Adding key: http://localhost:32360 for channel [id: 0x50c91f6b, L:/127.0.0.1:53770 - R:localhost/127.0.0.1:32360]
2023-04-27 12:34:25 DEBUG NettyRequestSender:593 ? Using pooled Channel '[id: 0x50c91f6b, L:/127.0.0.1:53770 - R:localhost/127.0.0.1:32360]' for 'POST' to 'http://localhost:32360/session/e9022b9d0282e15e097ac05b7442dabb/element'
2023-04-27 12:34:25 DEBUG NettyRequestSender:251 ? Using open Channel [id: 0x50c91f6b, L:/127.0.0.1:53770 - R:localhost/127.0.0.1:32360] for POST '/session/e9022b9d0282e15e097ac05b7442dabb/element'
2023-04-27 12:34:25 DEBUG HttpHandler:70 ? 

Request DefaultHttpRequest(decodeResult: success, version: HTTP/1.1)
POST /session/e9022b9d0282e15e097ac05b7442dabb/element HTTP/1.1
User-Agent: selenium/4.9.0 (java windows)
Content-Length: 72
Content-Type: application/json; charset=utf-8
host: localhost:32360
accept: */*

Response DefaultHttpResponse(decodeResult: success, version: HTTP/1.1)
HTTP/1.1 200 OK
Content-Length: 88
Content-Type: application/json; charset=utf-8
cache-control: no-cache

2023-04-27 12:34:25 DEBUG ChannelManager:270 ? Adding key: http://localhost:32360 for channel [id: 0x50c91f6b, L:/127.0.0.1:53770 - R:localhost/127.0.0.1:32360]
2023-04-27 12:34:25 DEBUG NettyRequestSender:593 ? Using pooled Channel '[id: 0x50c91f6b, L:/127.0.0.1:53770 - R:localhost/127.0.0.1:32360]' for 'POST' to 'http://localhost:32360/session/e9022b9d0282e15e097ac05b7442dabb/actions'
2023-04-27 12:34:25 DEBUG NettyRequestSender:251 ? Using open Channel [id: 0x50c91f6b, L:/127.0.0.1:53770 - R:localhost/127.0.0.1:32360] for POST '/session/e9022b9d0282e15e097ac05b7442dabb/actions'
2023-04-27 12:34:25 DEBUG HttpHandler:70 ? 

Request DefaultHttpRequest(decodeResult: success, version: HTTP/1.1)
POST /session/e9022b9d0282e15e097ac05b7442dabb/actions HTTP/1.1
User-Agent: selenium/4.9.0 (java windows)
Content-Length: 3467
Content-Type: application/json; charset=utf-8
host: localhost:32360
accept: */*

Response DefaultHttpResponse(decodeResult: success, version: HTTP/1.1)
HTTP/1.1 200 OK
Content-Length: 14
Content-Type: application/json; charset=utf-8
cache-control: no-cache

2023-04-27 12:34:25 DEBUG ChannelManager:270 ? Adding key: http://localhost:32360 for channel [id: 0x50c91f6b, L:/127.0.0.1:53770 - R:localhost/127.0.0.1:32360]
2023-04-27 12:34:25 DEBUG NettyRequestSender:593 ? Using pooled Channel '[id: 0x50c91f6b, L:/127.0.0.1:53770 - R:localhost/127.0.0.1:32360]' for 'POST' to 'http://localhost:32360/session/e9022b9d0282e15e097ac05b7442dabb/element'
2023-04-27 12:34:25 DEBUG NettyRequestSender:251 ? Using open Channel [id: 0x50c91f6b, L:/127.0.0.1:53770 - R:localhost/127.0.0.1:32360] for POST '/session/e9022b9d0282e15e097ac05b7442dabb/element'
2023-04-27 12:34:25 DEBUG HttpHandler:70 ? 

Request DefaultHttpRequest(decodeResult: success, version: HTTP/1.1)
POST /session/e9022b9d0282e15e097ac05b7442dabb/element HTTP/1.1
User-Agent: selenium/4.9.0 (java windows)
Content-Length: 71
Content-Type: application/json; charset=utf-8
host: localhost:32360
accept: */*

Response DefaultHttpResponse(decodeResult: success, version: HTTP/1.1)
HTTP/1.1 200 OK
Content-Length: 88
Content-Type: application/json; charset=utf-8
cache-control: no-cache

2023-04-27 12:34:25 DEBUG ChannelManager:270 ? Adding key: http://localhost:32360 for channel [id: 0x50c91f6b, L:/127.0.0.1:53770 - R:localhost/127.0.0.1:32360]
2023-04-27 12:34:25 DEBUG NettyRequestSender:593 ? Using pooled Channel '[id: 0x50c91f6b, L:/127.0.0.1:53770 - R:localhost/127.0.0.1:32360]' for 'POST' to 'http://localhost:32360/session/e9022b9d0282e15e097ac05b7442dabb/actions'
2023-04-27 12:34:25 DEBUG NettyRequestSender:251 ? Using open Channel [id: 0x50c91f6b, L:/127.0.0.1:53770 - R:localhost/127.0.0.1:32360] for POST '/session/e9022b9d0282e15e097ac05b7442dabb/actions'
2023-04-27 12:34:25 DEBUG HttpHandler:70 ? 

Request DefaultHttpRequest(decodeResult: success, version: HTTP/1.1)
POST /session/e9022b9d0282e15e097ac05b7442dabb/actions HTTP/1.1
User-Agent: selenium/4.9.0 (java windows)
Content-Length: 567
Content-Type: application/json; charset=utf-8
host: localhost:32360
accept: */*

Response DefaultHttpResponse(decodeResult: success, version: HTTP/1.1)
HTTP/1.1 200 OK
Content-Length: 14
Content-Type: application/json; charset=utf-8
cache-control: no-cache

2023-04-27 12:34:25 DEBUG ChannelManager:270 ? Adding key: http://localhost:32360 for channel [id: 0x50c91f6b, L:/127.0.0.1:53770 - R:localhost/127.0.0.1:32360]
2023-04-27 12:34:25 DEBUG NettyRequestSender:593 ? Using pooled Channel '[id: 0x50c91f6b, L:/127.0.0.1:53770 - R:localhost/127.0.0.1:32360]' for 'POST' to 'http://localhost:32360/session/e9022b9d0282e15e097ac05b7442dabb/element'
2023-04-27 12:34:25 DEBUG NettyRequestSender:251 ? Using open Channel [id: 0x50c91f6b, L:/127.0.0.1:53770 - R:localhost/127.0.0.1:32360] for POST '/session/e9022b9d0282e15e097ac05b7442dabb/element'
2023-04-27 12:34:26 DEBUG DefaultChannelPool:348 ? Entry count for : http://localhost:53773 : 1
2023-04-27 12:34:26 DEBUG HttpHandler:70 ? 

Request DefaultHttpRequest(decodeResult: success, version: HTTP/1.1)
POST /session/e9022b9d0282e15e097ac05b7442dabb/element HTTP/1.1
User-Agent: selenium/4.9.0 (java windows)
Content-Length: 73
Content-Type: application/json; charset=utf-8
host: localhost:32360
accept: */*

Response DefaultHttpResponse(decodeResult: success, version: HTTP/1.1)
HTTP/1.1 200 OK
Content-Length: 88
Content-Type: application/json; charset=utf-8
cache-control: no-cache

2023-04-27 12:34:26 DEBUG ChannelManager:270 ? Adding key: http://localhost:32360 for channel [id: 0x50c91f6b, L:/127.0.0.1:53770 - R:localhost/127.0.0.1:32360]
2023-04-27 12:34:26 DEBUG NettyRequestSender:593 ? Using pooled Channel '[id: 0x50c91f6b, L:/127.0.0.1:53770 - R:localhost/127.0.0.1:32360]' for 'POST' to 'http://localhost:32360/session/e9022b9d0282e15e097ac05b7442dabb/execute/sync'
2023-04-27 12:34:26 DEBUG NettyRequestSender:251 ? Using open Channel [id: 0x50c91f6b, L:/127.0.0.1:53770 - R:localhost/127.0.0.1:32360] for POST '/session/e9022b9d0282e15e097ac05b7442dabb/execute/sync'
2023-04-27 12:34:26 DEBUG HttpHandler:70 ? 

Request DefaultHttpRequest(decodeResult: success, version: HTTP/1.1)
POST /session/e9022b9d0282e15e097ac05b7442dabb/execute/sync HTTP/1.1
User-Agent: selenium/4.9.0 (java windows)
Content-Length: 48807
Content-Type: application/json; charset=utf-8
host: localhost:32360
accept: */*

Response DefaultHttpResponse(decodeResult: success, version: HTTP/1.1)
HTTP/1.1 200 OK
Content-Length: 14
Content-Type: application/json; charset=utf-8
cache-control: no-cache

2023-04-27 12:34:26 DEBUG ChannelManager:270 ? Adding key: http://localhost:32360 for channel [id: 0x50c91f6b, L:/127.0.0.1:53770 - R:localhost/127.0.0.1:32360]
2023-04-27 12:34:26 DEBUG NettyRequestSender:593 ? Using pooled Channel '[id: 0x50c91f6b, L:/127.0.0.1:53770 - R:localhost/127.0.0.1:32360]' for 'POST' to 'http://localhost:32360/session/e9022b9d0282e15e097ac05b7442dabb/element'
2023-04-27 12:34:26 DEBUG NettyRequestSender:251 ? Using open Channel [id: 0x50c91f6b, L:/127.0.0.1:53770 - R:localhost/127.0.0.1:32360] for POST '/session/e9022b9d0282e15e097ac05b7442dabb/element'
2023-04-27 12:34:26 DEBUG HttpHandler:70 ? 

Request DefaultHttpRequest(decodeResult: success, version: HTTP/1.1)
POST /session/e9022b9d0282e15e097ac05b7442dabb/element HTTP/1.1
User-Agent: selenium/4.9.0 (java windows)
Content-Length: 67
Content-Type: application/json; charset=utf-8
host: localhost:32360
accept: */*

Response DefaultHttpResponse(decodeResult: success, version: HTTP/1.1)
HTTP/1.1 200 OK
Content-Length: 88
Content-Type: application/json; charset=utf-8
cache-control: no-cache

2023-04-27 12:34:26 DEBUG ChannelManager:270 ? Adding key: http://localhost:32360 for channel [id: 0x50c91f6b, L:/127.0.0.1:53770 - R:localhost/127.0.0.1:32360]
2023-04-27 12:34:26 DEBUG NettyRequestSender:593 ? Using pooled Channel '[id: 0x50c91f6b, L:/127.0.0.1:53770 - R:localhost/127.0.0.1:32360]' for 'POST' to 'http://localhost:32360/session/e9022b9d0282e15e097ac05b7442dabb/execute/sync'
2023-04-27 12:34:26 DEBUG NettyRequestSender:251 ? Using open Channel [id: 0x50c91f6b, L:/127.0.0.1:53770 - R:localhost/127.0.0.1:32360] for POST '/session/e9022b9d0282e15e097ac05b7442dabb/execute/sync'
2023-04-27 12:34:26 DEBUG HttpHandler:70 ? 

Request DefaultHttpRequest(decodeResult: success, version: HTTP/1.1)
POST /session/e9022b9d0282e15e097ac05b7442dabb/execute/sync HTTP/1.1
User-Agent: selenium/4.9.0 (java windows)
Content-Length: 48807
Content-Type: application/json; charset=utf-8
host: localhost:32360
accept: */*

Response DefaultHttpResponse(decodeResult: success, version: HTTP/1.1)
HTTP/1.1 200 OK
Content-Length: 14
Content-Type: application/json; charset=utf-8
cache-control: no-cache

2023-04-27 12:34:26 DEBUG ChannelManager:270 ? Adding key: http://localhost:32360 for channel [id: 0x50c91f6b, L:/127.0.0.1:53770 - R:localhost/127.0.0.1:32360]
2023-04-27 12:34:26 DEBUG NettyRequestSender:593 ? Using pooled Channel '[id: 0x50c91f6b, L:/127.0.0.1:53770 - R:localhost/127.0.0.1:32360]' for 'DELETE' to 'http://localhost:32360/session/e9022b9d0282e15e097ac05b7442dabb'
2023-04-27 12:34:26 DEBUG NettyRequestSender:251 ? Using open Channel [id: 0x50c91f6b, L:/127.0.0.1:53770 - R:localhost/127.0.0.1:32360] for DELETE '/session/e9022b9d0282e15e097ac05b7442dabb'
2023-04-27 12:34:26 DEBUG WebSocketHandler:126 ? Channel Closed: [id: 0x2d77bbe3, L:/127.0.0.1:53795 ! R:localhost/127.0.0.1:53773] with attribute NettyResponseFuture{currentRetry=0,
	isDone=1,
	isCancelled=0,
	asyncHandler=org.asynchttpclient.ws.WebSocketUpgradeHandler@2e252432,
	nettyRequest=org.asynchttpclient.netty.request.NettyRequest@3c139303,
	future=java.util.concurrent.CompletableFuture@75886059[Completed normally],
	uri=ws://localhost:53773/devtools/browser/a2d6bf1c-fb45-4b54-8570-689e07859960,
	keepAlive=true,
	redirectCount=0,
	timeoutsHolder=null,
	inAuth=0,
	touch=1682555663986}
2023-04-27 12:34:26 DEBUG ChannelManager:315 ? Closing Channel [id: 0x2d77bbe3, L:/127.0.0.1:53795 ! R:localhost/127.0.0.1:53773] 
2023-04-27 12:34:26 DEBUG HttpHandler:159 ? Unexpected I/O exception on channel [id: 0x56f23886, L:/127.0.0.1:53794 - R:localhost/127.0.0.1:53773]
java.net.SocketException: Connection reset
	at java.base/sun.nio.ch.SocketChannelImpl.throwConnectionReset(SocketChannelImpl.java:401)
	at java.base/sun.nio.ch.SocketChannelImpl.read(SocketChannelImpl.java:434)
	at io.netty.buffer.PooledByteBuf.setBytes(PooledByteBuf.java:256)
	at io.netty.buffer.AbstractByteBuf.writeBytes(AbstractByteBuf.java:1132)
	at io.netty.channel.socket.nio.NioSocketChannel.doReadBytes(NioSocketChannel.java:357)
	at io.netty.channel.nio.AbstractNioByteChannel$NioByteUnsafe.read(AbstractNioByteChannel.java:151)
	at io.netty.channel.nio.NioEventLoop.processSelectedKey(NioEventLoop.java:788)
	at io.netty.channel.nio.NioEventLoop.processSelectedKeysOptimized(NioEventLoop.java:724)
	at io.netty.channel.nio.NioEventLoop.processSelectedKeys(NioEventLoop.java:650)
	at io.netty.channel.nio.NioEventLoop.run(NioEventLoop.java:562)
	at io.netty.util.concurrent.SingleThreadEventExecutor$4.run(SingleThreadEventExecutor.java:997)
	at io.netty.util.internal.ThreadExecutorMap$2.run(ThreadExecutorMap.java:74)
	at io.netty.util.concurrent.FastThreadLocalRunnable.run(FastThreadLocalRunnable.java:30)
	at java.base/java.lang.Thread.run(Thread.java:1589)
2023-04-27 12:34:26 DEBUG ChannelManager:315 ? Closing Channel [id: 0x56f23886, L:/127.0.0.1:53794 - R:localhost/127.0.0.1:53773] 
2023-04-27 12:34:26 DEBUG HttpHandler:126 ? Channel Closed: [id: 0x56f23886, L:/127.0.0.1:53794 ! R:localhost/127.0.0.1:53773] with attribute DISCARD
2023-04-27 12:34:26 DEBUG HttpHandler:70 ? 

Request DefaultFullHttpRequest(decodeResult: success, version: HTTP/1.1, content: EmptyByteBufBE)
DELETE /session/e9022b9d0282e15e097ac05b7442dabb HTTP/1.1
User-Agent: selenium/4.9.0 (java windows)
Content-Type: application/json; charset=utf-8
host: localhost:32360
accept: */*

Response DefaultHttpResponse(decodeResult: success, version: HTTP/1.1)
HTTP/1.1 200 OK
Content-Length: 14
Content-Type: application/json; charset=utf-8
cache-control: no-cache

2023-04-27 12:34:26 DEBUG ChannelManager:270 ? Adding key: http://localhost:32360 for channel [id: 0x50c91f6b, L:/127.0.0.1:53770 - R:localhost/127.0.0.1:32360]
2023-04-27 12:34:26 DEBUG HttpHandler:126 ? Channel Closed: [id: 0x50c91f6b, L:/127.0.0.1:53770 ! R:localhost/127.0.0.1:32360] with attribute DISCARD
2023-04-27 12:39:38 DEBUG InternalLoggerFactory:63 ? Using SLF4J as the default logging framework
2023-04-27 12:39:38 DEBUG ResourceLeakDetector:129 ? -Dio.netty.leakDetection.level: simple
2023-04-27 12:39:38 DEBUG ResourceLeakDetector:130 ? -Dio.netty.leakDetection.targetRecords: 4
2023-04-27 12:39:38 DEBUG ResourceLeakDetectorFactory:196 ? Loaded default ResourceLeakDetector: io.netty.util.ResourceLeakDetector@4e76dac
2023-04-27 12:39:39 DEBUG PlatformDependent0:496 ? -Dio.netty.noUnsafe: false
2023-04-27 12:39:39 DEBUG PlatformDependent0:1000 ? Java version: 19
2023-04-27 12:39:39 DEBUG PlatformDependent0:137 ? sun.misc.Unsafe.theUnsafe: available
2023-04-27 12:39:39 DEBUG PlatformDependent0:161 ? sun.misc.Unsafe.copyMemory: available
2023-04-27 12:39:39 DEBUG PlatformDependent0:193 ? sun.misc.Unsafe.storeFence: available
2023-04-27 12:39:39 DEBUG PlatformDependent0:236 ? java.nio.Buffer.address: available
2023-04-27 12:39:39 DEBUG PlatformDependent0:320 ? direct buffer constructor: unavailable: Reflective setAccessible(true) disabled
2023-04-27 12:39:39 DEBUG PlatformDependent0:385 ? java.nio.Bits.unaligned: available, true
2023-04-27 12:39:39 DEBUG PlatformDependent0:452 ? jdk.internal.misc.Unsafe.allocateUninitializedArray(int): unavailable: class io.netty.util.internal.PlatformDependent0$7 cannot access class jdk.internal.misc.Unsafe (in module java.base) because module java.base does not export jdk.internal.misc to unnamed module @4c3e4790
2023-04-27 12:39:39 DEBUG PlatformDependent0:482 ? java.nio.DirectByteBuffer.<init>(long, int): unavailable
2023-04-27 12:39:39 DEBUG PlatformDependent:1159 ? sun.misc.Unsafe: available
2023-04-27 12:39:39 DEBUG PlatformDependent:1270 ? maxDirectMemory: 5339348992 bytes (maybe)
2023-04-27 12:39:39 DEBUG PlatformDependent:1289 ? -Dio.netty.tmpdir: C:\Users\rohit\AppData\Local\Temp (java.io.tmpdir)
2023-04-27 12:39:39 DEBUG PlatformDependent:1368 ? -Dio.netty.bitMode: 64 (sun.arch.data.model)
2023-04-27 12:39:39 DEBUG PlatformDependent:1119 ? Platform: Windows
2023-04-27 12:39:39 DEBUG PlatformDependent:178 ? -Dio.netty.maxDirectMemory: -1 bytes
2023-04-27 12:39:39 DEBUG PlatformDependent:185 ? -Dio.netty.uninitializedArrayAllocationThreshold: -1
2023-04-27 12:39:39 DEBUG CleanerJava9:71 ? java.nio.ByteBuffer.cleaner(): available
2023-04-27 12:39:39 DEBUG PlatformDependent:205 ? -Dio.netty.noPreferDirect: false
2023-04-27 12:39:39 DEBUG PlatformDependent:1010 ? org.jctools-core.MpscChunkedArrayQueue: available
2023-04-27 12:39:39 DEBUG InternalThreadLocalMap:100 ? -Dio.netty.threadLocalMap.stringBuilder.initialSize: 1024
2023-04-27 12:39:39 DEBUG InternalThreadLocalMap:101 ? -Dio.netty.threadLocalMap.stringBuilder.maxSize: 4096
2023-04-27 12:39:39 DEBUG JdkSslContext:83 ? Default protocols (JDK): [TLSv1.3, TLSv1.2] 
2023-04-27 12:39:39 DEBUG JdkSslContext:84 ? Default cipher suites (JDK): [TLS_ECDHE_ECDSA_WITH_AES_256_GCM_SHA384, TLS_ECDHE_ECDSA_WITH_AES_128_GCM_SHA256, TLS_ECDHE_RSA_WITH_AES_128_GCM_SHA256, TLS_ECDHE_RSA_WITH_AES_256_GCM_SHA384, TLS_ECDHE_RSA_WITH_AES_128_CBC_SHA, TLS_ECDHE_RSA_WITH_AES_256_CBC_SHA, TLS_RSA_WITH_AES_128_GCM_SHA256, TLS_RSA_WITH_AES_128_CBC_SHA, TLS_RSA_WITH_AES_256_CBC_SHA, TLS_AES_128_GCM_SHA256, TLS_AES_256_GCM_SHA384]
2023-04-27 12:39:39 DEBUG GlobalEventExecutor:53 ? -Dio.netty.globalEventExecutor.quietPeriodSeconds: 1
2023-04-27 12:39:39 DEBUG MultithreadEventLoopGroup:44 ? -Dio.netty.eventLoopThreads: 16
2023-04-27 12:39:39 DEBUG NioEventLoop:110 ? -Dio.netty.noKeySetOptimization: false
2023-04-27 12:39:39 DEBUG NioEventLoop:111 ? -Dio.netty.selectorAutoRebuildThreshold: 512
2023-04-27 12:39:39 DEBUG PooledByteBufAllocator:157 ? -Dio.netty.allocator.numHeapArenas: 16
2023-04-27 12:39:39 DEBUG PooledByteBufAllocator:158 ? -Dio.netty.allocator.numDirectArenas: 16
2023-04-27 12:39:39 DEBUG PooledByteBufAllocator:160 ? -Dio.netty.allocator.pageSize: 8192
2023-04-27 12:39:39 DEBUG PooledByteBufAllocator:165 ? -Dio.netty.allocator.maxOrder: 9
2023-04-27 12:39:39 DEBUG PooledByteBufAllocator:169 ? -Dio.netty.allocator.chunkSize: 4194304
2023-04-27 12:39:39 DEBUG PooledByteBufAllocator:170 ? -Dio.netty.allocator.smallCacheSize: 256
2023-04-27 12:39:39 DEBUG PooledByteBufAllocator:171 ? -Dio.netty.allocator.normalCacheSize: 64
2023-04-27 12:39:39 DEBUG PooledByteBufAllocator:172 ? -Dio.netty.allocator.maxCachedBufferCapacity: 32768
2023-04-27 12:39:39 DEBUG PooledByteBufAllocator:173 ? -Dio.netty.allocator.cacheTrimInterval: 8192
2023-04-27 12:39:39 DEBUG PooledByteBufAllocator:174 ? -Dio.netty.allocator.cacheTrimIntervalMillis: 0
2023-04-27 12:39:39 DEBUG PooledByteBufAllocator:175 ? -Dio.netty.allocator.useCacheForAllThreads: false
2023-04-27 12:39:39 DEBUG PooledByteBufAllocator:176 ? -Dio.netty.allocator.maxCachedByteBuffersPerChunk: 1023
2023-04-27 12:39:39 DEBUG ByteBufUtil:88 ? -Dio.netty.allocator.type: pooled
2023-04-27 12:39:39 DEBUG ByteBufUtil:97 ? -Dio.netty.threadLocalDirectBufferSize: 0
2023-04-27 12:39:39 DEBUG ByteBufUtil:100 ? -Dio.netty.maxThreadLocalCharBufferSize: 16384
2023-04-27 12:39:39 DEBUG DefaultChannelId:79 ? -Dio.netty.processId: 37240 (auto-detected)
2023-04-27 12:39:39 DEBUG NetUtil:148 ? -Djava.net.preferIPv4Stack: false
2023-04-27 12:39:39 DEBUG NetUtil:149 ? -Djava.net.preferIPv6Addresses: false
2023-04-27 12:39:39 DEBUG NetUtilInitializations:145 ? Loopback interface: lo (Software Loopback Interface 1, 127.0.0.1)
2023-04-27 12:39:39 DEBUG NetUtil:206 ? Failed to get SOMAXCONN from sysctl and file \proc\sys\net\core\somaxconn. Default: 200
2023-04-27 12:39:39 DEBUG DefaultChannelId:101 ? -Dio.netty.machineId: 70:c9:4e:ff:fe:a9:98:9d (auto-detected)
2023-04-27 12:39:39 DEBUG AbstractByteBuf:63 ? -Dio.netty.buffer.checkAccessible: true
2023-04-27 12:39:39 DEBUG AbstractByteBuf:64 ? -Dio.netty.buffer.checkBounds: true
2023-04-27 12:39:39 DEBUG ResourceLeakDetectorFactory:196 ? Loaded default ResourceLeakDetector: io.netty.util.ResourceLeakDetector@1c39de8e
2023-04-27 12:39:40 DEBUG NettyConnectListener:73 ? Using new Channel '[id: 0x9b66ab4b, L:/127.0.0.1:54402 - R:localhost/127.0.0.1:2095]' for 'POST' to '/session'
2023-04-27 12:39:40 DEBUG Recycler:96 ? -Dio.netty.recycler.maxCapacityPerThread: 4096
2023-04-27 12:39:40 DEBUG Recycler:97 ? -Dio.netty.recycler.ratio: 8
2023-04-27 12:39:40 DEBUG Recycler:98 ? -Dio.netty.recycler.chunkSize: 32
2023-04-27 12:39:40 DEBUG Recycler:99 ? -Dio.netty.recycler.blocking: false
2023-04-27 12:39:40 DEBUG Recycler:100 ? -Dio.netty.recycler.batchFastThreadLocalOnly: true
2023-04-27 12:39:41 DEBUG Brotli:38 ? brotli4j not in the classpath; Brotli support will be unavailable.
2023-04-27 12:39:41 DEBUG HttpHandler:70 ? 

Request DefaultHttpRequest(decodeResult: success, version: HTTP/1.1)
POST /session HTTP/1.1
User-Agent: selenium/4.9.0 (java windows)
Content-Length: 254
Content-Type: application/json; charset=utf-8
host: localhost:2095
accept: */*

Response DefaultHttpResponse(decodeResult: success, version: HTTP/1.1)
HTTP/1.1 200 OK
Content-Length: 860
Content-Type: application/json; charset=utf-8
cache-control: no-cache

2023-04-27 12:39:41 DEBUG ChannelManager:270 ? Adding key: http://localhost:2095 for channel [id: 0x9b66ab4b, L:/127.0.0.1:54402 - R:localhost/127.0.0.1:2095]
2023-04-27 12:39:41 DEBUG NettyConnectListener:73 ? Using new Channel '[id: 0x84528f74, L:/127.0.0.1:54419 - R:localhost/127.0.0.1:54407]' for 'GET' to '/json/version'
2023-04-27 12:39:41 DEBUG HttpHandler:70 ? 

Request DefaultFullHttpRequest(decodeResult: success, version: HTTP/1.1, content: EmptyByteBufBE)
GET /json/version HTTP/1.1
User-Agent: selenium/4.9.0 (java windows)
host: localhost:54407
accept: */*

Response DefaultHttpResponse(decodeResult: success, version: HTTP/1.1)
HTTP/1.1 200 OK
Content-Security-Policy: frame-ancestors 'none'
Content-Length: 424
Content-Type: application/json; charset=UTF-8

2023-04-27 12:39:41 DEBUG ChannelManager:270 ? Adding key: http://localhost:54407 for channel [id: 0x84528f74, L:/127.0.0.1:54419 - R:localhost/127.0.0.1:54407]
2023-04-27 12:39:41 DEBUG ThreadLocalRandom:214 ? -Dio.netty.initialSeedUniquifier: 0x81c63c4e28251613
2023-04-27 12:39:41 DEBUG NettyConnectListener:73 ? Using new Channel '[id: 0x06f36ad9, L:/127.0.0.1:54420 - R:localhost/127.0.0.1:54407]' for 'GET' to '/devtools/browser/118f1c81-5355-4a3a-bcd3-8c7d4e0d3212'
2023-04-27 12:39:41 DEBUG WebSocketHandler:105 ? 

Request DefaultFullHttpRequest(decodeResult: success, version: HTTP/1.1, content: EmptyByteBufBE)
GET /devtools/browser/118f1c81-5355-4a3a-bcd3-8c7d4e0d3212 HTTP/1.1
upgrade: websocket
connection: upgrade
sec-websocket-key: oOfbaCn5QXJ1ZeyQsqjK8g==
sec-websocket-version: 13
origin: http://localhost:54407
host: localhost:54407
accept: */*
user-agent: AHC/2.1

Response DefaultHttpResponse(decodeResult: success, version: HTTP/1.1)
HTTP/1.1 101 WebSocket Protocol Handshake
Upgrade: WebSocket
Connection: Upgrade
Sec-WebSocket-Accept: c7kATHP6r9yatQClfRcjJrM6BrY=

2023-04-27 12:39:41 DEBUG NettyRequestSender:593 ? Using pooled Channel '[id: 0x9b66ab4b, L:/127.0.0.1:54402 - R:localhost/127.0.0.1:2095]' for 'POST' to 'http://localhost:2095/session/d22266917ab35d8021fc174aaa682b22/window/maximize'
2023-04-27 12:39:41 DEBUG NettyRequestSender:251 ? Using open Channel [id: 0x9b66ab4b, L:/127.0.0.1:54402 - R:localhost/127.0.0.1:2095] for POST '/session/d22266917ab35d8021fc174aaa682b22/window/maximize'
2023-04-27 12:39:41 DEBUG DefaultChannelPool:348 ? Entry count for : http://localhost:54407 : 1
2023-04-27 12:39:41 DEBUG HttpHandler:70 ? 

Request DefaultHttpRequest(decodeResult: success, version: HTTP/1.1)
POST /session/d22266917ab35d8021fc174aaa682b22/window/maximize HTTP/1.1
User-Agent: selenium/4.9.0 (java windows)
Content-Length: 3
Content-Type: application/json; charset=utf-8
host: localhost:2095
accept: */*

Response DefaultHttpResponse(decodeResult: success, version: HTTP/1.1)
HTTP/1.1 200 OK
Content-Length: 52
Content-Type: application/json; charset=utf-8
cache-control: no-cache

2023-04-27 12:39:41 DEBUG ChannelManager:270 ? Adding key: http://localhost:2095 for channel [id: 0x9b66ab4b, L:/127.0.0.1:54402 - R:localhost/127.0.0.1:2095]
2023-04-27 12:39:41 DEBUG NettyRequestSender:593 ? Using pooled Channel '[id: 0x9b66ab4b, L:/127.0.0.1:54402 - R:localhost/127.0.0.1:2095]' for 'POST' to 'http://localhost:2095/session/d22266917ab35d8021fc174aaa682b22/timeouts'
2023-04-27 12:39:41 DEBUG NettyRequestSender:251 ? Using open Channel [id: 0x9b66ab4b, L:/127.0.0.1:54402 - R:localhost/127.0.0.1:2095] for POST '/session/d22266917ab35d8021fc174aaa682b22/timeouts'
2023-04-27 12:39:41 DEBUG HttpHandler:70 ? 

Request DefaultHttpRequest(decodeResult: success, version: HTTP/1.1)
POST /session/d22266917ab35d8021fc174aaa682b22/timeouts HTTP/1.1
User-Agent: selenium/4.9.0 (java windows)
Content-Length: 23
Content-Type: application/json; charset=utf-8
host: localhost:2095
accept: */*

Response DefaultHttpResponse(decodeResult: success, version: HTTP/1.1)
HTTP/1.1 200 OK
Content-Length: 14
Content-Type: application/json; charset=utf-8
cache-control: no-cache

2023-04-27 12:39:41 DEBUG ChannelManager:270 ? Adding key: http://localhost:2095 for channel [id: 0x9b66ab4b, L:/127.0.0.1:54402 - R:localhost/127.0.0.1:2095]
2023-04-27 12:39:41 DEBUG NettyRequestSender:593 ? Using pooled Channel '[id: 0x9b66ab4b, L:/127.0.0.1:54402 - R:localhost/127.0.0.1:2095]' for 'POST' to 'http://localhost:2095/session/d22266917ab35d8021fc174aaa682b22/url'
2023-04-27 12:39:41 DEBUG NettyRequestSender:251 ? Using open Channel [id: 0x9b66ab4b, L:/127.0.0.1:54402 - R:localhost/127.0.0.1:2095] for POST '/session/d22266917ab35d8021fc174aaa682b22/url'
2023-04-27 12:39:42 DEBUG DefaultChannelPool:348 ? Entry count for : http://localhost:54407 : 1
2023-04-27 12:39:42 DEBUG HttpHandler:70 ? 

Request DefaultHttpRequest(decodeResult: success, version: HTTP/1.1)
POST /session/d22266917ab35d8021fc174aaa682b22/url HTTP/1.1
User-Agent: selenium/4.9.0 (java windows)
Content-Length: 59
Content-Type: application/json; charset=utf-8
host: localhost:2095
accept: */*

Response DefaultHttpResponse(decodeResult: success, version: HTTP/1.1)
HTTP/1.1 200 OK
Content-Length: 14
Content-Type: application/json; charset=utf-8
cache-control: no-cache

2023-04-27 12:39:42 DEBUG ChannelManager:270 ? Adding key: http://localhost:2095 for channel [id: 0x9b66ab4b, L:/127.0.0.1:54402 - R:localhost/127.0.0.1:2095]
2023-04-27 12:39:42 DEBUG NettyRequestSender:593 ? Using pooled Channel '[id: 0x9b66ab4b, L:/127.0.0.1:54402 - R:localhost/127.0.0.1:2095]' for 'POST' to 'http://localhost:2095/session/d22266917ab35d8021fc174aaa682b22/element'
2023-04-27 12:39:42 DEBUG NettyRequestSender:251 ? Using open Channel [id: 0x9b66ab4b, L:/127.0.0.1:54402 - R:localhost/127.0.0.1:2095] for POST '/session/d22266917ab35d8021fc174aaa682b22/element'
2023-04-27 12:39:42 DEBUG HttpHandler:70 ? 

Request DefaultHttpRequest(decodeResult: success, version: HTTP/1.1)
POST /session/d22266917ab35d8021fc174aaa682b22/element HTTP/1.1
User-Agent: selenium/4.9.0 (java windows)
Content-Length: 69
Content-Type: application/json; charset=utf-8
host: localhost:2095
accept: */*

Response DefaultHttpResponse(decodeResult: success, version: HTTP/1.1)
HTTP/1.1 200 OK
Content-Length: 88
Content-Type: application/json; charset=utf-8
cache-control: no-cache

2023-04-27 12:39:42 DEBUG ChannelManager:270 ? Adding key: http://localhost:2095 for channel [id: 0x9b66ab4b, L:/127.0.0.1:54402 - R:localhost/127.0.0.1:2095]
2023-04-27 12:39:42 DEBUG NettyRequestSender:593 ? Using pooled Channel '[id: 0x9b66ab4b, L:/127.0.0.1:54402 - R:localhost/127.0.0.1:2095]' for 'POST' to 'http://localhost:2095/session/d22266917ab35d8021fc174aaa682b22/actions'
2023-04-27 12:39:42 DEBUG NettyRequestSender:251 ? Using open Channel [id: 0x9b66ab4b, L:/127.0.0.1:54402 - R:localhost/127.0.0.1:2095] for POST '/session/d22266917ab35d8021fc174aaa682b22/actions'
2023-04-27 12:39:42 DEBUG HttpHandler:70 ? 

Request DefaultHttpRequest(decodeResult: success, version: HTTP/1.1)
POST /session/d22266917ab35d8021fc174aaa682b22/actions HTTP/1.1
User-Agent: selenium/4.9.0 (java windows)
Content-Length: 2027
Content-Type: application/json; charset=utf-8
host: localhost:2095
accept: */*

Response DefaultHttpResponse(decodeResult: success, version: HTTP/1.1)
HTTP/1.1 200 OK
Content-Length: 14
Content-Type: application/json; charset=utf-8
cache-control: no-cache

2023-04-27 12:39:42 DEBUG ChannelManager:270 ? Adding key: http://localhost:2095 for channel [id: 0x9b66ab4b, L:/127.0.0.1:54402 - R:localhost/127.0.0.1:2095]
2023-04-27 12:39:42 DEBUG NettyRequestSender:593 ? Using pooled Channel '[id: 0x9b66ab4b, L:/127.0.0.1:54402 - R:localhost/127.0.0.1:2095]' for 'POST' to 'http://localhost:2095/session/d22266917ab35d8021fc174aaa682b22/element'
2023-04-27 12:39:42 DEBUG NettyRequestSender:251 ? Using open Channel [id: 0x9b66ab4b, L:/127.0.0.1:54402 - R:localhost/127.0.0.1:2095] for POST '/session/d22266917ab35d8021fc174aaa682b22/element'
2023-04-27 12:39:42 DEBUG HttpHandler:70 ? 

Request DefaultHttpRequest(decodeResult: success, version: HTTP/1.1)
POST /session/d22266917ab35d8021fc174aaa682b22/element HTTP/1.1
User-Agent: selenium/4.9.0 (java windows)
Content-Length: 72
Content-Type: application/json; charset=utf-8
host: localhost:2095
accept: */*

Response DefaultHttpResponse(decodeResult: success, version: HTTP/1.1)
HTTP/1.1 200 OK
Content-Length: 88
Content-Type: application/json; charset=utf-8
cache-control: no-cache

2023-04-27 12:39:42 DEBUG ChannelManager:270 ? Adding key: http://localhost:2095 for channel [id: 0x9b66ab4b, L:/127.0.0.1:54402 - R:localhost/127.0.0.1:2095]
2023-04-27 12:39:42 DEBUG NettyRequestSender:593 ? Using pooled Channel '[id: 0x9b66ab4b, L:/127.0.0.1:54402 - R:localhost/127.0.0.1:2095]' for 'POST' to 'http://localhost:2095/session/d22266917ab35d8021fc174aaa682b22/actions'
2023-04-27 12:39:42 DEBUG NettyRequestSender:251 ? Using open Channel [id: 0x9b66ab4b, L:/127.0.0.1:54402 - R:localhost/127.0.0.1:2095] for POST '/session/d22266917ab35d8021fc174aaa682b22/actions'
2023-04-27 12:39:43 DEBUG HttpHandler:70 ? 

Request DefaultHttpRequest(decodeResult: success, version: HTTP/1.1)
POST /session/d22266917ab35d8021fc174aaa682b22/actions HTTP/1.1
User-Agent: selenium/4.9.0 (java windows)
Content-Length: 3467
Content-Type: application/json; charset=utf-8
host: localhost:2095
accept: */*

Response DefaultHttpResponse(decodeResult: success, version: HTTP/1.1)
HTTP/1.1 200 OK
Content-Length: 14
Content-Type: application/json; charset=utf-8
cache-control: no-cache

2023-04-27 12:39:43 DEBUG ChannelManager:270 ? Adding key: http://localhost:2095 for channel [id: 0x9b66ab4b, L:/127.0.0.1:54402 - R:localhost/127.0.0.1:2095]
2023-04-27 12:39:43 DEBUG NettyRequestSender:593 ? Using pooled Channel '[id: 0x9b66ab4b, L:/127.0.0.1:54402 - R:localhost/127.0.0.1:2095]' for 'POST' to 'http://localhost:2095/session/d22266917ab35d8021fc174aaa682b22/element'
2023-04-27 12:39:43 DEBUG NettyRequestSender:251 ? Using open Channel [id: 0x9b66ab4b, L:/127.0.0.1:54402 - R:localhost/127.0.0.1:2095] for POST '/session/d22266917ab35d8021fc174aaa682b22/element'
2023-04-27 12:39:43 DEBUG HttpHandler:70 ? 

Request DefaultHttpRequest(decodeResult: success, version: HTTP/1.1)
POST /session/d22266917ab35d8021fc174aaa682b22/element HTTP/1.1
User-Agent: selenium/4.9.0 (java windows)
Content-Length: 71
Content-Type: application/json; charset=utf-8
host: localhost:2095
accept: */*

Response DefaultHttpResponse(decodeResult: success, version: HTTP/1.1)
HTTP/1.1 200 OK
Content-Length: 88
Content-Type: application/json; charset=utf-8
cache-control: no-cache

2023-04-27 12:39:43 DEBUG ChannelManager:270 ? Adding key: http://localhost:2095 for channel [id: 0x9b66ab4b, L:/127.0.0.1:54402 - R:localhost/127.0.0.1:2095]
2023-04-27 12:39:43 DEBUG NettyRequestSender:593 ? Using pooled Channel '[id: 0x9b66ab4b, L:/127.0.0.1:54402 - R:localhost/127.0.0.1:2095]' for 'POST' to 'http://localhost:2095/session/d22266917ab35d8021fc174aaa682b22/actions'
2023-04-27 12:39:43 DEBUG NettyRequestSender:251 ? Using open Channel [id: 0x9b66ab4b, L:/127.0.0.1:54402 - R:localhost/127.0.0.1:2095] for POST '/session/d22266917ab35d8021fc174aaa682b22/actions'
2023-04-27 12:39:43 DEBUG HttpHandler:70 ? 

Request DefaultHttpRequest(decodeResult: success, version: HTTP/1.1)
POST /session/d22266917ab35d8021fc174aaa682b22/actions HTTP/1.1
User-Agent: selenium/4.9.0 (java windows)
Content-Length: 567
Content-Type: application/json; charset=utf-8
host: localhost:2095
accept: */*

Response DefaultHttpResponse(decodeResult: success, version: HTTP/1.1)
HTTP/1.1 200 OK
Content-Length: 14
Content-Type: application/json; charset=utf-8
cache-control: no-cache

2023-04-27 12:39:43 DEBUG ChannelManager:270 ? Adding key: http://localhost:2095 for channel [id: 0x9b66ab4b, L:/127.0.0.1:54402 - R:localhost/127.0.0.1:2095]
2023-04-27 12:39:43 DEBUG NettyRequestSender:593 ? Using pooled Channel '[id: 0x9b66ab4b, L:/127.0.0.1:54402 - R:localhost/127.0.0.1:2095]' for 'POST' to 'http://localhost:2095/session/d22266917ab35d8021fc174aaa682b22/element'
2023-04-27 12:39:43 DEBUG NettyRequestSender:251 ? Using open Channel [id: 0x9b66ab4b, L:/127.0.0.1:54402 - R:localhost/127.0.0.1:2095] for POST '/session/d22266917ab35d8021fc174aaa682b22/element'
2023-04-27 12:39:43 DEBUG DefaultChannelPool:348 ? Entry count for : http://localhost:54407 : 1
2023-04-27 12:39:44 DEBUG HttpHandler:70 ? 

Request DefaultHttpRequest(decodeResult: success, version: HTTP/1.1)
POST /session/d22266917ab35d8021fc174aaa682b22/element HTTP/1.1
User-Agent: selenium/4.9.0 (java windows)
Content-Length: 73
Content-Type: application/json; charset=utf-8
host: localhost:2095
accept: */*

Response DefaultHttpResponse(decodeResult: success, version: HTTP/1.1)
HTTP/1.1 200 OK
Content-Length: 88
Content-Type: application/json; charset=utf-8
cache-control: no-cache

2023-04-27 12:39:44 DEBUG ChannelManager:270 ? Adding key: http://localhost:2095 for channel [id: 0x9b66ab4b, L:/127.0.0.1:54402 - R:localhost/127.0.0.1:2095]
2023-04-27 12:39:44 DEBUG NettyRequestSender:593 ? Using pooled Channel '[id: 0x9b66ab4b, L:/127.0.0.1:54402 - R:localhost/127.0.0.1:2095]' for 'POST' to 'http://localhost:2095/session/d22266917ab35d8021fc174aaa682b22/execute/sync'
2023-04-27 12:39:44 DEBUG NettyRequestSender:251 ? Using open Channel [id: 0x9b66ab4b, L:/127.0.0.1:54402 - R:localhost/127.0.0.1:2095] for POST '/session/d22266917ab35d8021fc174aaa682b22/execute/sync'
2023-04-27 12:39:44 DEBUG HttpHandler:70 ? 

Request DefaultHttpRequest(decodeResult: success, version: HTTP/1.1)
POST /session/d22266917ab35d8021fc174aaa682b22/execute/sync HTTP/1.1
User-Agent: selenium/4.9.0 (java windows)
Content-Length: 48807
Content-Type: application/json; charset=utf-8
host: localhost:2095
accept: */*

Response DefaultHttpResponse(decodeResult: success, version: HTTP/1.1)
HTTP/1.1 200 OK
Content-Length: 14
Content-Type: application/json; charset=utf-8
cache-control: no-cache

2023-04-27 12:39:44 DEBUG ChannelManager:270 ? Adding key: http://localhost:2095 for channel [id: 0x9b66ab4b, L:/127.0.0.1:54402 - R:localhost/127.0.0.1:2095]
2023-04-27 12:39:44 DEBUG NettyRequestSender:593 ? Using pooled Channel '[id: 0x9b66ab4b, L:/127.0.0.1:54402 - R:localhost/127.0.0.1:2095]' for 'POST' to 'http://localhost:2095/session/d22266917ab35d8021fc174aaa682b22/element'
2023-04-27 12:39:44 DEBUG NettyRequestSender:251 ? Using open Channel [id: 0x9b66ab4b, L:/127.0.0.1:54402 - R:localhost/127.0.0.1:2095] for POST '/session/d22266917ab35d8021fc174aaa682b22/element'
2023-04-27 12:39:44 DEBUG HttpHandler:70 ? 

Request DefaultHttpRequest(decodeResult: success, version: HTTP/1.1)
POST /session/d22266917ab35d8021fc174aaa682b22/element HTTP/1.1
User-Agent: selenium/4.9.0 (java windows)
Content-Length: 67
Content-Type: application/json; charset=utf-8
host: localhost:2095
accept: */*

Response DefaultHttpResponse(decodeResult: success, version: HTTP/1.1)
HTTP/1.1 200 OK
Content-Length: 88
Content-Type: application/json; charset=utf-8
cache-control: no-cache

2023-04-27 12:39:44 DEBUG ChannelManager:270 ? Adding key: http://localhost:2095 for channel [id: 0x9b66ab4b, L:/127.0.0.1:54402 - R:localhost/127.0.0.1:2095]
2023-04-27 12:39:44 DEBUG NettyRequestSender:593 ? Using pooled Channel '[id: 0x9b66ab4b, L:/127.0.0.1:54402 - R:localhost/127.0.0.1:2095]' for 'POST' to 'http://localhost:2095/session/d22266917ab35d8021fc174aaa682b22/execute/sync'
2023-04-27 12:39:44 DEBUG NettyRequestSender:251 ? Using open Channel [id: 0x9b66ab4b, L:/127.0.0.1:54402 - R:localhost/127.0.0.1:2095] for POST '/session/d22266917ab35d8021fc174aaa682b22/execute/sync'
2023-04-27 12:39:44 DEBUG HttpHandler:70 ? 

Request DefaultHttpRequest(decodeResult: success, version: HTTP/1.1)
POST /session/d22266917ab35d8021fc174aaa682b22/execute/sync HTTP/1.1
User-Agent: selenium/4.9.0 (java windows)
Content-Length: 48807
Content-Type: application/json; charset=utf-8
host: localhost:2095
accept: */*

Response DefaultHttpResponse(decodeResult: success, version: HTTP/1.1)
HTTP/1.1 200 OK
Content-Length: 14
Content-Type: application/json; charset=utf-8
cache-control: no-cache

2023-04-27 12:39:44 DEBUG ChannelManager:270 ? Adding key: http://localhost:2095 for channel [id: 0x9b66ab4b, L:/127.0.0.1:54402 - R:localhost/127.0.0.1:2095]
2023-04-27 12:39:44 DEBUG NettyRequestSender:593 ? Using pooled Channel '[id: 0x9b66ab4b, L:/127.0.0.1:54402 - R:localhost/127.0.0.1:2095]' for 'DELETE' to 'http://localhost:2095/session/d22266917ab35d8021fc174aaa682b22'
2023-04-27 12:39:44 DEBUG NettyRequestSender:251 ? Using open Channel [id: 0x9b66ab4b, L:/127.0.0.1:54402 - R:localhost/127.0.0.1:2095] for DELETE '/session/d22266917ab35d8021fc174aaa682b22'
2023-04-27 12:39:44 DEBUG WebSocketHandler:126 ? Channel Closed: [id: 0x06f36ad9, L:/127.0.0.1:54420 ! R:localhost/127.0.0.1:54407] with attribute NettyResponseFuture{currentRetry=0,
	isDone=1,
	isCancelled=0,
	asyncHandler=org.asynchttpclient.ws.WebSocketUpgradeHandler@5209ebda,
	nettyRequest=org.asynchttpclient.netty.request.NettyRequest@101c2f86,
	future=java.util.concurrent.CompletableFuture@62598bc7[Completed normally],
	uri=ws://localhost:54407/devtools/browser/118f1c81-5355-4a3a-bcd3-8c7d4e0d3212,
	keepAlive=true,
	redirectCount=0,
	timeoutsHolder=null,
	inAuth=0,
	touch=1682555981329}
2023-04-27 12:39:44 DEBUG ChannelManager:315 ? Closing Channel [id: 0x06f36ad9, L:/127.0.0.1:54420 ! R:localhost/127.0.0.1:54407] 
2023-04-27 12:39:44 DEBUG HttpHandler:159 ? Unexpected I/O exception on channel [id: 0x84528f74, L:/127.0.0.1:54419 - R:localhost/127.0.0.1:54407]
java.net.SocketException: Connection reset
	at java.base/sun.nio.ch.SocketChannelImpl.throwConnectionReset(SocketChannelImpl.java:401)
	at java.base/sun.nio.ch.SocketChannelImpl.read(SocketChannelImpl.java:434)
	at io.netty.buffer.PooledByteBuf.setBytes(PooledByteBuf.java:256)
	at io.netty.buffer.AbstractByteBuf.writeBytes(AbstractByteBuf.java:1132)
	at io.netty.channel.socket.nio.NioSocketChannel.doReadBytes(NioSocketChannel.java:357)
	at io.netty.channel.nio.AbstractNioByteChannel$NioByteUnsafe.read(AbstractNioByteChannel.java:151)
	at io.netty.channel.nio.NioEventLoop.processSelectedKey(NioEventLoop.java:788)
	at io.netty.channel.nio.NioEventLoop.processSelectedKeysOptimized(NioEventLoop.java:724)
	at io.netty.channel.nio.NioEventLoop.processSelectedKeys(NioEventLoop.java:650)
	at io.netty.channel.nio.NioEventLoop.run(NioEventLoop.java:562)
	at io.netty.util.concurrent.SingleThreadEventExecutor$4.run(SingleThreadEventExecutor.java:997)
	at io.netty.util.internal.ThreadExecutorMap$2.run(ThreadExecutorMap.java:74)
	at io.netty.util.concurrent.FastThreadLocalRunnable.run(FastThreadLocalRunnable.java:30)
	at java.base/java.lang.Thread.run(Thread.java:1589)
2023-04-27 12:39:44 DEBUG ChannelManager:315 ? Closing Channel [id: 0x84528f74, L:/127.0.0.1:54419 - R:localhost/127.0.0.1:54407] 
2023-04-27 12:39:44 DEBUG HttpHandler:126 ? Channel Closed: [id: 0x84528f74, L:/127.0.0.1:54419 ! R:localhost/127.0.0.1:54407] with attribute DISCARD
2023-04-27 12:39:44 DEBUG HttpHandler:70 ? 

Request DefaultFullHttpRequest(decodeResult: success, version: HTTP/1.1, content: EmptyByteBufBE)
DELETE /session/d22266917ab35d8021fc174aaa682b22 HTTP/1.1
User-Agent: selenium/4.9.0 (java windows)
Content-Type: application/json; charset=utf-8
host: localhost:2095
accept: */*

Response DefaultHttpResponse(decodeResult: success, version: HTTP/1.1)
HTTP/1.1 200 OK
Content-Length: 14
Content-Type: application/json; charset=utf-8
cache-control: no-cache

2023-04-27 12:39:44 DEBUG ChannelManager:270 ? Adding key: http://localhost:2095 for channel [id: 0x9b66ab4b, L:/127.0.0.1:54402 - R:localhost/127.0.0.1:2095]
2023-04-27 12:39:44 DEBUG HttpHandler:126 ? Channel Closed: [id: 0x9b66ab4b, L:/127.0.0.1:54402 ! R:localhost/127.0.0.1:2095] with attribute DISCARD
2023-04-27 12:51:13 DEBUG InternalLoggerFactory:63 ? Using SLF4J as the default logging framework
2023-04-27 12:51:13 DEBUG ResourceLeakDetector:129 ? -Dio.netty.leakDetection.level: simple
2023-04-27 12:51:13 DEBUG ResourceLeakDetector:130 ? -Dio.netty.leakDetection.targetRecords: 4
2023-04-27 12:51:13 DEBUG ResourceLeakDetectorFactory:196 ? Loaded default ResourceLeakDetector: io.netty.util.ResourceLeakDetector@79e18e38
2023-04-27 12:51:13 DEBUG PlatformDependent0:496 ? -Dio.netty.noUnsafe: false
2023-04-27 12:51:13 DEBUG PlatformDependent0:1000 ? Java version: 19
2023-04-27 12:51:13 DEBUG PlatformDependent0:137 ? sun.misc.Unsafe.theUnsafe: available
2023-04-27 12:51:13 DEBUG PlatformDependent0:161 ? sun.misc.Unsafe.copyMemory: available
2023-04-27 12:51:13 DEBUG PlatformDependent0:193 ? sun.misc.Unsafe.storeFence: available
2023-04-27 12:51:13 DEBUG PlatformDependent0:236 ? java.nio.Buffer.address: available
2023-04-27 12:51:13 DEBUG PlatformDependent0:320 ? direct buffer constructor: unavailable: Reflective setAccessible(true) disabled
2023-04-27 12:51:13 DEBUG PlatformDependent0:385 ? java.nio.Bits.unaligned: available, true
2023-04-27 12:51:13 DEBUG PlatformDependent0:452 ? jdk.internal.misc.Unsafe.allocateUninitializedArray(int): unavailable: class io.netty.util.internal.PlatformDependent0$7 cannot access class jdk.internal.misc.Unsafe (in module java.base) because module java.base does not export jdk.internal.misc to unnamed module @5679c6c6
2023-04-27 12:51:13 DEBUG PlatformDependent0:482 ? java.nio.DirectByteBuffer.<init>(long, int): unavailable
2023-04-27 12:51:13 DEBUG PlatformDependent:1159 ? sun.misc.Unsafe: available
2023-04-27 12:51:13 DEBUG PlatformDependent:1270 ? maxDirectMemory: 5339348992 bytes (maybe)
2023-04-27 12:51:13 DEBUG PlatformDependent:1289 ? -Dio.netty.tmpdir: C:\Users\rohit\AppData\Local\Temp (java.io.tmpdir)
2023-04-27 12:51:13 DEBUG PlatformDependent:1368 ? -Dio.netty.bitMode: 64 (sun.arch.data.model)
2023-04-27 12:51:13 DEBUG PlatformDependent:1119 ? Platform: Windows
2023-04-27 12:51:13 DEBUG PlatformDependent:178 ? -Dio.netty.maxDirectMemory: -1 bytes
2023-04-27 12:51:13 DEBUG PlatformDependent:185 ? -Dio.netty.uninitializedArrayAllocationThreshold: -1
2023-04-27 12:51:13 DEBUG CleanerJava9:71 ? java.nio.ByteBuffer.cleaner(): available
2023-04-27 12:51:13 DEBUG PlatformDependent:205 ? -Dio.netty.noPreferDirect: false
2023-04-27 12:51:13 DEBUG PlatformDependent:1010 ? org.jctools-core.MpscChunkedArrayQueue: available
2023-04-27 12:51:13 DEBUG InternalThreadLocalMap:100 ? -Dio.netty.threadLocalMap.stringBuilder.initialSize: 1024
2023-04-27 12:51:13 DEBUG InternalThreadLocalMap:101 ? -Dio.netty.threadLocalMap.stringBuilder.maxSize: 4096
2023-04-27 12:51:13 DEBUG JdkSslContext:83 ? Default protocols (JDK): [TLSv1.3, TLSv1.2] 
2023-04-27 12:51:13 DEBUG JdkSslContext:84 ? Default cipher suites (JDK): [TLS_ECDHE_ECDSA_WITH_AES_256_GCM_SHA384, TLS_ECDHE_ECDSA_WITH_AES_128_GCM_SHA256, TLS_ECDHE_RSA_WITH_AES_128_GCM_SHA256, TLS_ECDHE_RSA_WITH_AES_256_GCM_SHA384, TLS_ECDHE_RSA_WITH_AES_128_CBC_SHA, TLS_ECDHE_RSA_WITH_AES_256_CBC_SHA, TLS_RSA_WITH_AES_128_GCM_SHA256, TLS_RSA_WITH_AES_128_CBC_SHA, TLS_RSA_WITH_AES_256_CBC_SHA, TLS_AES_128_GCM_SHA256, TLS_AES_256_GCM_SHA384]
2023-04-27 12:51:13 DEBUG GlobalEventExecutor:53 ? -Dio.netty.globalEventExecutor.quietPeriodSeconds: 1
2023-04-27 12:51:13 DEBUG MultithreadEventLoopGroup:44 ? -Dio.netty.eventLoopThreads: 16
2023-04-27 12:51:13 DEBUG NioEventLoop:110 ? -Dio.netty.noKeySetOptimization: false
2023-04-27 12:51:13 DEBUG NioEventLoop:111 ? -Dio.netty.selectorAutoRebuildThreshold: 512
2023-04-27 12:51:13 DEBUG PooledByteBufAllocator:157 ? -Dio.netty.allocator.numHeapArenas: 16
2023-04-27 12:51:13 DEBUG PooledByteBufAllocator:158 ? -Dio.netty.allocator.numDirectArenas: 16
2023-04-27 12:51:13 DEBUG PooledByteBufAllocator:160 ? -Dio.netty.allocator.pageSize: 8192
2023-04-27 12:51:13 DEBUG PooledByteBufAllocator:165 ? -Dio.netty.allocator.maxOrder: 9
2023-04-27 12:51:13 DEBUG PooledByteBufAllocator:169 ? -Dio.netty.allocator.chunkSize: 4194304
2023-04-27 12:51:13 DEBUG PooledByteBufAllocator:170 ? -Dio.netty.allocator.smallCacheSize: 256
2023-04-27 12:51:13 DEBUG PooledByteBufAllocator:171 ? -Dio.netty.allocator.normalCacheSize: 64
2023-04-27 12:51:13 DEBUG PooledByteBufAllocator:172 ? -Dio.netty.allocator.maxCachedBufferCapacity: 32768
2023-04-27 12:51:13 DEBUG PooledByteBufAllocator:173 ? -Dio.netty.allocator.cacheTrimInterval: 8192
2023-04-27 12:51:13 DEBUG PooledByteBufAllocator:174 ? -Dio.netty.allocator.cacheTrimIntervalMillis: 0
2023-04-27 12:51:13 DEBUG PooledByteBufAllocator:175 ? -Dio.netty.allocator.useCacheForAllThreads: false
2023-04-27 12:51:13 DEBUG PooledByteBufAllocator:176 ? -Dio.netty.allocator.maxCachedByteBuffersPerChunk: 1023
2023-04-27 12:51:13 DEBUG ByteBufUtil:88 ? -Dio.netty.allocator.type: pooled
2023-04-27 12:51:13 DEBUG ByteBufUtil:97 ? -Dio.netty.threadLocalDirectBufferSize: 0
2023-04-27 12:51:13 DEBUG ByteBufUtil:100 ? -Dio.netty.maxThreadLocalCharBufferSize: 16384
2023-04-27 12:51:14 DEBUG DefaultChannelId:79 ? -Dio.netty.processId: 9688 (auto-detected)
2023-04-27 12:51:14 DEBUG NetUtil:148 ? -Djava.net.preferIPv4Stack: false
2023-04-27 12:51:14 DEBUG NetUtil:149 ? -Djava.net.preferIPv6Addresses: false
2023-04-27 12:51:14 DEBUG NetUtilInitializations:145 ? Loopback interface: lo (Software Loopback Interface 1, 127.0.0.1)
2023-04-27 12:51:14 DEBUG NetUtil:206 ? Failed to get SOMAXCONN from sysctl and file \proc\sys\net\core\somaxconn. Default: 200
2023-04-27 12:51:14 DEBUG DefaultChannelId:101 ? -Dio.netty.machineId: 70:c9:4e:ff:fe:a9:98:9d (auto-detected)
2023-04-27 12:51:14 DEBUG AbstractByteBuf:63 ? -Dio.netty.buffer.checkAccessible: true
2023-04-27 12:51:14 DEBUG AbstractByteBuf:64 ? -Dio.netty.buffer.checkBounds: true
2023-04-27 12:51:14 DEBUG ResourceLeakDetectorFactory:196 ? Loaded default ResourceLeakDetector: io.netty.util.ResourceLeakDetector@2d1f967d
2023-04-27 12:51:14 DEBUG NettyConnectListener:73 ? Using new Channel '[id: 0x6b3700a9, L:/127.0.0.1:55802 - R:localhost/127.0.0.1:13384]' for 'POST' to '/session'
2023-04-27 12:51:14 DEBUG Recycler:96 ? -Dio.netty.recycler.maxCapacityPerThread: 4096
2023-04-27 12:51:14 DEBUG Recycler:97 ? -Dio.netty.recycler.ratio: 8
2023-04-27 12:51:14 DEBUG Recycler:98 ? -Dio.netty.recycler.chunkSize: 32
2023-04-27 12:51:14 DEBUG Recycler:99 ? -Dio.netty.recycler.blocking: false
2023-04-27 12:51:14 DEBUG Recycler:100 ? -Dio.netty.recycler.batchFastThreadLocalOnly: true
2023-04-27 12:51:16 DEBUG Brotli:38 ? brotli4j not in the classpath; Brotli support will be unavailable.
2023-04-27 12:51:16 DEBUG HttpHandler:70 ? 

Request DefaultHttpRequest(decodeResult: success, version: HTTP/1.1)
POST /session HTTP/1.1
User-Agent: selenium/4.9.0 (java windows)
Content-Length: 254
Content-Type: application/json; charset=utf-8
host: localhost:13384
accept: */*

Response DefaultHttpResponse(decodeResult: success, version: HTTP/1.1)
HTTP/1.1 200 OK
Content-Length: 860
Content-Type: application/json; charset=utf-8
cache-control: no-cache

2023-04-27 12:51:16 DEBUG ChannelManager:270 ? Adding key: http://localhost:13384 for channel [id: 0x6b3700a9, L:/127.0.0.1:55802 - R:localhost/127.0.0.1:13384]
2023-04-27 12:51:16 DEBUG NettyConnectListener:73 ? Using new Channel '[id: 0x2a6b3972, L:/127.0.0.1:55823 - R:localhost/127.0.0.1:55805]' for 'GET' to '/json/version'
2023-04-27 12:51:16 DEBUG HttpHandler:70 ? 

Request DefaultFullHttpRequest(decodeResult: success, version: HTTP/1.1, content: EmptyByteBufBE)
GET /json/version HTTP/1.1
User-Agent: selenium/4.9.0 (java windows)
host: localhost:55805
accept: */*

Response DefaultHttpResponse(decodeResult: success, version: HTTP/1.1)
HTTP/1.1 200 OK
Content-Security-Policy: frame-ancestors 'none'
Content-Length: 424
Content-Type: application/json; charset=UTF-8

2023-04-27 12:51:16 DEBUG ChannelManager:270 ? Adding key: http://localhost:55805 for channel [id: 0x2a6b3972, L:/127.0.0.1:55823 - R:localhost/127.0.0.1:55805]
2023-04-27 12:51:16 DEBUG ThreadLocalRandom:214 ? -Dio.netty.initialSeedUniquifier: 0x6041725cb24b2150
2023-04-27 12:51:16 DEBUG NettyConnectListener:73 ? Using new Channel '[id: 0xf03e2f5c, L:/127.0.0.1:55824 - R:localhost/127.0.0.1:55805]' for 'GET' to '/devtools/browser/8b2f93ef-d815-47ec-a9eb-bd7d0caf3b16'
2023-04-27 12:51:16 DEBUG WebSocketHandler:105 ? 

Request DefaultFullHttpRequest(decodeResult: success, version: HTTP/1.1, content: EmptyByteBufBE)
GET /devtools/browser/8b2f93ef-d815-47ec-a9eb-bd7d0caf3b16 HTTP/1.1
upgrade: websocket
connection: upgrade
sec-websocket-key: uWF8zG6DkulUpR4B3zPw+w==
sec-websocket-version: 13
origin: http://localhost:55805
host: localhost:55805
accept: */*
user-agent: AHC/2.1

Response DefaultHttpResponse(decodeResult: success, version: HTTP/1.1)
HTTP/1.1 101 WebSocket Protocol Handshake
Upgrade: WebSocket
Connection: Upgrade
Sec-WebSocket-Accept: TsQuiH/CPrJqV6sG6lDWOEDutuw=

2023-04-27 12:51:16 DEBUG NettyRequestSender:593 ? Using pooled Channel '[id: 0x6b3700a9, L:/127.0.0.1:55802 - R:localhost/127.0.0.1:13384]' for 'POST' to 'http://localhost:13384/session/ec4b10181915a59406ebbb798d443aac/window/maximize'
2023-04-27 12:51:16 DEBUG NettyRequestSender:251 ? Using open Channel [id: 0x6b3700a9, L:/127.0.0.1:55802 - R:localhost/127.0.0.1:13384] for POST '/session/ec4b10181915a59406ebbb798d443aac/window/maximize'
2023-04-27 12:51:16 DEBUG HttpHandler:70 ? 

Request DefaultHttpRequest(decodeResult: success, version: HTTP/1.1)
POST /session/ec4b10181915a59406ebbb798d443aac/window/maximize HTTP/1.1
User-Agent: selenium/4.9.0 (java windows)
Content-Length: 3
Content-Type: application/json; charset=utf-8
host: localhost:13384
accept: */*

Response DefaultHttpResponse(decodeResult: success, version: HTTP/1.1)
HTTP/1.1 200 OK
Content-Length: 52
Content-Type: application/json; charset=utf-8
cache-control: no-cache

2023-04-27 12:51:16 DEBUG ChannelManager:270 ? Adding key: http://localhost:13384 for channel [id: 0x6b3700a9, L:/127.0.0.1:55802 - R:localhost/127.0.0.1:13384]
2023-04-27 12:51:16 DEBUG NettyRequestSender:593 ? Using pooled Channel '[id: 0x6b3700a9, L:/127.0.0.1:55802 - R:localhost/127.0.0.1:13384]' for 'POST' to 'http://localhost:13384/session/ec4b10181915a59406ebbb798d443aac/timeouts'
2023-04-27 12:51:16 DEBUG NettyRequestSender:251 ? Using open Channel [id: 0x6b3700a9, L:/127.0.0.1:55802 - R:localhost/127.0.0.1:13384] for POST '/session/ec4b10181915a59406ebbb798d443aac/timeouts'
2023-04-27 12:51:16 DEBUG HttpHandler:70 ? 

Request DefaultHttpRequest(decodeResult: success, version: HTTP/1.1)
POST /session/ec4b10181915a59406ebbb798d443aac/timeouts HTTP/1.1
User-Agent: selenium/4.9.0 (java windows)
Content-Length: 23
Content-Type: application/json; charset=utf-8
host: localhost:13384
accept: */*

Response DefaultHttpResponse(decodeResult: success, version: HTTP/1.1)
HTTP/1.1 200 OK
Content-Length: 14
Content-Type: application/json; charset=utf-8
cache-control: no-cache

2023-04-27 12:51:16 DEBUG ChannelManager:270 ? Adding key: http://localhost:13384 for channel [id: 0x6b3700a9, L:/127.0.0.1:55802 - R:localhost/127.0.0.1:13384]
2023-04-27 12:51:16 DEBUG NettyRequestSender:593 ? Using pooled Channel '[id: 0x6b3700a9, L:/127.0.0.1:55802 - R:localhost/127.0.0.1:13384]' for 'POST' to 'http://localhost:13384/session/ec4b10181915a59406ebbb798d443aac/url'
2023-04-27 12:51:16 DEBUG NettyRequestSender:251 ? Using open Channel [id: 0x6b3700a9, L:/127.0.0.1:55802 - R:localhost/127.0.0.1:13384] for POST '/session/ec4b10181915a59406ebbb798d443aac/url'
2023-04-27 12:51:17 DEBUG DefaultChannelPool:348 ? Entry count for : http://localhost:55805 : 1
2023-04-27 12:51:17 DEBUG HttpHandler:70 ? 

Request DefaultHttpRequest(decodeResult: success, version: HTTP/1.1)
POST /session/ec4b10181915a59406ebbb798d443aac/url HTTP/1.1
User-Agent: selenium/4.9.0 (java windows)
Content-Length: 59
Content-Type: application/json; charset=utf-8
host: localhost:13384
accept: */*

Response DefaultHttpResponse(decodeResult: success, version: HTTP/1.1)
HTTP/1.1 200 OK
Content-Length: 14
Content-Type: application/json; charset=utf-8
cache-control: no-cache

2023-04-27 12:51:17 DEBUG ChannelManager:270 ? Adding key: http://localhost:13384 for channel [id: 0x6b3700a9, L:/127.0.0.1:55802 - R:localhost/127.0.0.1:13384]
2023-04-27 12:51:17 DEBUG NettyRequestSender:593 ? Using pooled Channel '[id: 0x6b3700a9, L:/127.0.0.1:55802 - R:localhost/127.0.0.1:13384]' for 'POST' to 'http://localhost:13384/session/ec4b10181915a59406ebbb798d443aac/element'
2023-04-27 12:51:17 DEBUG NettyRequestSender:251 ? Using open Channel [id: 0x6b3700a9, L:/127.0.0.1:55802 - R:localhost/127.0.0.1:13384] for POST '/session/ec4b10181915a59406ebbb798d443aac/element'
2023-04-27 12:51:17 DEBUG HttpHandler:70 ? 

Request DefaultHttpRequest(decodeResult: success, version: HTTP/1.1)
POST /session/ec4b10181915a59406ebbb798d443aac/element HTTP/1.1
User-Agent: selenium/4.9.0 (java windows)
Content-Length: 69
Content-Type: application/json; charset=utf-8
host: localhost:13384
accept: */*

Response DefaultHttpResponse(decodeResult: success, version: HTTP/1.1)
HTTP/1.1 200 OK
Content-Length: 88
Content-Type: application/json; charset=utf-8
cache-control: no-cache

2023-04-27 12:51:17 DEBUG ChannelManager:270 ? Adding key: http://localhost:13384 for channel [id: 0x6b3700a9, L:/127.0.0.1:55802 - R:localhost/127.0.0.1:13384]
2023-04-27 12:51:17 DEBUG NettyRequestSender:593 ? Using pooled Channel '[id: 0x6b3700a9, L:/127.0.0.1:55802 - R:localhost/127.0.0.1:13384]' for 'POST' to 'http://localhost:13384/session/ec4b10181915a59406ebbb798d443aac/actions'
2023-04-27 12:51:17 DEBUG NettyRequestSender:251 ? Using open Channel [id: 0x6b3700a9, L:/127.0.0.1:55802 - R:localhost/127.0.0.1:13384] for POST '/session/ec4b10181915a59406ebbb798d443aac/actions'
2023-04-27 12:51:18 DEBUG DefaultChannelPool:348 ? Entry count for : http://localhost:55805 : 1
2023-04-27 12:51:18 DEBUG HttpHandler:70 ? 

Request DefaultHttpRequest(decodeResult: success, version: HTTP/1.1)
POST /session/ec4b10181915a59406ebbb798d443aac/actions HTTP/1.1
User-Agent: selenium/4.9.0 (java windows)
Content-Length: 3755
Content-Type: application/json; charset=utf-8
host: localhost:13384
accept: */*

Response DefaultHttpResponse(decodeResult: success, version: HTTP/1.1)
HTTP/1.1 200 OK
Content-Length: 14
Content-Type: application/json; charset=utf-8
cache-control: no-cache

2023-04-27 12:51:18 DEBUG ChannelManager:270 ? Adding key: http://localhost:13384 for channel [id: 0x6b3700a9, L:/127.0.0.1:55802 - R:localhost/127.0.0.1:13384]
2023-04-27 12:51:18 DEBUG NettyRequestSender:593 ? Using pooled Channel '[id: 0x6b3700a9, L:/127.0.0.1:55802 - R:localhost/127.0.0.1:13384]' for 'POST' to 'http://localhost:13384/session/ec4b10181915a59406ebbb798d443aac/element'
2023-04-27 12:51:18 DEBUG NettyRequestSender:251 ? Using open Channel [id: 0x6b3700a9, L:/127.0.0.1:55802 - R:localhost/127.0.0.1:13384] for POST '/session/ec4b10181915a59406ebbb798d443aac/element'
2023-04-27 12:51:18 DEBUG HttpHandler:70 ? 

Request DefaultHttpRequest(decodeResult: success, version: HTTP/1.1)
POST /session/ec4b10181915a59406ebbb798d443aac/element HTTP/1.1
User-Agent: selenium/4.9.0 (java windows)
Content-Length: 72
Content-Type: application/json; charset=utf-8
host: localhost:13384
accept: */*

Response DefaultHttpResponse(decodeResult: success, version: HTTP/1.1)
HTTP/1.1 200 OK
Content-Length: 88
Content-Type: application/json; charset=utf-8
cache-control: no-cache

2023-04-27 12:51:18 DEBUG ChannelManager:270 ? Adding key: http://localhost:13384 for channel [id: 0x6b3700a9, L:/127.0.0.1:55802 - R:localhost/127.0.0.1:13384]
2023-04-27 12:51:18 DEBUG NettyRequestSender:593 ? Using pooled Channel '[id: 0x6b3700a9, L:/127.0.0.1:55802 - R:localhost/127.0.0.1:13384]' for 'POST' to 'http://localhost:13384/session/ec4b10181915a59406ebbb798d443aac/actions'
2023-04-27 12:51:18 DEBUG NettyRequestSender:251 ? Using open Channel [id: 0x6b3700a9, L:/127.0.0.1:55802 - R:localhost/127.0.0.1:13384] for POST '/session/ec4b10181915a59406ebbb798d443aac/actions'
2023-04-27 12:51:18 DEBUG HttpHandler:70 ? 

Request DefaultHttpRequest(decodeResult: success, version: HTTP/1.1)
POST /session/ec4b10181915a59406ebbb798d443aac/actions HTTP/1.1
User-Agent: selenium/4.9.0 (java windows)
Content-Length: 3755
Content-Type: application/json; charset=utf-8
host: localhost:13384
accept: */*

Response DefaultHttpResponse(decodeResult: success, version: HTTP/1.1)
HTTP/1.1 200 OK
Content-Length: 14
Content-Type: application/json; charset=utf-8
cache-control: no-cache

2023-04-27 12:51:18 DEBUG ChannelManager:270 ? Adding key: http://localhost:13384 for channel [id: 0x6b3700a9, L:/127.0.0.1:55802 - R:localhost/127.0.0.1:13384]
2023-04-27 12:51:18 DEBUG NettyRequestSender:593 ? Using pooled Channel '[id: 0x6b3700a9, L:/127.0.0.1:55802 - R:localhost/127.0.0.1:13384]' for 'POST' to 'http://localhost:13384/session/ec4b10181915a59406ebbb798d443aac/element'
2023-04-27 12:51:18 DEBUG NettyRequestSender:251 ? Using open Channel [id: 0x6b3700a9, L:/127.0.0.1:55802 - R:localhost/127.0.0.1:13384] for POST '/session/ec4b10181915a59406ebbb798d443aac/element'
2023-04-27 12:51:18 DEBUG HttpHandler:70 ? 

Request DefaultHttpRequest(decodeResult: success, version: HTTP/1.1)
POST /session/ec4b10181915a59406ebbb798d443aac/element HTTP/1.1
User-Agent: selenium/4.9.0 (java windows)
Content-Length: 71
Content-Type: application/json; charset=utf-8
host: localhost:13384
accept: */*

Response DefaultHttpResponse(decodeResult: success, version: HTTP/1.1)
HTTP/1.1 200 OK
Content-Length: 88
Content-Type: application/json; charset=utf-8
cache-control: no-cache

2023-04-27 12:51:18 DEBUG ChannelManager:270 ? Adding key: http://localhost:13384 for channel [id: 0x6b3700a9, L:/127.0.0.1:55802 - R:localhost/127.0.0.1:13384]
2023-04-27 12:51:18 DEBUG NettyRequestSender:593 ? Using pooled Channel '[id: 0x6b3700a9, L:/127.0.0.1:55802 - R:localhost/127.0.0.1:13384]' for 'POST' to 'http://localhost:13384/session/ec4b10181915a59406ebbb798d443aac/actions'
2023-04-27 12:51:18 DEBUG NettyRequestSender:251 ? Using open Channel [id: 0x6b3700a9, L:/127.0.0.1:55802 - R:localhost/127.0.0.1:13384] for POST '/session/ec4b10181915a59406ebbb798d443aac/actions'
2023-04-27 12:51:18 DEBUG HttpHandler:70 ? 

Request DefaultHttpRequest(decodeResult: success, version: HTTP/1.1)
POST /session/ec4b10181915a59406ebbb798d443aac/actions HTTP/1.1
User-Agent: selenium/4.9.0 (java windows)
Content-Length: 567
Content-Type: application/json; charset=utf-8
host: localhost:13384
accept: */*

Response DefaultHttpResponse(decodeResult: success, version: HTTP/1.1)
HTTP/1.1 200 OK
Content-Length: 14
Content-Type: application/json; charset=utf-8
cache-control: no-cache

2023-04-27 12:51:18 DEBUG ChannelManager:270 ? Adding key: http://localhost:13384 for channel [id: 0x6b3700a9, L:/127.0.0.1:55802 - R:localhost/127.0.0.1:13384]
2023-04-27 12:51:18 DEBUG NettyRequestSender:593 ? Using pooled Channel '[id: 0x6b3700a9, L:/127.0.0.1:55802 - R:localhost/127.0.0.1:13384]' for 'POST' to 'http://localhost:13384/session/ec4b10181915a59406ebbb798d443aac/element'
2023-04-27 12:51:18 DEBUG NettyRequestSender:251 ? Using open Channel [id: 0x6b3700a9, L:/127.0.0.1:55802 - R:localhost/127.0.0.1:13384] for POST '/session/ec4b10181915a59406ebbb798d443aac/element'
2023-04-27 12:51:19 DEBUG DefaultChannelPool:348 ? Entry count for : http://localhost:55805 : 1
2023-04-27 12:51:20 DEBUG DefaultChannelPool:348 ? Entry count for : http://localhost:55805 : 1
2023-04-27 12:51:21 DEBUG DefaultChannelPool:348 ? Entry count for : http://localhost:55805 : 1
2023-04-27 12:51:22 DEBUG DefaultChannelPool:348 ? Entry count for : http://localhost:55805 : 1
2023-04-27 12:51:23 DEBUG DefaultChannelPool:348 ? Entry count for : http://localhost:55805 : 1
2023-04-27 12:51:24 DEBUG DefaultChannelPool:348 ? Entry count for : http://localhost:55805 : 1
2023-04-27 12:51:25 DEBUG DefaultChannelPool:348 ? Entry count for : http://localhost:55805 : 1
2023-04-27 12:51:26 DEBUG DefaultChannelPool:348 ? Entry count for : http://localhost:55805 : 1
2023-04-27 12:51:28 DEBUG DefaultChannelPool:348 ? Entry count for : http://localhost:55805 : 1
2023-04-27 12:51:29 DEBUG DefaultChannelPool:348 ? Entry count for : http://localhost:55805 : 1
2023-04-27 12:51:30 DEBUG DefaultChannelPool:348 ? Entry count for : http://localhost:55805 : 1
2023-04-27 12:51:31 DEBUG DefaultChannelPool:348 ? Entry count for : http://localhost:55805 : 1
2023-04-27 12:51:32 DEBUG DefaultChannelPool:348 ? Entry count for : http://localhost:55805 : 1
2023-04-27 12:51:33 DEBUG HttpHandler:70 ? 

Request DefaultHttpRequest(decodeResult: success, version: HTTP/1.1)
POST /session/ec4b10181915a59406ebbb798d443aac/element HTTP/1.1
User-Agent: selenium/4.9.0 (java windows)
Content-Length: 73
Content-Type: application/json; charset=utf-8
host: localhost:13384
accept: */*

Response DefaultHttpResponse(decodeResult: success, version: HTTP/1.1)
HTTP/1.1 200 OK
Content-Length: 14
Content-Type: application/json; charset=utf-8
cache-control: no-cache

2023-04-27 12:51:33 DEBUG ChannelManager:270 ? Adding key: http://localhost:13384 for channel [id: 0x6b3700a9, L:/127.0.0.1:55802 - R:localhost/127.0.0.1:13384]
2023-04-27 13:00:41 DEBUG InternalLoggerFactory:63 ? Using SLF4J as the default logging framework
2023-04-27 13:00:41 DEBUG ResourceLeakDetector:129 ? -Dio.netty.leakDetection.level: simple
2023-04-27 13:00:41 DEBUG ResourceLeakDetector:130 ? -Dio.netty.leakDetection.targetRecords: 4
2023-04-27 13:00:41 DEBUG ResourceLeakDetectorFactory:196 ? Loaded default ResourceLeakDetector: io.netty.util.ResourceLeakDetector@2ce86164
2023-04-27 13:00:41 DEBUG PlatformDependent0:496 ? -Dio.netty.noUnsafe: false
2023-04-27 13:00:41 DEBUG PlatformDependent0:1000 ? Java version: 19
2023-04-27 13:00:41 DEBUG PlatformDependent0:137 ? sun.misc.Unsafe.theUnsafe: available
2023-04-27 13:00:41 DEBUG PlatformDependent0:161 ? sun.misc.Unsafe.copyMemory: available
2023-04-27 13:00:41 DEBUG PlatformDependent0:193 ? sun.misc.Unsafe.storeFence: available
2023-04-27 13:00:41 DEBUG PlatformDependent0:236 ? java.nio.Buffer.address: available
2023-04-27 13:00:41 DEBUG PlatformDependent0:320 ? direct buffer constructor: unavailable: Reflective setAccessible(true) disabled
2023-04-27 13:00:41 DEBUG PlatformDependent0:385 ? java.nio.Bits.unaligned: available, true
2023-04-27 13:00:41 DEBUG PlatformDependent0:452 ? jdk.internal.misc.Unsafe.allocateUninitializedArray(int): unavailable: class io.netty.util.internal.PlatformDependent0$7 cannot access class jdk.internal.misc.Unsafe (in module java.base) because module java.base does not export jdk.internal.misc to unnamed module @5679c6c6
2023-04-27 13:00:41 DEBUG PlatformDependent0:482 ? java.nio.DirectByteBuffer.<init>(long, int): unavailable
2023-04-27 13:00:41 DEBUG PlatformDependent:1159 ? sun.misc.Unsafe: available
2023-04-27 13:00:41 DEBUG PlatformDependent:1270 ? maxDirectMemory: 5339348992 bytes (maybe)
2023-04-27 13:00:41 DEBUG PlatformDependent:1289 ? -Dio.netty.tmpdir: C:\Users\rohit\AppData\Local\Temp (java.io.tmpdir)
2023-04-27 13:00:41 DEBUG PlatformDependent:1368 ? -Dio.netty.bitMode: 64 (sun.arch.data.model)
2023-04-27 13:00:41 DEBUG PlatformDependent:1119 ? Platform: Windows
2023-04-27 13:00:41 DEBUG PlatformDependent:178 ? -Dio.netty.maxDirectMemory: -1 bytes
2023-04-27 13:00:41 DEBUG PlatformDependent:185 ? -Dio.netty.uninitializedArrayAllocationThreshold: -1
2023-04-27 13:00:41 DEBUG CleanerJava9:71 ? java.nio.ByteBuffer.cleaner(): available
2023-04-27 13:00:41 DEBUG PlatformDependent:205 ? -Dio.netty.noPreferDirect: false
2023-04-27 13:00:41 DEBUG PlatformDependent:1010 ? org.jctools-core.MpscChunkedArrayQueue: available
2023-04-27 13:00:41 DEBUG InternalThreadLocalMap:100 ? -Dio.netty.threadLocalMap.stringBuilder.initialSize: 1024
2023-04-27 13:00:41 DEBUG InternalThreadLocalMap:101 ? -Dio.netty.threadLocalMap.stringBuilder.maxSize: 4096
2023-04-27 13:00:41 DEBUG JdkSslContext:83 ? Default protocols (JDK): [TLSv1.3, TLSv1.2] 
2023-04-27 13:00:41 DEBUG JdkSslContext:84 ? Default cipher suites (JDK): [TLS_ECDHE_ECDSA_WITH_AES_256_GCM_SHA384, TLS_ECDHE_ECDSA_WITH_AES_128_GCM_SHA256, TLS_ECDHE_RSA_WITH_AES_128_GCM_SHA256, TLS_ECDHE_RSA_WITH_AES_256_GCM_SHA384, TLS_ECDHE_RSA_WITH_AES_128_CBC_SHA, TLS_ECDHE_RSA_WITH_AES_256_CBC_SHA, TLS_RSA_WITH_AES_128_GCM_SHA256, TLS_RSA_WITH_AES_128_CBC_SHA, TLS_RSA_WITH_AES_256_CBC_SHA, TLS_AES_128_GCM_SHA256, TLS_AES_256_GCM_SHA384]
2023-04-27 13:00:41 DEBUG GlobalEventExecutor:53 ? -Dio.netty.globalEventExecutor.quietPeriodSeconds: 1
2023-04-27 13:00:41 DEBUG MultithreadEventLoopGroup:44 ? -Dio.netty.eventLoopThreads: 16
2023-04-27 13:00:41 DEBUG NioEventLoop:110 ? -Dio.netty.noKeySetOptimization: false
2023-04-27 13:00:41 DEBUG NioEventLoop:111 ? -Dio.netty.selectorAutoRebuildThreshold: 512
2023-04-27 13:00:41 DEBUG PooledByteBufAllocator:157 ? -Dio.netty.allocator.numHeapArenas: 16
2023-04-27 13:00:41 DEBUG PooledByteBufAllocator:158 ? -Dio.netty.allocator.numDirectArenas: 16
2023-04-27 13:00:41 DEBUG PooledByteBufAllocator:160 ? -Dio.netty.allocator.pageSize: 8192
2023-04-27 13:00:41 DEBUG PooledByteBufAllocator:165 ? -Dio.netty.allocator.maxOrder: 9
2023-04-27 13:00:41 DEBUG PooledByteBufAllocator:169 ? -Dio.netty.allocator.chunkSize: 4194304
2023-04-27 13:00:41 DEBUG PooledByteBufAllocator:170 ? -Dio.netty.allocator.smallCacheSize: 256
2023-04-27 13:00:41 DEBUG PooledByteBufAllocator:171 ? -Dio.netty.allocator.normalCacheSize: 64
2023-04-27 13:00:41 DEBUG PooledByteBufAllocator:172 ? -Dio.netty.allocator.maxCachedBufferCapacity: 32768
2023-04-27 13:00:41 DEBUG PooledByteBufAllocator:173 ? -Dio.netty.allocator.cacheTrimInterval: 8192
2023-04-27 13:00:41 DEBUG PooledByteBufAllocator:174 ? -Dio.netty.allocator.cacheTrimIntervalMillis: 0
2023-04-27 13:00:41 DEBUG PooledByteBufAllocator:175 ? -Dio.netty.allocator.useCacheForAllThreads: false
2023-04-27 13:00:41 DEBUG PooledByteBufAllocator:176 ? -Dio.netty.allocator.maxCachedByteBuffersPerChunk: 1023
2023-04-27 13:00:41 DEBUG ByteBufUtil:88 ? -Dio.netty.allocator.type: pooled
2023-04-27 13:00:41 DEBUG ByteBufUtil:97 ? -Dio.netty.threadLocalDirectBufferSize: 0
2023-04-27 13:00:41 DEBUG ByteBufUtil:100 ? -Dio.netty.maxThreadLocalCharBufferSize: 16384
2023-04-27 13:00:42 DEBUG DefaultChannelId:79 ? -Dio.netty.processId: 35596 (auto-detected)
2023-04-27 13:00:42 DEBUG NetUtil:148 ? -Djava.net.preferIPv4Stack: false
2023-04-27 13:00:42 DEBUG NetUtil:149 ? -Djava.net.preferIPv6Addresses: false
2023-04-27 13:00:42 DEBUG NetUtilInitializations:145 ? Loopback interface: lo (Software Loopback Interface 1, 127.0.0.1)
2023-04-27 13:00:42 DEBUG NetUtil:206 ? Failed to get SOMAXCONN from sysctl and file \proc\sys\net\core\somaxconn. Default: 200
2023-04-27 13:00:42 DEBUG DefaultChannelId:101 ? -Dio.netty.machineId: 70:c9:4e:ff:fe:a9:98:9d (auto-detected)
2023-04-27 13:00:42 DEBUG AbstractByteBuf:63 ? -Dio.netty.buffer.checkAccessible: true
2023-04-27 13:00:42 DEBUG AbstractByteBuf:64 ? -Dio.netty.buffer.checkBounds: true
2023-04-27 13:00:42 DEBUG ResourceLeakDetectorFactory:196 ? Loaded default ResourceLeakDetector: io.netty.util.ResourceLeakDetector@6a377c49
2023-04-27 13:00:42 DEBUG NettyConnectListener:73 ? Using new Channel '[id: 0xf67111cb, L:/127.0.0.1:56886 - R:localhost/127.0.0.1:43997]' for 'POST' to '/session'
2023-04-27 13:00:42 DEBUG Recycler:96 ? -Dio.netty.recycler.maxCapacityPerThread: 4096
2023-04-27 13:00:42 DEBUG Recycler:97 ? -Dio.netty.recycler.ratio: 8
2023-04-27 13:00:42 DEBUG Recycler:98 ? -Dio.netty.recycler.chunkSize: 32
2023-04-27 13:00:42 DEBUG Recycler:99 ? -Dio.netty.recycler.blocking: false
2023-04-27 13:00:42 DEBUG Recycler:100 ? -Dio.netty.recycler.batchFastThreadLocalOnly: true
2023-04-27 13:00:43 DEBUG Brotli:38 ? brotli4j not in the classpath; Brotli support will be unavailable.
2023-04-27 13:00:43 DEBUG HttpHandler:70 ? 

Request DefaultHttpRequest(decodeResult: success, version: HTTP/1.1)
POST /session HTTP/1.1
User-Agent: selenium/4.9.0 (java windows)
Content-Length: 254
Content-Type: application/json; charset=utf-8
host: localhost:43997
accept: */*

Response DefaultHttpResponse(decodeResult: success, version: HTTP/1.1)
HTTP/1.1 200 OK
Content-Length: 859
Content-Type: application/json; charset=utf-8
cache-control: no-cache

2023-04-27 13:00:43 DEBUG ChannelManager:270 ? Adding key: http://localhost:43997 for channel [id: 0xf67111cb, L:/127.0.0.1:56886 - R:localhost/127.0.0.1:43997]
2023-04-27 13:00:43 DEBUG DefaultChannelPool:348 ? Entry count for : http://localhost:43997 : 1
2023-04-27 13:00:43 DEBUG NettyConnectListener:73 ? Using new Channel '[id: 0x23efe583, L:/127.0.0.1:56904 - R:localhost/127.0.0.1:56889]' for 'GET' to '/json/version'
2023-04-27 13:00:43 DEBUG HttpHandler:70 ? 

Request DefaultFullHttpRequest(decodeResult: success, version: HTTP/1.1, content: EmptyByteBufBE)
GET /json/version HTTP/1.1
User-Agent: selenium/4.9.0 (java windows)
host: localhost:56889
accept: */*

Response DefaultHttpResponse(decodeResult: success, version: HTTP/1.1)
HTTP/1.1 200 OK
Content-Security-Policy: frame-ancestors 'none'
Content-Length: 424
Content-Type: application/json; charset=UTF-8

2023-04-27 13:00:43 DEBUG ChannelManager:270 ? Adding key: http://localhost:56889 for channel [id: 0x23efe583, L:/127.0.0.1:56904 - R:localhost/127.0.0.1:56889]
2023-04-27 13:00:44 DEBUG ThreadLocalRandom:214 ? -Dio.netty.initialSeedUniquifier: 0xbae30f343fe76373
2023-04-27 13:00:44 DEBUG NettyConnectListener:73 ? Using new Channel '[id: 0x7febc8ba, L:/127.0.0.1:56905 - R:localhost/127.0.0.1:56889]' for 'GET' to '/devtools/browser/af562f2e-eb5e-456e-b8fa-354f9f834b89'
2023-04-27 13:00:44 DEBUG WebSocketHandler:105 ? 

Request DefaultFullHttpRequest(decodeResult: success, version: HTTP/1.1, content: EmptyByteBufBE)
GET /devtools/browser/af562f2e-eb5e-456e-b8fa-354f9f834b89 HTTP/1.1
upgrade: websocket
connection: upgrade
sec-websocket-key: 2u539ST3fY8/aUPAMY7c7Q==
sec-websocket-version: 13
origin: http://localhost:56889
host: localhost:56889
accept: */*
user-agent: AHC/2.1

Response DefaultHttpResponse(decodeResult: success, version: HTTP/1.1)
HTTP/1.1 101 WebSocket Protocol Handshake
Upgrade: WebSocket
Connection: Upgrade
Sec-WebSocket-Accept: j3prTUYvmOKD8reeYkSqzfJzuGs=

2023-04-27 13:00:44 DEBUG NettyRequestSender:593 ? Using pooled Channel '[id: 0xf67111cb, L:/127.0.0.1:56886 - R:localhost/127.0.0.1:43997]' for 'POST' to 'http://localhost:43997/session/40076b771e8600beba7fd7d222c3c23a/window/maximize'
2023-04-27 13:00:44 DEBUG NettyRequestSender:251 ? Using open Channel [id: 0xf67111cb, L:/127.0.0.1:56886 - R:localhost/127.0.0.1:43997] for POST '/session/40076b771e8600beba7fd7d222c3c23a/window/maximize'
2023-04-27 13:00:44 DEBUG HttpHandler:70 ? 

Request DefaultHttpRequest(decodeResult: success, version: HTTP/1.1)
POST /session/40076b771e8600beba7fd7d222c3c23a/window/maximize HTTP/1.1
User-Agent: selenium/4.9.0 (java windows)
Content-Length: 3
Content-Type: application/json; charset=utf-8
host: localhost:43997
accept: */*

Response DefaultHttpResponse(decodeResult: success, version: HTTP/1.1)
HTTP/1.1 200 OK
Content-Length: 52
Content-Type: application/json; charset=utf-8
cache-control: no-cache

2023-04-27 13:00:44 DEBUG ChannelManager:270 ? Adding key: http://localhost:43997 for channel [id: 0xf67111cb, L:/127.0.0.1:56886 - R:localhost/127.0.0.1:43997]
2023-04-27 13:00:44 DEBUG NettyRequestSender:593 ? Using pooled Channel '[id: 0xf67111cb, L:/127.0.0.1:56886 - R:localhost/127.0.0.1:43997]' for 'POST' to 'http://localhost:43997/session/40076b771e8600beba7fd7d222c3c23a/timeouts'
2023-04-27 13:00:44 DEBUG NettyRequestSender:251 ? Using open Channel [id: 0xf67111cb, L:/127.0.0.1:56886 - R:localhost/127.0.0.1:43997] for POST '/session/40076b771e8600beba7fd7d222c3c23a/timeouts'
2023-04-27 13:00:44 DEBUG HttpHandler:70 ? 

Request DefaultHttpRequest(decodeResult: success, version: HTTP/1.1)
POST /session/40076b771e8600beba7fd7d222c3c23a/timeouts HTTP/1.1
User-Agent: selenium/4.9.0 (java windows)
Content-Length: 23
Content-Type: application/json; charset=utf-8
host: localhost:43997
accept: */*

Response DefaultHttpResponse(decodeResult: success, version: HTTP/1.1)
HTTP/1.1 200 OK
Content-Length: 14
Content-Type: application/json; charset=utf-8
cache-control: no-cache

2023-04-27 13:00:44 DEBUG ChannelManager:270 ? Adding key: http://localhost:43997 for channel [id: 0xf67111cb, L:/127.0.0.1:56886 - R:localhost/127.0.0.1:43997]
2023-04-27 13:00:44 DEBUG NettyRequestSender:593 ? Using pooled Channel '[id: 0xf67111cb, L:/127.0.0.1:56886 - R:localhost/127.0.0.1:43997]' for 'POST' to 'http://localhost:43997/session/40076b771e8600beba7fd7d222c3c23a/url'
2023-04-27 13:00:44 DEBUG NettyRequestSender:251 ? Using open Channel [id: 0xf67111cb, L:/127.0.0.1:56886 - R:localhost/127.0.0.1:43997] for POST '/session/40076b771e8600beba7fd7d222c3c23a/url'
2023-04-27 13:00:44 DEBUG DefaultChannelPool:348 ? Entry count for : http://localhost:56889 : 1
2023-04-27 13:00:45 DEBUG HttpHandler:70 ? 

Request DefaultHttpRequest(decodeResult: success, version: HTTP/1.1)
POST /session/40076b771e8600beba7fd7d222c3c23a/url HTTP/1.1
User-Agent: selenium/4.9.0 (java windows)
Content-Length: 59
Content-Type: application/json; charset=utf-8
host: localhost:43997
accept: */*

Response DefaultHttpResponse(decodeResult: success, version: HTTP/1.1)
HTTP/1.1 200 OK
Content-Length: 14
Content-Type: application/json; charset=utf-8
cache-control: no-cache

2023-04-27 13:00:45 DEBUG ChannelManager:270 ? Adding key: http://localhost:43997 for channel [id: 0xf67111cb, L:/127.0.0.1:56886 - R:localhost/127.0.0.1:43997]
2023-04-27 13:00:45 DEBUG NettyRequestSender:593 ? Using pooled Channel '[id: 0xf67111cb, L:/127.0.0.1:56886 - R:localhost/127.0.0.1:43997]' for 'POST' to 'http://localhost:43997/session/40076b771e8600beba7fd7d222c3c23a/element'
2023-04-27 13:00:45 DEBUG NettyRequestSender:251 ? Using open Channel [id: 0xf67111cb, L:/127.0.0.1:56886 - R:localhost/127.0.0.1:43997] for POST '/session/40076b771e8600beba7fd7d222c3c23a/element'
2023-04-27 13:00:45 DEBUG HttpHandler:70 ? 

Request DefaultHttpRequest(decodeResult: success, version: HTTP/1.1)
POST /session/40076b771e8600beba7fd7d222c3c23a/element HTTP/1.1
User-Agent: selenium/4.9.0 (java windows)
Content-Length: 69
Content-Type: application/json; charset=utf-8
host: localhost:43997
accept: */*

Response DefaultHttpResponse(decodeResult: success, version: HTTP/1.1)
HTTP/1.1 200 OK
Content-Length: 88
Content-Type: application/json; charset=utf-8
cache-control: no-cache

2023-04-27 13:00:45 DEBUG ChannelManager:270 ? Adding key: http://localhost:43997 for channel [id: 0xf67111cb, L:/127.0.0.1:56886 - R:localhost/127.0.0.1:43997]
2023-04-27 13:00:45 DEBUG NettyRequestSender:593 ? Using pooled Channel '[id: 0xf67111cb, L:/127.0.0.1:56886 - R:localhost/127.0.0.1:43997]' for 'POST' to 'http://localhost:43997/session/40076b771e8600beba7fd7d222c3c23a/actions'
2023-04-27 13:00:45 DEBUG NettyRequestSender:251 ? Using open Channel [id: 0xf67111cb, L:/127.0.0.1:56886 - R:localhost/127.0.0.1:43997] for POST '/session/40076b771e8600beba7fd7d222c3c23a/actions'
2023-04-27 13:00:45 DEBUG HttpHandler:70 ? 

Request DefaultHttpRequest(decodeResult: success, version: HTTP/1.1)
POST /session/40076b771e8600beba7fd7d222c3c23a/actions HTTP/1.1
User-Agent: selenium/4.9.0 (java windows)
Content-Length: 3755
Content-Type: application/json; charset=utf-8
host: localhost:43997
accept: */*

Response DefaultHttpResponse(decodeResult: success, version: HTTP/1.1)
HTTP/1.1 200 OK
Content-Length: 14
Content-Type: application/json; charset=utf-8
cache-control: no-cache

2023-04-27 13:00:45 DEBUG ChannelManager:270 ? Adding key: http://localhost:43997 for channel [id: 0xf67111cb, L:/127.0.0.1:56886 - R:localhost/127.0.0.1:43997]
2023-04-27 13:00:45 DEBUG NettyRequestSender:593 ? Using pooled Channel '[id: 0xf67111cb, L:/127.0.0.1:56886 - R:localhost/127.0.0.1:43997]' for 'POST' to 'http://localhost:43997/session/40076b771e8600beba7fd7d222c3c23a/element'
2023-04-27 13:00:45 DEBUG NettyRequestSender:251 ? Using open Channel [id: 0xf67111cb, L:/127.0.0.1:56886 - R:localhost/127.0.0.1:43997] for POST '/session/40076b771e8600beba7fd7d222c3c23a/element'
2023-04-27 13:00:45 DEBUG HttpHandler:70 ? 

Request DefaultHttpRequest(decodeResult: success, version: HTTP/1.1)
POST /session/40076b771e8600beba7fd7d222c3c23a/element HTTP/1.1
User-Agent: selenium/4.9.0 (java windows)
Content-Length: 72
Content-Type: application/json; charset=utf-8
host: localhost:43997
accept: */*

Response DefaultHttpResponse(decodeResult: success, version: HTTP/1.1)
HTTP/1.1 200 OK
Content-Length: 88
Content-Type: application/json; charset=utf-8
cache-control: no-cache

2023-04-27 13:00:45 DEBUG ChannelManager:270 ? Adding key: http://localhost:43997 for channel [id: 0xf67111cb, L:/127.0.0.1:56886 - R:localhost/127.0.0.1:43997]
2023-04-27 13:00:45 DEBUG NettyRequestSender:593 ? Using pooled Channel '[id: 0xf67111cb, L:/127.0.0.1:56886 - R:localhost/127.0.0.1:43997]' for 'POST' to 'http://localhost:43997/session/40076b771e8600beba7fd7d222c3c23a/actions'
2023-04-27 13:00:45 DEBUG NettyRequestSender:251 ? Using open Channel [id: 0xf67111cb, L:/127.0.0.1:56886 - R:localhost/127.0.0.1:43997] for POST '/session/40076b771e8600beba7fd7d222c3c23a/actions'
2023-04-27 13:00:45 DEBUG HttpHandler:70 ? 

Request DefaultHttpRequest(decodeResult: success, version: HTTP/1.1)
POST /session/40076b771e8600beba7fd7d222c3c23a/actions HTTP/1.1
User-Agent: selenium/4.9.0 (java windows)
Content-Length: 3755
Content-Type: application/json; charset=utf-8
host: localhost:43997
accept: */*

Response DefaultHttpResponse(decodeResult: success, version: HTTP/1.1)
HTTP/1.1 200 OK
Content-Length: 14
Content-Type: application/json; charset=utf-8
cache-control: no-cache

2023-04-27 13:00:45 DEBUG ChannelManager:270 ? Adding key: http://localhost:43997 for channel [id: 0xf67111cb, L:/127.0.0.1:56886 - R:localhost/127.0.0.1:43997]
2023-04-27 13:00:45 DEBUG NettyRequestSender:593 ? Using pooled Channel '[id: 0xf67111cb, L:/127.0.0.1:56886 - R:localhost/127.0.0.1:43997]' for 'POST' to 'http://localhost:43997/session/40076b771e8600beba7fd7d222c3c23a/element'
2023-04-27 13:00:45 DEBUG NettyRequestSender:251 ? Using open Channel [id: 0xf67111cb, L:/127.0.0.1:56886 - R:localhost/127.0.0.1:43997] for POST '/session/40076b771e8600beba7fd7d222c3c23a/element'
2023-04-27 13:00:45 DEBUG HttpHandler:70 ? 

Request DefaultHttpRequest(decodeResult: success, version: HTTP/1.1)
POST /session/40076b771e8600beba7fd7d222c3c23a/element HTTP/1.1
User-Agent: selenium/4.9.0 (java windows)
Content-Length: 71
Content-Type: application/json; charset=utf-8
host: localhost:43997
accept: */*

Response DefaultHttpResponse(decodeResult: success, version: HTTP/1.1)
HTTP/1.1 200 OK
Content-Length: 88
Content-Type: application/json; charset=utf-8
cache-control: no-cache

2023-04-27 13:00:45 DEBUG ChannelManager:270 ? Adding key: http://localhost:43997 for channel [id: 0xf67111cb, L:/127.0.0.1:56886 - R:localhost/127.0.0.1:43997]
2023-04-27 13:00:45 DEBUG NettyRequestSender:593 ? Using pooled Channel '[id: 0xf67111cb, L:/127.0.0.1:56886 - R:localhost/127.0.0.1:43997]' for 'POST' to 'http://localhost:43997/session/40076b771e8600beba7fd7d222c3c23a/actions'
2023-04-27 13:00:45 DEBUG NettyRequestSender:251 ? Using open Channel [id: 0xf67111cb, L:/127.0.0.1:56886 - R:localhost/127.0.0.1:43997] for POST '/session/40076b771e8600beba7fd7d222c3c23a/actions'
2023-04-27 13:00:46 DEBUG HttpHandler:70 ? 

Request DefaultHttpRequest(decodeResult: success, version: HTTP/1.1)
POST /session/40076b771e8600beba7fd7d222c3c23a/actions HTTP/1.1
User-Agent: selenium/4.9.0 (java windows)
Content-Length: 567
Content-Type: application/json; charset=utf-8
host: localhost:43997
accept: */*

Response DefaultHttpResponse(decodeResult: success, version: HTTP/1.1)
HTTP/1.1 200 OK
Content-Length: 14
Content-Type: application/json; charset=utf-8
cache-control: no-cache

2023-04-27 13:00:46 DEBUG ChannelManager:270 ? Adding key: http://localhost:43997 for channel [id: 0xf67111cb, L:/127.0.0.1:56886 - R:localhost/127.0.0.1:43997]
2023-04-27 13:00:46 DEBUG NettyRequestSender:593 ? Using pooled Channel '[id: 0xf67111cb, L:/127.0.0.1:56886 - R:localhost/127.0.0.1:43997]' for 'POST' to 'http://localhost:43997/session/40076b771e8600beba7fd7d222c3c23a/element'
2023-04-27 13:00:46 DEBUG NettyRequestSender:251 ? Using open Channel [id: 0xf67111cb, L:/127.0.0.1:56886 - R:localhost/127.0.0.1:43997] for POST '/session/40076b771e8600beba7fd7d222c3c23a/element'
2023-04-27 13:00:46 DEBUG DefaultChannelPool:348 ? Entry count for : http://localhost:56889 : 1
2023-04-27 13:00:46 DEBUG HttpHandler:70 ? 

Request DefaultHttpRequest(decodeResult: success, version: HTTP/1.1)
POST /session/40076b771e8600beba7fd7d222c3c23a/element HTTP/1.1
User-Agent: selenium/4.9.0 (java windows)
Content-Length: 94
Content-Type: application/json; charset=utf-8
host: localhost:43997
accept: */*

Response DefaultHttpResponse(decodeResult: success, version: HTTP/1.1)
HTTP/1.1 200 OK
Content-Length: 88
Content-Type: application/json; charset=utf-8
cache-control: no-cache

2023-04-27 13:00:46 DEBUG ChannelManager:270 ? Adding key: http://localhost:43997 for channel [id: 0xf67111cb, L:/127.0.0.1:56886 - R:localhost/127.0.0.1:43997]
2023-04-27 13:00:46 DEBUG NettyRequestSender:593 ? Using pooled Channel '[id: 0xf67111cb, L:/127.0.0.1:56886 - R:localhost/127.0.0.1:43997]' for 'GET' to 'http://localhost:43997/session/40076b771e8600beba7fd7d222c3c23a/element/8d4e89ef-9531-47c4-b31b-68e14f2c5599/text'
2023-04-27 13:00:46 DEBUG NettyRequestSender:251 ? Using open Channel [id: 0xf67111cb, L:/127.0.0.1:56886 - R:localhost/127.0.0.1:43997] for GET '/session/40076b771e8600beba7fd7d222c3c23a/element/8d4e89ef-9531-47c4-b31b-68e14f2c5599/text'
2023-04-27 13:00:46 DEBUG HttpHandler:70 ? 

Request DefaultFullHttpRequest(decodeResult: success, version: HTTP/1.1, content: EmptyByteBufBE)
GET /session/40076b771e8600beba7fd7d222c3c23a/element/8d4e89ef-9531-47c4-b31b-68e14f2c5599/text HTTP/1.1
User-Agent: selenium/4.9.0 (java windows)
Cache-Control: no-cache
Content-Type: application/json; charset=utf-8
host: localhost:43997
accept: */*

Response DefaultHttpResponse(decodeResult: success, version: HTTP/1.1)
HTTP/1.1 200 OK
Content-Length: 37
Content-Type: application/json; charset=utf-8
cache-control: no-cache

2023-04-27 13:00:46 DEBUG ChannelManager:270 ? Adding key: http://localhost:43997 for channel [id: 0xf67111cb, L:/127.0.0.1:56886 - R:localhost/127.0.0.1:43997]
2023-04-27 13:01:22 DEBUG InternalLoggerFactory:63 ? Using SLF4J as the default logging framework
2023-04-27 13:01:22 DEBUG ResourceLeakDetector:129 ? -Dio.netty.leakDetection.level: simple
2023-04-27 13:01:22 DEBUG ResourceLeakDetector:130 ? -Dio.netty.leakDetection.targetRecords: 4
2023-04-27 13:01:22 DEBUG ResourceLeakDetectorFactory:196 ? Loaded default ResourceLeakDetector: io.netty.util.ResourceLeakDetector@2ce86164
2023-04-27 13:01:22 DEBUG PlatformDependent0:496 ? -Dio.netty.noUnsafe: false
2023-04-27 13:01:22 DEBUG PlatformDependent0:1000 ? Java version: 19
2023-04-27 13:01:22 DEBUG PlatformDependent0:137 ? sun.misc.Unsafe.theUnsafe: available
2023-04-27 13:01:22 DEBUG PlatformDependent0:161 ? sun.misc.Unsafe.copyMemory: available
2023-04-27 13:01:22 DEBUG PlatformDependent0:193 ? sun.misc.Unsafe.storeFence: available
2023-04-27 13:01:22 DEBUG PlatformDependent0:236 ? java.nio.Buffer.address: available
2023-04-27 13:01:22 DEBUG PlatformDependent0:320 ? direct buffer constructor: unavailable: Reflective setAccessible(true) disabled
2023-04-27 13:01:22 DEBUG PlatformDependent0:385 ? java.nio.Bits.unaligned: available, true
2023-04-27 13:01:22 DEBUG PlatformDependent0:452 ? jdk.internal.misc.Unsafe.allocateUninitializedArray(int): unavailable: class io.netty.util.internal.PlatformDependent0$7 cannot access class jdk.internal.misc.Unsafe (in module java.base) because module java.base does not export jdk.internal.misc to unnamed module @5679c6c6
2023-04-27 13:01:22 DEBUG PlatformDependent0:482 ? java.nio.DirectByteBuffer.<init>(long, int): unavailable
2023-04-27 13:01:22 DEBUG PlatformDependent:1159 ? sun.misc.Unsafe: available
2023-04-27 13:01:22 DEBUG PlatformDependent:1270 ? maxDirectMemory: 5339348992 bytes (maybe)
2023-04-27 13:01:22 DEBUG PlatformDependent:1289 ? -Dio.netty.tmpdir: C:\Users\rohit\AppData\Local\Temp (java.io.tmpdir)
2023-04-27 13:01:22 DEBUG PlatformDependent:1368 ? -Dio.netty.bitMode: 64 (sun.arch.data.model)
2023-04-27 13:01:22 DEBUG PlatformDependent:1119 ? Platform: Windows
2023-04-27 13:01:22 DEBUG PlatformDependent:178 ? -Dio.netty.maxDirectMemory: -1 bytes
2023-04-27 13:01:22 DEBUG PlatformDependent:185 ? -Dio.netty.uninitializedArrayAllocationThreshold: -1
2023-04-27 13:01:22 DEBUG CleanerJava9:71 ? java.nio.ByteBuffer.cleaner(): available
2023-04-27 13:01:22 DEBUG PlatformDependent:205 ? -Dio.netty.noPreferDirect: false
2023-04-27 13:01:22 DEBUG PlatformDependent:1010 ? org.jctools-core.MpscChunkedArrayQueue: available
2023-04-27 13:01:22 DEBUG InternalThreadLocalMap:100 ? -Dio.netty.threadLocalMap.stringBuilder.initialSize: 1024
2023-04-27 13:01:22 DEBUG InternalThreadLocalMap:101 ? -Dio.netty.threadLocalMap.stringBuilder.maxSize: 4096
2023-04-27 13:01:22 DEBUG JdkSslContext:83 ? Default protocols (JDK): [TLSv1.3, TLSv1.2] 
2023-04-27 13:01:22 DEBUG JdkSslContext:84 ? Default cipher suites (JDK): [TLS_ECDHE_ECDSA_WITH_AES_256_GCM_SHA384, TLS_ECDHE_ECDSA_WITH_AES_128_GCM_SHA256, TLS_ECDHE_RSA_WITH_AES_128_GCM_SHA256, TLS_ECDHE_RSA_WITH_AES_256_GCM_SHA384, TLS_ECDHE_RSA_WITH_AES_128_CBC_SHA, TLS_ECDHE_RSA_WITH_AES_256_CBC_SHA, TLS_RSA_WITH_AES_128_GCM_SHA256, TLS_RSA_WITH_AES_128_CBC_SHA, TLS_RSA_WITH_AES_256_CBC_SHA, TLS_AES_128_GCM_SHA256, TLS_AES_256_GCM_SHA384]
2023-04-27 13:01:22 DEBUG GlobalEventExecutor:53 ? -Dio.netty.globalEventExecutor.quietPeriodSeconds: 1
2023-04-27 13:01:22 DEBUG MultithreadEventLoopGroup:44 ? -Dio.netty.eventLoopThreads: 16
2023-04-27 13:01:22 DEBUG NioEventLoop:110 ? -Dio.netty.noKeySetOptimization: false
2023-04-27 13:01:22 DEBUG NioEventLoop:111 ? -Dio.netty.selectorAutoRebuildThreshold: 512
2023-04-27 13:01:22 DEBUG PooledByteBufAllocator:157 ? -Dio.netty.allocator.numHeapArenas: 16
2023-04-27 13:01:22 DEBUG PooledByteBufAllocator:158 ? -Dio.netty.allocator.numDirectArenas: 16
2023-04-27 13:01:22 DEBUG PooledByteBufAllocator:160 ? -Dio.netty.allocator.pageSize: 8192
2023-04-27 13:01:22 DEBUG PooledByteBufAllocator:165 ? -Dio.netty.allocator.maxOrder: 9
2023-04-27 13:01:22 DEBUG PooledByteBufAllocator:169 ? -Dio.netty.allocator.chunkSize: 4194304
2023-04-27 13:01:22 DEBUG PooledByteBufAllocator:170 ? -Dio.netty.allocator.smallCacheSize: 256
2023-04-27 13:01:22 DEBUG PooledByteBufAllocator:171 ? -Dio.netty.allocator.normalCacheSize: 64
2023-04-27 13:01:22 DEBUG PooledByteBufAllocator:172 ? -Dio.netty.allocator.maxCachedBufferCapacity: 32768
2023-04-27 13:01:22 DEBUG PooledByteBufAllocator:173 ? -Dio.netty.allocator.cacheTrimInterval: 8192
2023-04-27 13:01:22 DEBUG PooledByteBufAllocator:174 ? -Dio.netty.allocator.cacheTrimIntervalMillis: 0
2023-04-27 13:01:22 DEBUG PooledByteBufAllocator:175 ? -Dio.netty.allocator.useCacheForAllThreads: false
2023-04-27 13:01:22 DEBUG PooledByteBufAllocator:176 ? -Dio.netty.allocator.maxCachedByteBuffersPerChunk: 1023
2023-04-27 13:01:22 DEBUG ByteBufUtil:88 ? -Dio.netty.allocator.type: pooled
2023-04-27 13:01:22 DEBUG ByteBufUtil:97 ? -Dio.netty.threadLocalDirectBufferSize: 0
2023-04-27 13:01:22 DEBUG ByteBufUtil:100 ? -Dio.netty.maxThreadLocalCharBufferSize: 16384
2023-04-27 13:01:23 DEBUG DefaultChannelId:79 ? -Dio.netty.processId: 35360 (auto-detected)
2023-04-27 13:01:23 DEBUG NetUtil:148 ? -Djava.net.preferIPv4Stack: false
2023-04-27 13:01:23 DEBUG NetUtil:149 ? -Djava.net.preferIPv6Addresses: false
2023-04-27 13:01:23 DEBUG NetUtilInitializations:145 ? Loopback interface: lo (Software Loopback Interface 1, 127.0.0.1)
2023-04-27 13:01:23 DEBUG NetUtil:206 ? Failed to get SOMAXCONN from sysctl and file \proc\sys\net\core\somaxconn. Default: 200
2023-04-27 13:01:23 DEBUG DefaultChannelId:101 ? -Dio.netty.machineId: 70:c9:4e:ff:fe:a9:98:9d (auto-detected)
2023-04-27 13:01:23 DEBUG AbstractByteBuf:63 ? -Dio.netty.buffer.checkAccessible: true
2023-04-27 13:01:23 DEBUG AbstractByteBuf:64 ? -Dio.netty.buffer.checkBounds: true
2023-04-27 13:01:23 DEBUG ResourceLeakDetectorFactory:196 ? Loaded default ResourceLeakDetector: io.netty.util.ResourceLeakDetector@7dcf819a
2023-04-27 13:01:23 DEBUG NettyConnectListener:73 ? Using new Channel '[id: 0xfc85358e, L:/127.0.0.1:57028 - R:localhost/127.0.0.1:23983]' for 'POST' to '/session'
2023-04-27 13:01:23 DEBUG Recycler:96 ? -Dio.netty.recycler.maxCapacityPerThread: 4096
2023-04-27 13:01:23 DEBUG Recycler:97 ? -Dio.netty.recycler.ratio: 8
2023-04-27 13:01:23 DEBUG Recycler:98 ? -Dio.netty.recycler.chunkSize: 32
2023-04-27 13:01:23 DEBUG Recycler:99 ? -Dio.netty.recycler.blocking: false
2023-04-27 13:01:23 DEBUG Recycler:100 ? -Dio.netty.recycler.batchFastThreadLocalOnly: true
2023-04-27 13:01:24 DEBUG Brotli:38 ? brotli4j not in the classpath; Brotli support will be unavailable.
2023-04-27 13:01:24 DEBUG HttpHandler:70 ? 

Request DefaultHttpRequest(decodeResult: success, version: HTTP/1.1)
POST /session HTTP/1.1
User-Agent: selenium/4.9.0 (java windows)
Content-Length: 254
Content-Type: application/json; charset=utf-8
host: localhost:23983
accept: */*

Response DefaultHttpResponse(decodeResult: success, version: HTTP/1.1)
HTTP/1.1 200 OK
Content-Length: 859
Content-Type: application/json; charset=utf-8
cache-control: no-cache

2023-04-27 13:01:24 DEBUG ChannelManager:270 ? Adding key: http://localhost:23983 for channel [id: 0xfc85358e, L:/127.0.0.1:57028 - R:localhost/127.0.0.1:23983]
2023-04-27 13:01:24 DEBUG NettyConnectListener:73 ? Using new Channel '[id: 0x4205188a, L:/127.0.0.1:57048 - R:localhost/127.0.0.1:57031]' for 'GET' to '/json/version'
2023-04-27 13:01:24 DEBUG HttpHandler:70 ? 

Request DefaultFullHttpRequest(decodeResult: success, version: HTTP/1.1, content: EmptyByteBufBE)
GET /json/version HTTP/1.1
User-Agent: selenium/4.9.0 (java windows)
host: localhost:57031
accept: */*

Response DefaultHttpResponse(decodeResult: success, version: HTTP/1.1)
HTTP/1.1 200 OK
Content-Security-Policy: frame-ancestors 'none'
Content-Length: 424
Content-Type: application/json; charset=UTF-8

2023-04-27 13:01:24 DEBUG ChannelManager:270 ? Adding key: http://localhost:57031 for channel [id: 0x4205188a, L:/127.0.0.1:57048 - R:localhost/127.0.0.1:57031]
2023-04-27 13:01:24 DEBUG ThreadLocalRandom:214 ? -Dio.netty.initialSeedUniquifier: 0x477b53df67684da4
2023-04-27 13:01:24 DEBUG NettyConnectListener:73 ? Using new Channel '[id: 0xd496ffcb, L:/127.0.0.1:57049 - R:localhost/127.0.0.1:57031]' for 'GET' to '/devtools/browser/216c6759-04a1-4077-9f4c-58165c18eed9'
2023-04-27 13:01:24 DEBUG WebSocketHandler:105 ? 

Request DefaultFullHttpRequest(decodeResult: success, version: HTTP/1.1, content: EmptyByteBufBE)
GET /devtools/browser/216c6759-04a1-4077-9f4c-58165c18eed9 HTTP/1.1
upgrade: websocket
connection: upgrade
sec-websocket-key: z1oJSsWL7NR7Sly2xPCsfA==
sec-websocket-version: 13
origin: http://localhost:57031
host: localhost:57031
accept: */*
user-agent: AHC/2.1

Response DefaultHttpResponse(decodeResult: success, version: HTTP/1.1)
HTTP/1.1 101 WebSocket Protocol Handshake
Upgrade: WebSocket
Connection: Upgrade
Sec-WebSocket-Accept: SP/xoBNOdrgbgaqNI22K0eY/nPg=

2023-04-27 13:01:24 DEBUG NettyRequestSender:593 ? Using pooled Channel '[id: 0xfc85358e, L:/127.0.0.1:57028 - R:localhost/127.0.0.1:23983]' for 'POST' to 'http://localhost:23983/session/535a0494115333ef6604f24b5f8ffbb4/window/maximize'
2023-04-27 13:01:24 DEBUG NettyRequestSender:251 ? Using open Channel [id: 0xfc85358e, L:/127.0.0.1:57028 - R:localhost/127.0.0.1:23983] for POST '/session/535a0494115333ef6604f24b5f8ffbb4/window/maximize'
2023-04-27 13:01:24 DEBUG HttpHandler:70 ? 

Request DefaultHttpRequest(decodeResult: success, version: HTTP/1.1)
POST /session/535a0494115333ef6604f24b5f8ffbb4/window/maximize HTTP/1.1
User-Agent: selenium/4.9.0 (java windows)
Content-Length: 3
Content-Type: application/json; charset=utf-8
host: localhost:23983
accept: */*

Response DefaultHttpResponse(decodeResult: success, version: HTTP/1.1)
HTTP/1.1 200 OK
Content-Length: 52
Content-Type: application/json; charset=utf-8
cache-control: no-cache

2023-04-27 13:01:24 DEBUG ChannelManager:270 ? Adding key: http://localhost:23983 for channel [id: 0xfc85358e, L:/127.0.0.1:57028 - R:localhost/127.0.0.1:23983]
2023-04-27 13:01:24 DEBUG NettyRequestSender:593 ? Using pooled Channel '[id: 0xfc85358e, L:/127.0.0.1:57028 - R:localhost/127.0.0.1:23983]' for 'POST' to 'http://localhost:23983/session/535a0494115333ef6604f24b5f8ffbb4/timeouts'
2023-04-27 13:01:24 DEBUG NettyRequestSender:251 ? Using open Channel [id: 0xfc85358e, L:/127.0.0.1:57028 - R:localhost/127.0.0.1:23983] for POST '/session/535a0494115333ef6604f24b5f8ffbb4/timeouts'
2023-04-27 13:01:24 DEBUG HttpHandler:70 ? 

Request DefaultHttpRequest(decodeResult: success, version: HTTP/1.1)
POST /session/535a0494115333ef6604f24b5f8ffbb4/timeouts HTTP/1.1
User-Agent: selenium/4.9.0 (java windows)
Content-Length: 23
Content-Type: application/json; charset=utf-8
host: localhost:23983
accept: */*

Response DefaultHttpResponse(decodeResult: success, version: HTTP/1.1)
HTTP/1.1 200 OK
Content-Length: 14
Content-Type: application/json; charset=utf-8
cache-control: no-cache

2023-04-27 13:01:24 DEBUG ChannelManager:270 ? Adding key: http://localhost:23983 for channel [id: 0xfc85358e, L:/127.0.0.1:57028 - R:localhost/127.0.0.1:23983]
2023-04-27 13:01:24 DEBUG DefaultChannelPool:348 ? Entry count for : http://localhost:57031 : 1
2023-04-27 13:01:24 DEBUG DefaultChannelPool:348 ? Entry count for : http://localhost:23983 : 1
2023-04-27 13:01:24 DEBUG NettyRequestSender:593 ? Using pooled Channel '[id: 0xfc85358e, L:/127.0.0.1:57028 - R:localhost/127.0.0.1:23983]' for 'POST' to 'http://localhost:23983/session/535a0494115333ef6604f24b5f8ffbb4/url'
2023-04-27 13:01:24 DEBUG NettyRequestSender:251 ? Using open Channel [id: 0xfc85358e, L:/127.0.0.1:57028 - R:localhost/127.0.0.1:23983] for POST '/session/535a0494115333ef6604f24b5f8ffbb4/url'
2023-04-27 13:01:25 DEBUG HttpHandler:70 ? 

Request DefaultHttpRequest(decodeResult: success, version: HTTP/1.1)
POST /session/535a0494115333ef6604f24b5f8ffbb4/url HTTP/1.1
User-Agent: selenium/4.9.0 (java windows)
Content-Length: 59
Content-Type: application/json; charset=utf-8
host: localhost:23983
accept: */*

Response DefaultHttpResponse(decodeResult: success, version: HTTP/1.1)
HTTP/1.1 200 OK
Content-Length: 14
Content-Type: application/json; charset=utf-8
cache-control: no-cache

2023-04-27 13:01:25 DEBUG ChannelManager:270 ? Adding key: http://localhost:23983 for channel [id: 0xfc85358e, L:/127.0.0.1:57028 - R:localhost/127.0.0.1:23983]
2023-04-27 13:01:25 DEBUG NettyRequestSender:593 ? Using pooled Channel '[id: 0xfc85358e, L:/127.0.0.1:57028 - R:localhost/127.0.0.1:23983]' for 'POST' to 'http://localhost:23983/session/535a0494115333ef6604f24b5f8ffbb4/element'
2023-04-27 13:01:25 DEBUG NettyRequestSender:251 ? Using open Channel [id: 0xfc85358e, L:/127.0.0.1:57028 - R:localhost/127.0.0.1:23983] for POST '/session/535a0494115333ef6604f24b5f8ffbb4/element'
2023-04-27 13:01:25 DEBUG HttpHandler:70 ? 

Request DefaultHttpRequest(decodeResult: success, version: HTTP/1.1)
POST /session/535a0494115333ef6604f24b5f8ffbb4/element HTTP/1.1
User-Agent: selenium/4.9.0 (java windows)
Content-Length: 69
Content-Type: application/json; charset=utf-8
host: localhost:23983
accept: */*

Response DefaultHttpResponse(decodeResult: success, version: HTTP/1.1)
HTTP/1.1 200 OK
Content-Length: 88
Content-Type: application/json; charset=utf-8
cache-control: no-cache

2023-04-27 13:01:25 DEBUG ChannelManager:270 ? Adding key: http://localhost:23983 for channel [id: 0xfc85358e, L:/127.0.0.1:57028 - R:localhost/127.0.0.1:23983]
2023-04-27 13:01:25 DEBUG NettyRequestSender:593 ? Using pooled Channel '[id: 0xfc85358e, L:/127.0.0.1:57028 - R:localhost/127.0.0.1:23983]' for 'POST' to 'http://localhost:23983/session/535a0494115333ef6604f24b5f8ffbb4/actions'
2023-04-27 13:01:25 DEBUG NettyRequestSender:251 ? Using open Channel [id: 0xfc85358e, L:/127.0.0.1:57028 - R:localhost/127.0.0.1:23983] for POST '/session/535a0494115333ef6604f24b5f8ffbb4/actions'
2023-04-27 13:01:25 DEBUG HttpHandler:70 ? 

Request DefaultHttpRequest(decodeResult: success, version: HTTP/1.1)
POST /session/535a0494115333ef6604f24b5f8ffbb4/actions HTTP/1.1
User-Agent: selenium/4.9.0 (java windows)
Content-Length: 3755
Content-Type: application/json; charset=utf-8
host: localhost:23983
accept: */*

Response DefaultHttpResponse(decodeResult: success, version: HTTP/1.1)
HTTP/1.1 200 OK
Content-Length: 14
Content-Type: application/json; charset=utf-8
cache-control: no-cache

2023-04-27 13:01:25 DEBUG ChannelManager:270 ? Adding key: http://localhost:23983 for channel [id: 0xfc85358e, L:/127.0.0.1:57028 - R:localhost/127.0.0.1:23983]
2023-04-27 13:01:25 DEBUG NettyRequestSender:593 ? Using pooled Channel '[id: 0xfc85358e, L:/127.0.0.1:57028 - R:localhost/127.0.0.1:23983]' for 'POST' to 'http://localhost:23983/session/535a0494115333ef6604f24b5f8ffbb4/element'
2023-04-27 13:01:25 DEBUG NettyRequestSender:251 ? Using open Channel [id: 0xfc85358e, L:/127.0.0.1:57028 - R:localhost/127.0.0.1:23983] for POST '/session/535a0494115333ef6604f24b5f8ffbb4/element'
2023-04-27 13:01:25 DEBUG HttpHandler:70 ? 

Request DefaultHttpRequest(decodeResult: success, version: HTTP/1.1)
POST /session/535a0494115333ef6604f24b5f8ffbb4/element HTTP/1.1
User-Agent: selenium/4.9.0 (java windows)
Content-Length: 72
Content-Type: application/json; charset=utf-8
host: localhost:23983
accept: */*

Response DefaultHttpResponse(decodeResult: success, version: HTTP/1.1)
HTTP/1.1 200 OK
Content-Length: 88
Content-Type: application/json; charset=utf-8
cache-control: no-cache

2023-04-27 13:01:25 DEBUG ChannelManager:270 ? Adding key: http://localhost:23983 for channel [id: 0xfc85358e, L:/127.0.0.1:57028 - R:localhost/127.0.0.1:23983]
2023-04-27 13:01:25 DEBUG NettyRequestSender:593 ? Using pooled Channel '[id: 0xfc85358e, L:/127.0.0.1:57028 - R:localhost/127.0.0.1:23983]' for 'POST' to 'http://localhost:23983/session/535a0494115333ef6604f24b5f8ffbb4/actions'
2023-04-27 13:01:25 DEBUG NettyRequestSender:251 ? Using open Channel [id: 0xfc85358e, L:/127.0.0.1:57028 - R:localhost/127.0.0.1:23983] for POST '/session/535a0494115333ef6604f24b5f8ffbb4/actions'
2023-04-27 13:01:26 DEBUG DefaultChannelPool:348 ? Entry count for : http://localhost:57031 : 1
2023-04-27 13:01:26 DEBUG HttpHandler:70 ? 

Request DefaultHttpRequest(decodeResult: success, version: HTTP/1.1)
POST /session/535a0494115333ef6604f24b5f8ffbb4/actions HTTP/1.1
User-Agent: selenium/4.9.0 (java windows)
Content-Length: 3755
Content-Type: application/json; charset=utf-8
host: localhost:23983
accept: */*

Response DefaultHttpResponse(decodeResult: success, version: HTTP/1.1)
HTTP/1.1 200 OK
Content-Length: 14
Content-Type: application/json; charset=utf-8
cache-control: no-cache

2023-04-27 13:01:26 DEBUG ChannelManager:270 ? Adding key: http://localhost:23983 for channel [id: 0xfc85358e, L:/127.0.0.1:57028 - R:localhost/127.0.0.1:23983]
2023-04-27 13:01:26 DEBUG NettyRequestSender:593 ? Using pooled Channel '[id: 0xfc85358e, L:/127.0.0.1:57028 - R:localhost/127.0.0.1:23983]' for 'POST' to 'http://localhost:23983/session/535a0494115333ef6604f24b5f8ffbb4/element'
2023-04-27 13:01:26 DEBUG NettyRequestSender:251 ? Using open Channel [id: 0xfc85358e, L:/127.0.0.1:57028 - R:localhost/127.0.0.1:23983] for POST '/session/535a0494115333ef6604f24b5f8ffbb4/element'
2023-04-27 13:01:26 DEBUG HttpHandler:70 ? 

Request DefaultHttpRequest(decodeResult: success, version: HTTP/1.1)
POST /session/535a0494115333ef6604f24b5f8ffbb4/element HTTP/1.1
User-Agent: selenium/4.9.0 (java windows)
Content-Length: 71
Content-Type: application/json; charset=utf-8
host: localhost:23983
accept: */*

Response DefaultHttpResponse(decodeResult: success, version: HTTP/1.1)
HTTP/1.1 200 OK
Content-Length: 88
Content-Type: application/json; charset=utf-8
cache-control: no-cache

2023-04-27 13:01:26 DEBUG ChannelManager:270 ? Adding key: http://localhost:23983 for channel [id: 0xfc85358e, L:/127.0.0.1:57028 - R:localhost/127.0.0.1:23983]
2023-04-27 13:01:26 DEBUG NettyRequestSender:593 ? Using pooled Channel '[id: 0xfc85358e, L:/127.0.0.1:57028 - R:localhost/127.0.0.1:23983]' for 'POST' to 'http://localhost:23983/session/535a0494115333ef6604f24b5f8ffbb4/actions'
2023-04-27 13:01:26 DEBUG NettyRequestSender:251 ? Using open Channel [id: 0xfc85358e, L:/127.0.0.1:57028 - R:localhost/127.0.0.1:23983] for POST '/session/535a0494115333ef6604f24b5f8ffbb4/actions'
2023-04-27 13:01:26 DEBUG HttpHandler:70 ? 

Request DefaultHttpRequest(decodeResult: success, version: HTTP/1.1)
POST /session/535a0494115333ef6604f24b5f8ffbb4/actions HTTP/1.1
User-Agent: selenium/4.9.0 (java windows)
Content-Length: 567
Content-Type: application/json; charset=utf-8
host: localhost:23983
accept: */*

Response DefaultHttpResponse(decodeResult: success, version: HTTP/1.1)
HTTP/1.1 200 OK
Content-Length: 14
Content-Type: application/json; charset=utf-8
cache-control: no-cache

2023-04-27 13:01:26 DEBUG ChannelManager:270 ? Adding key: http://localhost:23983 for channel [id: 0xfc85358e, L:/127.0.0.1:57028 - R:localhost/127.0.0.1:23983]
2023-04-27 13:01:26 DEBUG NettyRequestSender:593 ? Using pooled Channel '[id: 0xfc85358e, L:/127.0.0.1:57028 - R:localhost/127.0.0.1:23983]' for 'POST' to 'http://localhost:23983/session/535a0494115333ef6604f24b5f8ffbb4/element'
2023-04-27 13:01:26 DEBUG NettyRequestSender:251 ? Using open Channel [id: 0xfc85358e, L:/127.0.0.1:57028 - R:localhost/127.0.0.1:23983] for POST '/session/535a0494115333ef6604f24b5f8ffbb4/element'
2023-04-27 13:01:26 DEBUG HttpHandler:70 ? 

Request DefaultHttpRequest(decodeResult: success, version: HTTP/1.1)
POST /session/535a0494115333ef6604f24b5f8ffbb4/element HTTP/1.1
User-Agent: selenium/4.9.0 (java windows)
Content-Length: 94
Content-Type: application/json; charset=utf-8
host: localhost:23983
accept: */*

Response DefaultHttpResponse(decodeResult: success, version: HTTP/1.1)
HTTP/1.1 200 OK
Content-Length: 88
Content-Type: application/json; charset=utf-8
cache-control: no-cache

2023-04-27 13:01:26 DEBUG ChannelManager:270 ? Adding key: http://localhost:23983 for channel [id: 0xfc85358e, L:/127.0.0.1:57028 - R:localhost/127.0.0.1:23983]
2023-04-27 13:01:26 DEBUG NettyRequestSender:593 ? Using pooled Channel '[id: 0xfc85358e, L:/127.0.0.1:57028 - R:localhost/127.0.0.1:23983]' for 'GET' to 'http://localhost:23983/session/535a0494115333ef6604f24b5f8ffbb4/element/8040e970-fad0-499b-9dcd-9f09bc1a1cfa/text'
2023-04-27 13:01:26 DEBUG NettyRequestSender:251 ? Using open Channel [id: 0xfc85358e, L:/127.0.0.1:57028 - R:localhost/127.0.0.1:23983] for GET '/session/535a0494115333ef6604f24b5f8ffbb4/element/8040e970-fad0-499b-9dcd-9f09bc1a1cfa/text'
2023-04-27 13:01:26 DEBUG HttpHandler:70 ? 

Request DefaultFullHttpRequest(decodeResult: success, version: HTTP/1.1, content: EmptyByteBufBE)
GET /session/535a0494115333ef6604f24b5f8ffbb4/element/8040e970-fad0-499b-9dcd-9f09bc1a1cfa/text HTTP/1.1
User-Agent: selenium/4.9.0 (java windows)
Cache-Control: no-cache
Content-Type: application/json; charset=utf-8
host: localhost:23983
accept: */*

Response DefaultHttpResponse(decodeResult: success, version: HTTP/1.1)
HTTP/1.1 200 OK
Content-Length: 37
Content-Type: application/json; charset=utf-8
cache-control: no-cache

2023-04-27 13:01:26 DEBUG ChannelManager:270 ? Adding key: http://localhost:23983 for channel [id: 0xfc85358e, L:/127.0.0.1:57028 - R:localhost/127.0.0.1:23983]
2023-04-27 13:01:26 DEBUG NettyRequestSender:593 ? Using pooled Channel '[id: 0xfc85358e, L:/127.0.0.1:57028 - R:localhost/127.0.0.1:23983]' for 'POST' to 'http://localhost:23983/session/535a0494115333ef6604f24b5f8ffbb4/element'
2023-04-27 13:01:26 DEBUG NettyRequestSender:251 ? Using open Channel [id: 0xfc85358e, L:/127.0.0.1:57028 - R:localhost/127.0.0.1:23983] for POST '/session/535a0494115333ef6604f24b5f8ffbb4/element'
2023-04-27 13:01:26 DEBUG HttpHandler:70 ? 

Request DefaultHttpRequest(decodeResult: success, version: HTTP/1.1)
POST /session/535a0494115333ef6604f24b5f8ffbb4/element HTTP/1.1
User-Agent: selenium/4.9.0 (java windows)
Content-Length: 94
Content-Type: application/json; charset=utf-8
host: localhost:23983
accept: */*

Response DefaultHttpResponse(decodeResult: success, version: HTTP/1.1)
HTTP/1.1 200 OK
Content-Length: 88
Content-Type: application/json; charset=utf-8
cache-control: no-cache

2023-04-27 13:01:26 DEBUG ChannelManager:270 ? Adding key: http://localhost:23983 for channel [id: 0xfc85358e, L:/127.0.0.1:57028 - R:localhost/127.0.0.1:23983]
2023-04-27 13:01:26 DEBUG NettyRequestSender:593 ? Using pooled Channel '[id: 0xfc85358e, L:/127.0.0.1:57028 - R:localhost/127.0.0.1:23983]' for 'GET' to 'http://localhost:23983/session/535a0494115333ef6604f24b5f8ffbb4/element/8040e970-fad0-499b-9dcd-9f09bc1a1cfa/text'
2023-04-27 13:01:26 DEBUG NettyRequestSender:251 ? Using open Channel [id: 0xfc85358e, L:/127.0.0.1:57028 - R:localhost/127.0.0.1:23983] for GET '/session/535a0494115333ef6604f24b5f8ffbb4/element/8040e970-fad0-499b-9dcd-9f09bc1a1cfa/text'
2023-04-27 13:01:26 DEBUG HttpHandler:70 ? 

Request DefaultFullHttpRequest(decodeResult: success, version: HTTP/1.1, content: EmptyByteBufBE)
GET /session/535a0494115333ef6604f24b5f8ffbb4/element/8040e970-fad0-499b-9dcd-9f09bc1a1cfa/text HTTP/1.1
User-Agent: selenium/4.9.0 (java windows)
Cache-Control: no-cache
Content-Type: application/json; charset=utf-8
host: localhost:23983
accept: */*

Response DefaultHttpResponse(decodeResult: success, version: HTTP/1.1)
HTTP/1.1 200 OK
Content-Length: 37
Content-Type: application/json; charset=utf-8
cache-control: no-cache

2023-04-27 13:01:26 DEBUG ChannelManager:270 ? Adding key: http://localhost:23983 for channel [id: 0xfc85358e, L:/127.0.0.1:57028 - R:localhost/127.0.0.1:23983]
2023-04-27 13:07:18 DEBUG InternalLoggerFactory:63 ? Using SLF4J as the default logging framework
2023-04-27 13:07:18 DEBUG ResourceLeakDetector:129 ? -Dio.netty.leakDetection.level: simple
2023-04-27 13:07:18 DEBUG ResourceLeakDetector:130 ? -Dio.netty.leakDetection.targetRecords: 4
2023-04-27 13:07:18 DEBUG ResourceLeakDetectorFactory:196 ? Loaded default ResourceLeakDetector: io.netty.util.ResourceLeakDetector@71e5f61d
2023-04-27 13:07:18 DEBUG PlatformDependent0:496 ? -Dio.netty.noUnsafe: false
2023-04-27 13:07:18 DEBUG PlatformDependent0:1000 ? Java version: 19
2023-04-27 13:07:18 DEBUG PlatformDependent0:137 ? sun.misc.Unsafe.theUnsafe: available
2023-04-27 13:07:18 DEBUG PlatformDependent0:161 ? sun.misc.Unsafe.copyMemory: available
2023-04-27 13:07:18 DEBUG PlatformDependent0:193 ? sun.misc.Unsafe.storeFence: available
2023-04-27 13:07:18 DEBUG PlatformDependent0:236 ? java.nio.Buffer.address: available
2023-04-27 13:07:18 DEBUG PlatformDependent0:320 ? direct buffer constructor: unavailable: Reflective setAccessible(true) disabled
2023-04-27 13:07:18 DEBUG PlatformDependent0:385 ? java.nio.Bits.unaligned: available, true
2023-04-27 13:07:18 DEBUG PlatformDependent0:452 ? jdk.internal.misc.Unsafe.allocateUninitializedArray(int): unavailable: class io.netty.util.internal.PlatformDependent0$7 cannot access class jdk.internal.misc.Unsafe (in module java.base) because module java.base does not export jdk.internal.misc to unnamed module @5679c6c6
2023-04-27 13:07:18 DEBUG PlatformDependent0:482 ? java.nio.DirectByteBuffer.<init>(long, int): unavailable
2023-04-27 13:07:18 DEBUG PlatformDependent:1159 ? sun.misc.Unsafe: available
2023-04-27 13:07:18 DEBUG PlatformDependent:1270 ? maxDirectMemory: 5339348992 bytes (maybe)
2023-04-27 13:07:18 DEBUG PlatformDependent:1289 ? -Dio.netty.tmpdir: C:\Users\rohit\AppData\Local\Temp (java.io.tmpdir)
2023-04-27 13:07:18 DEBUG PlatformDependent:1368 ? -Dio.netty.bitMode: 64 (sun.arch.data.model)
2023-04-27 13:07:18 DEBUG PlatformDependent:1119 ? Platform: Windows
2023-04-27 13:07:18 DEBUG PlatformDependent:178 ? -Dio.netty.maxDirectMemory: -1 bytes
2023-04-27 13:07:18 DEBUG PlatformDependent:185 ? -Dio.netty.uninitializedArrayAllocationThreshold: -1
2023-04-27 13:07:18 DEBUG CleanerJava9:71 ? java.nio.ByteBuffer.cleaner(): available
2023-04-27 13:07:18 DEBUG PlatformDependent:205 ? -Dio.netty.noPreferDirect: false
2023-04-27 13:07:18 DEBUG PlatformDependent:1010 ? org.jctools-core.MpscChunkedArrayQueue: available
2023-04-27 13:07:19 DEBUG InternalThreadLocalMap:100 ? -Dio.netty.threadLocalMap.stringBuilder.initialSize: 1024
2023-04-27 13:07:19 DEBUG InternalThreadLocalMap:101 ? -Dio.netty.threadLocalMap.stringBuilder.maxSize: 4096
2023-04-27 13:07:19 DEBUG JdkSslContext:83 ? Default protocols (JDK): [TLSv1.3, TLSv1.2] 
2023-04-27 13:07:19 DEBUG JdkSslContext:84 ? Default cipher suites (JDK): [TLS_ECDHE_ECDSA_WITH_AES_256_GCM_SHA384, TLS_ECDHE_ECDSA_WITH_AES_128_GCM_SHA256, TLS_ECDHE_RSA_WITH_AES_128_GCM_SHA256, TLS_ECDHE_RSA_WITH_AES_256_GCM_SHA384, TLS_ECDHE_RSA_WITH_AES_128_CBC_SHA, TLS_ECDHE_RSA_WITH_AES_256_CBC_SHA, TLS_RSA_WITH_AES_128_GCM_SHA256, TLS_RSA_WITH_AES_128_CBC_SHA, TLS_RSA_WITH_AES_256_CBC_SHA, TLS_AES_128_GCM_SHA256, TLS_AES_256_GCM_SHA384]
2023-04-27 13:07:19 DEBUG GlobalEventExecutor:53 ? -Dio.netty.globalEventExecutor.quietPeriodSeconds: 1
2023-04-27 13:07:19 DEBUG MultithreadEventLoopGroup:44 ? -Dio.netty.eventLoopThreads: 16
2023-04-27 13:07:19 DEBUG NioEventLoop:110 ? -Dio.netty.noKeySetOptimization: false
2023-04-27 13:07:19 DEBUG NioEventLoop:111 ? -Dio.netty.selectorAutoRebuildThreshold: 512
2023-04-27 13:07:19 DEBUG PooledByteBufAllocator:157 ? -Dio.netty.allocator.numHeapArenas: 16
2023-04-27 13:07:19 DEBUG PooledByteBufAllocator:158 ? -Dio.netty.allocator.numDirectArenas: 16
2023-04-27 13:07:19 DEBUG PooledByteBufAllocator:160 ? -Dio.netty.allocator.pageSize: 8192
2023-04-27 13:07:19 DEBUG PooledByteBufAllocator:165 ? -Dio.netty.allocator.maxOrder: 9
2023-04-27 13:07:19 DEBUG PooledByteBufAllocator:169 ? -Dio.netty.allocator.chunkSize: 4194304
2023-04-27 13:07:19 DEBUG PooledByteBufAllocator:170 ? -Dio.netty.allocator.smallCacheSize: 256
2023-04-27 13:07:19 DEBUG PooledByteBufAllocator:171 ? -Dio.netty.allocator.normalCacheSize: 64
2023-04-27 13:07:19 DEBUG PooledByteBufAllocator:172 ? -Dio.netty.allocator.maxCachedBufferCapacity: 32768
2023-04-27 13:07:19 DEBUG PooledByteBufAllocator:173 ? -Dio.netty.allocator.cacheTrimInterval: 8192
2023-04-27 13:07:19 DEBUG PooledByteBufAllocator:174 ? -Dio.netty.allocator.cacheTrimIntervalMillis: 0
2023-04-27 13:07:19 DEBUG PooledByteBufAllocator:175 ? -Dio.netty.allocator.useCacheForAllThreads: false
2023-04-27 13:07:19 DEBUG PooledByteBufAllocator:176 ? -Dio.netty.allocator.maxCachedByteBuffersPerChunk: 1023
2023-04-27 13:07:19 DEBUG ByteBufUtil:88 ? -Dio.netty.allocator.type: pooled
2023-04-27 13:07:19 DEBUG ByteBufUtil:97 ? -Dio.netty.threadLocalDirectBufferSize: 0
2023-04-27 13:07:19 DEBUG ByteBufUtil:100 ? -Dio.netty.maxThreadLocalCharBufferSize: 16384
2023-04-27 13:07:20 DEBUG DefaultChannelId:79 ? -Dio.netty.processId: 15696 (auto-detected)
2023-04-27 13:07:20 DEBUG NetUtil:148 ? -Djava.net.preferIPv4Stack: false
2023-04-27 13:07:20 DEBUG NetUtil:149 ? -Djava.net.preferIPv6Addresses: false
2023-04-27 13:07:20 DEBUG NetUtilInitializations:145 ? Loopback interface: lo (Software Loopback Interface 1, 127.0.0.1)
2023-04-27 13:07:20 DEBUG NetUtil:206 ? Failed to get SOMAXCONN from sysctl and file \proc\sys\net\core\somaxconn. Default: 200
2023-04-27 13:07:20 DEBUG DefaultChannelId:101 ? -Dio.netty.machineId: 70:c9:4e:ff:fe:a9:98:9d (auto-detected)
2023-04-27 13:07:20 DEBUG AbstractByteBuf:63 ? -Dio.netty.buffer.checkAccessible: true
2023-04-27 13:07:20 DEBUG AbstractByteBuf:64 ? -Dio.netty.buffer.checkBounds: true
2023-04-27 13:07:20 DEBUG ResourceLeakDetectorFactory:196 ? Loaded default ResourceLeakDetector: io.netty.util.ResourceLeakDetector@44fe02fd
2023-04-27 13:07:20 DEBUG NettyConnectListener:73 ? Using new Channel '[id: 0x2c19c496, L:/127.0.0.1:57746 - R:localhost/127.0.0.1:32853]' for 'POST' to '/session'
2023-04-27 13:07:20 DEBUG Recycler:96 ? -Dio.netty.recycler.maxCapacityPerThread: 4096
2023-04-27 13:07:20 DEBUG Recycler:97 ? -Dio.netty.recycler.ratio: 8
2023-04-27 13:07:20 DEBUG Recycler:98 ? -Dio.netty.recycler.chunkSize: 32
2023-04-27 13:07:20 DEBUG Recycler:99 ? -Dio.netty.recycler.blocking: false
2023-04-27 13:07:20 DEBUG Recycler:100 ? -Dio.netty.recycler.batchFastThreadLocalOnly: true
2023-04-27 13:07:21 DEBUG Brotli:38 ? brotli4j not in the classpath; Brotli support will be unavailable.
2023-04-27 13:07:21 DEBUG HttpHandler:70 ? 

Request DefaultHttpRequest(decodeResult: success, version: HTTP/1.1)
POST /session HTTP/1.1
User-Agent: selenium/4.9.0 (java windows)
Content-Length: 254
Content-Type: application/json; charset=utf-8
host: localhost:32853
accept: */*

Response DefaultHttpResponse(decodeResult: success, version: HTTP/1.1)
HTTP/1.1 200 OK
Content-Length: 859
Content-Type: application/json; charset=utf-8
cache-control: no-cache

2023-04-27 13:07:21 DEBUG ChannelManager:270 ? Adding key: http://localhost:32853 for channel [id: 0x2c19c496, L:/127.0.0.1:57746 - R:localhost/127.0.0.1:32853]
2023-04-27 13:07:21 DEBUG DefaultChannelPool:348 ? Entry count for : http://localhost:32853 : 1
2023-04-27 13:07:21 DEBUG NettyConnectListener:73 ? Using new Channel '[id: 0x80b0f10c, L:/127.0.0.1:57767 - R:localhost/127.0.0.1:57753]' for 'GET' to '/json/version'
2023-04-27 13:07:21 DEBUG HttpHandler:70 ? 

Request DefaultFullHttpRequest(decodeResult: success, version: HTTP/1.1, content: EmptyByteBufBE)
GET /json/version HTTP/1.1
User-Agent: selenium/4.9.0 (java windows)
host: localhost:57753
accept: */*

Response DefaultHttpResponse(decodeResult: success, version: HTTP/1.1)
HTTP/1.1 200 OK
Content-Security-Policy: frame-ancestors 'none'
Content-Length: 424
Content-Type: application/json; charset=UTF-8

2023-04-27 13:07:21 DEBUG ChannelManager:270 ? Adding key: http://localhost:57753 for channel [id: 0x80b0f10c, L:/127.0.0.1:57767 - R:localhost/127.0.0.1:57753]
2023-04-27 13:07:21 DEBUG ThreadLocalRandom:214 ? -Dio.netty.initialSeedUniquifier: 0x75f53059665292b2
2023-04-27 13:07:21 DEBUG NettyConnectListener:73 ? Using new Channel '[id: 0x0c5885a5, L:/127.0.0.1:57768 - R:localhost/127.0.0.1:57753]' for 'GET' to '/devtools/browser/a09958c3-5f16-4e8d-bddb-35da6a5f21c9'
2023-04-27 13:07:21 DEBUG WebSocketHandler:105 ? 

Request DefaultFullHttpRequest(decodeResult: success, version: HTTP/1.1, content: EmptyByteBufBE)
GET /devtools/browser/a09958c3-5f16-4e8d-bddb-35da6a5f21c9 HTTP/1.1
upgrade: websocket
connection: upgrade
sec-websocket-key: 9fW/B8h+tqr7DL3O8Ryo4Q==
sec-websocket-version: 13
origin: http://localhost:57753
host: localhost:57753
accept: */*
user-agent: AHC/2.1

Response DefaultHttpResponse(decodeResult: success, version: HTTP/1.1)
HTTP/1.1 101 WebSocket Protocol Handshake
Upgrade: WebSocket
Connection: Upgrade
Sec-WebSocket-Accept: qPVMgO7nmdKNSdeMPFw6q8/F0XI=

2023-04-27 13:07:21 DEBUG NettyRequestSender:593 ? Using pooled Channel '[id: 0x2c19c496, L:/127.0.0.1:57746 - R:localhost/127.0.0.1:32853]' for 'POST' to 'http://localhost:32853/session/602e5dbc7afed863e8eaf35b25d1b70b/window/maximize'
2023-04-27 13:07:21 DEBUG NettyRequestSender:251 ? Using open Channel [id: 0x2c19c496, L:/127.0.0.1:57746 - R:localhost/127.0.0.1:32853] for POST '/session/602e5dbc7afed863e8eaf35b25d1b70b/window/maximize'
2023-04-27 13:07:21 DEBUG HttpHandler:70 ? 

Request DefaultHttpRequest(decodeResult: success, version: HTTP/1.1)
POST /session/602e5dbc7afed863e8eaf35b25d1b70b/window/maximize HTTP/1.1
User-Agent: selenium/4.9.0 (java windows)
Content-Length: 3
Content-Type: application/json; charset=utf-8
host: localhost:32853
accept: */*

Response DefaultHttpResponse(decodeResult: success, version: HTTP/1.1)
HTTP/1.1 200 OK
Content-Length: 52
Content-Type: application/json; charset=utf-8
cache-control: no-cache

2023-04-27 13:07:21 DEBUG ChannelManager:270 ? Adding key: http://localhost:32853 for channel [id: 0x2c19c496, L:/127.0.0.1:57746 - R:localhost/127.0.0.1:32853]
2023-04-27 13:07:21 DEBUG NettyRequestSender:593 ? Using pooled Channel '[id: 0x2c19c496, L:/127.0.0.1:57746 - R:localhost/127.0.0.1:32853]' for 'POST' to 'http://localhost:32853/session/602e5dbc7afed863e8eaf35b25d1b70b/timeouts'
2023-04-27 13:07:21 DEBUG NettyRequestSender:251 ? Using open Channel [id: 0x2c19c496, L:/127.0.0.1:57746 - R:localhost/127.0.0.1:32853] for POST '/session/602e5dbc7afed863e8eaf35b25d1b70b/timeouts'
2023-04-27 13:07:21 DEBUG HttpHandler:70 ? 

Request DefaultHttpRequest(decodeResult: success, version: HTTP/1.1)
POST /session/602e5dbc7afed863e8eaf35b25d1b70b/timeouts HTTP/1.1
User-Agent: selenium/4.9.0 (java windows)
Content-Length: 23
Content-Type: application/json; charset=utf-8
host: localhost:32853
accept: */*

Response DefaultHttpResponse(decodeResult: success, version: HTTP/1.1)
HTTP/1.1 200 OK
Content-Length: 14
Content-Type: application/json; charset=utf-8
cache-control: no-cache

2023-04-27 13:07:21 DEBUG ChannelManager:270 ? Adding key: http://localhost:32853 for channel [id: 0x2c19c496, L:/127.0.0.1:57746 - R:localhost/127.0.0.1:32853]
2023-04-27 13:07:21 DEBUG NettyRequestSender:593 ? Using pooled Channel '[id: 0x2c19c496, L:/127.0.0.1:57746 - R:localhost/127.0.0.1:32853]' for 'POST' to 'http://localhost:32853/session/602e5dbc7afed863e8eaf35b25d1b70b/url'
2023-04-27 13:07:21 DEBUG NettyRequestSender:251 ? Using open Channel [id: 0x2c19c496, L:/127.0.0.1:57746 - R:localhost/127.0.0.1:32853] for POST '/session/602e5dbc7afed863e8eaf35b25d1b70b/url'
2023-04-27 13:07:22 DEBUG DefaultChannelPool:348 ? Entry count for : http://localhost:57753 : 1
2023-04-27 13:07:22 DEBUG HttpHandler:70 ? 

Request DefaultHttpRequest(decodeResult: success, version: HTTP/1.1)
POST /session/602e5dbc7afed863e8eaf35b25d1b70b/url HTTP/1.1
User-Agent: selenium/4.9.0 (java windows)
Content-Length: 59
Content-Type: application/json; charset=utf-8
host: localhost:32853
accept: */*

Response DefaultHttpResponse(decodeResult: success, version: HTTP/1.1)
HTTP/1.1 200 OK
Content-Length: 14
Content-Type: application/json; charset=utf-8
cache-control: no-cache

2023-04-27 13:07:22 DEBUG ChannelManager:270 ? Adding key: http://localhost:32853 for channel [id: 0x2c19c496, L:/127.0.0.1:57746 - R:localhost/127.0.0.1:32853]
2023-04-27 13:07:22 DEBUG NettyRequestSender:593 ? Using pooled Channel '[id: 0x2c19c496, L:/127.0.0.1:57746 - R:localhost/127.0.0.1:32853]' for 'POST' to 'http://localhost:32853/session/602e5dbc7afed863e8eaf35b25d1b70b/element'
2023-04-27 13:07:22 DEBUG NettyRequestSender:251 ? Using open Channel [id: 0x2c19c496, L:/127.0.0.1:57746 - R:localhost/127.0.0.1:32853] for POST '/session/602e5dbc7afed863e8eaf35b25d1b70b/element'
2023-04-27 13:07:22 DEBUG HttpHandler:70 ? 

Request DefaultHttpRequest(decodeResult: success, version: HTTP/1.1)
POST /session/602e5dbc7afed863e8eaf35b25d1b70b/element HTTP/1.1
User-Agent: selenium/4.9.0 (java windows)
Content-Length: 72
Content-Type: application/json; charset=utf-8
host: localhost:32853
accept: */*

Response DefaultHttpResponse(decodeResult: success, version: HTTP/1.1)
HTTP/1.1 200 OK
Content-Length: 88
Content-Type: application/json; charset=utf-8
cache-control: no-cache

2023-04-27 13:07:22 DEBUG ChannelManager:270 ? Adding key: http://localhost:32853 for channel [id: 0x2c19c496, L:/127.0.0.1:57746 - R:localhost/127.0.0.1:32853]
2023-04-27 13:07:22 DEBUG NettyRequestSender:593 ? Using pooled Channel '[id: 0x2c19c496, L:/127.0.0.1:57746 - R:localhost/127.0.0.1:32853]' for 'POST' to 'http://localhost:32853/session/602e5dbc7afed863e8eaf35b25d1b70b/execute/sync'
2023-04-27 13:07:22 DEBUG NettyRequestSender:251 ? Using open Channel [id: 0x2c19c496, L:/127.0.0.1:57746 - R:localhost/127.0.0.1:32853] for POST '/session/602e5dbc7afed863e8eaf35b25d1b70b/execute/sync'
2023-04-27 13:07:22 DEBUG HttpHandler:70 ? 

Request DefaultHttpRequest(decodeResult: success, version: HTTP/1.1)
POST /session/602e5dbc7afed863e8eaf35b25d1b70b/execute/sync HTTP/1.1
User-Agent: selenium/4.9.0 (java windows)
Content-Length: 48807
Content-Type: application/json; charset=utf-8
host: localhost:32853
accept: */*

Response DefaultHttpResponse(decodeResult: success, version: HTTP/1.1)
HTTP/1.1 200 OK
Content-Length: 14
Content-Type: application/json; charset=utf-8
cache-control: no-cache

2023-04-27 13:07:22 DEBUG ChannelManager:270 ? Adding key: http://localhost:32853 for channel [id: 0x2c19c496, L:/127.0.0.1:57746 - R:localhost/127.0.0.1:32853]
2023-04-27 13:07:22 DEBUG NettyRequestSender:593 ? Using pooled Channel '[id: 0x2c19c496, L:/127.0.0.1:57746 - R:localhost/127.0.0.1:32853]' for 'POST' to 'http://localhost:32853/session/602e5dbc7afed863e8eaf35b25d1b70b/element'
2023-04-27 13:07:22 DEBUG NettyRequestSender:251 ? Using open Channel [id: 0x2c19c496, L:/127.0.0.1:57746 - R:localhost/127.0.0.1:32853] for POST '/session/602e5dbc7afed863e8eaf35b25d1b70b/element'
2023-04-27 13:07:22 DEBUG HttpHandler:70 ? 

Request DefaultHttpRequest(decodeResult: success, version: HTTP/1.1)
POST /session/602e5dbc7afed863e8eaf35b25d1b70b/element HTTP/1.1
User-Agent: selenium/4.9.0 (java windows)
Content-Length: 69
Content-Type: application/json; charset=utf-8
host: localhost:32853
accept: */*

Response DefaultHttpResponse(decodeResult: success, version: HTTP/1.1)
HTTP/1.1 200 OK
Content-Length: 88
Content-Type: application/json; charset=utf-8
cache-control: no-cache

2023-04-27 13:07:22 DEBUG ChannelManager:270 ? Adding key: http://localhost:32853 for channel [id: 0x2c19c496, L:/127.0.0.1:57746 - R:localhost/127.0.0.1:32853]
2023-04-27 13:07:22 DEBUG NettyRequestSender:593 ? Using pooled Channel '[id: 0x2c19c496, L:/127.0.0.1:57746 - R:localhost/127.0.0.1:32853]' for 'POST' to 'http://localhost:32853/session/602e5dbc7afed863e8eaf35b25d1b70b/execute/sync'
2023-04-27 13:07:22 DEBUG NettyRequestSender:251 ? Using open Channel [id: 0x2c19c496, L:/127.0.0.1:57746 - R:localhost/127.0.0.1:32853] for POST '/session/602e5dbc7afed863e8eaf35b25d1b70b/execute/sync'
2023-04-27 13:07:23 DEBUG HttpHandler:70 ? 

Request DefaultHttpRequest(decodeResult: success, version: HTTP/1.1)
POST /session/602e5dbc7afed863e8eaf35b25d1b70b/execute/sync HTTP/1.1
User-Agent: selenium/4.9.0 (java windows)
Content-Length: 48807
Content-Type: application/json; charset=utf-8
host: localhost:32853
accept: */*

Response DefaultHttpResponse(decodeResult: success, version: HTTP/1.1)
HTTP/1.1 200 OK
Content-Length: 14
Content-Type: application/json; charset=utf-8
cache-control: no-cache

2023-04-27 13:07:23 DEBUG ChannelManager:270 ? Adding key: http://localhost:32853 for channel [id: 0x2c19c496, L:/127.0.0.1:57746 - R:localhost/127.0.0.1:32853]
2023-04-27 13:07:23 DEBUG NettyRequestSender:593 ? Using pooled Channel '[id: 0x2c19c496, L:/127.0.0.1:57746 - R:localhost/127.0.0.1:32853]' for 'POST' to 'http://localhost:32853/session/602e5dbc7afed863e8eaf35b25d1b70b/element'
2023-04-27 13:07:23 DEBUG NettyRequestSender:251 ? Using open Channel [id: 0x2c19c496, L:/127.0.0.1:57746 - R:localhost/127.0.0.1:32853] for POST '/session/602e5dbc7afed863e8eaf35b25d1b70b/element'
2023-04-27 13:07:23 DEBUG HttpHandler:70 ? 

Request DefaultHttpRequest(decodeResult: success, version: HTTP/1.1)
POST /session/602e5dbc7afed863e8eaf35b25d1b70b/element HTTP/1.1
User-Agent: selenium/4.9.0 (java windows)
Content-Length: 71
Content-Type: application/json; charset=utf-8
host: localhost:32853
accept: */*

Response DefaultHttpResponse(decodeResult: success, version: HTTP/1.1)
HTTP/1.1 200 OK
Content-Length: 88
Content-Type: application/json; charset=utf-8
cache-control: no-cache

2023-04-27 13:07:23 DEBUG ChannelManager:270 ? Adding key: http://localhost:32853 for channel [id: 0x2c19c496, L:/127.0.0.1:57746 - R:localhost/127.0.0.1:32853]
2023-04-27 13:07:23 DEBUG NettyRequestSender:593 ? Using pooled Channel '[id: 0x2c19c496, L:/127.0.0.1:57746 - R:localhost/127.0.0.1:32853]' for 'POST' to 'http://localhost:32853/session/602e5dbc7afed863e8eaf35b25d1b70b/execute/sync'
2023-04-27 13:07:23 DEBUG NettyRequestSender:251 ? Using open Channel [id: 0x2c19c496, L:/127.0.0.1:57746 - R:localhost/127.0.0.1:32853] for POST '/session/602e5dbc7afed863e8eaf35b25d1b70b/execute/sync'
2023-04-27 13:07:23 DEBUG HttpHandler:70 ? 

Request DefaultHttpRequest(decodeResult: success, version: HTTP/1.1)
POST /session/602e5dbc7afed863e8eaf35b25d1b70b/execute/sync HTTP/1.1
User-Agent: selenium/4.9.0 (java windows)
Content-Length: 48807
Content-Type: application/json; charset=utf-8
host: localhost:32853
accept: */*

Response DefaultHttpResponse(decodeResult: success, version: HTTP/1.1)
HTTP/1.1 200 OK
Content-Length: 14
Content-Type: application/json; charset=utf-8
cache-control: no-cache

2023-04-27 13:07:23 DEBUG ChannelManager:270 ? Adding key: http://localhost:32853 for channel [id: 0x2c19c496, L:/127.0.0.1:57746 - R:localhost/127.0.0.1:32853]
2023-04-27 13:07:23 DEBUG NettyRequestSender:593 ? Using pooled Channel '[id: 0x2c19c496, L:/127.0.0.1:57746 - R:localhost/127.0.0.1:32853]' for 'POST' to 'http://localhost:32853/session/602e5dbc7afed863e8eaf35b25d1b70b/element'
2023-04-27 13:07:23 DEBUG NettyRequestSender:251 ? Using open Channel [id: 0x2c19c496, L:/127.0.0.1:57746 - R:localhost/127.0.0.1:32853] for POST '/session/602e5dbc7afed863e8eaf35b25d1b70b/element'
2023-04-27 13:07:23 DEBUG HttpHandler:70 ? 

Request DefaultHttpRequest(decodeResult: success, version: HTTP/1.1)
POST /session/602e5dbc7afed863e8eaf35b25d1b70b/element HTTP/1.1
User-Agent: selenium/4.9.0 (java windows)
Content-Length: 69
Content-Type: application/json; charset=utf-8
host: localhost:32853
accept: */*

Response DefaultHttpResponse(decodeResult: success, version: HTTP/1.1)
HTTP/1.1 200 OK
Content-Length: 88
Content-Type: application/json; charset=utf-8
cache-control: no-cache

2023-04-27 13:07:23 DEBUG ChannelManager:270 ? Adding key: http://localhost:32853 for channel [id: 0x2c19c496, L:/127.0.0.1:57746 - R:localhost/127.0.0.1:32853]
2023-04-27 13:07:23 DEBUG NettyRequestSender:593 ? Using pooled Channel '[id: 0x2c19c496, L:/127.0.0.1:57746 - R:localhost/127.0.0.1:32853]' for 'POST' to 'http://localhost:32853/session/602e5dbc7afed863e8eaf35b25d1b70b/actions'
2023-04-27 13:07:23 DEBUG NettyRequestSender:251 ? Using open Channel [id: 0x2c19c496, L:/127.0.0.1:57746 - R:localhost/127.0.0.1:32853] for POST '/session/602e5dbc7afed863e8eaf35b25d1b70b/actions'
2023-04-27 13:07:23 DEBUG HttpHandler:70 ? 

Request DefaultHttpRequest(decodeResult: success, version: HTTP/1.1)
POST /session/602e5dbc7afed863e8eaf35b25d1b70b/actions HTTP/1.1
User-Agent: selenium/4.9.0 (java windows)
Content-Length: 3755
Content-Type: application/json; charset=utf-8
host: localhost:32853
accept: */*

Response DefaultHttpResponse(decodeResult: success, version: HTTP/1.1)
HTTP/1.1 200 OK
Content-Length: 14
Content-Type: application/json; charset=utf-8
cache-control: no-cache

2023-04-27 13:07:23 DEBUG ChannelManager:270 ? Adding key: http://localhost:32853 for channel [id: 0x2c19c496, L:/127.0.0.1:57746 - R:localhost/127.0.0.1:32853]
2023-04-27 13:07:23 DEBUG NettyRequestSender:593 ? Using pooled Channel '[id: 0x2c19c496, L:/127.0.0.1:57746 - R:localhost/127.0.0.1:32853]' for 'POST' to 'http://localhost:32853/session/602e5dbc7afed863e8eaf35b25d1b70b/element'
2023-04-27 13:07:23 DEBUG NettyRequestSender:251 ? Using open Channel [id: 0x2c19c496, L:/127.0.0.1:57746 - R:localhost/127.0.0.1:32853] for POST '/session/602e5dbc7afed863e8eaf35b25d1b70b/element'
2023-04-27 13:07:23 DEBUG HttpHandler:70 ? 

Request DefaultHttpRequest(decodeResult: success, version: HTTP/1.1)
POST /session/602e5dbc7afed863e8eaf35b25d1b70b/element HTTP/1.1
User-Agent: selenium/4.9.0 (java windows)
Content-Length: 72
Content-Type: application/json; charset=utf-8
host: localhost:32853
accept: */*

Response DefaultHttpResponse(decodeResult: success, version: HTTP/1.1)
HTTP/1.1 200 OK
Content-Length: 88
Content-Type: application/json; charset=utf-8
cache-control: no-cache

2023-04-27 13:07:23 DEBUG ChannelManager:270 ? Adding key: http://localhost:32853 for channel [id: 0x2c19c496, L:/127.0.0.1:57746 - R:localhost/127.0.0.1:32853]
2023-04-27 13:07:23 DEBUG NettyRequestSender:593 ? Using pooled Channel '[id: 0x2c19c496, L:/127.0.0.1:57746 - R:localhost/127.0.0.1:32853]' for 'POST' to 'http://localhost:32853/session/602e5dbc7afed863e8eaf35b25d1b70b/actions'
2023-04-27 13:07:23 DEBUG NettyRequestSender:251 ? Using open Channel [id: 0x2c19c496, L:/127.0.0.1:57746 - R:localhost/127.0.0.1:32853] for POST '/session/602e5dbc7afed863e8eaf35b25d1b70b/actions'
2023-04-27 13:07:23 DEBUG HttpHandler:70 ? 

Request DefaultHttpRequest(decodeResult: success, version: HTTP/1.1)
POST /session/602e5dbc7afed863e8eaf35b25d1b70b/actions HTTP/1.1
User-Agent: selenium/4.9.0 (java windows)
Content-Length: 3755
Content-Type: application/json; charset=utf-8
host: localhost:32853
accept: */*

Response DefaultHttpResponse(decodeResult: success, version: HTTP/1.1)
HTTP/1.1 200 OK
Content-Length: 14
Content-Type: application/json; charset=utf-8
cache-control: no-cache

2023-04-27 13:07:23 DEBUG ChannelManager:270 ? Adding key: http://localhost:32853 for channel [id: 0x2c19c496, L:/127.0.0.1:57746 - R:localhost/127.0.0.1:32853]
2023-04-27 13:07:23 DEBUG NettyRequestSender:593 ? Using pooled Channel '[id: 0x2c19c496, L:/127.0.0.1:57746 - R:localhost/127.0.0.1:32853]' for 'POST' to 'http://localhost:32853/session/602e5dbc7afed863e8eaf35b25d1b70b/element'
2023-04-27 13:07:23 DEBUG NettyRequestSender:251 ? Using open Channel [id: 0x2c19c496, L:/127.0.0.1:57746 - R:localhost/127.0.0.1:32853] for POST '/session/602e5dbc7afed863e8eaf35b25d1b70b/element'
2023-04-27 13:07:23 DEBUG HttpHandler:70 ? 

Request DefaultHttpRequest(decodeResult: success, version: HTTP/1.1)
POST /session/602e5dbc7afed863e8eaf35b25d1b70b/element HTTP/1.1
User-Agent: selenium/4.9.0 (java windows)
Content-Length: 71
Content-Type: application/json; charset=utf-8
host: localhost:32853
accept: */*

Response DefaultHttpResponse(decodeResult: success, version: HTTP/1.1)
HTTP/1.1 200 OK
Content-Length: 88
Content-Type: application/json; charset=utf-8
cache-control: no-cache

2023-04-27 13:07:23 DEBUG ChannelManager:270 ? Adding key: http://localhost:32853 for channel [id: 0x2c19c496, L:/127.0.0.1:57746 - R:localhost/127.0.0.1:32853]
2023-04-27 13:07:23 DEBUG NettyRequestSender:593 ? Using pooled Channel '[id: 0x2c19c496, L:/127.0.0.1:57746 - R:localhost/127.0.0.1:32853]' for 'POST' to 'http://localhost:32853/session/602e5dbc7afed863e8eaf35b25d1b70b/actions'
2023-04-27 13:07:23 DEBUG NettyRequestSender:251 ? Using open Channel [id: 0x2c19c496, L:/127.0.0.1:57746 - R:localhost/127.0.0.1:32853] for POST '/session/602e5dbc7afed863e8eaf35b25d1b70b/actions'
2023-04-27 13:07:23 DEBUG DefaultChannelPool:348 ? Entry count for : http://localhost:57753 : 1
2023-04-27 13:07:23 DEBUG HttpHandler:70 ? 

Request DefaultHttpRequest(decodeResult: success, version: HTTP/1.1)
POST /session/602e5dbc7afed863e8eaf35b25d1b70b/actions HTTP/1.1
User-Agent: selenium/4.9.0 (java windows)
Content-Length: 567
Content-Type: application/json; charset=utf-8
host: localhost:32853
accept: */*

Response DefaultHttpResponse(decodeResult: success, version: HTTP/1.1)
HTTP/1.1 200 OK
Content-Length: 14
Content-Type: application/json; charset=utf-8
cache-control: no-cache

2023-04-27 13:07:23 DEBUG ChannelManager:270 ? Adding key: http://localhost:32853 for channel [id: 0x2c19c496, L:/127.0.0.1:57746 - R:localhost/127.0.0.1:32853]
2023-04-27 13:07:23 DEBUG NettyRequestSender:593 ? Using pooled Channel '[id: 0x2c19c496, L:/127.0.0.1:57746 - R:localhost/127.0.0.1:32853]' for 'POST' to 'http://localhost:32853/session/602e5dbc7afed863e8eaf35b25d1b70b/element'
2023-04-27 13:07:23 DEBUG NettyRequestSender:251 ? Using open Channel [id: 0x2c19c496, L:/127.0.0.1:57746 - R:localhost/127.0.0.1:32853] for POST '/session/602e5dbc7afed863e8eaf35b25d1b70b/element'
2023-04-27 13:07:24 DEBUG HttpHandler:70 ? 

Request DefaultHttpRequest(decodeResult: success, version: HTTP/1.1)
POST /session/602e5dbc7afed863e8eaf35b25d1b70b/element HTTP/1.1
User-Agent: selenium/4.9.0 (java windows)
Content-Length: 94
Content-Type: application/json; charset=utf-8
host: localhost:32853
accept: */*

Response DefaultHttpResponse(decodeResult: success, version: HTTP/1.1)
HTTP/1.1 200 OK
Content-Length: 88
Content-Type: application/json; charset=utf-8
cache-control: no-cache

2023-04-27 13:07:24 DEBUG ChannelManager:270 ? Adding key: http://localhost:32853 for channel [id: 0x2c19c496, L:/127.0.0.1:57746 - R:localhost/127.0.0.1:32853]
2023-04-27 13:07:24 DEBUG NettyRequestSender:593 ? Using pooled Channel '[id: 0x2c19c496, L:/127.0.0.1:57746 - R:localhost/127.0.0.1:32853]' for 'GET' to 'http://localhost:32853/session/602e5dbc7afed863e8eaf35b25d1b70b/element/24dfd71c-c5b9-4ad8-a173-9387487ea7fd/text'
2023-04-27 13:07:24 DEBUG NettyRequestSender:251 ? Using open Channel [id: 0x2c19c496, L:/127.0.0.1:57746 - R:localhost/127.0.0.1:32853] for GET '/session/602e5dbc7afed863e8eaf35b25d1b70b/element/24dfd71c-c5b9-4ad8-a173-9387487ea7fd/text'
2023-04-27 13:07:24 DEBUG HttpHandler:70 ? 

Request DefaultFullHttpRequest(decodeResult: success, version: HTTP/1.1, content: EmptyByteBufBE)
GET /session/602e5dbc7afed863e8eaf35b25d1b70b/element/24dfd71c-c5b9-4ad8-a173-9387487ea7fd/text HTTP/1.1
User-Agent: selenium/4.9.0 (java windows)
Cache-Control: no-cache
Content-Type: application/json; charset=utf-8
host: localhost:32853
accept: */*

Response DefaultHttpResponse(decodeResult: success, version: HTTP/1.1)
HTTP/1.1 200 OK
Content-Length: 37
Content-Type: application/json; charset=utf-8
cache-control: no-cache

2023-04-27 13:07:24 DEBUG ChannelManager:270 ? Adding key: http://localhost:32853 for channel [id: 0x2c19c496, L:/127.0.0.1:57746 - R:localhost/127.0.0.1:32853]
2023-04-27 13:59:50 DEBUG InternalLoggerFactory:63 ? Using SLF4J as the default logging framework
2023-04-27 13:59:50 DEBUG ResourceLeakDetector:129 ? -Dio.netty.leakDetection.level: simple
2023-04-27 13:59:50 DEBUG ResourceLeakDetector:130 ? -Dio.netty.leakDetection.targetRecords: 4
2023-04-27 13:59:50 DEBUG ResourceLeakDetectorFactory:196 ? Loaded default ResourceLeakDetector: io.netty.util.ResourceLeakDetector@47da3952
2023-04-27 13:59:50 DEBUG PlatformDependent0:496 ? -Dio.netty.noUnsafe: false
2023-04-27 13:59:50 DEBUG PlatformDependent0:1000 ? Java version: 19
2023-04-27 13:59:50 DEBUG PlatformDependent0:137 ? sun.misc.Unsafe.theUnsafe: available
2023-04-27 13:59:50 DEBUG PlatformDependent0:161 ? sun.misc.Unsafe.copyMemory: available
2023-04-27 13:59:50 DEBUG PlatformDependent0:193 ? sun.misc.Unsafe.storeFence: available
2023-04-27 13:59:50 DEBUG PlatformDependent0:236 ? java.nio.Buffer.address: available
2023-04-27 13:59:50 DEBUG PlatformDependent0:320 ? direct buffer constructor: unavailable: Reflective setAccessible(true) disabled
2023-04-27 13:59:50 DEBUG PlatformDependent0:385 ? java.nio.Bits.unaligned: available, true
2023-04-27 13:59:50 DEBUG PlatformDependent0:452 ? jdk.internal.misc.Unsafe.allocateUninitializedArray(int): unavailable: class io.netty.util.internal.PlatformDependent0$7 cannot access class jdk.internal.misc.Unsafe (in module java.base) because module java.base does not export jdk.internal.misc to unnamed module @5679c6c6
2023-04-27 13:59:50 DEBUG PlatformDependent0:482 ? java.nio.DirectByteBuffer.<init>(long, int): unavailable
2023-04-27 13:59:50 DEBUG PlatformDependent:1159 ? sun.misc.Unsafe: available
2023-04-27 13:59:50 DEBUG PlatformDependent:1270 ? maxDirectMemory: 5339348992 bytes (maybe)
2023-04-27 13:59:50 DEBUG PlatformDependent:1289 ? -Dio.netty.tmpdir: C:\Users\rohit\AppData\Local\Temp (java.io.tmpdir)
2023-04-27 13:59:50 DEBUG PlatformDependent:1368 ? -Dio.netty.bitMode: 64 (sun.arch.data.model)
2023-04-27 13:59:50 DEBUG PlatformDependent:1119 ? Platform: Windows
2023-04-27 13:59:50 DEBUG PlatformDependent:178 ? -Dio.netty.maxDirectMemory: -1 bytes
2023-04-27 13:59:50 DEBUG PlatformDependent:185 ? -Dio.netty.uninitializedArrayAllocationThreshold: -1
2023-04-27 13:59:50 DEBUG CleanerJava9:71 ? java.nio.ByteBuffer.cleaner(): available
2023-04-27 13:59:50 DEBUG PlatformDependent:205 ? -Dio.netty.noPreferDirect: false
2023-04-27 13:59:50 DEBUG PlatformDependent:1010 ? org.jctools-core.MpscChunkedArrayQueue: available
2023-04-27 13:59:50 DEBUG InternalThreadLocalMap:100 ? -Dio.netty.threadLocalMap.stringBuilder.initialSize: 1024
2023-04-27 13:59:50 DEBUG InternalThreadLocalMap:101 ? -Dio.netty.threadLocalMap.stringBuilder.maxSize: 4096
2023-04-27 13:59:51 DEBUG JdkSslContext:83 ? Default protocols (JDK): [TLSv1.3, TLSv1.2] 
2023-04-27 13:59:51 DEBUG JdkSslContext:84 ? Default cipher suites (JDK): [TLS_ECDHE_ECDSA_WITH_AES_256_GCM_SHA384, TLS_ECDHE_ECDSA_WITH_AES_128_GCM_SHA256, TLS_ECDHE_RSA_WITH_AES_128_GCM_SHA256, TLS_ECDHE_RSA_WITH_AES_256_GCM_SHA384, TLS_ECDHE_RSA_WITH_AES_128_CBC_SHA, TLS_ECDHE_RSA_WITH_AES_256_CBC_SHA, TLS_RSA_WITH_AES_128_GCM_SHA256, TLS_RSA_WITH_AES_128_CBC_SHA, TLS_RSA_WITH_AES_256_CBC_SHA, TLS_AES_128_GCM_SHA256, TLS_AES_256_GCM_SHA384]
2023-04-27 13:59:51 DEBUG GlobalEventExecutor:53 ? -Dio.netty.globalEventExecutor.quietPeriodSeconds: 1
2023-04-27 13:59:51 DEBUG MultithreadEventLoopGroup:44 ? -Dio.netty.eventLoopThreads: 16
2023-04-27 13:59:51 DEBUG NioEventLoop:110 ? -Dio.netty.noKeySetOptimization: false
2023-04-27 13:59:51 DEBUG NioEventLoop:111 ? -Dio.netty.selectorAutoRebuildThreshold: 512
2023-04-27 13:59:51 DEBUG PooledByteBufAllocator:157 ? -Dio.netty.allocator.numHeapArenas: 16
2023-04-27 13:59:51 DEBUG PooledByteBufAllocator:158 ? -Dio.netty.allocator.numDirectArenas: 16
2023-04-27 13:59:51 DEBUG PooledByteBufAllocator:160 ? -Dio.netty.allocator.pageSize: 8192
2023-04-27 13:59:51 DEBUG PooledByteBufAllocator:165 ? -Dio.netty.allocator.maxOrder: 9
2023-04-27 13:59:51 DEBUG PooledByteBufAllocator:169 ? -Dio.netty.allocator.chunkSize: 4194304
2023-04-27 13:59:51 DEBUG PooledByteBufAllocator:170 ? -Dio.netty.allocator.smallCacheSize: 256
2023-04-27 13:59:51 DEBUG PooledByteBufAllocator:171 ? -Dio.netty.allocator.normalCacheSize: 64
2023-04-27 13:59:51 DEBUG PooledByteBufAllocator:172 ? -Dio.netty.allocator.maxCachedBufferCapacity: 32768
2023-04-27 13:59:51 DEBUG PooledByteBufAllocator:173 ? -Dio.netty.allocator.cacheTrimInterval: 8192
2023-04-27 13:59:51 DEBUG PooledByteBufAllocator:174 ? -Dio.netty.allocator.cacheTrimIntervalMillis: 0
2023-04-27 13:59:51 DEBUG PooledByteBufAllocator:175 ? -Dio.netty.allocator.useCacheForAllThreads: false
2023-04-27 13:59:51 DEBUG PooledByteBufAllocator:176 ? -Dio.netty.allocator.maxCachedByteBuffersPerChunk: 1023
2023-04-27 13:59:51 DEBUG ByteBufUtil:88 ? -Dio.netty.allocator.type: pooled
2023-04-27 13:59:51 DEBUG ByteBufUtil:97 ? -Dio.netty.threadLocalDirectBufferSize: 0
2023-04-27 13:59:51 DEBUG ByteBufUtil:100 ? -Dio.netty.maxThreadLocalCharBufferSize: 16384
2023-04-27 13:59:51 DEBUG DefaultChannelId:79 ? -Dio.netty.processId: 20384 (auto-detected)
2023-04-27 13:59:51 DEBUG NetUtil:148 ? -Djava.net.preferIPv4Stack: false
2023-04-27 13:59:51 DEBUG NetUtil:149 ? -Djava.net.preferIPv6Addresses: false
2023-04-27 13:59:51 DEBUG NetUtilInitializations:145 ? Loopback interface: lo (Software Loopback Interface 1, 127.0.0.1)
2023-04-27 13:59:51 DEBUG NetUtil:206 ? Failed to get SOMAXCONN from sysctl and file \proc\sys\net\core\somaxconn. Default: 200
2023-04-27 13:59:51 DEBUG DefaultChannelId:101 ? -Dio.netty.machineId: 70:c9:4e:ff:fe:a9:98:9d (auto-detected)
2023-04-27 13:59:51 DEBUG AbstractByteBuf:63 ? -Dio.netty.buffer.checkAccessible: true
2023-04-27 13:59:51 DEBUG AbstractByteBuf:64 ? -Dio.netty.buffer.checkBounds: true
2023-04-27 13:59:51 DEBUG ResourceLeakDetectorFactory:196 ? Loaded default ResourceLeakDetector: io.netty.util.ResourceLeakDetector@2c44c82b
2023-04-27 13:59:52 DEBUG NettyConnectListener:73 ? Using new Channel '[id: 0x07d1af6b, L:/127.0.0.1:63946 - R:localhost/127.0.0.1:48478]' for 'POST' to '/session'
2023-04-27 13:59:52 DEBUG Recycler:96 ? -Dio.netty.recycler.maxCapacityPerThread: 4096
2023-04-27 13:59:52 DEBUG Recycler:97 ? -Dio.netty.recycler.ratio: 8
2023-04-27 13:59:52 DEBUG Recycler:98 ? -Dio.netty.recycler.chunkSize: 32
2023-04-27 13:59:52 DEBUG Recycler:99 ? -Dio.netty.recycler.blocking: false
2023-04-27 13:59:52 DEBUG Recycler:100 ? -Dio.netty.recycler.batchFastThreadLocalOnly: true
2023-04-27 13:59:54 DEBUG Brotli:38 ? brotli4j not in the classpath; Brotli support will be unavailable.
2023-04-27 13:59:54 DEBUG HttpHandler:70 ? 

Request DefaultHttpRequest(decodeResult: success, version: HTTP/1.1)
POST /session HTTP/1.1
User-Agent: selenium/4.9.0 (java windows)
Content-Length: 254
Content-Type: application/json; charset=utf-8
host: localhost:48478
accept: */*

Response DefaultHttpResponse(decodeResult: success, version: HTTP/1.1)
HTTP/1.1 200 OK
Content-Length: 860
Content-Type: application/json; charset=utf-8
cache-control: no-cache

2023-04-27 13:59:54 DEBUG ChannelManager:270 ? Adding key: http://localhost:48478 for channel [id: 0x07d1af6b, L:/127.0.0.1:63946 - R:localhost/127.0.0.1:48478]
2023-04-27 13:59:54 DEBUG DefaultChannelPool:348 ? Entry count for : http://localhost:48478 : 1
2023-04-27 13:59:54 DEBUG NettyConnectListener:73 ? Using new Channel '[id: 0x27636419, L:/127.0.0.1:63972 - R:localhost/127.0.0.1:63956]' for 'GET' to '/json/version'
2023-04-27 13:59:54 DEBUG HttpHandler:70 ? 

Request DefaultFullHttpRequest(decodeResult: success, version: HTTP/1.1, content: EmptyByteBufBE)
GET /json/version HTTP/1.1
User-Agent: selenium/4.9.0 (java windows)
host: localhost:63956
accept: */*

Response DefaultHttpResponse(decodeResult: success, version: HTTP/1.1)
HTTP/1.1 200 OK
Content-Security-Policy: frame-ancestors 'none'
Content-Length: 424
Content-Type: application/json; charset=UTF-8

2023-04-27 13:59:54 DEBUG ChannelManager:270 ? Adding key: http://localhost:63956 for channel [id: 0x27636419, L:/127.0.0.1:63972 - R:localhost/127.0.0.1:63956]
2023-04-27 13:59:54 DEBUG ThreadLocalRandom:214 ? -Dio.netty.initialSeedUniquifier: 0x9fab162fa31f17da
2023-04-27 13:59:54 DEBUG NettyConnectListener:73 ? Using new Channel '[id: 0xbd8b7d76, L:/127.0.0.1:63973 - R:localhost/127.0.0.1:63956]' for 'GET' to '/devtools/browser/d9954d63-5062-432f-b0d5-25fdeb8f5f8e'
2023-04-27 13:59:54 DEBUG WebSocketHandler:105 ? 

Request DefaultFullHttpRequest(decodeResult: success, version: HTTP/1.1, content: EmptyByteBufBE)
GET /devtools/browser/d9954d63-5062-432f-b0d5-25fdeb8f5f8e HTTP/1.1
upgrade: websocket
connection: upgrade
sec-websocket-key: cgvztbLyrMLM0Rgv0rMSGw==
sec-websocket-version: 13
origin: http://localhost:63956
host: localhost:63956
accept: */*
user-agent: AHC/2.1

Response DefaultHttpResponse(decodeResult: success, version: HTTP/1.1)
HTTP/1.1 101 WebSocket Protocol Handshake
Upgrade: WebSocket
Connection: Upgrade
Sec-WebSocket-Accept: fYGrEF5Zc7LZTF6Z1zj261HE658=

2023-04-27 13:59:55 DEBUG NettyRequestSender:593 ? Using pooled Channel '[id: 0x07d1af6b, L:/127.0.0.1:63946 - R:localhost/127.0.0.1:48478]' for 'POST' to 'http://localhost:48478/session/a8124c48a693ae84befb39871e152bf7/window/maximize'
2023-04-27 13:59:55 DEBUG NettyRequestSender:251 ? Using open Channel [id: 0x07d1af6b, L:/127.0.0.1:63946 - R:localhost/127.0.0.1:48478] for POST '/session/a8124c48a693ae84befb39871e152bf7/window/maximize'
2023-04-27 13:59:55 DEBUG HttpHandler:70 ? 

Request DefaultHttpRequest(decodeResult: success, version: HTTP/1.1)
POST /session/a8124c48a693ae84befb39871e152bf7/window/maximize HTTP/1.1
User-Agent: selenium/4.9.0 (java windows)
Content-Length: 3
Content-Type: application/json; charset=utf-8
host: localhost:48478
accept: */*

Response DefaultHttpResponse(decodeResult: success, version: HTTP/1.1)
HTTP/1.1 200 OK
Content-Length: 52
Content-Type: application/json; charset=utf-8
cache-control: no-cache

2023-04-27 13:59:55 DEBUG ChannelManager:270 ? Adding key: http://localhost:48478 for channel [id: 0x07d1af6b, L:/127.0.0.1:63946 - R:localhost/127.0.0.1:48478]
2023-04-27 13:59:55 DEBUG NettyRequestSender:593 ? Using pooled Channel '[id: 0x07d1af6b, L:/127.0.0.1:63946 - R:localhost/127.0.0.1:48478]' for 'POST' to 'http://localhost:48478/session/a8124c48a693ae84befb39871e152bf7/timeouts'
2023-04-27 13:59:55 DEBUG NettyRequestSender:251 ? Using open Channel [id: 0x07d1af6b, L:/127.0.0.1:63946 - R:localhost/127.0.0.1:48478] for POST '/session/a8124c48a693ae84befb39871e152bf7/timeouts'
2023-04-27 13:59:55 DEBUG HttpHandler:70 ? 

Request DefaultHttpRequest(decodeResult: success, version: HTTP/1.1)
POST /session/a8124c48a693ae84befb39871e152bf7/timeouts HTTP/1.1
User-Agent: selenium/4.9.0 (java windows)
Content-Length: 23
Content-Type: application/json; charset=utf-8
host: localhost:48478
accept: */*

Response DefaultHttpResponse(decodeResult: success, version: HTTP/1.1)
HTTP/1.1 200 OK
Content-Length: 14
Content-Type: application/json; charset=utf-8
cache-control: no-cache

2023-04-27 13:59:55 DEBUG ChannelManager:270 ? Adding key: http://localhost:48478 for channel [id: 0x07d1af6b, L:/127.0.0.1:63946 - R:localhost/127.0.0.1:48478]
2023-04-27 13:59:55 DEBUG NettyRequestSender:593 ? Using pooled Channel '[id: 0x07d1af6b, L:/127.0.0.1:63946 - R:localhost/127.0.0.1:48478]' for 'POST' to 'http://localhost:48478/session/a8124c48a693ae84befb39871e152bf7/url'
2023-04-27 13:59:55 DEBUG NettyRequestSender:251 ? Using open Channel [id: 0x07d1af6b, L:/127.0.0.1:63946 - R:localhost/127.0.0.1:48478] for POST '/session/a8124c48a693ae84befb39871e152bf7/url'
2023-04-27 13:59:55 DEBUG DefaultChannelPool:348 ? Entry count for : http://localhost:63956 : 1
2023-04-27 13:59:56 DEBUG HttpHandler:70 ? 

Request DefaultHttpRequest(decodeResult: success, version: HTTP/1.1)
POST /session/a8124c48a693ae84befb39871e152bf7/url HTTP/1.1
User-Agent: selenium/4.9.0 (java windows)
Content-Length: 59
Content-Type: application/json; charset=utf-8
host: localhost:48478
accept: */*

Response DefaultHttpResponse(decodeResult: success, version: HTTP/1.1)
HTTP/1.1 200 OK
Content-Length: 14
Content-Type: application/json; charset=utf-8
cache-control: no-cache

2023-04-27 13:59:56 DEBUG ChannelManager:270 ? Adding key: http://localhost:48478 for channel [id: 0x07d1af6b, L:/127.0.0.1:63946 - R:localhost/127.0.0.1:48478]
2023-04-27 13:59:56 DEBUG NettyRequestSender:593 ? Using pooled Channel '[id: 0x07d1af6b, L:/127.0.0.1:63946 - R:localhost/127.0.0.1:48478]' for 'POST' to 'http://localhost:48478/session/a8124c48a693ae84befb39871e152bf7/element'
2023-04-27 13:59:56 DEBUG NettyRequestSender:251 ? Using open Channel [id: 0x07d1af6b, L:/127.0.0.1:63946 - R:localhost/127.0.0.1:48478] for POST '/session/a8124c48a693ae84befb39871e152bf7/element'
2023-04-27 13:59:56 DEBUG DefaultChannelPool:348 ? Entry count for : http://localhost:63956 : 1
2023-04-27 13:59:56 DEBUG HttpHandler:70 ? 

Request DefaultHttpRequest(decodeResult: success, version: HTTP/1.1)
POST /session/a8124c48a693ae84befb39871e152bf7/element HTTP/1.1
User-Agent: selenium/4.9.0 (java windows)
Content-Length: 72
Content-Type: application/json; charset=utf-8
host: localhost:48478
accept: */*

Response DefaultHttpResponse(decodeResult: success, version: HTTP/1.1)
HTTP/1.1 200 OK
Content-Length: 88
Content-Type: application/json; charset=utf-8
cache-control: no-cache

2023-04-27 13:59:56 DEBUG ChannelManager:270 ? Adding key: http://localhost:48478 for channel [id: 0x07d1af6b, L:/127.0.0.1:63946 - R:localhost/127.0.0.1:48478]
2023-04-27 13:59:56 DEBUG NettyRequestSender:593 ? Using pooled Channel '[id: 0x07d1af6b, L:/127.0.0.1:63946 - R:localhost/127.0.0.1:48478]' for 'POST' to 'http://localhost:48478/session/a8124c48a693ae84befb39871e152bf7/execute/sync'
2023-04-27 13:59:56 DEBUG NettyRequestSender:251 ? Using open Channel [id: 0x07d1af6b, L:/127.0.0.1:63946 - R:localhost/127.0.0.1:48478] for POST '/session/a8124c48a693ae84befb39871e152bf7/execute/sync'
2023-04-27 13:59:56 DEBUG HttpHandler:70 ? 

Request DefaultHttpRequest(decodeResult: success, version: HTTP/1.1)
POST /session/a8124c48a693ae84befb39871e152bf7/execute/sync HTTP/1.1
User-Agent: selenium/4.9.0 (java windows)
Content-Length: 48807
Content-Type: application/json; charset=utf-8
host: localhost:48478
accept: */*

Response DefaultHttpResponse(decodeResult: success, version: HTTP/1.1)
HTTP/1.1 200 OK
Content-Length: 14
Content-Type: application/json; charset=utf-8
cache-control: no-cache

2023-04-27 13:59:56 DEBUG ChannelManager:270 ? Adding key: http://localhost:48478 for channel [id: 0x07d1af6b, L:/127.0.0.1:63946 - R:localhost/127.0.0.1:48478]
2023-04-27 13:59:56 DEBUG NettyRequestSender:593 ? Using pooled Channel '[id: 0x07d1af6b, L:/127.0.0.1:63946 - R:localhost/127.0.0.1:48478]' for 'POST' to 'http://localhost:48478/session/a8124c48a693ae84befb39871e152bf7/element'
2023-04-27 13:59:56 DEBUG NettyRequestSender:251 ? Using open Channel [id: 0x07d1af6b, L:/127.0.0.1:63946 - R:localhost/127.0.0.1:48478] for POST '/session/a8124c48a693ae84befb39871e152bf7/element'
2023-04-27 13:59:56 DEBUG HttpHandler:70 ? 

Request DefaultHttpRequest(decodeResult: success, version: HTTP/1.1)
POST /session/a8124c48a693ae84befb39871e152bf7/element HTTP/1.1
User-Agent: selenium/4.9.0 (java windows)
Content-Length: 69
Content-Type: application/json; charset=utf-8
host: localhost:48478
accept: */*

Response DefaultHttpResponse(decodeResult: success, version: HTTP/1.1)
HTTP/1.1 200 OK
Content-Length: 88
Content-Type: application/json; charset=utf-8
cache-control: no-cache

2023-04-27 13:59:56 DEBUG ChannelManager:270 ? Adding key: http://localhost:48478 for channel [id: 0x07d1af6b, L:/127.0.0.1:63946 - R:localhost/127.0.0.1:48478]
2023-04-27 13:59:56 DEBUG NettyRequestSender:593 ? Using pooled Channel '[id: 0x07d1af6b, L:/127.0.0.1:63946 - R:localhost/127.0.0.1:48478]' for 'POST' to 'http://localhost:48478/session/a8124c48a693ae84befb39871e152bf7/execute/sync'
2023-04-27 13:59:56 DEBUG NettyRequestSender:251 ? Using open Channel [id: 0x07d1af6b, L:/127.0.0.1:63946 - R:localhost/127.0.0.1:48478] for POST '/session/a8124c48a693ae84befb39871e152bf7/execute/sync'
2023-04-27 13:59:56 DEBUG HttpHandler:70 ? 

Request DefaultHttpRequest(decodeResult: success, version: HTTP/1.1)
POST /session/a8124c48a693ae84befb39871e152bf7/execute/sync HTTP/1.1
User-Agent: selenium/4.9.0 (java windows)
Content-Length: 48807
Content-Type: application/json; charset=utf-8
host: localhost:48478
accept: */*

Response DefaultHttpResponse(decodeResult: success, version: HTTP/1.1)
HTTP/1.1 200 OK
Content-Length: 14
Content-Type: application/json; charset=utf-8
cache-control: no-cache

2023-04-27 13:59:56 DEBUG ChannelManager:270 ? Adding key: http://localhost:48478 for channel [id: 0x07d1af6b, L:/127.0.0.1:63946 - R:localhost/127.0.0.1:48478]
2023-04-27 13:59:56 DEBUG NettyRequestSender:593 ? Using pooled Channel '[id: 0x07d1af6b, L:/127.0.0.1:63946 - R:localhost/127.0.0.1:48478]' for 'POST' to 'http://localhost:48478/session/a8124c48a693ae84befb39871e152bf7/element'
2023-04-27 13:59:56 DEBUG NettyRequestSender:251 ? Using open Channel [id: 0x07d1af6b, L:/127.0.0.1:63946 - R:localhost/127.0.0.1:48478] for POST '/session/a8124c48a693ae84befb39871e152bf7/element'
2023-04-27 13:59:56 DEBUG HttpHandler:70 ? 

Request DefaultHttpRequest(decodeResult: success, version: HTTP/1.1)
POST /session/a8124c48a693ae84befb39871e152bf7/element HTTP/1.1
User-Agent: selenium/4.9.0 (java windows)
Content-Length: 71
Content-Type: application/json; charset=utf-8
host: localhost:48478
accept: */*

Response DefaultHttpResponse(decodeResult: success, version: HTTP/1.1)
HTTP/1.1 200 OK
Content-Length: 88
Content-Type: application/json; charset=utf-8
cache-control: no-cache

2023-04-27 13:59:56 DEBUG ChannelManager:270 ? Adding key: http://localhost:48478 for channel [id: 0x07d1af6b, L:/127.0.0.1:63946 - R:localhost/127.0.0.1:48478]
2023-04-27 13:59:56 DEBUG NettyRequestSender:593 ? Using pooled Channel '[id: 0x07d1af6b, L:/127.0.0.1:63946 - R:localhost/127.0.0.1:48478]' for 'POST' to 'http://localhost:48478/session/a8124c48a693ae84befb39871e152bf7/execute/sync'
2023-04-27 13:59:56 DEBUG NettyRequestSender:251 ? Using open Channel [id: 0x07d1af6b, L:/127.0.0.1:63946 - R:localhost/127.0.0.1:48478] for POST '/session/a8124c48a693ae84befb39871e152bf7/execute/sync'
2023-04-27 13:59:56 DEBUG HttpHandler:70 ? 

Request DefaultHttpRequest(decodeResult: success, version: HTTP/1.1)
POST /session/a8124c48a693ae84befb39871e152bf7/execute/sync HTTP/1.1
User-Agent: selenium/4.9.0 (java windows)
Content-Length: 48807
Content-Type: application/json; charset=utf-8
host: localhost:48478
accept: */*

Response DefaultHttpResponse(decodeResult: success, version: HTTP/1.1)
HTTP/1.1 200 OK
Content-Length: 14
Content-Type: application/json; charset=utf-8
cache-control: no-cache

2023-04-27 13:59:56 DEBUG ChannelManager:270 ? Adding key: http://localhost:48478 for channel [id: 0x07d1af6b, L:/127.0.0.1:63946 - R:localhost/127.0.0.1:48478]
2023-04-27 13:59:56 DEBUG NettyRequestSender:593 ? Using pooled Channel '[id: 0x07d1af6b, L:/127.0.0.1:63946 - R:localhost/127.0.0.1:48478]' for 'POST' to 'http://localhost:48478/session/a8124c48a693ae84befb39871e152bf7/element'
2023-04-27 13:59:56 DEBUG NettyRequestSender:251 ? Using open Channel [id: 0x07d1af6b, L:/127.0.0.1:63946 - R:localhost/127.0.0.1:48478] for POST '/session/a8124c48a693ae84befb39871e152bf7/element'
2023-04-27 13:59:57 DEBUG HttpHandler:70 ? 

Request DefaultHttpRequest(decodeResult: success, version: HTTP/1.1)
POST /session/a8124c48a693ae84befb39871e152bf7/element HTTP/1.1
User-Agent: selenium/4.9.0 (java windows)
Content-Length: 69
Content-Type: application/json; charset=utf-8
host: localhost:48478
accept: */*

Response DefaultHttpResponse(decodeResult: success, version: HTTP/1.1)
HTTP/1.1 200 OK
Content-Length: 88
Content-Type: application/json; charset=utf-8
cache-control: no-cache

2023-04-27 13:59:57 DEBUG ChannelManager:270 ? Adding key: http://localhost:48478 for channel [id: 0x07d1af6b, L:/127.0.0.1:63946 - R:localhost/127.0.0.1:48478]
2023-04-27 13:59:57 DEBUG NettyRequestSender:593 ? Using pooled Channel '[id: 0x07d1af6b, L:/127.0.0.1:63946 - R:localhost/127.0.0.1:48478]' for 'POST' to 'http://localhost:48478/session/a8124c48a693ae84befb39871e152bf7/actions'
2023-04-27 13:59:57 DEBUG NettyRequestSender:251 ? Using open Channel [id: 0x07d1af6b, L:/127.0.0.1:63946 - R:localhost/127.0.0.1:48478] for POST '/session/a8124c48a693ae84befb39871e152bf7/actions'
2023-04-27 13:59:57 DEBUG DefaultChannelPool:348 ? Entry count for : http://localhost:63956 : 1
2023-04-27 13:59:58 DEBUG DefaultChannelPool:348 ? Entry count for : http://localhost:63956 : 1
2023-04-27 13:59:59 DEBUG HttpHandler:70 ? 

Request DefaultHttpRequest(decodeResult: success, version: HTTP/1.1)
POST /session/a8124c48a693ae84befb39871e152bf7/actions HTTP/1.1
User-Agent: selenium/4.9.0 (java windows)
Content-Length: 2027
Content-Type: application/json; charset=utf-8
host: localhost:48478
accept: */*

Response DefaultHttpResponse(decodeResult: success, version: HTTP/1.1)
HTTP/1.1 200 OK
Content-Length: 14
Content-Type: application/json; charset=utf-8
cache-control: no-cache

2023-04-27 13:59:59 DEBUG ChannelManager:270 ? Adding key: http://localhost:48478 for channel [id: 0x07d1af6b, L:/127.0.0.1:63946 - R:localhost/127.0.0.1:48478]
2023-04-27 13:59:59 DEBUG NettyRequestSender:593 ? Using pooled Channel '[id: 0x07d1af6b, L:/127.0.0.1:63946 - R:localhost/127.0.0.1:48478]' for 'POST' to 'http://localhost:48478/session/a8124c48a693ae84befb39871e152bf7/element'
2023-04-27 13:59:59 DEBUG NettyRequestSender:251 ? Using open Channel [id: 0x07d1af6b, L:/127.0.0.1:63946 - R:localhost/127.0.0.1:48478] for POST '/session/a8124c48a693ae84befb39871e152bf7/element'
2023-04-27 13:59:59 DEBUG HttpHandler:70 ? 

Request DefaultHttpRequest(decodeResult: success, version: HTTP/1.1)
POST /session/a8124c48a693ae84befb39871e152bf7/element HTTP/1.1
User-Agent: selenium/4.9.0 (java windows)
Content-Length: 72
Content-Type: application/json; charset=utf-8
host: localhost:48478
accept: */*

Response DefaultHttpResponse(decodeResult: success, version: HTTP/1.1)
HTTP/1.1 200 OK
Content-Length: 88
Content-Type: application/json; charset=utf-8
cache-control: no-cache

2023-04-27 13:59:59 DEBUG ChannelManager:270 ? Adding key: http://localhost:48478 for channel [id: 0x07d1af6b, L:/127.0.0.1:63946 - R:localhost/127.0.0.1:48478]
2023-04-27 13:59:59 DEBUG NettyRequestSender:593 ? Using pooled Channel '[id: 0x07d1af6b, L:/127.0.0.1:63946 - R:localhost/127.0.0.1:48478]' for 'POST' to 'http://localhost:48478/session/a8124c48a693ae84befb39871e152bf7/actions'
2023-04-27 13:59:59 DEBUG NettyRequestSender:251 ? Using open Channel [id: 0x07d1af6b, L:/127.0.0.1:63946 - R:localhost/127.0.0.1:48478] for POST '/session/a8124c48a693ae84befb39871e152bf7/actions'
2023-04-27 13:59:59 DEBUG HttpHandler:70 ? 

Request DefaultHttpRequest(decodeResult: success, version: HTTP/1.1)
POST /session/a8124c48a693ae84befb39871e152bf7/actions HTTP/1.1
User-Agent: selenium/4.9.0 (java windows)
Content-Length: 3467
Content-Type: application/json; charset=utf-8
host: localhost:48478
accept: */*

Response DefaultHttpResponse(decodeResult: success, version: HTTP/1.1)
HTTP/1.1 200 OK
Content-Length: 14
Content-Type: application/json; charset=utf-8
cache-control: no-cache

2023-04-27 13:59:59 DEBUG ChannelManager:270 ? Adding key: http://localhost:48478 for channel [id: 0x07d1af6b, L:/127.0.0.1:63946 - R:localhost/127.0.0.1:48478]
2023-04-27 13:59:59 DEBUG NettyRequestSender:593 ? Using pooled Channel '[id: 0x07d1af6b, L:/127.0.0.1:63946 - R:localhost/127.0.0.1:48478]' for 'POST' to 'http://localhost:48478/session/a8124c48a693ae84befb39871e152bf7/element'
2023-04-27 13:59:59 DEBUG NettyRequestSender:251 ? Using open Channel [id: 0x07d1af6b, L:/127.0.0.1:63946 - R:localhost/127.0.0.1:48478] for POST '/session/a8124c48a693ae84befb39871e152bf7/element'
2023-04-27 13:59:59 DEBUG HttpHandler:70 ? 

Request DefaultHttpRequest(decodeResult: success, version: HTTP/1.1)
POST /session/a8124c48a693ae84befb39871e152bf7/element HTTP/1.1
User-Agent: selenium/4.9.0 (java windows)
Content-Length: 71
Content-Type: application/json; charset=utf-8
host: localhost:48478
accept: */*

Response DefaultHttpResponse(decodeResult: success, version: HTTP/1.1)
HTTP/1.1 200 OK
Content-Length: 88
Content-Type: application/json; charset=utf-8
cache-control: no-cache

2023-04-27 13:59:59 DEBUG ChannelManager:270 ? Adding key: http://localhost:48478 for channel [id: 0x07d1af6b, L:/127.0.0.1:63946 - R:localhost/127.0.0.1:48478]
2023-04-27 13:59:59 DEBUG NettyRequestSender:593 ? Using pooled Channel '[id: 0x07d1af6b, L:/127.0.0.1:63946 - R:localhost/127.0.0.1:48478]' for 'POST' to 'http://localhost:48478/session/a8124c48a693ae84befb39871e152bf7/actions'
2023-04-27 13:59:59 DEBUG NettyRequestSender:251 ? Using open Channel [id: 0x07d1af6b, L:/127.0.0.1:63946 - R:localhost/127.0.0.1:48478] for POST '/session/a8124c48a693ae84befb39871e152bf7/actions'
2023-04-27 13:59:59 DEBUG DefaultChannelPool:348 ? Entry count for : http://localhost:63956 : 1
2023-04-27 13:59:59 DEBUG HttpHandler:70 ? 

Request DefaultHttpRequest(decodeResult: success, version: HTTP/1.1)
POST /session/a8124c48a693ae84befb39871e152bf7/actions HTTP/1.1
User-Agent: selenium/4.9.0 (java windows)
Content-Length: 567
Content-Type: application/json; charset=utf-8
host: localhost:48478
accept: */*

Response DefaultHttpResponse(decodeResult: success, version: HTTP/1.1)
HTTP/1.1 200 OK
Content-Length: 14
Content-Type: application/json; charset=utf-8
cache-control: no-cache

2023-04-27 13:59:59 DEBUG ChannelManager:270 ? Adding key: http://localhost:48478 for channel [id: 0x07d1af6b, L:/127.0.0.1:63946 - R:localhost/127.0.0.1:48478]
2023-04-27 13:59:59 DEBUG NettyRequestSender:593 ? Using pooled Channel '[id: 0x07d1af6b, L:/127.0.0.1:63946 - R:localhost/127.0.0.1:48478]' for 'POST' to 'http://localhost:48478/session/a8124c48a693ae84befb39871e152bf7/element'
2023-04-27 13:59:59 DEBUG NettyRequestSender:251 ? Using open Channel [id: 0x07d1af6b, L:/127.0.0.1:63946 - R:localhost/127.0.0.1:48478] for POST '/session/a8124c48a693ae84befb39871e152bf7/element'
2023-04-27 14:00:00 DEBUG HttpHandler:70 ? 

Request DefaultHttpRequest(decodeResult: success, version: HTTP/1.1)
POST /session/a8124c48a693ae84befb39871e152bf7/element HTTP/1.1
User-Agent: selenium/4.9.0 (java windows)
Content-Length: 73
Content-Type: application/json; charset=utf-8
host: localhost:48478
accept: */*

Response DefaultHttpResponse(decodeResult: success, version: HTTP/1.1)
HTTP/1.1 200 OK
Content-Length: 88
Content-Type: application/json; charset=utf-8
cache-control: no-cache

2023-04-27 14:00:00 DEBUG ChannelManager:270 ? Adding key: http://localhost:48478 for channel [id: 0x07d1af6b, L:/127.0.0.1:63946 - R:localhost/127.0.0.1:48478]
2023-04-27 14:00:00 DEBUG NettyRequestSender:593 ? Using pooled Channel '[id: 0x07d1af6b, L:/127.0.0.1:63946 - R:localhost/127.0.0.1:48478]' for 'POST' to 'http://localhost:48478/session/a8124c48a693ae84befb39871e152bf7/execute/sync'
2023-04-27 14:00:00 DEBUG NettyRequestSender:251 ? Using open Channel [id: 0x07d1af6b, L:/127.0.0.1:63946 - R:localhost/127.0.0.1:48478] for POST '/session/a8124c48a693ae84befb39871e152bf7/execute/sync'
2023-04-27 14:00:00 DEBUG HttpHandler:70 ? 

Request DefaultHttpRequest(decodeResult: success, version: HTTP/1.1)
POST /session/a8124c48a693ae84befb39871e152bf7/execute/sync HTTP/1.1
User-Agent: selenium/4.9.0 (java windows)
Content-Length: 48807
Content-Type: application/json; charset=utf-8
host: localhost:48478
accept: */*

Response DefaultHttpResponse(decodeResult: success, version: HTTP/1.1)
HTTP/1.1 200 OK
Content-Length: 14
Content-Type: application/json; charset=utf-8
cache-control: no-cache

2023-04-27 14:00:00 DEBUG ChannelManager:270 ? Adding key: http://localhost:48478 for channel [id: 0x07d1af6b, L:/127.0.0.1:63946 - R:localhost/127.0.0.1:48478]
2023-04-27 14:00:00 DEBUG NettyRequestSender:593 ? Using pooled Channel '[id: 0x07d1af6b, L:/127.0.0.1:63946 - R:localhost/127.0.0.1:48478]' for 'POST' to 'http://localhost:48478/session/a8124c48a693ae84befb39871e152bf7/element'
2023-04-27 14:00:00 DEBUG NettyRequestSender:251 ? Using open Channel [id: 0x07d1af6b, L:/127.0.0.1:63946 - R:localhost/127.0.0.1:48478] for POST '/session/a8124c48a693ae84befb39871e152bf7/element'
2023-04-27 14:00:00 DEBUG HttpHandler:70 ? 

Request DefaultHttpRequest(decodeResult: success, version: HTTP/1.1)
POST /session/a8124c48a693ae84befb39871e152bf7/element HTTP/1.1
User-Agent: selenium/4.9.0 (java windows)
Content-Length: 67
Content-Type: application/json; charset=utf-8
host: localhost:48478
accept: */*

Response DefaultHttpResponse(decodeResult: success, version: HTTP/1.1)
HTTP/1.1 200 OK
Content-Length: 88
Content-Type: application/json; charset=utf-8
cache-control: no-cache

2023-04-27 14:00:00 DEBUG ChannelManager:270 ? Adding key: http://localhost:48478 for channel [id: 0x07d1af6b, L:/127.0.0.1:63946 - R:localhost/127.0.0.1:48478]
2023-04-27 14:00:00 DEBUG NettyRequestSender:593 ? Using pooled Channel '[id: 0x07d1af6b, L:/127.0.0.1:63946 - R:localhost/127.0.0.1:48478]' for 'POST' to 'http://localhost:48478/session/a8124c48a693ae84befb39871e152bf7/execute/sync'
2023-04-27 14:00:00 DEBUG NettyRequestSender:251 ? Using open Channel [id: 0x07d1af6b, L:/127.0.0.1:63946 - R:localhost/127.0.0.1:48478] for POST '/session/a8124c48a693ae84befb39871e152bf7/execute/sync'
2023-04-27 14:00:00 DEBUG HttpHandler:70 ? 

Request DefaultHttpRequest(decodeResult: success, version: HTTP/1.1)
POST /session/a8124c48a693ae84befb39871e152bf7/execute/sync HTTP/1.1
User-Agent: selenium/4.9.0 (java windows)
Content-Length: 48807
Content-Type: application/json; charset=utf-8
host: localhost:48478
accept: */*

Response DefaultHttpResponse(decodeResult: success, version: HTTP/1.1)
HTTP/1.1 200 OK
Content-Length: 14
Content-Type: application/json; charset=utf-8
cache-control: no-cache

2023-04-27 14:00:00 DEBUG ChannelManager:270 ? Adding key: http://localhost:48478 for channel [id: 0x07d1af6b, L:/127.0.0.1:63946 - R:localhost/127.0.0.1:48478]
2023-04-27 14:00:00 DEBUG NettyRequestSender:593 ? Using pooled Channel '[id: 0x07d1af6b, L:/127.0.0.1:63946 - R:localhost/127.0.0.1:48478]' for 'POST' to 'http://localhost:48478/session/a8124c48a693ae84befb39871e152bf7/element'
2023-04-27 14:00:00 DEBUG NettyRequestSender:251 ? Using open Channel [id: 0x07d1af6b, L:/127.0.0.1:63946 - R:localhost/127.0.0.1:48478] for POST '/session/a8124c48a693ae84befb39871e152bf7/element'
2023-04-27 14:00:00 DEBUG HttpHandler:70 ? 

Request DefaultHttpRequest(decodeResult: success, version: HTTP/1.1)
POST /session/a8124c48a693ae84befb39871e152bf7/element HTTP/1.1
User-Agent: selenium/4.9.0 (java windows)
Content-Length: 67
Content-Type: application/json; charset=utf-8
host: localhost:48478
accept: */*

Response DefaultHttpResponse(decodeResult: success, version: HTTP/1.1)
HTTP/1.1 200 OK
Content-Length: 88
Content-Type: application/json; charset=utf-8
cache-control: no-cache

2023-04-27 14:00:00 DEBUG ChannelManager:270 ? Adding key: http://localhost:48478 for channel [id: 0x07d1af6b, L:/127.0.0.1:63946 - R:localhost/127.0.0.1:48478]
2023-04-27 14:00:00 DEBUG NettyRequestSender:593 ? Using pooled Channel '[id: 0x07d1af6b, L:/127.0.0.1:63946 - R:localhost/127.0.0.1:48478]' for 'POST' to 'http://localhost:48478/session/a8124c48a693ae84befb39871e152bf7/actions'
2023-04-27 14:00:00 DEBUG NettyRequestSender:251 ? Using open Channel [id: 0x07d1af6b, L:/127.0.0.1:63946 - R:localhost/127.0.0.1:48478] for POST '/session/a8124c48a693ae84befb39871e152bf7/actions'
2023-04-27 14:00:00 DEBUG HttpHandler:70 ? 

Request DefaultHttpRequest(decodeResult: success, version: HTTP/1.1)
POST /session/a8124c48a693ae84befb39871e152bf7/actions HTTP/1.1
User-Agent: selenium/4.9.0 (java windows)
Content-Length: 567
Content-Type: application/json; charset=utf-8
host: localhost:48478
accept: */*

Response DefaultHttpResponse(decodeResult: success, version: HTTP/1.1)
HTTP/1.1 200 OK
Content-Length: 14
Content-Type: application/json; charset=utf-8
cache-control: no-cache

2023-04-27 14:00:00 DEBUG ChannelManager:270 ? Adding key: http://localhost:48478 for channel [id: 0x07d1af6b, L:/127.0.0.1:63946 - R:localhost/127.0.0.1:48478]
2023-04-27 14:00:00 DEBUG NettyRequestSender:593 ? Using pooled Channel '[id: 0x07d1af6b, L:/127.0.0.1:63946 - R:localhost/127.0.0.1:48478]' for 'POST' to 'http://localhost:48478/session/a8124c48a693ae84befb39871e152bf7/element'
2023-04-27 14:00:00 DEBUG NettyRequestSender:251 ? Using open Channel [id: 0x07d1af6b, L:/127.0.0.1:63946 - R:localhost/127.0.0.1:48478] for POST '/session/a8124c48a693ae84befb39871e152bf7/element'
2023-04-27 14:00:00 DEBUG DefaultChannelPool:348 ? Entry count for : http://localhost:63956 : 1
2023-04-27 14:00:02 DEBUG DefaultChannelPool:348 ? Entry count for : http://localhost:63956 : 1
2023-04-27 14:00:03 DEBUG DefaultChannelPool:348 ? Entry count for : http://localhost:63956 : 1
2023-04-27 14:00:04 DEBUG DefaultChannelPool:348 ? Entry count for : http://localhost:63956 : 1
2023-04-27 14:00:05 DEBUG DefaultChannelPool:348 ? Entry count for : http://localhost:63956 : 1
2023-04-27 14:00:06 DEBUG DefaultChannelPool:348 ? Entry count for : http://localhost:63956 : 1
2023-04-27 14:00:07 DEBUG DefaultChannelPool:348 ? Entry count for : http://localhost:63956 : 1
2023-04-27 14:00:08 DEBUG DefaultChannelPool:348 ? Entry count for : http://localhost:63956 : 1
2023-04-27 14:00:09 DEBUG DefaultChannelPool:348 ? Entry count for : http://localhost:63956 : 1
2023-04-27 14:00:10 DEBUG DefaultChannelPool:348 ? Entry count for : http://localhost:63956 : 1
2023-04-27 14:00:11 DEBUG DefaultChannelPool:348 ? Entry count for : http://localhost:63956 : 1
2023-04-27 14:00:13 DEBUG DefaultChannelPool:348 ? Entry count for : http://localhost:63956 : 1
2023-04-27 14:00:14 DEBUG DefaultChannelPool:348 ? Entry count for : http://localhost:63956 : 1
2023-04-27 14:00:15 DEBUG DefaultChannelPool:348 ? Entry count for : http://localhost:63956 : 1
2023-04-27 14:00:16 DEBUG DefaultChannelPool:348 ? Entry count for : http://localhost:63956 : 1
2023-04-27 14:00:17 DEBUG DefaultChannelPool:348 ? Entry count for : http://localhost:63956 : 1
2023-04-27 14:00:18 DEBUG DefaultChannelPool:348 ? Entry count for : http://localhost:63956 : 1
2023-04-27 14:00:19 DEBUG DefaultChannelPool:348 ? Entry count for : http://localhost:63956 : 1
2023-04-27 14:00:20 DEBUG DefaultChannelPool:348 ? Entry count for : http://localhost:63956 : 1
2023-04-27 14:00:20 DEBUG HttpHandler:70 ? 

Request DefaultHttpRequest(decodeResult: success, version: HTTP/1.1)
POST /session/a8124c48a693ae84befb39871e152bf7/element HTTP/1.1
User-Agent: selenium/4.9.0 (java windows)
Content-Length: 73
Content-Type: application/json; charset=utf-8
host: localhost:48478
accept: */*

Response DefaultHttpResponse(decodeResult: success, version: HTTP/1.1)
HTTP/1.1 404 Not Found
Content-Length: 958
Content-Type: application/json; charset=utf-8
cache-control: no-cache

2023-04-27 14:00:20 DEBUG ChannelManager:270 ? Adding key: http://localhost:48478 for channel [id: 0x07d1af6b, L:/127.0.0.1:63946 - R:localhost/127.0.0.1:48478]
2023-04-27 14:01:55 DEBUG InternalLoggerFactory:63 ? Using SLF4J as the default logging framework
2023-04-27 14:01:55 DEBUG ResourceLeakDetector:129 ? -Dio.netty.leakDetection.level: simple
2023-04-27 14:01:55 DEBUG ResourceLeakDetector:130 ? -Dio.netty.leakDetection.targetRecords: 4
2023-04-27 14:01:55 DEBUG ResourceLeakDetectorFactory:196 ? Loaded default ResourceLeakDetector: io.netty.util.ResourceLeakDetector@495083a0
2023-04-27 14:01:55 DEBUG PlatformDependent0:496 ? -Dio.netty.noUnsafe: false
2023-04-27 14:01:55 DEBUG PlatformDependent0:1000 ? Java version: 19
2023-04-27 14:01:55 DEBUG PlatformDependent0:137 ? sun.misc.Unsafe.theUnsafe: available
2023-04-27 14:01:55 DEBUG PlatformDependent0:161 ? sun.misc.Unsafe.copyMemory: available
2023-04-27 14:01:55 DEBUG PlatformDependent0:193 ? sun.misc.Unsafe.storeFence: available
2023-04-27 14:01:55 DEBUG PlatformDependent0:236 ? java.nio.Buffer.address: available
2023-04-27 14:01:55 DEBUG PlatformDependent0:320 ? direct buffer constructor: unavailable: Reflective setAccessible(true) disabled
2023-04-27 14:01:55 DEBUG PlatformDependent0:385 ? java.nio.Bits.unaligned: available, true
2023-04-27 14:01:55 DEBUG PlatformDependent0:452 ? jdk.internal.misc.Unsafe.allocateUninitializedArray(int): unavailable: class io.netty.util.internal.PlatformDependent0$7 cannot access class jdk.internal.misc.Unsafe (in module java.base) because module java.base does not export jdk.internal.misc to unnamed module @5679c6c6
2023-04-27 14:01:55 DEBUG PlatformDependent0:482 ? java.nio.DirectByteBuffer.<init>(long, int): unavailable
2023-04-27 14:01:55 DEBUG PlatformDependent:1159 ? sun.misc.Unsafe: available
2023-04-27 14:01:55 DEBUG PlatformDependent:1270 ? maxDirectMemory: 5339348992 bytes (maybe)
2023-04-27 14:01:55 DEBUG PlatformDependent:1289 ? -Dio.netty.tmpdir: C:\Users\rohit\AppData\Local\Temp (java.io.tmpdir)
2023-04-27 14:01:55 DEBUG PlatformDependent:1368 ? -Dio.netty.bitMode: 64 (sun.arch.data.model)
2023-04-27 14:01:55 DEBUG PlatformDependent:1119 ? Platform: Windows
2023-04-27 14:01:55 DEBUG PlatformDependent:178 ? -Dio.netty.maxDirectMemory: -1 bytes
2023-04-27 14:01:55 DEBUG PlatformDependent:185 ? -Dio.netty.uninitializedArrayAllocationThreshold: -1
2023-04-27 14:01:55 DEBUG CleanerJava9:71 ? java.nio.ByteBuffer.cleaner(): available
2023-04-27 14:01:55 DEBUG PlatformDependent:205 ? -Dio.netty.noPreferDirect: false
2023-04-27 14:01:55 DEBUG PlatformDependent:1010 ? org.jctools-core.MpscChunkedArrayQueue: available
2023-04-27 14:01:55 DEBUG InternalThreadLocalMap:100 ? -Dio.netty.threadLocalMap.stringBuilder.initialSize: 1024
2023-04-27 14:01:55 DEBUG InternalThreadLocalMap:101 ? -Dio.netty.threadLocalMap.stringBuilder.maxSize: 4096
2023-04-27 14:01:56 DEBUG JdkSslContext:83 ? Default protocols (JDK): [TLSv1.3, TLSv1.2] 
2023-04-27 14:01:56 DEBUG JdkSslContext:84 ? Default cipher suites (JDK): [TLS_ECDHE_ECDSA_WITH_AES_256_GCM_SHA384, TLS_ECDHE_ECDSA_WITH_AES_128_GCM_SHA256, TLS_ECDHE_RSA_WITH_AES_128_GCM_SHA256, TLS_ECDHE_RSA_WITH_AES_256_GCM_SHA384, TLS_ECDHE_RSA_WITH_AES_128_CBC_SHA, TLS_ECDHE_RSA_WITH_AES_256_CBC_SHA, TLS_RSA_WITH_AES_128_GCM_SHA256, TLS_RSA_WITH_AES_128_CBC_SHA, TLS_RSA_WITH_AES_256_CBC_SHA, TLS_AES_128_GCM_SHA256, TLS_AES_256_GCM_SHA384]
2023-04-27 14:01:56 DEBUG GlobalEventExecutor:53 ? -Dio.netty.globalEventExecutor.quietPeriodSeconds: 1
2023-04-27 14:01:56 DEBUG MultithreadEventLoopGroup:44 ? -Dio.netty.eventLoopThreads: 16
2023-04-27 14:01:56 DEBUG NioEventLoop:110 ? -Dio.netty.noKeySetOptimization: false
2023-04-27 14:01:56 DEBUG NioEventLoop:111 ? -Dio.netty.selectorAutoRebuildThreshold: 512
2023-04-27 14:01:56 DEBUG PooledByteBufAllocator:157 ? -Dio.netty.allocator.numHeapArenas: 16
2023-04-27 14:01:56 DEBUG PooledByteBufAllocator:158 ? -Dio.netty.allocator.numDirectArenas: 16
2023-04-27 14:01:56 DEBUG PooledByteBufAllocator:160 ? -Dio.netty.allocator.pageSize: 8192
2023-04-27 14:01:56 DEBUG PooledByteBufAllocator:165 ? -Dio.netty.allocator.maxOrder: 9
2023-04-27 14:01:56 DEBUG PooledByteBufAllocator:169 ? -Dio.netty.allocator.chunkSize: 4194304
2023-04-27 14:01:56 DEBUG PooledByteBufAllocator:170 ? -Dio.netty.allocator.smallCacheSize: 256
2023-04-27 14:01:56 DEBUG PooledByteBufAllocator:171 ? -Dio.netty.allocator.normalCacheSize: 64
2023-04-27 14:01:56 DEBUG PooledByteBufAllocator:172 ? -Dio.netty.allocator.maxCachedBufferCapacity: 32768
2023-04-27 14:01:56 DEBUG PooledByteBufAllocator:173 ? -Dio.netty.allocator.cacheTrimInterval: 8192
2023-04-27 14:01:56 DEBUG PooledByteBufAllocator:174 ? -Dio.netty.allocator.cacheTrimIntervalMillis: 0
2023-04-27 14:01:56 DEBUG PooledByteBufAllocator:175 ? -Dio.netty.allocator.useCacheForAllThreads: false
2023-04-27 14:01:56 DEBUG PooledByteBufAllocator:176 ? -Dio.netty.allocator.maxCachedByteBuffersPerChunk: 1023
2023-04-27 14:01:56 DEBUG ByteBufUtil:88 ? -Dio.netty.allocator.type: pooled
2023-04-27 14:01:56 DEBUG ByteBufUtil:97 ? -Dio.netty.threadLocalDirectBufferSize: 0
2023-04-27 14:01:56 DEBUG ByteBufUtil:100 ? -Dio.netty.maxThreadLocalCharBufferSize: 16384
2023-04-27 14:01:56 DEBUG DefaultChannelId:79 ? -Dio.netty.processId: 26820 (auto-detected)
2023-04-27 14:01:56 DEBUG NetUtil:148 ? -Djava.net.preferIPv4Stack: false
2023-04-27 14:01:56 DEBUG NetUtil:149 ? -Djava.net.preferIPv6Addresses: false
2023-04-27 14:01:56 DEBUG NetUtilInitializations:145 ? Loopback interface: lo (Software Loopback Interface 1, 127.0.0.1)
2023-04-27 14:01:56 DEBUG NetUtil:206 ? Failed to get SOMAXCONN from sysctl and file \proc\sys\net\core\somaxconn. Default: 200
2023-04-27 14:01:56 DEBUG DefaultChannelId:101 ? -Dio.netty.machineId: 70:c9:4e:ff:fe:a9:98:9d (auto-detected)
2023-04-27 14:01:56 DEBUG AbstractByteBuf:63 ? -Dio.netty.buffer.checkAccessible: true
2023-04-27 14:01:56 DEBUG AbstractByteBuf:64 ? -Dio.netty.buffer.checkBounds: true
2023-04-27 14:01:56 DEBUG ResourceLeakDetectorFactory:196 ? Loaded default ResourceLeakDetector: io.netty.util.ResourceLeakDetector@5b3c0413
2023-04-27 14:01:56 DEBUG NettyConnectListener:73 ? Using new Channel '[id: 0x913b3f5c, L:/127.0.0.1:64254 - R:localhost/127.0.0.1:36035]' for 'POST' to '/session'
2023-04-27 14:01:56 DEBUG Recycler:96 ? -Dio.netty.recycler.maxCapacityPerThread: 4096
2023-04-27 14:01:56 DEBUG Recycler:97 ? -Dio.netty.recycler.ratio: 8
2023-04-27 14:01:56 DEBUG Recycler:98 ? -Dio.netty.recycler.chunkSize: 32
2023-04-27 14:01:56 DEBUG Recycler:99 ? -Dio.netty.recycler.blocking: false
2023-04-27 14:01:56 DEBUG Recycler:100 ? -Dio.netty.recycler.batchFastThreadLocalOnly: true
2023-04-27 14:01:58 DEBUG Brotli:38 ? brotli4j not in the classpath; Brotli support will be unavailable.
2023-04-27 14:01:58 DEBUG HttpHandler:70 ? 

Request DefaultHttpRequest(decodeResult: success, version: HTTP/1.1)
POST /session HTTP/1.1
User-Agent: selenium/4.9.0 (java windows)
Content-Length: 254
Content-Type: application/json; charset=utf-8
host: localhost:36035
accept: */*

Response DefaultHttpResponse(decodeResult: success, version: HTTP/1.1)
HTTP/1.1 200 OK
Content-Length: 859
Content-Type: application/json; charset=utf-8
cache-control: no-cache

2023-04-27 14:01:58 DEBUG ChannelManager:270 ? Adding key: http://localhost:36035 for channel [id: 0x913b3f5c, L:/127.0.0.1:64254 - R:localhost/127.0.0.1:36035]
2023-04-27 14:01:58 DEBUG DefaultChannelPool:348 ? Entry count for : http://localhost:36035 : 1
2023-04-27 14:01:58 DEBUG NettyConnectListener:73 ? Using new Channel '[id: 0xc9a9052f, L:/127.0.0.1:64273 - R:localhost/127.0.0.1:64257]' for 'GET' to '/json/version'
2023-04-27 14:01:58 DEBUG HttpHandler:70 ? 

Request DefaultFullHttpRequest(decodeResult: success, version: HTTP/1.1, content: EmptyByteBufBE)
GET /json/version HTTP/1.1
User-Agent: selenium/4.9.0 (java windows)
host: localhost:64257
accept: */*

Response DefaultHttpResponse(decodeResult: success, version: HTTP/1.1)
HTTP/1.1 200 OK
Content-Security-Policy: frame-ancestors 'none'
Content-Length: 424
Content-Type: application/json; charset=UTF-8

2023-04-27 14:01:58 DEBUG ChannelManager:270 ? Adding key: http://localhost:64257 for channel [id: 0xc9a9052f, L:/127.0.0.1:64273 - R:localhost/127.0.0.1:64257]
2023-04-27 14:01:58 DEBUG ThreadLocalRandom:214 ? -Dio.netty.initialSeedUniquifier: 0xfc9aed854e80f24d
2023-04-27 14:01:58 DEBUG NettyConnectListener:73 ? Using new Channel '[id: 0x76570602, L:/127.0.0.1:64274 - R:localhost/127.0.0.1:64257]' for 'GET' to '/devtools/browser/b0351025-904f-4f1f-a139-b16e4f12fe0b'
2023-04-27 14:01:58 DEBUG WebSocketHandler:105 ? 

Request DefaultFullHttpRequest(decodeResult: success, version: HTTP/1.1, content: EmptyByteBufBE)
GET /devtools/browser/b0351025-904f-4f1f-a139-b16e4f12fe0b HTTP/1.1
upgrade: websocket
connection: upgrade
sec-websocket-key: WZNOBpxRZLr8B6wKDurw0Q==
sec-websocket-version: 13
origin: http://localhost:64257
host: localhost:64257
accept: */*
user-agent: AHC/2.1

Response DefaultHttpResponse(decodeResult: success, version: HTTP/1.1)
HTTP/1.1 101 WebSocket Protocol Handshake
Upgrade: WebSocket
Connection: Upgrade
Sec-WebSocket-Accept: ctKsBYQnbo7or3Fi44eKkQi7IxU=

2023-04-27 14:01:58 DEBUG NettyRequestSender:593 ? Using pooled Channel '[id: 0x913b3f5c, L:/127.0.0.1:64254 - R:localhost/127.0.0.1:36035]' for 'POST' to 'http://localhost:36035/session/e5515baa970718d3bc163b3aac371e28/window/maximize'
2023-04-27 14:01:58 DEBUG NettyRequestSender:251 ? Using open Channel [id: 0x913b3f5c, L:/127.0.0.1:64254 - R:localhost/127.0.0.1:36035] for POST '/session/e5515baa970718d3bc163b3aac371e28/window/maximize'
2023-04-27 14:01:58 DEBUG HttpHandler:70 ? 

Request DefaultHttpRequest(decodeResult: success, version: HTTP/1.1)
POST /session/e5515baa970718d3bc163b3aac371e28/window/maximize HTTP/1.1
User-Agent: selenium/4.9.0 (java windows)
Content-Length: 3
Content-Type: application/json; charset=utf-8
host: localhost:36035
accept: */*

Response DefaultHttpResponse(decodeResult: success, version: HTTP/1.1)
HTTP/1.1 200 OK
Content-Length: 52
Content-Type: application/json; charset=utf-8
cache-control: no-cache

2023-04-27 14:01:58 DEBUG ChannelManager:270 ? Adding key: http://localhost:36035 for channel [id: 0x913b3f5c, L:/127.0.0.1:64254 - R:localhost/127.0.0.1:36035]
2023-04-27 14:01:58 DEBUG NettyRequestSender:593 ? Using pooled Channel '[id: 0x913b3f5c, L:/127.0.0.1:64254 - R:localhost/127.0.0.1:36035]' for 'POST' to 'http://localhost:36035/session/e5515baa970718d3bc163b3aac371e28/timeouts'
2023-04-27 14:01:58 DEBUG NettyRequestSender:251 ? Using open Channel [id: 0x913b3f5c, L:/127.0.0.1:64254 - R:localhost/127.0.0.1:36035] for POST '/session/e5515baa970718d3bc163b3aac371e28/timeouts'
2023-04-27 14:01:58 DEBUG HttpHandler:70 ? 

Request DefaultHttpRequest(decodeResult: success, version: HTTP/1.1)
POST /session/e5515baa970718d3bc163b3aac371e28/timeouts HTTP/1.1
User-Agent: selenium/4.9.0 (java windows)
Content-Length: 23
Content-Type: application/json; charset=utf-8
host: localhost:36035
accept: */*

Response DefaultHttpResponse(decodeResult: success, version: HTTP/1.1)
HTTP/1.1 200 OK
Content-Length: 14
Content-Type: application/json; charset=utf-8
cache-control: no-cache

2023-04-27 14:01:58 DEBUG ChannelManager:270 ? Adding key: http://localhost:36035 for channel [id: 0x913b3f5c, L:/127.0.0.1:64254 - R:localhost/127.0.0.1:36035]
2023-04-27 14:01:58 DEBUG NettyRequestSender:593 ? Using pooled Channel '[id: 0x913b3f5c, L:/127.0.0.1:64254 - R:localhost/127.0.0.1:36035]' for 'POST' to 'http://localhost:36035/session/e5515baa970718d3bc163b3aac371e28/url'
2023-04-27 14:01:58 DEBUG NettyRequestSender:251 ? Using open Channel [id: 0x913b3f5c, L:/127.0.0.1:64254 - R:localhost/127.0.0.1:36035] for POST '/session/e5515baa970718d3bc163b3aac371e28/url'
2023-04-27 14:01:59 DEBUG DefaultChannelPool:348 ? Entry count for : http://localhost:64257 : 1
2023-04-27 14:01:59 DEBUG HttpHandler:70 ? 

Request DefaultHttpRequest(decodeResult: success, version: HTTP/1.1)
POST /session/e5515baa970718d3bc163b3aac371e28/url HTTP/1.1
User-Agent: selenium/4.9.0 (java windows)
Content-Length: 59
Content-Type: application/json; charset=utf-8
host: localhost:36035
accept: */*

Response DefaultHttpResponse(decodeResult: success, version: HTTP/1.1)
HTTP/1.1 200 OK
Content-Length: 14
Content-Type: application/json; charset=utf-8
cache-control: no-cache

2023-04-27 14:01:59 DEBUG ChannelManager:270 ? Adding key: http://localhost:36035 for channel [id: 0x913b3f5c, L:/127.0.0.1:64254 - R:localhost/127.0.0.1:36035]
2023-04-27 14:01:59 DEBUG NettyRequestSender:593 ? Using pooled Channel '[id: 0x913b3f5c, L:/127.0.0.1:64254 - R:localhost/127.0.0.1:36035]' for 'POST' to 'http://localhost:36035/session/e5515baa970718d3bc163b3aac371e28/element'
2023-04-27 14:01:59 DEBUG NettyRequestSender:251 ? Using open Channel [id: 0x913b3f5c, L:/127.0.0.1:64254 - R:localhost/127.0.0.1:36035] for POST '/session/e5515baa970718d3bc163b3aac371e28/element'
2023-04-27 14:01:59 DEBUG HttpHandler:70 ? 

Request DefaultHttpRequest(decodeResult: success, version: HTTP/1.1)
POST /session/e5515baa970718d3bc163b3aac371e28/element HTTP/1.1
User-Agent: selenium/4.9.0 (java windows)
Content-Length: 72
Content-Type: application/json; charset=utf-8
host: localhost:36035
accept: */*

Response DefaultHttpResponse(decodeResult: success, version: HTTP/1.1)
HTTP/1.1 200 OK
Content-Length: 88
Content-Type: application/json; charset=utf-8
cache-control: no-cache

2023-04-27 14:01:59 DEBUG ChannelManager:270 ? Adding key: http://localhost:36035 for channel [id: 0x913b3f5c, L:/127.0.0.1:64254 - R:localhost/127.0.0.1:36035]
2023-04-27 14:01:59 DEBUG NettyRequestSender:593 ? Using pooled Channel '[id: 0x913b3f5c, L:/127.0.0.1:64254 - R:localhost/127.0.0.1:36035]' for 'POST' to 'http://localhost:36035/session/e5515baa970718d3bc163b3aac371e28/execute/sync'
2023-04-27 14:01:59 DEBUG NettyRequestSender:251 ? Using open Channel [id: 0x913b3f5c, L:/127.0.0.1:64254 - R:localhost/127.0.0.1:36035] for POST '/session/e5515baa970718d3bc163b3aac371e28/execute/sync'
2023-04-27 14:01:59 DEBUG HttpHandler:70 ? 

Request DefaultHttpRequest(decodeResult: success, version: HTTP/1.1)
POST /session/e5515baa970718d3bc163b3aac371e28/execute/sync HTTP/1.1
User-Agent: selenium/4.9.0 (java windows)
Content-Length: 48807
Content-Type: application/json; charset=utf-8
host: localhost:36035
accept: */*

Response DefaultHttpResponse(decodeResult: success, version: HTTP/1.1)
HTTP/1.1 200 OK
Content-Length: 14
Content-Type: application/json; charset=utf-8
cache-control: no-cache

2023-04-27 14:01:59 DEBUG ChannelManager:270 ? Adding key: http://localhost:36035 for channel [id: 0x913b3f5c, L:/127.0.0.1:64254 - R:localhost/127.0.0.1:36035]
2023-04-27 14:01:59 DEBUG NettyRequestSender:593 ? Using pooled Channel '[id: 0x913b3f5c, L:/127.0.0.1:64254 - R:localhost/127.0.0.1:36035]' for 'POST' to 'http://localhost:36035/session/e5515baa970718d3bc163b3aac371e28/element'
2023-04-27 14:01:59 DEBUG NettyRequestSender:251 ? Using open Channel [id: 0x913b3f5c, L:/127.0.0.1:64254 - R:localhost/127.0.0.1:36035] for POST '/session/e5515baa970718d3bc163b3aac371e28/element'
2023-04-27 14:01:59 DEBUG HttpHandler:70 ? 

Request DefaultHttpRequest(decodeResult: success, version: HTTP/1.1)
POST /session/e5515baa970718d3bc163b3aac371e28/element HTTP/1.1
User-Agent: selenium/4.9.0 (java windows)
Content-Length: 69
Content-Type: application/json; charset=utf-8
host: localhost:36035
accept: */*

Response DefaultHttpResponse(decodeResult: success, version: HTTP/1.1)
HTTP/1.1 200 OK
Content-Length: 88
Content-Type: application/json; charset=utf-8
cache-control: no-cache

2023-04-27 14:01:59 DEBUG ChannelManager:270 ? Adding key: http://localhost:36035 for channel [id: 0x913b3f5c, L:/127.0.0.1:64254 - R:localhost/127.0.0.1:36035]
2023-04-27 14:01:59 DEBUG NettyRequestSender:593 ? Using pooled Channel '[id: 0x913b3f5c, L:/127.0.0.1:64254 - R:localhost/127.0.0.1:36035]' for 'POST' to 'http://localhost:36035/session/e5515baa970718d3bc163b3aac371e28/execute/sync'
2023-04-27 14:01:59 DEBUG NettyRequestSender:251 ? Using open Channel [id: 0x913b3f5c, L:/127.0.0.1:64254 - R:localhost/127.0.0.1:36035] for POST '/session/e5515baa970718d3bc163b3aac371e28/execute/sync'
2023-04-27 14:01:59 DEBUG HttpHandler:70 ? 

Request DefaultHttpRequest(decodeResult: success, version: HTTP/1.1)
POST /session/e5515baa970718d3bc163b3aac371e28/execute/sync HTTP/1.1
User-Agent: selenium/4.9.0 (java windows)
Content-Length: 48807
Content-Type: application/json; charset=utf-8
host: localhost:36035
accept: */*

Response DefaultHttpResponse(decodeResult: success, version: HTTP/1.1)
HTTP/1.1 200 OK
Content-Length: 14
Content-Type: application/json; charset=utf-8
cache-control: no-cache

2023-04-27 14:01:59 DEBUG ChannelManager:270 ? Adding key: http://localhost:36035 for channel [id: 0x913b3f5c, L:/127.0.0.1:64254 - R:localhost/127.0.0.1:36035]
2023-04-27 14:01:59 DEBUG NettyRequestSender:593 ? Using pooled Channel '[id: 0x913b3f5c, L:/127.0.0.1:64254 - R:localhost/127.0.0.1:36035]' for 'POST' to 'http://localhost:36035/session/e5515baa970718d3bc163b3aac371e28/element'
2023-04-27 14:01:59 DEBUG NettyRequestSender:251 ? Using open Channel [id: 0x913b3f5c, L:/127.0.0.1:64254 - R:localhost/127.0.0.1:36035] for POST '/session/e5515baa970718d3bc163b3aac371e28/element'
2023-04-27 14:01:59 DEBUG HttpHandler:70 ? 

Request DefaultHttpRequest(decodeResult: success, version: HTTP/1.1)
POST /session/e5515baa970718d3bc163b3aac371e28/element HTTP/1.1
User-Agent: selenium/4.9.0 (java windows)
Content-Length: 71
Content-Type: application/json; charset=utf-8
host: localhost:36035
accept: */*

Response DefaultHttpResponse(decodeResult: success, version: HTTP/1.1)
HTTP/1.1 200 OK
Content-Length: 88
Content-Type: application/json; charset=utf-8
cache-control: no-cache

2023-04-27 14:01:59 DEBUG ChannelManager:270 ? Adding key: http://localhost:36035 for channel [id: 0x913b3f5c, L:/127.0.0.1:64254 - R:localhost/127.0.0.1:36035]
2023-04-27 14:01:59 DEBUG NettyRequestSender:593 ? Using pooled Channel '[id: 0x913b3f5c, L:/127.0.0.1:64254 - R:localhost/127.0.0.1:36035]' for 'POST' to 'http://localhost:36035/session/e5515baa970718d3bc163b3aac371e28/execute/sync'
2023-04-27 14:01:59 DEBUG NettyRequestSender:251 ? Using open Channel [id: 0x913b3f5c, L:/127.0.0.1:64254 - R:localhost/127.0.0.1:36035] for POST '/session/e5515baa970718d3bc163b3aac371e28/execute/sync'
2023-04-27 14:01:59 DEBUG HttpHandler:70 ? 

Request DefaultHttpRequest(decodeResult: success, version: HTTP/1.1)
POST /session/e5515baa970718d3bc163b3aac371e28/execute/sync HTTP/1.1
User-Agent: selenium/4.9.0 (java windows)
Content-Length: 48807
Content-Type: application/json; charset=utf-8
host: localhost:36035
accept: */*

Response DefaultHttpResponse(decodeResult: success, version: HTTP/1.1)
HTTP/1.1 200 OK
Content-Length: 14
Content-Type: application/json; charset=utf-8
cache-control: no-cache

2023-04-27 14:01:59 DEBUG ChannelManager:270 ? Adding key: http://localhost:36035 for channel [id: 0x913b3f5c, L:/127.0.0.1:64254 - R:localhost/127.0.0.1:36035]
2023-04-27 14:01:59 DEBUG NettyRequestSender:593 ? Using pooled Channel '[id: 0x913b3f5c, L:/127.0.0.1:64254 - R:localhost/127.0.0.1:36035]' for 'POST' to 'http://localhost:36035/session/e5515baa970718d3bc163b3aac371e28/element'
2023-04-27 14:01:59 DEBUG NettyRequestSender:251 ? Using open Channel [id: 0x913b3f5c, L:/127.0.0.1:64254 - R:localhost/127.0.0.1:36035] for POST '/session/e5515baa970718d3bc163b3aac371e28/element'
2023-04-27 14:01:59 DEBUG HttpHandler:70 ? 

Request DefaultHttpRequest(decodeResult: success, version: HTTP/1.1)
POST /session/e5515baa970718d3bc163b3aac371e28/element HTTP/1.1
User-Agent: selenium/4.9.0 (java windows)
Content-Length: 72
Content-Type: application/json; charset=utf-8
host: localhost:36035
accept: */*

Response DefaultHttpResponse(decodeResult: success, version: HTTP/1.1)
HTTP/1.1 200 OK
Content-Length: 88
Content-Type: application/json; charset=utf-8
cache-control: no-cache

2023-04-27 14:01:59 DEBUG ChannelManager:270 ? Adding key: http://localhost:36035 for channel [id: 0x913b3f5c, L:/127.0.0.1:64254 - R:localhost/127.0.0.1:36035]
2023-04-27 14:01:59 DEBUG NettyRequestSender:593 ? Using pooled Channel '[id: 0x913b3f5c, L:/127.0.0.1:64254 - R:localhost/127.0.0.1:36035]' for 'POST' to 'http://localhost:36035/session/e5515baa970718d3bc163b3aac371e28/execute/sync'
2023-04-27 14:01:59 DEBUG NettyRequestSender:251 ? Using open Channel [id: 0x913b3f5c, L:/127.0.0.1:64254 - R:localhost/127.0.0.1:36035] for POST '/session/e5515baa970718d3bc163b3aac371e28/execute/sync'
2023-04-27 14:02:00 DEBUG HttpHandler:70 ? 

Request DefaultHttpRequest(decodeResult: success, version: HTTP/1.1)
POST /session/e5515baa970718d3bc163b3aac371e28/execute/sync HTTP/1.1
User-Agent: selenium/4.9.0 (java windows)
Content-Length: 48807
Content-Type: application/json; charset=utf-8
host: localhost:36035
accept: */*

Response DefaultHttpResponse(decodeResult: success, version: HTTP/1.1)
HTTP/1.1 200 OK
Content-Length: 14
Content-Type: application/json; charset=utf-8
cache-control: no-cache

2023-04-27 14:02:00 DEBUG ChannelManager:270 ? Adding key: http://localhost:36035 for channel [id: 0x913b3f5c, L:/127.0.0.1:64254 - R:localhost/127.0.0.1:36035]
2023-04-27 14:02:00 DEBUG NettyRequestSender:593 ? Using pooled Channel '[id: 0x913b3f5c, L:/127.0.0.1:64254 - R:localhost/127.0.0.1:36035]' for 'POST' to 'http://localhost:36035/session/e5515baa970718d3bc163b3aac371e28/element'
2023-04-27 14:02:00 DEBUG NettyRequestSender:251 ? Using open Channel [id: 0x913b3f5c, L:/127.0.0.1:64254 - R:localhost/127.0.0.1:36035] for POST '/session/e5515baa970718d3bc163b3aac371e28/element'
2023-04-27 14:02:00 DEBUG HttpHandler:70 ? 

Request DefaultHttpRequest(decodeResult: success, version: HTTP/1.1)
POST /session/e5515baa970718d3bc163b3aac371e28/element HTTP/1.1
User-Agent: selenium/4.9.0 (java windows)
Content-Length: 69
Content-Type: application/json; charset=utf-8
host: localhost:36035
accept: */*

Response DefaultHttpResponse(decodeResult: success, version: HTTP/1.1)
HTTP/1.1 200 OK
Content-Length: 88
Content-Type: application/json; charset=utf-8
cache-control: no-cache

2023-04-27 14:02:00 DEBUG ChannelManager:270 ? Adding key: http://localhost:36035 for channel [id: 0x913b3f5c, L:/127.0.0.1:64254 - R:localhost/127.0.0.1:36035]
2023-04-27 14:02:00 DEBUG NettyRequestSender:593 ? Using pooled Channel '[id: 0x913b3f5c, L:/127.0.0.1:64254 - R:localhost/127.0.0.1:36035]' for 'POST' to 'http://localhost:36035/session/e5515baa970718d3bc163b3aac371e28/execute/sync'
2023-04-27 14:02:00 DEBUG NettyRequestSender:251 ? Using open Channel [id: 0x913b3f5c, L:/127.0.0.1:64254 - R:localhost/127.0.0.1:36035] for POST '/session/e5515baa970718d3bc163b3aac371e28/execute/sync'
2023-04-27 14:02:00 DEBUG HttpHandler:70 ? 

Request DefaultHttpRequest(decodeResult: success, version: HTTP/1.1)
POST /session/e5515baa970718d3bc163b3aac371e28/execute/sync HTTP/1.1
User-Agent: selenium/4.9.0 (java windows)
Content-Length: 48807
Content-Type: application/json; charset=utf-8
host: localhost:36035
accept: */*

Response DefaultHttpResponse(decodeResult: success, version: HTTP/1.1)
HTTP/1.1 200 OK
Content-Length: 14
Content-Type: application/json; charset=utf-8
cache-control: no-cache

2023-04-27 14:02:00 DEBUG ChannelManager:270 ? Adding key: http://localhost:36035 for channel [id: 0x913b3f5c, L:/127.0.0.1:64254 - R:localhost/127.0.0.1:36035]
2023-04-27 14:02:00 DEBUG NettyRequestSender:593 ? Using pooled Channel '[id: 0x913b3f5c, L:/127.0.0.1:64254 - R:localhost/127.0.0.1:36035]' for 'POST' to 'http://localhost:36035/session/e5515baa970718d3bc163b3aac371e28/element'
2023-04-27 14:02:00 DEBUG NettyRequestSender:251 ? Using open Channel [id: 0x913b3f5c, L:/127.0.0.1:64254 - R:localhost/127.0.0.1:36035] for POST '/session/e5515baa970718d3bc163b3aac371e28/element'
2023-04-27 14:02:00 DEBUG HttpHandler:70 ? 

Request DefaultHttpRequest(decodeResult: success, version: HTTP/1.1)
POST /session/e5515baa970718d3bc163b3aac371e28/element HTTP/1.1
User-Agent: selenium/4.9.0 (java windows)
Content-Length: 71
Content-Type: application/json; charset=utf-8
host: localhost:36035
accept: */*

Response DefaultHttpResponse(decodeResult: success, version: HTTP/1.1)
HTTP/1.1 200 OK
Content-Length: 88
Content-Type: application/json; charset=utf-8
cache-control: no-cache

2023-04-27 14:02:00 DEBUG ChannelManager:270 ? Adding key: http://localhost:36035 for channel [id: 0x913b3f5c, L:/127.0.0.1:64254 - R:localhost/127.0.0.1:36035]
2023-04-27 14:02:00 DEBUG NettyRequestSender:593 ? Using pooled Channel '[id: 0x913b3f5c, L:/127.0.0.1:64254 - R:localhost/127.0.0.1:36035]' for 'POST' to 'http://localhost:36035/session/e5515baa970718d3bc163b3aac371e28/execute/sync'
2023-04-27 14:02:00 DEBUG NettyRequestSender:251 ? Using open Channel [id: 0x913b3f5c, L:/127.0.0.1:64254 - R:localhost/127.0.0.1:36035] for POST '/session/e5515baa970718d3bc163b3aac371e28/execute/sync'
2023-04-27 14:02:00 DEBUG HttpHandler:70 ? 

Request DefaultHttpRequest(decodeResult: success, version: HTTP/1.1)
POST /session/e5515baa970718d3bc163b3aac371e28/execute/sync HTTP/1.1
User-Agent: selenium/4.9.0 (java windows)
Content-Length: 48807
Content-Type: application/json; charset=utf-8
host: localhost:36035
accept: */*

Response DefaultHttpResponse(decodeResult: success, version: HTTP/1.1)
HTTP/1.1 200 OK
Content-Length: 14
Content-Type: application/json; charset=utf-8
cache-control: no-cache

2023-04-27 14:02:00 DEBUG ChannelManager:270 ? Adding key: http://localhost:36035 for channel [id: 0x913b3f5c, L:/127.0.0.1:64254 - R:localhost/127.0.0.1:36035]
2023-04-27 14:02:00 DEBUG NettyRequestSender:593 ? Using pooled Channel '[id: 0x913b3f5c, L:/127.0.0.1:64254 - R:localhost/127.0.0.1:36035]' for 'POST' to 'http://localhost:36035/session/e5515baa970718d3bc163b3aac371e28/element'
2023-04-27 14:02:00 DEBUG NettyRequestSender:251 ? Using open Channel [id: 0x913b3f5c, L:/127.0.0.1:64254 - R:localhost/127.0.0.1:36035] for POST '/session/e5515baa970718d3bc163b3aac371e28/element'
2023-04-27 14:02:00 DEBUG HttpHandler:70 ? 

Request DefaultHttpRequest(decodeResult: success, version: HTTP/1.1)
POST /session/e5515baa970718d3bc163b3aac371e28/element HTTP/1.1
User-Agent: selenium/4.9.0 (java windows)
Content-Length: 69
Content-Type: application/json; charset=utf-8
host: localhost:36035
accept: */*

Response DefaultHttpResponse(decodeResult: success, version: HTTP/1.1)
HTTP/1.1 200 OK
Content-Length: 88
Content-Type: application/json; charset=utf-8
cache-control: no-cache

2023-04-27 14:02:00 DEBUG ChannelManager:270 ? Adding key: http://localhost:36035 for channel [id: 0x913b3f5c, L:/127.0.0.1:64254 - R:localhost/127.0.0.1:36035]
2023-04-27 14:02:00 DEBUG NettyRequestSender:593 ? Using pooled Channel '[id: 0x913b3f5c, L:/127.0.0.1:64254 - R:localhost/127.0.0.1:36035]' for 'POST' to 'http://localhost:36035/session/e5515baa970718d3bc163b3aac371e28/actions'
2023-04-27 14:02:00 DEBUG NettyRequestSender:251 ? Using open Channel [id: 0x913b3f5c, L:/127.0.0.1:64254 - R:localhost/127.0.0.1:36035] for POST '/session/e5515baa970718d3bc163b3aac371e28/actions'
2023-04-27 14:02:00 DEBUG HttpHandler:70 ? 

Request DefaultHttpRequest(decodeResult: success, version: HTTP/1.1)
POST /session/e5515baa970718d3bc163b3aac371e28/actions HTTP/1.1
User-Agent: selenium/4.9.0 (java windows)
Content-Length: 2027
Content-Type: application/json; charset=utf-8
host: localhost:36035
accept: */*

Response DefaultHttpResponse(decodeResult: success, version: HTTP/1.1)
HTTP/1.1 200 OK
Content-Length: 14
Content-Type: application/json; charset=utf-8
cache-control: no-cache

2023-04-27 14:02:00 DEBUG ChannelManager:270 ? Adding key: http://localhost:36035 for channel [id: 0x913b3f5c, L:/127.0.0.1:64254 - R:localhost/127.0.0.1:36035]
2023-04-27 14:02:00 DEBUG NettyRequestSender:593 ? Using pooled Channel '[id: 0x913b3f5c, L:/127.0.0.1:64254 - R:localhost/127.0.0.1:36035]' for 'POST' to 'http://localhost:36035/session/e5515baa970718d3bc163b3aac371e28/element'
2023-04-27 14:02:00 DEBUG NettyRequestSender:251 ? Using open Channel [id: 0x913b3f5c, L:/127.0.0.1:64254 - R:localhost/127.0.0.1:36035] for POST '/session/e5515baa970718d3bc163b3aac371e28/element'
2023-04-27 14:02:00 DEBUG HttpHandler:70 ? 

Request DefaultHttpRequest(decodeResult: success, version: HTTP/1.1)
POST /session/e5515baa970718d3bc163b3aac371e28/element HTTP/1.1
User-Agent: selenium/4.9.0 (java windows)
Content-Length: 72
Content-Type: application/json; charset=utf-8
host: localhost:36035
accept: */*

Response DefaultHttpResponse(decodeResult: success, version: HTTP/1.1)
HTTP/1.1 200 OK
Content-Length: 88
Content-Type: application/json; charset=utf-8
cache-control: no-cache

2023-04-27 14:02:00 DEBUG ChannelManager:270 ? Adding key: http://localhost:36035 for channel [id: 0x913b3f5c, L:/127.0.0.1:64254 - R:localhost/127.0.0.1:36035]
2023-04-27 14:02:00 DEBUG NettyRequestSender:593 ? Using pooled Channel '[id: 0x913b3f5c, L:/127.0.0.1:64254 - R:localhost/127.0.0.1:36035]' for 'POST' to 'http://localhost:36035/session/e5515baa970718d3bc163b3aac371e28/actions'
2023-04-27 14:02:00 DEBUG NettyRequestSender:251 ? Using open Channel [id: 0x913b3f5c, L:/127.0.0.1:64254 - R:localhost/127.0.0.1:36035] for POST '/session/e5515baa970718d3bc163b3aac371e28/actions'
2023-04-27 14:02:00 DEBUG DefaultChannelPool:348 ? Entry count for : http://localhost:64257 : 1
2023-04-27 14:02:00 DEBUG HttpHandler:70 ? 

Request DefaultHttpRequest(decodeResult: success, version: HTTP/1.1)
POST /session/e5515baa970718d3bc163b3aac371e28/actions HTTP/1.1
User-Agent: selenium/4.9.0 (java windows)
Content-Length: 3467
Content-Type: application/json; charset=utf-8
host: localhost:36035
accept: */*

Response DefaultHttpResponse(decodeResult: success, version: HTTP/1.1)
HTTP/1.1 200 OK
Content-Length: 14
Content-Type: application/json; charset=utf-8
cache-control: no-cache

2023-04-27 14:02:00 DEBUG ChannelManager:270 ? Adding key: http://localhost:36035 for channel [id: 0x913b3f5c, L:/127.0.0.1:64254 - R:localhost/127.0.0.1:36035]
2023-04-27 14:02:00 DEBUG NettyRequestSender:593 ? Using pooled Channel '[id: 0x913b3f5c, L:/127.0.0.1:64254 - R:localhost/127.0.0.1:36035]' for 'POST' to 'http://localhost:36035/session/e5515baa970718d3bc163b3aac371e28/element'
2023-04-27 14:02:00 DEBUG NettyRequestSender:251 ? Using open Channel [id: 0x913b3f5c, L:/127.0.0.1:64254 - R:localhost/127.0.0.1:36035] for POST '/session/e5515baa970718d3bc163b3aac371e28/element'
2023-04-27 14:02:00 DEBUG HttpHandler:70 ? 

Request DefaultHttpRequest(decodeResult: success, version: HTTP/1.1)
POST /session/e5515baa970718d3bc163b3aac371e28/element HTTP/1.1
User-Agent: selenium/4.9.0 (java windows)
Content-Length: 71
Content-Type: application/json; charset=utf-8
host: localhost:36035
accept: */*

Response DefaultHttpResponse(decodeResult: success, version: HTTP/1.1)
HTTP/1.1 200 OK
Content-Length: 88
Content-Type: application/json; charset=utf-8
cache-control: no-cache

2023-04-27 14:02:00 DEBUG ChannelManager:270 ? Adding key: http://localhost:36035 for channel [id: 0x913b3f5c, L:/127.0.0.1:64254 - R:localhost/127.0.0.1:36035]
2023-04-27 14:02:00 DEBUG NettyRequestSender:593 ? Using pooled Channel '[id: 0x913b3f5c, L:/127.0.0.1:64254 - R:localhost/127.0.0.1:36035]' for 'POST' to 'http://localhost:36035/session/e5515baa970718d3bc163b3aac371e28/actions'
2023-04-27 14:02:00 DEBUG NettyRequestSender:251 ? Using open Channel [id: 0x913b3f5c, L:/127.0.0.1:64254 - R:localhost/127.0.0.1:36035] for POST '/session/e5515baa970718d3bc163b3aac371e28/actions'
2023-04-27 14:02:00 DEBUG HttpHandler:70 ? 

Request DefaultHttpRequest(decodeResult: success, version: HTTP/1.1)
POST /session/e5515baa970718d3bc163b3aac371e28/actions HTTP/1.1
User-Agent: selenium/4.9.0 (java windows)
Content-Length: 567
Content-Type: application/json; charset=utf-8
host: localhost:36035
accept: */*

Response DefaultHttpResponse(decodeResult: success, version: HTTP/1.1)
HTTP/1.1 200 OK
Content-Length: 14
Content-Type: application/json; charset=utf-8
cache-control: no-cache

2023-04-27 14:02:00 DEBUG ChannelManager:270 ? Adding key: http://localhost:36035 for channel [id: 0x913b3f5c, L:/127.0.0.1:64254 - R:localhost/127.0.0.1:36035]
2023-04-27 14:02:00 DEBUG NettyRequestSender:593 ? Using pooled Channel '[id: 0x913b3f5c, L:/127.0.0.1:64254 - R:localhost/127.0.0.1:36035]' for 'POST' to 'http://localhost:36035/session/e5515baa970718d3bc163b3aac371e28/element'
2023-04-27 14:02:00 DEBUG NettyRequestSender:251 ? Using open Channel [id: 0x913b3f5c, L:/127.0.0.1:64254 - R:localhost/127.0.0.1:36035] for POST '/session/e5515baa970718d3bc163b3aac371e28/element'
2023-04-27 14:02:01 DEBUG HttpHandler:70 ? 

Request DefaultHttpRequest(decodeResult: success, version: HTTP/1.1)
POST /session/e5515baa970718d3bc163b3aac371e28/element HTTP/1.1
User-Agent: selenium/4.9.0 (java windows)
Content-Length: 73
Content-Type: application/json; charset=utf-8
host: localhost:36035
accept: */*

Response DefaultHttpResponse(decodeResult: success, version: HTTP/1.1)
HTTP/1.1 200 OK
Content-Length: 88
Content-Type: application/json; charset=utf-8
cache-control: no-cache

2023-04-27 14:02:01 DEBUG ChannelManager:270 ? Adding key: http://localhost:36035 for channel [id: 0x913b3f5c, L:/127.0.0.1:64254 - R:localhost/127.0.0.1:36035]
2023-04-27 14:02:01 DEBUG NettyRequestSender:593 ? Using pooled Channel '[id: 0x913b3f5c, L:/127.0.0.1:64254 - R:localhost/127.0.0.1:36035]' for 'POST' to 'http://localhost:36035/session/e5515baa970718d3bc163b3aac371e28/execute/sync'
2023-04-27 14:02:01 DEBUG NettyRequestSender:251 ? Using open Channel [id: 0x913b3f5c, L:/127.0.0.1:64254 - R:localhost/127.0.0.1:36035] for POST '/session/e5515baa970718d3bc163b3aac371e28/execute/sync'
2023-04-27 14:02:01 DEBUG HttpHandler:70 ? 

Request DefaultHttpRequest(decodeResult: success, version: HTTP/1.1)
POST /session/e5515baa970718d3bc163b3aac371e28/execute/sync HTTP/1.1
User-Agent: selenium/4.9.0 (java windows)
Content-Length: 48807
Content-Type: application/json; charset=utf-8
host: localhost:36035
accept: */*

Response DefaultHttpResponse(decodeResult: success, version: HTTP/1.1)
HTTP/1.1 200 OK
Content-Length: 14
Content-Type: application/json; charset=utf-8
cache-control: no-cache

2023-04-27 14:02:01 DEBUG ChannelManager:270 ? Adding key: http://localhost:36035 for channel [id: 0x913b3f5c, L:/127.0.0.1:64254 - R:localhost/127.0.0.1:36035]
2023-04-27 14:02:01 DEBUG NettyRequestSender:593 ? Using pooled Channel '[id: 0x913b3f5c, L:/127.0.0.1:64254 - R:localhost/127.0.0.1:36035]' for 'POST' to 'http://localhost:36035/session/e5515baa970718d3bc163b3aac371e28/element'
2023-04-27 14:02:01 DEBUG NettyRequestSender:251 ? Using open Channel [id: 0x913b3f5c, L:/127.0.0.1:64254 - R:localhost/127.0.0.1:36035] for POST '/session/e5515baa970718d3bc163b3aac371e28/element'
2023-04-27 14:02:01 DEBUG HttpHandler:70 ? 

Request DefaultHttpRequest(decodeResult: success, version: HTTP/1.1)
POST /session/e5515baa970718d3bc163b3aac371e28/element HTTP/1.1
User-Agent: selenium/4.9.0 (java windows)
Content-Length: 67
Content-Type: application/json; charset=utf-8
host: localhost:36035
accept: */*

Response DefaultHttpResponse(decodeResult: success, version: HTTP/1.1)
HTTP/1.1 200 OK
Content-Length: 88
Content-Type: application/json; charset=utf-8
cache-control: no-cache

2023-04-27 14:02:01 DEBUG ChannelManager:270 ? Adding key: http://localhost:36035 for channel [id: 0x913b3f5c, L:/127.0.0.1:64254 - R:localhost/127.0.0.1:36035]
2023-04-27 14:02:01 DEBUG NettyRequestSender:593 ? Using pooled Channel '[id: 0x913b3f5c, L:/127.0.0.1:64254 - R:localhost/127.0.0.1:36035]' for 'POST' to 'http://localhost:36035/session/e5515baa970718d3bc163b3aac371e28/execute/sync'
2023-04-27 14:02:01 DEBUG NettyRequestSender:251 ? Using open Channel [id: 0x913b3f5c, L:/127.0.0.1:64254 - R:localhost/127.0.0.1:36035] for POST '/session/e5515baa970718d3bc163b3aac371e28/execute/sync'
2023-04-27 14:02:01 DEBUG HttpHandler:70 ? 

Request DefaultHttpRequest(decodeResult: success, version: HTTP/1.1)
POST /session/e5515baa970718d3bc163b3aac371e28/execute/sync HTTP/1.1
User-Agent: selenium/4.9.0 (java windows)
Content-Length: 48807
Content-Type: application/json; charset=utf-8
host: localhost:36035
accept: */*

Response DefaultHttpResponse(decodeResult: success, version: HTTP/1.1)
HTTP/1.1 200 OK
Content-Length: 14
Content-Type: application/json; charset=utf-8
cache-control: no-cache

2023-04-27 14:02:01 DEBUG ChannelManager:270 ? Adding key: http://localhost:36035 for channel [id: 0x913b3f5c, L:/127.0.0.1:64254 - R:localhost/127.0.0.1:36035]
2023-04-27 14:02:01 DEBUG NettyRequestSender:593 ? Using pooled Channel '[id: 0x913b3f5c, L:/127.0.0.1:64254 - R:localhost/127.0.0.1:36035]' for 'POST' to 'http://localhost:36035/session/e5515baa970718d3bc163b3aac371e28/element'
2023-04-27 14:02:01 DEBUG NettyRequestSender:251 ? Using open Channel [id: 0x913b3f5c, L:/127.0.0.1:64254 - R:localhost/127.0.0.1:36035] for POST '/session/e5515baa970718d3bc163b3aac371e28/element'
2023-04-27 14:02:01 DEBUG HttpHandler:70 ? 

Request DefaultHttpRequest(decodeResult: success, version: HTTP/1.1)
POST /session/e5515baa970718d3bc163b3aac371e28/element HTTP/1.1
User-Agent: selenium/4.9.0 (java windows)
Content-Length: 67
Content-Type: application/json; charset=utf-8
host: localhost:36035
accept: */*

Response DefaultHttpResponse(decodeResult: success, version: HTTP/1.1)
HTTP/1.1 200 OK
Content-Length: 88
Content-Type: application/json; charset=utf-8
cache-control: no-cache

2023-04-27 14:02:01 DEBUG ChannelManager:270 ? Adding key: http://localhost:36035 for channel [id: 0x913b3f5c, L:/127.0.0.1:64254 - R:localhost/127.0.0.1:36035]
2023-04-27 14:02:01 DEBUG NettyRequestSender:593 ? Using pooled Channel '[id: 0x913b3f5c, L:/127.0.0.1:64254 - R:localhost/127.0.0.1:36035]' for 'POST' to 'http://localhost:36035/session/e5515baa970718d3bc163b3aac371e28/actions'
2023-04-27 14:02:01 DEBUG NettyRequestSender:251 ? Using open Channel [id: 0x913b3f5c, L:/127.0.0.1:64254 - R:localhost/127.0.0.1:36035] for POST '/session/e5515baa970718d3bc163b3aac371e28/actions'
2023-04-27 14:02:01 DEBUG DefaultChannelPool:348 ? Entry count for : http://localhost:64257 : 1
2023-04-27 14:02:01 DEBUG HttpHandler:70 ? 

Request DefaultHttpRequest(decodeResult: success, version: HTTP/1.1)
POST /session/e5515baa970718d3bc163b3aac371e28/actions HTTP/1.1
User-Agent: selenium/4.9.0 (java windows)
Content-Length: 567
Content-Type: application/json; charset=utf-8
host: localhost:36035
accept: */*

Response DefaultHttpResponse(decodeResult: success, version: HTTP/1.1)
HTTP/1.1 200 OK
Content-Length: 14
Content-Type: application/json; charset=utf-8
cache-control: no-cache

2023-04-27 14:02:01 DEBUG ChannelManager:270 ? Adding key: http://localhost:36035 for channel [id: 0x913b3f5c, L:/127.0.0.1:64254 - R:localhost/127.0.0.1:36035]
2023-04-27 14:02:01 DEBUG NettyRequestSender:593 ? Using pooled Channel '[id: 0x913b3f5c, L:/127.0.0.1:64254 - R:localhost/127.0.0.1:36035]' for 'POST' to 'http://localhost:36035/session/e5515baa970718d3bc163b3aac371e28/element'
2023-04-27 14:02:01 DEBUG NettyRequestSender:251 ? Using open Channel [id: 0x913b3f5c, L:/127.0.0.1:64254 - R:localhost/127.0.0.1:36035] for POST '/session/e5515baa970718d3bc163b3aac371e28/element'
2023-04-27 14:02:01 DEBUG HttpHandler:70 ? 

Request DefaultHttpRequest(decodeResult: success, version: HTTP/1.1)
POST /session/e5515baa970718d3bc163b3aac371e28/element HTTP/1.1
User-Agent: selenium/4.9.0 (java windows)
Content-Length: 72
Content-Type: application/json; charset=utf-8
host: localhost:36035
accept: */*

Response DefaultHttpResponse(decodeResult: success, version: HTTP/1.1)
HTTP/1.1 200 OK
Content-Length: 88
Content-Type: application/json; charset=utf-8
cache-control: no-cache

2023-04-27 14:02:01 DEBUG ChannelManager:270 ? Adding key: http://localhost:36035 for channel [id: 0x913b3f5c, L:/127.0.0.1:64254 - R:localhost/127.0.0.1:36035]
2023-04-27 14:02:01 DEBUG NettyRequestSender:593 ? Using pooled Channel '[id: 0x913b3f5c, L:/127.0.0.1:64254 - R:localhost/127.0.0.1:36035]' for 'POST' to 'http://localhost:36035/session/e5515baa970718d3bc163b3aac371e28/execute/sync'
2023-04-27 14:02:01 DEBUG NettyRequestSender:251 ? Using open Channel [id: 0x913b3f5c, L:/127.0.0.1:64254 - R:localhost/127.0.0.1:36035] for POST '/session/e5515baa970718d3bc163b3aac371e28/execute/sync'
2023-04-27 14:02:01 DEBUG HttpHandler:70 ? 

Request DefaultHttpRequest(decodeResult: success, version: HTTP/1.1)
POST /session/e5515baa970718d3bc163b3aac371e28/execute/sync HTTP/1.1
User-Agent: selenium/4.9.0 (java windows)
Content-Length: 48807
Content-Type: application/json; charset=utf-8
host: localhost:36035
accept: */*

Response DefaultHttpResponse(decodeResult: success, version: HTTP/1.1)
HTTP/1.1 200 OK
Content-Length: 14
Content-Type: application/json; charset=utf-8
cache-control: no-cache

2023-04-27 14:02:01 DEBUG ChannelManager:270 ? Adding key: http://localhost:36035 for channel [id: 0x913b3f5c, L:/127.0.0.1:64254 - R:localhost/127.0.0.1:36035]
2023-04-27 14:02:01 DEBUG NettyRequestSender:593 ? Using pooled Channel '[id: 0x913b3f5c, L:/127.0.0.1:64254 - R:localhost/127.0.0.1:36035]' for 'POST' to 'http://localhost:36035/session/e5515baa970718d3bc163b3aac371e28/element'
2023-04-27 14:02:01 DEBUG NettyRequestSender:251 ? Using open Channel [id: 0x913b3f5c, L:/127.0.0.1:64254 - R:localhost/127.0.0.1:36035] for POST '/session/e5515baa970718d3bc163b3aac371e28/element'
2023-04-27 14:02:01 DEBUG HttpHandler:70 ? 

Request DefaultHttpRequest(decodeResult: success, version: HTTP/1.1)
POST /session/e5515baa970718d3bc163b3aac371e28/element HTTP/1.1
User-Agent: selenium/4.9.0 (java windows)
Content-Length: 69
Content-Type: application/json; charset=utf-8
host: localhost:36035
accept: */*

Response DefaultHttpResponse(decodeResult: success, version: HTTP/1.1)
HTTP/1.1 200 OK
Content-Length: 88
Content-Type: application/json; charset=utf-8
cache-control: no-cache

2023-04-27 14:02:01 DEBUG ChannelManager:270 ? Adding key: http://localhost:36035 for channel [id: 0x913b3f5c, L:/127.0.0.1:64254 - R:localhost/127.0.0.1:36035]
2023-04-27 14:02:01 DEBUG NettyRequestSender:593 ? Using pooled Channel '[id: 0x913b3f5c, L:/127.0.0.1:64254 - R:localhost/127.0.0.1:36035]' for 'POST' to 'http://localhost:36035/session/e5515baa970718d3bc163b3aac371e28/execute/sync'
2023-04-27 14:02:01 DEBUG NettyRequestSender:251 ? Using open Channel [id: 0x913b3f5c, L:/127.0.0.1:64254 - R:localhost/127.0.0.1:36035] for POST '/session/e5515baa970718d3bc163b3aac371e28/execute/sync'
2023-04-27 14:02:01 DEBUG HttpHandler:70 ? 

Request DefaultHttpRequest(decodeResult: success, version: HTTP/1.1)
POST /session/e5515baa970718d3bc163b3aac371e28/execute/sync HTTP/1.1
User-Agent: selenium/4.9.0 (java windows)
Content-Length: 48807
Content-Type: application/json; charset=utf-8
host: localhost:36035
accept: */*

Response DefaultHttpResponse(decodeResult: success, version: HTTP/1.1)
HTTP/1.1 200 OK
Content-Length: 14
Content-Type: application/json; charset=utf-8
cache-control: no-cache

2023-04-27 14:02:01 DEBUG ChannelManager:270 ? Adding key: http://localhost:36035 for channel [id: 0x913b3f5c, L:/127.0.0.1:64254 - R:localhost/127.0.0.1:36035]
2023-04-27 14:02:01 DEBUG NettyRequestSender:593 ? Using pooled Channel '[id: 0x913b3f5c, L:/127.0.0.1:64254 - R:localhost/127.0.0.1:36035]' for 'POST' to 'http://localhost:36035/session/e5515baa970718d3bc163b3aac371e28/element'
2023-04-27 14:02:01 DEBUG NettyRequestSender:251 ? Using open Channel [id: 0x913b3f5c, L:/127.0.0.1:64254 - R:localhost/127.0.0.1:36035] for POST '/session/e5515baa970718d3bc163b3aac371e28/element'
2023-04-27 14:02:01 DEBUG HttpHandler:70 ? 

Request DefaultHttpRequest(decodeResult: success, version: HTTP/1.1)
POST /session/e5515baa970718d3bc163b3aac371e28/element HTTP/1.1
User-Agent: selenium/4.9.0 (java windows)
Content-Length: 71
Content-Type: application/json; charset=utf-8
host: localhost:36035
accept: */*

Response DefaultHttpResponse(decodeResult: success, version: HTTP/1.1)
HTTP/1.1 200 OK
Content-Length: 88
Content-Type: application/json; charset=utf-8
cache-control: no-cache

2023-04-27 14:02:01 DEBUG ChannelManager:270 ? Adding key: http://localhost:36035 for channel [id: 0x913b3f5c, L:/127.0.0.1:64254 - R:localhost/127.0.0.1:36035]
2023-04-27 14:02:01 DEBUG NettyRequestSender:593 ? Using pooled Channel '[id: 0x913b3f5c, L:/127.0.0.1:64254 - R:localhost/127.0.0.1:36035]' for 'POST' to 'http://localhost:36035/session/e5515baa970718d3bc163b3aac371e28/execute/sync'
2023-04-27 14:02:01 DEBUG NettyRequestSender:251 ? Using open Channel [id: 0x913b3f5c, L:/127.0.0.1:64254 - R:localhost/127.0.0.1:36035] for POST '/session/e5515baa970718d3bc163b3aac371e28/execute/sync'
2023-04-27 14:02:01 DEBUG HttpHandler:70 ? 

Request DefaultHttpRequest(decodeResult: success, version: HTTP/1.1)
POST /session/e5515baa970718d3bc163b3aac371e28/execute/sync HTTP/1.1
User-Agent: selenium/4.9.0 (java windows)
Content-Length: 48807
Content-Type: application/json; charset=utf-8
host: localhost:36035
accept: */*

Response DefaultHttpResponse(decodeResult: success, version: HTTP/1.1)
HTTP/1.1 200 OK
Content-Length: 14
Content-Type: application/json; charset=utf-8
cache-control: no-cache

2023-04-27 14:02:01 DEBUG ChannelManager:270 ? Adding key: http://localhost:36035 for channel [id: 0x913b3f5c, L:/127.0.0.1:64254 - R:localhost/127.0.0.1:36035]
2023-04-27 14:02:01 DEBUG NettyRequestSender:593 ? Using pooled Channel '[id: 0x913b3f5c, L:/127.0.0.1:64254 - R:localhost/127.0.0.1:36035]' for 'POST' to 'http://localhost:36035/session/e5515baa970718d3bc163b3aac371e28/element'
2023-04-27 14:02:01 DEBUG NettyRequestSender:251 ? Using open Channel [id: 0x913b3f5c, L:/127.0.0.1:64254 - R:localhost/127.0.0.1:36035] for POST '/session/e5515baa970718d3bc163b3aac371e28/element'
2023-04-27 14:02:02 DEBUG DefaultChannelPool:348 ? Entry count for : http://localhost:64257 : 1
2023-04-27 14:02:03 DEBUG DefaultChannelPool:348 ? Entry count for : http://localhost:64257 : 1
2023-04-27 14:02:04 DEBUG DefaultChannelPool:348 ? Entry count for : http://localhost:64257 : 1
2023-04-27 14:02:05 DEBUG DefaultChannelPool:348 ? Entry count for : http://localhost:64257 : 1
2023-04-27 14:02:07 DEBUG DefaultChannelPool:348 ? Entry count for : http://localhost:64257 : 1
2023-04-27 14:02:08 DEBUG DefaultChannelPool:348 ? Entry count for : http://localhost:64257 : 1
2023-04-27 14:02:09 DEBUG DefaultChannelPool:348 ? Entry count for : http://localhost:64257 : 1
2023-04-27 14:02:10 DEBUG DefaultChannelPool:348 ? Entry count for : http://localhost:64257 : 1
2023-04-27 14:02:11 DEBUG HttpHandler:70 ? 

Request DefaultHttpRequest(decodeResult: success, version: HTTP/1.1)
POST /session/e5515baa970718d3bc163b3aac371e28/element HTTP/1.1
User-Agent: selenium/4.9.0 (java windows)
Content-Length: 73
Content-Type: application/json; charset=utf-8
host: localhost:36035
accept: */*

Response DefaultHttpResponse(decodeResult: success, version: HTTP/1.1)
HTTP/1.1 200 OK
Content-Length: 14
Content-Type: application/json; charset=utf-8
cache-control: no-cache

2023-04-27 14:02:11 DEBUG ChannelManager:270 ? Adding key: http://localhost:36035 for channel [id: 0x913b3f5c, L:/127.0.0.1:64254 - R:localhost/127.0.0.1:36035]
2023-04-27 14:02:11 DEBUG HttpHandler:126 ? Channel Closed: [id: 0xc9a9052f, L:/127.0.0.1:64273 ! R:localhost/127.0.0.1:64257] with attribute DISCARD
2023-04-27 14:02:11 DEBUG WebSocketHandler:126 ? Channel Closed: [id: 0x76570602, L:/127.0.0.1:64274 ! R:localhost/127.0.0.1:64257] with attribute NettyResponseFuture{currentRetry=0,
	isDone=1,
	isCancelled=0,
	asyncHandler=org.asynchttpclient.ws.WebSocketUpgradeHandler@43c5728a,
	nettyRequest=org.asynchttpclient.netty.request.NettyRequest@774f268d,
	future=java.util.concurrent.CompletableFuture@6e2fddbb[Completed normally],
	uri=ws://localhost:64257/devtools/browser/b0351025-904f-4f1f-a139-b16e4f12fe0b,
	keepAlive=true,
	redirectCount=0,
	timeoutsHolder=null,
	inAuth=0,
	touch=1682560918530}
2023-04-27 14:02:11 DEBUG ChannelManager:315 ? Closing Channel [id: 0x76570602, L:/127.0.0.1:64274 ! R:localhost/127.0.0.1:64257] 
2023-04-27 14:07:48 DEBUG InternalLoggerFactory:63 ? Using SLF4J as the default logging framework
2023-04-27 14:07:48 DEBUG ResourceLeakDetector:129 ? -Dio.netty.leakDetection.level: simple
2023-04-27 14:07:48 DEBUG ResourceLeakDetector:130 ? -Dio.netty.leakDetection.targetRecords: 4
2023-04-27 14:07:48 DEBUG ResourceLeakDetectorFactory:196 ? Loaded default ResourceLeakDetector: io.netty.util.ResourceLeakDetector@60bdf15d
2023-04-27 14:07:48 DEBUG PlatformDependent0:496 ? -Dio.netty.noUnsafe: false
2023-04-27 14:07:48 DEBUG PlatformDependent0:1000 ? Java version: 19
2023-04-27 14:07:48 DEBUG PlatformDependent0:137 ? sun.misc.Unsafe.theUnsafe: available
2023-04-27 14:07:48 DEBUG PlatformDependent0:161 ? sun.misc.Unsafe.copyMemory: available
2023-04-27 14:07:48 DEBUG PlatformDependent0:193 ? sun.misc.Unsafe.storeFence: available
2023-04-27 14:07:48 DEBUG PlatformDependent0:236 ? java.nio.Buffer.address: available
2023-04-27 14:07:48 DEBUG PlatformDependent0:320 ? direct buffer constructor: unavailable: Reflective setAccessible(true) disabled
2023-04-27 14:07:48 DEBUG PlatformDependent0:385 ? java.nio.Bits.unaligned: available, true
2023-04-27 14:07:48 DEBUG PlatformDependent0:452 ? jdk.internal.misc.Unsafe.allocateUninitializedArray(int): unavailable: class io.netty.util.internal.PlatformDependent0$7 cannot access class jdk.internal.misc.Unsafe (in module java.base) because module java.base does not export jdk.internal.misc to unnamed module @5679c6c6
2023-04-27 14:07:48 DEBUG PlatformDependent0:482 ? java.nio.DirectByteBuffer.<init>(long, int): unavailable
2023-04-27 14:07:48 DEBUG PlatformDependent:1159 ? sun.misc.Unsafe: available
2023-04-27 14:07:48 DEBUG PlatformDependent:1270 ? maxDirectMemory: 5339348992 bytes (maybe)
2023-04-27 14:07:48 DEBUG PlatformDependent:1289 ? -Dio.netty.tmpdir: C:\Users\rohit\AppData\Local\Temp (java.io.tmpdir)
2023-04-27 14:07:48 DEBUG PlatformDependent:1368 ? -Dio.netty.bitMode: 64 (sun.arch.data.model)
2023-04-27 14:07:48 DEBUG PlatformDependent:1119 ? Platform: Windows
2023-04-27 14:07:48 DEBUG PlatformDependent:178 ? -Dio.netty.maxDirectMemory: -1 bytes
2023-04-27 14:07:48 DEBUG PlatformDependent:185 ? -Dio.netty.uninitializedArrayAllocationThreshold: -1
2023-04-27 14:07:48 DEBUG CleanerJava9:71 ? java.nio.ByteBuffer.cleaner(): available
2023-04-27 14:07:48 DEBUG PlatformDependent:205 ? -Dio.netty.noPreferDirect: false
2023-04-27 14:07:48 DEBUG PlatformDependent:1010 ? org.jctools-core.MpscChunkedArrayQueue: available
2023-04-27 14:07:48 DEBUG InternalThreadLocalMap:100 ? -Dio.netty.threadLocalMap.stringBuilder.initialSize: 1024
2023-04-27 14:07:48 DEBUG InternalThreadLocalMap:101 ? -Dio.netty.threadLocalMap.stringBuilder.maxSize: 4096
2023-04-27 14:07:49 DEBUG JdkSslContext:83 ? Default protocols (JDK): [TLSv1.3, TLSv1.2] 
2023-04-27 14:07:49 DEBUG JdkSslContext:84 ? Default cipher suites (JDK): [TLS_ECDHE_ECDSA_WITH_AES_256_GCM_SHA384, TLS_ECDHE_ECDSA_WITH_AES_128_GCM_SHA256, TLS_ECDHE_RSA_WITH_AES_128_GCM_SHA256, TLS_ECDHE_RSA_WITH_AES_256_GCM_SHA384, TLS_ECDHE_RSA_WITH_AES_128_CBC_SHA, TLS_ECDHE_RSA_WITH_AES_256_CBC_SHA, TLS_RSA_WITH_AES_128_GCM_SHA256, TLS_RSA_WITH_AES_128_CBC_SHA, TLS_RSA_WITH_AES_256_CBC_SHA, TLS_AES_128_GCM_SHA256, TLS_AES_256_GCM_SHA384]
2023-04-27 14:07:49 DEBUG GlobalEventExecutor:53 ? -Dio.netty.globalEventExecutor.quietPeriodSeconds: 1
2023-04-27 14:07:49 DEBUG MultithreadEventLoopGroup:44 ? -Dio.netty.eventLoopThreads: 16
2023-04-27 14:07:49 DEBUG NioEventLoop:110 ? -Dio.netty.noKeySetOptimization: false
2023-04-27 14:07:49 DEBUG NioEventLoop:111 ? -Dio.netty.selectorAutoRebuildThreshold: 512
2023-04-27 14:07:49 DEBUG PooledByteBufAllocator:157 ? -Dio.netty.allocator.numHeapArenas: 16
2023-04-27 14:07:49 DEBUG PooledByteBufAllocator:158 ? -Dio.netty.allocator.numDirectArenas: 16
2023-04-27 14:07:49 DEBUG PooledByteBufAllocator:160 ? -Dio.netty.allocator.pageSize: 8192
2023-04-27 14:07:49 DEBUG PooledByteBufAllocator:165 ? -Dio.netty.allocator.maxOrder: 9
2023-04-27 14:07:49 DEBUG PooledByteBufAllocator:169 ? -Dio.netty.allocator.chunkSize: 4194304
2023-04-27 14:07:49 DEBUG PooledByteBufAllocator:170 ? -Dio.netty.allocator.smallCacheSize: 256
2023-04-27 14:07:49 DEBUG PooledByteBufAllocator:171 ? -Dio.netty.allocator.normalCacheSize: 64
2023-04-27 14:07:49 DEBUG PooledByteBufAllocator:172 ? -Dio.netty.allocator.maxCachedBufferCapacity: 32768
2023-04-27 14:07:49 DEBUG PooledByteBufAllocator:173 ? -Dio.netty.allocator.cacheTrimInterval: 8192
2023-04-27 14:07:49 DEBUG PooledByteBufAllocator:174 ? -Dio.netty.allocator.cacheTrimIntervalMillis: 0
2023-04-27 14:07:49 DEBUG PooledByteBufAllocator:175 ? -Dio.netty.allocator.useCacheForAllThreads: false
2023-04-27 14:07:49 DEBUG PooledByteBufAllocator:176 ? -Dio.netty.allocator.maxCachedByteBuffersPerChunk: 1023
2023-04-27 14:07:49 DEBUG ByteBufUtil:88 ? -Dio.netty.allocator.type: pooled
2023-04-27 14:07:49 DEBUG ByteBufUtil:97 ? -Dio.netty.threadLocalDirectBufferSize: 0
2023-04-27 14:07:49 DEBUG ByteBufUtil:100 ? -Dio.netty.maxThreadLocalCharBufferSize: 16384
2023-04-27 14:07:49 DEBUG DefaultChannelId:79 ? -Dio.netty.processId: 284 (auto-detected)
2023-04-27 14:07:49 DEBUG NetUtil:148 ? -Djava.net.preferIPv4Stack: false
2023-04-27 14:07:49 DEBUG NetUtil:149 ? -Djava.net.preferIPv6Addresses: false
2023-04-27 14:07:49 DEBUG NetUtilInitializations:145 ? Loopback interface: lo (Software Loopback Interface 1, 127.0.0.1)
2023-04-27 14:07:49 DEBUG NetUtil:206 ? Failed to get SOMAXCONN from sysctl and file \proc\sys\net\core\somaxconn. Default: 200
2023-04-27 14:07:49 DEBUG DefaultChannelId:101 ? -Dio.netty.machineId: 70:c9:4e:ff:fe:a9:98:9d (auto-detected)
2023-04-27 14:07:49 DEBUG AbstractByteBuf:63 ? -Dio.netty.buffer.checkAccessible: true
2023-04-27 14:07:49 DEBUG AbstractByteBuf:64 ? -Dio.netty.buffer.checkBounds: true
2023-04-27 14:07:49 DEBUG ResourceLeakDetectorFactory:196 ? Loaded default ResourceLeakDetector: io.netty.util.ResourceLeakDetector@5ca675de
2023-04-27 14:07:49 DEBUG NettyConnectListener:73 ? Using new Channel '[id: 0x39877188, L:/127.0.0.1:64954 - R:localhost/127.0.0.1:12477]' for 'POST' to '/session'
2023-04-27 14:07:49 DEBUG Recycler:96 ? -Dio.netty.recycler.maxCapacityPerThread: 4096
2023-04-27 14:07:49 DEBUG Recycler:97 ? -Dio.netty.recycler.ratio: 8
2023-04-27 14:07:49 DEBUG Recycler:98 ? -Dio.netty.recycler.chunkSize: 32
2023-04-27 14:07:49 DEBUG Recycler:99 ? -Dio.netty.recycler.blocking: false
2023-04-27 14:07:49 DEBUG Recycler:100 ? -Dio.netty.recycler.batchFastThreadLocalOnly: true
2023-04-27 14:07:50 DEBUG Brotli:38 ? brotli4j not in the classpath; Brotli support will be unavailable.
2023-04-27 14:07:50 DEBUG HttpHandler:70 ? 

Request DefaultHttpRequest(decodeResult: success, version: HTTP/1.1)
POST /session HTTP/1.1
User-Agent: selenium/4.9.0 (java windows)
Content-Length: 254
Content-Type: application/json; charset=utf-8
host: localhost:12477
accept: */*

Response DefaultHttpResponse(decodeResult: success, version: HTTP/1.1)
HTTP/1.1 200 OK
Content-Length: 860
Content-Type: application/json; charset=utf-8
cache-control: no-cache

2023-04-27 14:07:50 DEBUG ChannelManager:270 ? Adding key: http://localhost:12477 for channel [id: 0x39877188, L:/127.0.0.1:64954 - R:localhost/127.0.0.1:12477]
2023-04-27 14:07:51 DEBUG NettyConnectListener:73 ? Using new Channel '[id: 0x868c9780, L:/127.0.0.1:64978 - R:localhost/127.0.0.1:64960]' for 'GET' to '/json/version'
2023-04-27 14:07:51 DEBUG HttpHandler:70 ? 

Request DefaultFullHttpRequest(decodeResult: success, version: HTTP/1.1, content: EmptyByteBufBE)
GET /json/version HTTP/1.1
User-Agent: selenium/4.9.0 (java windows)
host: localhost:64960
accept: */*

Response DefaultHttpResponse(decodeResult: success, version: HTTP/1.1)
HTTP/1.1 200 OK
Content-Security-Policy: frame-ancestors 'none'
Content-Length: 424
Content-Type: application/json; charset=UTF-8

2023-04-27 14:07:51 DEBUG ChannelManager:270 ? Adding key: http://localhost:64960 for channel [id: 0x868c9780, L:/127.0.0.1:64978 - R:localhost/127.0.0.1:64960]
2023-04-27 14:07:51 DEBUG ThreadLocalRandom:214 ? -Dio.netty.initialSeedUniquifier: 0x953ab360430584a9
2023-04-27 14:07:51 DEBUG NettyConnectListener:73 ? Using new Channel '[id: 0x99c32fa2, L:/127.0.0.1:64979 - R:localhost/127.0.0.1:64960]' for 'GET' to '/devtools/browser/6e897e76-9aaf-4c4e-87da-85991d046e17'
2023-04-27 14:07:51 DEBUG WebSocketHandler:105 ? 

Request DefaultFullHttpRequest(decodeResult: success, version: HTTP/1.1, content: EmptyByteBufBE)
GET /devtools/browser/6e897e76-9aaf-4c4e-87da-85991d046e17 HTTP/1.1
upgrade: websocket
connection: upgrade
sec-websocket-key: QMyTzRW6kGWSL2laATcqsg==
sec-websocket-version: 13
origin: http://localhost:64960
host: localhost:64960
accept: */*
user-agent: AHC/2.1

Response DefaultHttpResponse(decodeResult: success, version: HTTP/1.1)
HTTP/1.1 101 WebSocket Protocol Handshake
Upgrade: WebSocket
Connection: Upgrade
Sec-WebSocket-Accept: U7KN0qWW5akgZkG6zsMKhF8Tivk=

2023-04-27 14:07:51 DEBUG DefaultChannelPool:348 ? Entry count for : http://localhost:12477 : 1
2023-04-27 14:07:51 DEBUG DefaultChannelPool:348 ? Entry count for : http://localhost:64960 : 1
2023-04-27 14:07:51 DEBUG NettyRequestSender:593 ? Using pooled Channel '[id: 0x39877188, L:/127.0.0.1:64954 - R:localhost/127.0.0.1:12477]' for 'POST' to 'http://localhost:12477/session/31a3326ae203a42a460c22423385d9c8/window/maximize'
2023-04-27 14:07:51 DEBUG NettyRequestSender:251 ? Using open Channel [id: 0x39877188, L:/127.0.0.1:64954 - R:localhost/127.0.0.1:12477] for POST '/session/31a3326ae203a42a460c22423385d9c8/window/maximize'
2023-04-27 14:07:51 DEBUG HttpHandler:70 ? 

Request DefaultHttpRequest(decodeResult: success, version: HTTP/1.1)
POST /session/31a3326ae203a42a460c22423385d9c8/window/maximize HTTP/1.1
User-Agent: selenium/4.9.0 (java windows)
Content-Length: 3
Content-Type: application/json; charset=utf-8
host: localhost:12477
accept: */*

Response DefaultHttpResponse(decodeResult: success, version: HTTP/1.1)
HTTP/1.1 200 OK
Content-Length: 52
Content-Type: application/json; charset=utf-8
cache-control: no-cache

2023-04-27 14:07:51 DEBUG ChannelManager:270 ? Adding key: http://localhost:12477 for channel [id: 0x39877188, L:/127.0.0.1:64954 - R:localhost/127.0.0.1:12477]
2023-04-27 14:07:51 DEBUG NettyRequestSender:593 ? Using pooled Channel '[id: 0x39877188, L:/127.0.0.1:64954 - R:localhost/127.0.0.1:12477]' for 'POST' to 'http://localhost:12477/session/31a3326ae203a42a460c22423385d9c8/timeouts'
2023-04-27 14:07:51 DEBUG NettyRequestSender:251 ? Using open Channel [id: 0x39877188, L:/127.0.0.1:64954 - R:localhost/127.0.0.1:12477] for POST '/session/31a3326ae203a42a460c22423385d9c8/timeouts'
2023-04-27 14:07:51 DEBUG HttpHandler:70 ? 

Request DefaultHttpRequest(decodeResult: success, version: HTTP/1.1)
POST /session/31a3326ae203a42a460c22423385d9c8/timeouts HTTP/1.1
User-Agent: selenium/4.9.0 (java windows)
Content-Length: 23
Content-Type: application/json; charset=utf-8
host: localhost:12477
accept: */*

Response DefaultHttpResponse(decodeResult: success, version: HTTP/1.1)
HTTP/1.1 200 OK
Content-Length: 14
Content-Type: application/json; charset=utf-8
cache-control: no-cache

2023-04-27 14:07:51 DEBUG ChannelManager:270 ? Adding key: http://localhost:12477 for channel [id: 0x39877188, L:/127.0.0.1:64954 - R:localhost/127.0.0.1:12477]
2023-04-27 14:07:51 DEBUG NettyRequestSender:593 ? Using pooled Channel '[id: 0x39877188, L:/127.0.0.1:64954 - R:localhost/127.0.0.1:12477]' for 'POST' to 'http://localhost:12477/session/31a3326ae203a42a460c22423385d9c8/url'
2023-04-27 14:07:51 DEBUG NettyRequestSender:251 ? Using open Channel [id: 0x39877188, L:/127.0.0.1:64954 - R:localhost/127.0.0.1:12477] for POST '/session/31a3326ae203a42a460c22423385d9c8/url'
2023-04-27 14:07:52 DEBUG DefaultChannelPool:348 ? Entry count for : http://localhost:64960 : 1
2023-04-27 14:07:52 DEBUG HttpHandler:70 ? 

Request DefaultHttpRequest(decodeResult: success, version: HTTP/1.1)
POST /session/31a3326ae203a42a460c22423385d9c8/url HTTP/1.1
User-Agent: selenium/4.9.0 (java windows)
Content-Length: 59
Content-Type: application/json; charset=utf-8
host: localhost:12477
accept: */*

Response DefaultHttpResponse(decodeResult: success, version: HTTP/1.1)
HTTP/1.1 200 OK
Content-Length: 14
Content-Type: application/json; charset=utf-8
cache-control: no-cache

2023-04-27 14:07:52 DEBUG ChannelManager:270 ? Adding key: http://localhost:12477 for channel [id: 0x39877188, L:/127.0.0.1:64954 - R:localhost/127.0.0.1:12477]
2023-04-27 14:07:52 DEBUG NettyRequestSender:593 ? Using pooled Channel '[id: 0x39877188, L:/127.0.0.1:64954 - R:localhost/127.0.0.1:12477]' for 'POST' to 'http://localhost:12477/session/31a3326ae203a42a460c22423385d9c8/element'
2023-04-27 14:07:52 DEBUG NettyRequestSender:251 ? Using open Channel [id: 0x39877188, L:/127.0.0.1:64954 - R:localhost/127.0.0.1:12477] for POST '/session/31a3326ae203a42a460c22423385d9c8/element'
2023-04-27 14:07:52 DEBUG HttpHandler:70 ? 

Request DefaultHttpRequest(decodeResult: success, version: HTTP/1.1)
POST /session/31a3326ae203a42a460c22423385d9c8/element HTTP/1.1
User-Agent: selenium/4.9.0 (java windows)
Content-Length: 72
Content-Type: application/json; charset=utf-8
host: localhost:12477
accept: */*

Response DefaultHttpResponse(decodeResult: success, version: HTTP/1.1)
HTTP/1.1 200 OK
Content-Length: 88
Content-Type: application/json; charset=utf-8
cache-control: no-cache

2023-04-27 14:07:52 DEBUG ChannelManager:270 ? Adding key: http://localhost:12477 for channel [id: 0x39877188, L:/127.0.0.1:64954 - R:localhost/127.0.0.1:12477]
2023-04-27 14:07:52 DEBUG NettyRequestSender:593 ? Using pooled Channel '[id: 0x39877188, L:/127.0.0.1:64954 - R:localhost/127.0.0.1:12477]' for 'POST' to 'http://localhost:12477/session/31a3326ae203a42a460c22423385d9c8/execute/sync'
2023-04-27 14:07:52 DEBUG NettyRequestSender:251 ? Using open Channel [id: 0x39877188, L:/127.0.0.1:64954 - R:localhost/127.0.0.1:12477] for POST '/session/31a3326ae203a42a460c22423385d9c8/execute/sync'
2023-04-27 14:07:52 DEBUG HttpHandler:70 ? 

Request DefaultHttpRequest(decodeResult: success, version: HTTP/1.1)
POST /session/31a3326ae203a42a460c22423385d9c8/execute/sync HTTP/1.1
User-Agent: selenium/4.9.0 (java windows)
Content-Length: 48807
Content-Type: application/json; charset=utf-8
host: localhost:12477
accept: */*

Response DefaultHttpResponse(decodeResult: success, version: HTTP/1.1)
HTTP/1.1 200 OK
Content-Length: 14
Content-Type: application/json; charset=utf-8
cache-control: no-cache

2023-04-27 14:07:52 DEBUG ChannelManager:270 ? Adding key: http://localhost:12477 for channel [id: 0x39877188, L:/127.0.0.1:64954 - R:localhost/127.0.0.1:12477]
2023-04-27 14:07:52 DEBUG NettyRequestSender:593 ? Using pooled Channel '[id: 0x39877188, L:/127.0.0.1:64954 - R:localhost/127.0.0.1:12477]' for 'POST' to 'http://localhost:12477/session/31a3326ae203a42a460c22423385d9c8/element'
2023-04-27 14:07:52 DEBUG NettyRequestSender:251 ? Using open Channel [id: 0x39877188, L:/127.0.0.1:64954 - R:localhost/127.0.0.1:12477] for POST '/session/31a3326ae203a42a460c22423385d9c8/element'
2023-04-27 14:07:52 DEBUG HttpHandler:70 ? 

Request DefaultHttpRequest(decodeResult: success, version: HTTP/1.1)
POST /session/31a3326ae203a42a460c22423385d9c8/element HTTP/1.1
User-Agent: selenium/4.9.0 (java windows)
Content-Length: 69
Content-Type: application/json; charset=utf-8
host: localhost:12477
accept: */*

Response DefaultHttpResponse(decodeResult: success, version: HTTP/1.1)
HTTP/1.1 200 OK
Content-Length: 88
Content-Type: application/json; charset=utf-8
cache-control: no-cache

2023-04-27 14:07:52 DEBUG ChannelManager:270 ? Adding key: http://localhost:12477 for channel [id: 0x39877188, L:/127.0.0.1:64954 - R:localhost/127.0.0.1:12477]
2023-04-27 14:07:52 DEBUG NettyRequestSender:593 ? Using pooled Channel '[id: 0x39877188, L:/127.0.0.1:64954 - R:localhost/127.0.0.1:12477]' for 'POST' to 'http://localhost:12477/session/31a3326ae203a42a460c22423385d9c8/execute/sync'
2023-04-27 14:07:52 DEBUG NettyRequestSender:251 ? Using open Channel [id: 0x39877188, L:/127.0.0.1:64954 - R:localhost/127.0.0.1:12477] for POST '/session/31a3326ae203a42a460c22423385d9c8/execute/sync'
2023-04-27 14:07:52 DEBUG HttpHandler:70 ? 

Request DefaultHttpRequest(decodeResult: success, version: HTTP/1.1)
POST /session/31a3326ae203a42a460c22423385d9c8/execute/sync HTTP/1.1
User-Agent: selenium/4.9.0 (java windows)
Content-Length: 48807
Content-Type: application/json; charset=utf-8
host: localhost:12477
accept: */*

Response DefaultHttpResponse(decodeResult: success, version: HTTP/1.1)
HTTP/1.1 200 OK
Content-Length: 14
Content-Type: application/json; charset=utf-8
cache-control: no-cache

2023-04-27 14:07:52 DEBUG ChannelManager:270 ? Adding key: http://localhost:12477 for channel [id: 0x39877188, L:/127.0.0.1:64954 - R:localhost/127.0.0.1:12477]
2023-04-27 14:07:52 DEBUG NettyRequestSender:593 ? Using pooled Channel '[id: 0x39877188, L:/127.0.0.1:64954 - R:localhost/127.0.0.1:12477]' for 'POST' to 'http://localhost:12477/session/31a3326ae203a42a460c22423385d9c8/element'
2023-04-27 14:07:52 DEBUG NettyRequestSender:251 ? Using open Channel [id: 0x39877188, L:/127.0.0.1:64954 - R:localhost/127.0.0.1:12477] for POST '/session/31a3326ae203a42a460c22423385d9c8/element'
2023-04-27 14:07:52 DEBUG HttpHandler:70 ? 

Request DefaultHttpRequest(decodeResult: success, version: HTTP/1.1)
POST /session/31a3326ae203a42a460c22423385d9c8/element HTTP/1.1
User-Agent: selenium/4.9.0 (java windows)
Content-Length: 71
Content-Type: application/json; charset=utf-8
host: localhost:12477
accept: */*

Response DefaultHttpResponse(decodeResult: success, version: HTTP/1.1)
HTTP/1.1 200 OK
Content-Length: 88
Content-Type: application/json; charset=utf-8
cache-control: no-cache

2023-04-27 14:07:52 DEBUG ChannelManager:270 ? Adding key: http://localhost:12477 for channel [id: 0x39877188, L:/127.0.0.1:64954 - R:localhost/127.0.0.1:12477]
2023-04-27 14:07:52 DEBUG NettyRequestSender:593 ? Using pooled Channel '[id: 0x39877188, L:/127.0.0.1:64954 - R:localhost/127.0.0.1:12477]' for 'POST' to 'http://localhost:12477/session/31a3326ae203a42a460c22423385d9c8/execute/sync'
2023-04-27 14:07:52 DEBUG NettyRequestSender:251 ? Using open Channel [id: 0x39877188, L:/127.0.0.1:64954 - R:localhost/127.0.0.1:12477] for POST '/session/31a3326ae203a42a460c22423385d9c8/execute/sync'
2023-04-27 14:07:52 DEBUG HttpHandler:70 ? 

Request DefaultHttpRequest(decodeResult: success, version: HTTP/1.1)
POST /session/31a3326ae203a42a460c22423385d9c8/execute/sync HTTP/1.1
User-Agent: selenium/4.9.0 (java windows)
Content-Length: 48807
Content-Type: application/json; charset=utf-8
host: localhost:12477
accept: */*

Response DefaultHttpResponse(decodeResult: success, version: HTTP/1.1)
HTTP/1.1 200 OK
Content-Length: 14
Content-Type: application/json; charset=utf-8
cache-control: no-cache

2023-04-27 14:07:52 DEBUG ChannelManager:270 ? Adding key: http://localhost:12477 for channel [id: 0x39877188, L:/127.0.0.1:64954 - R:localhost/127.0.0.1:12477]
2023-04-27 14:07:52 DEBUG NettyRequestSender:593 ? Using pooled Channel '[id: 0x39877188, L:/127.0.0.1:64954 - R:localhost/127.0.0.1:12477]' for 'POST' to 'http://localhost:12477/session/31a3326ae203a42a460c22423385d9c8/element'
2023-04-27 14:07:52 DEBUG NettyRequestSender:251 ? Using open Channel [id: 0x39877188, L:/127.0.0.1:64954 - R:localhost/127.0.0.1:12477] for POST '/session/31a3326ae203a42a460c22423385d9c8/element'
2023-04-27 14:07:52 DEBUG HttpHandler:70 ? 

Request DefaultHttpRequest(decodeResult: success, version: HTTP/1.1)
POST /session/31a3326ae203a42a460c22423385d9c8/element HTTP/1.1
User-Agent: selenium/4.9.0 (java windows)
Content-Length: 72
Content-Type: application/json; charset=utf-8
host: localhost:12477
accept: */*

Response DefaultHttpResponse(decodeResult: success, version: HTTP/1.1)
HTTP/1.1 200 OK
Content-Length: 88
Content-Type: application/json; charset=utf-8
cache-control: no-cache

2023-04-27 14:07:52 DEBUG ChannelManager:270 ? Adding key: http://localhost:12477 for channel [id: 0x39877188, L:/127.0.0.1:64954 - R:localhost/127.0.0.1:12477]
2023-04-27 14:07:52 DEBUG NettyRequestSender:593 ? Using pooled Channel '[id: 0x39877188, L:/127.0.0.1:64954 - R:localhost/127.0.0.1:12477]' for 'POST' to 'http://localhost:12477/session/31a3326ae203a42a460c22423385d9c8/execute/sync'
2023-04-27 14:07:52 DEBUG NettyRequestSender:251 ? Using open Channel [id: 0x39877188, L:/127.0.0.1:64954 - R:localhost/127.0.0.1:12477] for POST '/session/31a3326ae203a42a460c22423385d9c8/execute/sync'
2023-04-27 14:07:52 DEBUG HttpHandler:70 ? 

Request DefaultHttpRequest(decodeResult: success, version: HTTP/1.1)
POST /session/31a3326ae203a42a460c22423385d9c8/execute/sync HTTP/1.1
User-Agent: selenium/4.9.0 (java windows)
Content-Length: 48807
Content-Type: application/json; charset=utf-8
host: localhost:12477
accept: */*

Response DefaultHttpResponse(decodeResult: success, version: HTTP/1.1)
HTTP/1.1 200 OK
Content-Length: 14
Content-Type: application/json; charset=utf-8
cache-control: no-cache

2023-04-27 14:07:52 DEBUG ChannelManager:270 ? Adding key: http://localhost:12477 for channel [id: 0x39877188, L:/127.0.0.1:64954 - R:localhost/127.0.0.1:12477]
2023-04-27 14:07:52 DEBUG NettyRequestSender:593 ? Using pooled Channel '[id: 0x39877188, L:/127.0.0.1:64954 - R:localhost/127.0.0.1:12477]' for 'POST' to 'http://localhost:12477/session/31a3326ae203a42a460c22423385d9c8/element'
2023-04-27 14:07:52 DEBUG NettyRequestSender:251 ? Using open Channel [id: 0x39877188, L:/127.0.0.1:64954 - R:localhost/127.0.0.1:12477] for POST '/session/31a3326ae203a42a460c22423385d9c8/element'
2023-04-27 14:07:52 DEBUG HttpHandler:70 ? 

Request DefaultHttpRequest(decodeResult: success, version: HTTP/1.1)
POST /session/31a3326ae203a42a460c22423385d9c8/element HTTP/1.1
User-Agent: selenium/4.9.0 (java windows)
Content-Length: 69
Content-Type: application/json; charset=utf-8
host: localhost:12477
accept: */*

Response DefaultHttpResponse(decodeResult: success, version: HTTP/1.1)
HTTP/1.1 200 OK
Content-Length: 88
Content-Type: application/json; charset=utf-8
cache-control: no-cache

2023-04-27 14:07:52 DEBUG ChannelManager:270 ? Adding key: http://localhost:12477 for channel [id: 0x39877188, L:/127.0.0.1:64954 - R:localhost/127.0.0.1:12477]
2023-04-27 14:07:52 DEBUG NettyRequestSender:593 ? Using pooled Channel '[id: 0x39877188, L:/127.0.0.1:64954 - R:localhost/127.0.0.1:12477]' for 'POST' to 'http://localhost:12477/session/31a3326ae203a42a460c22423385d9c8/execute/sync'
2023-04-27 14:07:52 DEBUG NettyRequestSender:251 ? Using open Channel [id: 0x39877188, L:/127.0.0.1:64954 - R:localhost/127.0.0.1:12477] for POST '/session/31a3326ae203a42a460c22423385d9c8/execute/sync'
2023-04-27 14:07:52 DEBUG HttpHandler:70 ? 

Request DefaultHttpRequest(decodeResult: success, version: HTTP/1.1)
POST /session/31a3326ae203a42a460c22423385d9c8/execute/sync HTTP/1.1
User-Agent: selenium/4.9.0 (java windows)
Content-Length: 48807
Content-Type: application/json; charset=utf-8
host: localhost:12477
accept: */*

Response DefaultHttpResponse(decodeResult: success, version: HTTP/1.1)
HTTP/1.1 200 OK
Content-Length: 14
Content-Type: application/json; charset=utf-8
cache-control: no-cache

2023-04-27 14:07:52 DEBUG ChannelManager:270 ? Adding key: http://localhost:12477 for channel [id: 0x39877188, L:/127.0.0.1:64954 - R:localhost/127.0.0.1:12477]
2023-04-27 14:07:52 DEBUG NettyRequestSender:593 ? Using pooled Channel '[id: 0x39877188, L:/127.0.0.1:64954 - R:localhost/127.0.0.1:12477]' for 'POST' to 'http://localhost:12477/session/31a3326ae203a42a460c22423385d9c8/element'
2023-04-27 14:07:52 DEBUG NettyRequestSender:251 ? Using open Channel [id: 0x39877188, L:/127.0.0.1:64954 - R:localhost/127.0.0.1:12477] for POST '/session/31a3326ae203a42a460c22423385d9c8/element'
2023-04-27 14:07:52 DEBUG HttpHandler:70 ? 

Request DefaultHttpRequest(decodeResult: success, version: HTTP/1.1)
POST /session/31a3326ae203a42a460c22423385d9c8/element HTTP/1.1
User-Agent: selenium/4.9.0 (java windows)
Content-Length: 71
Content-Type: application/json; charset=utf-8
host: localhost:12477
accept: */*

Response DefaultHttpResponse(decodeResult: success, version: HTTP/1.1)
HTTP/1.1 200 OK
Content-Length: 88
Content-Type: application/json; charset=utf-8
cache-control: no-cache

2023-04-27 14:07:52 DEBUG ChannelManager:270 ? Adding key: http://localhost:12477 for channel [id: 0x39877188, L:/127.0.0.1:64954 - R:localhost/127.0.0.1:12477]
2023-04-27 14:07:52 DEBUG NettyRequestSender:593 ? Using pooled Channel '[id: 0x39877188, L:/127.0.0.1:64954 - R:localhost/127.0.0.1:12477]' for 'POST' to 'http://localhost:12477/session/31a3326ae203a42a460c22423385d9c8/execute/sync'
2023-04-27 14:07:52 DEBUG NettyRequestSender:251 ? Using open Channel [id: 0x39877188, L:/127.0.0.1:64954 - R:localhost/127.0.0.1:12477] for POST '/session/31a3326ae203a42a460c22423385d9c8/execute/sync'
2023-04-27 14:07:52 DEBUG HttpHandler:70 ? 

Request DefaultHttpRequest(decodeResult: success, version: HTTP/1.1)
POST /session/31a3326ae203a42a460c22423385d9c8/execute/sync HTTP/1.1
User-Agent: selenium/4.9.0 (java windows)
Content-Length: 48807
Content-Type: application/json; charset=utf-8
host: localhost:12477
accept: */*

Response DefaultHttpResponse(decodeResult: success, version: HTTP/1.1)
HTTP/1.1 200 OK
Content-Length: 14
Content-Type: application/json; charset=utf-8
cache-control: no-cache

2023-04-27 14:07:52 DEBUG ChannelManager:270 ? Adding key: http://localhost:12477 for channel [id: 0x39877188, L:/127.0.0.1:64954 - R:localhost/127.0.0.1:12477]
2023-04-27 14:07:52 DEBUG NettyRequestSender:593 ? Using pooled Channel '[id: 0x39877188, L:/127.0.0.1:64954 - R:localhost/127.0.0.1:12477]' for 'POST' to 'http://localhost:12477/session/31a3326ae203a42a460c22423385d9c8/element'
2023-04-27 14:07:52 DEBUG NettyRequestSender:251 ? Using open Channel [id: 0x39877188, L:/127.0.0.1:64954 - R:localhost/127.0.0.1:12477] for POST '/session/31a3326ae203a42a460c22423385d9c8/element'
2023-04-27 14:07:52 DEBUG HttpHandler:70 ? 

Request DefaultHttpRequest(decodeResult: success, version: HTTP/1.1)
POST /session/31a3326ae203a42a460c22423385d9c8/element HTTP/1.1
User-Agent: selenium/4.9.0 (java windows)
Content-Length: 69
Content-Type: application/json; charset=utf-8
host: localhost:12477
accept: */*

Response DefaultHttpResponse(decodeResult: success, version: HTTP/1.1)
HTTP/1.1 200 OK
Content-Length: 88
Content-Type: application/json; charset=utf-8
cache-control: no-cache

2023-04-27 14:07:52 DEBUG ChannelManager:270 ? Adding key: http://localhost:12477 for channel [id: 0x39877188, L:/127.0.0.1:64954 - R:localhost/127.0.0.1:12477]
2023-04-27 14:07:52 DEBUG NettyRequestSender:593 ? Using pooled Channel '[id: 0x39877188, L:/127.0.0.1:64954 - R:localhost/127.0.0.1:12477]' for 'POST' to 'http://localhost:12477/session/31a3326ae203a42a460c22423385d9c8/actions'
2023-04-27 14:07:52 DEBUG NettyRequestSender:251 ? Using open Channel [id: 0x39877188, L:/127.0.0.1:64954 - R:localhost/127.0.0.1:12477] for POST '/session/31a3326ae203a42a460c22423385d9c8/actions'
2023-04-27 14:07:53 DEBUG HttpHandler:70 ? 

Request DefaultHttpRequest(decodeResult: success, version: HTTP/1.1)
POST /session/31a3326ae203a42a460c22423385d9c8/actions HTTP/1.1
User-Agent: selenium/4.9.0 (java windows)
Content-Length: 2027
Content-Type: application/json; charset=utf-8
host: localhost:12477
accept: */*

Response DefaultHttpResponse(decodeResult: success, version: HTTP/1.1)
HTTP/1.1 200 OK
Content-Length: 14
Content-Type: application/json; charset=utf-8
cache-control: no-cache

2023-04-27 14:07:53 DEBUG ChannelManager:270 ? Adding key: http://localhost:12477 for channel [id: 0x39877188, L:/127.0.0.1:64954 - R:localhost/127.0.0.1:12477]
2023-04-27 14:07:53 DEBUG NettyRequestSender:593 ? Using pooled Channel '[id: 0x39877188, L:/127.0.0.1:64954 - R:localhost/127.0.0.1:12477]' for 'POST' to 'http://localhost:12477/session/31a3326ae203a42a460c22423385d9c8/element'
2023-04-27 14:07:53 DEBUG NettyRequestSender:251 ? Using open Channel [id: 0x39877188, L:/127.0.0.1:64954 - R:localhost/127.0.0.1:12477] for POST '/session/31a3326ae203a42a460c22423385d9c8/element'
2023-04-27 14:07:53 DEBUG HttpHandler:70 ? 

Request DefaultHttpRequest(decodeResult: success, version: HTTP/1.1)
POST /session/31a3326ae203a42a460c22423385d9c8/element HTTP/1.1
User-Agent: selenium/4.9.0 (java windows)
Content-Length: 72
Content-Type: application/json; charset=utf-8
host: localhost:12477
accept: */*

Response DefaultHttpResponse(decodeResult: success, version: HTTP/1.1)
HTTP/1.1 200 OK
Content-Length: 88
Content-Type: application/json; charset=utf-8
cache-control: no-cache

2023-04-27 14:07:53 DEBUG ChannelManager:270 ? Adding key: http://localhost:12477 for channel [id: 0x39877188, L:/127.0.0.1:64954 - R:localhost/127.0.0.1:12477]
2023-04-27 14:07:53 DEBUG NettyRequestSender:593 ? Using pooled Channel '[id: 0x39877188, L:/127.0.0.1:64954 - R:localhost/127.0.0.1:12477]' for 'POST' to 'http://localhost:12477/session/31a3326ae203a42a460c22423385d9c8/actions'
2023-04-27 14:07:53 DEBUG NettyRequestSender:251 ? Using open Channel [id: 0x39877188, L:/127.0.0.1:64954 - R:localhost/127.0.0.1:12477] for POST '/session/31a3326ae203a42a460c22423385d9c8/actions'
2023-04-27 14:07:53 DEBUG HttpHandler:70 ? 

Request DefaultHttpRequest(decodeResult: success, version: HTTP/1.1)
POST /session/31a3326ae203a42a460c22423385d9c8/actions HTTP/1.1
User-Agent: selenium/4.9.0 (java windows)
Content-Length: 3467
Content-Type: application/json; charset=utf-8
host: localhost:12477
accept: */*

Response DefaultHttpResponse(decodeResult: success, version: HTTP/1.1)
HTTP/1.1 200 OK
Content-Length: 14
Content-Type: application/json; charset=utf-8
cache-control: no-cache

2023-04-27 14:07:53 DEBUG ChannelManager:270 ? Adding key: http://localhost:12477 for channel [id: 0x39877188, L:/127.0.0.1:64954 - R:localhost/127.0.0.1:12477]
2023-04-27 14:07:53 DEBUG NettyRequestSender:593 ? Using pooled Channel '[id: 0x39877188, L:/127.0.0.1:64954 - R:localhost/127.0.0.1:12477]' for 'POST' to 'http://localhost:12477/session/31a3326ae203a42a460c22423385d9c8/element'
2023-04-27 14:07:53 DEBUG NettyRequestSender:251 ? Using open Channel [id: 0x39877188, L:/127.0.0.1:64954 - R:localhost/127.0.0.1:12477] for POST '/session/31a3326ae203a42a460c22423385d9c8/element'
2023-04-27 14:07:53 DEBUG HttpHandler:70 ? 

Request DefaultHttpRequest(decodeResult: success, version: HTTP/1.1)
POST /session/31a3326ae203a42a460c22423385d9c8/element HTTP/1.1
User-Agent: selenium/4.9.0 (java windows)
Content-Length: 71
Content-Type: application/json; charset=utf-8
host: localhost:12477
accept: */*

Response DefaultHttpResponse(decodeResult: success, version: HTTP/1.1)
HTTP/1.1 200 OK
Content-Length: 88
Content-Type: application/json; charset=utf-8
cache-control: no-cache

2023-04-27 14:07:53 DEBUG ChannelManager:270 ? Adding key: http://localhost:12477 for channel [id: 0x39877188, L:/127.0.0.1:64954 - R:localhost/127.0.0.1:12477]
2023-04-27 14:07:53 DEBUG NettyRequestSender:593 ? Using pooled Channel '[id: 0x39877188, L:/127.0.0.1:64954 - R:localhost/127.0.0.1:12477]' for 'POST' to 'http://localhost:12477/session/31a3326ae203a42a460c22423385d9c8/actions'
2023-04-27 14:07:53 DEBUG NettyRequestSender:251 ? Using open Channel [id: 0x39877188, L:/127.0.0.1:64954 - R:localhost/127.0.0.1:12477] for POST '/session/31a3326ae203a42a460c22423385d9c8/actions'
2023-04-27 14:07:53 DEBUG HttpHandler:70 ? 

Request DefaultHttpRequest(decodeResult: success, version: HTTP/1.1)
POST /session/31a3326ae203a42a460c22423385d9c8/actions HTTP/1.1
User-Agent: selenium/4.9.0 (java windows)
Content-Length: 567
Content-Type: application/json; charset=utf-8
host: localhost:12477
accept: */*

Response DefaultHttpResponse(decodeResult: success, version: HTTP/1.1)
HTTP/1.1 200 OK
Content-Length: 14
Content-Type: application/json; charset=utf-8
cache-control: no-cache

2023-04-27 14:07:53 DEBUG ChannelManager:270 ? Adding key: http://localhost:12477 for channel [id: 0x39877188, L:/127.0.0.1:64954 - R:localhost/127.0.0.1:12477]
2023-04-27 14:07:53 DEBUG NettyRequestSender:593 ? Using pooled Channel '[id: 0x39877188, L:/127.0.0.1:64954 - R:localhost/127.0.0.1:12477]' for 'POST' to 'http://localhost:12477/session/31a3326ae203a42a460c22423385d9c8/element'
2023-04-27 14:07:53 DEBUG NettyRequestSender:251 ? Using open Channel [id: 0x39877188, L:/127.0.0.1:64954 - R:localhost/127.0.0.1:12477] for POST '/session/31a3326ae203a42a460c22423385d9c8/element'
2023-04-27 14:07:53 DEBUG DefaultChannelPool:348 ? Entry count for : http://localhost:64960 : 1
2023-04-27 14:07:54 DEBUG HttpHandler:70 ? 

Request DefaultHttpRequest(decodeResult: success, version: HTTP/1.1)
POST /session/31a3326ae203a42a460c22423385d9c8/element HTTP/1.1
User-Agent: selenium/4.9.0 (java windows)
Content-Length: 73
Content-Type: application/json; charset=utf-8
host: localhost:12477
accept: */*

Response DefaultHttpResponse(decodeResult: success, version: HTTP/1.1)
HTTP/1.1 200 OK
Content-Length: 88
Content-Type: application/json; charset=utf-8
cache-control: no-cache

2023-04-27 14:07:54 DEBUG ChannelManager:270 ? Adding key: http://localhost:12477 for channel [id: 0x39877188, L:/127.0.0.1:64954 - R:localhost/127.0.0.1:12477]
2023-04-27 14:07:54 DEBUG NettyRequestSender:593 ? Using pooled Channel '[id: 0x39877188, L:/127.0.0.1:64954 - R:localhost/127.0.0.1:12477]' for 'POST' to 'http://localhost:12477/session/31a3326ae203a42a460c22423385d9c8/execute/sync'
2023-04-27 14:07:54 DEBUG NettyRequestSender:251 ? Using open Channel [id: 0x39877188, L:/127.0.0.1:64954 - R:localhost/127.0.0.1:12477] for POST '/session/31a3326ae203a42a460c22423385d9c8/execute/sync'
2023-04-27 14:07:54 DEBUG HttpHandler:70 ? 

Request DefaultHttpRequest(decodeResult: success, version: HTTP/1.1)
POST /session/31a3326ae203a42a460c22423385d9c8/execute/sync HTTP/1.1
User-Agent: selenium/4.9.0 (java windows)
Content-Length: 48807
Content-Type: application/json; charset=utf-8
host: localhost:12477
accept: */*

Response DefaultHttpResponse(decodeResult: success, version: HTTP/1.1)
HTTP/1.1 200 OK
Content-Length: 14
Content-Type: application/json; charset=utf-8
cache-control: no-cache

2023-04-27 14:07:54 DEBUG ChannelManager:270 ? Adding key: http://localhost:12477 for channel [id: 0x39877188, L:/127.0.0.1:64954 - R:localhost/127.0.0.1:12477]
2023-04-27 14:07:54 DEBUG NettyRequestSender:593 ? Using pooled Channel '[id: 0x39877188, L:/127.0.0.1:64954 - R:localhost/127.0.0.1:12477]' for 'POST' to 'http://localhost:12477/session/31a3326ae203a42a460c22423385d9c8/element'
2023-04-27 14:07:54 DEBUG NettyRequestSender:251 ? Using open Channel [id: 0x39877188, L:/127.0.0.1:64954 - R:localhost/127.0.0.1:12477] for POST '/session/31a3326ae203a42a460c22423385d9c8/element'
2023-04-27 14:07:54 DEBUG HttpHandler:70 ? 

Request DefaultHttpRequest(decodeResult: success, version: HTTP/1.1)
POST /session/31a3326ae203a42a460c22423385d9c8/element HTTP/1.1
User-Agent: selenium/4.9.0 (java windows)
Content-Length: 67
Content-Type: application/json; charset=utf-8
host: localhost:12477
accept: */*

Response DefaultHttpResponse(decodeResult: success, version: HTTP/1.1)
HTTP/1.1 200 OK
Content-Length: 88
Content-Type: application/json; charset=utf-8
cache-control: no-cache

2023-04-27 14:07:54 DEBUG ChannelManager:270 ? Adding key: http://localhost:12477 for channel [id: 0x39877188, L:/127.0.0.1:64954 - R:localhost/127.0.0.1:12477]
2023-04-27 14:07:54 DEBUG NettyRequestSender:593 ? Using pooled Channel '[id: 0x39877188, L:/127.0.0.1:64954 - R:localhost/127.0.0.1:12477]' for 'POST' to 'http://localhost:12477/session/31a3326ae203a42a460c22423385d9c8/execute/sync'
2023-04-27 14:07:54 DEBUG NettyRequestSender:251 ? Using open Channel [id: 0x39877188, L:/127.0.0.1:64954 - R:localhost/127.0.0.1:12477] for POST '/session/31a3326ae203a42a460c22423385d9c8/execute/sync'
2023-04-27 14:07:54 DEBUG HttpHandler:70 ? 

Request DefaultHttpRequest(decodeResult: success, version: HTTP/1.1)
POST /session/31a3326ae203a42a460c22423385d9c8/execute/sync HTTP/1.1
User-Agent: selenium/4.9.0 (java windows)
Content-Length: 48807
Content-Type: application/json; charset=utf-8
host: localhost:12477
accept: */*

Response DefaultHttpResponse(decodeResult: success, version: HTTP/1.1)
HTTP/1.1 200 OK
Content-Length: 14
Content-Type: application/json; charset=utf-8
cache-control: no-cache

2023-04-27 14:07:54 DEBUG ChannelManager:270 ? Adding key: http://localhost:12477 for channel [id: 0x39877188, L:/127.0.0.1:64954 - R:localhost/127.0.0.1:12477]
2023-04-27 14:07:54 DEBUG NettyRequestSender:593 ? Using pooled Channel '[id: 0x39877188, L:/127.0.0.1:64954 - R:localhost/127.0.0.1:12477]' for 'POST' to 'http://localhost:12477/session/31a3326ae203a42a460c22423385d9c8/element'
2023-04-27 14:07:54 DEBUG NettyRequestSender:251 ? Using open Channel [id: 0x39877188, L:/127.0.0.1:64954 - R:localhost/127.0.0.1:12477] for POST '/session/31a3326ae203a42a460c22423385d9c8/element'
2023-04-27 14:07:54 DEBUG HttpHandler:70 ? 

Request DefaultHttpRequest(decodeResult: success, version: HTTP/1.1)
POST /session/31a3326ae203a42a460c22423385d9c8/element HTTP/1.1
User-Agent: selenium/4.9.0 (java windows)
Content-Length: 67
Content-Type: application/json; charset=utf-8
host: localhost:12477
accept: */*

Response DefaultHttpResponse(decodeResult: success, version: HTTP/1.1)
HTTP/1.1 200 OK
Content-Length: 88
Content-Type: application/json; charset=utf-8
cache-control: no-cache

2023-04-27 14:07:54 DEBUG ChannelManager:270 ? Adding key: http://localhost:12477 for channel [id: 0x39877188, L:/127.0.0.1:64954 - R:localhost/127.0.0.1:12477]
2023-04-27 14:07:54 DEBUG NettyRequestSender:593 ? Using pooled Channel '[id: 0x39877188, L:/127.0.0.1:64954 - R:localhost/127.0.0.1:12477]' for 'POST' to 'http://localhost:12477/session/31a3326ae203a42a460c22423385d9c8/actions'
2023-04-27 14:07:54 DEBUG NettyRequestSender:251 ? Using open Channel [id: 0x39877188, L:/127.0.0.1:64954 - R:localhost/127.0.0.1:12477] for POST '/session/31a3326ae203a42a460c22423385d9c8/actions'
2023-04-27 14:07:54 DEBUG HttpHandler:70 ? 

Request DefaultHttpRequest(decodeResult: success, version: HTTP/1.1)
POST /session/31a3326ae203a42a460c22423385d9c8/actions HTTP/1.1
User-Agent: selenium/4.9.0 (java windows)
Content-Length: 567
Content-Type: application/json; charset=utf-8
host: localhost:12477
accept: */*

Response DefaultHttpResponse(decodeResult: success, version: HTTP/1.1)
HTTP/1.1 200 OK
Content-Length: 14
Content-Type: application/json; charset=utf-8
cache-control: no-cache

2023-04-27 14:07:54 DEBUG ChannelManager:270 ? Adding key: http://localhost:12477 for channel [id: 0x39877188, L:/127.0.0.1:64954 - R:localhost/127.0.0.1:12477]
2023-04-27 14:07:54 DEBUG NettyRequestSender:593 ? Using pooled Channel '[id: 0x39877188, L:/127.0.0.1:64954 - R:localhost/127.0.0.1:12477]' for 'POST' to 'http://localhost:12477/session/31a3326ae203a42a460c22423385d9c8/element'
2023-04-27 14:07:54 DEBUG NettyRequestSender:251 ? Using open Channel [id: 0x39877188, L:/127.0.0.1:64954 - R:localhost/127.0.0.1:12477] for POST '/session/31a3326ae203a42a460c22423385d9c8/element'
2023-04-27 14:07:54 DEBUG DefaultChannelPool:348 ? Entry count for : http://localhost:64960 : 1
2023-04-27 14:07:55 DEBUG DefaultChannelPool:348 ? Entry count for : http://localhost:64960 : 1
2023-04-27 14:07:56 DEBUG DefaultChannelPool:348 ? Entry count for : http://localhost:64960 : 1
2023-04-27 14:07:57 DEBUG DefaultChannelPool:348 ? Entry count for : http://localhost:64960 : 1
2023-04-27 14:07:59 DEBUG DefaultChannelPool:348 ? Entry count for : http://localhost:64960 : 1
2023-04-27 14:08:00 DEBUG DefaultChannelPool:348 ? Entry count for : http://localhost:64960 : 1
2023-04-27 14:08:01 DEBUG DefaultChannelPool:348 ? Entry count for : http://localhost:64960 : 1
2023-04-27 14:08:02 DEBUG DefaultChannelPool:348 ? Entry count for : http://localhost:64960 : 1
2023-04-27 14:08:03 DEBUG DefaultChannelPool:348 ? Entry count for : http://localhost:64960 : 1
2023-04-27 14:08:04 DEBUG DefaultChannelPool:348 ? Entry count for : http://localhost:64960 : 1
2023-04-27 14:08:05 DEBUG DefaultChannelPool:348 ? Entry count for : http://localhost:64960 : 1
2023-04-27 14:08:06 DEBUG DefaultChannelPool:348 ? Entry count for : http://localhost:64960 : 1
2023-04-27 14:08:07 DEBUG DefaultChannelPool:348 ? Entry count for : http://localhost:64960 : 1
2023-04-27 14:08:08 DEBUG DefaultChannelPool:348 ? Entry count for : http://localhost:64960 : 1
2023-04-27 14:08:10 DEBUG DefaultChannelPool:348 ? Entry count for : http://localhost:64960 : 1
2023-04-27 14:08:11 DEBUG DefaultChannelPool:348 ? Entry count for : http://localhost:64960 : 1
2023-04-27 14:09:02 DEBUG InternalLoggerFactory:63 ? Using SLF4J as the default logging framework
2023-04-27 14:09:02 DEBUG ResourceLeakDetector:129 ? -Dio.netty.leakDetection.level: simple
2023-04-27 14:09:02 DEBUG ResourceLeakDetector:130 ? -Dio.netty.leakDetection.targetRecords: 4
2023-04-27 14:09:02 DEBUG ResourceLeakDetectorFactory:196 ? Loaded default ResourceLeakDetector: io.netty.util.ResourceLeakDetector@495083a0
2023-04-27 14:09:02 DEBUG PlatformDependent0:496 ? -Dio.netty.noUnsafe: false
2023-04-27 14:09:02 DEBUG PlatformDependent0:1000 ? Java version: 19
2023-04-27 14:09:02 DEBUG PlatformDependent0:137 ? sun.misc.Unsafe.theUnsafe: available
2023-04-27 14:09:02 DEBUG PlatformDependent0:161 ? sun.misc.Unsafe.copyMemory: available
2023-04-27 14:09:02 DEBUG PlatformDependent0:193 ? sun.misc.Unsafe.storeFence: available
2023-04-27 14:09:02 DEBUG PlatformDependent0:236 ? java.nio.Buffer.address: available
2023-04-27 14:09:02 DEBUG PlatformDependent0:320 ? direct buffer constructor: unavailable: Reflective setAccessible(true) disabled
2023-04-27 14:09:02 DEBUG PlatformDependent0:385 ? java.nio.Bits.unaligned: available, true
2023-04-27 14:09:02 DEBUG PlatformDependent0:452 ? jdk.internal.misc.Unsafe.allocateUninitializedArray(int): unavailable: class io.netty.util.internal.PlatformDependent0$7 cannot access class jdk.internal.misc.Unsafe (in module java.base) because module java.base does not export jdk.internal.misc to unnamed module @5679c6c6
2023-04-27 14:09:02 DEBUG PlatformDependent0:482 ? java.nio.DirectByteBuffer.<init>(long, int): unavailable
2023-04-27 14:09:02 DEBUG PlatformDependent:1159 ? sun.misc.Unsafe: available
2023-04-27 14:09:02 DEBUG PlatformDependent:1270 ? maxDirectMemory: 5339348992 bytes (maybe)
2023-04-27 14:09:02 DEBUG PlatformDependent:1289 ? -Dio.netty.tmpdir: C:\Users\rohit\AppData\Local\Temp (java.io.tmpdir)
2023-04-27 14:09:02 DEBUG PlatformDependent:1368 ? -Dio.netty.bitMode: 64 (sun.arch.data.model)
2023-04-27 14:09:02 DEBUG PlatformDependent:1119 ? Platform: Windows
2023-04-27 14:09:02 DEBUG PlatformDependent:178 ? -Dio.netty.maxDirectMemory: -1 bytes
2023-04-27 14:09:02 DEBUG PlatformDependent:185 ? -Dio.netty.uninitializedArrayAllocationThreshold: -1
2023-04-27 14:09:02 DEBUG CleanerJava9:71 ? java.nio.ByteBuffer.cleaner(): available
2023-04-27 14:09:02 DEBUG PlatformDependent:205 ? -Dio.netty.noPreferDirect: false
2023-04-27 14:09:02 DEBUG PlatformDependent:1010 ? org.jctools-core.MpscChunkedArrayQueue: available
2023-04-27 14:09:03 DEBUG InternalThreadLocalMap:100 ? -Dio.netty.threadLocalMap.stringBuilder.initialSize: 1024
2023-04-27 14:09:03 DEBUG InternalThreadLocalMap:101 ? -Dio.netty.threadLocalMap.stringBuilder.maxSize: 4096
2023-04-27 14:09:03 DEBUG JdkSslContext:83 ? Default protocols (JDK): [TLSv1.3, TLSv1.2] 
2023-04-27 14:09:03 DEBUG JdkSslContext:84 ? Default cipher suites (JDK): [TLS_ECDHE_ECDSA_WITH_AES_256_GCM_SHA384, TLS_ECDHE_ECDSA_WITH_AES_128_GCM_SHA256, TLS_ECDHE_RSA_WITH_AES_128_GCM_SHA256, TLS_ECDHE_RSA_WITH_AES_256_GCM_SHA384, TLS_ECDHE_RSA_WITH_AES_128_CBC_SHA, TLS_ECDHE_RSA_WITH_AES_256_CBC_SHA, TLS_RSA_WITH_AES_128_GCM_SHA256, TLS_RSA_WITH_AES_128_CBC_SHA, TLS_RSA_WITH_AES_256_CBC_SHA, TLS_AES_128_GCM_SHA256, TLS_AES_256_GCM_SHA384]
2023-04-27 14:09:03 DEBUG GlobalEventExecutor:53 ? -Dio.netty.globalEventExecutor.quietPeriodSeconds: 1
2023-04-27 14:09:03 DEBUG MultithreadEventLoopGroup:44 ? -Dio.netty.eventLoopThreads: 16
2023-04-27 14:09:03 DEBUG NioEventLoop:110 ? -Dio.netty.noKeySetOptimization: false
2023-04-27 14:09:03 DEBUG NioEventLoop:111 ? -Dio.netty.selectorAutoRebuildThreshold: 512
2023-04-27 14:09:03 DEBUG PooledByteBufAllocator:157 ? -Dio.netty.allocator.numHeapArenas: 16
2023-04-27 14:09:03 DEBUG PooledByteBufAllocator:158 ? -Dio.netty.allocator.numDirectArenas: 16
2023-04-27 14:09:03 DEBUG PooledByteBufAllocator:160 ? -Dio.netty.allocator.pageSize: 8192
2023-04-27 14:09:03 DEBUG PooledByteBufAllocator:165 ? -Dio.netty.allocator.maxOrder: 9
2023-04-27 14:09:03 DEBUG PooledByteBufAllocator:169 ? -Dio.netty.allocator.chunkSize: 4194304
2023-04-27 14:09:03 DEBUG PooledByteBufAllocator:170 ? -Dio.netty.allocator.smallCacheSize: 256
2023-04-27 14:09:03 DEBUG PooledByteBufAllocator:171 ? -Dio.netty.allocator.normalCacheSize: 64
2023-04-27 14:09:03 DEBUG PooledByteBufAllocator:172 ? -Dio.netty.allocator.maxCachedBufferCapacity: 32768
2023-04-27 14:09:03 DEBUG PooledByteBufAllocator:173 ? -Dio.netty.allocator.cacheTrimInterval: 8192
2023-04-27 14:09:03 DEBUG PooledByteBufAllocator:174 ? -Dio.netty.allocator.cacheTrimIntervalMillis: 0
2023-04-27 14:09:03 DEBUG PooledByteBufAllocator:175 ? -Dio.netty.allocator.useCacheForAllThreads: false
2023-04-27 14:09:03 DEBUG PooledByteBufAllocator:176 ? -Dio.netty.allocator.maxCachedByteBuffersPerChunk: 1023
2023-04-27 14:09:03 DEBUG ByteBufUtil:88 ? -Dio.netty.allocator.type: pooled
2023-04-27 14:09:03 DEBUG ByteBufUtil:97 ? -Dio.netty.threadLocalDirectBufferSize: 0
2023-04-27 14:09:03 DEBUG ByteBufUtil:100 ? -Dio.netty.maxThreadLocalCharBufferSize: 16384
2023-04-27 14:09:03 DEBUG DefaultChannelId:79 ? -Dio.netty.processId: 30928 (auto-detected)
2023-04-27 14:09:03 DEBUG NetUtil:148 ? -Djava.net.preferIPv4Stack: false
2023-04-27 14:09:03 DEBUG NetUtil:149 ? -Djava.net.preferIPv6Addresses: false
2023-04-27 14:09:03 DEBUG NetUtilInitializations:145 ? Loopback interface: lo (Software Loopback Interface 1, 127.0.0.1)
2023-04-27 14:09:03 DEBUG NetUtil:206 ? Failed to get SOMAXCONN from sysctl and file \proc\sys\net\core\somaxconn. Default: 200
2023-04-27 14:09:03 DEBUG DefaultChannelId:101 ? -Dio.netty.machineId: 70:c9:4e:ff:fe:a9:98:9d (auto-detected)
2023-04-27 14:09:03 DEBUG AbstractByteBuf:63 ? -Dio.netty.buffer.checkAccessible: true
2023-04-27 14:09:03 DEBUG AbstractByteBuf:64 ? -Dio.netty.buffer.checkBounds: true
2023-04-27 14:09:03 DEBUG ResourceLeakDetectorFactory:196 ? Loaded default ResourceLeakDetector: io.netty.util.ResourceLeakDetector@5ca675de
2023-04-27 14:09:03 DEBUG NettyConnectListener:73 ? Using new Channel '[id: 0xb4dfd0af, L:/127.0.0.1:65149 - R:localhost/127.0.0.1:9367]' for 'POST' to '/session'
2023-04-27 14:09:03 DEBUG Recycler:96 ? -Dio.netty.recycler.maxCapacityPerThread: 4096
2023-04-27 14:09:03 DEBUG Recycler:97 ? -Dio.netty.recycler.ratio: 8
2023-04-27 14:09:03 DEBUG Recycler:98 ? -Dio.netty.recycler.chunkSize: 32
2023-04-27 14:09:03 DEBUG Recycler:99 ? -Dio.netty.recycler.blocking: false
2023-04-27 14:09:03 DEBUG Recycler:100 ? -Dio.netty.recycler.batchFastThreadLocalOnly: true
2023-04-27 14:09:04 DEBUG Brotli:38 ? brotli4j not in the classpath; Brotli support will be unavailable.
2023-04-27 14:09:04 DEBUG HttpHandler:70 ? 

Request DefaultHttpRequest(decodeResult: success, version: HTTP/1.1)
POST /session HTTP/1.1
User-Agent: selenium/4.9.0 (java windows)
Content-Length: 254
Content-Type: application/json; charset=utf-8
host: localhost:9367
accept: */*

Response DefaultHttpResponse(decodeResult: success, version: HTTP/1.1)
HTTP/1.1 200 OK
Content-Length: 860
Content-Type: application/json; charset=utf-8
cache-control: no-cache

2023-04-27 14:09:04 DEBUG ChannelManager:270 ? Adding key: http://localhost:9367 for channel [id: 0xb4dfd0af, L:/127.0.0.1:65149 - R:localhost/127.0.0.1:9367]
2023-04-27 14:09:05 DEBUG NettyConnectListener:73 ? Using new Channel '[id: 0x1ebf5b03, L:/127.0.0.1:65170 - R:localhost/127.0.0.1:65153]' for 'GET' to '/json/version'
2023-04-27 14:09:05 DEBUG HttpHandler:70 ? 

Request DefaultFullHttpRequest(decodeResult: success, version: HTTP/1.1, content: EmptyByteBufBE)
GET /json/version HTTP/1.1
User-Agent: selenium/4.9.0 (java windows)
host: localhost:65153
accept: */*

Response DefaultHttpResponse(decodeResult: success, version: HTTP/1.1)
HTTP/1.1 200 OK
Content-Security-Policy: frame-ancestors 'none'
Content-Length: 424
Content-Type: application/json; charset=UTF-8

2023-04-27 14:09:05 DEBUG ChannelManager:270 ? Adding key: http://localhost:65153 for channel [id: 0x1ebf5b03, L:/127.0.0.1:65170 - R:localhost/127.0.0.1:65153]
2023-04-27 14:09:05 DEBUG ThreadLocalRandom:214 ? -Dio.netty.initialSeedUniquifier: 0x3a398e73f69b1441
2023-04-27 14:09:05 DEBUG NettyConnectListener:73 ? Using new Channel '[id: 0x345960be, L:/127.0.0.1:65171 - R:localhost/127.0.0.1:65153]' for 'GET' to '/devtools/browser/c52fcd0f-52f2-499a-b224-db9d40b149ac'
2023-04-27 14:09:05 DEBUG WebSocketHandler:105 ? 

Request DefaultFullHttpRequest(decodeResult: success, version: HTTP/1.1, content: EmptyByteBufBE)
GET /devtools/browser/c52fcd0f-52f2-499a-b224-db9d40b149ac HTTP/1.1
upgrade: websocket
connection: upgrade
sec-websocket-key: 5/ioZVgLeaNj1IVi8rBDiA==
sec-websocket-version: 13
origin: http://localhost:65153
host: localhost:65153
accept: */*
user-agent: AHC/2.1

Response DefaultHttpResponse(decodeResult: success, version: HTTP/1.1)
HTTP/1.1 101 WebSocket Protocol Handshake
Upgrade: WebSocket
Connection: Upgrade
Sec-WebSocket-Accept: anP1AqpG8lZVUBPJIKVtZQRFPw4=

2023-04-27 14:09:05 DEBUG NettyRequestSender:593 ? Using pooled Channel '[id: 0xb4dfd0af, L:/127.0.0.1:65149 - R:localhost/127.0.0.1:9367]' for 'POST' to 'http://localhost:9367/session/a79bf8a016e13ba834601ac753e452cb/window/maximize'
2023-04-27 14:09:05 DEBUG NettyRequestSender:251 ? Using open Channel [id: 0xb4dfd0af, L:/127.0.0.1:65149 - R:localhost/127.0.0.1:9367] for POST '/session/a79bf8a016e13ba834601ac753e452cb/window/maximize'
2023-04-27 14:09:05 DEBUG DefaultChannelPool:348 ? Entry count for : http://localhost:65153 : 1
2023-04-27 14:09:05 DEBUG HttpHandler:70 ? 

Request DefaultHttpRequest(decodeResult: success, version: HTTP/1.1)
POST /session/a79bf8a016e13ba834601ac753e452cb/window/maximize HTTP/1.1
User-Agent: selenium/4.9.0 (java windows)
Content-Length: 3
Content-Type: application/json; charset=utf-8
host: localhost:9367
accept: */*

Response DefaultHttpResponse(decodeResult: success, version: HTTP/1.1)
HTTP/1.1 200 OK
Content-Length: 52
Content-Type: application/json; charset=utf-8
cache-control: no-cache

2023-04-27 14:09:05 DEBUG ChannelManager:270 ? Adding key: http://localhost:9367 for channel [id: 0xb4dfd0af, L:/127.0.0.1:65149 - R:localhost/127.0.0.1:9367]
2023-04-27 14:09:05 DEBUG NettyRequestSender:593 ? Using pooled Channel '[id: 0xb4dfd0af, L:/127.0.0.1:65149 - R:localhost/127.0.0.1:9367]' for 'POST' to 'http://localhost:9367/session/a79bf8a016e13ba834601ac753e452cb/timeouts'
2023-04-27 14:09:05 DEBUG NettyRequestSender:251 ? Using open Channel [id: 0xb4dfd0af, L:/127.0.0.1:65149 - R:localhost/127.0.0.1:9367] for POST '/session/a79bf8a016e13ba834601ac753e452cb/timeouts'
2023-04-27 14:09:05 DEBUG HttpHandler:70 ? 

Request DefaultHttpRequest(decodeResult: success, version: HTTP/1.1)
POST /session/a79bf8a016e13ba834601ac753e452cb/timeouts HTTP/1.1
User-Agent: selenium/4.9.0 (java windows)
Content-Length: 23
Content-Type: application/json; charset=utf-8
host: localhost:9367
accept: */*

Response DefaultHttpResponse(decodeResult: success, version: HTTP/1.1)
HTTP/1.1 200 OK
Content-Length: 14
Content-Type: application/json; charset=utf-8
cache-control: no-cache

2023-04-27 14:09:05 DEBUG ChannelManager:270 ? Adding key: http://localhost:9367 for channel [id: 0xb4dfd0af, L:/127.0.0.1:65149 - R:localhost/127.0.0.1:9367]
2023-04-27 14:09:05 DEBUG NettyRequestSender:593 ? Using pooled Channel '[id: 0xb4dfd0af, L:/127.0.0.1:65149 - R:localhost/127.0.0.1:9367]' for 'POST' to 'http://localhost:9367/session/a79bf8a016e13ba834601ac753e452cb/url'
2023-04-27 14:09:05 DEBUG NettyRequestSender:251 ? Using open Channel [id: 0xb4dfd0af, L:/127.0.0.1:65149 - R:localhost/127.0.0.1:9367] for POST '/session/a79bf8a016e13ba834601ac753e452cb/url'
2023-04-27 14:09:06 DEBUG HttpHandler:70 ? 

Request DefaultHttpRequest(decodeResult: success, version: HTTP/1.1)
POST /session/a79bf8a016e13ba834601ac753e452cb/url HTTP/1.1
User-Agent: selenium/4.9.0 (java windows)
Content-Length: 59
Content-Type: application/json; charset=utf-8
host: localhost:9367
accept: */*

Response DefaultHttpResponse(decodeResult: success, version: HTTP/1.1)
HTTP/1.1 200 OK
Content-Length: 14
Content-Type: application/json; charset=utf-8
cache-control: no-cache

2023-04-27 14:09:06 DEBUG ChannelManager:270 ? Adding key: http://localhost:9367 for channel [id: 0xb4dfd0af, L:/127.0.0.1:65149 - R:localhost/127.0.0.1:9367]
2023-04-27 14:09:06 DEBUG NettyRequestSender:593 ? Using pooled Channel '[id: 0xb4dfd0af, L:/127.0.0.1:65149 - R:localhost/127.0.0.1:9367]' for 'POST' to 'http://localhost:9367/session/a79bf8a016e13ba834601ac753e452cb/element'
2023-04-27 14:09:06 DEBUG NettyRequestSender:251 ? Using open Channel [id: 0xb4dfd0af, L:/127.0.0.1:65149 - R:localhost/127.0.0.1:9367] for POST '/session/a79bf8a016e13ba834601ac753e452cb/element'
2023-04-27 14:09:06 DEBUG HttpHandler:70 ? 

Request DefaultHttpRequest(decodeResult: success, version: HTTP/1.1)
POST /session/a79bf8a016e13ba834601ac753e452cb/element HTTP/1.1
User-Agent: selenium/4.9.0 (java windows)
Content-Length: 72
Content-Type: application/json; charset=utf-8
host: localhost:9367
accept: */*

Response DefaultHttpResponse(decodeResult: success, version: HTTP/1.1)
HTTP/1.1 200 OK
Content-Length: 88
Content-Type: application/json; charset=utf-8
cache-control: no-cache

2023-04-27 14:09:06 DEBUG ChannelManager:270 ? Adding key: http://localhost:9367 for channel [id: 0xb4dfd0af, L:/127.0.0.1:65149 - R:localhost/127.0.0.1:9367]
2023-04-27 14:09:06 DEBUG NettyRequestSender:593 ? Using pooled Channel '[id: 0xb4dfd0af, L:/127.0.0.1:65149 - R:localhost/127.0.0.1:9367]' for 'POST' to 'http://localhost:9367/session/a79bf8a016e13ba834601ac753e452cb/execute/sync'
2023-04-27 14:09:06 DEBUG NettyRequestSender:251 ? Using open Channel [id: 0xb4dfd0af, L:/127.0.0.1:65149 - R:localhost/127.0.0.1:9367] for POST '/session/a79bf8a016e13ba834601ac753e452cb/execute/sync'
2023-04-27 14:09:06 DEBUG HttpHandler:70 ? 

Request DefaultHttpRequest(decodeResult: success, version: HTTP/1.1)
POST /session/a79bf8a016e13ba834601ac753e452cb/execute/sync HTTP/1.1
User-Agent: selenium/4.9.0 (java windows)
Content-Length: 48807
Content-Type: application/json; charset=utf-8
host: localhost:9367
accept: */*

Response DefaultHttpResponse(decodeResult: success, version: HTTP/1.1)
HTTP/1.1 200 OK
Content-Length: 14
Content-Type: application/json; charset=utf-8
cache-control: no-cache

2023-04-27 14:09:06 DEBUG ChannelManager:270 ? Adding key: http://localhost:9367 for channel [id: 0xb4dfd0af, L:/127.0.0.1:65149 - R:localhost/127.0.0.1:9367]
2023-04-27 14:09:06 DEBUG NettyRequestSender:593 ? Using pooled Channel '[id: 0xb4dfd0af, L:/127.0.0.1:65149 - R:localhost/127.0.0.1:9367]' for 'POST' to 'http://localhost:9367/session/a79bf8a016e13ba834601ac753e452cb/element'
2023-04-27 14:09:06 DEBUG NettyRequestSender:251 ? Using open Channel [id: 0xb4dfd0af, L:/127.0.0.1:65149 - R:localhost/127.0.0.1:9367] for POST '/session/a79bf8a016e13ba834601ac753e452cb/element'
2023-04-27 14:09:06 DEBUG HttpHandler:70 ? 

Request DefaultHttpRequest(decodeResult: success, version: HTTP/1.1)
POST /session/a79bf8a016e13ba834601ac753e452cb/element HTTP/1.1
User-Agent: selenium/4.9.0 (java windows)
Content-Length: 69
Content-Type: application/json; charset=utf-8
host: localhost:9367
accept: */*

Response DefaultHttpResponse(decodeResult: success, version: HTTP/1.1)
HTTP/1.1 200 OK
Content-Length: 88
Content-Type: application/json; charset=utf-8
cache-control: no-cache

2023-04-27 14:09:06 DEBUG ChannelManager:270 ? Adding key: http://localhost:9367 for channel [id: 0xb4dfd0af, L:/127.0.0.1:65149 - R:localhost/127.0.0.1:9367]
2023-04-27 14:09:06 DEBUG NettyRequestSender:593 ? Using pooled Channel '[id: 0xb4dfd0af, L:/127.0.0.1:65149 - R:localhost/127.0.0.1:9367]' for 'POST' to 'http://localhost:9367/session/a79bf8a016e13ba834601ac753e452cb/execute/sync'
2023-04-27 14:09:06 DEBUG NettyRequestSender:251 ? Using open Channel [id: 0xb4dfd0af, L:/127.0.0.1:65149 - R:localhost/127.0.0.1:9367] for POST '/session/a79bf8a016e13ba834601ac753e452cb/execute/sync'
2023-04-27 14:09:06 DEBUG HttpHandler:70 ? 

Request DefaultHttpRequest(decodeResult: success, version: HTTP/1.1)
POST /session/a79bf8a016e13ba834601ac753e452cb/execute/sync HTTP/1.1
User-Agent: selenium/4.9.0 (java windows)
Content-Length: 48807
Content-Type: application/json; charset=utf-8
host: localhost:9367
accept: */*

Response DefaultHttpResponse(decodeResult: success, version: HTTP/1.1)
HTTP/1.1 200 OK
Content-Length: 14
Content-Type: application/json; charset=utf-8
cache-control: no-cache

2023-04-27 14:09:06 DEBUG ChannelManager:270 ? Adding key: http://localhost:9367 for channel [id: 0xb4dfd0af, L:/127.0.0.1:65149 - R:localhost/127.0.0.1:9367]
2023-04-27 14:09:06 DEBUG NettyRequestSender:593 ? Using pooled Channel '[id: 0xb4dfd0af, L:/127.0.0.1:65149 - R:localhost/127.0.0.1:9367]' for 'POST' to 'http://localhost:9367/session/a79bf8a016e13ba834601ac753e452cb/element'
2023-04-27 14:09:06 DEBUG NettyRequestSender:251 ? Using open Channel [id: 0xb4dfd0af, L:/127.0.0.1:65149 - R:localhost/127.0.0.1:9367] for POST '/session/a79bf8a016e13ba834601ac753e452cb/element'
2023-04-27 14:09:06 DEBUG HttpHandler:70 ? 

Request DefaultHttpRequest(decodeResult: success, version: HTTP/1.1)
POST /session/a79bf8a016e13ba834601ac753e452cb/element HTTP/1.1
User-Agent: selenium/4.9.0 (java windows)
Content-Length: 71
Content-Type: application/json; charset=utf-8
host: localhost:9367
accept: */*

Response DefaultHttpResponse(decodeResult: success, version: HTTP/1.1)
HTTP/1.1 200 OK
Content-Length: 88
Content-Type: application/json; charset=utf-8
cache-control: no-cache

2023-04-27 14:09:06 DEBUG ChannelManager:270 ? Adding key: http://localhost:9367 for channel [id: 0xb4dfd0af, L:/127.0.0.1:65149 - R:localhost/127.0.0.1:9367]
2023-04-27 14:09:06 DEBUG NettyRequestSender:593 ? Using pooled Channel '[id: 0xb4dfd0af, L:/127.0.0.1:65149 - R:localhost/127.0.0.1:9367]' for 'POST' to 'http://localhost:9367/session/a79bf8a016e13ba834601ac753e452cb/execute/sync'
2023-04-27 14:09:06 DEBUG NettyRequestSender:251 ? Using open Channel [id: 0xb4dfd0af, L:/127.0.0.1:65149 - R:localhost/127.0.0.1:9367] for POST '/session/a79bf8a016e13ba834601ac753e452cb/execute/sync'
2023-04-27 14:09:06 DEBUG HttpHandler:70 ? 

Request DefaultHttpRequest(decodeResult: success, version: HTTP/1.1)
POST /session/a79bf8a016e13ba834601ac753e452cb/execute/sync HTTP/1.1
User-Agent: selenium/4.9.0 (java windows)
Content-Length: 48807
Content-Type: application/json; charset=utf-8
host: localhost:9367
accept: */*

Response DefaultHttpResponse(decodeResult: success, version: HTTP/1.1)
HTTP/1.1 200 OK
Content-Length: 14
Content-Type: application/json; charset=utf-8
cache-control: no-cache

2023-04-27 14:09:06 DEBUG ChannelManager:270 ? Adding key: http://localhost:9367 for channel [id: 0xb4dfd0af, L:/127.0.0.1:65149 - R:localhost/127.0.0.1:9367]
2023-04-27 14:09:06 DEBUG NettyRequestSender:593 ? Using pooled Channel '[id: 0xb4dfd0af, L:/127.0.0.1:65149 - R:localhost/127.0.0.1:9367]' for 'POST' to 'http://localhost:9367/session/a79bf8a016e13ba834601ac753e452cb/element'
2023-04-27 14:09:06 DEBUG NettyRequestSender:251 ? Using open Channel [id: 0xb4dfd0af, L:/127.0.0.1:65149 - R:localhost/127.0.0.1:9367] for POST '/session/a79bf8a016e13ba834601ac753e452cb/element'
2023-04-27 14:09:06 DEBUG DefaultChannelPool:348 ? Entry count for : http://localhost:65153 : 1
2023-04-27 14:09:06 DEBUG HttpHandler:70 ? 

Request DefaultHttpRequest(decodeResult: success, version: HTTP/1.1)
POST /session/a79bf8a016e13ba834601ac753e452cb/element HTTP/1.1
User-Agent: selenium/4.9.0 (java windows)
Content-Length: 72
Content-Type: application/json; charset=utf-8
host: localhost:9367
accept: */*

Response DefaultHttpResponse(decodeResult: success, version: HTTP/1.1)
HTTP/1.1 200 OK
Content-Length: 88
Content-Type: application/json; charset=utf-8
cache-control: no-cache

2023-04-27 14:09:06 DEBUG ChannelManager:270 ? Adding key: http://localhost:9367 for channel [id: 0xb4dfd0af, L:/127.0.0.1:65149 - R:localhost/127.0.0.1:9367]
2023-04-27 14:09:06 DEBUG NettyRequestSender:593 ? Using pooled Channel '[id: 0xb4dfd0af, L:/127.0.0.1:65149 - R:localhost/127.0.0.1:9367]' for 'POST' to 'http://localhost:9367/session/a79bf8a016e13ba834601ac753e452cb/execute/sync'
2023-04-27 14:09:06 DEBUG NettyRequestSender:251 ? Using open Channel [id: 0xb4dfd0af, L:/127.0.0.1:65149 - R:localhost/127.0.0.1:9367] for POST '/session/a79bf8a016e13ba834601ac753e452cb/execute/sync'
2023-04-27 14:09:06 DEBUG HttpHandler:70 ? 

Request DefaultHttpRequest(decodeResult: success, version: HTTP/1.1)
POST /session/a79bf8a016e13ba834601ac753e452cb/execute/sync HTTP/1.1
User-Agent: selenium/4.9.0 (java windows)
Content-Length: 48807
Content-Type: application/json; charset=utf-8
host: localhost:9367
accept: */*

Response DefaultHttpResponse(decodeResult: success, version: HTTP/1.1)
HTTP/1.1 200 OK
Content-Length: 14
Content-Type: application/json; charset=utf-8
cache-control: no-cache

2023-04-27 14:09:06 DEBUG ChannelManager:270 ? Adding key: http://localhost:9367 for channel [id: 0xb4dfd0af, L:/127.0.0.1:65149 - R:localhost/127.0.0.1:9367]
2023-04-27 14:09:06 DEBUG NettyRequestSender:593 ? Using pooled Channel '[id: 0xb4dfd0af, L:/127.0.0.1:65149 - R:localhost/127.0.0.1:9367]' for 'POST' to 'http://localhost:9367/session/a79bf8a016e13ba834601ac753e452cb/element'
2023-04-27 14:09:06 DEBUG NettyRequestSender:251 ? Using open Channel [id: 0xb4dfd0af, L:/127.0.0.1:65149 - R:localhost/127.0.0.1:9367] for POST '/session/a79bf8a016e13ba834601ac753e452cb/element'
2023-04-27 14:09:06 DEBUG HttpHandler:70 ? 

Request DefaultHttpRequest(decodeResult: success, version: HTTP/1.1)
POST /session/a79bf8a016e13ba834601ac753e452cb/element HTTP/1.1
User-Agent: selenium/4.9.0 (java windows)
Content-Length: 69
Content-Type: application/json; charset=utf-8
host: localhost:9367
accept: */*

Response DefaultHttpResponse(decodeResult: success, version: HTTP/1.1)
HTTP/1.1 200 OK
Content-Length: 88
Content-Type: application/json; charset=utf-8
cache-control: no-cache

2023-04-27 14:09:06 DEBUG ChannelManager:270 ? Adding key: http://localhost:9367 for channel [id: 0xb4dfd0af, L:/127.0.0.1:65149 - R:localhost/127.0.0.1:9367]
2023-04-27 14:09:06 DEBUG NettyRequestSender:593 ? Using pooled Channel '[id: 0xb4dfd0af, L:/127.0.0.1:65149 - R:localhost/127.0.0.1:9367]' for 'POST' to 'http://localhost:9367/session/a79bf8a016e13ba834601ac753e452cb/execute/sync'
2023-04-27 14:09:06 DEBUG NettyRequestSender:251 ? Using open Channel [id: 0xb4dfd0af, L:/127.0.0.1:65149 - R:localhost/127.0.0.1:9367] for POST '/session/a79bf8a016e13ba834601ac753e452cb/execute/sync'
2023-04-27 14:09:06 DEBUG HttpHandler:70 ? 

Request DefaultHttpRequest(decodeResult: success, version: HTTP/1.1)
POST /session/a79bf8a016e13ba834601ac753e452cb/execute/sync HTTP/1.1
User-Agent: selenium/4.9.0 (java windows)
Content-Length: 48807
Content-Type: application/json; charset=utf-8
host: localhost:9367
accept: */*

Response DefaultHttpResponse(decodeResult: success, version: HTTP/1.1)
HTTP/1.1 200 OK
Content-Length: 14
Content-Type: application/json; charset=utf-8
cache-control: no-cache

2023-04-27 14:09:06 DEBUG ChannelManager:270 ? Adding key: http://localhost:9367 for channel [id: 0xb4dfd0af, L:/127.0.0.1:65149 - R:localhost/127.0.0.1:9367]
2023-04-27 14:09:06 DEBUG NettyRequestSender:593 ? Using pooled Channel '[id: 0xb4dfd0af, L:/127.0.0.1:65149 - R:localhost/127.0.0.1:9367]' for 'POST' to 'http://localhost:9367/session/a79bf8a016e13ba834601ac753e452cb/element'
2023-04-27 14:09:06 DEBUG NettyRequestSender:251 ? Using open Channel [id: 0xb4dfd0af, L:/127.0.0.1:65149 - R:localhost/127.0.0.1:9367] for POST '/session/a79bf8a016e13ba834601ac753e452cb/element'
2023-04-27 14:09:06 DEBUG HttpHandler:70 ? 

Request DefaultHttpRequest(decodeResult: success, version: HTTP/1.1)
POST /session/a79bf8a016e13ba834601ac753e452cb/element HTTP/1.1
User-Agent: selenium/4.9.0 (java windows)
Content-Length: 71
Content-Type: application/json; charset=utf-8
host: localhost:9367
accept: */*

Response DefaultHttpResponse(decodeResult: success, version: HTTP/1.1)
HTTP/1.1 200 OK
Content-Length: 88
Content-Type: application/json; charset=utf-8
cache-control: no-cache

2023-04-27 14:09:06 DEBUG ChannelManager:270 ? Adding key: http://localhost:9367 for channel [id: 0xb4dfd0af, L:/127.0.0.1:65149 - R:localhost/127.0.0.1:9367]
2023-04-27 14:09:06 DEBUG NettyRequestSender:593 ? Using pooled Channel '[id: 0xb4dfd0af, L:/127.0.0.1:65149 - R:localhost/127.0.0.1:9367]' for 'POST' to 'http://localhost:9367/session/a79bf8a016e13ba834601ac753e452cb/execute/sync'
2023-04-27 14:09:06 DEBUG NettyRequestSender:251 ? Using open Channel [id: 0xb4dfd0af, L:/127.0.0.1:65149 - R:localhost/127.0.0.1:9367] for POST '/session/a79bf8a016e13ba834601ac753e452cb/execute/sync'
2023-04-27 14:09:06 DEBUG HttpHandler:70 ? 

Request DefaultHttpRequest(decodeResult: success, version: HTTP/1.1)
POST /session/a79bf8a016e13ba834601ac753e452cb/execute/sync HTTP/1.1
User-Agent: selenium/4.9.0 (java windows)
Content-Length: 48807
Content-Type: application/json; charset=utf-8
host: localhost:9367
accept: */*

Response DefaultHttpResponse(decodeResult: success, version: HTTP/1.1)
HTTP/1.1 200 OK
Content-Length: 14
Content-Type: application/json; charset=utf-8
cache-control: no-cache

2023-04-27 14:09:06 DEBUG ChannelManager:270 ? Adding key: http://localhost:9367 for channel [id: 0xb4dfd0af, L:/127.0.0.1:65149 - R:localhost/127.0.0.1:9367]
2023-04-27 14:09:06 DEBUG NettyRequestSender:593 ? Using pooled Channel '[id: 0xb4dfd0af, L:/127.0.0.1:65149 - R:localhost/127.0.0.1:9367]' for 'POST' to 'http://localhost:9367/session/a79bf8a016e13ba834601ac753e452cb/element'
2023-04-27 14:09:06 DEBUG NettyRequestSender:251 ? Using open Channel [id: 0xb4dfd0af, L:/127.0.0.1:65149 - R:localhost/127.0.0.1:9367] for POST '/session/a79bf8a016e13ba834601ac753e452cb/element'
2023-04-27 14:09:06 DEBUG HttpHandler:70 ? 

Request DefaultHttpRequest(decodeResult: success, version: HTTP/1.1)
POST /session/a79bf8a016e13ba834601ac753e452cb/element HTTP/1.1
User-Agent: selenium/4.9.0 (java windows)
Content-Length: 69
Content-Type: application/json; charset=utf-8
host: localhost:9367
accept: */*

Response DefaultHttpResponse(decodeResult: success, version: HTTP/1.1)
HTTP/1.1 200 OK
Content-Length: 88
Content-Type: application/json; charset=utf-8
cache-control: no-cache

2023-04-27 14:09:06 DEBUG ChannelManager:270 ? Adding key: http://localhost:9367 for channel [id: 0xb4dfd0af, L:/127.0.0.1:65149 - R:localhost/127.0.0.1:9367]
2023-04-27 14:09:06 DEBUG NettyRequestSender:593 ? Using pooled Channel '[id: 0xb4dfd0af, L:/127.0.0.1:65149 - R:localhost/127.0.0.1:9367]' for 'POST' to 'http://localhost:9367/session/a79bf8a016e13ba834601ac753e452cb/actions'
2023-04-27 14:09:06 DEBUG NettyRequestSender:251 ? Using open Channel [id: 0xb4dfd0af, L:/127.0.0.1:65149 - R:localhost/127.0.0.1:9367] for POST '/session/a79bf8a016e13ba834601ac753e452cb/actions'
2023-04-27 14:09:06 DEBUG HttpHandler:70 ? 

Request DefaultHttpRequest(decodeResult: success, version: HTTP/1.1)
POST /session/a79bf8a016e13ba834601ac753e452cb/actions HTTP/1.1
User-Agent: selenium/4.9.0 (java windows)
Content-Length: 2027
Content-Type: application/json; charset=utf-8
host: localhost:9367
accept: */*

Response DefaultHttpResponse(decodeResult: success, version: HTTP/1.1)
HTTP/1.1 200 OK
Content-Length: 14
Content-Type: application/json; charset=utf-8
cache-control: no-cache

2023-04-27 14:09:06 DEBUG ChannelManager:270 ? Adding key: http://localhost:9367 for channel [id: 0xb4dfd0af, L:/127.0.0.1:65149 - R:localhost/127.0.0.1:9367]
2023-04-27 14:09:06 DEBUG NettyRequestSender:593 ? Using pooled Channel '[id: 0xb4dfd0af, L:/127.0.0.1:65149 - R:localhost/127.0.0.1:9367]' for 'POST' to 'http://localhost:9367/session/a79bf8a016e13ba834601ac753e452cb/element'
2023-04-27 14:09:06 DEBUG NettyRequestSender:251 ? Using open Channel [id: 0xb4dfd0af, L:/127.0.0.1:65149 - R:localhost/127.0.0.1:9367] for POST '/session/a79bf8a016e13ba834601ac753e452cb/element'
2023-04-27 14:09:06 DEBUG HttpHandler:70 ? 

Request DefaultHttpRequest(decodeResult: success, version: HTTP/1.1)
POST /session/a79bf8a016e13ba834601ac753e452cb/element HTTP/1.1
User-Agent: selenium/4.9.0 (java windows)
Content-Length: 72
Content-Type: application/json; charset=utf-8
host: localhost:9367
accept: */*

Response DefaultHttpResponse(decodeResult: success, version: HTTP/1.1)
HTTP/1.1 200 OK
Content-Length: 88
Content-Type: application/json; charset=utf-8
cache-control: no-cache

2023-04-27 14:09:06 DEBUG ChannelManager:270 ? Adding key: http://localhost:9367 for channel [id: 0xb4dfd0af, L:/127.0.0.1:65149 - R:localhost/127.0.0.1:9367]
2023-04-27 14:09:06 DEBUG NettyRequestSender:593 ? Using pooled Channel '[id: 0xb4dfd0af, L:/127.0.0.1:65149 - R:localhost/127.0.0.1:9367]' for 'POST' to 'http://localhost:9367/session/a79bf8a016e13ba834601ac753e452cb/actions'
2023-04-27 14:09:06 DEBUG NettyRequestSender:251 ? Using open Channel [id: 0xb4dfd0af, L:/127.0.0.1:65149 - R:localhost/127.0.0.1:9367] for POST '/session/a79bf8a016e13ba834601ac753e452cb/actions'
2023-04-27 14:09:07 DEBUG HttpHandler:70 ? 

Request DefaultHttpRequest(decodeResult: success, version: HTTP/1.1)
POST /session/a79bf8a016e13ba834601ac753e452cb/actions HTTP/1.1
User-Agent: selenium/4.9.0 (java windows)
Content-Length: 3467
Content-Type: application/json; charset=utf-8
host: localhost:9367
accept: */*

Response DefaultHttpResponse(decodeResult: success, version: HTTP/1.1)
HTTP/1.1 200 OK
Content-Length: 14
Content-Type: application/json; charset=utf-8
cache-control: no-cache

2023-04-27 14:09:07 DEBUG ChannelManager:270 ? Adding key: http://localhost:9367 for channel [id: 0xb4dfd0af, L:/127.0.0.1:65149 - R:localhost/127.0.0.1:9367]
2023-04-27 14:09:07 DEBUG NettyRequestSender:593 ? Using pooled Channel '[id: 0xb4dfd0af, L:/127.0.0.1:65149 - R:localhost/127.0.0.1:9367]' for 'POST' to 'http://localhost:9367/session/a79bf8a016e13ba834601ac753e452cb/element'
2023-04-27 14:09:07 DEBUG NettyRequestSender:251 ? Using open Channel [id: 0xb4dfd0af, L:/127.0.0.1:65149 - R:localhost/127.0.0.1:9367] for POST '/session/a79bf8a016e13ba834601ac753e452cb/element'
2023-04-27 14:09:07 DEBUG HttpHandler:70 ? 

Request DefaultHttpRequest(decodeResult: success, version: HTTP/1.1)
POST /session/a79bf8a016e13ba834601ac753e452cb/element HTTP/1.1
User-Agent: selenium/4.9.0 (java windows)
Content-Length: 71
Content-Type: application/json; charset=utf-8
host: localhost:9367
accept: */*

Response DefaultHttpResponse(decodeResult: success, version: HTTP/1.1)
HTTP/1.1 200 OK
Content-Length: 88
Content-Type: application/json; charset=utf-8
cache-control: no-cache

2023-04-27 14:09:07 DEBUG ChannelManager:270 ? Adding key: http://localhost:9367 for channel [id: 0xb4dfd0af, L:/127.0.0.1:65149 - R:localhost/127.0.0.1:9367]
2023-04-27 14:09:07 DEBUG NettyRequestSender:593 ? Using pooled Channel '[id: 0xb4dfd0af, L:/127.0.0.1:65149 - R:localhost/127.0.0.1:9367]' for 'POST' to 'http://localhost:9367/session/a79bf8a016e13ba834601ac753e452cb/actions'
2023-04-27 14:09:07 DEBUG NettyRequestSender:251 ? Using open Channel [id: 0xb4dfd0af, L:/127.0.0.1:65149 - R:localhost/127.0.0.1:9367] for POST '/session/a79bf8a016e13ba834601ac753e452cb/actions'
2023-04-27 14:09:07 DEBUG HttpHandler:70 ? 

Request DefaultHttpRequest(decodeResult: success, version: HTTP/1.1)
POST /session/a79bf8a016e13ba834601ac753e452cb/actions HTTP/1.1
User-Agent: selenium/4.9.0 (java windows)
Content-Length: 567
Content-Type: application/json; charset=utf-8
host: localhost:9367
accept: */*

Response DefaultHttpResponse(decodeResult: success, version: HTTP/1.1)
HTTP/1.1 200 OK
Content-Length: 14
Content-Type: application/json; charset=utf-8
cache-control: no-cache

2023-04-27 14:09:07 DEBUG ChannelManager:270 ? Adding key: http://localhost:9367 for channel [id: 0xb4dfd0af, L:/127.0.0.1:65149 - R:localhost/127.0.0.1:9367]
2023-04-27 14:09:07 DEBUG NettyRequestSender:593 ? Using pooled Channel '[id: 0xb4dfd0af, L:/127.0.0.1:65149 - R:localhost/127.0.0.1:9367]' for 'POST' to 'http://localhost:9367/session/a79bf8a016e13ba834601ac753e452cb/element'
2023-04-27 14:09:07 DEBUG NettyRequestSender:251 ? Using open Channel [id: 0xb4dfd0af, L:/127.0.0.1:65149 - R:localhost/127.0.0.1:9367] for POST '/session/a79bf8a016e13ba834601ac753e452cb/element'
2023-04-27 14:09:07 DEBUG DefaultChannelPool:348 ? Entry count for : http://localhost:65153 : 1
2023-04-27 14:09:07 DEBUG HttpHandler:70 ? 

Request DefaultHttpRequest(decodeResult: success, version: HTTP/1.1)
POST /session/a79bf8a016e13ba834601ac753e452cb/element HTTP/1.1
User-Agent: selenium/4.9.0 (java windows)
Content-Length: 73
Content-Type: application/json; charset=utf-8
host: localhost:9367
accept: */*

Response DefaultHttpResponse(decodeResult: success, version: HTTP/1.1)
HTTP/1.1 200 OK
Content-Length: 88
Content-Type: application/json; charset=utf-8
cache-control: no-cache

2023-04-27 14:09:07 DEBUG ChannelManager:270 ? Adding key: http://localhost:9367 for channel [id: 0xb4dfd0af, L:/127.0.0.1:65149 - R:localhost/127.0.0.1:9367]
2023-04-27 14:09:07 DEBUG NettyRequestSender:593 ? Using pooled Channel '[id: 0xb4dfd0af, L:/127.0.0.1:65149 - R:localhost/127.0.0.1:9367]' for 'POST' to 'http://localhost:9367/session/a79bf8a016e13ba834601ac753e452cb/execute/sync'
2023-04-27 14:09:07 DEBUG NettyRequestSender:251 ? Using open Channel [id: 0xb4dfd0af, L:/127.0.0.1:65149 - R:localhost/127.0.0.1:9367] for POST '/session/a79bf8a016e13ba834601ac753e452cb/execute/sync'
2023-04-27 14:09:07 DEBUG HttpHandler:70 ? 

Request DefaultHttpRequest(decodeResult: success, version: HTTP/1.1)
POST /session/a79bf8a016e13ba834601ac753e452cb/execute/sync HTTP/1.1
User-Agent: selenium/4.9.0 (java windows)
Content-Length: 48807
Content-Type: application/json; charset=utf-8
host: localhost:9367
accept: */*

Response DefaultHttpResponse(decodeResult: success, version: HTTP/1.1)
HTTP/1.1 200 OK
Content-Length: 14
Content-Type: application/json; charset=utf-8
cache-control: no-cache

2023-04-27 14:09:07 DEBUG ChannelManager:270 ? Adding key: http://localhost:9367 for channel [id: 0xb4dfd0af, L:/127.0.0.1:65149 - R:localhost/127.0.0.1:9367]
2023-04-27 14:09:07 DEBUG NettyRequestSender:593 ? Using pooled Channel '[id: 0xb4dfd0af, L:/127.0.0.1:65149 - R:localhost/127.0.0.1:9367]' for 'POST' to 'http://localhost:9367/session/a79bf8a016e13ba834601ac753e452cb/element'
2023-04-27 14:09:07 DEBUG NettyRequestSender:251 ? Using open Channel [id: 0xb4dfd0af, L:/127.0.0.1:65149 - R:localhost/127.0.0.1:9367] for POST '/session/a79bf8a016e13ba834601ac753e452cb/element'
2023-04-27 14:09:08 DEBUG HttpHandler:70 ? 

Request DefaultHttpRequest(decodeResult: success, version: HTTP/1.1)
POST /session/a79bf8a016e13ba834601ac753e452cb/element HTTP/1.1
User-Agent: selenium/4.9.0 (java windows)
Content-Length: 67
Content-Type: application/json; charset=utf-8
host: localhost:9367
accept: */*

Response DefaultHttpResponse(decodeResult: success, version: HTTP/1.1)
HTTP/1.1 200 OK
Content-Length: 88
Content-Type: application/json; charset=utf-8
cache-control: no-cache

2023-04-27 14:09:08 DEBUG ChannelManager:270 ? Adding key: http://localhost:9367 for channel [id: 0xb4dfd0af, L:/127.0.0.1:65149 - R:localhost/127.0.0.1:9367]
2023-04-27 14:09:08 DEBUG NettyRequestSender:593 ? Using pooled Channel '[id: 0xb4dfd0af, L:/127.0.0.1:65149 - R:localhost/127.0.0.1:9367]' for 'POST' to 'http://localhost:9367/session/a79bf8a016e13ba834601ac753e452cb/execute/sync'
2023-04-27 14:09:08 DEBUG NettyRequestSender:251 ? Using open Channel [id: 0xb4dfd0af, L:/127.0.0.1:65149 - R:localhost/127.0.0.1:9367] for POST '/session/a79bf8a016e13ba834601ac753e452cb/execute/sync'
2023-04-27 14:09:08 DEBUG HttpHandler:70 ? 

Request DefaultHttpRequest(decodeResult: success, version: HTTP/1.1)
POST /session/a79bf8a016e13ba834601ac753e452cb/execute/sync HTTP/1.1
User-Agent: selenium/4.9.0 (java windows)
Content-Length: 48807
Content-Type: application/json; charset=utf-8
host: localhost:9367
accept: */*

Response DefaultHttpResponse(decodeResult: success, version: HTTP/1.1)
HTTP/1.1 200 OK
Content-Length: 14
Content-Type: application/json; charset=utf-8
cache-control: no-cache

2023-04-27 14:09:08 DEBUG ChannelManager:270 ? Adding key: http://localhost:9367 for channel [id: 0xb4dfd0af, L:/127.0.0.1:65149 - R:localhost/127.0.0.1:9367]
2023-04-27 14:09:08 DEBUG NettyRequestSender:593 ? Using pooled Channel '[id: 0xb4dfd0af, L:/127.0.0.1:65149 - R:localhost/127.0.0.1:9367]' for 'POST' to 'http://localhost:9367/session/a79bf8a016e13ba834601ac753e452cb/element'
2023-04-27 14:09:08 DEBUG NettyRequestSender:251 ? Using open Channel [id: 0xb4dfd0af, L:/127.0.0.1:65149 - R:localhost/127.0.0.1:9367] for POST '/session/a79bf8a016e13ba834601ac753e452cb/element'
2023-04-27 14:09:08 DEBUG HttpHandler:70 ? 

Request DefaultHttpRequest(decodeResult: success, version: HTTP/1.1)
POST /session/a79bf8a016e13ba834601ac753e452cb/element HTTP/1.1
User-Agent: selenium/4.9.0 (java windows)
Content-Length: 67
Content-Type: application/json; charset=utf-8
host: localhost:9367
accept: */*

Response DefaultHttpResponse(decodeResult: success, version: HTTP/1.1)
HTTP/1.1 200 OK
Content-Length: 88
Content-Type: application/json; charset=utf-8
cache-control: no-cache

2023-04-27 14:09:08 DEBUG ChannelManager:270 ? Adding key: http://localhost:9367 for channel [id: 0xb4dfd0af, L:/127.0.0.1:65149 - R:localhost/127.0.0.1:9367]
2023-04-27 14:09:08 DEBUG NettyRequestSender:593 ? Using pooled Channel '[id: 0xb4dfd0af, L:/127.0.0.1:65149 - R:localhost/127.0.0.1:9367]' for 'POST' to 'http://localhost:9367/session/a79bf8a016e13ba834601ac753e452cb/actions'
2023-04-27 14:09:08 DEBUG NettyRequestSender:251 ? Using open Channel [id: 0xb4dfd0af, L:/127.0.0.1:65149 - R:localhost/127.0.0.1:9367] for POST '/session/a79bf8a016e13ba834601ac753e452cb/actions'
2023-04-27 14:09:08 DEBUG HttpHandler:70 ? 

Request DefaultHttpRequest(decodeResult: success, version: HTTP/1.1)
POST /session/a79bf8a016e13ba834601ac753e452cb/actions HTTP/1.1
User-Agent: selenium/4.9.0 (java windows)
Content-Length: 567
Content-Type: application/json; charset=utf-8
host: localhost:9367
accept: */*

Response DefaultHttpResponse(decodeResult: success, version: HTTP/1.1)
HTTP/1.1 200 OK
Content-Length: 14
Content-Type: application/json; charset=utf-8
cache-control: no-cache

2023-04-27 14:09:08 DEBUG ChannelManager:270 ? Adding key: http://localhost:9367 for channel [id: 0xb4dfd0af, L:/127.0.0.1:65149 - R:localhost/127.0.0.1:9367]
2023-04-27 14:09:08 DEBUG NettyRequestSender:593 ? Using pooled Channel '[id: 0xb4dfd0af, L:/127.0.0.1:65149 - R:localhost/127.0.0.1:9367]' for 'POST' to 'http://localhost:9367/session/a79bf8a016e13ba834601ac753e452cb/element'
2023-04-27 14:09:08 DEBUG NettyRequestSender:251 ? Using open Channel [id: 0xb4dfd0af, L:/127.0.0.1:65149 - R:localhost/127.0.0.1:9367] for POST '/session/a79bf8a016e13ba834601ac753e452cb/element'
2023-04-27 14:09:08 DEBUG HttpHandler:70 ? 

Request DefaultHttpRequest(decodeResult: success, version: HTTP/1.1)
POST /session/a79bf8a016e13ba834601ac753e452cb/element HTTP/1.1
User-Agent: selenium/4.9.0 (java windows)
Content-Length: 71
Content-Type: application/json; charset=utf-8
host: localhost:9367
accept: */*

Response DefaultHttpResponse(decodeResult: success, version: HTTP/1.1)
HTTP/1.1 200 OK
Content-Length: 88
Content-Type: application/json; charset=utf-8
cache-control: no-cache

2023-04-27 14:09:08 DEBUG ChannelManager:270 ? Adding key: http://localhost:9367 for channel [id: 0xb4dfd0af, L:/127.0.0.1:65149 - R:localhost/127.0.0.1:9367]
2023-04-27 14:09:08 DEBUG NettyRequestSender:593 ? Using pooled Channel '[id: 0xb4dfd0af, L:/127.0.0.1:65149 - R:localhost/127.0.0.1:9367]' for 'GET' to 'http://localhost:9367/session/a79bf8a016e13ba834601ac753e452cb/element/08db0ebd-c3c1-49c7-985c-fbd2e16a444f/enabled'
2023-04-27 14:09:08 DEBUG NettyRequestSender:251 ? Using open Channel [id: 0xb4dfd0af, L:/127.0.0.1:65149 - R:localhost/127.0.0.1:9367] for GET '/session/a79bf8a016e13ba834601ac753e452cb/element/08db0ebd-c3c1-49c7-985c-fbd2e16a444f/enabled'
2023-04-27 14:09:08 DEBUG HttpHandler:70 ? 

Request DefaultFullHttpRequest(decodeResult: success, version: HTTP/1.1, content: EmptyByteBufBE)
GET /session/a79bf8a016e13ba834601ac753e452cb/element/08db0ebd-c3c1-49c7-985c-fbd2e16a444f/enabled HTTP/1.1
User-Agent: selenium/4.9.0 (java windows)
Cache-Control: no-cache
Content-Type: application/json; charset=utf-8
host: localhost:9367
accept: */*

Response DefaultHttpResponse(decodeResult: success, version: HTTP/1.1)
HTTP/1.1 200 OK
Content-Length: 14
Content-Type: application/json; charset=utf-8
cache-control: no-cache

2023-04-27 14:09:08 DEBUG ChannelManager:270 ? Adding key: http://localhost:9367 for channel [id: 0xb4dfd0af, L:/127.0.0.1:65149 - R:localhost/127.0.0.1:9367]
2023-04-27 14:09:08 DEBUG NettyRequestSender:593 ? Using pooled Channel '[id: 0xb4dfd0af, L:/127.0.0.1:65149 - R:localhost/127.0.0.1:9367]' for 'POST' to 'http://localhost:9367/session/a79bf8a016e13ba834601ac753e452cb/element'
2023-04-27 14:09:08 DEBUG NettyRequestSender:251 ? Using open Channel [id: 0xb4dfd0af, L:/127.0.0.1:65149 - R:localhost/127.0.0.1:9367] for POST '/session/a79bf8a016e13ba834601ac753e452cb/element'
2023-04-27 14:09:08 DEBUG HttpHandler:70 ? 

Request DefaultHttpRequest(decodeResult: success, version: HTTP/1.1)
POST /session/a79bf8a016e13ba834601ac753e452cb/element HTTP/1.1
User-Agent: selenium/4.9.0 (java windows)
Content-Length: 72
Content-Type: application/json; charset=utf-8
host: localhost:9367
accept: */*

Response DefaultHttpResponse(decodeResult: success, version: HTTP/1.1)
HTTP/1.1 200 OK
Content-Length: 88
Content-Type: application/json; charset=utf-8
cache-control: no-cache

2023-04-27 14:09:08 DEBUG ChannelManager:270 ? Adding key: http://localhost:9367 for channel [id: 0xb4dfd0af, L:/127.0.0.1:65149 - R:localhost/127.0.0.1:9367]
2023-04-27 14:09:08 DEBUG NettyRequestSender:593 ? Using pooled Channel '[id: 0xb4dfd0af, L:/127.0.0.1:65149 - R:localhost/127.0.0.1:9367]' for 'POST' to 'http://localhost:9367/session/a79bf8a016e13ba834601ac753e452cb/execute/sync'
2023-04-27 14:09:08 DEBUG NettyRequestSender:251 ? Using open Channel [id: 0xb4dfd0af, L:/127.0.0.1:65149 - R:localhost/127.0.0.1:9367] for POST '/session/a79bf8a016e13ba834601ac753e452cb/execute/sync'
2023-04-27 14:09:08 DEBUG HttpHandler:70 ? 

Request DefaultHttpRequest(decodeResult: success, version: HTTP/1.1)
POST /session/a79bf8a016e13ba834601ac753e452cb/execute/sync HTTP/1.1
User-Agent: selenium/4.9.0 (java windows)
Content-Length: 48807
Content-Type: application/json; charset=utf-8
host: localhost:9367
accept: */*

Response DefaultHttpResponse(decodeResult: success, version: HTTP/1.1)
HTTP/1.1 200 OK
Content-Length: 14
Content-Type: application/json; charset=utf-8
cache-control: no-cache

2023-04-27 14:09:08 DEBUG ChannelManager:270 ? Adding key: http://localhost:9367 for channel [id: 0xb4dfd0af, L:/127.0.0.1:65149 - R:localhost/127.0.0.1:9367]
2023-04-27 14:09:08 DEBUG NettyRequestSender:593 ? Using pooled Channel '[id: 0xb4dfd0af, L:/127.0.0.1:65149 - R:localhost/127.0.0.1:9367]' for 'POST' to 'http://localhost:9367/session/a79bf8a016e13ba834601ac753e452cb/element'
2023-04-27 14:09:08 DEBUG NettyRequestSender:251 ? Using open Channel [id: 0xb4dfd0af, L:/127.0.0.1:65149 - R:localhost/127.0.0.1:9367] for POST '/session/a79bf8a016e13ba834601ac753e452cb/element'
2023-04-27 14:09:08 DEBUG HttpHandler:70 ? 

Request DefaultHttpRequest(decodeResult: success, version: HTTP/1.1)
POST /session/a79bf8a016e13ba834601ac753e452cb/element HTTP/1.1
User-Agent: selenium/4.9.0 (java windows)
Content-Length: 69
Content-Type: application/json; charset=utf-8
host: localhost:9367
accept: */*

Response DefaultHttpResponse(decodeResult: success, version: HTTP/1.1)
HTTP/1.1 200 OK
Content-Length: 88
Content-Type: application/json; charset=utf-8
cache-control: no-cache

2023-04-27 14:09:08 DEBUG ChannelManager:270 ? Adding key: http://localhost:9367 for channel [id: 0xb4dfd0af, L:/127.0.0.1:65149 - R:localhost/127.0.0.1:9367]
2023-04-27 14:09:08 DEBUG NettyRequestSender:593 ? Using pooled Channel '[id: 0xb4dfd0af, L:/127.0.0.1:65149 - R:localhost/127.0.0.1:9367]' for 'POST' to 'http://localhost:9367/session/a79bf8a016e13ba834601ac753e452cb/execute/sync'
2023-04-27 14:09:08 DEBUG NettyRequestSender:251 ? Using open Channel [id: 0xb4dfd0af, L:/127.0.0.1:65149 - R:localhost/127.0.0.1:9367] for POST '/session/a79bf8a016e13ba834601ac753e452cb/execute/sync'
2023-04-27 14:09:08 DEBUG HttpHandler:70 ? 

Request DefaultHttpRequest(decodeResult: success, version: HTTP/1.1)
POST /session/a79bf8a016e13ba834601ac753e452cb/execute/sync HTTP/1.1
User-Agent: selenium/4.9.0 (java windows)
Content-Length: 48807
Content-Type: application/json; charset=utf-8
host: localhost:9367
accept: */*

Response DefaultHttpResponse(decodeResult: success, version: HTTP/1.1)
HTTP/1.1 200 OK
Content-Length: 14
Content-Type: application/json; charset=utf-8
cache-control: no-cache

2023-04-27 14:09:08 DEBUG ChannelManager:270 ? Adding key: http://localhost:9367 for channel [id: 0xb4dfd0af, L:/127.0.0.1:65149 - R:localhost/127.0.0.1:9367]
2023-04-27 14:09:08 DEBUG NettyRequestSender:593 ? Using pooled Channel '[id: 0xb4dfd0af, L:/127.0.0.1:65149 - R:localhost/127.0.0.1:9367]' for 'POST' to 'http://localhost:9367/session/a79bf8a016e13ba834601ac753e452cb/element'
2023-04-27 14:09:08 DEBUG NettyRequestSender:251 ? Using open Channel [id: 0xb4dfd0af, L:/127.0.0.1:65149 - R:localhost/127.0.0.1:9367] for POST '/session/a79bf8a016e13ba834601ac753e452cb/element'
2023-04-27 14:09:08 DEBUG HttpHandler:70 ? 

Request DefaultHttpRequest(decodeResult: success, version: HTTP/1.1)
POST /session/a79bf8a016e13ba834601ac753e452cb/element HTTP/1.1
User-Agent: selenium/4.9.0 (java windows)
Content-Length: 71
Content-Type: application/json; charset=utf-8
host: localhost:9367
accept: */*

Response DefaultHttpResponse(decodeResult: success, version: HTTP/1.1)
HTTP/1.1 200 OK
Content-Length: 88
Content-Type: application/json; charset=utf-8
cache-control: no-cache

2023-04-27 14:09:08 DEBUG ChannelManager:270 ? Adding key: http://localhost:9367 for channel [id: 0xb4dfd0af, L:/127.0.0.1:65149 - R:localhost/127.0.0.1:9367]
2023-04-27 14:09:08 DEBUG NettyRequestSender:593 ? Using pooled Channel '[id: 0xb4dfd0af, L:/127.0.0.1:65149 - R:localhost/127.0.0.1:9367]' for 'POST' to 'http://localhost:9367/session/a79bf8a016e13ba834601ac753e452cb/execute/sync'
2023-04-27 14:09:08 DEBUG NettyRequestSender:251 ? Using open Channel [id: 0xb4dfd0af, L:/127.0.0.1:65149 - R:localhost/127.0.0.1:9367] for POST '/session/a79bf8a016e13ba834601ac753e452cb/execute/sync'
2023-04-27 14:09:08 DEBUG HttpHandler:70 ? 

Request DefaultHttpRequest(decodeResult: success, version: HTTP/1.1)
POST /session/a79bf8a016e13ba834601ac753e452cb/execute/sync HTTP/1.1
User-Agent: selenium/4.9.0 (java windows)
Content-Length: 48807
Content-Type: application/json; charset=utf-8
host: localhost:9367
accept: */*

Response DefaultHttpResponse(decodeResult: success, version: HTTP/1.1)
HTTP/1.1 200 OK
Content-Length: 14
Content-Type: application/json; charset=utf-8
cache-control: no-cache

2023-04-27 14:09:08 DEBUG ChannelManager:270 ? Adding key: http://localhost:9367 for channel [id: 0xb4dfd0af, L:/127.0.0.1:65149 - R:localhost/127.0.0.1:9367]
2023-04-27 14:09:39 DEBUG InternalLoggerFactory:63 ? Using SLF4J as the default logging framework
2023-04-27 14:09:39 DEBUG ResourceLeakDetector:129 ? -Dio.netty.leakDetection.level: simple
2023-04-27 14:09:39 DEBUG ResourceLeakDetector:130 ? -Dio.netty.leakDetection.targetRecords: 4
2023-04-27 14:09:40 DEBUG ResourceLeakDetectorFactory:196 ? Loaded default ResourceLeakDetector: io.netty.util.ResourceLeakDetector@495083a0
2023-04-27 14:09:40 DEBUG PlatformDependent0:496 ? -Dio.netty.noUnsafe: false
2023-04-27 14:09:40 DEBUG PlatformDependent0:1000 ? Java version: 19
2023-04-27 14:09:40 DEBUG PlatformDependent0:137 ? sun.misc.Unsafe.theUnsafe: available
2023-04-27 14:09:40 DEBUG PlatformDependent0:161 ? sun.misc.Unsafe.copyMemory: available
2023-04-27 14:09:40 DEBUG PlatformDependent0:193 ? sun.misc.Unsafe.storeFence: available
2023-04-27 14:09:40 DEBUG PlatformDependent0:236 ? java.nio.Buffer.address: available
2023-04-27 14:09:40 DEBUG PlatformDependent0:320 ? direct buffer constructor: unavailable: Reflective setAccessible(true) disabled
2023-04-27 14:09:40 DEBUG PlatformDependent0:385 ? java.nio.Bits.unaligned: available, true
2023-04-27 14:09:40 DEBUG PlatformDependent0:452 ? jdk.internal.misc.Unsafe.allocateUninitializedArray(int): unavailable: class io.netty.util.internal.PlatformDependent0$7 cannot access class jdk.internal.misc.Unsafe (in module java.base) because module java.base does not export jdk.internal.misc to unnamed module @5679c6c6
2023-04-27 14:09:40 DEBUG PlatformDependent0:482 ? java.nio.DirectByteBuffer.<init>(long, int): unavailable
2023-04-27 14:09:40 DEBUG PlatformDependent:1159 ? sun.misc.Unsafe: available
2023-04-27 14:09:40 DEBUG PlatformDependent:1270 ? maxDirectMemory: 5339348992 bytes (maybe)
2023-04-27 14:09:40 DEBUG PlatformDependent:1289 ? -Dio.netty.tmpdir: C:\Users\rohit\AppData\Local\Temp (java.io.tmpdir)
2023-04-27 14:09:40 DEBUG PlatformDependent:1368 ? -Dio.netty.bitMode: 64 (sun.arch.data.model)
2023-04-27 14:09:40 DEBUG PlatformDependent:1119 ? Platform: Windows
2023-04-27 14:09:40 DEBUG PlatformDependent:178 ? -Dio.netty.maxDirectMemory: -1 bytes
2023-04-27 14:09:40 DEBUG PlatformDependent:185 ? -Dio.netty.uninitializedArrayAllocationThreshold: -1
2023-04-27 14:09:40 DEBUG CleanerJava9:71 ? java.nio.ByteBuffer.cleaner(): available
2023-04-27 14:09:40 DEBUG PlatformDependent:205 ? -Dio.netty.noPreferDirect: false
2023-04-27 14:09:40 DEBUG PlatformDependent:1010 ? org.jctools-core.MpscChunkedArrayQueue: available
2023-04-27 14:09:40 DEBUG InternalThreadLocalMap:100 ? -Dio.netty.threadLocalMap.stringBuilder.initialSize: 1024
2023-04-27 14:09:40 DEBUG InternalThreadLocalMap:101 ? -Dio.netty.threadLocalMap.stringBuilder.maxSize: 4096
2023-04-27 14:09:40 DEBUG JdkSslContext:83 ? Default protocols (JDK): [TLSv1.3, TLSv1.2] 
2023-04-27 14:09:40 DEBUG JdkSslContext:84 ? Default cipher suites (JDK): [TLS_ECDHE_ECDSA_WITH_AES_256_GCM_SHA384, TLS_ECDHE_ECDSA_WITH_AES_128_GCM_SHA256, TLS_ECDHE_RSA_WITH_AES_128_GCM_SHA256, TLS_ECDHE_RSA_WITH_AES_256_GCM_SHA384, TLS_ECDHE_RSA_WITH_AES_128_CBC_SHA, TLS_ECDHE_RSA_WITH_AES_256_CBC_SHA, TLS_RSA_WITH_AES_128_GCM_SHA256, TLS_RSA_WITH_AES_128_CBC_SHA, TLS_RSA_WITH_AES_256_CBC_SHA, TLS_AES_128_GCM_SHA256, TLS_AES_256_GCM_SHA384]
2023-04-27 14:09:40 DEBUG GlobalEventExecutor:53 ? -Dio.netty.globalEventExecutor.quietPeriodSeconds: 1
2023-04-27 14:09:40 DEBUG MultithreadEventLoopGroup:44 ? -Dio.netty.eventLoopThreads: 16
2023-04-27 14:09:40 DEBUG NioEventLoop:110 ? -Dio.netty.noKeySetOptimization: false
2023-04-27 14:09:40 DEBUG NioEventLoop:111 ? -Dio.netty.selectorAutoRebuildThreshold: 512
2023-04-27 14:09:40 DEBUG PooledByteBufAllocator:157 ? -Dio.netty.allocator.numHeapArenas: 16
2023-04-27 14:09:40 DEBUG PooledByteBufAllocator:158 ? -Dio.netty.allocator.numDirectArenas: 16
2023-04-27 14:09:40 DEBUG PooledByteBufAllocator:160 ? -Dio.netty.allocator.pageSize: 8192
2023-04-27 14:09:40 DEBUG PooledByteBufAllocator:165 ? -Dio.netty.allocator.maxOrder: 9
2023-04-27 14:09:40 DEBUG PooledByteBufAllocator:169 ? -Dio.netty.allocator.chunkSize: 4194304
2023-04-27 14:09:40 DEBUG PooledByteBufAllocator:170 ? -Dio.netty.allocator.smallCacheSize: 256
2023-04-27 14:09:40 DEBUG PooledByteBufAllocator:171 ? -Dio.netty.allocator.normalCacheSize: 64
2023-04-27 14:09:40 DEBUG PooledByteBufAllocator:172 ? -Dio.netty.allocator.maxCachedBufferCapacity: 32768
2023-04-27 14:09:40 DEBUG PooledByteBufAllocator:173 ? -Dio.netty.allocator.cacheTrimInterval: 8192
2023-04-27 14:09:40 DEBUG PooledByteBufAllocator:174 ? -Dio.netty.allocator.cacheTrimIntervalMillis: 0
2023-04-27 14:09:40 DEBUG PooledByteBufAllocator:175 ? -Dio.netty.allocator.useCacheForAllThreads: false
2023-04-27 14:09:40 DEBUG PooledByteBufAllocator:176 ? -Dio.netty.allocator.maxCachedByteBuffersPerChunk: 1023
2023-04-27 14:09:40 DEBUG ByteBufUtil:88 ? -Dio.netty.allocator.type: pooled
2023-04-27 14:09:40 DEBUG ByteBufUtil:97 ? -Dio.netty.threadLocalDirectBufferSize: 0
2023-04-27 14:09:40 DEBUG ByteBufUtil:100 ? -Dio.netty.maxThreadLocalCharBufferSize: 16384
2023-04-27 14:09:40 DEBUG DefaultChannelId:79 ? -Dio.netty.processId: 1388 (auto-detected)
2023-04-27 14:09:40 DEBUG NetUtil:148 ? -Djava.net.preferIPv4Stack: false
2023-04-27 14:09:40 DEBUG NetUtil:149 ? -Djava.net.preferIPv6Addresses: false
2023-04-27 14:09:40 DEBUG NetUtilInitializations:145 ? Loopback interface: lo (Software Loopback Interface 1, 127.0.0.1)
2023-04-27 14:09:40 DEBUG NetUtil:206 ? Failed to get SOMAXCONN from sysctl and file \proc\sys\net\core\somaxconn. Default: 200
2023-04-27 14:09:40 DEBUG DefaultChannelId:101 ? -Dio.netty.machineId: 70:c9:4e:ff:fe:a9:98:9d (auto-detected)
2023-04-27 14:09:41 DEBUG AbstractByteBuf:63 ? -Dio.netty.buffer.checkAccessible: true
2023-04-27 14:09:41 DEBUG AbstractByteBuf:64 ? -Dio.netty.buffer.checkBounds: true
2023-04-27 14:09:41 DEBUG ResourceLeakDetectorFactory:196 ? Loaded default ResourceLeakDetector: io.netty.util.ResourceLeakDetector@79779c0d
2023-04-27 14:09:41 DEBUG NettyConnectListener:73 ? Using new Channel '[id: 0xa7438149, L:/127.0.0.1:65288 - R:localhost/127.0.0.1:9505]' for 'POST' to '/session'
2023-04-27 14:09:41 DEBUG Recycler:96 ? -Dio.netty.recycler.maxCapacityPerThread: 4096
2023-04-27 14:09:41 DEBUG Recycler:97 ? -Dio.netty.recycler.ratio: 8
2023-04-27 14:09:41 DEBUG Recycler:98 ? -Dio.netty.recycler.chunkSize: 32
2023-04-27 14:09:41 DEBUG Recycler:99 ? -Dio.netty.recycler.blocking: false
2023-04-27 14:09:41 DEBUG Recycler:100 ? -Dio.netty.recycler.batchFastThreadLocalOnly: true
2023-04-27 14:09:42 DEBUG Brotli:38 ? brotli4j not in the classpath; Brotli support will be unavailable.
2023-04-27 14:09:42 DEBUG HttpHandler:70 ? 

Request DefaultHttpRequest(decodeResult: success, version: HTTP/1.1)
POST /session HTTP/1.1
User-Agent: selenium/4.9.0 (java windows)
Content-Length: 254
Content-Type: application/json; charset=utf-8
host: localhost:9505
accept: */*

Response DefaultHttpResponse(decodeResult: success, version: HTTP/1.1)
HTTP/1.1 200 OK
Content-Length: 860
Content-Type: application/json; charset=utf-8
cache-control: no-cache

2023-04-27 14:09:42 DEBUG ChannelManager:270 ? Adding key: http://localhost:9505 for channel [id: 0xa7438149, L:/127.0.0.1:65288 - R:localhost/127.0.0.1:9505]
2023-04-27 14:09:43 DEBUG DefaultChannelPool:348 ? Entry count for : http://localhost:9505 : 1
2023-04-27 14:09:43 DEBUG NettyConnectListener:73 ? Using new Channel '[id: 0x00c85118, L:/127.0.0.1:65312 - R:localhost/127.0.0.1:65294]' for 'GET' to '/json/version'
2023-04-27 14:09:43 DEBUG HttpHandler:70 ? 

Request DefaultFullHttpRequest(decodeResult: success, version: HTTP/1.1, content: EmptyByteBufBE)
GET /json/version HTTP/1.1
User-Agent: selenium/4.9.0 (java windows)
host: localhost:65294
accept: */*

Response DefaultHttpResponse(decodeResult: success, version: HTTP/1.1)
HTTP/1.1 200 OK
Content-Security-Policy: frame-ancestors 'none'
Content-Length: 424
Content-Type: application/json; charset=UTF-8

2023-04-27 14:09:43 DEBUG ChannelManager:270 ? Adding key: http://localhost:65294 for channel [id: 0x00c85118, L:/127.0.0.1:65312 - R:localhost/127.0.0.1:65294]
2023-04-27 14:09:43 DEBUG ThreadLocalRandom:214 ? -Dio.netty.initialSeedUniquifier: 0xf08cecdb72a991cc
2023-04-27 14:09:43 DEBUG NettyConnectListener:73 ? Using new Channel '[id: 0xa57ce7e3, L:/127.0.0.1:65313 - R:localhost/127.0.0.1:65294]' for 'GET' to '/devtools/browser/42b662a0-6039-4c21-b552-b4f13be96854'
2023-04-27 14:09:43 DEBUG WebSocketHandler:105 ? 

Request DefaultFullHttpRequest(decodeResult: success, version: HTTP/1.1, content: EmptyByteBufBE)
GET /devtools/browser/42b662a0-6039-4c21-b552-b4f13be96854 HTTP/1.1
upgrade: websocket
connection: upgrade
sec-websocket-key: bOT0/myV0dBgEOEpdcp07g==
sec-websocket-version: 13
origin: http://localhost:65294
host: localhost:65294
accept: */*
user-agent: AHC/2.1

Response DefaultHttpResponse(decodeResult: success, version: HTTP/1.1)
HTTP/1.1 101 WebSocket Protocol Handshake
Upgrade: WebSocket
Connection: Upgrade
Sec-WebSocket-Accept: kSM//FICAUMFj3gxvfgg2UIhL/c=

2023-04-27 14:09:43 DEBUG NettyRequestSender:593 ? Using pooled Channel '[id: 0xa7438149, L:/127.0.0.1:65288 - R:localhost/127.0.0.1:9505]' for 'POST' to 'http://localhost:9505/session/9d1df983106a1bc68b38504e65525916/window/maximize'
2023-04-27 14:09:43 DEBUG NettyRequestSender:251 ? Using open Channel [id: 0xa7438149, L:/127.0.0.1:65288 - R:localhost/127.0.0.1:9505] for POST '/session/9d1df983106a1bc68b38504e65525916/window/maximize'
2023-04-27 14:09:44 DEBUG HttpHandler:70 ? 

Request DefaultHttpRequest(decodeResult: success, version: HTTP/1.1)
POST /session/9d1df983106a1bc68b38504e65525916/window/maximize HTTP/1.1
User-Agent: selenium/4.9.0 (java windows)
Content-Length: 3
Content-Type: application/json; charset=utf-8
host: localhost:9505
accept: */*

Response DefaultHttpResponse(decodeResult: success, version: HTTP/1.1)
HTTP/1.1 200 OK
Content-Length: 52
Content-Type: application/json; charset=utf-8
cache-control: no-cache

2023-04-27 14:09:44 DEBUG ChannelManager:270 ? Adding key: http://localhost:9505 for channel [id: 0xa7438149, L:/127.0.0.1:65288 - R:localhost/127.0.0.1:9505]
2023-04-27 14:09:44 DEBUG NettyRequestSender:593 ? Using pooled Channel '[id: 0xa7438149, L:/127.0.0.1:65288 - R:localhost/127.0.0.1:9505]' for 'POST' to 'http://localhost:9505/session/9d1df983106a1bc68b38504e65525916/timeouts'
2023-04-27 14:09:44 DEBUG NettyRequestSender:251 ? Using open Channel [id: 0xa7438149, L:/127.0.0.1:65288 - R:localhost/127.0.0.1:9505] for POST '/session/9d1df983106a1bc68b38504e65525916/timeouts'
2023-04-27 14:09:44 DEBUG HttpHandler:70 ? 

Request DefaultHttpRequest(decodeResult: success, version: HTTP/1.1)
POST /session/9d1df983106a1bc68b38504e65525916/timeouts HTTP/1.1
User-Agent: selenium/4.9.0 (java windows)
Content-Length: 23
Content-Type: application/json; charset=utf-8
host: localhost:9505
accept: */*

Response DefaultHttpResponse(decodeResult: success, version: HTTP/1.1)
HTTP/1.1 200 OK
Content-Length: 14
Content-Type: application/json; charset=utf-8
cache-control: no-cache

2023-04-27 14:09:44 DEBUG ChannelManager:270 ? Adding key: http://localhost:9505 for channel [id: 0xa7438149, L:/127.0.0.1:65288 - R:localhost/127.0.0.1:9505]
2023-04-27 14:09:44 DEBUG NettyRequestSender:593 ? Using pooled Channel '[id: 0xa7438149, L:/127.0.0.1:65288 - R:localhost/127.0.0.1:9505]' for 'POST' to 'http://localhost:9505/session/9d1df983106a1bc68b38504e65525916/url'
2023-04-27 14:09:44 DEBUG NettyRequestSender:251 ? Using open Channel [id: 0xa7438149, L:/127.0.0.1:65288 - R:localhost/127.0.0.1:9505] for POST '/session/9d1df983106a1bc68b38504e65525916/url'
2023-04-27 14:09:44 DEBUG DefaultChannelPool:348 ? Entry count for : http://localhost:65294 : 1
2023-04-27 14:09:44 DEBUG HttpHandler:70 ? 

Request DefaultHttpRequest(decodeResult: success, version: HTTP/1.1)
POST /session/9d1df983106a1bc68b38504e65525916/url HTTP/1.1
User-Agent: selenium/4.9.0 (java windows)
Content-Length: 59
Content-Type: application/json; charset=utf-8
host: localhost:9505
accept: */*

Response DefaultHttpResponse(decodeResult: success, version: HTTP/1.1)
HTTP/1.1 200 OK
Content-Length: 14
Content-Type: application/json; charset=utf-8
cache-control: no-cache

2023-04-27 14:09:44 DEBUG ChannelManager:270 ? Adding key: http://localhost:9505 for channel [id: 0xa7438149, L:/127.0.0.1:65288 - R:localhost/127.0.0.1:9505]
2023-04-27 14:09:44 DEBUG NettyRequestSender:593 ? Using pooled Channel '[id: 0xa7438149, L:/127.0.0.1:65288 - R:localhost/127.0.0.1:9505]' for 'POST' to 'http://localhost:9505/session/9d1df983106a1bc68b38504e65525916/element'
2023-04-27 14:09:44 DEBUG NettyRequestSender:251 ? Using open Channel [id: 0xa7438149, L:/127.0.0.1:65288 - R:localhost/127.0.0.1:9505] for POST '/session/9d1df983106a1bc68b38504e65525916/element'
2023-04-27 14:09:44 DEBUG HttpHandler:70 ? 

Request DefaultHttpRequest(decodeResult: success, version: HTTP/1.1)
POST /session/9d1df983106a1bc68b38504e65525916/element HTTP/1.1
User-Agent: selenium/4.9.0 (java windows)
Content-Length: 72
Content-Type: application/json; charset=utf-8
host: localhost:9505
accept: */*

Response DefaultHttpResponse(decodeResult: success, version: HTTP/1.1)
HTTP/1.1 200 OK
Content-Length: 88
Content-Type: application/json; charset=utf-8
cache-control: no-cache

2023-04-27 14:09:44 DEBUG ChannelManager:270 ? Adding key: http://localhost:9505 for channel [id: 0xa7438149, L:/127.0.0.1:65288 - R:localhost/127.0.0.1:9505]
2023-04-27 14:09:44 DEBUG NettyRequestSender:593 ? Using pooled Channel '[id: 0xa7438149, L:/127.0.0.1:65288 - R:localhost/127.0.0.1:9505]' for 'POST' to 'http://localhost:9505/session/9d1df983106a1bc68b38504e65525916/execute/sync'
2023-04-27 14:09:44 DEBUG NettyRequestSender:251 ? Using open Channel [id: 0xa7438149, L:/127.0.0.1:65288 - R:localhost/127.0.0.1:9505] for POST '/session/9d1df983106a1bc68b38504e65525916/execute/sync'
2023-04-27 14:09:44 DEBUG HttpHandler:70 ? 

Request DefaultHttpRequest(decodeResult: success, version: HTTP/1.1)
POST /session/9d1df983106a1bc68b38504e65525916/execute/sync HTTP/1.1
User-Agent: selenium/4.9.0 (java windows)
Content-Length: 48807
Content-Type: application/json; charset=utf-8
host: localhost:9505
accept: */*

Response DefaultHttpResponse(decodeResult: success, version: HTTP/1.1)
HTTP/1.1 200 OK
Content-Length: 14
Content-Type: application/json; charset=utf-8
cache-control: no-cache

2023-04-27 14:09:44 DEBUG ChannelManager:270 ? Adding key: http://localhost:9505 for channel [id: 0xa7438149, L:/127.0.0.1:65288 - R:localhost/127.0.0.1:9505]
2023-04-27 14:09:44 DEBUG NettyRequestSender:593 ? Using pooled Channel '[id: 0xa7438149, L:/127.0.0.1:65288 - R:localhost/127.0.0.1:9505]' for 'POST' to 'http://localhost:9505/session/9d1df983106a1bc68b38504e65525916/element'
2023-04-27 14:09:44 DEBUG NettyRequestSender:251 ? Using open Channel [id: 0xa7438149, L:/127.0.0.1:65288 - R:localhost/127.0.0.1:9505] for POST '/session/9d1df983106a1bc68b38504e65525916/element'
2023-04-27 14:09:44 DEBUG HttpHandler:70 ? 

Request DefaultHttpRequest(decodeResult: success, version: HTTP/1.1)
POST /session/9d1df983106a1bc68b38504e65525916/element HTTP/1.1
User-Agent: selenium/4.9.0 (java windows)
Content-Length: 69
Content-Type: application/json; charset=utf-8
host: localhost:9505
accept: */*

Response DefaultHttpResponse(decodeResult: success, version: HTTP/1.1)
HTTP/1.1 200 OK
Content-Length: 88
Content-Type: application/json; charset=utf-8
cache-control: no-cache

2023-04-27 14:09:44 DEBUG ChannelManager:270 ? Adding key: http://localhost:9505 for channel [id: 0xa7438149, L:/127.0.0.1:65288 - R:localhost/127.0.0.1:9505]
2023-04-27 14:09:44 DEBUG NettyRequestSender:593 ? Using pooled Channel '[id: 0xa7438149, L:/127.0.0.1:65288 - R:localhost/127.0.0.1:9505]' for 'POST' to 'http://localhost:9505/session/9d1df983106a1bc68b38504e65525916/execute/sync'
2023-04-27 14:09:44 DEBUG NettyRequestSender:251 ? Using open Channel [id: 0xa7438149, L:/127.0.0.1:65288 - R:localhost/127.0.0.1:9505] for POST '/session/9d1df983106a1bc68b38504e65525916/execute/sync'
2023-04-27 14:09:45 DEBUG HttpHandler:70 ? 

Request DefaultHttpRequest(decodeResult: success, version: HTTP/1.1)
POST /session/9d1df983106a1bc68b38504e65525916/execute/sync HTTP/1.1
User-Agent: selenium/4.9.0 (java windows)
Content-Length: 48807
Content-Type: application/json; charset=utf-8
host: localhost:9505
accept: */*

Response DefaultHttpResponse(decodeResult: success, version: HTTP/1.1)
HTTP/1.1 200 OK
Content-Length: 14
Content-Type: application/json; charset=utf-8
cache-control: no-cache

2023-04-27 14:09:45 DEBUG ChannelManager:270 ? Adding key: http://localhost:9505 for channel [id: 0xa7438149, L:/127.0.0.1:65288 - R:localhost/127.0.0.1:9505]
2023-04-27 14:09:45 DEBUG NettyRequestSender:593 ? Using pooled Channel '[id: 0xa7438149, L:/127.0.0.1:65288 - R:localhost/127.0.0.1:9505]' for 'POST' to 'http://localhost:9505/session/9d1df983106a1bc68b38504e65525916/element'
2023-04-27 14:09:45 DEBUG NettyRequestSender:251 ? Using open Channel [id: 0xa7438149, L:/127.0.0.1:65288 - R:localhost/127.0.0.1:9505] for POST '/session/9d1df983106a1bc68b38504e65525916/element'
2023-04-27 14:09:45 DEBUG HttpHandler:70 ? 

Request DefaultHttpRequest(decodeResult: success, version: HTTP/1.1)
POST /session/9d1df983106a1bc68b38504e65525916/element HTTP/1.1
User-Agent: selenium/4.9.0 (java windows)
Content-Length: 71
Content-Type: application/json; charset=utf-8
host: localhost:9505
accept: */*

Response DefaultHttpResponse(decodeResult: success, version: HTTP/1.1)
HTTP/1.1 200 OK
Content-Length: 88
Content-Type: application/json; charset=utf-8
cache-control: no-cache

2023-04-27 14:09:45 DEBUG ChannelManager:270 ? Adding key: http://localhost:9505 for channel [id: 0xa7438149, L:/127.0.0.1:65288 - R:localhost/127.0.0.1:9505]
2023-04-27 14:09:45 DEBUG NettyRequestSender:593 ? Using pooled Channel '[id: 0xa7438149, L:/127.0.0.1:65288 - R:localhost/127.0.0.1:9505]' for 'POST' to 'http://localhost:9505/session/9d1df983106a1bc68b38504e65525916/execute/sync'
2023-04-27 14:09:45 DEBUG NettyRequestSender:251 ? Using open Channel [id: 0xa7438149, L:/127.0.0.1:65288 - R:localhost/127.0.0.1:9505] for POST '/session/9d1df983106a1bc68b38504e65525916/execute/sync'
2023-04-27 14:09:45 DEBUG HttpHandler:70 ? 

Request DefaultHttpRequest(decodeResult: success, version: HTTP/1.1)
POST /session/9d1df983106a1bc68b38504e65525916/execute/sync HTTP/1.1
User-Agent: selenium/4.9.0 (java windows)
Content-Length: 48807
Content-Type: application/json; charset=utf-8
host: localhost:9505
accept: */*

Response DefaultHttpResponse(decodeResult: success, version: HTTP/1.1)
HTTP/1.1 200 OK
Content-Length: 14
Content-Type: application/json; charset=utf-8
cache-control: no-cache

2023-04-27 14:09:45 DEBUG ChannelManager:270 ? Adding key: http://localhost:9505 for channel [id: 0xa7438149, L:/127.0.0.1:65288 - R:localhost/127.0.0.1:9505]
2023-04-27 14:09:45 DEBUG NettyRequestSender:593 ? Using pooled Channel '[id: 0xa7438149, L:/127.0.0.1:65288 - R:localhost/127.0.0.1:9505]' for 'POST' to 'http://localhost:9505/session/9d1df983106a1bc68b38504e65525916/element'
2023-04-27 14:09:45 DEBUG NettyRequestSender:251 ? Using open Channel [id: 0xa7438149, L:/127.0.0.1:65288 - R:localhost/127.0.0.1:9505] for POST '/session/9d1df983106a1bc68b38504e65525916/element'
2023-04-27 14:09:45 DEBUG HttpHandler:70 ? 

Request DefaultHttpRequest(decodeResult: success, version: HTTP/1.1)
POST /session/9d1df983106a1bc68b38504e65525916/element HTTP/1.1
User-Agent: selenium/4.9.0 (java windows)
Content-Length: 72
Content-Type: application/json; charset=utf-8
host: localhost:9505
accept: */*

Response DefaultHttpResponse(decodeResult: success, version: HTTP/1.1)
HTTP/1.1 200 OK
Content-Length: 88
Content-Type: application/json; charset=utf-8
cache-control: no-cache

2023-04-27 14:09:45 DEBUG ChannelManager:270 ? Adding key: http://localhost:9505 for channel [id: 0xa7438149, L:/127.0.0.1:65288 - R:localhost/127.0.0.1:9505]
2023-04-27 14:09:45 DEBUG NettyRequestSender:593 ? Using pooled Channel '[id: 0xa7438149, L:/127.0.0.1:65288 - R:localhost/127.0.0.1:9505]' for 'POST' to 'http://localhost:9505/session/9d1df983106a1bc68b38504e65525916/execute/sync'
2023-04-27 14:09:45 DEBUG NettyRequestSender:251 ? Using open Channel [id: 0xa7438149, L:/127.0.0.1:65288 - R:localhost/127.0.0.1:9505] for POST '/session/9d1df983106a1bc68b38504e65525916/execute/sync'
2023-04-27 14:09:45 DEBUG HttpHandler:70 ? 

Request DefaultHttpRequest(decodeResult: success, version: HTTP/1.1)
POST /session/9d1df983106a1bc68b38504e65525916/execute/sync HTTP/1.1
User-Agent: selenium/4.9.0 (java windows)
Content-Length: 48807
Content-Type: application/json; charset=utf-8
host: localhost:9505
accept: */*

Response DefaultHttpResponse(decodeResult: success, version: HTTP/1.1)
HTTP/1.1 200 OK
Content-Length: 14
Content-Type: application/json; charset=utf-8
cache-control: no-cache

2023-04-27 14:09:45 DEBUG ChannelManager:270 ? Adding key: http://localhost:9505 for channel [id: 0xa7438149, L:/127.0.0.1:65288 - R:localhost/127.0.0.1:9505]
2023-04-27 14:09:45 DEBUG NettyRequestSender:593 ? Using pooled Channel '[id: 0xa7438149, L:/127.0.0.1:65288 - R:localhost/127.0.0.1:9505]' for 'POST' to 'http://localhost:9505/session/9d1df983106a1bc68b38504e65525916/element'
2023-04-27 14:09:45 DEBUG NettyRequestSender:251 ? Using open Channel [id: 0xa7438149, L:/127.0.0.1:65288 - R:localhost/127.0.0.1:9505] for POST '/session/9d1df983106a1bc68b38504e65525916/element'
2023-04-27 14:09:45 DEBUG HttpHandler:70 ? 

Request DefaultHttpRequest(decodeResult: success, version: HTTP/1.1)
POST /session/9d1df983106a1bc68b38504e65525916/element HTTP/1.1
User-Agent: selenium/4.9.0 (java windows)
Content-Length: 69
Content-Type: application/json; charset=utf-8
host: localhost:9505
accept: */*

Response DefaultHttpResponse(decodeResult: success, version: HTTP/1.1)
HTTP/1.1 200 OK
Content-Length: 88
Content-Type: application/json; charset=utf-8
cache-control: no-cache

2023-04-27 14:09:45 DEBUG ChannelManager:270 ? Adding key: http://localhost:9505 for channel [id: 0xa7438149, L:/127.0.0.1:65288 - R:localhost/127.0.0.1:9505]
2023-04-27 14:09:45 DEBUG NettyRequestSender:593 ? Using pooled Channel '[id: 0xa7438149, L:/127.0.0.1:65288 - R:localhost/127.0.0.1:9505]' for 'POST' to 'http://localhost:9505/session/9d1df983106a1bc68b38504e65525916/execute/sync'
2023-04-27 14:09:45 DEBUG NettyRequestSender:251 ? Using open Channel [id: 0xa7438149, L:/127.0.0.1:65288 - R:localhost/127.0.0.1:9505] for POST '/session/9d1df983106a1bc68b38504e65525916/execute/sync'
2023-04-27 14:09:45 DEBUG HttpHandler:70 ? 

Request DefaultHttpRequest(decodeResult: success, version: HTTP/1.1)
POST /session/9d1df983106a1bc68b38504e65525916/execute/sync HTTP/1.1
User-Agent: selenium/4.9.0 (java windows)
Content-Length: 48807
Content-Type: application/json; charset=utf-8
host: localhost:9505
accept: */*

Response DefaultHttpResponse(decodeResult: success, version: HTTP/1.1)
HTTP/1.1 200 OK
Content-Length: 14
Content-Type: application/json; charset=utf-8
cache-control: no-cache

2023-04-27 14:09:45 DEBUG ChannelManager:270 ? Adding key: http://localhost:9505 for channel [id: 0xa7438149, L:/127.0.0.1:65288 - R:localhost/127.0.0.1:9505]
2023-04-27 14:09:45 DEBUG NettyRequestSender:593 ? Using pooled Channel '[id: 0xa7438149, L:/127.0.0.1:65288 - R:localhost/127.0.0.1:9505]' for 'POST' to 'http://localhost:9505/session/9d1df983106a1bc68b38504e65525916/element'
2023-04-27 14:09:45 DEBUG NettyRequestSender:251 ? Using open Channel [id: 0xa7438149, L:/127.0.0.1:65288 - R:localhost/127.0.0.1:9505] for POST '/session/9d1df983106a1bc68b38504e65525916/element'
2023-04-27 14:09:45 DEBUG HttpHandler:70 ? 

Request DefaultHttpRequest(decodeResult: success, version: HTTP/1.1)
POST /session/9d1df983106a1bc68b38504e65525916/element HTTP/1.1
User-Agent: selenium/4.9.0 (java windows)
Content-Length: 71
Content-Type: application/json; charset=utf-8
host: localhost:9505
accept: */*

Response DefaultHttpResponse(decodeResult: success, version: HTTP/1.1)
HTTP/1.1 200 OK
Content-Length: 88
Content-Type: application/json; charset=utf-8
cache-control: no-cache

2023-04-27 14:09:45 DEBUG ChannelManager:270 ? Adding key: http://localhost:9505 for channel [id: 0xa7438149, L:/127.0.0.1:65288 - R:localhost/127.0.0.1:9505]
2023-04-27 14:09:45 DEBUG NettyRequestSender:593 ? Using pooled Channel '[id: 0xa7438149, L:/127.0.0.1:65288 - R:localhost/127.0.0.1:9505]' for 'POST' to 'http://localhost:9505/session/9d1df983106a1bc68b38504e65525916/execute/sync'
2023-04-27 14:09:45 DEBUG NettyRequestSender:251 ? Using open Channel [id: 0xa7438149, L:/127.0.0.1:65288 - R:localhost/127.0.0.1:9505] for POST '/session/9d1df983106a1bc68b38504e65525916/execute/sync'
2023-04-27 14:09:45 DEBUG HttpHandler:70 ? 

Request DefaultHttpRequest(decodeResult: success, version: HTTP/1.1)
POST /session/9d1df983106a1bc68b38504e65525916/execute/sync HTTP/1.1
User-Agent: selenium/4.9.0 (java windows)
Content-Length: 48807
Content-Type: application/json; charset=utf-8
host: localhost:9505
accept: */*

Response DefaultHttpResponse(decodeResult: success, version: HTTP/1.1)
HTTP/1.1 200 OK
Content-Length: 14
Content-Type: application/json; charset=utf-8
cache-control: no-cache

2023-04-27 14:09:45 DEBUG ChannelManager:270 ? Adding key: http://localhost:9505 for channel [id: 0xa7438149, L:/127.0.0.1:65288 - R:localhost/127.0.0.1:9505]
2023-04-27 14:09:45 DEBUG NettyRequestSender:593 ? Using pooled Channel '[id: 0xa7438149, L:/127.0.0.1:65288 - R:localhost/127.0.0.1:9505]' for 'POST' to 'http://localhost:9505/session/9d1df983106a1bc68b38504e65525916/element'
2023-04-27 14:09:45 DEBUG NettyRequestSender:251 ? Using open Channel [id: 0xa7438149, L:/127.0.0.1:65288 - R:localhost/127.0.0.1:9505] for POST '/session/9d1df983106a1bc68b38504e65525916/element'
2023-04-27 14:09:45 DEBUG HttpHandler:70 ? 

Request DefaultHttpRequest(decodeResult: success, version: HTTP/1.1)
POST /session/9d1df983106a1bc68b38504e65525916/element HTTP/1.1
User-Agent: selenium/4.9.0 (java windows)
Content-Length: 69
Content-Type: application/json; charset=utf-8
host: localhost:9505
accept: */*

Response DefaultHttpResponse(decodeResult: success, version: HTTP/1.1)
HTTP/1.1 200 OK
Content-Length: 88
Content-Type: application/json; charset=utf-8
cache-control: no-cache

2023-04-27 14:09:45 DEBUG ChannelManager:270 ? Adding key: http://localhost:9505 for channel [id: 0xa7438149, L:/127.0.0.1:65288 - R:localhost/127.0.0.1:9505]
2023-04-27 14:09:45 DEBUG NettyRequestSender:593 ? Using pooled Channel '[id: 0xa7438149, L:/127.0.0.1:65288 - R:localhost/127.0.0.1:9505]' for 'POST' to 'http://localhost:9505/session/9d1df983106a1bc68b38504e65525916/actions'
2023-04-27 14:09:45 DEBUG NettyRequestSender:251 ? Using open Channel [id: 0xa7438149, L:/127.0.0.1:65288 - R:localhost/127.0.0.1:9505] for POST '/session/9d1df983106a1bc68b38504e65525916/actions'
2023-04-27 14:09:45 DEBUG HttpHandler:70 ? 

Request DefaultHttpRequest(decodeResult: success, version: HTTP/1.1)
POST /session/9d1df983106a1bc68b38504e65525916/actions HTTP/1.1
User-Agent: selenium/4.9.0 (java windows)
Content-Length: 3755
Content-Type: application/json; charset=utf-8
host: localhost:9505
accept: */*

Response DefaultHttpResponse(decodeResult: success, version: HTTP/1.1)
HTTP/1.1 200 OK
Content-Length: 14
Content-Type: application/json; charset=utf-8
cache-control: no-cache

2023-04-27 14:09:45 DEBUG ChannelManager:270 ? Adding key: http://localhost:9505 for channel [id: 0xa7438149, L:/127.0.0.1:65288 - R:localhost/127.0.0.1:9505]
2023-04-27 14:09:45 DEBUG NettyRequestSender:593 ? Using pooled Channel '[id: 0xa7438149, L:/127.0.0.1:65288 - R:localhost/127.0.0.1:9505]' for 'POST' to 'http://localhost:9505/session/9d1df983106a1bc68b38504e65525916/element'
2023-04-27 14:09:45 DEBUG NettyRequestSender:251 ? Using open Channel [id: 0xa7438149, L:/127.0.0.1:65288 - R:localhost/127.0.0.1:9505] for POST '/session/9d1df983106a1bc68b38504e65525916/element'
2023-04-27 14:09:45 DEBUG HttpHandler:70 ? 

Request DefaultHttpRequest(decodeResult: success, version: HTTP/1.1)
POST /session/9d1df983106a1bc68b38504e65525916/element HTTP/1.1
User-Agent: selenium/4.9.0 (java windows)
Content-Length: 72
Content-Type: application/json; charset=utf-8
host: localhost:9505
accept: */*

Response DefaultHttpResponse(decodeResult: success, version: HTTP/1.1)
HTTP/1.1 200 OK
Content-Length: 88
Content-Type: application/json; charset=utf-8
cache-control: no-cache

2023-04-27 14:09:45 DEBUG ChannelManager:270 ? Adding key: http://localhost:9505 for channel [id: 0xa7438149, L:/127.0.0.1:65288 - R:localhost/127.0.0.1:9505]
2023-04-27 14:09:45 DEBUG NettyRequestSender:593 ? Using pooled Channel '[id: 0xa7438149, L:/127.0.0.1:65288 - R:localhost/127.0.0.1:9505]' for 'POST' to 'http://localhost:9505/session/9d1df983106a1bc68b38504e65525916/actions'
2023-04-27 14:09:45 DEBUG NettyRequestSender:251 ? Using open Channel [id: 0xa7438149, L:/127.0.0.1:65288 - R:localhost/127.0.0.1:9505] for POST '/session/9d1df983106a1bc68b38504e65525916/actions'
2023-04-27 14:09:45 DEBUG HttpHandler:70 ? 

Request DefaultHttpRequest(decodeResult: success, version: HTTP/1.1)
POST /session/9d1df983106a1bc68b38504e65525916/actions HTTP/1.1
User-Agent: selenium/4.9.0 (java windows)
Content-Length: 3755
Content-Type: application/json; charset=utf-8
host: localhost:9505
accept: */*

Response DefaultHttpResponse(decodeResult: success, version: HTTP/1.1)
HTTP/1.1 200 OK
Content-Length: 14
Content-Type: application/json; charset=utf-8
cache-control: no-cache

2023-04-27 14:09:45 DEBUG ChannelManager:270 ? Adding key: http://localhost:9505 for channel [id: 0xa7438149, L:/127.0.0.1:65288 - R:localhost/127.0.0.1:9505]
2023-04-27 14:09:45 DEBUG NettyRequestSender:593 ? Using pooled Channel '[id: 0xa7438149, L:/127.0.0.1:65288 - R:localhost/127.0.0.1:9505]' for 'POST' to 'http://localhost:9505/session/9d1df983106a1bc68b38504e65525916/element'
2023-04-27 14:09:45 DEBUG NettyRequestSender:251 ? Using open Channel [id: 0xa7438149, L:/127.0.0.1:65288 - R:localhost/127.0.0.1:9505] for POST '/session/9d1df983106a1bc68b38504e65525916/element'
2023-04-27 14:09:45 DEBUG HttpHandler:70 ? 

Request DefaultHttpRequest(decodeResult: success, version: HTTP/1.1)
POST /session/9d1df983106a1bc68b38504e65525916/element HTTP/1.1
User-Agent: selenium/4.9.0 (java windows)
Content-Length: 71
Content-Type: application/json; charset=utf-8
host: localhost:9505
accept: */*

Response DefaultHttpResponse(decodeResult: success, version: HTTP/1.1)
HTTP/1.1 200 OK
Content-Length: 88
Content-Type: application/json; charset=utf-8
cache-control: no-cache

2023-04-27 14:09:45 DEBUG ChannelManager:270 ? Adding key: http://localhost:9505 for channel [id: 0xa7438149, L:/127.0.0.1:65288 - R:localhost/127.0.0.1:9505]
2023-04-27 14:09:45 DEBUG NettyRequestSender:593 ? Using pooled Channel '[id: 0xa7438149, L:/127.0.0.1:65288 - R:localhost/127.0.0.1:9505]' for 'POST' to 'http://localhost:9505/session/9d1df983106a1bc68b38504e65525916/actions'
2023-04-27 14:09:45 DEBUG NettyRequestSender:251 ? Using open Channel [id: 0xa7438149, L:/127.0.0.1:65288 - R:localhost/127.0.0.1:9505] for POST '/session/9d1df983106a1bc68b38504e65525916/actions'
2023-04-27 14:09:45 DEBUG DefaultChannelPool:348 ? Entry count for : http://localhost:65294 : 1
2023-04-27 14:09:45 DEBUG HttpHandler:70 ? 

Request DefaultHttpRequest(decodeResult: success, version: HTTP/1.1)
POST /session/9d1df983106a1bc68b38504e65525916/actions HTTP/1.1
User-Agent: selenium/4.9.0 (java windows)
Content-Length: 567
Content-Type: application/json; charset=utf-8
host: localhost:9505
accept: */*

Response DefaultHttpResponse(decodeResult: success, version: HTTP/1.1)
HTTP/1.1 200 OK
Content-Length: 14
Content-Type: application/json; charset=utf-8
cache-control: no-cache

2023-04-27 14:09:45 DEBUG ChannelManager:270 ? Adding key: http://localhost:9505 for channel [id: 0xa7438149, L:/127.0.0.1:65288 - R:localhost/127.0.0.1:9505]
2023-04-27 14:09:45 DEBUG NettyRequestSender:593 ? Using pooled Channel '[id: 0xa7438149, L:/127.0.0.1:65288 - R:localhost/127.0.0.1:9505]' for 'POST' to 'http://localhost:9505/session/9d1df983106a1bc68b38504e65525916/element'
2023-04-27 14:09:45 DEBUG NettyRequestSender:251 ? Using open Channel [id: 0xa7438149, L:/127.0.0.1:65288 - R:localhost/127.0.0.1:9505] for POST '/session/9d1df983106a1bc68b38504e65525916/element'
2023-04-27 14:09:46 DEBUG HttpHandler:70 ? 

Request DefaultHttpRequest(decodeResult: success, version: HTTP/1.1)
POST /session/9d1df983106a1bc68b38504e65525916/element HTTP/1.1
User-Agent: selenium/4.9.0 (java windows)
Content-Length: 94
Content-Type: application/json; charset=utf-8
host: localhost:9505
accept: */*

Response DefaultHttpResponse(decodeResult: success, version: HTTP/1.1)
HTTP/1.1 200 OK
Content-Length: 88
Content-Type: application/json; charset=utf-8
cache-control: no-cache

2023-04-27 14:09:46 DEBUG ChannelManager:270 ? Adding key: http://localhost:9505 for channel [id: 0xa7438149, L:/127.0.0.1:65288 - R:localhost/127.0.0.1:9505]
2023-04-27 14:09:46 DEBUG NettyRequestSender:593 ? Using pooled Channel '[id: 0xa7438149, L:/127.0.0.1:65288 - R:localhost/127.0.0.1:9505]' for 'GET' to 'http://localhost:9505/session/9d1df983106a1bc68b38504e65525916/element/b4297911-d627-4b1a-b78f-9450cbbd1aee/text'
2023-04-27 14:09:46 DEBUG NettyRequestSender:251 ? Using open Channel [id: 0xa7438149, L:/127.0.0.1:65288 - R:localhost/127.0.0.1:9505] for GET '/session/9d1df983106a1bc68b38504e65525916/element/b4297911-d627-4b1a-b78f-9450cbbd1aee/text'
2023-04-27 14:09:46 DEBUG HttpHandler:70 ? 

Request DefaultFullHttpRequest(decodeResult: success, version: HTTP/1.1, content: EmptyByteBufBE)
GET /session/9d1df983106a1bc68b38504e65525916/element/b4297911-d627-4b1a-b78f-9450cbbd1aee/text HTTP/1.1
User-Agent: selenium/4.9.0 (java windows)
Cache-Control: no-cache
Content-Type: application/json; charset=utf-8
host: localhost:9505
accept: */*

Response DefaultHttpResponse(decodeResult: success, version: HTTP/1.1)
HTTP/1.1 200 OK
Content-Length: 37
Content-Type: application/json; charset=utf-8
cache-control: no-cache

2023-04-27 14:09:46 DEBUG ChannelManager:270 ? Adding key: http://localhost:9505 for channel [id: 0xa7438149, L:/127.0.0.1:65288 - R:localhost/127.0.0.1:9505]
2023-04-27 17:14:29 DEBUG InternalLoggerFactory:63 ? Using SLF4J as the default logging framework
2023-04-27 17:14:29 DEBUG ResourceLeakDetector:129 ? -Dio.netty.leakDetection.level: simple
2023-04-27 17:14:29 DEBUG ResourceLeakDetector:130 ? -Dio.netty.leakDetection.targetRecords: 4
2023-04-27 17:14:29 DEBUG ResourceLeakDetectorFactory:196 ? Loaded default ResourceLeakDetector: io.netty.util.ResourceLeakDetector@60bdf15d
2023-04-27 17:14:29 DEBUG PlatformDependent0:496 ? -Dio.netty.noUnsafe: false
2023-04-27 17:14:29 DEBUG PlatformDependent0:1000 ? Java version: 19
2023-04-27 17:14:29 DEBUG PlatformDependent0:137 ? sun.misc.Unsafe.theUnsafe: available
2023-04-27 17:14:29 DEBUG PlatformDependent0:161 ? sun.misc.Unsafe.copyMemory: available
2023-04-27 17:14:29 DEBUG PlatformDependent0:193 ? sun.misc.Unsafe.storeFence: available
2023-04-27 17:14:29 DEBUG PlatformDependent0:236 ? java.nio.Buffer.address: available
2023-04-27 17:14:29 DEBUG PlatformDependent0:320 ? direct buffer constructor: unavailable: Reflective setAccessible(true) disabled
2023-04-27 17:14:29 DEBUG PlatformDependent0:385 ? java.nio.Bits.unaligned: available, true
2023-04-27 17:14:29 DEBUG PlatformDependent0:452 ? jdk.internal.misc.Unsafe.allocateUninitializedArray(int): unavailable: class io.netty.util.internal.PlatformDependent0$7 cannot access class jdk.internal.misc.Unsafe (in module java.base) because module java.base does not export jdk.internal.misc to unnamed module @5679c6c6
2023-04-27 17:14:29 DEBUG PlatformDependent0:482 ? java.nio.DirectByteBuffer.<init>(long, int): unavailable
2023-04-27 17:14:29 DEBUG PlatformDependent:1159 ? sun.misc.Unsafe: available
2023-04-27 17:14:29 DEBUG PlatformDependent:1270 ? maxDirectMemory: 5339348992 bytes (maybe)
2023-04-27 17:14:29 DEBUG PlatformDependent:1289 ? -Dio.netty.tmpdir: C:\Users\rohit\AppData\Local\Temp (java.io.tmpdir)
2023-04-27 17:14:29 DEBUG PlatformDependent:1368 ? -Dio.netty.bitMode: 64 (sun.arch.data.model)
2023-04-27 17:14:29 DEBUG PlatformDependent:1119 ? Platform: Windows
2023-04-27 17:14:29 DEBUG PlatformDependent:178 ? -Dio.netty.maxDirectMemory: -1 bytes
2023-04-27 17:14:29 DEBUG PlatformDependent:185 ? -Dio.netty.uninitializedArrayAllocationThreshold: -1
2023-04-27 17:14:29 DEBUG CleanerJava9:71 ? java.nio.ByteBuffer.cleaner(): available
2023-04-27 17:14:29 DEBUG PlatformDependent:205 ? -Dio.netty.noPreferDirect: false
2023-04-27 17:14:29 DEBUG PlatformDependent:1010 ? org.jctools-core.MpscChunkedArrayQueue: available
2023-04-27 17:14:29 DEBUG InternalThreadLocalMap:100 ? -Dio.netty.threadLocalMap.stringBuilder.initialSize: 1024
2023-04-27 17:14:29 DEBUG InternalThreadLocalMap:101 ? -Dio.netty.threadLocalMap.stringBuilder.maxSize: 4096
2023-04-27 17:14:30 DEBUG JdkSslContext:83 ? Default protocols (JDK): [TLSv1.3, TLSv1.2] 
2023-04-27 17:14:30 DEBUG JdkSslContext:84 ? Default cipher suites (JDK): [TLS_ECDHE_ECDSA_WITH_AES_256_GCM_SHA384, TLS_ECDHE_ECDSA_WITH_AES_128_GCM_SHA256, TLS_ECDHE_RSA_WITH_AES_128_GCM_SHA256, TLS_ECDHE_RSA_WITH_AES_256_GCM_SHA384, TLS_ECDHE_RSA_WITH_AES_128_CBC_SHA, TLS_ECDHE_RSA_WITH_AES_256_CBC_SHA, TLS_RSA_WITH_AES_128_GCM_SHA256, TLS_RSA_WITH_AES_128_CBC_SHA, TLS_RSA_WITH_AES_256_CBC_SHA, TLS_AES_128_GCM_SHA256, TLS_AES_256_GCM_SHA384]
2023-04-27 17:14:30 DEBUG GlobalEventExecutor:53 ? -Dio.netty.globalEventExecutor.quietPeriodSeconds: 1
2023-04-27 17:14:30 DEBUG MultithreadEventLoopGroup:44 ? -Dio.netty.eventLoopThreads: 16
2023-04-27 17:14:30 DEBUG NioEventLoop:110 ? -Dio.netty.noKeySetOptimization: false
2023-04-27 17:14:30 DEBUG NioEventLoop:111 ? -Dio.netty.selectorAutoRebuildThreshold: 512
2023-04-27 17:14:30 DEBUG PooledByteBufAllocator:157 ? -Dio.netty.allocator.numHeapArenas: 16
2023-04-27 17:14:30 DEBUG PooledByteBufAllocator:158 ? -Dio.netty.allocator.numDirectArenas: 16
2023-04-27 17:14:30 DEBUG PooledByteBufAllocator:160 ? -Dio.netty.allocator.pageSize: 8192
2023-04-27 17:14:30 DEBUG PooledByteBufAllocator:165 ? -Dio.netty.allocator.maxOrder: 9
2023-04-27 17:14:30 DEBUG PooledByteBufAllocator:169 ? -Dio.netty.allocator.chunkSize: 4194304
2023-04-27 17:14:30 DEBUG PooledByteBufAllocator:170 ? -Dio.netty.allocator.smallCacheSize: 256
2023-04-27 17:14:30 DEBUG PooledByteBufAllocator:171 ? -Dio.netty.allocator.normalCacheSize: 64
2023-04-27 17:14:30 DEBUG PooledByteBufAllocator:172 ? -Dio.netty.allocator.maxCachedBufferCapacity: 32768
2023-04-27 17:14:30 DEBUG PooledByteBufAllocator:173 ? -Dio.netty.allocator.cacheTrimInterval: 8192
2023-04-27 17:14:30 DEBUG PooledByteBufAllocator:174 ? -Dio.netty.allocator.cacheTrimIntervalMillis: 0
2023-04-27 17:14:30 DEBUG PooledByteBufAllocator:175 ? -Dio.netty.allocator.useCacheForAllThreads: false
2023-04-27 17:14:30 DEBUG PooledByteBufAllocator:176 ? -Dio.netty.allocator.maxCachedByteBuffersPerChunk: 1023
2023-04-27 17:14:30 DEBUG ByteBufUtil:88 ? -Dio.netty.allocator.type: pooled
2023-04-27 17:14:30 DEBUG ByteBufUtil:97 ? -Dio.netty.threadLocalDirectBufferSize: 0
2023-04-27 17:14:30 DEBUG ByteBufUtil:100 ? -Dio.netty.maxThreadLocalCharBufferSize: 16384
2023-04-27 17:14:30 DEBUG DefaultChannelId:79 ? -Dio.netty.processId: 29648 (auto-detected)
2023-04-27 17:14:30 DEBUG NetUtil:148 ? -Djava.net.preferIPv4Stack: false
2023-04-27 17:14:30 DEBUG NetUtil:149 ? -Djava.net.preferIPv6Addresses: false
2023-04-27 17:14:30 DEBUG NetUtilInitializations:145 ? Loopback interface: lo (Software Loopback Interface 1, 127.0.0.1)
2023-04-27 17:14:30 DEBUG NetUtil:206 ? Failed to get SOMAXCONN from sysctl and file \proc\sys\net\core\somaxconn. Default: 200
2023-04-27 17:14:30 DEBUG DefaultChannelId:101 ? -Dio.netty.machineId: 70:c9:4e:ff:fe:a9:98:9d (auto-detected)
2023-04-27 17:14:30 DEBUG AbstractByteBuf:63 ? -Dio.netty.buffer.checkAccessible: true
2023-04-27 17:14:30 DEBUG AbstractByteBuf:64 ? -Dio.netty.buffer.checkBounds: true
2023-04-27 17:14:30 DEBUG ResourceLeakDetectorFactory:196 ? Loaded default ResourceLeakDetector: io.netty.util.ResourceLeakDetector@470e7bbe
2023-04-27 17:14:30 DEBUG NettyConnectListener:73 ? Using new Channel '[id: 0xdc4a013c, L:/127.0.0.1:53951 - R:localhost/127.0.0.1:39479]' for 'POST' to '/session'
2023-04-27 17:14:31 DEBUG Recycler:96 ? -Dio.netty.recycler.maxCapacityPerThread: 4096
2023-04-27 17:14:31 DEBUG Recycler:97 ? -Dio.netty.recycler.ratio: 8
2023-04-27 17:14:31 DEBUG Recycler:98 ? -Dio.netty.recycler.chunkSize: 32
2023-04-27 17:14:31 DEBUG Recycler:99 ? -Dio.netty.recycler.blocking: false
2023-04-27 17:14:31 DEBUG Recycler:100 ? -Dio.netty.recycler.batchFastThreadLocalOnly: true
2023-04-27 17:14:32 DEBUG Brotli:38 ? brotli4j not in the classpath; Brotli support will be unavailable.
2023-04-27 17:14:32 DEBUG HttpHandler:70 ? 

Request DefaultHttpRequest(decodeResult: success, version: HTTP/1.1)
POST /session HTTP/1.1
User-Agent: selenium/4.9.0 (java windows)
Content-Length: 254
Content-Type: application/json; charset=utf-8
host: localhost:39479
accept: */*

Response DefaultHttpResponse(decodeResult: success, version: HTTP/1.1)
HTTP/1.1 200 OK
Content-Length: 859
Content-Type: application/json; charset=utf-8
cache-control: no-cache

2023-04-27 17:14:32 DEBUG ChannelManager:270 ? Adding key: http://localhost:39479 for channel [id: 0xdc4a013c, L:/127.0.0.1:53951 - R:localhost/127.0.0.1:39479]
2023-04-27 17:14:32 DEBUG NettyConnectListener:73 ? Using new Channel '[id: 0x49a29c34, L:/127.0.0.1:53974 - R:localhost/127.0.0.1:53955]' for 'GET' to '/json/version'
2023-04-27 17:14:32 DEBUG HttpHandler:70 ? 

Request DefaultFullHttpRequest(decodeResult: success, version: HTTP/1.1, content: EmptyByteBufBE)
GET /json/version HTTP/1.1
User-Agent: selenium/4.9.0 (java windows)
host: localhost:53955
accept: */*

Response DefaultHttpResponse(decodeResult: success, version: HTTP/1.1)
HTTP/1.1 200 OK
Content-Security-Policy: frame-ancestors 'none'
Content-Length: 424
Content-Type: application/json; charset=UTF-8

2023-04-27 17:14:32 DEBUG ChannelManager:270 ? Adding key: http://localhost:53955 for channel [id: 0x49a29c34, L:/127.0.0.1:53974 - R:localhost/127.0.0.1:53955]
2023-04-27 17:14:32 DEBUG ThreadLocalRandom:214 ? -Dio.netty.initialSeedUniquifier: 0xaf7e31bf4f6d384d
2023-04-27 17:14:32 DEBUG NettyConnectListener:73 ? Using new Channel '[id: 0x0bbafd70, L:/127.0.0.1:53975 - R:localhost/127.0.0.1:53955]' for 'GET' to '/devtools/browser/a26e2d65-f8bd-458a-bf1d-168f90c2fa25'
2023-04-27 17:14:32 DEBUG WebSocketHandler:105 ? 

Request DefaultFullHttpRequest(decodeResult: success, version: HTTP/1.1, content: EmptyByteBufBE)
GET /devtools/browser/a26e2d65-f8bd-458a-bf1d-168f90c2fa25 HTTP/1.1
upgrade: websocket
connection: upgrade
sec-websocket-key: 2m8qKpLiJGElUw/tQsM6qQ==
sec-websocket-version: 13
origin: http://localhost:53955
host: localhost:53955
accept: */*
user-agent: AHC/2.1

Response DefaultHttpResponse(decodeResult: success, version: HTTP/1.1)
HTTP/1.1 101 WebSocket Protocol Handshake
Upgrade: WebSocket
Connection: Upgrade
Sec-WebSocket-Accept: SS/j+uGfGKr7nIqpc58zlwdwTtw=

2023-04-27 17:14:32 DEBUG NettyRequestSender:593 ? Using pooled Channel '[id: 0xdc4a013c, L:/127.0.0.1:53951 - R:localhost/127.0.0.1:39479]' for 'POST' to 'http://localhost:39479/session/3c202e0fe0d1a7db3b54a828713cb2aa/window/maximize'
2023-04-27 17:14:32 DEBUG NettyRequestSender:251 ? Using open Channel [id: 0xdc4a013c, L:/127.0.0.1:53951 - R:localhost/127.0.0.1:39479] for POST '/session/3c202e0fe0d1a7db3b54a828713cb2aa/window/maximize'
2023-04-27 17:14:32 DEBUG HttpHandler:70 ? 

Request DefaultHttpRequest(decodeResult: success, version: HTTP/1.1)
POST /session/3c202e0fe0d1a7db3b54a828713cb2aa/window/maximize HTTP/1.1
User-Agent: selenium/4.9.0 (java windows)
Content-Length: 3
Content-Type: application/json; charset=utf-8
host: localhost:39479
accept: */*

Response DefaultHttpResponse(decodeResult: success, version: HTTP/1.1)
HTTP/1.1 200 OK
Content-Length: 52
Content-Type: application/json; charset=utf-8
cache-control: no-cache

2023-04-27 17:14:32 DEBUG ChannelManager:270 ? Adding key: http://localhost:39479 for channel [id: 0xdc4a013c, L:/127.0.0.1:53951 - R:localhost/127.0.0.1:39479]
2023-04-27 17:14:32 DEBUG NettyRequestSender:593 ? Using pooled Channel '[id: 0xdc4a013c, L:/127.0.0.1:53951 - R:localhost/127.0.0.1:39479]' for 'POST' to 'http://localhost:39479/session/3c202e0fe0d1a7db3b54a828713cb2aa/timeouts'
2023-04-27 17:14:32 DEBUG NettyRequestSender:251 ? Using open Channel [id: 0xdc4a013c, L:/127.0.0.1:53951 - R:localhost/127.0.0.1:39479] for POST '/session/3c202e0fe0d1a7db3b54a828713cb2aa/timeouts'
2023-04-27 17:14:32 DEBUG HttpHandler:70 ? 

Request DefaultHttpRequest(decodeResult: success, version: HTTP/1.1)
POST /session/3c202e0fe0d1a7db3b54a828713cb2aa/timeouts HTTP/1.1
User-Agent: selenium/4.9.0 (java windows)
Content-Length: 23
Content-Type: application/json; charset=utf-8
host: localhost:39479
accept: */*

Response DefaultHttpResponse(decodeResult: success, version: HTTP/1.1)
HTTP/1.1 200 OK
Content-Length: 14
Content-Type: application/json; charset=utf-8
cache-control: no-cache

2023-04-27 17:14:32 DEBUG ChannelManager:270 ? Adding key: http://localhost:39479 for channel [id: 0xdc4a013c, L:/127.0.0.1:53951 - R:localhost/127.0.0.1:39479]
2023-04-27 17:14:32 DEBUG NettyRequestSender:593 ? Using pooled Channel '[id: 0xdc4a013c, L:/127.0.0.1:53951 - R:localhost/127.0.0.1:39479]' for 'POST' to 'http://localhost:39479/session/3c202e0fe0d1a7db3b54a828713cb2aa/url'
2023-04-27 17:14:32 DEBUG NettyRequestSender:251 ? Using open Channel [id: 0xdc4a013c, L:/127.0.0.1:53951 - R:localhost/127.0.0.1:39479] for POST '/session/3c202e0fe0d1a7db3b54a828713cb2aa/url'
2023-04-27 17:14:33 DEBUG DefaultChannelPool:348 ? Entry count for : http://localhost:53955 : 1
2023-04-27 17:14:33 DEBUG HttpHandler:70 ? 

Request DefaultHttpRequest(decodeResult: success, version: HTTP/1.1)
POST /session/3c202e0fe0d1a7db3b54a828713cb2aa/url HTTP/1.1
User-Agent: selenium/4.9.0 (java windows)
Content-Length: 59
Content-Type: application/json; charset=utf-8
host: localhost:39479
accept: */*

Response DefaultHttpResponse(decodeResult: success, version: HTTP/1.1)
HTTP/1.1 200 OK
Content-Length: 14
Content-Type: application/json; charset=utf-8
cache-control: no-cache

2023-04-27 17:14:33 DEBUG ChannelManager:270 ? Adding key: http://localhost:39479 for channel [id: 0xdc4a013c, L:/127.0.0.1:53951 - R:localhost/127.0.0.1:39479]
2023-04-27 17:14:33 DEBUG NettyRequestSender:593 ? Using pooled Channel '[id: 0xdc4a013c, L:/127.0.0.1:53951 - R:localhost/127.0.0.1:39479]' for 'POST' to 'http://localhost:39479/session/3c202e0fe0d1a7db3b54a828713cb2aa/element'
2023-04-27 17:14:33 DEBUG NettyRequestSender:251 ? Using open Channel [id: 0xdc4a013c, L:/127.0.0.1:53951 - R:localhost/127.0.0.1:39479] for POST '/session/3c202e0fe0d1a7db3b54a828713cb2aa/element'
2023-04-27 17:14:33 DEBUG HttpHandler:70 ? 

Request DefaultHttpRequest(decodeResult: success, version: HTTP/1.1)
POST /session/3c202e0fe0d1a7db3b54a828713cb2aa/element HTTP/1.1
User-Agent: selenium/4.9.0 (java windows)
Content-Length: 72
Content-Type: application/json; charset=utf-8
host: localhost:39479
accept: */*

Response DefaultHttpResponse(decodeResult: success, version: HTTP/1.1)
HTTP/1.1 200 OK
Content-Length: 88
Content-Type: application/json; charset=utf-8
cache-control: no-cache

2023-04-27 17:14:33 DEBUG ChannelManager:270 ? Adding key: http://localhost:39479 for channel [id: 0xdc4a013c, L:/127.0.0.1:53951 - R:localhost/127.0.0.1:39479]
2023-04-27 17:14:33 DEBUG NettyRequestSender:593 ? Using pooled Channel '[id: 0xdc4a013c, L:/127.0.0.1:53951 - R:localhost/127.0.0.1:39479]' for 'POST' to 'http://localhost:39479/session/3c202e0fe0d1a7db3b54a828713cb2aa/execute/sync'
2023-04-27 17:14:33 DEBUG NettyRequestSender:251 ? Using open Channel [id: 0xdc4a013c, L:/127.0.0.1:53951 - R:localhost/127.0.0.1:39479] for POST '/session/3c202e0fe0d1a7db3b54a828713cb2aa/execute/sync'
2023-04-27 17:14:33 DEBUG HttpHandler:70 ? 

Request DefaultHttpRequest(decodeResult: success, version: HTTP/1.1)
POST /session/3c202e0fe0d1a7db3b54a828713cb2aa/execute/sync HTTP/1.1
User-Agent: selenium/4.9.0 (java windows)
Content-Length: 48807
Content-Type: application/json; charset=utf-8
host: localhost:39479
accept: */*

Response DefaultHttpResponse(decodeResult: success, version: HTTP/1.1)
HTTP/1.1 200 OK
Content-Length: 14
Content-Type: application/json; charset=utf-8
cache-control: no-cache

2023-04-27 17:14:33 DEBUG ChannelManager:270 ? Adding key: http://localhost:39479 for channel [id: 0xdc4a013c, L:/127.0.0.1:53951 - R:localhost/127.0.0.1:39479]
2023-04-27 17:14:33 DEBUG NettyRequestSender:593 ? Using pooled Channel '[id: 0xdc4a013c, L:/127.0.0.1:53951 - R:localhost/127.0.0.1:39479]' for 'POST' to 'http://localhost:39479/session/3c202e0fe0d1a7db3b54a828713cb2aa/element'
2023-04-27 17:14:33 DEBUG NettyRequestSender:251 ? Using open Channel [id: 0xdc4a013c, L:/127.0.0.1:53951 - R:localhost/127.0.0.1:39479] for POST '/session/3c202e0fe0d1a7db3b54a828713cb2aa/element'
2023-04-27 17:14:33 DEBUG HttpHandler:70 ? 

Request DefaultHttpRequest(decodeResult: success, version: HTTP/1.1)
POST /session/3c202e0fe0d1a7db3b54a828713cb2aa/element HTTP/1.1
User-Agent: selenium/4.9.0 (java windows)
Content-Length: 69
Content-Type: application/json; charset=utf-8
host: localhost:39479
accept: */*

Response DefaultHttpResponse(decodeResult: success, version: HTTP/1.1)
HTTP/1.1 200 OK
Content-Length: 88
Content-Type: application/json; charset=utf-8
cache-control: no-cache

2023-04-27 17:14:33 DEBUG ChannelManager:270 ? Adding key: http://localhost:39479 for channel [id: 0xdc4a013c, L:/127.0.0.1:53951 - R:localhost/127.0.0.1:39479]
2023-04-27 17:14:33 DEBUG NettyRequestSender:593 ? Using pooled Channel '[id: 0xdc4a013c, L:/127.0.0.1:53951 - R:localhost/127.0.0.1:39479]' for 'POST' to 'http://localhost:39479/session/3c202e0fe0d1a7db3b54a828713cb2aa/execute/sync'
2023-04-27 17:14:33 DEBUG NettyRequestSender:251 ? Using open Channel [id: 0xdc4a013c, L:/127.0.0.1:53951 - R:localhost/127.0.0.1:39479] for POST '/session/3c202e0fe0d1a7db3b54a828713cb2aa/execute/sync'
2023-04-27 17:14:33 DEBUG HttpHandler:70 ? 

Request DefaultHttpRequest(decodeResult: success, version: HTTP/1.1)
POST /session/3c202e0fe0d1a7db3b54a828713cb2aa/execute/sync HTTP/1.1
User-Agent: selenium/4.9.0 (java windows)
Content-Length: 48807
Content-Type: application/json; charset=utf-8
host: localhost:39479
accept: */*

Response DefaultHttpResponse(decodeResult: success, version: HTTP/1.1)
HTTP/1.1 200 OK
Content-Length: 14
Content-Type: application/json; charset=utf-8
cache-control: no-cache

2023-04-27 17:14:33 DEBUG ChannelManager:270 ? Adding key: http://localhost:39479 for channel [id: 0xdc4a013c, L:/127.0.0.1:53951 - R:localhost/127.0.0.1:39479]
2023-04-27 17:14:33 DEBUG NettyRequestSender:593 ? Using pooled Channel '[id: 0xdc4a013c, L:/127.0.0.1:53951 - R:localhost/127.0.0.1:39479]' for 'POST' to 'http://localhost:39479/session/3c202e0fe0d1a7db3b54a828713cb2aa/element'
2023-04-27 17:14:33 DEBUG NettyRequestSender:251 ? Using open Channel [id: 0xdc4a013c, L:/127.0.0.1:53951 - R:localhost/127.0.0.1:39479] for POST '/session/3c202e0fe0d1a7db3b54a828713cb2aa/element'
2023-04-27 17:14:33 DEBUG HttpHandler:70 ? 

Request DefaultHttpRequest(decodeResult: success, version: HTTP/1.1)
POST /session/3c202e0fe0d1a7db3b54a828713cb2aa/element HTTP/1.1
User-Agent: selenium/4.9.0 (java windows)
Content-Length: 71
Content-Type: application/json; charset=utf-8
host: localhost:39479
accept: */*

Response DefaultHttpResponse(decodeResult: success, version: HTTP/1.1)
HTTP/1.1 200 OK
Content-Length: 88
Content-Type: application/json; charset=utf-8
cache-control: no-cache

2023-04-27 17:14:33 DEBUG ChannelManager:270 ? Adding key: http://localhost:39479 for channel [id: 0xdc4a013c, L:/127.0.0.1:53951 - R:localhost/127.0.0.1:39479]
2023-04-27 17:14:33 DEBUG NettyRequestSender:593 ? Using pooled Channel '[id: 0xdc4a013c, L:/127.0.0.1:53951 - R:localhost/127.0.0.1:39479]' for 'POST' to 'http://localhost:39479/session/3c202e0fe0d1a7db3b54a828713cb2aa/execute/sync'
2023-04-27 17:14:33 DEBUG NettyRequestSender:251 ? Using open Channel [id: 0xdc4a013c, L:/127.0.0.1:53951 - R:localhost/127.0.0.1:39479] for POST '/session/3c202e0fe0d1a7db3b54a828713cb2aa/execute/sync'
2023-04-27 17:14:33 DEBUG HttpHandler:70 ? 

Request DefaultHttpRequest(decodeResult: success, version: HTTP/1.1)
POST /session/3c202e0fe0d1a7db3b54a828713cb2aa/execute/sync HTTP/1.1
User-Agent: selenium/4.9.0 (java windows)
Content-Length: 48807
Content-Type: application/json; charset=utf-8
host: localhost:39479
accept: */*

Response DefaultHttpResponse(decodeResult: success, version: HTTP/1.1)
HTTP/1.1 200 OK
Content-Length: 14
Content-Type: application/json; charset=utf-8
cache-control: no-cache

2023-04-27 17:14:33 DEBUG ChannelManager:270 ? Adding key: http://localhost:39479 for channel [id: 0xdc4a013c, L:/127.0.0.1:53951 - R:localhost/127.0.0.1:39479]
2023-04-27 17:14:33 DEBUG NettyRequestSender:593 ? Using pooled Channel '[id: 0xdc4a013c, L:/127.0.0.1:53951 - R:localhost/127.0.0.1:39479]' for 'POST' to 'http://localhost:39479/session/3c202e0fe0d1a7db3b54a828713cb2aa/element'
2023-04-27 17:14:34 DEBUG NettyRequestSender:251 ? Using open Channel [id: 0xdc4a013c, L:/127.0.0.1:53951 - R:localhost/127.0.0.1:39479] for POST '/session/3c202e0fe0d1a7db3b54a828713cb2aa/element'
2023-04-27 17:14:34 DEBUG HttpHandler:70 ? 

Request DefaultHttpRequest(decodeResult: success, version: HTTP/1.1)
POST /session/3c202e0fe0d1a7db3b54a828713cb2aa/element HTTP/1.1
User-Agent: selenium/4.9.0 (java windows)
Content-Length: 72
Content-Type: application/json; charset=utf-8
host: localhost:39479
accept: */*

Response DefaultHttpResponse(decodeResult: success, version: HTTP/1.1)
HTTP/1.1 200 OK
Content-Length: 88
Content-Type: application/json; charset=utf-8
cache-control: no-cache

2023-04-27 17:14:34 DEBUG ChannelManager:270 ? Adding key: http://localhost:39479 for channel [id: 0xdc4a013c, L:/127.0.0.1:53951 - R:localhost/127.0.0.1:39479]
2023-04-27 17:14:34 DEBUG NettyRequestSender:593 ? Using pooled Channel '[id: 0xdc4a013c, L:/127.0.0.1:53951 - R:localhost/127.0.0.1:39479]' for 'POST' to 'http://localhost:39479/session/3c202e0fe0d1a7db3b54a828713cb2aa/execute/sync'
2023-04-27 17:14:34 DEBUG NettyRequestSender:251 ? Using open Channel [id: 0xdc4a013c, L:/127.0.0.1:53951 - R:localhost/127.0.0.1:39479] for POST '/session/3c202e0fe0d1a7db3b54a828713cb2aa/execute/sync'
2023-04-27 17:14:34 DEBUG HttpHandler:70 ? 

Request DefaultHttpRequest(decodeResult: success, version: HTTP/1.1)
POST /session/3c202e0fe0d1a7db3b54a828713cb2aa/execute/sync HTTP/1.1
User-Agent: selenium/4.9.0 (java windows)
Content-Length: 48807
Content-Type: application/json; charset=utf-8
host: localhost:39479
accept: */*

Response DefaultHttpResponse(decodeResult: success, version: HTTP/1.1)
HTTP/1.1 200 OK
Content-Length: 14
Content-Type: application/json; charset=utf-8
cache-control: no-cache

2023-04-27 17:14:34 DEBUG ChannelManager:270 ? Adding key: http://localhost:39479 for channel [id: 0xdc4a013c, L:/127.0.0.1:53951 - R:localhost/127.0.0.1:39479]
2023-04-27 17:14:34 DEBUG NettyRequestSender:593 ? Using pooled Channel '[id: 0xdc4a013c, L:/127.0.0.1:53951 - R:localhost/127.0.0.1:39479]' for 'POST' to 'http://localhost:39479/session/3c202e0fe0d1a7db3b54a828713cb2aa/element'
2023-04-27 17:14:34 DEBUG NettyRequestSender:251 ? Using open Channel [id: 0xdc4a013c, L:/127.0.0.1:53951 - R:localhost/127.0.0.1:39479] for POST '/session/3c202e0fe0d1a7db3b54a828713cb2aa/element'
2023-04-27 17:14:34 DEBUG HttpHandler:70 ? 

Request DefaultHttpRequest(decodeResult: success, version: HTTP/1.1)
POST /session/3c202e0fe0d1a7db3b54a828713cb2aa/element HTTP/1.1
User-Agent: selenium/4.9.0 (java windows)
Content-Length: 69
Content-Type: application/json; charset=utf-8
host: localhost:39479
accept: */*

Response DefaultHttpResponse(decodeResult: success, version: HTTP/1.1)
HTTP/1.1 200 OK
Content-Length: 88
Content-Type: application/json; charset=utf-8
cache-control: no-cache

2023-04-27 17:14:34 DEBUG ChannelManager:270 ? Adding key: http://localhost:39479 for channel [id: 0xdc4a013c, L:/127.0.0.1:53951 - R:localhost/127.0.0.1:39479]
2023-04-27 17:14:34 DEBUG NettyRequestSender:593 ? Using pooled Channel '[id: 0xdc4a013c, L:/127.0.0.1:53951 - R:localhost/127.0.0.1:39479]' for 'POST' to 'http://localhost:39479/session/3c202e0fe0d1a7db3b54a828713cb2aa/execute/sync'
2023-04-27 17:14:34 DEBUG NettyRequestSender:251 ? Using open Channel [id: 0xdc4a013c, L:/127.0.0.1:53951 - R:localhost/127.0.0.1:39479] for POST '/session/3c202e0fe0d1a7db3b54a828713cb2aa/execute/sync'
2023-04-27 17:14:34 DEBUG HttpHandler:70 ? 

Request DefaultHttpRequest(decodeResult: success, version: HTTP/1.1)
POST /session/3c202e0fe0d1a7db3b54a828713cb2aa/execute/sync HTTP/1.1
User-Agent: selenium/4.9.0 (java windows)
Content-Length: 48807
Content-Type: application/json; charset=utf-8
host: localhost:39479
accept: */*

Response DefaultHttpResponse(decodeResult: success, version: HTTP/1.1)
HTTP/1.1 200 OK
Content-Length: 14
Content-Type: application/json; charset=utf-8
cache-control: no-cache

2023-04-27 17:14:34 DEBUG ChannelManager:270 ? Adding key: http://localhost:39479 for channel [id: 0xdc4a013c, L:/127.0.0.1:53951 - R:localhost/127.0.0.1:39479]
2023-04-27 17:14:34 DEBUG NettyRequestSender:593 ? Using pooled Channel '[id: 0xdc4a013c, L:/127.0.0.1:53951 - R:localhost/127.0.0.1:39479]' for 'POST' to 'http://localhost:39479/session/3c202e0fe0d1a7db3b54a828713cb2aa/element'
2023-04-27 17:14:34 DEBUG NettyRequestSender:251 ? Using open Channel [id: 0xdc4a013c, L:/127.0.0.1:53951 - R:localhost/127.0.0.1:39479] for POST '/session/3c202e0fe0d1a7db3b54a828713cb2aa/element'
2023-04-27 17:14:34 DEBUG HttpHandler:70 ? 

Request DefaultHttpRequest(decodeResult: success, version: HTTP/1.1)
POST /session/3c202e0fe0d1a7db3b54a828713cb2aa/element HTTP/1.1
User-Agent: selenium/4.9.0 (java windows)
Content-Length: 71
Content-Type: application/json; charset=utf-8
host: localhost:39479
accept: */*

Response DefaultHttpResponse(decodeResult: success, version: HTTP/1.1)
HTTP/1.1 200 OK
Content-Length: 88
Content-Type: application/json; charset=utf-8
cache-control: no-cache

2023-04-27 17:14:34 DEBUG ChannelManager:270 ? Adding key: http://localhost:39479 for channel [id: 0xdc4a013c, L:/127.0.0.1:53951 - R:localhost/127.0.0.1:39479]
2023-04-27 17:14:34 DEBUG NettyRequestSender:593 ? Using pooled Channel '[id: 0xdc4a013c, L:/127.0.0.1:53951 - R:localhost/127.0.0.1:39479]' for 'POST' to 'http://localhost:39479/session/3c202e0fe0d1a7db3b54a828713cb2aa/execute/sync'
2023-04-27 17:14:34 DEBUG NettyRequestSender:251 ? Using open Channel [id: 0xdc4a013c, L:/127.0.0.1:53951 - R:localhost/127.0.0.1:39479] for POST '/session/3c202e0fe0d1a7db3b54a828713cb2aa/execute/sync'
2023-04-27 17:14:34 DEBUG HttpHandler:70 ? 

Request DefaultHttpRequest(decodeResult: success, version: HTTP/1.1)
POST /session/3c202e0fe0d1a7db3b54a828713cb2aa/execute/sync HTTP/1.1
User-Agent: selenium/4.9.0 (java windows)
Content-Length: 48807
Content-Type: application/json; charset=utf-8
host: localhost:39479
accept: */*

Response DefaultHttpResponse(decodeResult: success, version: HTTP/1.1)
HTTP/1.1 200 OK
Content-Length: 14
Content-Type: application/json; charset=utf-8
cache-control: no-cache

2023-04-27 17:14:34 DEBUG ChannelManager:270 ? Adding key: http://localhost:39479 for channel [id: 0xdc4a013c, L:/127.0.0.1:53951 - R:localhost/127.0.0.1:39479]
2023-04-27 17:14:34 DEBUG NettyRequestSender:593 ? Using pooled Channel '[id: 0xdc4a013c, L:/127.0.0.1:53951 - R:localhost/127.0.0.1:39479]' for 'POST' to 'http://localhost:39479/session/3c202e0fe0d1a7db3b54a828713cb2aa/element'
2023-04-27 17:14:34 DEBUG NettyRequestSender:251 ? Using open Channel [id: 0xdc4a013c, L:/127.0.0.1:53951 - R:localhost/127.0.0.1:39479] for POST '/session/3c202e0fe0d1a7db3b54a828713cb2aa/element'
2023-04-27 17:14:34 DEBUG DefaultChannelPool:348 ? Entry count for : http://localhost:53955 : 1
2023-04-27 17:14:34 DEBUG HttpHandler:70 ? 

Request DefaultHttpRequest(decodeResult: success, version: HTTP/1.1)
POST /session/3c202e0fe0d1a7db3b54a828713cb2aa/element HTTP/1.1
User-Agent: selenium/4.9.0 (java windows)
Content-Length: 69
Content-Type: application/json; charset=utf-8
host: localhost:39479
accept: */*

Response DefaultHttpResponse(decodeResult: success, version: HTTP/1.1)
HTTP/1.1 200 OK
Content-Length: 88
Content-Type: application/json; charset=utf-8
cache-control: no-cache

2023-04-27 17:14:34 DEBUG ChannelManager:270 ? Adding key: http://localhost:39479 for channel [id: 0xdc4a013c, L:/127.0.0.1:53951 - R:localhost/127.0.0.1:39479]
2023-04-27 17:14:34 DEBUG NettyRequestSender:593 ? Using pooled Channel '[id: 0xdc4a013c, L:/127.0.0.1:53951 - R:localhost/127.0.0.1:39479]' for 'POST' to 'http://localhost:39479/session/3c202e0fe0d1a7db3b54a828713cb2aa/actions'
2023-04-27 17:14:34 DEBUG NettyRequestSender:251 ? Using open Channel [id: 0xdc4a013c, L:/127.0.0.1:53951 - R:localhost/127.0.0.1:39479] for POST '/session/3c202e0fe0d1a7db3b54a828713cb2aa/actions'
2023-04-27 17:14:34 DEBUG HttpHandler:70 ? 

Request DefaultHttpRequest(decodeResult: success, version: HTTP/1.1)
POST /session/3c202e0fe0d1a7db3b54a828713cb2aa/actions HTTP/1.1
User-Agent: selenium/4.9.0 (java windows)
Content-Length: 2027
Content-Type: application/json; charset=utf-8
host: localhost:39479
accept: */*

Response DefaultHttpResponse(decodeResult: success, version: HTTP/1.1)
HTTP/1.1 200 OK
Content-Length: 14
Content-Type: application/json; charset=utf-8
cache-control: no-cache

2023-04-27 17:14:34 DEBUG ChannelManager:270 ? Adding key: http://localhost:39479 for channel [id: 0xdc4a013c, L:/127.0.0.1:53951 - R:localhost/127.0.0.1:39479]
2023-04-27 17:14:34 DEBUG NettyRequestSender:593 ? Using pooled Channel '[id: 0xdc4a013c, L:/127.0.0.1:53951 - R:localhost/127.0.0.1:39479]' for 'POST' to 'http://localhost:39479/session/3c202e0fe0d1a7db3b54a828713cb2aa/element'
2023-04-27 17:14:34 DEBUG NettyRequestSender:251 ? Using open Channel [id: 0xdc4a013c, L:/127.0.0.1:53951 - R:localhost/127.0.0.1:39479] for POST '/session/3c202e0fe0d1a7db3b54a828713cb2aa/element'
2023-04-27 17:14:34 DEBUG HttpHandler:70 ? 

Request DefaultHttpRequest(decodeResult: success, version: HTTP/1.1)
POST /session/3c202e0fe0d1a7db3b54a828713cb2aa/element HTTP/1.1
User-Agent: selenium/4.9.0 (java windows)
Content-Length: 72
Content-Type: application/json; charset=utf-8
host: localhost:39479
accept: */*

Response DefaultHttpResponse(decodeResult: success, version: HTTP/1.1)
HTTP/1.1 200 OK
Content-Length: 88
Content-Type: application/json; charset=utf-8
cache-control: no-cache

2023-04-27 17:14:34 DEBUG ChannelManager:270 ? Adding key: http://localhost:39479 for channel [id: 0xdc4a013c, L:/127.0.0.1:53951 - R:localhost/127.0.0.1:39479]
2023-04-27 17:14:34 DEBUG NettyRequestSender:593 ? Using pooled Channel '[id: 0xdc4a013c, L:/127.0.0.1:53951 - R:localhost/127.0.0.1:39479]' for 'POST' to 'http://localhost:39479/session/3c202e0fe0d1a7db3b54a828713cb2aa/actions'
2023-04-27 17:14:34 DEBUG NettyRequestSender:251 ? Using open Channel [id: 0xdc4a013c, L:/127.0.0.1:53951 - R:localhost/127.0.0.1:39479] for POST '/session/3c202e0fe0d1a7db3b54a828713cb2aa/actions'
2023-04-27 17:14:34 DEBUG HttpHandler:70 ? 

Request DefaultHttpRequest(decodeResult: success, version: HTTP/1.1)
POST /session/3c202e0fe0d1a7db3b54a828713cb2aa/actions HTTP/1.1
User-Agent: selenium/4.9.0 (java windows)
Content-Length: 3467
Content-Type: application/json; charset=utf-8
host: localhost:39479
accept: */*

Response DefaultHttpResponse(decodeResult: success, version: HTTP/1.1)
HTTP/1.1 200 OK
Content-Length: 14
Content-Type: application/json; charset=utf-8
cache-control: no-cache

2023-04-27 17:14:34 DEBUG ChannelManager:270 ? Adding key: http://localhost:39479 for channel [id: 0xdc4a013c, L:/127.0.0.1:53951 - R:localhost/127.0.0.1:39479]
2023-04-27 17:14:34 DEBUG NettyRequestSender:593 ? Using pooled Channel '[id: 0xdc4a013c, L:/127.0.0.1:53951 - R:localhost/127.0.0.1:39479]' for 'POST' to 'http://localhost:39479/session/3c202e0fe0d1a7db3b54a828713cb2aa/element'
2023-04-27 17:14:34 DEBUG NettyRequestSender:251 ? Using open Channel [id: 0xdc4a013c, L:/127.0.0.1:53951 - R:localhost/127.0.0.1:39479] for POST '/session/3c202e0fe0d1a7db3b54a828713cb2aa/element'
2023-04-27 17:14:34 DEBUG HttpHandler:70 ? 

Request DefaultHttpRequest(decodeResult: success, version: HTTP/1.1)
POST /session/3c202e0fe0d1a7db3b54a828713cb2aa/element HTTP/1.1
User-Agent: selenium/4.9.0 (java windows)
Content-Length: 71
Content-Type: application/json; charset=utf-8
host: localhost:39479
accept: */*

Response DefaultHttpResponse(decodeResult: success, version: HTTP/1.1)
HTTP/1.1 200 OK
Content-Length: 88
Content-Type: application/json; charset=utf-8
cache-control: no-cache

2023-04-27 17:14:34 DEBUG ChannelManager:270 ? Adding key: http://localhost:39479 for channel [id: 0xdc4a013c, L:/127.0.0.1:53951 - R:localhost/127.0.0.1:39479]
2023-04-27 17:14:34 DEBUG NettyRequestSender:593 ? Using pooled Channel '[id: 0xdc4a013c, L:/127.0.0.1:53951 - R:localhost/127.0.0.1:39479]' for 'POST' to 'http://localhost:39479/session/3c202e0fe0d1a7db3b54a828713cb2aa/actions'
2023-04-27 17:14:34 DEBUG NettyRequestSender:251 ? Using open Channel [id: 0xdc4a013c, L:/127.0.0.1:53951 - R:localhost/127.0.0.1:39479] for POST '/session/3c202e0fe0d1a7db3b54a828713cb2aa/actions'
2023-04-27 17:14:34 DEBUG HttpHandler:70 ? 

Request DefaultHttpRequest(decodeResult: success, version: HTTP/1.1)
POST /session/3c202e0fe0d1a7db3b54a828713cb2aa/actions HTTP/1.1
User-Agent: selenium/4.9.0 (java windows)
Content-Length: 567
Content-Type: application/json; charset=utf-8
host: localhost:39479
accept: */*

Response DefaultHttpResponse(decodeResult: success, version: HTTP/1.1)
HTTP/1.1 200 OK
Content-Length: 14
Content-Type: application/json; charset=utf-8
cache-control: no-cache

2023-04-27 17:14:34 DEBUG ChannelManager:270 ? Adding key: http://localhost:39479 for channel [id: 0xdc4a013c, L:/127.0.0.1:53951 - R:localhost/127.0.0.1:39479]
2023-04-27 17:14:34 DEBUG NettyRequestSender:593 ? Using pooled Channel '[id: 0xdc4a013c, L:/127.0.0.1:53951 - R:localhost/127.0.0.1:39479]' for 'POST' to 'http://localhost:39479/session/3c202e0fe0d1a7db3b54a828713cb2aa/element'
2023-04-27 17:14:34 DEBUG NettyRequestSender:251 ? Using open Channel [id: 0xdc4a013c, L:/127.0.0.1:53951 - R:localhost/127.0.0.1:39479] for POST '/session/3c202e0fe0d1a7db3b54a828713cb2aa/element'
2023-04-27 17:14:35 DEBUG DefaultChannelPool:348 ? Entry count for : http://localhost:53955 : 1
2023-04-27 17:14:35 DEBUG HttpHandler:70 ? 

Request DefaultHttpRequest(decodeResult: success, version: HTTP/1.1)
POST /session/3c202e0fe0d1a7db3b54a828713cb2aa/element HTTP/1.1
User-Agent: selenium/4.9.0 (java windows)
Content-Length: 73
Content-Type: application/json; charset=utf-8
host: localhost:39479
accept: */*

Response DefaultHttpResponse(decodeResult: success, version: HTTP/1.1)
HTTP/1.1 200 OK
Content-Length: 88
Content-Type: application/json; charset=utf-8
cache-control: no-cache

2023-04-27 17:14:35 DEBUG ChannelManager:270 ? Adding key: http://localhost:39479 for channel [id: 0xdc4a013c, L:/127.0.0.1:53951 - R:localhost/127.0.0.1:39479]
2023-04-27 17:14:35 DEBUG NettyRequestSender:593 ? Using pooled Channel '[id: 0xdc4a013c, L:/127.0.0.1:53951 - R:localhost/127.0.0.1:39479]' for 'POST' to 'http://localhost:39479/session/3c202e0fe0d1a7db3b54a828713cb2aa/execute/sync'
2023-04-27 17:14:35 DEBUG NettyRequestSender:251 ? Using open Channel [id: 0xdc4a013c, L:/127.0.0.1:53951 - R:localhost/127.0.0.1:39479] for POST '/session/3c202e0fe0d1a7db3b54a828713cb2aa/execute/sync'
2023-04-27 17:14:35 DEBUG HttpHandler:70 ? 

Request DefaultHttpRequest(decodeResult: success, version: HTTP/1.1)
POST /session/3c202e0fe0d1a7db3b54a828713cb2aa/execute/sync HTTP/1.1
User-Agent: selenium/4.9.0 (java windows)
Content-Length: 48807
Content-Type: application/json; charset=utf-8
host: localhost:39479
accept: */*

Response DefaultHttpResponse(decodeResult: success, version: HTTP/1.1)
HTTP/1.1 200 OK
Content-Length: 14
Content-Type: application/json; charset=utf-8
cache-control: no-cache

2023-04-27 17:14:35 DEBUG ChannelManager:270 ? Adding key: http://localhost:39479 for channel [id: 0xdc4a013c, L:/127.0.0.1:53951 - R:localhost/127.0.0.1:39479]
2023-04-27 17:14:35 DEBUG NettyRequestSender:593 ? Using pooled Channel '[id: 0xdc4a013c, L:/127.0.0.1:53951 - R:localhost/127.0.0.1:39479]' for 'POST' to 'http://localhost:39479/session/3c202e0fe0d1a7db3b54a828713cb2aa/element'
2023-04-27 17:14:35 DEBUG NettyRequestSender:251 ? Using open Channel [id: 0xdc4a013c, L:/127.0.0.1:53951 - R:localhost/127.0.0.1:39479] for POST '/session/3c202e0fe0d1a7db3b54a828713cb2aa/element'
2023-04-27 17:14:35 DEBUG HttpHandler:70 ? 

Request DefaultHttpRequest(decodeResult: success, version: HTTP/1.1)
POST /session/3c202e0fe0d1a7db3b54a828713cb2aa/element HTTP/1.1
User-Agent: selenium/4.9.0 (java windows)
Content-Length: 67
Content-Type: application/json; charset=utf-8
host: localhost:39479
accept: */*

Response DefaultHttpResponse(decodeResult: success, version: HTTP/1.1)
HTTP/1.1 200 OK
Content-Length: 88
Content-Type: application/json; charset=utf-8
cache-control: no-cache

2023-04-27 17:14:35 DEBUG ChannelManager:270 ? Adding key: http://localhost:39479 for channel [id: 0xdc4a013c, L:/127.0.0.1:53951 - R:localhost/127.0.0.1:39479]
2023-04-27 17:14:35 DEBUG NettyRequestSender:593 ? Using pooled Channel '[id: 0xdc4a013c, L:/127.0.0.1:53951 - R:localhost/127.0.0.1:39479]' for 'POST' to 'http://localhost:39479/session/3c202e0fe0d1a7db3b54a828713cb2aa/execute/sync'
2023-04-27 17:14:35 DEBUG NettyRequestSender:251 ? Using open Channel [id: 0xdc4a013c, L:/127.0.0.1:53951 - R:localhost/127.0.0.1:39479] for POST '/session/3c202e0fe0d1a7db3b54a828713cb2aa/execute/sync'
2023-04-27 17:14:35 DEBUG HttpHandler:70 ? 

Request DefaultHttpRequest(decodeResult: success, version: HTTP/1.1)
POST /session/3c202e0fe0d1a7db3b54a828713cb2aa/execute/sync HTTP/1.1
User-Agent: selenium/4.9.0 (java windows)
Content-Length: 48807
Content-Type: application/json; charset=utf-8
host: localhost:39479
accept: */*

Response DefaultHttpResponse(decodeResult: success, version: HTTP/1.1)
HTTP/1.1 200 OK
Content-Length: 14
Content-Type: application/json; charset=utf-8
cache-control: no-cache

2023-04-27 17:14:35 DEBUG ChannelManager:270 ? Adding key: http://localhost:39479 for channel [id: 0xdc4a013c, L:/127.0.0.1:53951 - R:localhost/127.0.0.1:39479]
2023-04-27 17:14:35 DEBUG NettyRequestSender:593 ? Using pooled Channel '[id: 0xdc4a013c, L:/127.0.0.1:53951 - R:localhost/127.0.0.1:39479]' for 'POST' to 'http://localhost:39479/session/3c202e0fe0d1a7db3b54a828713cb2aa/element'
2023-04-27 17:14:35 DEBUG NettyRequestSender:251 ? Using open Channel [id: 0xdc4a013c, L:/127.0.0.1:53951 - R:localhost/127.0.0.1:39479] for POST '/session/3c202e0fe0d1a7db3b54a828713cb2aa/element'
2023-04-27 17:14:35 DEBUG HttpHandler:70 ? 

Request DefaultHttpRequest(decodeResult: success, version: HTTP/1.1)
POST /session/3c202e0fe0d1a7db3b54a828713cb2aa/element HTTP/1.1
User-Agent: selenium/4.9.0 (java windows)
Content-Length: 67
Content-Type: application/json; charset=utf-8
host: localhost:39479
accept: */*

Response DefaultHttpResponse(decodeResult: success, version: HTTP/1.1)
HTTP/1.1 200 OK
Content-Length: 88
Content-Type: application/json; charset=utf-8
cache-control: no-cache

2023-04-27 17:14:35 DEBUG ChannelManager:270 ? Adding key: http://localhost:39479 for channel [id: 0xdc4a013c, L:/127.0.0.1:53951 - R:localhost/127.0.0.1:39479]
2023-04-27 17:14:35 DEBUG NettyRequestSender:593 ? Using pooled Channel '[id: 0xdc4a013c, L:/127.0.0.1:53951 - R:localhost/127.0.0.1:39479]' for 'POST' to 'http://localhost:39479/session/3c202e0fe0d1a7db3b54a828713cb2aa/actions'
2023-04-27 17:14:35 DEBUG NettyRequestSender:251 ? Using open Channel [id: 0xdc4a013c, L:/127.0.0.1:53951 - R:localhost/127.0.0.1:39479] for POST '/session/3c202e0fe0d1a7db3b54a828713cb2aa/actions'
2023-04-27 17:14:35 DEBUG HttpHandler:70 ? 

Request DefaultHttpRequest(decodeResult: success, version: HTTP/1.1)
POST /session/3c202e0fe0d1a7db3b54a828713cb2aa/actions HTTP/1.1
User-Agent: selenium/4.9.0 (java windows)
Content-Length: 567
Content-Type: application/json; charset=utf-8
host: localhost:39479
accept: */*

Response DefaultHttpResponse(decodeResult: success, version: HTTP/1.1)
HTTP/1.1 200 OK
Content-Length: 14
Content-Type: application/json; charset=utf-8
cache-control: no-cache

2023-04-27 17:14:35 DEBUG ChannelManager:270 ? Adding key: http://localhost:39479 for channel [id: 0xdc4a013c, L:/127.0.0.1:53951 - R:localhost/127.0.0.1:39479]
2023-04-27 17:14:35 DEBUG NettyRequestSender:593 ? Using pooled Channel '[id: 0xdc4a013c, L:/127.0.0.1:53951 - R:localhost/127.0.0.1:39479]' for 'POST' to 'http://localhost:39479/session/3c202e0fe0d1a7db3b54a828713cb2aa/element'
2023-04-27 17:14:35 DEBUG NettyRequestSender:251 ? Using open Channel [id: 0xdc4a013c, L:/127.0.0.1:53951 - R:localhost/127.0.0.1:39479] for POST '/session/3c202e0fe0d1a7db3b54a828713cb2aa/element'
2023-04-27 17:14:35 DEBUG HttpHandler:70 ? 

Request DefaultHttpRequest(decodeResult: success, version: HTTP/1.1)
POST /session/3c202e0fe0d1a7db3b54a828713cb2aa/element HTTP/1.1
User-Agent: selenium/4.9.0 (java windows)
Content-Length: 71
Content-Type: application/json; charset=utf-8
host: localhost:39479
accept: */*

Response DefaultHttpResponse(decodeResult: success, version: HTTP/1.1)
HTTP/1.1 200 OK
Content-Length: 88
Content-Type: application/json; charset=utf-8
cache-control: no-cache

2023-04-27 17:14:35 DEBUG ChannelManager:270 ? Adding key: http://localhost:39479 for channel [id: 0xdc4a013c, L:/127.0.0.1:53951 - R:localhost/127.0.0.1:39479]
2023-04-27 17:14:35 DEBUG NettyRequestSender:593 ? Using pooled Channel '[id: 0xdc4a013c, L:/127.0.0.1:53951 - R:localhost/127.0.0.1:39479]' for 'GET' to 'http://localhost:39479/session/3c202e0fe0d1a7db3b54a828713cb2aa/element/5fd4ddf7-a9ed-4d6b-a8a4-81ab0d63a4f3/enabled'
2023-04-27 17:14:35 DEBUG NettyRequestSender:251 ? Using open Channel [id: 0xdc4a013c, L:/127.0.0.1:53951 - R:localhost/127.0.0.1:39479] for GET '/session/3c202e0fe0d1a7db3b54a828713cb2aa/element/5fd4ddf7-a9ed-4d6b-a8a4-81ab0d63a4f3/enabled'
2023-04-27 17:14:35 DEBUG HttpHandler:70 ? 

Request DefaultFullHttpRequest(decodeResult: success, version: HTTP/1.1, content: EmptyByteBufBE)
GET /session/3c202e0fe0d1a7db3b54a828713cb2aa/element/5fd4ddf7-a9ed-4d6b-a8a4-81ab0d63a4f3/enabled HTTP/1.1
User-Agent: selenium/4.9.0 (java windows)
Cache-Control: no-cache
Content-Type: application/json; charset=utf-8
host: localhost:39479
accept: */*

Response DefaultHttpResponse(decodeResult: success, version: HTTP/1.1)
HTTP/1.1 200 OK
Content-Length: 14
Content-Type: application/json; charset=utf-8
cache-control: no-cache

2023-04-27 17:14:35 DEBUG ChannelManager:270 ? Adding key: http://localhost:39479 for channel [id: 0xdc4a013c, L:/127.0.0.1:53951 - R:localhost/127.0.0.1:39479]
2023-04-27 17:14:35 DEBUG NettyRequestSender:593 ? Using pooled Channel '[id: 0xdc4a013c, L:/127.0.0.1:53951 - R:localhost/127.0.0.1:39479]' for 'POST' to 'http://localhost:39479/session/3c202e0fe0d1a7db3b54a828713cb2aa/element'
2023-04-27 17:14:35 DEBUG NettyRequestSender:251 ? Using open Channel [id: 0xdc4a013c, L:/127.0.0.1:53951 - R:localhost/127.0.0.1:39479] for POST '/session/3c202e0fe0d1a7db3b54a828713cb2aa/element'
2023-04-27 17:14:35 DEBUG HttpHandler:70 ? 

Request DefaultHttpRequest(decodeResult: success, version: HTTP/1.1)
POST /session/3c202e0fe0d1a7db3b54a828713cb2aa/element HTTP/1.1
User-Agent: selenium/4.9.0 (java windows)
Content-Length: 72
Content-Type: application/json; charset=utf-8
host: localhost:39479
accept: */*

Response DefaultHttpResponse(decodeResult: success, version: HTTP/1.1)
HTTP/1.1 200 OK
Content-Length: 88
Content-Type: application/json; charset=utf-8
cache-control: no-cache

2023-04-27 17:14:35 DEBUG ChannelManager:270 ? Adding key: http://localhost:39479 for channel [id: 0xdc4a013c, L:/127.0.0.1:53951 - R:localhost/127.0.0.1:39479]
2023-04-27 17:14:35 DEBUG NettyRequestSender:593 ? Using pooled Channel '[id: 0xdc4a013c, L:/127.0.0.1:53951 - R:localhost/127.0.0.1:39479]' for 'POST' to 'http://localhost:39479/session/3c202e0fe0d1a7db3b54a828713cb2aa/execute/sync'
2023-04-27 17:14:35 DEBUG NettyRequestSender:251 ? Using open Channel [id: 0xdc4a013c, L:/127.0.0.1:53951 - R:localhost/127.0.0.1:39479] for POST '/session/3c202e0fe0d1a7db3b54a828713cb2aa/execute/sync'
2023-04-27 17:14:35 DEBUG HttpHandler:70 ? 

Request DefaultHttpRequest(decodeResult: success, version: HTTP/1.1)
POST /session/3c202e0fe0d1a7db3b54a828713cb2aa/execute/sync HTTP/1.1
User-Agent: selenium/4.9.0 (java windows)
Content-Length: 48807
Content-Type: application/json; charset=utf-8
host: localhost:39479
accept: */*

Response DefaultHttpResponse(decodeResult: success, version: HTTP/1.1)
HTTP/1.1 200 OK
Content-Length: 14
Content-Type: application/json; charset=utf-8
cache-control: no-cache

2023-04-27 17:14:35 DEBUG ChannelManager:270 ? Adding key: http://localhost:39479 for channel [id: 0xdc4a013c, L:/127.0.0.1:53951 - R:localhost/127.0.0.1:39479]
2023-04-27 17:14:35 DEBUG NettyRequestSender:593 ? Using pooled Channel '[id: 0xdc4a013c, L:/127.0.0.1:53951 - R:localhost/127.0.0.1:39479]' for 'POST' to 'http://localhost:39479/session/3c202e0fe0d1a7db3b54a828713cb2aa/element'
2023-04-27 17:14:35 DEBUG NettyRequestSender:251 ? Using open Channel [id: 0xdc4a013c, L:/127.0.0.1:53951 - R:localhost/127.0.0.1:39479] for POST '/session/3c202e0fe0d1a7db3b54a828713cb2aa/element'
2023-04-27 17:14:35 DEBUG HttpHandler:70 ? 

Request DefaultHttpRequest(decodeResult: success, version: HTTP/1.1)
POST /session/3c202e0fe0d1a7db3b54a828713cb2aa/element HTTP/1.1
User-Agent: selenium/4.9.0 (java windows)
Content-Length: 69
Content-Type: application/json; charset=utf-8
host: localhost:39479
accept: */*

Response DefaultHttpResponse(decodeResult: success, version: HTTP/1.1)
HTTP/1.1 200 OK
Content-Length: 88
Content-Type: application/json; charset=utf-8
cache-control: no-cache

2023-04-27 17:14:35 DEBUG ChannelManager:270 ? Adding key: http://localhost:39479 for channel [id: 0xdc4a013c, L:/127.0.0.1:53951 - R:localhost/127.0.0.1:39479]
2023-04-27 17:14:35 DEBUG NettyRequestSender:593 ? Using pooled Channel '[id: 0xdc4a013c, L:/127.0.0.1:53951 - R:localhost/127.0.0.1:39479]' for 'POST' to 'http://localhost:39479/session/3c202e0fe0d1a7db3b54a828713cb2aa/execute/sync'
2023-04-27 17:14:35 DEBUG NettyRequestSender:251 ? Using open Channel [id: 0xdc4a013c, L:/127.0.0.1:53951 - R:localhost/127.0.0.1:39479] for POST '/session/3c202e0fe0d1a7db3b54a828713cb2aa/execute/sync'
2023-04-27 17:14:35 DEBUG HttpHandler:70 ? 

Request DefaultHttpRequest(decodeResult: success, version: HTTP/1.1)
POST /session/3c202e0fe0d1a7db3b54a828713cb2aa/execute/sync HTTP/1.1
User-Agent: selenium/4.9.0 (java windows)
Content-Length: 48807
Content-Type: application/json; charset=utf-8
host: localhost:39479
accept: */*

Response DefaultHttpResponse(decodeResult: success, version: HTTP/1.1)
HTTP/1.1 200 OK
Content-Length: 14
Content-Type: application/json; charset=utf-8
cache-control: no-cache

2023-04-27 17:14:35 DEBUG ChannelManager:270 ? Adding key: http://localhost:39479 for channel [id: 0xdc4a013c, L:/127.0.0.1:53951 - R:localhost/127.0.0.1:39479]
2023-04-27 17:14:35 DEBUG NettyRequestSender:593 ? Using pooled Channel '[id: 0xdc4a013c, L:/127.0.0.1:53951 - R:localhost/127.0.0.1:39479]' for 'POST' to 'http://localhost:39479/session/3c202e0fe0d1a7db3b54a828713cb2aa/element'
2023-04-27 17:14:35 DEBUG NettyRequestSender:251 ? Using open Channel [id: 0xdc4a013c, L:/127.0.0.1:53951 - R:localhost/127.0.0.1:39479] for POST '/session/3c202e0fe0d1a7db3b54a828713cb2aa/element'
2023-04-27 17:14:35 DEBUG HttpHandler:70 ? 

Request DefaultHttpRequest(decodeResult: success, version: HTTP/1.1)
POST /session/3c202e0fe0d1a7db3b54a828713cb2aa/element HTTP/1.1
User-Agent: selenium/4.9.0 (java windows)
Content-Length: 71
Content-Type: application/json; charset=utf-8
host: localhost:39479
accept: */*

Response DefaultHttpResponse(decodeResult: success, version: HTTP/1.1)
HTTP/1.1 200 OK
Content-Length: 88
Content-Type: application/json; charset=utf-8
cache-control: no-cache

2023-04-27 17:14:35 DEBUG ChannelManager:270 ? Adding key: http://localhost:39479 for channel [id: 0xdc4a013c, L:/127.0.0.1:53951 - R:localhost/127.0.0.1:39479]
2023-04-27 17:14:35 DEBUG NettyRequestSender:593 ? Using pooled Channel '[id: 0xdc4a013c, L:/127.0.0.1:53951 - R:localhost/127.0.0.1:39479]' for 'POST' to 'http://localhost:39479/session/3c202e0fe0d1a7db3b54a828713cb2aa/execute/sync'
2023-04-27 17:14:35 DEBUG NettyRequestSender:251 ? Using open Channel [id: 0xdc4a013c, L:/127.0.0.1:53951 - R:localhost/127.0.0.1:39479] for POST '/session/3c202e0fe0d1a7db3b54a828713cb2aa/execute/sync'
2023-04-27 17:14:35 DEBUG HttpHandler:70 ? 

Request DefaultHttpRequest(decodeResult: success, version: HTTP/1.1)
POST /session/3c202e0fe0d1a7db3b54a828713cb2aa/execute/sync HTTP/1.1
User-Agent: selenium/4.9.0 (java windows)
Content-Length: 48807
Content-Type: application/json; charset=utf-8
host: localhost:39479
accept: */*

Response DefaultHttpResponse(decodeResult: success, version: HTTP/1.1)
HTTP/1.1 200 OK
Content-Length: 14
Content-Type: application/json; charset=utf-8
cache-control: no-cache

2023-04-27 17:14:35 DEBUG ChannelManager:270 ? Adding key: http://localhost:39479 for channel [id: 0xdc4a013c, L:/127.0.0.1:53951 - R:localhost/127.0.0.1:39479]
2023-04-27 17:20:18 DEBUG InternalLoggerFactory:63 ? Using SLF4J as the default logging framework
2023-04-27 17:20:18 DEBUG ResourceLeakDetector:129 ? -Dio.netty.leakDetection.level: simple
2023-04-27 17:20:18 DEBUG ResourceLeakDetector:130 ? -Dio.netty.leakDetection.targetRecords: 4
2023-04-27 17:20:18 DEBUG ResourceLeakDetectorFactory:196 ? Loaded default ResourceLeakDetector: io.netty.util.ResourceLeakDetector@5fd62371
2023-04-27 17:20:18 DEBUG PlatformDependent0:496 ? -Dio.netty.noUnsafe: false
2023-04-27 17:20:18 DEBUG PlatformDependent0:1000 ? Java version: 19
2023-04-27 17:20:18 DEBUG PlatformDependent0:137 ? sun.misc.Unsafe.theUnsafe: available
2023-04-27 17:20:18 DEBUG PlatformDependent0:161 ? sun.misc.Unsafe.copyMemory: available
2023-04-27 17:20:18 DEBUG PlatformDependent0:193 ? sun.misc.Unsafe.storeFence: available
2023-04-27 17:20:18 DEBUG PlatformDependent0:236 ? java.nio.Buffer.address: available
2023-04-27 17:20:18 DEBUG PlatformDependent0:320 ? direct buffer constructor: unavailable: Reflective setAccessible(true) disabled
2023-04-27 17:20:18 DEBUG PlatformDependent0:385 ? java.nio.Bits.unaligned: available, true
2023-04-27 17:20:18 DEBUG PlatformDependent0:452 ? jdk.internal.misc.Unsafe.allocateUninitializedArray(int): unavailable: class io.netty.util.internal.PlatformDependent0$7 cannot access class jdk.internal.misc.Unsafe (in module java.base) because module java.base does not export jdk.internal.misc to unnamed module @5679c6c6
2023-04-27 17:20:18 DEBUG PlatformDependent0:482 ? java.nio.DirectByteBuffer.<init>(long, int): unavailable
2023-04-27 17:20:18 DEBUG PlatformDependent:1159 ? sun.misc.Unsafe: available
2023-04-27 17:20:18 DEBUG PlatformDependent:1270 ? maxDirectMemory: 5339348992 bytes (maybe)
2023-04-27 17:20:18 DEBUG PlatformDependent:1289 ? -Dio.netty.tmpdir: C:\Users\rohit\AppData\Local\Temp (java.io.tmpdir)
2023-04-27 17:20:18 DEBUG PlatformDependent:1368 ? -Dio.netty.bitMode: 64 (sun.arch.data.model)
2023-04-27 17:20:18 DEBUG PlatformDependent:1119 ? Platform: Windows
2023-04-27 17:20:18 DEBUG PlatformDependent:178 ? -Dio.netty.maxDirectMemory: -1 bytes
2023-04-27 17:20:18 DEBUG PlatformDependent:185 ? -Dio.netty.uninitializedArrayAllocationThreshold: -1
2023-04-27 17:20:18 DEBUG CleanerJava9:71 ? java.nio.ByteBuffer.cleaner(): available
2023-04-27 17:20:18 DEBUG PlatformDependent:205 ? -Dio.netty.noPreferDirect: false
2023-04-27 17:20:18 DEBUG PlatformDependent:1010 ? org.jctools-core.MpscChunkedArrayQueue: available
2023-04-27 17:20:18 DEBUG InternalThreadLocalMap:100 ? -Dio.netty.threadLocalMap.stringBuilder.initialSize: 1024
2023-04-27 17:20:18 DEBUG InternalThreadLocalMap:101 ? -Dio.netty.threadLocalMap.stringBuilder.maxSize: 4096
2023-04-27 17:20:19 DEBUG JdkSslContext:83 ? Default protocols (JDK): [TLSv1.3, TLSv1.2] 
2023-04-27 17:20:19 DEBUG JdkSslContext:84 ? Default cipher suites (JDK): [TLS_ECDHE_ECDSA_WITH_AES_256_GCM_SHA384, TLS_ECDHE_ECDSA_WITH_AES_128_GCM_SHA256, TLS_ECDHE_RSA_WITH_AES_128_GCM_SHA256, TLS_ECDHE_RSA_WITH_AES_256_GCM_SHA384, TLS_ECDHE_RSA_WITH_AES_128_CBC_SHA, TLS_ECDHE_RSA_WITH_AES_256_CBC_SHA, TLS_RSA_WITH_AES_128_GCM_SHA256, TLS_RSA_WITH_AES_128_CBC_SHA, TLS_RSA_WITH_AES_256_CBC_SHA, TLS_AES_128_GCM_SHA256, TLS_AES_256_GCM_SHA384]
2023-04-27 17:20:19 DEBUG GlobalEventExecutor:53 ? -Dio.netty.globalEventExecutor.quietPeriodSeconds: 1
2023-04-27 17:20:19 DEBUG MultithreadEventLoopGroup:44 ? -Dio.netty.eventLoopThreads: 16
2023-04-27 17:20:19 DEBUG NioEventLoop:110 ? -Dio.netty.noKeySetOptimization: false
2023-04-27 17:20:19 DEBUG NioEventLoop:111 ? -Dio.netty.selectorAutoRebuildThreshold: 512
2023-04-27 17:20:19 DEBUG PooledByteBufAllocator:157 ? -Dio.netty.allocator.numHeapArenas: 16
2023-04-27 17:20:19 DEBUG PooledByteBufAllocator:158 ? -Dio.netty.allocator.numDirectArenas: 16
2023-04-27 17:20:19 DEBUG PooledByteBufAllocator:160 ? -Dio.netty.allocator.pageSize: 8192
2023-04-27 17:20:19 DEBUG PooledByteBufAllocator:165 ? -Dio.netty.allocator.maxOrder: 9
2023-04-27 17:20:19 DEBUG PooledByteBufAllocator:169 ? -Dio.netty.allocator.chunkSize: 4194304
2023-04-27 17:20:19 DEBUG PooledByteBufAllocator:170 ? -Dio.netty.allocator.smallCacheSize: 256
2023-04-27 17:20:19 DEBUG PooledByteBufAllocator:171 ? -Dio.netty.allocator.normalCacheSize: 64
2023-04-27 17:20:19 DEBUG PooledByteBufAllocator:172 ? -Dio.netty.allocator.maxCachedBufferCapacity: 32768
2023-04-27 17:20:19 DEBUG PooledByteBufAllocator:173 ? -Dio.netty.allocator.cacheTrimInterval: 8192
2023-04-27 17:20:19 DEBUG PooledByteBufAllocator:174 ? -Dio.netty.allocator.cacheTrimIntervalMillis: 0
2023-04-27 17:20:19 DEBUG PooledByteBufAllocator:175 ? -Dio.netty.allocator.useCacheForAllThreads: false
2023-04-27 17:20:19 DEBUG PooledByteBufAllocator:176 ? -Dio.netty.allocator.maxCachedByteBuffersPerChunk: 1023
2023-04-27 17:20:19 DEBUG ByteBufUtil:88 ? -Dio.netty.allocator.type: pooled
2023-04-27 17:20:19 DEBUG ByteBufUtil:97 ? -Dio.netty.threadLocalDirectBufferSize: 0
2023-04-27 17:20:19 DEBUG ByteBufUtil:100 ? -Dio.netty.maxThreadLocalCharBufferSize: 16384
2023-04-27 17:20:19 DEBUG DefaultChannelId:79 ? -Dio.netty.processId: 25248 (auto-detected)
2023-04-27 17:20:19 DEBUG NetUtil:148 ? -Djava.net.preferIPv4Stack: false
2023-04-27 17:20:19 DEBUG NetUtil:149 ? -Djava.net.preferIPv6Addresses: false
2023-04-27 17:20:19 DEBUG NetUtilInitializations:145 ? Loopback interface: lo (Software Loopback Interface 1, 127.0.0.1)
2023-04-27 17:20:19 DEBUG NetUtil:206 ? Failed to get SOMAXCONN from sysctl and file \proc\sys\net\core\somaxconn. Default: 200
2023-04-27 17:20:19 DEBUG DefaultChannelId:101 ? -Dio.netty.machineId: 70:c9:4e:ff:fe:a9:98:9d (auto-detected)
2023-04-27 17:20:19 DEBUG AbstractByteBuf:63 ? -Dio.netty.buffer.checkAccessible: true
2023-04-27 17:20:19 DEBUG AbstractByteBuf:64 ? -Dio.netty.buffer.checkBounds: true
2023-04-27 17:20:19 DEBUG ResourceLeakDetectorFactory:196 ? Loaded default ResourceLeakDetector: io.netty.util.ResourceLeakDetector@3faf0eb6
2023-04-27 17:20:19 DEBUG NettyConnectListener:73 ? Using new Channel '[id: 0x7dd930f2, L:/127.0.0.1:54664 - R:localhost/127.0.0.1:31183]' for 'POST' to '/session'
2023-04-27 17:20:19 DEBUG Recycler:96 ? -Dio.netty.recycler.maxCapacityPerThread: 4096
2023-04-27 17:20:19 DEBUG Recycler:97 ? -Dio.netty.recycler.ratio: 8
2023-04-27 17:20:19 DEBUG Recycler:98 ? -Dio.netty.recycler.chunkSize: 32
2023-04-27 17:20:19 DEBUG Recycler:99 ? -Dio.netty.recycler.blocking: false
2023-04-27 17:20:19 DEBUG Recycler:100 ? -Dio.netty.recycler.batchFastThreadLocalOnly: true
2023-04-27 17:20:21 DEBUG Brotli:38 ? brotli4j not in the classpath; Brotli support will be unavailable.
2023-04-27 17:20:21 DEBUG HttpHandler:70 ? 

Request DefaultHttpRequest(decodeResult: success, version: HTTP/1.1)
POST /session HTTP/1.1
User-Agent: selenium/4.9.0 (java windows)
Content-Length: 254
Content-Type: application/json; charset=utf-8
host: localhost:31183
accept: */*

Response DefaultHttpResponse(decodeResult: success, version: HTTP/1.1)
HTTP/1.1 200 OK
Content-Length: 859
Content-Type: application/json; charset=utf-8
cache-control: no-cache

2023-04-27 17:20:21 DEBUG ChannelManager:270 ? Adding key: http://localhost:31183 for channel [id: 0x7dd930f2, L:/127.0.0.1:54664 - R:localhost/127.0.0.1:31183]
2023-04-27 17:20:21 DEBUG DefaultChannelPool:348 ? Entry count for : http://localhost:31183 : 1
2023-04-27 17:20:21 DEBUG NettyConnectListener:73 ? Using new Channel '[id: 0x4ed1c505, L:/127.0.0.1:54683 - R:localhost/127.0.0.1:54667]' for 'GET' to '/json/version'
2023-04-27 17:20:21 DEBUG HttpHandler:70 ? 

Request DefaultFullHttpRequest(decodeResult: success, version: HTTP/1.1, content: EmptyByteBufBE)
GET /json/version HTTP/1.1
User-Agent: selenium/4.9.0 (java windows)
host: localhost:54667
accept: */*

Response DefaultHttpResponse(decodeResult: success, version: HTTP/1.1)
HTTP/1.1 200 OK
Content-Security-Policy: frame-ancestors 'none'
Content-Length: 424
Content-Type: application/json; charset=UTF-8

2023-04-27 17:20:21 DEBUG ChannelManager:270 ? Adding key: http://localhost:54667 for channel [id: 0x4ed1c505, L:/127.0.0.1:54683 - R:localhost/127.0.0.1:54667]
2023-04-27 17:20:21 DEBUG ThreadLocalRandom:214 ? -Dio.netty.initialSeedUniquifier: 0xf979af919654dddf
2023-04-27 17:20:21 DEBUG NettyConnectListener:73 ? Using new Channel '[id: 0xa8044281, L:/127.0.0.1:54684 - R:localhost/127.0.0.1:54667]' for 'GET' to '/devtools/browser/9dae13f0-a861-4a86-a9db-f793564029e5'
2023-04-27 17:20:21 DEBUG WebSocketHandler:105 ? 

Request DefaultFullHttpRequest(decodeResult: success, version: HTTP/1.1, content: EmptyByteBufBE)
GET /devtools/browser/9dae13f0-a861-4a86-a9db-f793564029e5 HTTP/1.1
upgrade: websocket
connection: upgrade
sec-websocket-key: Sndi5qNNtdhixZJi2EmR8w==
sec-websocket-version: 13
origin: http://localhost:54667
host: localhost:54667
accept: */*
user-agent: AHC/2.1

Response DefaultHttpResponse(decodeResult: success, version: HTTP/1.1)
HTTP/1.1 101 WebSocket Protocol Handshake
Upgrade: WebSocket
Connection: Upgrade
Sec-WebSocket-Accept: 49id+Y3qBRU2mOMaPNh4RcURYwc=

2023-04-27 17:20:21 DEBUG NettyRequestSender:593 ? Using pooled Channel '[id: 0x7dd930f2, L:/127.0.0.1:54664 - R:localhost/127.0.0.1:31183]' for 'POST' to 'http://localhost:31183/session/5c883764d649ff3aa68600ab68f6c80c/window/maximize'
2023-04-27 17:20:21 DEBUG NettyRequestSender:251 ? Using open Channel [id: 0x7dd930f2, L:/127.0.0.1:54664 - R:localhost/127.0.0.1:31183] for POST '/session/5c883764d649ff3aa68600ab68f6c80c/window/maximize'
2023-04-27 17:20:21 DEBUG HttpHandler:70 ? 

Request DefaultHttpRequest(decodeResult: success, version: HTTP/1.1)
POST /session/5c883764d649ff3aa68600ab68f6c80c/window/maximize HTTP/1.1
User-Agent: selenium/4.9.0 (java windows)
Content-Length: 3
Content-Type: application/json; charset=utf-8
host: localhost:31183
accept: */*

Response DefaultHttpResponse(decodeResult: success, version: HTTP/1.1)
HTTP/1.1 200 OK
Content-Length: 52
Content-Type: application/json; charset=utf-8
cache-control: no-cache

2023-04-27 17:20:21 DEBUG ChannelManager:270 ? Adding key: http://localhost:31183 for channel [id: 0x7dd930f2, L:/127.0.0.1:54664 - R:localhost/127.0.0.1:31183]
2023-04-27 17:20:21 DEBUG NettyRequestSender:593 ? Using pooled Channel '[id: 0x7dd930f2, L:/127.0.0.1:54664 - R:localhost/127.0.0.1:31183]' for 'POST' to 'http://localhost:31183/session/5c883764d649ff3aa68600ab68f6c80c/timeouts'
2023-04-27 17:20:21 DEBUG NettyRequestSender:251 ? Using open Channel [id: 0x7dd930f2, L:/127.0.0.1:54664 - R:localhost/127.0.0.1:31183] for POST '/session/5c883764d649ff3aa68600ab68f6c80c/timeouts'
2023-04-27 17:20:21 DEBUG HttpHandler:70 ? 

Request DefaultHttpRequest(decodeResult: success, version: HTTP/1.1)
POST /session/5c883764d649ff3aa68600ab68f6c80c/timeouts HTTP/1.1
User-Agent: selenium/4.9.0 (java windows)
Content-Length: 23
Content-Type: application/json; charset=utf-8
host: localhost:31183
accept: */*

Response DefaultHttpResponse(decodeResult: success, version: HTTP/1.1)
HTTP/1.1 200 OK
Content-Length: 14
Content-Type: application/json; charset=utf-8
cache-control: no-cache

2023-04-27 17:20:21 DEBUG ChannelManager:270 ? Adding key: http://localhost:31183 for channel [id: 0x7dd930f2, L:/127.0.0.1:54664 - R:localhost/127.0.0.1:31183]
2023-04-27 17:20:21 DEBUG NettyRequestSender:593 ? Using pooled Channel '[id: 0x7dd930f2, L:/127.0.0.1:54664 - R:localhost/127.0.0.1:31183]' for 'POST' to 'http://localhost:31183/session/5c883764d649ff3aa68600ab68f6c80c/url'
2023-04-27 17:20:21 DEBUG NettyRequestSender:251 ? Using open Channel [id: 0x7dd930f2, L:/127.0.0.1:54664 - R:localhost/127.0.0.1:31183] for POST '/session/5c883764d649ff3aa68600ab68f6c80c/url'
2023-04-27 17:20:22 DEBUG DefaultChannelPool:348 ? Entry count for : http://localhost:54667 : 1
2023-04-27 17:20:22 DEBUG HttpHandler:70 ? 

Request DefaultHttpRequest(decodeResult: success, version: HTTP/1.1)
POST /session/5c883764d649ff3aa68600ab68f6c80c/url HTTP/1.1
User-Agent: selenium/4.9.0 (java windows)
Content-Length: 59
Content-Type: application/json; charset=utf-8
host: localhost:31183
accept: */*

Response DefaultHttpResponse(decodeResult: success, version: HTTP/1.1)
HTTP/1.1 200 OK
Content-Length: 14
Content-Type: application/json; charset=utf-8
cache-control: no-cache

2023-04-27 17:20:22 DEBUG ChannelManager:270 ? Adding key: http://localhost:31183 for channel [id: 0x7dd930f2, L:/127.0.0.1:54664 - R:localhost/127.0.0.1:31183]
2023-04-27 17:20:22 DEBUG NettyRequestSender:593 ? Using pooled Channel '[id: 0x7dd930f2, L:/127.0.0.1:54664 - R:localhost/127.0.0.1:31183]' for 'POST' to 'http://localhost:31183/session/5c883764d649ff3aa68600ab68f6c80c/element'
2023-04-27 17:20:22 DEBUG NettyRequestSender:251 ? Using open Channel [id: 0x7dd930f2, L:/127.0.0.1:54664 - R:localhost/127.0.0.1:31183] for POST '/session/5c883764d649ff3aa68600ab68f6c80c/element'
2023-04-27 17:20:22 DEBUG HttpHandler:70 ? 

Request DefaultHttpRequest(decodeResult: success, version: HTTP/1.1)
POST /session/5c883764d649ff3aa68600ab68f6c80c/element HTTP/1.1
User-Agent: selenium/4.9.0 (java windows)
Content-Length: 72
Content-Type: application/json; charset=utf-8
host: localhost:31183
accept: */*

Response DefaultHttpResponse(decodeResult: success, version: HTTP/1.1)
HTTP/1.1 200 OK
Content-Length: 88
Content-Type: application/json; charset=utf-8
cache-control: no-cache

2023-04-27 17:20:22 DEBUG ChannelManager:270 ? Adding key: http://localhost:31183 for channel [id: 0x7dd930f2, L:/127.0.0.1:54664 - R:localhost/127.0.0.1:31183]
2023-04-27 17:20:22 DEBUG NettyRequestSender:593 ? Using pooled Channel '[id: 0x7dd930f2, L:/127.0.0.1:54664 - R:localhost/127.0.0.1:31183]' for 'POST' to 'http://localhost:31183/session/5c883764d649ff3aa68600ab68f6c80c/execute/sync'
2023-04-27 17:20:22 DEBUG NettyRequestSender:251 ? Using open Channel [id: 0x7dd930f2, L:/127.0.0.1:54664 - R:localhost/127.0.0.1:31183] for POST '/session/5c883764d649ff3aa68600ab68f6c80c/execute/sync'
2023-04-27 17:20:22 DEBUG HttpHandler:70 ? 

Request DefaultHttpRequest(decodeResult: success, version: HTTP/1.1)
POST /session/5c883764d649ff3aa68600ab68f6c80c/execute/sync HTTP/1.1
User-Agent: selenium/4.9.0 (java windows)
Content-Length: 48807
Content-Type: application/json; charset=utf-8
host: localhost:31183
accept: */*

Response DefaultHttpResponse(decodeResult: success, version: HTTP/1.1)
HTTP/1.1 200 OK
Content-Length: 14
Content-Type: application/json; charset=utf-8
cache-control: no-cache

2023-04-27 17:20:22 DEBUG ChannelManager:270 ? Adding key: http://localhost:31183 for channel [id: 0x7dd930f2, L:/127.0.0.1:54664 - R:localhost/127.0.0.1:31183]
2023-04-27 17:20:22 DEBUG NettyRequestSender:593 ? Using pooled Channel '[id: 0x7dd930f2, L:/127.0.0.1:54664 - R:localhost/127.0.0.1:31183]' for 'POST' to 'http://localhost:31183/session/5c883764d649ff3aa68600ab68f6c80c/element'
2023-04-27 17:20:22 DEBUG NettyRequestSender:251 ? Using open Channel [id: 0x7dd930f2, L:/127.0.0.1:54664 - R:localhost/127.0.0.1:31183] for POST '/session/5c883764d649ff3aa68600ab68f6c80c/element'
2023-04-27 17:20:22 DEBUG HttpHandler:70 ? 

Request DefaultHttpRequest(decodeResult: success, version: HTTP/1.1)
POST /session/5c883764d649ff3aa68600ab68f6c80c/element HTTP/1.1
User-Agent: selenium/4.9.0 (java windows)
Content-Length: 69
Content-Type: application/json; charset=utf-8
host: localhost:31183
accept: */*

Response DefaultHttpResponse(decodeResult: success, version: HTTP/1.1)
HTTP/1.1 200 OK
Content-Length: 88
Content-Type: application/json; charset=utf-8
cache-control: no-cache

2023-04-27 17:20:22 DEBUG ChannelManager:270 ? Adding key: http://localhost:31183 for channel [id: 0x7dd930f2, L:/127.0.0.1:54664 - R:localhost/127.0.0.1:31183]
2023-04-27 17:20:22 DEBUG NettyRequestSender:593 ? Using pooled Channel '[id: 0x7dd930f2, L:/127.0.0.1:54664 - R:localhost/127.0.0.1:31183]' for 'POST' to 'http://localhost:31183/session/5c883764d649ff3aa68600ab68f6c80c/execute/sync'
2023-04-27 17:20:22 DEBUG NettyRequestSender:251 ? Using open Channel [id: 0x7dd930f2, L:/127.0.0.1:54664 - R:localhost/127.0.0.1:31183] for POST '/session/5c883764d649ff3aa68600ab68f6c80c/execute/sync'
2023-04-27 17:20:22 DEBUG HttpHandler:70 ? 

Request DefaultHttpRequest(decodeResult: success, version: HTTP/1.1)
POST /session/5c883764d649ff3aa68600ab68f6c80c/execute/sync HTTP/1.1
User-Agent: selenium/4.9.0 (java windows)
Content-Length: 48807
Content-Type: application/json; charset=utf-8
host: localhost:31183
accept: */*

Response DefaultHttpResponse(decodeResult: success, version: HTTP/1.1)
HTTP/1.1 200 OK
Content-Length: 14
Content-Type: application/json; charset=utf-8
cache-control: no-cache

2023-04-27 17:20:22 DEBUG ChannelManager:270 ? Adding key: http://localhost:31183 for channel [id: 0x7dd930f2, L:/127.0.0.1:54664 - R:localhost/127.0.0.1:31183]
2023-04-27 17:20:22 DEBUG NettyRequestSender:593 ? Using pooled Channel '[id: 0x7dd930f2, L:/127.0.0.1:54664 - R:localhost/127.0.0.1:31183]' for 'POST' to 'http://localhost:31183/session/5c883764d649ff3aa68600ab68f6c80c/element'
2023-04-27 17:20:22 DEBUG NettyRequestSender:251 ? Using open Channel [id: 0x7dd930f2, L:/127.0.0.1:54664 - R:localhost/127.0.0.1:31183] for POST '/session/5c883764d649ff3aa68600ab68f6c80c/element'
2023-04-27 17:20:22 DEBUG HttpHandler:70 ? 

Request DefaultHttpRequest(decodeResult: success, version: HTTP/1.1)
POST /session/5c883764d649ff3aa68600ab68f6c80c/element HTTP/1.1
User-Agent: selenium/4.9.0 (java windows)
Content-Length: 71
Content-Type: application/json; charset=utf-8
host: localhost:31183
accept: */*

Response DefaultHttpResponse(decodeResult: success, version: HTTP/1.1)
HTTP/1.1 200 OK
Content-Length: 88
Content-Type: application/json; charset=utf-8
cache-control: no-cache

2023-04-27 17:20:22 DEBUG ChannelManager:270 ? Adding key: http://localhost:31183 for channel [id: 0x7dd930f2, L:/127.0.0.1:54664 - R:localhost/127.0.0.1:31183]
2023-04-27 17:20:22 DEBUG NettyRequestSender:593 ? Using pooled Channel '[id: 0x7dd930f2, L:/127.0.0.1:54664 - R:localhost/127.0.0.1:31183]' for 'POST' to 'http://localhost:31183/session/5c883764d649ff3aa68600ab68f6c80c/execute/sync'
2023-04-27 17:20:22 DEBUG NettyRequestSender:251 ? Using open Channel [id: 0x7dd930f2, L:/127.0.0.1:54664 - R:localhost/127.0.0.1:31183] for POST '/session/5c883764d649ff3aa68600ab68f6c80c/execute/sync'
2023-04-27 17:20:22 DEBUG HttpHandler:70 ? 

Request DefaultHttpRequest(decodeResult: success, version: HTTP/1.1)
POST /session/5c883764d649ff3aa68600ab68f6c80c/execute/sync HTTP/1.1
User-Agent: selenium/4.9.0 (java windows)
Content-Length: 48807
Content-Type: application/json; charset=utf-8
host: localhost:31183
accept: */*

Response DefaultHttpResponse(decodeResult: success, version: HTTP/1.1)
HTTP/1.1 200 OK
Content-Length: 14
Content-Type: application/json; charset=utf-8
cache-control: no-cache

2023-04-27 17:20:22 DEBUG ChannelManager:270 ? Adding key: http://localhost:31183 for channel [id: 0x7dd930f2, L:/127.0.0.1:54664 - R:localhost/127.0.0.1:31183]
2023-04-27 17:20:22 DEBUG NettyRequestSender:593 ? Using pooled Channel '[id: 0x7dd930f2, L:/127.0.0.1:54664 - R:localhost/127.0.0.1:31183]' for 'POST' to 'http://localhost:31183/session/5c883764d649ff3aa68600ab68f6c80c/element'
2023-04-27 17:20:22 DEBUG NettyRequestSender:251 ? Using open Channel [id: 0x7dd930f2, L:/127.0.0.1:54664 - R:localhost/127.0.0.1:31183] for POST '/session/5c883764d649ff3aa68600ab68f6c80c/element'
2023-04-27 17:20:22 DEBUG HttpHandler:70 ? 

Request DefaultHttpRequest(decodeResult: success, version: HTTP/1.1)
POST /session/5c883764d649ff3aa68600ab68f6c80c/element HTTP/1.1
User-Agent: selenium/4.9.0 (java windows)
Content-Length: 72
Content-Type: application/json; charset=utf-8
host: localhost:31183
accept: */*

Response DefaultHttpResponse(decodeResult: success, version: HTTP/1.1)
HTTP/1.1 200 OK
Content-Length: 88
Content-Type: application/json; charset=utf-8
cache-control: no-cache

2023-04-27 17:20:22 DEBUG ChannelManager:270 ? Adding key: http://localhost:31183 for channel [id: 0x7dd930f2, L:/127.0.0.1:54664 - R:localhost/127.0.0.1:31183]
2023-04-27 17:20:22 DEBUG NettyRequestSender:593 ? Using pooled Channel '[id: 0x7dd930f2, L:/127.0.0.1:54664 - R:localhost/127.0.0.1:31183]' for 'POST' to 'http://localhost:31183/session/5c883764d649ff3aa68600ab68f6c80c/execute/sync'
2023-04-27 17:20:22 DEBUG NettyRequestSender:251 ? Using open Channel [id: 0x7dd930f2, L:/127.0.0.1:54664 - R:localhost/127.0.0.1:31183] for POST '/session/5c883764d649ff3aa68600ab68f6c80c/execute/sync'
2023-04-27 17:20:22 DEBUG HttpHandler:70 ? 

Request DefaultHttpRequest(decodeResult: success, version: HTTP/1.1)
POST /session/5c883764d649ff3aa68600ab68f6c80c/execute/sync HTTP/1.1
User-Agent: selenium/4.9.0 (java windows)
Content-Length: 48807
Content-Type: application/json; charset=utf-8
host: localhost:31183
accept: */*

Response DefaultHttpResponse(decodeResult: success, version: HTTP/1.1)
HTTP/1.1 200 OK
Content-Length: 14
Content-Type: application/json; charset=utf-8
cache-control: no-cache

2023-04-27 17:20:22 DEBUG ChannelManager:270 ? Adding key: http://localhost:31183 for channel [id: 0x7dd930f2, L:/127.0.0.1:54664 - R:localhost/127.0.0.1:31183]
2023-04-27 17:20:22 DEBUG NettyRequestSender:593 ? Using pooled Channel '[id: 0x7dd930f2, L:/127.0.0.1:54664 - R:localhost/127.0.0.1:31183]' for 'POST' to 'http://localhost:31183/session/5c883764d649ff3aa68600ab68f6c80c/element'
2023-04-27 17:20:22 DEBUG NettyRequestSender:251 ? Using open Channel [id: 0x7dd930f2, L:/127.0.0.1:54664 - R:localhost/127.0.0.1:31183] for POST '/session/5c883764d649ff3aa68600ab68f6c80c/element'
2023-04-27 17:20:22 DEBUG HttpHandler:70 ? 

Request DefaultHttpRequest(decodeResult: success, version: HTTP/1.1)
POST /session/5c883764d649ff3aa68600ab68f6c80c/element HTTP/1.1
User-Agent: selenium/4.9.0 (java windows)
Content-Length: 69
Content-Type: application/json; charset=utf-8
host: localhost:31183
accept: */*

Response DefaultHttpResponse(decodeResult: success, version: HTTP/1.1)
HTTP/1.1 200 OK
Content-Length: 88
Content-Type: application/json; charset=utf-8
cache-control: no-cache

2023-04-27 17:20:22 DEBUG ChannelManager:270 ? Adding key: http://localhost:31183 for channel [id: 0x7dd930f2, L:/127.0.0.1:54664 - R:localhost/127.0.0.1:31183]
2023-04-27 17:20:22 DEBUG NettyRequestSender:593 ? Using pooled Channel '[id: 0x7dd930f2, L:/127.0.0.1:54664 - R:localhost/127.0.0.1:31183]' for 'POST' to 'http://localhost:31183/session/5c883764d649ff3aa68600ab68f6c80c/execute/sync'
2023-04-27 17:20:22 DEBUG NettyRequestSender:251 ? Using open Channel [id: 0x7dd930f2, L:/127.0.0.1:54664 - R:localhost/127.0.0.1:31183] for POST '/session/5c883764d649ff3aa68600ab68f6c80c/execute/sync'
2023-04-27 17:20:22 DEBUG HttpHandler:70 ? 

Request DefaultHttpRequest(decodeResult: success, version: HTTP/1.1)
POST /session/5c883764d649ff3aa68600ab68f6c80c/execute/sync HTTP/1.1
User-Agent: selenium/4.9.0 (java windows)
Content-Length: 48807
Content-Type: application/json; charset=utf-8
host: localhost:31183
accept: */*

Response DefaultHttpResponse(decodeResult: success, version: HTTP/1.1)
HTTP/1.1 200 OK
Content-Length: 14
Content-Type: application/json; charset=utf-8
cache-control: no-cache

2023-04-27 17:20:22 DEBUG ChannelManager:270 ? Adding key: http://localhost:31183 for channel [id: 0x7dd930f2, L:/127.0.0.1:54664 - R:localhost/127.0.0.1:31183]
2023-04-27 17:20:22 DEBUG NettyRequestSender:593 ? Using pooled Channel '[id: 0x7dd930f2, L:/127.0.0.1:54664 - R:localhost/127.0.0.1:31183]' for 'POST' to 'http://localhost:31183/session/5c883764d649ff3aa68600ab68f6c80c/element'
2023-04-27 17:20:22 DEBUG NettyRequestSender:251 ? Using open Channel [id: 0x7dd930f2, L:/127.0.0.1:54664 - R:localhost/127.0.0.1:31183] for POST '/session/5c883764d649ff3aa68600ab68f6c80c/element'
2023-04-27 17:20:22 DEBUG HttpHandler:70 ? 

Request DefaultHttpRequest(decodeResult: success, version: HTTP/1.1)
POST /session/5c883764d649ff3aa68600ab68f6c80c/element HTTP/1.1
User-Agent: selenium/4.9.0 (java windows)
Content-Length: 71
Content-Type: application/json; charset=utf-8
host: localhost:31183
accept: */*

Response DefaultHttpResponse(decodeResult: success, version: HTTP/1.1)
HTTP/1.1 200 OK
Content-Length: 88
Content-Type: application/json; charset=utf-8
cache-control: no-cache

2023-04-27 17:20:23 DEBUG ChannelManager:270 ? Adding key: http://localhost:31183 for channel [id: 0x7dd930f2, L:/127.0.0.1:54664 - R:localhost/127.0.0.1:31183]
2023-04-27 17:20:23 DEBUG NettyRequestSender:593 ? Using pooled Channel '[id: 0x7dd930f2, L:/127.0.0.1:54664 - R:localhost/127.0.0.1:31183]' for 'POST' to 'http://localhost:31183/session/5c883764d649ff3aa68600ab68f6c80c/execute/sync'
2023-04-27 17:20:23 DEBUG NettyRequestSender:251 ? Using open Channel [id: 0x7dd930f2, L:/127.0.0.1:54664 - R:localhost/127.0.0.1:31183] for POST '/session/5c883764d649ff3aa68600ab68f6c80c/execute/sync'
2023-04-27 17:20:23 DEBUG HttpHandler:70 ? 

Request DefaultHttpRequest(decodeResult: success, version: HTTP/1.1)
POST /session/5c883764d649ff3aa68600ab68f6c80c/execute/sync HTTP/1.1
User-Agent: selenium/4.9.0 (java windows)
Content-Length: 48807
Content-Type: application/json; charset=utf-8
host: localhost:31183
accept: */*

Response DefaultHttpResponse(decodeResult: success, version: HTTP/1.1)
HTTP/1.1 200 OK
Content-Length: 14
Content-Type: application/json; charset=utf-8
cache-control: no-cache

2023-04-27 17:20:23 DEBUG ChannelManager:270 ? Adding key: http://localhost:31183 for channel [id: 0x7dd930f2, L:/127.0.0.1:54664 - R:localhost/127.0.0.1:31183]
2023-04-27 17:20:23 DEBUG NettyRequestSender:593 ? Using pooled Channel '[id: 0x7dd930f2, L:/127.0.0.1:54664 - R:localhost/127.0.0.1:31183]' for 'POST' to 'http://localhost:31183/session/5c883764d649ff3aa68600ab68f6c80c/element'
2023-04-27 17:20:23 DEBUG NettyRequestSender:251 ? Using open Channel [id: 0x7dd930f2, L:/127.0.0.1:54664 - R:localhost/127.0.0.1:31183] for POST '/session/5c883764d649ff3aa68600ab68f6c80c/element'
2023-04-27 17:20:23 DEBUG HttpHandler:70 ? 

Request DefaultHttpRequest(decodeResult: success, version: HTTP/1.1)
POST /session/5c883764d649ff3aa68600ab68f6c80c/element HTTP/1.1
User-Agent: selenium/4.9.0 (java windows)
Content-Length: 69
Content-Type: application/json; charset=utf-8
host: localhost:31183
accept: */*

Response DefaultHttpResponse(decodeResult: success, version: HTTP/1.1)
HTTP/1.1 200 OK
Content-Length: 88
Content-Type: application/json; charset=utf-8
cache-control: no-cache

2023-04-27 17:20:23 DEBUG ChannelManager:270 ? Adding key: http://localhost:31183 for channel [id: 0x7dd930f2, L:/127.0.0.1:54664 - R:localhost/127.0.0.1:31183]
2023-04-27 17:20:23 DEBUG NettyRequestSender:593 ? Using pooled Channel '[id: 0x7dd930f2, L:/127.0.0.1:54664 - R:localhost/127.0.0.1:31183]' for 'POST' to 'http://localhost:31183/session/5c883764d649ff3aa68600ab68f6c80c/actions'
2023-04-27 17:20:23 DEBUG NettyRequestSender:251 ? Using open Channel [id: 0x7dd930f2, L:/127.0.0.1:54664 - R:localhost/127.0.0.1:31183] for POST '/session/5c883764d649ff3aa68600ab68f6c80c/actions'
2023-04-27 17:20:23 DEBUG HttpHandler:70 ? 

Request DefaultHttpRequest(decodeResult: success, version: HTTP/1.1)
POST /session/5c883764d649ff3aa68600ab68f6c80c/actions HTTP/1.1
User-Agent: selenium/4.9.0 (java windows)
Content-Length: 2027
Content-Type: application/json; charset=utf-8
host: localhost:31183
accept: */*

Response DefaultHttpResponse(decodeResult: success, version: HTTP/1.1)
HTTP/1.1 200 OK
Content-Length: 14
Content-Type: application/json; charset=utf-8
cache-control: no-cache

2023-04-27 17:20:23 DEBUG ChannelManager:270 ? Adding key: http://localhost:31183 for channel [id: 0x7dd930f2, L:/127.0.0.1:54664 - R:localhost/127.0.0.1:31183]
2023-04-27 17:21:09 DEBUG InternalLoggerFactory:63 ? Using SLF4J as the default logging framework
2023-04-27 17:21:09 DEBUG ResourceLeakDetector:129 ? -Dio.netty.leakDetection.level: simple
2023-04-27 17:21:09 DEBUG ResourceLeakDetector:130 ? -Dio.netty.leakDetection.targetRecords: 4
2023-04-27 17:21:09 DEBUG ResourceLeakDetectorFactory:196 ? Loaded default ResourceLeakDetector: io.netty.util.ResourceLeakDetector@28a0fd6c
2023-04-27 17:21:09 DEBUG PlatformDependent0:496 ? -Dio.netty.noUnsafe: false
2023-04-27 17:21:09 DEBUG PlatformDependent0:1000 ? Java version: 19
2023-04-27 17:21:09 DEBUG PlatformDependent0:137 ? sun.misc.Unsafe.theUnsafe: available
2023-04-27 17:21:09 DEBUG PlatformDependent0:161 ? sun.misc.Unsafe.copyMemory: available
2023-04-27 17:21:09 DEBUG PlatformDependent0:193 ? sun.misc.Unsafe.storeFence: available
2023-04-27 17:21:09 DEBUG PlatformDependent0:236 ? java.nio.Buffer.address: available
2023-04-27 17:21:09 DEBUG PlatformDependent0:320 ? direct buffer constructor: unavailable: Reflective setAccessible(true) disabled
2023-04-27 17:21:09 DEBUG PlatformDependent0:385 ? java.nio.Bits.unaligned: available, true
2023-04-27 17:21:09 DEBUG PlatformDependent0:452 ? jdk.internal.misc.Unsafe.allocateUninitializedArray(int): unavailable: class io.netty.util.internal.PlatformDependent0$7 cannot access class jdk.internal.misc.Unsafe (in module java.base) because module java.base does not export jdk.internal.misc to unnamed module @5679c6c6
2023-04-27 17:21:09 DEBUG PlatformDependent0:482 ? java.nio.DirectByteBuffer.<init>(long, int): unavailable
2023-04-27 17:21:09 DEBUG PlatformDependent:1159 ? sun.misc.Unsafe: available
2023-04-27 17:21:09 DEBUG PlatformDependent:1270 ? maxDirectMemory: 5339348992 bytes (maybe)
2023-04-27 17:21:09 DEBUG PlatformDependent:1289 ? -Dio.netty.tmpdir: C:\Users\rohit\AppData\Local\Temp (java.io.tmpdir)
2023-04-27 17:21:09 DEBUG PlatformDependent:1368 ? -Dio.netty.bitMode: 64 (sun.arch.data.model)
2023-04-27 17:21:09 DEBUG PlatformDependent:1119 ? Platform: Windows
2023-04-27 17:21:09 DEBUG PlatformDependent:178 ? -Dio.netty.maxDirectMemory: -1 bytes
2023-04-27 17:21:09 DEBUG PlatformDependent:185 ? -Dio.netty.uninitializedArrayAllocationThreshold: -1
2023-04-27 17:21:09 DEBUG CleanerJava9:71 ? java.nio.ByteBuffer.cleaner(): available
2023-04-27 17:21:09 DEBUG PlatformDependent:205 ? -Dio.netty.noPreferDirect: false
2023-04-27 17:21:09 DEBUG PlatformDependent:1010 ? org.jctools-core.MpscChunkedArrayQueue: available
2023-04-27 17:21:09 DEBUG InternalThreadLocalMap:100 ? -Dio.netty.threadLocalMap.stringBuilder.initialSize: 1024
2023-04-27 17:21:09 DEBUG InternalThreadLocalMap:101 ? -Dio.netty.threadLocalMap.stringBuilder.maxSize: 4096
2023-04-27 17:21:09 DEBUG JdkSslContext:83 ? Default protocols (JDK): [TLSv1.3, TLSv1.2] 
2023-04-27 17:21:09 DEBUG JdkSslContext:84 ? Default cipher suites (JDK): [TLS_ECDHE_ECDSA_WITH_AES_256_GCM_SHA384, TLS_ECDHE_ECDSA_WITH_AES_128_GCM_SHA256, TLS_ECDHE_RSA_WITH_AES_128_GCM_SHA256, TLS_ECDHE_RSA_WITH_AES_256_GCM_SHA384, TLS_ECDHE_RSA_WITH_AES_128_CBC_SHA, TLS_ECDHE_RSA_WITH_AES_256_CBC_SHA, TLS_RSA_WITH_AES_128_GCM_SHA256, TLS_RSA_WITH_AES_128_CBC_SHA, TLS_RSA_WITH_AES_256_CBC_SHA, TLS_AES_128_GCM_SHA256, TLS_AES_256_GCM_SHA384]
2023-04-27 17:21:09 DEBUG GlobalEventExecutor:53 ? -Dio.netty.globalEventExecutor.quietPeriodSeconds: 1
2023-04-27 17:21:09 DEBUG MultithreadEventLoopGroup:44 ? -Dio.netty.eventLoopThreads: 16
2023-04-27 17:21:09 DEBUG NioEventLoop:110 ? -Dio.netty.noKeySetOptimization: false
2023-04-27 17:21:09 DEBUG NioEventLoop:111 ? -Dio.netty.selectorAutoRebuildThreshold: 512
2023-04-27 17:21:09 DEBUG PooledByteBufAllocator:157 ? -Dio.netty.allocator.numHeapArenas: 16
2023-04-27 17:21:09 DEBUG PooledByteBufAllocator:158 ? -Dio.netty.allocator.numDirectArenas: 16
2023-04-27 17:21:09 DEBUG PooledByteBufAllocator:160 ? -Dio.netty.allocator.pageSize: 8192
2023-04-27 17:21:09 DEBUG PooledByteBufAllocator:165 ? -Dio.netty.allocator.maxOrder: 9
2023-04-27 17:21:09 DEBUG PooledByteBufAllocator:169 ? -Dio.netty.allocator.chunkSize: 4194304
2023-04-27 17:21:09 DEBUG PooledByteBufAllocator:170 ? -Dio.netty.allocator.smallCacheSize: 256
2023-04-27 17:21:09 DEBUG PooledByteBufAllocator:171 ? -Dio.netty.allocator.normalCacheSize: 64
2023-04-27 17:21:09 DEBUG PooledByteBufAllocator:172 ? -Dio.netty.allocator.maxCachedBufferCapacity: 32768
2023-04-27 17:21:09 DEBUG PooledByteBufAllocator:173 ? -Dio.netty.allocator.cacheTrimInterval: 8192
2023-04-27 17:21:09 DEBUG PooledByteBufAllocator:174 ? -Dio.netty.allocator.cacheTrimIntervalMillis: 0
2023-04-27 17:21:09 DEBUG PooledByteBufAllocator:175 ? -Dio.netty.allocator.useCacheForAllThreads: false
2023-04-27 17:21:09 DEBUG PooledByteBufAllocator:176 ? -Dio.netty.allocator.maxCachedByteBuffersPerChunk: 1023
2023-04-27 17:21:09 DEBUG ByteBufUtil:88 ? -Dio.netty.allocator.type: pooled
2023-04-27 17:21:09 DEBUG ByteBufUtil:97 ? -Dio.netty.threadLocalDirectBufferSize: 0
2023-04-27 17:21:09 DEBUG ByteBufUtil:100 ? -Dio.netty.maxThreadLocalCharBufferSize: 16384
2023-04-27 17:21:10 DEBUG DefaultChannelId:79 ? -Dio.netty.processId: 35860 (auto-detected)
2023-04-27 17:21:10 DEBUG NetUtil:148 ? -Djava.net.preferIPv4Stack: false
2023-04-27 17:21:10 DEBUG NetUtil:149 ? -Djava.net.preferIPv6Addresses: false
2023-04-27 17:21:10 DEBUG NetUtilInitializations:145 ? Loopback interface: lo (Software Loopback Interface 1, 127.0.0.1)
2023-04-27 17:21:10 DEBUG NetUtil:206 ? Failed to get SOMAXCONN from sysctl and file \proc\sys\net\core\somaxconn. Default: 200
2023-04-27 17:21:10 DEBUG DefaultChannelId:101 ? -Dio.netty.machineId: 70:c9:4e:ff:fe:a9:98:9d (auto-detected)
2023-04-27 17:21:10 DEBUG AbstractByteBuf:63 ? -Dio.netty.buffer.checkAccessible: true
2023-04-27 17:21:10 DEBUG AbstractByteBuf:64 ? -Dio.netty.buffer.checkBounds: true
2023-04-27 17:21:10 DEBUG ResourceLeakDetectorFactory:196 ? Loaded default ResourceLeakDetector: io.netty.util.ResourceLeakDetector@470e7bbe
2023-04-27 17:21:10 DEBUG NettyConnectListener:73 ? Using new Channel '[id: 0x9301445c, L:/127.0.0.1:54824 - R:localhost/127.0.0.1:5790]' for 'POST' to '/session'
2023-04-27 17:21:10 DEBUG Recycler:96 ? -Dio.netty.recycler.maxCapacityPerThread: 4096
2023-04-27 17:21:10 DEBUG Recycler:97 ? -Dio.netty.recycler.ratio: 8
2023-04-27 17:21:10 DEBUG Recycler:98 ? -Dio.netty.recycler.chunkSize: 32
2023-04-27 17:21:10 DEBUG Recycler:99 ? -Dio.netty.recycler.blocking: false
2023-04-27 17:21:10 DEBUG Recycler:100 ? -Dio.netty.recycler.batchFastThreadLocalOnly: true
2023-04-27 17:21:11 DEBUG Brotli:38 ? brotli4j not in the classpath; Brotli support will be unavailable.
2023-04-27 17:21:11 DEBUG HttpHandler:70 ? 

Request DefaultHttpRequest(decodeResult: success, version: HTTP/1.1)
POST /session HTTP/1.1
User-Agent: selenium/4.9.0 (java windows)
Content-Length: 254
Content-Type: application/json; charset=utf-8
host: localhost:5790
accept: */*

Response DefaultHttpResponse(decodeResult: success, version: HTTP/1.1)
HTTP/1.1 200 OK
Content-Length: 859
Content-Type: application/json; charset=utf-8
cache-control: no-cache

2023-04-27 17:21:11 DEBUG ChannelManager:270 ? Adding key: http://localhost:5790 for channel [id: 0x9301445c, L:/127.0.0.1:54824 - R:localhost/127.0.0.1:5790]
2023-04-27 17:21:11 DEBUG NettyConnectListener:73 ? Using new Channel '[id: 0x7d412bd0, L:/127.0.0.1:54846 - R:localhost/127.0.0.1:54827]' for 'GET' to '/json/version'
2023-04-27 17:21:11 DEBUG HttpHandler:70 ? 

Request DefaultFullHttpRequest(decodeResult: success, version: HTTP/1.1, content: EmptyByteBufBE)
GET /json/version HTTP/1.1
User-Agent: selenium/4.9.0 (java windows)
host: localhost:54827
accept: */*

Response DefaultHttpResponse(decodeResult: success, version: HTTP/1.1)
HTTP/1.1 200 OK
Content-Security-Policy: frame-ancestors 'none'
Content-Length: 424
Content-Type: application/json; charset=UTF-8

2023-04-27 17:21:11 DEBUG ChannelManager:270 ? Adding key: http://localhost:54827 for channel [id: 0x7d412bd0, L:/127.0.0.1:54846 - R:localhost/127.0.0.1:54827]
2023-04-27 17:21:11 DEBUG ThreadLocalRandom:214 ? -Dio.netty.initialSeedUniquifier: 0x2a189558af2a5ee9
2023-04-27 17:21:11 DEBUG NettyConnectListener:73 ? Using new Channel '[id: 0x9a9fa61a, L:/127.0.0.1:54847 - R:localhost/127.0.0.1:54827]' for 'GET' to '/devtools/browser/35ed208b-7965-4bf9-bf11-a58719cf4455'
2023-04-27 17:21:11 DEBUG WebSocketHandler:105 ? 

Request DefaultFullHttpRequest(decodeResult: success, version: HTTP/1.1, content: EmptyByteBufBE)
GET /devtools/browser/35ed208b-7965-4bf9-bf11-a58719cf4455 HTTP/1.1
upgrade: websocket
connection: upgrade
sec-websocket-key: DJc/kivZjdBrmc69MZYVfg==
sec-websocket-version: 13
origin: http://localhost:54827
host: localhost:54827
accept: */*
user-agent: AHC/2.1

Response DefaultHttpResponse(decodeResult: success, version: HTTP/1.1)
HTTP/1.1 101 WebSocket Protocol Handshake
Upgrade: WebSocket
Connection: Upgrade
Sec-WebSocket-Accept: SbvJyileG39iKKeC/QQWOU+7AM8=

2023-04-27 17:21:11 DEBUG DefaultChannelPool:348 ? Entry count for : http://localhost:54827 : 1
2023-04-27 17:21:11 DEBUG DefaultChannelPool:348 ? Entry count for : http://localhost:5790 : 1
2023-04-27 17:21:11 DEBUG NettyRequestSender:593 ? Using pooled Channel '[id: 0x9301445c, L:/127.0.0.1:54824 - R:localhost/127.0.0.1:5790]' for 'POST' to 'http://localhost:5790/session/65a8c24d485d5199c61df3c91052c587/window/maximize'
2023-04-27 17:21:11 DEBUG NettyRequestSender:251 ? Using open Channel [id: 0x9301445c, L:/127.0.0.1:54824 - R:localhost/127.0.0.1:5790] for POST '/session/65a8c24d485d5199c61df3c91052c587/window/maximize'
2023-04-27 17:21:12 DEBUG HttpHandler:70 ? 

Request DefaultHttpRequest(decodeResult: success, version: HTTP/1.1)
POST /session/65a8c24d485d5199c61df3c91052c587/window/maximize HTTP/1.1
User-Agent: selenium/4.9.0 (java windows)
Content-Length: 3
Content-Type: application/json; charset=utf-8
host: localhost:5790
accept: */*

Response DefaultHttpResponse(decodeResult: success, version: HTTP/1.1)
HTTP/1.1 200 OK
Content-Length: 52
Content-Type: application/json; charset=utf-8
cache-control: no-cache

2023-04-27 17:21:12 DEBUG ChannelManager:270 ? Adding key: http://localhost:5790 for channel [id: 0x9301445c, L:/127.0.0.1:54824 - R:localhost/127.0.0.1:5790]
2023-04-27 17:21:12 DEBUG NettyRequestSender:593 ? Using pooled Channel '[id: 0x9301445c, L:/127.0.0.1:54824 - R:localhost/127.0.0.1:5790]' for 'POST' to 'http://localhost:5790/session/65a8c24d485d5199c61df3c91052c587/timeouts'
2023-04-27 17:21:12 DEBUG NettyRequestSender:251 ? Using open Channel [id: 0x9301445c, L:/127.0.0.1:54824 - R:localhost/127.0.0.1:5790] for POST '/session/65a8c24d485d5199c61df3c91052c587/timeouts'
2023-04-27 17:21:12 DEBUG HttpHandler:70 ? 

Request DefaultHttpRequest(decodeResult: success, version: HTTP/1.1)
POST /session/65a8c24d485d5199c61df3c91052c587/timeouts HTTP/1.1
User-Agent: selenium/4.9.0 (java windows)
Content-Length: 23
Content-Type: application/json; charset=utf-8
host: localhost:5790
accept: */*

Response DefaultHttpResponse(decodeResult: success, version: HTTP/1.1)
HTTP/1.1 200 OK
Content-Length: 14
Content-Type: application/json; charset=utf-8
cache-control: no-cache

2023-04-27 17:21:12 DEBUG ChannelManager:270 ? Adding key: http://localhost:5790 for channel [id: 0x9301445c, L:/127.0.0.1:54824 - R:localhost/127.0.0.1:5790]
2023-04-27 17:21:12 DEBUG NettyRequestSender:593 ? Using pooled Channel '[id: 0x9301445c, L:/127.0.0.1:54824 - R:localhost/127.0.0.1:5790]' for 'POST' to 'http://localhost:5790/session/65a8c24d485d5199c61df3c91052c587/url'
2023-04-27 17:21:12 DEBUG NettyRequestSender:251 ? Using open Channel [id: 0x9301445c, L:/127.0.0.1:54824 - R:localhost/127.0.0.1:5790] for POST '/session/65a8c24d485d5199c61df3c91052c587/url'
2023-04-27 17:21:13 DEBUG DefaultChannelPool:348 ? Entry count for : http://localhost:54827 : 1
2023-04-27 17:21:13 DEBUG HttpHandler:70 ? 

Request DefaultHttpRequest(decodeResult: success, version: HTTP/1.1)
POST /session/65a8c24d485d5199c61df3c91052c587/url HTTP/1.1
User-Agent: selenium/4.9.0 (java windows)
Content-Length: 59
Content-Type: application/json; charset=utf-8
host: localhost:5790
accept: */*

Response DefaultHttpResponse(decodeResult: success, version: HTTP/1.1)
HTTP/1.1 200 OK
Content-Length: 14
Content-Type: application/json; charset=utf-8
cache-control: no-cache

2023-04-27 17:21:13 DEBUG ChannelManager:270 ? Adding key: http://localhost:5790 for channel [id: 0x9301445c, L:/127.0.0.1:54824 - R:localhost/127.0.0.1:5790]
2023-04-27 17:21:13 DEBUG NettyRequestSender:593 ? Using pooled Channel '[id: 0x9301445c, L:/127.0.0.1:54824 - R:localhost/127.0.0.1:5790]' for 'POST' to 'http://localhost:5790/session/65a8c24d485d5199c61df3c91052c587/element'
2023-04-27 17:21:13 DEBUG NettyRequestSender:251 ? Using open Channel [id: 0x9301445c, L:/127.0.0.1:54824 - R:localhost/127.0.0.1:5790] for POST '/session/65a8c24d485d5199c61df3c91052c587/element'
2023-04-27 17:21:13 DEBUG HttpHandler:70 ? 

Request DefaultHttpRequest(decodeResult: success, version: HTTP/1.1)
POST /session/65a8c24d485d5199c61df3c91052c587/element HTTP/1.1
User-Agent: selenium/4.9.0 (java windows)
Content-Length: 72
Content-Type: application/json; charset=utf-8
host: localhost:5790
accept: */*

Response DefaultHttpResponse(decodeResult: success, version: HTTP/1.1)
HTTP/1.1 200 OK
Content-Length: 88
Content-Type: application/json; charset=utf-8
cache-control: no-cache

2023-04-27 17:21:13 DEBUG ChannelManager:270 ? Adding key: http://localhost:5790 for channel [id: 0x9301445c, L:/127.0.0.1:54824 - R:localhost/127.0.0.1:5790]
2023-04-27 17:21:13 DEBUG NettyRequestSender:593 ? Using pooled Channel '[id: 0x9301445c, L:/127.0.0.1:54824 - R:localhost/127.0.0.1:5790]' for 'POST' to 'http://localhost:5790/session/65a8c24d485d5199c61df3c91052c587/execute/sync'
2023-04-27 17:21:13 DEBUG NettyRequestSender:251 ? Using open Channel [id: 0x9301445c, L:/127.0.0.1:54824 - R:localhost/127.0.0.1:5790] for POST '/session/65a8c24d485d5199c61df3c91052c587/execute/sync'
2023-04-27 17:21:13 DEBUG HttpHandler:70 ? 

Request DefaultHttpRequest(decodeResult: success, version: HTTP/1.1)
POST /session/65a8c24d485d5199c61df3c91052c587/execute/sync HTTP/1.1
User-Agent: selenium/4.9.0 (java windows)
Content-Length: 48807
Content-Type: application/json; charset=utf-8
host: localhost:5790
accept: */*

Response DefaultHttpResponse(decodeResult: success, version: HTTP/1.1)
HTTP/1.1 200 OK
Content-Length: 14
Content-Type: application/json; charset=utf-8
cache-control: no-cache

2023-04-27 17:21:13 DEBUG ChannelManager:270 ? Adding key: http://localhost:5790 for channel [id: 0x9301445c, L:/127.0.0.1:54824 - R:localhost/127.0.0.1:5790]
2023-04-27 17:21:13 DEBUG NettyRequestSender:593 ? Using pooled Channel '[id: 0x9301445c, L:/127.0.0.1:54824 - R:localhost/127.0.0.1:5790]' for 'POST' to 'http://localhost:5790/session/65a8c24d485d5199c61df3c91052c587/element'
2023-04-27 17:21:13 DEBUG NettyRequestSender:251 ? Using open Channel [id: 0x9301445c, L:/127.0.0.1:54824 - R:localhost/127.0.0.1:5790] for POST '/session/65a8c24d485d5199c61df3c91052c587/element'
2023-04-27 17:21:13 DEBUG HttpHandler:70 ? 

Request DefaultHttpRequest(decodeResult: success, version: HTTP/1.1)
POST /session/65a8c24d485d5199c61df3c91052c587/element HTTP/1.1
User-Agent: selenium/4.9.0 (java windows)
Content-Length: 69
Content-Type: application/json; charset=utf-8
host: localhost:5790
accept: */*

Response DefaultHttpResponse(decodeResult: success, version: HTTP/1.1)
HTTP/1.1 200 OK
Content-Length: 88
Content-Type: application/json; charset=utf-8
cache-control: no-cache

2023-04-27 17:21:13 DEBUG ChannelManager:270 ? Adding key: http://localhost:5790 for channel [id: 0x9301445c, L:/127.0.0.1:54824 - R:localhost/127.0.0.1:5790]
2023-04-27 17:21:13 DEBUG NettyRequestSender:593 ? Using pooled Channel '[id: 0x9301445c, L:/127.0.0.1:54824 - R:localhost/127.0.0.1:5790]' for 'POST' to 'http://localhost:5790/session/65a8c24d485d5199c61df3c91052c587/execute/sync'
2023-04-27 17:21:13 DEBUG NettyRequestSender:251 ? Using open Channel [id: 0x9301445c, L:/127.0.0.1:54824 - R:localhost/127.0.0.1:5790] for POST '/session/65a8c24d485d5199c61df3c91052c587/execute/sync'
2023-04-27 17:21:13 DEBUG HttpHandler:70 ? 

Request DefaultHttpRequest(decodeResult: success, version: HTTP/1.1)
POST /session/65a8c24d485d5199c61df3c91052c587/execute/sync HTTP/1.1
User-Agent: selenium/4.9.0 (java windows)
Content-Length: 48807
Content-Type: application/json; charset=utf-8
host: localhost:5790
accept: */*

Response DefaultHttpResponse(decodeResult: success, version: HTTP/1.1)
HTTP/1.1 200 OK
Content-Length: 14
Content-Type: application/json; charset=utf-8
cache-control: no-cache

2023-04-27 17:21:13 DEBUG ChannelManager:270 ? Adding key: http://localhost:5790 for channel [id: 0x9301445c, L:/127.0.0.1:54824 - R:localhost/127.0.0.1:5790]
2023-04-27 17:21:13 DEBUG NettyRequestSender:593 ? Using pooled Channel '[id: 0x9301445c, L:/127.0.0.1:54824 - R:localhost/127.0.0.1:5790]' for 'POST' to 'http://localhost:5790/session/65a8c24d485d5199c61df3c91052c587/element'
2023-04-27 17:21:13 DEBUG NettyRequestSender:251 ? Using open Channel [id: 0x9301445c, L:/127.0.0.1:54824 - R:localhost/127.0.0.1:5790] for POST '/session/65a8c24d485d5199c61df3c91052c587/element'
2023-04-27 17:21:13 DEBUG HttpHandler:70 ? 

Request DefaultHttpRequest(decodeResult: success, version: HTTP/1.1)
POST /session/65a8c24d485d5199c61df3c91052c587/element HTTP/1.1
User-Agent: selenium/4.9.0 (java windows)
Content-Length: 71
Content-Type: application/json; charset=utf-8
host: localhost:5790
accept: */*

Response DefaultHttpResponse(decodeResult: success, version: HTTP/1.1)
HTTP/1.1 200 OK
Content-Length: 88
Content-Type: application/json; charset=utf-8
cache-control: no-cache

2023-04-27 17:21:13 DEBUG ChannelManager:270 ? Adding key: http://localhost:5790 for channel [id: 0x9301445c, L:/127.0.0.1:54824 - R:localhost/127.0.0.1:5790]
2023-04-27 17:21:13 DEBUG NettyRequestSender:593 ? Using pooled Channel '[id: 0x9301445c, L:/127.0.0.1:54824 - R:localhost/127.0.0.1:5790]' for 'POST' to 'http://localhost:5790/session/65a8c24d485d5199c61df3c91052c587/execute/sync'
2023-04-27 17:21:13 DEBUG NettyRequestSender:251 ? Using open Channel [id: 0x9301445c, L:/127.0.0.1:54824 - R:localhost/127.0.0.1:5790] for POST '/session/65a8c24d485d5199c61df3c91052c587/execute/sync'
2023-04-27 17:21:13 DEBUG HttpHandler:70 ? 

Request DefaultHttpRequest(decodeResult: success, version: HTTP/1.1)
POST /session/65a8c24d485d5199c61df3c91052c587/execute/sync HTTP/1.1
User-Agent: selenium/4.9.0 (java windows)
Content-Length: 48807
Content-Type: application/json; charset=utf-8
host: localhost:5790
accept: */*

Response DefaultHttpResponse(decodeResult: success, version: HTTP/1.1)
HTTP/1.1 200 OK
Content-Length: 14
Content-Type: application/json; charset=utf-8
cache-control: no-cache

2023-04-27 17:21:13 DEBUG ChannelManager:270 ? Adding key: http://localhost:5790 for channel [id: 0x9301445c, L:/127.0.0.1:54824 - R:localhost/127.0.0.1:5790]
2023-04-27 17:21:13 DEBUG NettyRequestSender:593 ? Using pooled Channel '[id: 0x9301445c, L:/127.0.0.1:54824 - R:localhost/127.0.0.1:5790]' for 'POST' to 'http://localhost:5790/session/65a8c24d485d5199c61df3c91052c587/element'
2023-04-27 17:21:13 DEBUG NettyRequestSender:251 ? Using open Channel [id: 0x9301445c, L:/127.0.0.1:54824 - R:localhost/127.0.0.1:5790] for POST '/session/65a8c24d485d5199c61df3c91052c587/element'
2023-04-27 17:21:13 DEBUG HttpHandler:70 ? 

Request DefaultHttpRequest(decodeResult: success, version: HTTP/1.1)
POST /session/65a8c24d485d5199c61df3c91052c587/element HTTP/1.1
User-Agent: selenium/4.9.0 (java windows)
Content-Length: 72
Content-Type: application/json; charset=utf-8
host: localhost:5790
accept: */*

Response DefaultHttpResponse(decodeResult: success, version: HTTP/1.1)
HTTP/1.1 200 OK
Content-Length: 88
Content-Type: application/json; charset=utf-8
cache-control: no-cache

2023-04-27 17:21:13 DEBUG ChannelManager:270 ? Adding key: http://localhost:5790 for channel [id: 0x9301445c, L:/127.0.0.1:54824 - R:localhost/127.0.0.1:5790]
2023-04-27 17:21:13 DEBUG NettyRequestSender:593 ? Using pooled Channel '[id: 0x9301445c, L:/127.0.0.1:54824 - R:localhost/127.0.0.1:5790]' for 'POST' to 'http://localhost:5790/session/65a8c24d485d5199c61df3c91052c587/execute/sync'
2023-04-27 17:21:13 DEBUG NettyRequestSender:251 ? Using open Channel [id: 0x9301445c, L:/127.0.0.1:54824 - R:localhost/127.0.0.1:5790] for POST '/session/65a8c24d485d5199c61df3c91052c587/execute/sync'
2023-04-27 17:21:13 DEBUG HttpHandler:70 ? 

Request DefaultHttpRequest(decodeResult: success, version: HTTP/1.1)
POST /session/65a8c24d485d5199c61df3c91052c587/execute/sync HTTP/1.1
User-Agent: selenium/4.9.0 (java windows)
Content-Length: 48807
Content-Type: application/json; charset=utf-8
host: localhost:5790
accept: */*

Response DefaultHttpResponse(decodeResult: success, version: HTTP/1.1)
HTTP/1.1 200 OK
Content-Length: 14
Content-Type: application/json; charset=utf-8
cache-control: no-cache

2023-04-27 17:21:13 DEBUG ChannelManager:270 ? Adding key: http://localhost:5790 for channel [id: 0x9301445c, L:/127.0.0.1:54824 - R:localhost/127.0.0.1:5790]
2023-04-27 17:21:13 DEBUG NettyRequestSender:593 ? Using pooled Channel '[id: 0x9301445c, L:/127.0.0.1:54824 - R:localhost/127.0.0.1:5790]' for 'POST' to 'http://localhost:5790/session/65a8c24d485d5199c61df3c91052c587/element'
2023-04-27 17:21:13 DEBUG NettyRequestSender:251 ? Using open Channel [id: 0x9301445c, L:/127.0.0.1:54824 - R:localhost/127.0.0.1:5790] for POST '/session/65a8c24d485d5199c61df3c91052c587/element'
2023-04-27 17:21:13 DEBUG HttpHandler:70 ? 

Request DefaultHttpRequest(decodeResult: success, version: HTTP/1.1)
POST /session/65a8c24d485d5199c61df3c91052c587/element HTTP/1.1
User-Agent: selenium/4.9.0 (java windows)
Content-Length: 69
Content-Type: application/json; charset=utf-8
host: localhost:5790
accept: */*

Response DefaultHttpResponse(decodeResult: success, version: HTTP/1.1)
HTTP/1.1 200 OK
Content-Length: 88
Content-Type: application/json; charset=utf-8
cache-control: no-cache

2023-04-27 17:21:13 DEBUG ChannelManager:270 ? Adding key: http://localhost:5790 for channel [id: 0x9301445c, L:/127.0.0.1:54824 - R:localhost/127.0.0.1:5790]
2023-04-27 17:21:13 DEBUG NettyRequestSender:593 ? Using pooled Channel '[id: 0x9301445c, L:/127.0.0.1:54824 - R:localhost/127.0.0.1:5790]' for 'POST' to 'http://localhost:5790/session/65a8c24d485d5199c61df3c91052c587/execute/sync'
2023-04-27 17:21:13 DEBUG NettyRequestSender:251 ? Using open Channel [id: 0x9301445c, L:/127.0.0.1:54824 - R:localhost/127.0.0.1:5790] for POST '/session/65a8c24d485d5199c61df3c91052c587/execute/sync'
2023-04-27 17:21:13 DEBUG HttpHandler:70 ? 

Request DefaultHttpRequest(decodeResult: success, version: HTTP/1.1)
POST /session/65a8c24d485d5199c61df3c91052c587/execute/sync HTTP/1.1
User-Agent: selenium/4.9.0 (java windows)
Content-Length: 48807
Content-Type: application/json; charset=utf-8
host: localhost:5790
accept: */*

Response DefaultHttpResponse(decodeResult: success, version: HTTP/1.1)
HTTP/1.1 200 OK
Content-Length: 14
Content-Type: application/json; charset=utf-8
cache-control: no-cache

2023-04-27 17:21:13 DEBUG ChannelManager:270 ? Adding key: http://localhost:5790 for channel [id: 0x9301445c, L:/127.0.0.1:54824 - R:localhost/127.0.0.1:5790]
2023-04-27 17:21:13 DEBUG NettyRequestSender:593 ? Using pooled Channel '[id: 0x9301445c, L:/127.0.0.1:54824 - R:localhost/127.0.0.1:5790]' for 'POST' to 'http://localhost:5790/session/65a8c24d485d5199c61df3c91052c587/element'
2023-04-27 17:21:13 DEBUG NettyRequestSender:251 ? Using open Channel [id: 0x9301445c, L:/127.0.0.1:54824 - R:localhost/127.0.0.1:5790] for POST '/session/65a8c24d485d5199c61df3c91052c587/element'
2023-04-27 17:21:13 DEBUG HttpHandler:70 ? 

Request DefaultHttpRequest(decodeResult: success, version: HTTP/1.1)
POST /session/65a8c24d485d5199c61df3c91052c587/element HTTP/1.1
User-Agent: selenium/4.9.0 (java windows)
Content-Length: 71
Content-Type: application/json; charset=utf-8
host: localhost:5790
accept: */*

Response DefaultHttpResponse(decodeResult: success, version: HTTP/1.1)
HTTP/1.1 200 OK
Content-Length: 88
Content-Type: application/json; charset=utf-8
cache-control: no-cache

2023-04-27 17:21:13 DEBUG ChannelManager:270 ? Adding key: http://localhost:5790 for channel [id: 0x9301445c, L:/127.0.0.1:54824 - R:localhost/127.0.0.1:5790]
2023-04-27 17:21:13 DEBUG NettyRequestSender:593 ? Using pooled Channel '[id: 0x9301445c, L:/127.0.0.1:54824 - R:localhost/127.0.0.1:5790]' for 'POST' to 'http://localhost:5790/session/65a8c24d485d5199c61df3c91052c587/execute/sync'
2023-04-27 17:21:13 DEBUG NettyRequestSender:251 ? Using open Channel [id: 0x9301445c, L:/127.0.0.1:54824 - R:localhost/127.0.0.1:5790] for POST '/session/65a8c24d485d5199c61df3c91052c587/execute/sync'
2023-04-27 17:21:13 DEBUG HttpHandler:70 ? 

Request DefaultHttpRequest(decodeResult: success, version: HTTP/1.1)
POST /session/65a8c24d485d5199c61df3c91052c587/execute/sync HTTP/1.1
User-Agent: selenium/4.9.0 (java windows)
Content-Length: 48807
Content-Type: application/json; charset=utf-8
host: localhost:5790
accept: */*

Response DefaultHttpResponse(decodeResult: success, version: HTTP/1.1)
HTTP/1.1 200 OK
Content-Length: 14
Content-Type: application/json; charset=utf-8
cache-control: no-cache

2023-04-27 17:21:13 DEBUG ChannelManager:270 ? Adding key: http://localhost:5790 for channel [id: 0x9301445c, L:/127.0.0.1:54824 - R:localhost/127.0.0.1:5790]
2023-04-27 17:21:13 DEBUG NettyRequestSender:593 ? Using pooled Channel '[id: 0x9301445c, L:/127.0.0.1:54824 - R:localhost/127.0.0.1:5790]' for 'POST' to 'http://localhost:5790/session/65a8c24d485d5199c61df3c91052c587/element'
2023-04-27 17:21:13 DEBUG NettyRequestSender:251 ? Using open Channel [id: 0x9301445c, L:/127.0.0.1:54824 - R:localhost/127.0.0.1:5790] for POST '/session/65a8c24d485d5199c61df3c91052c587/element'
2023-04-27 17:21:13 DEBUG HttpHandler:70 ? 

Request DefaultHttpRequest(decodeResult: success, version: HTTP/1.1)
POST /session/65a8c24d485d5199c61df3c91052c587/element HTTP/1.1
User-Agent: selenium/4.9.0 (java windows)
Content-Length: 69
Content-Type: application/json; charset=utf-8
host: localhost:5790
accept: */*

Response DefaultHttpResponse(decodeResult: success, version: HTTP/1.1)
HTTP/1.1 200 OK
Content-Length: 88
Content-Type: application/json; charset=utf-8
cache-control: no-cache

2023-04-27 17:21:13 DEBUG ChannelManager:270 ? Adding key: http://localhost:5790 for channel [id: 0x9301445c, L:/127.0.0.1:54824 - R:localhost/127.0.0.1:5790]
2023-04-27 17:21:13 DEBUG NettyRequestSender:593 ? Using pooled Channel '[id: 0x9301445c, L:/127.0.0.1:54824 - R:localhost/127.0.0.1:5790]' for 'POST' to 'http://localhost:5790/session/65a8c24d485d5199c61df3c91052c587/actions'
2023-04-27 17:21:13 DEBUG NettyRequestSender:251 ? Using open Channel [id: 0x9301445c, L:/127.0.0.1:54824 - R:localhost/127.0.0.1:5790] for POST '/session/65a8c24d485d5199c61df3c91052c587/actions'
2023-04-27 17:21:13 DEBUG HttpHandler:70 ? 

Request DefaultHttpRequest(decodeResult: success, version: HTTP/1.1)
POST /session/65a8c24d485d5199c61df3c91052c587/actions HTTP/1.1
User-Agent: selenium/4.9.0 (java windows)
Content-Length: 2027
Content-Type: application/json; charset=utf-8
host: localhost:5790
accept: */*

Response DefaultHttpResponse(decodeResult: success, version: HTTP/1.1)
HTTP/1.1 200 OK
Content-Length: 14
Content-Type: application/json; charset=utf-8
cache-control: no-cache

2023-04-27 17:21:13 DEBUG ChannelManager:270 ? Adding key: http://localhost:5790 for channel [id: 0x9301445c, L:/127.0.0.1:54824 - R:localhost/127.0.0.1:5790]
2023-04-27 17:21:13 DEBUG NettyRequestSender:593 ? Using pooled Channel '[id: 0x9301445c, L:/127.0.0.1:54824 - R:localhost/127.0.0.1:5790]' for 'POST' to 'http://localhost:5790/session/65a8c24d485d5199c61df3c91052c587/element'
2023-04-27 17:21:13 DEBUG NettyRequestSender:251 ? Using open Channel [id: 0x9301445c, L:/127.0.0.1:54824 - R:localhost/127.0.0.1:5790] for POST '/session/65a8c24d485d5199c61df3c91052c587/element'
2023-04-27 17:21:13 DEBUG HttpHandler:70 ? 

Request DefaultHttpRequest(decodeResult: success, version: HTTP/1.1)
POST /session/65a8c24d485d5199c61df3c91052c587/element HTTP/1.1
User-Agent: selenium/4.9.0 (java windows)
Content-Length: 72
Content-Type: application/json; charset=utf-8
host: localhost:5790
accept: */*

Response DefaultHttpResponse(decodeResult: success, version: HTTP/1.1)
HTTP/1.1 200 OK
Content-Length: 88
Content-Type: application/json; charset=utf-8
cache-control: no-cache

2023-04-27 17:21:13 DEBUG ChannelManager:270 ? Adding key: http://localhost:5790 for channel [id: 0x9301445c, L:/127.0.0.1:54824 - R:localhost/127.0.0.1:5790]
2023-04-27 17:21:13 DEBUG NettyRequestSender:593 ? Using pooled Channel '[id: 0x9301445c, L:/127.0.0.1:54824 - R:localhost/127.0.0.1:5790]' for 'POST' to 'http://localhost:5790/session/65a8c24d485d5199c61df3c91052c587/actions'
2023-04-27 17:21:13 DEBUG NettyRequestSender:251 ? Using open Channel [id: 0x9301445c, L:/127.0.0.1:54824 - R:localhost/127.0.0.1:5790] for POST '/session/65a8c24d485d5199c61df3c91052c587/actions'
2023-04-27 17:21:14 DEBUG HttpHandler:70 ? 

Request DefaultHttpRequest(decodeResult: success, version: HTTP/1.1)
POST /session/65a8c24d485d5199c61df3c91052c587/actions HTTP/1.1
User-Agent: selenium/4.9.0 (java windows)
Content-Length: 2315
Content-Type: application/json; charset=utf-8
host: localhost:5790
accept: */*

Response DefaultHttpResponse(decodeResult: success, version: HTTP/1.1)
HTTP/1.1 200 OK
Content-Length: 14
Content-Type: application/json; charset=utf-8
cache-control: no-cache

2023-04-27 17:21:14 DEBUG ChannelManager:270 ? Adding key: http://localhost:5790 for channel [id: 0x9301445c, L:/127.0.0.1:54824 - R:localhost/127.0.0.1:5790]
2023-04-27 17:21:14 DEBUG NettyRequestSender:593 ? Using pooled Channel '[id: 0x9301445c, L:/127.0.0.1:54824 - R:localhost/127.0.0.1:5790]' for 'POST' to 'http://localhost:5790/session/65a8c24d485d5199c61df3c91052c587/element'
2023-04-27 17:21:14 DEBUG NettyRequestSender:251 ? Using open Channel [id: 0x9301445c, L:/127.0.0.1:54824 - R:localhost/127.0.0.1:5790] for POST '/session/65a8c24d485d5199c61df3c91052c587/element'
2023-04-27 17:21:14 DEBUG HttpHandler:70 ? 

Request DefaultHttpRequest(decodeResult: success, version: HTTP/1.1)
POST /session/65a8c24d485d5199c61df3c91052c587/element HTTP/1.1
User-Agent: selenium/4.9.0 (java windows)
Content-Length: 71
Content-Type: application/json; charset=utf-8
host: localhost:5790
accept: */*

Response DefaultHttpResponse(decodeResult: success, version: HTTP/1.1)
HTTP/1.1 200 OK
Content-Length: 88
Content-Type: application/json; charset=utf-8
cache-control: no-cache

2023-04-27 17:21:14 DEBUG ChannelManager:270 ? Adding key: http://localhost:5790 for channel [id: 0x9301445c, L:/127.0.0.1:54824 - R:localhost/127.0.0.1:5790]
2023-04-27 17:21:14 DEBUG DefaultChannelPool:348 ? Entry count for : http://localhost:54827 : 1
2023-04-27 17:21:14 DEBUG DefaultChannelPool:348 ? Entry count for : http://localhost:5790 : 1
2023-04-27 17:21:14 DEBUG NettyRequestSender:593 ? Using pooled Channel '[id: 0x9301445c, L:/127.0.0.1:54824 - R:localhost/127.0.0.1:5790]' for 'POST' to 'http://localhost:5790/session/65a8c24d485d5199c61df3c91052c587/actions'
2023-04-27 17:21:14 DEBUG NettyRequestSender:251 ? Using open Channel [id: 0x9301445c, L:/127.0.0.1:54824 - R:localhost/127.0.0.1:5790] for POST '/session/65a8c24d485d5199c61df3c91052c587/actions'
2023-04-27 17:21:14 DEBUG HttpHandler:70 ? 

Request DefaultHttpRequest(decodeResult: success, version: HTTP/1.1)
POST /session/65a8c24d485d5199c61df3c91052c587/actions HTTP/1.1
User-Agent: selenium/4.9.0 (java windows)
Content-Length: 567
Content-Type: application/json; charset=utf-8
host: localhost:5790
accept: */*

Response DefaultHttpResponse(decodeResult: success, version: HTTP/1.1)
HTTP/1.1 200 OK
Content-Length: 14
Content-Type: application/json; charset=utf-8
cache-control: no-cache

2023-04-27 17:21:14 DEBUG ChannelManager:270 ? Adding key: http://localhost:5790 for channel [id: 0x9301445c, L:/127.0.0.1:54824 - R:localhost/127.0.0.1:5790]
2023-04-27 17:21:35 DEBUG InternalLoggerFactory:63 ? Using SLF4J as the default logging framework
2023-04-27 17:21:35 DEBUG ResourceLeakDetector:129 ? -Dio.netty.leakDetection.level: simple
2023-04-27 17:21:35 DEBUG ResourceLeakDetector:130 ? -Dio.netty.leakDetection.targetRecords: 4
2023-04-27 17:21:35 DEBUG ResourceLeakDetectorFactory:196 ? Loaded default ResourceLeakDetector: io.netty.util.ResourceLeakDetector@28a0fd6c
2023-04-27 17:21:35 DEBUG PlatformDependent0:496 ? -Dio.netty.noUnsafe: false
2023-04-27 17:21:35 DEBUG PlatformDependent0:1000 ? Java version: 19
2023-04-27 17:21:35 DEBUG PlatformDependent0:137 ? sun.misc.Unsafe.theUnsafe: available
2023-04-27 17:21:35 DEBUG PlatformDependent0:161 ? sun.misc.Unsafe.copyMemory: available
2023-04-27 17:21:35 DEBUG PlatformDependent0:193 ? sun.misc.Unsafe.storeFence: available
2023-04-27 17:21:35 DEBUG PlatformDependent0:236 ? java.nio.Buffer.address: available
2023-04-27 17:21:35 DEBUG PlatformDependent0:320 ? direct buffer constructor: unavailable: Reflective setAccessible(true) disabled
2023-04-27 17:21:35 DEBUG PlatformDependent0:385 ? java.nio.Bits.unaligned: available, true
2023-04-27 17:21:35 DEBUG PlatformDependent0:452 ? jdk.internal.misc.Unsafe.allocateUninitializedArray(int): unavailable: class io.netty.util.internal.PlatformDependent0$7 cannot access class jdk.internal.misc.Unsafe (in module java.base) because module java.base does not export jdk.internal.misc to unnamed module @5679c6c6
2023-04-27 17:21:35 DEBUG PlatformDependent0:482 ? java.nio.DirectByteBuffer.<init>(long, int): unavailable
2023-04-27 17:21:35 DEBUG PlatformDependent:1159 ? sun.misc.Unsafe: available
2023-04-27 17:21:35 DEBUG PlatformDependent:1270 ? maxDirectMemory: 5339348992 bytes (maybe)
2023-04-27 17:21:35 DEBUG PlatformDependent:1289 ? -Dio.netty.tmpdir: C:\Users\rohit\AppData\Local\Temp (java.io.tmpdir)
2023-04-27 17:21:35 DEBUG PlatformDependent:1368 ? -Dio.netty.bitMode: 64 (sun.arch.data.model)
2023-04-27 17:21:35 DEBUG PlatformDependent:1119 ? Platform: Windows
2023-04-27 17:21:35 DEBUG PlatformDependent:178 ? -Dio.netty.maxDirectMemory: -1 bytes
2023-04-27 17:21:35 DEBUG PlatformDependent:185 ? -Dio.netty.uninitializedArrayAllocationThreshold: -1
2023-04-27 17:21:35 DEBUG CleanerJava9:71 ? java.nio.ByteBuffer.cleaner(): available
2023-04-27 17:21:35 DEBUG PlatformDependent:205 ? -Dio.netty.noPreferDirect: false
2023-04-27 17:21:35 DEBUG PlatformDependent:1010 ? org.jctools-core.MpscChunkedArrayQueue: available
2023-04-27 17:21:35 DEBUG InternalThreadLocalMap:100 ? -Dio.netty.threadLocalMap.stringBuilder.initialSize: 1024
2023-04-27 17:21:35 DEBUG InternalThreadLocalMap:101 ? -Dio.netty.threadLocalMap.stringBuilder.maxSize: 4096
2023-04-27 17:21:35 DEBUG JdkSslContext:83 ? Default protocols (JDK): [TLSv1.3, TLSv1.2] 
2023-04-27 17:21:35 DEBUG JdkSslContext:84 ? Default cipher suites (JDK): [TLS_ECDHE_ECDSA_WITH_AES_256_GCM_SHA384, TLS_ECDHE_ECDSA_WITH_AES_128_GCM_SHA256, TLS_ECDHE_RSA_WITH_AES_128_GCM_SHA256, TLS_ECDHE_RSA_WITH_AES_256_GCM_SHA384, TLS_ECDHE_RSA_WITH_AES_128_CBC_SHA, TLS_ECDHE_RSA_WITH_AES_256_CBC_SHA, TLS_RSA_WITH_AES_128_GCM_SHA256, TLS_RSA_WITH_AES_128_CBC_SHA, TLS_RSA_WITH_AES_256_CBC_SHA, TLS_AES_128_GCM_SHA256, TLS_AES_256_GCM_SHA384]
2023-04-27 17:21:35 DEBUG GlobalEventExecutor:53 ? -Dio.netty.globalEventExecutor.quietPeriodSeconds: 1
2023-04-27 17:21:35 DEBUG MultithreadEventLoopGroup:44 ? -Dio.netty.eventLoopThreads: 16
2023-04-27 17:21:35 DEBUG NioEventLoop:110 ? -Dio.netty.noKeySetOptimization: false
2023-04-27 17:21:35 DEBUG NioEventLoop:111 ? -Dio.netty.selectorAutoRebuildThreshold: 512
2023-04-27 17:21:35 DEBUG PooledByteBufAllocator:157 ? -Dio.netty.allocator.numHeapArenas: 16
2023-04-27 17:21:35 DEBUG PooledByteBufAllocator:158 ? -Dio.netty.allocator.numDirectArenas: 16
2023-04-27 17:21:35 DEBUG PooledByteBufAllocator:160 ? -Dio.netty.allocator.pageSize: 8192
2023-04-27 17:21:35 DEBUG PooledByteBufAllocator:165 ? -Dio.netty.allocator.maxOrder: 9
2023-04-27 17:21:35 DEBUG PooledByteBufAllocator:169 ? -Dio.netty.allocator.chunkSize: 4194304
2023-04-27 17:21:35 DEBUG PooledByteBufAllocator:170 ? -Dio.netty.allocator.smallCacheSize: 256
2023-04-27 17:21:35 DEBUG PooledByteBufAllocator:171 ? -Dio.netty.allocator.normalCacheSize: 64
2023-04-27 17:21:35 DEBUG PooledByteBufAllocator:172 ? -Dio.netty.allocator.maxCachedBufferCapacity: 32768
2023-04-27 17:21:35 DEBUG PooledByteBufAllocator:173 ? -Dio.netty.allocator.cacheTrimInterval: 8192
2023-04-27 17:21:35 DEBUG PooledByteBufAllocator:174 ? -Dio.netty.allocator.cacheTrimIntervalMillis: 0
2023-04-27 17:21:35 DEBUG PooledByteBufAllocator:175 ? -Dio.netty.allocator.useCacheForAllThreads: false
2023-04-27 17:21:35 DEBUG PooledByteBufAllocator:176 ? -Dio.netty.allocator.maxCachedByteBuffersPerChunk: 1023
2023-04-27 17:21:35 DEBUG ByteBufUtil:88 ? -Dio.netty.allocator.type: pooled
2023-04-27 17:21:35 DEBUG ByteBufUtil:97 ? -Dio.netty.threadLocalDirectBufferSize: 0
2023-04-27 17:21:35 DEBUG ByteBufUtil:100 ? -Dio.netty.maxThreadLocalCharBufferSize: 16384
2023-04-27 17:21:36 DEBUG DefaultChannelId:79 ? -Dio.netty.processId: 32612 (auto-detected)
2023-04-27 17:21:36 DEBUG NetUtil:148 ? -Djava.net.preferIPv4Stack: false
2023-04-27 17:21:36 DEBUG NetUtil:149 ? -Djava.net.preferIPv6Addresses: false
2023-04-27 17:21:36 DEBUG NetUtilInitializations:145 ? Loopback interface: lo (Software Loopback Interface 1, 127.0.0.1)
2023-04-27 17:21:36 DEBUG NetUtil:206 ? Failed to get SOMAXCONN from sysctl and file \proc\sys\net\core\somaxconn. Default: 200
2023-04-27 17:21:36 DEBUG DefaultChannelId:101 ? -Dio.netty.machineId: 70:c9:4e:ff:fe:a9:98:9d (auto-detected)
2023-04-27 17:21:36 DEBUG AbstractByteBuf:63 ? -Dio.netty.buffer.checkAccessible: true
2023-04-27 17:21:36 DEBUG AbstractByteBuf:64 ? -Dio.netty.buffer.checkBounds: true
2023-04-27 17:21:36 DEBUG ResourceLeakDetectorFactory:196 ? Loaded default ResourceLeakDetector: io.netty.util.ResourceLeakDetector@53f8c3a2
2023-04-27 17:21:36 DEBUG NettyConnectListener:73 ? Using new Channel '[id: 0x4f436b8b, L:/127.0.0.1:54924 - R:localhost/127.0.0.1:30447]' for 'POST' to '/session'
2023-04-27 17:21:36 DEBUG Recycler:96 ? -Dio.netty.recycler.maxCapacityPerThread: 4096
2023-04-27 17:21:36 DEBUG Recycler:97 ? -Dio.netty.recycler.ratio: 8
2023-04-27 17:21:36 DEBUG Recycler:98 ? -Dio.netty.recycler.chunkSize: 32
2023-04-27 17:21:36 DEBUG Recycler:99 ? -Dio.netty.recycler.blocking: false
2023-04-27 17:21:36 DEBUG Recycler:100 ? -Dio.netty.recycler.batchFastThreadLocalOnly: true
2023-04-27 17:21:37 DEBUG Brotli:38 ? brotli4j not in the classpath; Brotli support will be unavailable.
2023-04-27 17:21:37 DEBUG HttpHandler:70 ? 

Request DefaultHttpRequest(decodeResult: success, version: HTTP/1.1)
POST /session HTTP/1.1
User-Agent: selenium/4.9.0 (java windows)
Content-Length: 254
Content-Type: application/json; charset=utf-8
host: localhost:30447
accept: */*

Response DefaultHttpResponse(decodeResult: success, version: HTTP/1.1)
HTTP/1.1 200 OK
Content-Length: 860
Content-Type: application/json; charset=utf-8
cache-control: no-cache

2023-04-27 17:21:37 DEBUG ChannelManager:270 ? Adding key: http://localhost:30447 for channel [id: 0x4f436b8b, L:/127.0.0.1:54924 - R:localhost/127.0.0.1:30447]
2023-04-27 17:21:38 DEBUG NettyConnectListener:73 ? Using new Channel '[id: 0x8999d57a, L:/127.0.0.1:54942 - R:localhost/127.0.0.1:54927]' for 'GET' to '/json/version'
2023-04-27 17:21:38 DEBUG HttpHandler:70 ? 

Request DefaultFullHttpRequest(decodeResult: success, version: HTTP/1.1, content: EmptyByteBufBE)
GET /json/version HTTP/1.1
User-Agent: selenium/4.9.0 (java windows)
host: localhost:54927
accept: */*

Response DefaultHttpResponse(decodeResult: success, version: HTTP/1.1)
HTTP/1.1 200 OK
Content-Security-Policy: frame-ancestors 'none'
Content-Length: 424
Content-Type: application/json; charset=UTF-8

2023-04-27 17:21:38 DEBUG ChannelManager:270 ? Adding key: http://localhost:54927 for channel [id: 0x8999d57a, L:/127.0.0.1:54942 - R:localhost/127.0.0.1:54927]
2023-04-27 17:21:38 DEBUG DefaultChannelPool:348 ? Entry count for : http://localhost:30447 : 1
2023-04-27 17:21:38 DEBUG DefaultChannelPool:348 ? Entry count for : http://localhost:54927 : 1
2023-04-27 17:21:38 DEBUG ThreadLocalRandom:214 ? -Dio.netty.initialSeedUniquifier: 0x49c940b1f1462602
2023-04-27 17:21:38 DEBUG NettyConnectListener:73 ? Using new Channel '[id: 0xa75a2fb6, L:/127.0.0.1:54944 - R:localhost/127.0.0.1:54927]' for 'GET' to '/devtools/browser/81475120-e218-4496-9e77-54d50798fc4b'
2023-04-27 17:21:38 DEBUG WebSocketHandler:105 ? 

Request DefaultFullHttpRequest(decodeResult: success, version: HTTP/1.1, content: EmptyByteBufBE)
GET /devtools/browser/81475120-e218-4496-9e77-54d50798fc4b HTTP/1.1
upgrade: websocket
connection: upgrade
sec-websocket-key: SMHGABEn06yAg3OxIAvW9w==
sec-websocket-version: 13
origin: http://localhost:54927
host: localhost:54927
accept: */*
user-agent: AHC/2.1

Response DefaultHttpResponse(decodeResult: success, version: HTTP/1.1)
HTTP/1.1 101 WebSocket Protocol Handshake
Upgrade: WebSocket
Connection: Upgrade
Sec-WebSocket-Accept: OfdVR9bVfSSQWRwye5cQSnXzPAE=

2023-04-27 17:21:38 DEBUG NettyRequestSender:593 ? Using pooled Channel '[id: 0x4f436b8b, L:/127.0.0.1:54924 - R:localhost/127.0.0.1:30447]' for 'POST' to 'http://localhost:30447/session/a211477338a595fabb15934bc977eea4/window/maximize'
2023-04-27 17:21:38 DEBUG NettyRequestSender:251 ? Using open Channel [id: 0x4f436b8b, L:/127.0.0.1:54924 - R:localhost/127.0.0.1:30447] for POST '/session/a211477338a595fabb15934bc977eea4/window/maximize'
2023-04-27 17:21:38 DEBUG HttpHandler:70 ? 

Request DefaultHttpRequest(decodeResult: success, version: HTTP/1.1)
POST /session/a211477338a595fabb15934bc977eea4/window/maximize HTTP/1.1
User-Agent: selenium/4.9.0 (java windows)
Content-Length: 3
Content-Type: application/json; charset=utf-8
host: localhost:30447
accept: */*

Response DefaultHttpResponse(decodeResult: success, version: HTTP/1.1)
HTTP/1.1 200 OK
Content-Length: 52
Content-Type: application/json; charset=utf-8
cache-control: no-cache

2023-04-27 17:21:38 DEBUG ChannelManager:270 ? Adding key: http://localhost:30447 for channel [id: 0x4f436b8b, L:/127.0.0.1:54924 - R:localhost/127.0.0.1:30447]
2023-04-27 17:21:38 DEBUG NettyRequestSender:593 ? Using pooled Channel '[id: 0x4f436b8b, L:/127.0.0.1:54924 - R:localhost/127.0.0.1:30447]' for 'POST' to 'http://localhost:30447/session/a211477338a595fabb15934bc977eea4/timeouts'
2023-04-27 17:21:38 DEBUG NettyRequestSender:251 ? Using open Channel [id: 0x4f436b8b, L:/127.0.0.1:54924 - R:localhost/127.0.0.1:30447] for POST '/session/a211477338a595fabb15934bc977eea4/timeouts'
2023-04-27 17:21:38 DEBUG HttpHandler:70 ? 

Request DefaultHttpRequest(decodeResult: success, version: HTTP/1.1)
POST /session/a211477338a595fabb15934bc977eea4/timeouts HTTP/1.1
User-Agent: selenium/4.9.0 (java windows)
Content-Length: 23
Content-Type: application/json; charset=utf-8
host: localhost:30447
accept: */*

Response DefaultHttpResponse(decodeResult: success, version: HTTP/1.1)
HTTP/1.1 200 OK
Content-Length: 14
Content-Type: application/json; charset=utf-8
cache-control: no-cache

2023-04-27 17:21:38 DEBUG ChannelManager:270 ? Adding key: http://localhost:30447 for channel [id: 0x4f436b8b, L:/127.0.0.1:54924 - R:localhost/127.0.0.1:30447]
2023-04-27 17:21:38 DEBUG NettyRequestSender:593 ? Using pooled Channel '[id: 0x4f436b8b, L:/127.0.0.1:54924 - R:localhost/127.0.0.1:30447]' for 'POST' to 'http://localhost:30447/session/a211477338a595fabb15934bc977eea4/url'
2023-04-27 17:21:38 DEBUG NettyRequestSender:251 ? Using open Channel [id: 0x4f436b8b, L:/127.0.0.1:54924 - R:localhost/127.0.0.1:30447] for POST '/session/a211477338a595fabb15934bc977eea4/url'
2023-04-27 17:21:39 DEBUG DefaultChannelPool:348 ? Entry count for : http://localhost:54927 : 1
2023-04-27 17:21:39 DEBUG HttpHandler:70 ? 

Request DefaultHttpRequest(decodeResult: success, version: HTTP/1.1)
POST /session/a211477338a595fabb15934bc977eea4/url HTTP/1.1
User-Agent: selenium/4.9.0 (java windows)
Content-Length: 59
Content-Type: application/json; charset=utf-8
host: localhost:30447
accept: */*

Response DefaultHttpResponse(decodeResult: success, version: HTTP/1.1)
HTTP/1.1 200 OK
Content-Length: 14
Content-Type: application/json; charset=utf-8
cache-control: no-cache

2023-04-27 17:21:39 DEBUG ChannelManager:270 ? Adding key: http://localhost:30447 for channel [id: 0x4f436b8b, L:/127.0.0.1:54924 - R:localhost/127.0.0.1:30447]
2023-04-27 17:21:39 DEBUG NettyRequestSender:593 ? Using pooled Channel '[id: 0x4f436b8b, L:/127.0.0.1:54924 - R:localhost/127.0.0.1:30447]' for 'POST' to 'http://localhost:30447/session/a211477338a595fabb15934bc977eea4/element'
2023-04-27 17:21:39 DEBUG NettyRequestSender:251 ? Using open Channel [id: 0x4f436b8b, L:/127.0.0.1:54924 - R:localhost/127.0.0.1:30447] for POST '/session/a211477338a595fabb15934bc977eea4/element'
2023-04-27 17:21:39 DEBUG HttpHandler:70 ? 

Request DefaultHttpRequest(decodeResult: success, version: HTTP/1.1)
POST /session/a211477338a595fabb15934bc977eea4/element HTTP/1.1
User-Agent: selenium/4.9.0 (java windows)
Content-Length: 72
Content-Type: application/json; charset=utf-8
host: localhost:30447
accept: */*

Response DefaultHttpResponse(decodeResult: success, version: HTTP/1.1)
HTTP/1.1 200 OK
Content-Length: 88
Content-Type: application/json; charset=utf-8
cache-control: no-cache

2023-04-27 17:21:39 DEBUG ChannelManager:270 ? Adding key: http://localhost:30447 for channel [id: 0x4f436b8b, L:/127.0.0.1:54924 - R:localhost/127.0.0.1:30447]
2023-04-27 17:21:39 DEBUG NettyRequestSender:593 ? Using pooled Channel '[id: 0x4f436b8b, L:/127.0.0.1:54924 - R:localhost/127.0.0.1:30447]' for 'POST' to 'http://localhost:30447/session/a211477338a595fabb15934bc977eea4/execute/sync'
2023-04-27 17:21:39 DEBUG NettyRequestSender:251 ? Using open Channel [id: 0x4f436b8b, L:/127.0.0.1:54924 - R:localhost/127.0.0.1:30447] for POST '/session/a211477338a595fabb15934bc977eea4/execute/sync'
2023-04-27 17:21:39 DEBUG HttpHandler:70 ? 

Request DefaultHttpRequest(decodeResult: success, version: HTTP/1.1)
POST /session/a211477338a595fabb15934bc977eea4/execute/sync HTTP/1.1
User-Agent: selenium/4.9.0 (java windows)
Content-Length: 48807
Content-Type: application/json; charset=utf-8
host: localhost:30447
accept: */*

Response DefaultHttpResponse(decodeResult: success, version: HTTP/1.1)
HTTP/1.1 200 OK
Content-Length: 14
Content-Type: application/json; charset=utf-8
cache-control: no-cache

2023-04-27 17:21:39 DEBUG ChannelManager:270 ? Adding key: http://localhost:30447 for channel [id: 0x4f436b8b, L:/127.0.0.1:54924 - R:localhost/127.0.0.1:30447]
2023-04-27 17:21:39 DEBUG NettyRequestSender:593 ? Using pooled Channel '[id: 0x4f436b8b, L:/127.0.0.1:54924 - R:localhost/127.0.0.1:30447]' for 'POST' to 'http://localhost:30447/session/a211477338a595fabb15934bc977eea4/element'
2023-04-27 17:21:39 DEBUG NettyRequestSender:251 ? Using open Channel [id: 0x4f436b8b, L:/127.0.0.1:54924 - R:localhost/127.0.0.1:30447] for POST '/session/a211477338a595fabb15934bc977eea4/element'
2023-04-27 17:21:39 DEBUG HttpHandler:70 ? 

Request DefaultHttpRequest(decodeResult: success, version: HTTP/1.1)
POST /session/a211477338a595fabb15934bc977eea4/element HTTP/1.1
User-Agent: selenium/4.9.0 (java windows)
Content-Length: 69
Content-Type: application/json; charset=utf-8
host: localhost:30447
accept: */*

Response DefaultHttpResponse(decodeResult: success, version: HTTP/1.1)
HTTP/1.1 200 OK
Content-Length: 88
Content-Type: application/json; charset=utf-8
cache-control: no-cache

2023-04-27 17:21:39 DEBUG ChannelManager:270 ? Adding key: http://localhost:30447 for channel [id: 0x4f436b8b, L:/127.0.0.1:54924 - R:localhost/127.0.0.1:30447]
2023-04-27 17:21:39 DEBUG NettyRequestSender:593 ? Using pooled Channel '[id: 0x4f436b8b, L:/127.0.0.1:54924 - R:localhost/127.0.0.1:30447]' for 'POST' to 'http://localhost:30447/session/a211477338a595fabb15934bc977eea4/execute/sync'
2023-04-27 17:21:39 DEBUG NettyRequestSender:251 ? Using open Channel [id: 0x4f436b8b, L:/127.0.0.1:54924 - R:localhost/127.0.0.1:30447] for POST '/session/a211477338a595fabb15934bc977eea4/execute/sync'
2023-04-27 17:21:39 DEBUG HttpHandler:70 ? 

Request DefaultHttpRequest(decodeResult: success, version: HTTP/1.1)
POST /session/a211477338a595fabb15934bc977eea4/execute/sync HTTP/1.1
User-Agent: selenium/4.9.0 (java windows)
Content-Length: 48807
Content-Type: application/json; charset=utf-8
host: localhost:30447
accept: */*

Response DefaultHttpResponse(decodeResult: success, version: HTTP/1.1)
HTTP/1.1 200 OK
Content-Length: 14
Content-Type: application/json; charset=utf-8
cache-control: no-cache

2023-04-27 17:21:39 DEBUG ChannelManager:270 ? Adding key: http://localhost:30447 for channel [id: 0x4f436b8b, L:/127.0.0.1:54924 - R:localhost/127.0.0.1:30447]
2023-04-27 17:21:39 DEBUG NettyRequestSender:593 ? Using pooled Channel '[id: 0x4f436b8b, L:/127.0.0.1:54924 - R:localhost/127.0.0.1:30447]' for 'POST' to 'http://localhost:30447/session/a211477338a595fabb15934bc977eea4/element'
2023-04-27 17:21:39 DEBUG NettyRequestSender:251 ? Using open Channel [id: 0x4f436b8b, L:/127.0.0.1:54924 - R:localhost/127.0.0.1:30447] for POST '/session/a211477338a595fabb15934bc977eea4/element'
2023-04-27 17:21:39 DEBUG HttpHandler:70 ? 

Request DefaultHttpRequest(decodeResult: success, version: HTTP/1.1)
POST /session/a211477338a595fabb15934bc977eea4/element HTTP/1.1
User-Agent: selenium/4.9.0 (java windows)
Content-Length: 71
Content-Type: application/json; charset=utf-8
host: localhost:30447
accept: */*

Response DefaultHttpResponse(decodeResult: success, version: HTTP/1.1)
HTTP/1.1 200 OK
Content-Length: 88
Content-Type: application/json; charset=utf-8
cache-control: no-cache

2023-04-27 17:21:39 DEBUG ChannelManager:270 ? Adding key: http://localhost:30447 for channel [id: 0x4f436b8b, L:/127.0.0.1:54924 - R:localhost/127.0.0.1:30447]
2023-04-27 17:21:39 DEBUG NettyRequestSender:593 ? Using pooled Channel '[id: 0x4f436b8b, L:/127.0.0.1:54924 - R:localhost/127.0.0.1:30447]' for 'POST' to 'http://localhost:30447/session/a211477338a595fabb15934bc977eea4/execute/sync'
2023-04-27 17:21:39 DEBUG NettyRequestSender:251 ? Using open Channel [id: 0x4f436b8b, L:/127.0.0.1:54924 - R:localhost/127.0.0.1:30447] for POST '/session/a211477338a595fabb15934bc977eea4/execute/sync'
2023-04-27 17:21:39 DEBUG HttpHandler:70 ? 

Request DefaultHttpRequest(decodeResult: success, version: HTTP/1.1)
POST /session/a211477338a595fabb15934bc977eea4/execute/sync HTTP/1.1
User-Agent: selenium/4.9.0 (java windows)
Content-Length: 48807
Content-Type: application/json; charset=utf-8
host: localhost:30447
accept: */*

Response DefaultHttpResponse(decodeResult: success, version: HTTP/1.1)
HTTP/1.1 200 OK
Content-Length: 14
Content-Type: application/json; charset=utf-8
cache-control: no-cache

2023-04-27 17:21:39 DEBUG ChannelManager:270 ? Adding key: http://localhost:30447 for channel [id: 0x4f436b8b, L:/127.0.0.1:54924 - R:localhost/127.0.0.1:30447]
2023-04-27 17:21:39 DEBUG NettyRequestSender:593 ? Using pooled Channel '[id: 0x4f436b8b, L:/127.0.0.1:54924 - R:localhost/127.0.0.1:30447]' for 'POST' to 'http://localhost:30447/session/a211477338a595fabb15934bc977eea4/element'
2023-04-27 17:21:39 DEBUG NettyRequestSender:251 ? Using open Channel [id: 0x4f436b8b, L:/127.0.0.1:54924 - R:localhost/127.0.0.1:30447] for POST '/session/a211477338a595fabb15934bc977eea4/element'
2023-04-27 17:21:39 DEBUG HttpHandler:70 ? 

Request DefaultHttpRequest(decodeResult: success, version: HTTP/1.1)
POST /session/a211477338a595fabb15934bc977eea4/element HTTP/1.1
User-Agent: selenium/4.9.0 (java windows)
Content-Length: 72
Content-Type: application/json; charset=utf-8
host: localhost:30447
accept: */*

Response DefaultHttpResponse(decodeResult: success, version: HTTP/1.1)
HTTP/1.1 200 OK
Content-Length: 88
Content-Type: application/json; charset=utf-8
cache-control: no-cache

2023-04-27 17:21:39 DEBUG ChannelManager:270 ? Adding key: http://localhost:30447 for channel [id: 0x4f436b8b, L:/127.0.0.1:54924 - R:localhost/127.0.0.1:30447]
2023-04-27 17:21:39 DEBUG NettyRequestSender:593 ? Using pooled Channel '[id: 0x4f436b8b, L:/127.0.0.1:54924 - R:localhost/127.0.0.1:30447]' for 'POST' to 'http://localhost:30447/session/a211477338a595fabb15934bc977eea4/execute/sync'
2023-04-27 17:21:39 DEBUG NettyRequestSender:251 ? Using open Channel [id: 0x4f436b8b, L:/127.0.0.1:54924 - R:localhost/127.0.0.1:30447] for POST '/session/a211477338a595fabb15934bc977eea4/execute/sync'
2023-04-27 17:21:40 DEBUG HttpHandler:70 ? 

Request DefaultHttpRequest(decodeResult: success, version: HTTP/1.1)
POST /session/a211477338a595fabb15934bc977eea4/execute/sync HTTP/1.1
User-Agent: selenium/4.9.0 (java windows)
Content-Length: 48807
Content-Type: application/json; charset=utf-8
host: localhost:30447
accept: */*

Response DefaultHttpResponse(decodeResult: success, version: HTTP/1.1)
HTTP/1.1 200 OK
Content-Length: 14
Content-Type: application/json; charset=utf-8
cache-control: no-cache

2023-04-27 17:21:40 DEBUG ChannelManager:270 ? Adding key: http://localhost:30447 for channel [id: 0x4f436b8b, L:/127.0.0.1:54924 - R:localhost/127.0.0.1:30447]
2023-04-27 17:21:40 DEBUG NettyRequestSender:593 ? Using pooled Channel '[id: 0x4f436b8b, L:/127.0.0.1:54924 - R:localhost/127.0.0.1:30447]' for 'POST' to 'http://localhost:30447/session/a211477338a595fabb15934bc977eea4/element'
2023-04-27 17:21:40 DEBUG NettyRequestSender:251 ? Using open Channel [id: 0x4f436b8b, L:/127.0.0.1:54924 - R:localhost/127.0.0.1:30447] for POST '/session/a211477338a595fabb15934bc977eea4/element'
2023-04-27 17:21:40 DEBUG HttpHandler:70 ? 

Request DefaultHttpRequest(decodeResult: success, version: HTTP/1.1)
POST /session/a211477338a595fabb15934bc977eea4/element HTTP/1.1
User-Agent: selenium/4.9.0 (java windows)
Content-Length: 69
Content-Type: application/json; charset=utf-8
host: localhost:30447
accept: */*

Response DefaultHttpResponse(decodeResult: success, version: HTTP/1.1)
HTTP/1.1 200 OK
Content-Length: 88
Content-Type: application/json; charset=utf-8
cache-control: no-cache

2023-04-27 17:21:40 DEBUG ChannelManager:270 ? Adding key: http://localhost:30447 for channel [id: 0x4f436b8b, L:/127.0.0.1:54924 - R:localhost/127.0.0.1:30447]
2023-04-27 17:21:40 DEBUG NettyRequestSender:593 ? Using pooled Channel '[id: 0x4f436b8b, L:/127.0.0.1:54924 - R:localhost/127.0.0.1:30447]' for 'POST' to 'http://localhost:30447/session/a211477338a595fabb15934bc977eea4/execute/sync'
2023-04-27 17:21:40 DEBUG NettyRequestSender:251 ? Using open Channel [id: 0x4f436b8b, L:/127.0.0.1:54924 - R:localhost/127.0.0.1:30447] for POST '/session/a211477338a595fabb15934bc977eea4/execute/sync'
2023-04-27 17:21:40 DEBUG HttpHandler:70 ? 

Request DefaultHttpRequest(decodeResult: success, version: HTTP/1.1)
POST /session/a211477338a595fabb15934bc977eea4/execute/sync HTTP/1.1
User-Agent: selenium/4.9.0 (java windows)
Content-Length: 48807
Content-Type: application/json; charset=utf-8
host: localhost:30447
accept: */*

Response DefaultHttpResponse(decodeResult: success, version: HTTP/1.1)
HTTP/1.1 200 OK
Content-Length: 14
Content-Type: application/json; charset=utf-8
cache-control: no-cache

2023-04-27 17:21:40 DEBUG ChannelManager:270 ? Adding key: http://localhost:30447 for channel [id: 0x4f436b8b, L:/127.0.0.1:54924 - R:localhost/127.0.0.1:30447]
2023-04-27 17:21:40 DEBUG NettyRequestSender:593 ? Using pooled Channel '[id: 0x4f436b8b, L:/127.0.0.1:54924 - R:localhost/127.0.0.1:30447]' for 'POST' to 'http://localhost:30447/session/a211477338a595fabb15934bc977eea4/element'
2023-04-27 17:21:40 DEBUG NettyRequestSender:251 ? Using open Channel [id: 0x4f436b8b, L:/127.0.0.1:54924 - R:localhost/127.0.0.1:30447] for POST '/session/a211477338a595fabb15934bc977eea4/element'
2023-04-27 17:21:40 DEBUG HttpHandler:70 ? 

Request DefaultHttpRequest(decodeResult: success, version: HTTP/1.1)
POST /session/a211477338a595fabb15934bc977eea4/element HTTP/1.1
User-Agent: selenium/4.9.0 (java windows)
Content-Length: 71
Content-Type: application/json; charset=utf-8
host: localhost:30447
accept: */*

Response DefaultHttpResponse(decodeResult: success, version: HTTP/1.1)
HTTP/1.1 200 OK
Content-Length: 88
Content-Type: application/json; charset=utf-8
cache-control: no-cache

2023-04-27 17:21:40 DEBUG ChannelManager:270 ? Adding key: http://localhost:30447 for channel [id: 0x4f436b8b, L:/127.0.0.1:54924 - R:localhost/127.0.0.1:30447]
2023-04-27 17:21:40 DEBUG NettyRequestSender:593 ? Using pooled Channel '[id: 0x4f436b8b, L:/127.0.0.1:54924 - R:localhost/127.0.0.1:30447]' for 'POST' to 'http://localhost:30447/session/a211477338a595fabb15934bc977eea4/execute/sync'
2023-04-27 17:21:40 DEBUG NettyRequestSender:251 ? Using open Channel [id: 0x4f436b8b, L:/127.0.0.1:54924 - R:localhost/127.0.0.1:30447] for POST '/session/a211477338a595fabb15934bc977eea4/execute/sync'
2023-04-27 17:21:40 DEBUG HttpHandler:70 ? 

Request DefaultHttpRequest(decodeResult: success, version: HTTP/1.1)
POST /session/a211477338a595fabb15934bc977eea4/execute/sync HTTP/1.1
User-Agent: selenium/4.9.0 (java windows)
Content-Length: 48807
Content-Type: application/json; charset=utf-8
host: localhost:30447
accept: */*

Response DefaultHttpResponse(decodeResult: success, version: HTTP/1.1)
HTTP/1.1 200 OK
Content-Length: 14
Content-Type: application/json; charset=utf-8
cache-control: no-cache

2023-04-27 17:21:40 DEBUG ChannelManager:270 ? Adding key: http://localhost:30447 for channel [id: 0x4f436b8b, L:/127.0.0.1:54924 - R:localhost/127.0.0.1:30447]
2023-04-27 17:21:40 DEBUG NettyRequestSender:593 ? Using pooled Channel '[id: 0x4f436b8b, L:/127.0.0.1:54924 - R:localhost/127.0.0.1:30447]' for 'POST' to 'http://localhost:30447/session/a211477338a595fabb15934bc977eea4/element'
2023-04-27 17:21:40 DEBUG NettyRequestSender:251 ? Using open Channel [id: 0x4f436b8b, L:/127.0.0.1:54924 - R:localhost/127.0.0.1:30447] for POST '/session/a211477338a595fabb15934bc977eea4/element'
2023-04-27 17:21:40 DEBUG HttpHandler:70 ? 

Request DefaultHttpRequest(decodeResult: success, version: HTTP/1.1)
POST /session/a211477338a595fabb15934bc977eea4/element HTTP/1.1
User-Agent: selenium/4.9.0 (java windows)
Content-Length: 69
Content-Type: application/json; charset=utf-8
host: localhost:30447
accept: */*

Response DefaultHttpResponse(decodeResult: success, version: HTTP/1.1)
HTTP/1.1 200 OK
Content-Length: 88
Content-Type: application/json; charset=utf-8
cache-control: no-cache

2023-04-27 17:21:40 DEBUG ChannelManager:270 ? Adding key: http://localhost:30447 for channel [id: 0x4f436b8b, L:/127.0.0.1:54924 - R:localhost/127.0.0.1:30447]
2023-04-27 17:21:40 DEBUG NettyRequestSender:593 ? Using pooled Channel '[id: 0x4f436b8b, L:/127.0.0.1:54924 - R:localhost/127.0.0.1:30447]' for 'POST' to 'http://localhost:30447/session/a211477338a595fabb15934bc977eea4/actions'
2023-04-27 17:21:40 DEBUG NettyRequestSender:251 ? Using open Channel [id: 0x4f436b8b, L:/127.0.0.1:54924 - R:localhost/127.0.0.1:30447] for POST '/session/a211477338a595fabb15934bc977eea4/actions'
2023-04-27 17:21:40 DEBUG DefaultChannelPool:348 ? Entry count for : http://localhost:54927 : 1
2023-04-27 17:21:40 DEBUG HttpHandler:70 ? 

Request DefaultHttpRequest(decodeResult: success, version: HTTP/1.1)
POST /session/a211477338a595fabb15934bc977eea4/actions HTTP/1.1
User-Agent: selenium/4.9.0 (java windows)
Content-Length: 2027
Content-Type: application/json; charset=utf-8
host: localhost:30447
accept: */*

Response DefaultHttpResponse(decodeResult: success, version: HTTP/1.1)
HTTP/1.1 200 OK
Content-Length: 14
Content-Type: application/json; charset=utf-8
cache-control: no-cache

2023-04-27 17:21:40 DEBUG ChannelManager:270 ? Adding key: http://localhost:30447 for channel [id: 0x4f436b8b, L:/127.0.0.1:54924 - R:localhost/127.0.0.1:30447]
2023-04-27 17:30:18 DEBUG InternalLoggerFactory:63 ? Using SLF4J as the default logging framework
2023-04-27 17:30:18 DEBUG ResourceLeakDetector:129 ? -Dio.netty.leakDetection.level: simple
2023-04-27 17:30:18 DEBUG ResourceLeakDetector:130 ? -Dio.netty.leakDetection.targetRecords: 4
2023-04-27 17:30:18 DEBUG ResourceLeakDetectorFactory:196 ? Loaded default ResourceLeakDetector: io.netty.util.ResourceLeakDetector@5fd62371
2023-04-27 17:30:18 DEBUG PlatformDependent0:496 ? -Dio.netty.noUnsafe: false
2023-04-27 17:30:18 DEBUG PlatformDependent0:1000 ? Java version: 19
2023-04-27 17:30:18 DEBUG PlatformDependent0:137 ? sun.misc.Unsafe.theUnsafe: available
2023-04-27 17:30:18 DEBUG PlatformDependent0:161 ? sun.misc.Unsafe.copyMemory: available
2023-04-27 17:30:18 DEBUG PlatformDependent0:193 ? sun.misc.Unsafe.storeFence: available
2023-04-27 17:30:18 DEBUG PlatformDependent0:236 ? java.nio.Buffer.address: available
2023-04-27 17:30:18 DEBUG PlatformDependent0:320 ? direct buffer constructor: unavailable: Reflective setAccessible(true) disabled
2023-04-27 17:30:18 DEBUG PlatformDependent0:385 ? java.nio.Bits.unaligned: available, true
2023-04-27 17:30:18 DEBUG PlatformDependent0:452 ? jdk.internal.misc.Unsafe.allocateUninitializedArray(int): unavailable: class io.netty.util.internal.PlatformDependent0$7 cannot access class jdk.internal.misc.Unsafe (in module java.base) because module java.base does not export jdk.internal.misc to unnamed module @5679c6c6
2023-04-27 17:30:18 DEBUG PlatformDependent0:482 ? java.nio.DirectByteBuffer.<init>(long, int): unavailable
2023-04-27 17:30:18 DEBUG PlatformDependent:1159 ? sun.misc.Unsafe: available
2023-04-27 17:30:18 DEBUG PlatformDependent:1270 ? maxDirectMemory: 5339348992 bytes (maybe)
2023-04-27 17:30:18 DEBUG PlatformDependent:1289 ? -Dio.netty.tmpdir: C:\Users\rohit\AppData\Local\Temp (java.io.tmpdir)
2023-04-27 17:30:18 DEBUG PlatformDependent:1368 ? -Dio.netty.bitMode: 64 (sun.arch.data.model)
2023-04-27 17:30:18 DEBUG PlatformDependent:1119 ? Platform: Windows
2023-04-27 17:30:18 DEBUG PlatformDependent:178 ? -Dio.netty.maxDirectMemory: -1 bytes
2023-04-27 17:30:18 DEBUG PlatformDependent:185 ? -Dio.netty.uninitializedArrayAllocationThreshold: -1
2023-04-27 17:30:18 DEBUG CleanerJava9:71 ? java.nio.ByteBuffer.cleaner(): available
2023-04-27 17:30:18 DEBUG PlatformDependent:205 ? -Dio.netty.noPreferDirect: false
2023-04-27 17:30:18 DEBUG PlatformDependent:1010 ? org.jctools-core.MpscChunkedArrayQueue: available
2023-04-27 17:30:18 DEBUG InternalThreadLocalMap:100 ? -Dio.netty.threadLocalMap.stringBuilder.initialSize: 1024
2023-04-27 17:30:18 DEBUG InternalThreadLocalMap:101 ? -Dio.netty.threadLocalMap.stringBuilder.maxSize: 4096
2023-04-27 17:30:19 DEBUG JdkSslContext:83 ? Default protocols (JDK): [TLSv1.3, TLSv1.2] 
2023-04-27 17:30:19 DEBUG JdkSslContext:84 ? Default cipher suites (JDK): [TLS_ECDHE_ECDSA_WITH_AES_256_GCM_SHA384, TLS_ECDHE_ECDSA_WITH_AES_128_GCM_SHA256, TLS_ECDHE_RSA_WITH_AES_128_GCM_SHA256, TLS_ECDHE_RSA_WITH_AES_256_GCM_SHA384, TLS_ECDHE_RSA_WITH_AES_128_CBC_SHA, TLS_ECDHE_RSA_WITH_AES_256_CBC_SHA, TLS_RSA_WITH_AES_128_GCM_SHA256, TLS_RSA_WITH_AES_128_CBC_SHA, TLS_RSA_WITH_AES_256_CBC_SHA, TLS_AES_128_GCM_SHA256, TLS_AES_256_GCM_SHA384]
2023-04-27 17:30:19 DEBUG GlobalEventExecutor:53 ? -Dio.netty.globalEventExecutor.quietPeriodSeconds: 1
2023-04-27 17:30:19 DEBUG MultithreadEventLoopGroup:44 ? -Dio.netty.eventLoopThreads: 16
2023-04-27 17:30:19 DEBUG NioEventLoop:110 ? -Dio.netty.noKeySetOptimization: false
2023-04-27 17:30:19 DEBUG NioEventLoop:111 ? -Dio.netty.selectorAutoRebuildThreshold: 512
2023-04-27 17:30:19 DEBUG PooledByteBufAllocator:157 ? -Dio.netty.allocator.numHeapArenas: 16
2023-04-27 17:30:19 DEBUG PooledByteBufAllocator:158 ? -Dio.netty.allocator.numDirectArenas: 16
2023-04-27 17:30:19 DEBUG PooledByteBufAllocator:160 ? -Dio.netty.allocator.pageSize: 8192
2023-04-27 17:30:19 DEBUG PooledByteBufAllocator:165 ? -Dio.netty.allocator.maxOrder: 9
2023-04-27 17:30:19 DEBUG PooledByteBufAllocator:169 ? -Dio.netty.allocator.chunkSize: 4194304
2023-04-27 17:30:19 DEBUG PooledByteBufAllocator:170 ? -Dio.netty.allocator.smallCacheSize: 256
2023-04-27 17:30:19 DEBUG PooledByteBufAllocator:171 ? -Dio.netty.allocator.normalCacheSize: 64
2023-04-27 17:30:19 DEBUG PooledByteBufAllocator:172 ? -Dio.netty.allocator.maxCachedBufferCapacity: 32768
2023-04-27 17:30:19 DEBUG PooledByteBufAllocator:173 ? -Dio.netty.allocator.cacheTrimInterval: 8192
2023-04-27 17:30:19 DEBUG PooledByteBufAllocator:174 ? -Dio.netty.allocator.cacheTrimIntervalMillis: 0
2023-04-27 17:30:19 DEBUG PooledByteBufAllocator:175 ? -Dio.netty.allocator.useCacheForAllThreads: false
2023-04-27 17:30:19 DEBUG PooledByteBufAllocator:176 ? -Dio.netty.allocator.maxCachedByteBuffersPerChunk: 1023
2023-04-27 17:30:19 DEBUG ByteBufUtil:88 ? -Dio.netty.allocator.type: pooled
2023-04-27 17:30:19 DEBUG ByteBufUtil:97 ? -Dio.netty.threadLocalDirectBufferSize: 0
2023-04-27 17:30:19 DEBUG ByteBufUtil:100 ? -Dio.netty.maxThreadLocalCharBufferSize: 16384
2023-04-27 17:30:19 DEBUG DefaultChannelId:79 ? -Dio.netty.processId: 2712 (auto-detected)
2023-04-27 17:30:19 DEBUG NetUtil:148 ? -Djava.net.preferIPv4Stack: false
2023-04-27 17:30:19 DEBUG NetUtil:149 ? -Djava.net.preferIPv6Addresses: false
2023-04-27 17:30:19 DEBUG NetUtilInitializations:145 ? Loopback interface: lo (Software Loopback Interface 1, 127.0.0.1)
2023-04-27 17:30:19 DEBUG NetUtil:206 ? Failed to get SOMAXCONN from sysctl and file \proc\sys\net\core\somaxconn. Default: 200
2023-04-27 17:30:19 DEBUG DefaultChannelId:101 ? -Dio.netty.machineId: 70:c9:4e:ff:fe:a9:98:9d (auto-detected)
2023-04-27 17:30:19 DEBUG AbstractByteBuf:63 ? -Dio.netty.buffer.checkAccessible: true
2023-04-27 17:30:19 DEBUG AbstractByteBuf:64 ? -Dio.netty.buffer.checkBounds: true
2023-04-27 17:30:19 DEBUG ResourceLeakDetectorFactory:196 ? Loaded default ResourceLeakDetector: io.netty.util.ResourceLeakDetector@5f34f04a
2023-04-27 17:30:20 DEBUG NettyConnectListener:73 ? Using new Channel '[id: 0x77324817, L:/127.0.0.1:56111 - R:localhost/127.0.0.1:6380]' for 'POST' to '/session'
2023-04-27 17:30:20 DEBUG Recycler:96 ? -Dio.netty.recycler.maxCapacityPerThread: 4096
2023-04-27 17:30:20 DEBUG Recycler:97 ? -Dio.netty.recycler.ratio: 8
2023-04-27 17:30:20 DEBUG Recycler:98 ? -Dio.netty.recycler.chunkSize: 32
2023-04-27 17:30:20 DEBUG Recycler:99 ? -Dio.netty.recycler.blocking: false
2023-04-27 17:30:20 DEBUG Recycler:100 ? -Dio.netty.recycler.batchFastThreadLocalOnly: true
2023-04-27 17:30:21 DEBUG Brotli:38 ? brotli4j not in the classpath; Brotli support will be unavailable.
2023-04-27 17:30:21 DEBUG HttpHandler:70 ? 

Request DefaultHttpRequest(decodeResult: success, version: HTTP/1.1)
POST /session HTTP/1.1
User-Agent: selenium/4.9.0 (java windows)
Content-Length: 254
Content-Type: application/json; charset=utf-8
host: localhost:6380
accept: */*

Response DefaultHttpResponse(decodeResult: success, version: HTTP/1.1)
HTTP/1.1 200 OK
Content-Length: 860
Content-Type: application/json; charset=utf-8
cache-control: no-cache

2023-04-27 17:30:21 DEBUG ChannelManager:270 ? Adding key: http://localhost:6380 for channel [id: 0x77324817, L:/127.0.0.1:56111 - R:localhost/127.0.0.1:6380]
2023-04-27 17:30:21 DEBUG NettyConnectListener:73 ? Using new Channel '[id: 0xaa7ede7d, L:/127.0.0.1:56130 - R:localhost/127.0.0.1:56115]' for 'GET' to '/json/version'
2023-04-27 17:30:21 DEBUG HttpHandler:70 ? 

Request DefaultFullHttpRequest(decodeResult: success, version: HTTP/1.1, content: EmptyByteBufBE)
GET /json/version HTTP/1.1
User-Agent: selenium/4.9.0 (java windows)
host: localhost:56115
accept: */*

Response DefaultHttpResponse(decodeResult: success, version: HTTP/1.1)
HTTP/1.1 200 OK
Content-Security-Policy: frame-ancestors 'none'
Content-Length: 424
Content-Type: application/json; charset=UTF-8

2023-04-27 17:30:21 DEBUG ChannelManager:270 ? Adding key: http://localhost:56115 for channel [id: 0xaa7ede7d, L:/127.0.0.1:56130 - R:localhost/127.0.0.1:56115]
2023-04-27 17:30:21 DEBUG ThreadLocalRandom:214 ? -Dio.netty.initialSeedUniquifier: 0xef33b826e5060243
2023-04-27 17:30:21 DEBUG NettyConnectListener:73 ? Using new Channel '[id: 0x782f5840, L:/127.0.0.1:56131 - R:localhost/127.0.0.1:56115]' for 'GET' to '/devtools/browser/69ddefa7-da55-498a-b309-01389ef1799b'
2023-04-27 17:30:21 DEBUG WebSocketHandler:105 ? 

Request DefaultFullHttpRequest(decodeResult: success, version: HTTP/1.1, content: EmptyByteBufBE)
GET /devtools/browser/69ddefa7-da55-498a-b309-01389ef1799b HTTP/1.1
upgrade: websocket
connection: upgrade
sec-websocket-key: sYOFnfnrSHDxhQV26ACdVQ==
sec-websocket-version: 13
origin: http://localhost:56115
host: localhost:56115
accept: */*
user-agent: AHC/2.1

Response DefaultHttpResponse(decodeResult: success, version: HTTP/1.1)
HTTP/1.1 101 WebSocket Protocol Handshake
Upgrade: WebSocket
Connection: Upgrade
Sec-WebSocket-Accept: hkqEOBfPzayKJHO5usv8BQRXeQw=

2023-04-27 17:30:22 DEBUG NettyRequestSender:593 ? Using pooled Channel '[id: 0x77324817, L:/127.0.0.1:56111 - R:localhost/127.0.0.1:6380]' for 'POST' to 'http://localhost:6380/session/4d126a61e1936c00b12662957d891dfd/window/maximize'
2023-04-27 17:30:22 DEBUG NettyRequestSender:251 ? Using open Channel [id: 0x77324817, L:/127.0.0.1:56111 - R:localhost/127.0.0.1:6380] for POST '/session/4d126a61e1936c00b12662957d891dfd/window/maximize'
2023-04-27 17:30:22 DEBUG HttpHandler:70 ? 

Request DefaultHttpRequest(decodeResult: success, version: HTTP/1.1)
POST /session/4d126a61e1936c00b12662957d891dfd/window/maximize HTTP/1.1
User-Agent: selenium/4.9.0 (java windows)
Content-Length: 3
Content-Type: application/json; charset=utf-8
host: localhost:6380
accept: */*

Response DefaultHttpResponse(decodeResult: success, version: HTTP/1.1)
HTTP/1.1 200 OK
Content-Length: 52
Content-Type: application/json; charset=utf-8
cache-control: no-cache

2023-04-27 17:30:22 DEBUG ChannelManager:270 ? Adding key: http://localhost:6380 for channel [id: 0x77324817, L:/127.0.0.1:56111 - R:localhost/127.0.0.1:6380]
2023-04-27 17:30:22 DEBUG NettyRequestSender:593 ? Using pooled Channel '[id: 0x77324817, L:/127.0.0.1:56111 - R:localhost/127.0.0.1:6380]' for 'POST' to 'http://localhost:6380/session/4d126a61e1936c00b12662957d891dfd/timeouts'
2023-04-27 17:30:22 DEBUG NettyRequestSender:251 ? Using open Channel [id: 0x77324817, L:/127.0.0.1:56111 - R:localhost/127.0.0.1:6380] for POST '/session/4d126a61e1936c00b12662957d891dfd/timeouts'
2023-04-27 17:30:22 DEBUG HttpHandler:70 ? 

Request DefaultHttpRequest(decodeResult: success, version: HTTP/1.1)
POST /session/4d126a61e1936c00b12662957d891dfd/timeouts HTTP/1.1
User-Agent: selenium/4.9.0 (java windows)
Content-Length: 23
Content-Type: application/json; charset=utf-8
host: localhost:6380
accept: */*

Response DefaultHttpResponse(decodeResult: success, version: HTTP/1.1)
HTTP/1.1 200 OK
Content-Length: 14
Content-Type: application/json; charset=utf-8
cache-control: no-cache

2023-04-27 17:30:22 DEBUG ChannelManager:270 ? Adding key: http://localhost:6380 for channel [id: 0x77324817, L:/127.0.0.1:56111 - R:localhost/127.0.0.1:6380]
2023-04-27 17:30:22 DEBUG DefaultChannelPool:348 ? Entry count for : http://localhost:6380 : 1
2023-04-27 17:30:22 DEBUG DefaultChannelPool:348 ? Entry count for : http://localhost:56115 : 1
2023-04-27 17:30:22 DEBUG NettyRequestSender:593 ? Using pooled Channel '[id: 0x77324817, L:/127.0.0.1:56111 - R:localhost/127.0.0.1:6380]' for 'POST' to 'http://localhost:6380/session/4d126a61e1936c00b12662957d891dfd/url'
2023-04-27 17:30:22 DEBUG NettyRequestSender:251 ? Using open Channel [id: 0x77324817, L:/127.0.0.1:56111 - R:localhost/127.0.0.1:6380] for POST '/session/4d126a61e1936c00b12662957d891dfd/url'
2023-04-27 17:30:23 DEBUG DefaultChannelPool:348 ? Entry count for : http://localhost:56115 : 1
2023-04-27 17:30:23 DEBUG HttpHandler:70 ? 

Request DefaultHttpRequest(decodeResult: success, version: HTTP/1.1)
POST /session/4d126a61e1936c00b12662957d891dfd/url HTTP/1.1
User-Agent: selenium/4.9.0 (java windows)
Content-Length: 59
Content-Type: application/json; charset=utf-8
host: localhost:6380
accept: */*

Response DefaultHttpResponse(decodeResult: success, version: HTTP/1.1)
HTTP/1.1 200 OK
Content-Length: 14
Content-Type: application/json; charset=utf-8
cache-control: no-cache

2023-04-27 17:30:23 DEBUG ChannelManager:270 ? Adding key: http://localhost:6380 for channel [id: 0x77324817, L:/127.0.0.1:56111 - R:localhost/127.0.0.1:6380]
2023-04-27 17:30:23 DEBUG NettyRequestSender:593 ? Using pooled Channel '[id: 0x77324817, L:/127.0.0.1:56111 - R:localhost/127.0.0.1:6380]' for 'POST' to 'http://localhost:6380/session/4d126a61e1936c00b12662957d891dfd/element'
2023-04-27 17:30:23 DEBUG NettyRequestSender:251 ? Using open Channel [id: 0x77324817, L:/127.0.0.1:56111 - R:localhost/127.0.0.1:6380] for POST '/session/4d126a61e1936c00b12662957d891dfd/element'
2023-04-27 17:30:23 DEBUG HttpHandler:70 ? 

Request DefaultHttpRequest(decodeResult: success, version: HTTP/1.1)
POST /session/4d126a61e1936c00b12662957d891dfd/element HTTP/1.1
User-Agent: selenium/4.9.0 (java windows)
Content-Length: 72
Content-Type: application/json; charset=utf-8
host: localhost:6380
accept: */*

Response DefaultHttpResponse(decodeResult: success, version: HTTP/1.1)
HTTP/1.1 200 OK
Content-Length: 88
Content-Type: application/json; charset=utf-8
cache-control: no-cache

2023-04-27 17:30:23 DEBUG ChannelManager:270 ? Adding key: http://localhost:6380 for channel [id: 0x77324817, L:/127.0.0.1:56111 - R:localhost/127.0.0.1:6380]
2023-04-27 17:30:23 DEBUG NettyRequestSender:593 ? Using pooled Channel '[id: 0x77324817, L:/127.0.0.1:56111 - R:localhost/127.0.0.1:6380]' for 'POST' to 'http://localhost:6380/session/4d126a61e1936c00b12662957d891dfd/execute/sync'
2023-04-27 17:30:23 DEBUG NettyRequestSender:251 ? Using open Channel [id: 0x77324817, L:/127.0.0.1:56111 - R:localhost/127.0.0.1:6380] for POST '/session/4d126a61e1936c00b12662957d891dfd/execute/sync'
2023-04-27 17:30:23 DEBUG HttpHandler:70 ? 

Request DefaultHttpRequest(decodeResult: success, version: HTTP/1.1)
POST /session/4d126a61e1936c00b12662957d891dfd/execute/sync HTTP/1.1
User-Agent: selenium/4.9.0 (java windows)
Content-Length: 48807
Content-Type: application/json; charset=utf-8
host: localhost:6380
accept: */*

Response DefaultHttpResponse(decodeResult: success, version: HTTP/1.1)
HTTP/1.1 200 OK
Content-Length: 14
Content-Type: application/json; charset=utf-8
cache-control: no-cache

2023-04-27 17:30:23 DEBUG ChannelManager:270 ? Adding key: http://localhost:6380 for channel [id: 0x77324817, L:/127.0.0.1:56111 - R:localhost/127.0.0.1:6380]
2023-04-27 17:30:23 DEBUG NettyRequestSender:593 ? Using pooled Channel '[id: 0x77324817, L:/127.0.0.1:56111 - R:localhost/127.0.0.1:6380]' for 'POST' to 'http://localhost:6380/session/4d126a61e1936c00b12662957d891dfd/element'
2023-04-27 17:30:23 DEBUG NettyRequestSender:251 ? Using open Channel [id: 0x77324817, L:/127.0.0.1:56111 - R:localhost/127.0.0.1:6380] for POST '/session/4d126a61e1936c00b12662957d891dfd/element'
2023-04-27 17:30:23 DEBUG HttpHandler:70 ? 

Request DefaultHttpRequest(decodeResult: success, version: HTTP/1.1)
POST /session/4d126a61e1936c00b12662957d891dfd/element HTTP/1.1
User-Agent: selenium/4.9.0 (java windows)
Content-Length: 69
Content-Type: application/json; charset=utf-8
host: localhost:6380
accept: */*

Response DefaultHttpResponse(decodeResult: success, version: HTTP/1.1)
HTTP/1.1 200 OK
Content-Length: 88
Content-Type: application/json; charset=utf-8
cache-control: no-cache

2023-04-27 17:30:23 DEBUG ChannelManager:270 ? Adding key: http://localhost:6380 for channel [id: 0x77324817, L:/127.0.0.1:56111 - R:localhost/127.0.0.1:6380]
2023-04-27 17:30:23 DEBUG NettyRequestSender:593 ? Using pooled Channel '[id: 0x77324817, L:/127.0.0.1:56111 - R:localhost/127.0.0.1:6380]' for 'POST' to 'http://localhost:6380/session/4d126a61e1936c00b12662957d891dfd/execute/sync'
2023-04-27 17:30:23 DEBUG NettyRequestSender:251 ? Using open Channel [id: 0x77324817, L:/127.0.0.1:56111 - R:localhost/127.0.0.1:6380] for POST '/session/4d126a61e1936c00b12662957d891dfd/execute/sync'
2023-04-27 17:30:23 DEBUG HttpHandler:70 ? 

Request DefaultHttpRequest(decodeResult: success, version: HTTP/1.1)
POST /session/4d126a61e1936c00b12662957d891dfd/execute/sync HTTP/1.1
User-Agent: selenium/4.9.0 (java windows)
Content-Length: 48807
Content-Type: application/json; charset=utf-8
host: localhost:6380
accept: */*

Response DefaultHttpResponse(decodeResult: success, version: HTTP/1.1)
HTTP/1.1 200 OK
Content-Length: 14
Content-Type: application/json; charset=utf-8
cache-control: no-cache

2023-04-27 17:30:23 DEBUG ChannelManager:270 ? Adding key: http://localhost:6380 for channel [id: 0x77324817, L:/127.0.0.1:56111 - R:localhost/127.0.0.1:6380]
2023-04-27 17:30:23 DEBUG NettyRequestSender:593 ? Using pooled Channel '[id: 0x77324817, L:/127.0.0.1:56111 - R:localhost/127.0.0.1:6380]' for 'POST' to 'http://localhost:6380/session/4d126a61e1936c00b12662957d891dfd/element'
2023-04-27 17:30:23 DEBUG NettyRequestSender:251 ? Using open Channel [id: 0x77324817, L:/127.0.0.1:56111 - R:localhost/127.0.0.1:6380] for POST '/session/4d126a61e1936c00b12662957d891dfd/element'
2023-04-27 17:30:23 DEBUG HttpHandler:70 ? 

Request DefaultHttpRequest(decodeResult: success, version: HTTP/1.1)
POST /session/4d126a61e1936c00b12662957d891dfd/element HTTP/1.1
User-Agent: selenium/4.9.0 (java windows)
Content-Length: 71
Content-Type: application/json; charset=utf-8
host: localhost:6380
accept: */*

Response DefaultHttpResponse(decodeResult: success, version: HTTP/1.1)
HTTP/1.1 200 OK
Content-Length: 88
Content-Type: application/json; charset=utf-8
cache-control: no-cache

2023-04-27 17:30:23 DEBUG ChannelManager:270 ? Adding key: http://localhost:6380 for channel [id: 0x77324817, L:/127.0.0.1:56111 - R:localhost/127.0.0.1:6380]
2023-04-27 17:30:23 DEBUG NettyRequestSender:593 ? Using pooled Channel '[id: 0x77324817, L:/127.0.0.1:56111 - R:localhost/127.0.0.1:6380]' for 'POST' to 'http://localhost:6380/session/4d126a61e1936c00b12662957d891dfd/execute/sync'
2023-04-27 17:30:23 DEBUG NettyRequestSender:251 ? Using open Channel [id: 0x77324817, L:/127.0.0.1:56111 - R:localhost/127.0.0.1:6380] for POST '/session/4d126a61e1936c00b12662957d891dfd/execute/sync'
2023-04-27 17:30:23 DEBUG HttpHandler:70 ? 

Request DefaultHttpRequest(decodeResult: success, version: HTTP/1.1)
POST /session/4d126a61e1936c00b12662957d891dfd/execute/sync HTTP/1.1
User-Agent: selenium/4.9.0 (java windows)
Content-Length: 48807
Content-Type: application/json; charset=utf-8
host: localhost:6380
accept: */*

Response DefaultHttpResponse(decodeResult: success, version: HTTP/1.1)
HTTP/1.1 200 OK
Content-Length: 14
Content-Type: application/json; charset=utf-8
cache-control: no-cache

2023-04-27 17:30:23 DEBUG ChannelManager:270 ? Adding key: http://localhost:6380 for channel [id: 0x77324817, L:/127.0.0.1:56111 - R:localhost/127.0.0.1:6380]
2023-04-27 17:30:23 DEBUG NettyRequestSender:593 ? Using pooled Channel '[id: 0x77324817, L:/127.0.0.1:56111 - R:localhost/127.0.0.1:6380]' for 'POST' to 'http://localhost:6380/session/4d126a61e1936c00b12662957d891dfd/element'
2023-04-27 17:30:23 DEBUG NettyRequestSender:251 ? Using open Channel [id: 0x77324817, L:/127.0.0.1:56111 - R:localhost/127.0.0.1:6380] for POST '/session/4d126a61e1936c00b12662957d891dfd/element'
2023-04-27 17:30:23 DEBUG HttpHandler:70 ? 

Request DefaultHttpRequest(decodeResult: success, version: HTTP/1.1)
POST /session/4d126a61e1936c00b12662957d891dfd/element HTTP/1.1
User-Agent: selenium/4.9.0 (java windows)
Content-Length: 72
Content-Type: application/json; charset=utf-8
host: localhost:6380
accept: */*

Response DefaultHttpResponse(decodeResult: success, version: HTTP/1.1)
HTTP/1.1 200 OK
Content-Length: 88
Content-Type: application/json; charset=utf-8
cache-control: no-cache

2023-04-27 17:30:23 DEBUG ChannelManager:270 ? Adding key: http://localhost:6380 for channel [id: 0x77324817, L:/127.0.0.1:56111 - R:localhost/127.0.0.1:6380]
2023-04-27 17:30:23 DEBUG NettyRequestSender:593 ? Using pooled Channel '[id: 0x77324817, L:/127.0.0.1:56111 - R:localhost/127.0.0.1:6380]' for 'POST' to 'http://localhost:6380/session/4d126a61e1936c00b12662957d891dfd/execute/sync'
2023-04-27 17:30:23 DEBUG NettyRequestSender:251 ? Using open Channel [id: 0x77324817, L:/127.0.0.1:56111 - R:localhost/127.0.0.1:6380] for POST '/session/4d126a61e1936c00b12662957d891dfd/execute/sync'
2023-04-27 17:30:23 DEBUG HttpHandler:70 ? 

Request DefaultHttpRequest(decodeResult: success, version: HTTP/1.1)
POST /session/4d126a61e1936c00b12662957d891dfd/execute/sync HTTP/1.1
User-Agent: selenium/4.9.0 (java windows)
Content-Length: 48807
Content-Type: application/json; charset=utf-8
host: localhost:6380
accept: */*

Response DefaultHttpResponse(decodeResult: success, version: HTTP/1.1)
HTTP/1.1 200 OK
Content-Length: 14
Content-Type: application/json; charset=utf-8
cache-control: no-cache

2023-04-27 17:30:23 DEBUG ChannelManager:270 ? Adding key: http://localhost:6380 for channel [id: 0x77324817, L:/127.0.0.1:56111 - R:localhost/127.0.0.1:6380]
2023-04-27 17:30:23 DEBUG NettyRequestSender:593 ? Using pooled Channel '[id: 0x77324817, L:/127.0.0.1:56111 - R:localhost/127.0.0.1:6380]' for 'POST' to 'http://localhost:6380/session/4d126a61e1936c00b12662957d891dfd/element'
2023-04-27 17:30:23 DEBUG NettyRequestSender:251 ? Using open Channel [id: 0x77324817, L:/127.0.0.1:56111 - R:localhost/127.0.0.1:6380] for POST '/session/4d126a61e1936c00b12662957d891dfd/element'
2023-04-27 17:30:23 DEBUG HttpHandler:70 ? 

Request DefaultHttpRequest(decodeResult: success, version: HTTP/1.1)
POST /session/4d126a61e1936c00b12662957d891dfd/element HTTP/1.1
User-Agent: selenium/4.9.0 (java windows)
Content-Length: 69
Content-Type: application/json; charset=utf-8
host: localhost:6380
accept: */*

Response DefaultHttpResponse(decodeResult: success, version: HTTP/1.1)
HTTP/1.1 200 OK
Content-Length: 88
Content-Type: application/json; charset=utf-8
cache-control: no-cache

2023-04-27 17:30:23 DEBUG ChannelManager:270 ? Adding key: http://localhost:6380 for channel [id: 0x77324817, L:/127.0.0.1:56111 - R:localhost/127.0.0.1:6380]
2023-04-27 17:30:23 DEBUG NettyRequestSender:593 ? Using pooled Channel '[id: 0x77324817, L:/127.0.0.1:56111 - R:localhost/127.0.0.1:6380]' for 'POST' to 'http://localhost:6380/session/4d126a61e1936c00b12662957d891dfd/execute/sync'
2023-04-27 17:30:23 DEBUG NettyRequestSender:251 ? Using open Channel [id: 0x77324817, L:/127.0.0.1:56111 - R:localhost/127.0.0.1:6380] for POST '/session/4d126a61e1936c00b12662957d891dfd/execute/sync'
2023-04-27 17:30:23 DEBUG HttpHandler:70 ? 

Request DefaultHttpRequest(decodeResult: success, version: HTTP/1.1)
POST /session/4d126a61e1936c00b12662957d891dfd/execute/sync HTTP/1.1
User-Agent: selenium/4.9.0 (java windows)
Content-Length: 48807
Content-Type: application/json; charset=utf-8
host: localhost:6380
accept: */*

Response DefaultHttpResponse(decodeResult: success, version: HTTP/1.1)
HTTP/1.1 200 OK
Content-Length: 14
Content-Type: application/json; charset=utf-8
cache-control: no-cache

2023-04-27 17:30:23 DEBUG ChannelManager:270 ? Adding key: http://localhost:6380 for channel [id: 0x77324817, L:/127.0.0.1:56111 - R:localhost/127.0.0.1:6380]
2023-04-27 17:30:23 DEBUG NettyRequestSender:593 ? Using pooled Channel '[id: 0x77324817, L:/127.0.0.1:56111 - R:localhost/127.0.0.1:6380]' for 'POST' to 'http://localhost:6380/session/4d126a61e1936c00b12662957d891dfd/element'
2023-04-27 17:30:23 DEBUG NettyRequestSender:251 ? Using open Channel [id: 0x77324817, L:/127.0.0.1:56111 - R:localhost/127.0.0.1:6380] for POST '/session/4d126a61e1936c00b12662957d891dfd/element'
2023-04-27 17:30:23 DEBUG HttpHandler:70 ? 

Request DefaultHttpRequest(decodeResult: success, version: HTTP/1.1)
POST /session/4d126a61e1936c00b12662957d891dfd/element HTTP/1.1
User-Agent: selenium/4.9.0 (java windows)
Content-Length: 71
Content-Type: application/json; charset=utf-8
host: localhost:6380
accept: */*

Response DefaultHttpResponse(decodeResult: success, version: HTTP/1.1)
HTTP/1.1 200 OK
Content-Length: 88
Content-Type: application/json; charset=utf-8
cache-control: no-cache

2023-04-27 17:30:23 DEBUG ChannelManager:270 ? Adding key: http://localhost:6380 for channel [id: 0x77324817, L:/127.0.0.1:56111 - R:localhost/127.0.0.1:6380]
2023-04-27 17:30:23 DEBUG NettyRequestSender:593 ? Using pooled Channel '[id: 0x77324817, L:/127.0.0.1:56111 - R:localhost/127.0.0.1:6380]' for 'POST' to 'http://localhost:6380/session/4d126a61e1936c00b12662957d891dfd/execute/sync'
2023-04-27 17:30:23 DEBUG NettyRequestSender:251 ? Using open Channel [id: 0x77324817, L:/127.0.0.1:56111 - R:localhost/127.0.0.1:6380] for POST '/session/4d126a61e1936c00b12662957d891dfd/execute/sync'
2023-04-27 17:30:23 DEBUG HttpHandler:70 ? 

Request DefaultHttpRequest(decodeResult: success, version: HTTP/1.1)
POST /session/4d126a61e1936c00b12662957d891dfd/execute/sync HTTP/1.1
User-Agent: selenium/4.9.0 (java windows)
Content-Length: 48807
Content-Type: application/json; charset=utf-8
host: localhost:6380
accept: */*

Response DefaultHttpResponse(decodeResult: success, version: HTTP/1.1)
HTTP/1.1 200 OK
Content-Length: 14
Content-Type: application/json; charset=utf-8
cache-control: no-cache

2023-04-27 17:30:23 DEBUG ChannelManager:270 ? Adding key: http://localhost:6380 for channel [id: 0x77324817, L:/127.0.0.1:56111 - R:localhost/127.0.0.1:6380]
2023-04-27 17:30:23 DEBUG NettyRequestSender:593 ? Using pooled Channel '[id: 0x77324817, L:/127.0.0.1:56111 - R:localhost/127.0.0.1:6380]' for 'POST' to 'http://localhost:6380/session/4d126a61e1936c00b12662957d891dfd/element'
2023-04-27 17:30:23 DEBUG NettyRequestSender:251 ? Using open Channel [id: 0x77324817, L:/127.0.0.1:56111 - R:localhost/127.0.0.1:6380] for POST '/session/4d126a61e1936c00b12662957d891dfd/element'
2023-04-27 17:30:23 DEBUG HttpHandler:70 ? 

Request DefaultHttpRequest(decodeResult: success, version: HTTP/1.1)
POST /session/4d126a61e1936c00b12662957d891dfd/element HTTP/1.1
User-Agent: selenium/4.9.0 (java windows)
Content-Length: 69
Content-Type: application/json; charset=utf-8
host: localhost:6380
accept: */*

Response DefaultHttpResponse(decodeResult: success, version: HTTP/1.1)
HTTP/1.1 200 OK
Content-Length: 88
Content-Type: application/json; charset=utf-8
cache-control: no-cache

2023-04-27 17:30:23 DEBUG ChannelManager:270 ? Adding key: http://localhost:6380 for channel [id: 0x77324817, L:/127.0.0.1:56111 - R:localhost/127.0.0.1:6380]
2023-04-27 17:30:23 DEBUG NettyRequestSender:593 ? Using pooled Channel '[id: 0x77324817, L:/127.0.0.1:56111 - R:localhost/127.0.0.1:6380]' for 'POST' to 'http://localhost:6380/session/4d126a61e1936c00b12662957d891dfd/actions'
2023-04-27 17:30:23 DEBUG NettyRequestSender:251 ? Using open Channel [id: 0x77324817, L:/127.0.0.1:56111 - R:localhost/127.0.0.1:6380] for POST '/session/4d126a61e1936c00b12662957d891dfd/actions'
2023-04-27 17:30:24 DEBUG HttpHandler:70 ? 

Request DefaultHttpRequest(decodeResult: success, version: HTTP/1.1)
POST /session/4d126a61e1936c00b12662957d891dfd/actions HTTP/1.1
User-Agent: selenium/4.9.0 (java windows)
Content-Length: 2027
Content-Type: application/json; charset=utf-8
host: localhost:6380
accept: */*

Response DefaultHttpResponse(decodeResult: success, version: HTTP/1.1)
HTTP/1.1 200 OK
Content-Length: 14
Content-Type: application/json; charset=utf-8
cache-control: no-cache

2023-04-27 17:30:24 DEBUG ChannelManager:270 ? Adding key: http://localhost:6380 for channel [id: 0x77324817, L:/127.0.0.1:56111 - R:localhost/127.0.0.1:6380]
2023-04-27 17:30:24 DEBUG NettyRequestSender:593 ? Using pooled Channel '[id: 0x77324817, L:/127.0.0.1:56111 - R:localhost/127.0.0.1:6380]' for 'POST' to 'http://localhost:6380/session/4d126a61e1936c00b12662957d891dfd/element'
2023-04-27 17:30:24 DEBUG NettyRequestSender:251 ? Using open Channel [id: 0x77324817, L:/127.0.0.1:56111 - R:localhost/127.0.0.1:6380] for POST '/session/4d126a61e1936c00b12662957d891dfd/element'
2023-04-27 17:30:24 DEBUG HttpHandler:70 ? 

Request DefaultHttpRequest(decodeResult: success, version: HTTP/1.1)
POST /session/4d126a61e1936c00b12662957d891dfd/element HTTP/1.1
User-Agent: selenium/4.9.0 (java windows)
Content-Length: 72
Content-Type: application/json; charset=utf-8
host: localhost:6380
accept: */*

Response DefaultHttpResponse(decodeResult: success, version: HTTP/1.1)
HTTP/1.1 200 OK
Content-Length: 88
Content-Type: application/json; charset=utf-8
cache-control: no-cache

2023-04-27 17:30:24 DEBUG ChannelManager:270 ? Adding key: http://localhost:6380 for channel [id: 0x77324817, L:/127.0.0.1:56111 - R:localhost/127.0.0.1:6380]
2023-04-27 17:30:24 DEBUG NettyRequestSender:593 ? Using pooled Channel '[id: 0x77324817, L:/127.0.0.1:56111 - R:localhost/127.0.0.1:6380]' for 'POST' to 'http://localhost:6380/session/4d126a61e1936c00b12662957d891dfd/actions'
2023-04-27 17:30:24 DEBUG NettyRequestSender:251 ? Using open Channel [id: 0x77324817, L:/127.0.0.1:56111 - R:localhost/127.0.0.1:6380] for POST '/session/4d126a61e1936c00b12662957d891dfd/actions'
2023-04-27 17:30:24 DEBUG HttpHandler:70 ? 

Request DefaultHttpRequest(decodeResult: success, version: HTTP/1.1)
POST /session/4d126a61e1936c00b12662957d891dfd/actions HTTP/1.1
User-Agent: selenium/4.9.0 (java windows)
Content-Length: 567
Content-Type: application/json; charset=utf-8
host: localhost:6380
accept: */*

Response DefaultHttpResponse(decodeResult: success, version: HTTP/1.1)
HTTP/1.1 200 OK
Content-Length: 14
Content-Type: application/json; charset=utf-8
cache-control: no-cache

2023-04-27 17:30:24 DEBUG ChannelManager:270 ? Adding key: http://localhost:6380 for channel [id: 0x77324817, L:/127.0.0.1:56111 - R:localhost/127.0.0.1:6380]
2023-04-27 17:30:24 DEBUG NettyRequestSender:593 ? Using pooled Channel '[id: 0x77324817, L:/127.0.0.1:56111 - R:localhost/127.0.0.1:6380]' for 'POST' to 'http://localhost:6380/session/4d126a61e1936c00b12662957d891dfd/element'
2023-04-27 17:30:24 DEBUG NettyRequestSender:251 ? Using open Channel [id: 0x77324817, L:/127.0.0.1:56111 - R:localhost/127.0.0.1:6380] for POST '/session/4d126a61e1936c00b12662957d891dfd/element'
2023-04-27 17:30:24 DEBUG HttpHandler:70 ? 

Request DefaultHttpRequest(decodeResult: success, version: HTTP/1.1)
POST /session/4d126a61e1936c00b12662957d891dfd/element HTTP/1.1
User-Agent: selenium/4.9.0 (java windows)
Content-Length: 71
Content-Type: application/json; charset=utf-8
host: localhost:6380
accept: */*

Response DefaultHttpResponse(decodeResult: success, version: HTTP/1.1)
HTTP/1.1 200 OK
Content-Length: 88
Content-Type: application/json; charset=utf-8
cache-control: no-cache

2023-04-27 17:30:24 DEBUG ChannelManager:270 ? Adding key: http://localhost:6380 for channel [id: 0x77324817, L:/127.0.0.1:56111 - R:localhost/127.0.0.1:6380]
2023-04-27 17:30:24 DEBUG NettyRequestSender:593 ? Using pooled Channel '[id: 0x77324817, L:/127.0.0.1:56111 - R:localhost/127.0.0.1:6380]' for 'POST' to 'http://localhost:6380/session/4d126a61e1936c00b12662957d891dfd/actions'
2023-04-27 17:30:24 DEBUG NettyRequestSender:251 ? Using open Channel [id: 0x77324817, L:/127.0.0.1:56111 - R:localhost/127.0.0.1:6380] for POST '/session/4d126a61e1936c00b12662957d891dfd/actions'
2023-04-27 17:30:24 DEBUG HttpHandler:70 ? 

Request DefaultHttpRequest(decodeResult: success, version: HTTP/1.1)
POST /session/4d126a61e1936c00b12662957d891dfd/actions HTTP/1.1
User-Agent: selenium/4.9.0 (java windows)
Content-Length: 567
Content-Type: application/json; charset=utf-8
host: localhost:6380
accept: */*

Response DefaultHttpResponse(decodeResult: success, version: HTTP/1.1)
HTTP/1.1 200 OK
Content-Length: 14
Content-Type: application/json; charset=utf-8
cache-control: no-cache

2023-04-27 17:30:24 DEBUG ChannelManager:270 ? Adding key: http://localhost:6380 for channel [id: 0x77324817, L:/127.0.0.1:56111 - R:localhost/127.0.0.1:6380]
2023-04-27 17:30:24 DEBUG NettyRequestSender:593 ? Using pooled Channel '[id: 0x77324817, L:/127.0.0.1:56111 - R:localhost/127.0.0.1:6380]' for 'POST' to 'http://localhost:6380/session/4d126a61e1936c00b12662957d891dfd/element'
2023-04-27 17:30:24 DEBUG NettyRequestSender:251 ? Using open Channel [id: 0x77324817, L:/127.0.0.1:56111 - R:localhost/127.0.0.1:6380] for POST '/session/4d126a61e1936c00b12662957d891dfd/element'
2023-04-27 17:30:24 DEBUG HttpHandler:70 ? 

Request DefaultHttpRequest(decodeResult: success, version: HTTP/1.1)
POST /session/4d126a61e1936c00b12662957d891dfd/element HTTP/1.1
User-Agent: selenium/4.9.0 (java windows)
Content-Length: 69
Content-Type: application/json; charset=utf-8
host: localhost:6380
accept: */*

Response DefaultHttpResponse(decodeResult: success, version: HTTP/1.1)
HTTP/1.1 200 OK
Content-Length: 88
Content-Type: application/json; charset=utf-8
cache-control: no-cache

2023-04-27 17:30:24 DEBUG ChannelManager:270 ? Adding key: http://localhost:6380 for channel [id: 0x77324817, L:/127.0.0.1:56111 - R:localhost/127.0.0.1:6380]
2023-04-27 17:30:24 DEBUG NettyRequestSender:593 ? Using pooled Channel '[id: 0x77324817, L:/127.0.0.1:56111 - R:localhost/127.0.0.1:6380]' for 'POST' to 'http://localhost:6380/session/4d126a61e1936c00b12662957d891dfd/actions'
2023-04-27 17:30:24 DEBUG NettyRequestSender:251 ? Using open Channel [id: 0x77324817, L:/127.0.0.1:56111 - R:localhost/127.0.0.1:6380] for POST '/session/4d126a61e1936c00b12662957d891dfd/actions'
2023-04-27 17:30:24 DEBUG DefaultChannelPool:348 ? Entry count for : http://localhost:56115 : 1
2023-04-27 17:30:24 DEBUG HttpHandler:70 ? 

Request DefaultHttpRequest(decodeResult: success, version: HTTP/1.1)
POST /session/4d126a61e1936c00b12662957d891dfd/actions HTTP/1.1
User-Agent: selenium/4.9.0 (java windows)
Content-Length: 567
Content-Type: application/json; charset=utf-8
host: localhost:6380
accept: */*

Response DefaultHttpResponse(decodeResult: success, version: HTTP/1.1)
HTTP/1.1 200 OK
Content-Length: 14
Content-Type: application/json; charset=utf-8
cache-control: no-cache

2023-04-27 17:30:24 DEBUG ChannelManager:270 ? Adding key: http://localhost:6380 for channel [id: 0x77324817, L:/127.0.0.1:56111 - R:localhost/127.0.0.1:6380]
2023-04-27 17:30:24 DEBUG NettyRequestSender:593 ? Using pooled Channel '[id: 0x77324817, L:/127.0.0.1:56111 - R:localhost/127.0.0.1:6380]' for 'POST' to 'http://localhost:6380/session/4d126a61e1936c00b12662957d891dfd/element'
2023-04-27 17:30:24 DEBUG NettyRequestSender:251 ? Using open Channel [id: 0x77324817, L:/127.0.0.1:56111 - R:localhost/127.0.0.1:6380] for POST '/session/4d126a61e1936c00b12662957d891dfd/element'
2023-04-27 17:30:24 DEBUG HttpHandler:70 ? 

Request DefaultHttpRequest(decodeResult: success, version: HTTP/1.1)
POST /session/4d126a61e1936c00b12662957d891dfd/element HTTP/1.1
User-Agent: selenium/4.9.0 (java windows)
Content-Length: 72
Content-Type: application/json; charset=utf-8
host: localhost:6380
accept: */*

Response DefaultHttpResponse(decodeResult: success, version: HTTP/1.1)
HTTP/1.1 200 OK
Content-Length: 88
Content-Type: application/json; charset=utf-8
cache-control: no-cache

2023-04-27 17:30:24 DEBUG ChannelManager:270 ? Adding key: http://localhost:6380 for channel [id: 0x77324817, L:/127.0.0.1:56111 - R:localhost/127.0.0.1:6380]
2023-04-27 17:30:24 DEBUG NettyRequestSender:593 ? Using pooled Channel '[id: 0x77324817, L:/127.0.0.1:56111 - R:localhost/127.0.0.1:6380]' for 'POST' to 'http://localhost:6380/session/4d126a61e1936c00b12662957d891dfd/actions'
2023-04-27 17:30:24 DEBUG NettyRequestSender:251 ? Using open Channel [id: 0x77324817, L:/127.0.0.1:56111 - R:localhost/127.0.0.1:6380] for POST '/session/4d126a61e1936c00b12662957d891dfd/actions'
2023-04-27 17:30:25 DEBUG HttpHandler:70 ? 

Request DefaultHttpRequest(decodeResult: success, version: HTTP/1.1)
POST /session/4d126a61e1936c00b12662957d891dfd/actions HTTP/1.1
User-Agent: selenium/4.9.0 (java windows)
Content-Length: 2315
Content-Type: application/json; charset=utf-8
host: localhost:6380
accept: */*

Response DefaultHttpResponse(decodeResult: success, version: HTTP/1.1)
HTTP/1.1 200 OK
Content-Length: 14
Content-Type: application/json; charset=utf-8
cache-control: no-cache

2023-04-27 17:30:25 DEBUG ChannelManager:270 ? Adding key: http://localhost:6380 for channel [id: 0x77324817, L:/127.0.0.1:56111 - R:localhost/127.0.0.1:6380]
2023-04-27 17:30:25 DEBUG NettyRequestSender:593 ? Using pooled Channel '[id: 0x77324817, L:/127.0.0.1:56111 - R:localhost/127.0.0.1:6380]' for 'POST' to 'http://localhost:6380/session/4d126a61e1936c00b12662957d891dfd/element'
2023-04-27 17:30:25 DEBUG NettyRequestSender:251 ? Using open Channel [id: 0x77324817, L:/127.0.0.1:56111 - R:localhost/127.0.0.1:6380] for POST '/session/4d126a61e1936c00b12662957d891dfd/element'
2023-04-27 17:30:25 DEBUG HttpHandler:70 ? 

Request DefaultHttpRequest(decodeResult: success, version: HTTP/1.1)
POST /session/4d126a61e1936c00b12662957d891dfd/element HTTP/1.1
User-Agent: selenium/4.9.0 (java windows)
Content-Length: 71
Content-Type: application/json; charset=utf-8
host: localhost:6380
accept: */*

Response DefaultHttpResponse(decodeResult: success, version: HTTP/1.1)
HTTP/1.1 200 OK
Content-Length: 88
Content-Type: application/json; charset=utf-8
cache-control: no-cache

2023-04-27 17:30:25 DEBUG ChannelManager:270 ? Adding key: http://localhost:6380 for channel [id: 0x77324817, L:/127.0.0.1:56111 - R:localhost/127.0.0.1:6380]
2023-04-27 17:30:25 DEBUG NettyRequestSender:593 ? Using pooled Channel '[id: 0x77324817, L:/127.0.0.1:56111 - R:localhost/127.0.0.1:6380]' for 'POST' to 'http://localhost:6380/session/4d126a61e1936c00b12662957d891dfd/actions'
2023-04-27 17:30:25 DEBUG NettyRequestSender:251 ? Using open Channel [id: 0x77324817, L:/127.0.0.1:56111 - R:localhost/127.0.0.1:6380] for POST '/session/4d126a61e1936c00b12662957d891dfd/actions'
2023-04-27 17:30:25 DEBUG HttpHandler:70 ? 

Request DefaultHttpRequest(decodeResult: success, version: HTTP/1.1)
POST /session/4d126a61e1936c00b12662957d891dfd/actions HTTP/1.1
User-Agent: selenium/4.9.0 (java windows)
Content-Length: 567
Content-Type: application/json; charset=utf-8
host: localhost:6380
accept: */*

Response DefaultHttpResponse(decodeResult: success, version: HTTP/1.1)
HTTP/1.1 200 OK
Content-Length: 14
Content-Type: application/json; charset=utf-8
cache-control: no-cache

2023-04-27 17:30:25 DEBUG ChannelManager:270 ? Adding key: http://localhost:6380 for channel [id: 0x77324817, L:/127.0.0.1:56111 - R:localhost/127.0.0.1:6380]
2023-04-27 17:30:25 DEBUG NettyRequestSender:593 ? Using pooled Channel '[id: 0x77324817, L:/127.0.0.1:56111 - R:localhost/127.0.0.1:6380]' for 'POST' to 'http://localhost:6380/session/4d126a61e1936c00b12662957d891dfd/element'
2023-04-27 17:30:25 DEBUG NettyRequestSender:251 ? Using open Channel [id: 0x77324817, L:/127.0.0.1:56111 - R:localhost/127.0.0.1:6380] for POST '/session/4d126a61e1936c00b12662957d891dfd/element'
2023-04-27 17:30:25 DEBUG HttpHandler:70 ? 

Request DefaultHttpRequest(decodeResult: success, version: HTTP/1.1)
POST /session/4d126a61e1936c00b12662957d891dfd/element HTTP/1.1
User-Agent: selenium/4.9.0 (java windows)
Content-Length: 69
Content-Type: application/json; charset=utf-8
host: localhost:6380
accept: */*

Response DefaultHttpResponse(decodeResult: success, version: HTTP/1.1)
HTTP/1.1 200 OK
Content-Length: 88
Content-Type: application/json; charset=utf-8
cache-control: no-cache

2023-04-27 17:30:25 DEBUG ChannelManager:270 ? Adding key: http://localhost:6380 for channel [id: 0x77324817, L:/127.0.0.1:56111 - R:localhost/127.0.0.1:6380]
2023-04-27 17:30:25 DEBUG NettyRequestSender:593 ? Using pooled Channel '[id: 0x77324817, L:/127.0.0.1:56111 - R:localhost/127.0.0.1:6380]' for 'POST' to 'http://localhost:6380/session/4d126a61e1936c00b12662957d891dfd/actions'
2023-04-27 17:30:25 DEBUG NettyRequestSender:251 ? Using open Channel [id: 0x77324817, L:/127.0.0.1:56111 - R:localhost/127.0.0.1:6380] for POST '/session/4d126a61e1936c00b12662957d891dfd/actions'
2023-04-27 17:30:25 DEBUG HttpHandler:70 ? 

Request DefaultHttpRequest(decodeResult: success, version: HTTP/1.1)
POST /session/4d126a61e1936c00b12662957d891dfd/actions HTTP/1.1
User-Agent: selenium/4.9.0 (java windows)
Content-Length: 567
Content-Type: application/json; charset=utf-8
host: localhost:6380
accept: */*

Response DefaultHttpResponse(decodeResult: success, version: HTTP/1.1)
HTTP/1.1 200 OK
Content-Length: 14
Content-Type: application/json; charset=utf-8
cache-control: no-cache

2023-04-27 17:30:25 DEBUG ChannelManager:270 ? Adding key: http://localhost:6380 for channel [id: 0x77324817, L:/127.0.0.1:56111 - R:localhost/127.0.0.1:6380]
2023-04-27 17:30:25 DEBUG NettyRequestSender:593 ? Using pooled Channel '[id: 0x77324817, L:/127.0.0.1:56111 - R:localhost/127.0.0.1:6380]' for 'POST' to 'http://localhost:6380/session/4d126a61e1936c00b12662957d891dfd/element'
2023-04-27 17:30:25 DEBUG NettyRequestSender:251 ? Using open Channel [id: 0x77324817, L:/127.0.0.1:56111 - R:localhost/127.0.0.1:6380] for POST '/session/4d126a61e1936c00b12662957d891dfd/element'
2023-04-27 17:30:25 DEBUG HttpHandler:70 ? 

Request DefaultHttpRequest(decodeResult: success, version: HTTP/1.1)
POST /session/4d126a61e1936c00b12662957d891dfd/element HTTP/1.1
User-Agent: selenium/4.9.0 (java windows)
Content-Length: 72
Content-Type: application/json; charset=utf-8
host: localhost:6380
accept: */*

Response DefaultHttpResponse(decodeResult: success, version: HTTP/1.1)
HTTP/1.1 200 OK
Content-Length: 88
Content-Type: application/json; charset=utf-8
cache-control: no-cache

2023-04-27 17:30:25 DEBUG ChannelManager:270 ? Adding key: http://localhost:6380 for channel [id: 0x77324817, L:/127.0.0.1:56111 - R:localhost/127.0.0.1:6380]
2023-04-27 17:30:25 DEBUG NettyRequestSender:593 ? Using pooled Channel '[id: 0x77324817, L:/127.0.0.1:56111 - R:localhost/127.0.0.1:6380]' for 'POST' to 'http://localhost:6380/session/4d126a61e1936c00b12662957d891dfd/actions'
2023-04-27 17:30:25 DEBUG NettyRequestSender:251 ? Using open Channel [id: 0x77324817, L:/127.0.0.1:56111 - R:localhost/127.0.0.1:6380] for POST '/session/4d126a61e1936c00b12662957d891dfd/actions'
2023-04-27 17:30:25 DEBUG HttpHandler:70 ? 

Request DefaultHttpRequest(decodeResult: success, version: HTTP/1.1)
POST /session/4d126a61e1936c00b12662957d891dfd/actions HTTP/1.1
User-Agent: selenium/4.9.0 (java windows)
Content-Length: 567
Content-Type: application/json; charset=utf-8
host: localhost:6380
accept: */*

Response DefaultHttpResponse(decodeResult: success, version: HTTP/1.1)
HTTP/1.1 200 OK
Content-Length: 14
Content-Type: application/json; charset=utf-8
cache-control: no-cache

2023-04-27 17:30:25 DEBUG ChannelManager:270 ? Adding key: http://localhost:6380 for channel [id: 0x77324817, L:/127.0.0.1:56111 - R:localhost/127.0.0.1:6380]
2023-04-27 17:30:25 DEBUG NettyRequestSender:593 ? Using pooled Channel '[id: 0x77324817, L:/127.0.0.1:56111 - R:localhost/127.0.0.1:6380]' for 'POST' to 'http://localhost:6380/session/4d126a61e1936c00b12662957d891dfd/element'
2023-04-27 17:30:25 DEBUG NettyRequestSender:251 ? Using open Channel [id: 0x77324817, L:/127.0.0.1:56111 - R:localhost/127.0.0.1:6380] for POST '/session/4d126a61e1936c00b12662957d891dfd/element'
2023-04-27 17:30:25 DEBUG HttpHandler:70 ? 

Request DefaultHttpRequest(decodeResult: success, version: HTTP/1.1)
POST /session/4d126a61e1936c00b12662957d891dfd/element HTTP/1.1
User-Agent: selenium/4.9.0 (java windows)
Content-Length: 71
Content-Type: application/json; charset=utf-8
host: localhost:6380
accept: */*

Response DefaultHttpResponse(decodeResult: success, version: HTTP/1.1)
HTTP/1.1 200 OK
Content-Length: 88
Content-Type: application/json; charset=utf-8
cache-control: no-cache

2023-04-27 17:30:25 DEBUG ChannelManager:270 ? Adding key: http://localhost:6380 for channel [id: 0x77324817, L:/127.0.0.1:56111 - R:localhost/127.0.0.1:6380]
2023-04-27 17:30:25 DEBUG NettyRequestSender:593 ? Using pooled Channel '[id: 0x77324817, L:/127.0.0.1:56111 - R:localhost/127.0.0.1:6380]' for 'POST' to 'http://localhost:6380/session/4d126a61e1936c00b12662957d891dfd/actions'
2023-04-27 17:30:25 DEBUG NettyRequestSender:251 ? Using open Channel [id: 0x77324817, L:/127.0.0.1:56111 - R:localhost/127.0.0.1:6380] for POST '/session/4d126a61e1936c00b12662957d891dfd/actions'
2023-04-27 17:30:25 DEBUG DefaultChannelPool:348 ? Entry count for : http://localhost:56115 : 1
2023-04-27 17:30:25 DEBUG HttpHandler:70 ? 

Request DefaultHttpRequest(decodeResult: success, version: HTTP/1.1)
POST /session/4d126a61e1936c00b12662957d891dfd/actions HTTP/1.1
User-Agent: selenium/4.9.0 (java windows)
Content-Length: 567
Content-Type: application/json; charset=utf-8
host: localhost:6380
accept: */*

Response DefaultHttpResponse(decodeResult: success, version: HTTP/1.1)
HTTP/1.1 200 OK
Content-Length: 14
Content-Type: application/json; charset=utf-8
cache-control: no-cache

2023-04-27 17:30:25 DEBUG ChannelManager:270 ? Adding key: http://localhost:6380 for channel [id: 0x77324817, L:/127.0.0.1:56111 - R:localhost/127.0.0.1:6380]
2023-04-27 17:31:33 DEBUG InternalLoggerFactory:63 ? Using SLF4J as the default logging framework
2023-04-27 17:31:33 DEBUG ResourceLeakDetector:129 ? -Dio.netty.leakDetection.level: simple
2023-04-27 17:31:33 DEBUG ResourceLeakDetector:130 ? -Dio.netty.leakDetection.targetRecords: 4
2023-04-27 17:31:33 DEBUG ResourceLeakDetectorFactory:196 ? Loaded default ResourceLeakDetector: io.netty.util.ResourceLeakDetector@5fd62371
2023-04-27 17:31:33 DEBUG PlatformDependent0:496 ? -Dio.netty.noUnsafe: false
2023-04-27 17:31:33 DEBUG PlatformDependent0:1000 ? Java version: 19
2023-04-27 17:31:33 DEBUG PlatformDependent0:137 ? sun.misc.Unsafe.theUnsafe: available
2023-04-27 17:31:33 DEBUG PlatformDependent0:161 ? sun.misc.Unsafe.copyMemory: available
2023-04-27 17:31:33 DEBUG PlatformDependent0:193 ? sun.misc.Unsafe.storeFence: available
2023-04-27 17:31:33 DEBUG PlatformDependent0:236 ? java.nio.Buffer.address: available
2023-04-27 17:31:33 DEBUG PlatformDependent0:320 ? direct buffer constructor: unavailable: Reflective setAccessible(true) disabled
2023-04-27 17:31:33 DEBUG PlatformDependent0:385 ? java.nio.Bits.unaligned: available, true
2023-04-27 17:31:33 DEBUG PlatformDependent0:452 ? jdk.internal.misc.Unsafe.allocateUninitializedArray(int): unavailable: class io.netty.util.internal.PlatformDependent0$7 cannot access class jdk.internal.misc.Unsafe (in module java.base) because module java.base does not export jdk.internal.misc to unnamed module @5679c6c6
2023-04-27 17:31:33 DEBUG PlatformDependent0:482 ? java.nio.DirectByteBuffer.<init>(long, int): unavailable
2023-04-27 17:31:33 DEBUG PlatformDependent:1159 ? sun.misc.Unsafe: available
2023-04-27 17:31:33 DEBUG PlatformDependent:1270 ? maxDirectMemory: 5339348992 bytes (maybe)
2023-04-27 17:31:33 DEBUG PlatformDependent:1289 ? -Dio.netty.tmpdir: C:\Users\rohit\AppData\Local\Temp (java.io.tmpdir)
2023-04-27 17:31:33 DEBUG PlatformDependent:1368 ? -Dio.netty.bitMode: 64 (sun.arch.data.model)
2023-04-27 17:31:33 DEBUG PlatformDependent:1119 ? Platform: Windows
2023-04-27 17:31:33 DEBUG PlatformDependent:178 ? -Dio.netty.maxDirectMemory: -1 bytes
2023-04-27 17:31:33 DEBUG PlatformDependent:185 ? -Dio.netty.uninitializedArrayAllocationThreshold: -1
2023-04-27 17:31:33 DEBUG CleanerJava9:71 ? java.nio.ByteBuffer.cleaner(): available
2023-04-27 17:31:33 DEBUG PlatformDependent:205 ? -Dio.netty.noPreferDirect: false
2023-04-27 17:31:33 DEBUG PlatformDependent:1010 ? org.jctools-core.MpscChunkedArrayQueue: available
2023-04-27 17:31:33 DEBUG InternalThreadLocalMap:100 ? -Dio.netty.threadLocalMap.stringBuilder.initialSize: 1024
2023-04-27 17:31:33 DEBUG InternalThreadLocalMap:101 ? -Dio.netty.threadLocalMap.stringBuilder.maxSize: 4096
2023-04-27 17:31:34 DEBUG JdkSslContext:83 ? Default protocols (JDK): [TLSv1.3, TLSv1.2] 
2023-04-27 17:31:34 DEBUG JdkSslContext:84 ? Default cipher suites (JDK): [TLS_ECDHE_ECDSA_WITH_AES_256_GCM_SHA384, TLS_ECDHE_ECDSA_WITH_AES_128_GCM_SHA256, TLS_ECDHE_RSA_WITH_AES_128_GCM_SHA256, TLS_ECDHE_RSA_WITH_AES_256_GCM_SHA384, TLS_ECDHE_RSA_WITH_AES_128_CBC_SHA, TLS_ECDHE_RSA_WITH_AES_256_CBC_SHA, TLS_RSA_WITH_AES_128_GCM_SHA256, TLS_RSA_WITH_AES_128_CBC_SHA, TLS_RSA_WITH_AES_256_CBC_SHA, TLS_AES_128_GCM_SHA256, TLS_AES_256_GCM_SHA384]
2023-04-27 17:31:34 DEBUG GlobalEventExecutor:53 ? -Dio.netty.globalEventExecutor.quietPeriodSeconds: 1
2023-04-27 17:31:34 DEBUG MultithreadEventLoopGroup:44 ? -Dio.netty.eventLoopThreads: 16
2023-04-27 17:31:34 DEBUG NioEventLoop:110 ? -Dio.netty.noKeySetOptimization: false
2023-04-27 17:31:34 DEBUG NioEventLoop:111 ? -Dio.netty.selectorAutoRebuildThreshold: 512
2023-04-27 17:31:34 DEBUG PooledByteBufAllocator:157 ? -Dio.netty.allocator.numHeapArenas: 16
2023-04-27 17:31:34 DEBUG PooledByteBufAllocator:158 ? -Dio.netty.allocator.numDirectArenas: 16
2023-04-27 17:31:34 DEBUG PooledByteBufAllocator:160 ? -Dio.netty.allocator.pageSize: 8192
2023-04-27 17:31:34 DEBUG PooledByteBufAllocator:165 ? -Dio.netty.allocator.maxOrder: 9
2023-04-27 17:31:34 DEBUG PooledByteBufAllocator:169 ? -Dio.netty.allocator.chunkSize: 4194304
2023-04-27 17:31:34 DEBUG PooledByteBufAllocator:170 ? -Dio.netty.allocator.smallCacheSize: 256
2023-04-27 17:31:34 DEBUG PooledByteBufAllocator:171 ? -Dio.netty.allocator.normalCacheSize: 64
2023-04-27 17:31:34 DEBUG PooledByteBufAllocator:172 ? -Dio.netty.allocator.maxCachedBufferCapacity: 32768
2023-04-27 17:31:34 DEBUG PooledByteBufAllocator:173 ? -Dio.netty.allocator.cacheTrimInterval: 8192
2023-04-27 17:31:34 DEBUG PooledByteBufAllocator:174 ? -Dio.netty.allocator.cacheTrimIntervalMillis: 0
2023-04-27 17:31:34 DEBUG PooledByteBufAllocator:175 ? -Dio.netty.allocator.useCacheForAllThreads: false
2023-04-27 17:31:34 DEBUG PooledByteBufAllocator:176 ? -Dio.netty.allocator.maxCachedByteBuffersPerChunk: 1023
2023-04-27 17:31:34 DEBUG ByteBufUtil:88 ? -Dio.netty.allocator.type: pooled
2023-04-27 17:31:34 DEBUG ByteBufUtil:97 ? -Dio.netty.threadLocalDirectBufferSize: 0
2023-04-27 17:31:34 DEBUG ByteBufUtil:100 ? -Dio.netty.maxThreadLocalCharBufferSize: 16384
2023-04-27 17:31:34 DEBUG DefaultChannelId:79 ? -Dio.netty.processId: 6636 (auto-detected)
2023-04-27 17:31:34 DEBUG NetUtil:148 ? -Djava.net.preferIPv4Stack: false
2023-04-27 17:31:34 DEBUG NetUtil:149 ? -Djava.net.preferIPv6Addresses: false
2023-04-27 17:31:34 DEBUG NetUtilInitializations:145 ? Loopback interface: lo (Software Loopback Interface 1, 127.0.0.1)
2023-04-27 17:31:34 DEBUG NetUtil:206 ? Failed to get SOMAXCONN from sysctl and file \proc\sys\net\core\somaxconn. Default: 200
2023-04-27 17:31:34 DEBUG DefaultChannelId:101 ? -Dio.netty.machineId: 70:c9:4e:ff:fe:a9:98:9d (auto-detected)
2023-04-27 17:31:34 DEBUG AbstractByteBuf:63 ? -Dio.netty.buffer.checkAccessible: true
2023-04-27 17:31:34 DEBUG AbstractByteBuf:64 ? -Dio.netty.buffer.checkBounds: true
2023-04-27 17:31:34 DEBUG ResourceLeakDetectorFactory:196 ? Loaded default ResourceLeakDetector: io.netty.util.ResourceLeakDetector@470e7bbe
2023-04-27 17:31:34 DEBUG NettyConnectListener:73 ? Using new Channel '[id: 0xcde2eeca, L:/127.0.0.1:56333 - R:localhost/127.0.0.1:19948]' for 'POST' to '/session'
2023-04-27 17:31:34 DEBUG Recycler:96 ? -Dio.netty.recycler.maxCapacityPerThread: 4096
2023-04-27 17:31:34 DEBUG Recycler:97 ? -Dio.netty.recycler.ratio: 8
2023-04-27 17:31:34 DEBUG Recycler:98 ? -Dio.netty.recycler.chunkSize: 32
2023-04-27 17:31:34 DEBUG Recycler:99 ? -Dio.netty.recycler.blocking: false
2023-04-27 17:31:34 DEBUG Recycler:100 ? -Dio.netty.recycler.batchFastThreadLocalOnly: true
2023-04-27 17:31:36 DEBUG Brotli:38 ? brotli4j not in the classpath; Brotli support will be unavailable.
2023-04-27 17:31:36 DEBUG HttpHandler:70 ? 

Request DefaultHttpRequest(decodeResult: success, version: HTTP/1.1)
POST /session HTTP/1.1
User-Agent: selenium/4.9.0 (java windows)
Content-Length: 254
Content-Type: application/json; charset=utf-8
host: localhost:19948
accept: */*

Response DefaultHttpResponse(decodeResult: success, version: HTTP/1.1)
HTTP/1.1 200 OK
Content-Length: 859
Content-Type: application/json; charset=utf-8
cache-control: no-cache

2023-04-27 17:31:36 DEBUG ChannelManager:270 ? Adding key: http://localhost:19948 for channel [id: 0xcde2eeca, L:/127.0.0.1:56333 - R:localhost/127.0.0.1:19948]
2023-04-27 17:31:36 DEBUG NettyConnectListener:73 ? Using new Channel '[id: 0x435852b8, L:/127.0.0.1:56352 - R:localhost/127.0.0.1:56337]' for 'GET' to '/json/version'
2023-04-27 17:31:36 DEBUG HttpHandler:70 ? 

Request DefaultFullHttpRequest(decodeResult: success, version: HTTP/1.1, content: EmptyByteBufBE)
GET /json/version HTTP/1.1
User-Agent: selenium/4.9.0 (java windows)
host: localhost:56337
accept: */*

Response DefaultHttpResponse(decodeResult: success, version: HTTP/1.1)
HTTP/1.1 200 OK
Content-Security-Policy: frame-ancestors 'none'
Content-Length: 424
Content-Type: application/json; charset=UTF-8

2023-04-27 17:31:36 DEBUG ChannelManager:270 ? Adding key: http://localhost:56337 for channel [id: 0x435852b8, L:/127.0.0.1:56352 - R:localhost/127.0.0.1:56337]
2023-04-27 17:31:36 DEBUG ThreadLocalRandom:214 ? -Dio.netty.initialSeedUniquifier: 0x35ba9e0b96389ffb
2023-04-27 17:31:36 DEBUG NettyConnectListener:73 ? Using new Channel '[id: 0x62bed9de, L:/127.0.0.1:56353 - R:localhost/127.0.0.1:56337]' for 'GET' to '/devtools/browser/ccaab836-c872-425f-bf32-1fe1345012f9'
2023-04-27 17:31:36 DEBUG WebSocketHandler:105 ? 

Request DefaultFullHttpRequest(decodeResult: success, version: HTTP/1.1, content: EmptyByteBufBE)
GET /devtools/browser/ccaab836-c872-425f-bf32-1fe1345012f9 HTTP/1.1
upgrade: websocket
connection: upgrade
sec-websocket-key: zCnp+HbuQWDdhkpLrZc5gw==
sec-websocket-version: 13
origin: http://localhost:56337
host: localhost:56337
accept: */*
user-agent: AHC/2.1

Response DefaultHttpResponse(decodeResult: success, version: HTTP/1.1)
HTTP/1.1 101 WebSocket Protocol Handshake
Upgrade: WebSocket
Connection: Upgrade
Sec-WebSocket-Accept: x68N+cCzYW4qAPaLCCeAY595jGc=

2023-04-27 17:31:36 DEBUG DefaultChannelPool:348 ? Entry count for : http://localhost:19948 : 1
2023-04-27 17:31:36 DEBUG DefaultChannelPool:348 ? Entry count for : http://localhost:56337 : 1
2023-04-27 17:31:36 DEBUG NettyRequestSender:593 ? Using pooled Channel '[id: 0xcde2eeca, L:/127.0.0.1:56333 - R:localhost/127.0.0.1:19948]' for 'POST' to 'http://localhost:19948/session/cbe0d497eee5e1008dfa81701b3264f9/window/maximize'
2023-04-27 17:31:36 DEBUG NettyRequestSender:251 ? Using open Channel [id: 0xcde2eeca, L:/127.0.0.1:56333 - R:localhost/127.0.0.1:19948] for POST '/session/cbe0d497eee5e1008dfa81701b3264f9/window/maximize'
2023-04-27 17:31:36 DEBUG HttpHandler:70 ? 

Request DefaultHttpRequest(decodeResult: success, version: HTTP/1.1)
POST /session/cbe0d497eee5e1008dfa81701b3264f9/window/maximize HTTP/1.1
User-Agent: selenium/4.9.0 (java windows)
Content-Length: 3
Content-Type: application/json; charset=utf-8
host: localhost:19948
accept: */*

Response DefaultHttpResponse(decodeResult: success, version: HTTP/1.1)
HTTP/1.1 200 OK
Content-Length: 52
Content-Type: application/json; charset=utf-8
cache-control: no-cache

2023-04-27 17:31:36 DEBUG ChannelManager:270 ? Adding key: http://localhost:19948 for channel [id: 0xcde2eeca, L:/127.0.0.1:56333 - R:localhost/127.0.0.1:19948]
2023-04-27 17:31:36 DEBUG NettyRequestSender:593 ? Using pooled Channel '[id: 0xcde2eeca, L:/127.0.0.1:56333 - R:localhost/127.0.0.1:19948]' for 'POST' to 'http://localhost:19948/session/cbe0d497eee5e1008dfa81701b3264f9/timeouts'
2023-04-27 17:31:36 DEBUG NettyRequestSender:251 ? Using open Channel [id: 0xcde2eeca, L:/127.0.0.1:56333 - R:localhost/127.0.0.1:19948] for POST '/session/cbe0d497eee5e1008dfa81701b3264f9/timeouts'
2023-04-27 17:31:36 DEBUG HttpHandler:70 ? 

Request DefaultHttpRequest(decodeResult: success, version: HTTP/1.1)
POST /session/cbe0d497eee5e1008dfa81701b3264f9/timeouts HTTP/1.1
User-Agent: selenium/4.9.0 (java windows)
Content-Length: 23
Content-Type: application/json; charset=utf-8
host: localhost:19948
accept: */*

Response DefaultHttpResponse(decodeResult: success, version: HTTP/1.1)
HTTP/1.1 200 OK
Content-Length: 14
Content-Type: application/json; charset=utf-8
cache-control: no-cache

2023-04-27 17:31:36 DEBUG ChannelManager:270 ? Adding key: http://localhost:19948 for channel [id: 0xcde2eeca, L:/127.0.0.1:56333 - R:localhost/127.0.0.1:19948]
2023-04-27 17:31:36 DEBUG NettyRequestSender:593 ? Using pooled Channel '[id: 0xcde2eeca, L:/127.0.0.1:56333 - R:localhost/127.0.0.1:19948]' for 'POST' to 'http://localhost:19948/session/cbe0d497eee5e1008dfa81701b3264f9/url'
2023-04-27 17:31:36 DEBUG NettyRequestSender:251 ? Using open Channel [id: 0xcde2eeca, L:/127.0.0.1:56333 - R:localhost/127.0.0.1:19948] for POST '/session/cbe0d497eee5e1008dfa81701b3264f9/url'
2023-04-27 17:31:37 DEBUG HttpHandler:70 ? 

Request DefaultHttpRequest(decodeResult: success, version: HTTP/1.1)
POST /session/cbe0d497eee5e1008dfa81701b3264f9/url HTTP/1.1
User-Agent: selenium/4.9.0 (java windows)
Content-Length: 59
Content-Type: application/json; charset=utf-8
host: localhost:19948
accept: */*

Response DefaultHttpResponse(decodeResult: success, version: HTTP/1.1)
HTTP/1.1 200 OK
Content-Length: 14
Content-Type: application/json; charset=utf-8
cache-control: no-cache

2023-04-27 17:31:37 DEBUG ChannelManager:270 ? Adding key: http://localhost:19948 for channel [id: 0xcde2eeca, L:/127.0.0.1:56333 - R:localhost/127.0.0.1:19948]
2023-04-27 17:31:37 DEBUG NettyRequestSender:593 ? Using pooled Channel '[id: 0xcde2eeca, L:/127.0.0.1:56333 - R:localhost/127.0.0.1:19948]' for 'POST' to 'http://localhost:19948/session/cbe0d497eee5e1008dfa81701b3264f9/element'
2023-04-27 17:31:37 DEBUG NettyRequestSender:251 ? Using open Channel [id: 0xcde2eeca, L:/127.0.0.1:56333 - R:localhost/127.0.0.1:19948] for POST '/session/cbe0d497eee5e1008dfa81701b3264f9/element'
2023-04-27 17:31:37 DEBUG HttpHandler:70 ? 

Request DefaultHttpRequest(decodeResult: success, version: HTTP/1.1)
POST /session/cbe0d497eee5e1008dfa81701b3264f9/element HTTP/1.1
User-Agent: selenium/4.9.0 (java windows)
Content-Length: 72
Content-Type: application/json; charset=utf-8
host: localhost:19948
accept: */*

Response DefaultHttpResponse(decodeResult: success, version: HTTP/1.1)
HTTP/1.1 200 OK
Content-Length: 88
Content-Type: application/json; charset=utf-8
cache-control: no-cache

2023-04-27 17:31:37 DEBUG ChannelManager:270 ? Adding key: http://localhost:19948 for channel [id: 0xcde2eeca, L:/127.0.0.1:56333 - R:localhost/127.0.0.1:19948]
2023-04-27 17:31:37 DEBUG DefaultChannelPool:348 ? Entry count for : http://localhost:19948 : 1
2023-04-27 17:31:37 DEBUG DefaultChannelPool:348 ? Entry count for : http://localhost:56337 : 1
2023-04-27 17:31:37 DEBUG NettyRequestSender:593 ? Using pooled Channel '[id: 0xcde2eeca, L:/127.0.0.1:56333 - R:localhost/127.0.0.1:19948]' for 'POST' to 'http://localhost:19948/session/cbe0d497eee5e1008dfa81701b3264f9/execute/sync'
2023-04-27 17:31:37 DEBUG NettyRequestSender:251 ? Using open Channel [id: 0xcde2eeca, L:/127.0.0.1:56333 - R:localhost/127.0.0.1:19948] for POST '/session/cbe0d497eee5e1008dfa81701b3264f9/execute/sync'
2023-04-27 17:31:37 DEBUG HttpHandler:70 ? 

Request DefaultHttpRequest(decodeResult: success, version: HTTP/1.1)
POST /session/cbe0d497eee5e1008dfa81701b3264f9/execute/sync HTTP/1.1
User-Agent: selenium/4.9.0 (java windows)
Content-Length: 48807
Content-Type: application/json; charset=utf-8
host: localhost:19948
accept: */*

Response DefaultHttpResponse(decodeResult: success, version: HTTP/1.1)
HTTP/1.1 200 OK
Content-Length: 14
Content-Type: application/json; charset=utf-8
cache-control: no-cache

2023-04-27 17:31:37 DEBUG ChannelManager:270 ? Adding key: http://localhost:19948 for channel [id: 0xcde2eeca, L:/127.0.0.1:56333 - R:localhost/127.0.0.1:19948]
2023-04-27 17:31:37 DEBUG NettyRequestSender:593 ? Using pooled Channel '[id: 0xcde2eeca, L:/127.0.0.1:56333 - R:localhost/127.0.0.1:19948]' for 'POST' to 'http://localhost:19948/session/cbe0d497eee5e1008dfa81701b3264f9/element'
2023-04-27 17:31:37 DEBUG NettyRequestSender:251 ? Using open Channel [id: 0xcde2eeca, L:/127.0.0.1:56333 - R:localhost/127.0.0.1:19948] for POST '/session/cbe0d497eee5e1008dfa81701b3264f9/element'
2023-04-27 17:31:37 DEBUG HttpHandler:70 ? 

Request DefaultHttpRequest(decodeResult: success, version: HTTP/1.1)
POST /session/cbe0d497eee5e1008dfa81701b3264f9/element HTTP/1.1
User-Agent: selenium/4.9.0 (java windows)
Content-Length: 69
Content-Type: application/json; charset=utf-8
host: localhost:19948
accept: */*

Response DefaultHttpResponse(decodeResult: success, version: HTTP/1.1)
HTTP/1.1 200 OK
Content-Length: 88
Content-Type: application/json; charset=utf-8
cache-control: no-cache

2023-04-27 17:31:37 DEBUG ChannelManager:270 ? Adding key: http://localhost:19948 for channel [id: 0xcde2eeca, L:/127.0.0.1:56333 - R:localhost/127.0.0.1:19948]
2023-04-27 17:31:37 DEBUG NettyRequestSender:593 ? Using pooled Channel '[id: 0xcde2eeca, L:/127.0.0.1:56333 - R:localhost/127.0.0.1:19948]' for 'POST' to 'http://localhost:19948/session/cbe0d497eee5e1008dfa81701b3264f9/execute/sync'
2023-04-27 17:31:37 DEBUG NettyRequestSender:251 ? Using open Channel [id: 0xcde2eeca, L:/127.0.0.1:56333 - R:localhost/127.0.0.1:19948] for POST '/session/cbe0d497eee5e1008dfa81701b3264f9/execute/sync'
2023-04-27 17:31:37 DEBUG HttpHandler:70 ? 

Request DefaultHttpRequest(decodeResult: success, version: HTTP/1.1)
POST /session/cbe0d497eee5e1008dfa81701b3264f9/execute/sync HTTP/1.1
User-Agent: selenium/4.9.0 (java windows)
Content-Length: 48807
Content-Type: application/json; charset=utf-8
host: localhost:19948
accept: */*

Response DefaultHttpResponse(decodeResult: success, version: HTTP/1.1)
HTTP/1.1 200 OK
Content-Length: 14
Content-Type: application/json; charset=utf-8
cache-control: no-cache

2023-04-27 17:31:37 DEBUG ChannelManager:270 ? Adding key: http://localhost:19948 for channel [id: 0xcde2eeca, L:/127.0.0.1:56333 - R:localhost/127.0.0.1:19948]
2023-04-27 17:31:37 DEBUG NettyRequestSender:593 ? Using pooled Channel '[id: 0xcde2eeca, L:/127.0.0.1:56333 - R:localhost/127.0.0.1:19948]' for 'POST' to 'http://localhost:19948/session/cbe0d497eee5e1008dfa81701b3264f9/element'
2023-04-27 17:31:37 DEBUG NettyRequestSender:251 ? Using open Channel [id: 0xcde2eeca, L:/127.0.0.1:56333 - R:localhost/127.0.0.1:19948] for POST '/session/cbe0d497eee5e1008dfa81701b3264f9/element'
2023-04-27 17:31:37 DEBUG HttpHandler:70 ? 

Request DefaultHttpRequest(decodeResult: success, version: HTTP/1.1)
POST /session/cbe0d497eee5e1008dfa81701b3264f9/element HTTP/1.1
User-Agent: selenium/4.9.0 (java windows)
Content-Length: 71
Content-Type: application/json; charset=utf-8
host: localhost:19948
accept: */*

Response DefaultHttpResponse(decodeResult: success, version: HTTP/1.1)
HTTP/1.1 200 OK
Content-Length: 88
Content-Type: application/json; charset=utf-8
cache-control: no-cache

2023-04-27 17:31:37 DEBUG ChannelManager:270 ? Adding key: http://localhost:19948 for channel [id: 0xcde2eeca, L:/127.0.0.1:56333 - R:localhost/127.0.0.1:19948]
2023-04-27 17:31:37 DEBUG NettyRequestSender:593 ? Using pooled Channel '[id: 0xcde2eeca, L:/127.0.0.1:56333 - R:localhost/127.0.0.1:19948]' for 'POST' to 'http://localhost:19948/session/cbe0d497eee5e1008dfa81701b3264f9/execute/sync'
2023-04-27 17:31:37 DEBUG NettyRequestSender:251 ? Using open Channel [id: 0xcde2eeca, L:/127.0.0.1:56333 - R:localhost/127.0.0.1:19948] for POST '/session/cbe0d497eee5e1008dfa81701b3264f9/execute/sync'
2023-04-27 17:31:37 DEBUG HttpHandler:70 ? 

Request DefaultHttpRequest(decodeResult: success, version: HTTP/1.1)
POST /session/cbe0d497eee5e1008dfa81701b3264f9/execute/sync HTTP/1.1
User-Agent: selenium/4.9.0 (java windows)
Content-Length: 48807
Content-Type: application/json; charset=utf-8
host: localhost:19948
accept: */*

Response DefaultHttpResponse(decodeResult: success, version: HTTP/1.1)
HTTP/1.1 200 OK
Content-Length: 14
Content-Type: application/json; charset=utf-8
cache-control: no-cache

2023-04-27 17:31:37 DEBUG ChannelManager:270 ? Adding key: http://localhost:19948 for channel [id: 0xcde2eeca, L:/127.0.0.1:56333 - R:localhost/127.0.0.1:19948]
2023-04-27 17:31:37 DEBUG NettyRequestSender:593 ? Using pooled Channel '[id: 0xcde2eeca, L:/127.0.0.1:56333 - R:localhost/127.0.0.1:19948]' for 'POST' to 'http://localhost:19948/session/cbe0d497eee5e1008dfa81701b3264f9/element'
2023-04-27 17:31:37 DEBUG NettyRequestSender:251 ? Using open Channel [id: 0xcde2eeca, L:/127.0.0.1:56333 - R:localhost/127.0.0.1:19948] for POST '/session/cbe0d497eee5e1008dfa81701b3264f9/element'
2023-04-27 17:31:37 DEBUG HttpHandler:70 ? 

Request DefaultHttpRequest(decodeResult: success, version: HTTP/1.1)
POST /session/cbe0d497eee5e1008dfa81701b3264f9/element HTTP/1.1
User-Agent: selenium/4.9.0 (java windows)
Content-Length: 72
Content-Type: application/json; charset=utf-8
host: localhost:19948
accept: */*

Response DefaultHttpResponse(decodeResult: success, version: HTTP/1.1)
HTTP/1.1 200 OK
Content-Length: 88
Content-Type: application/json; charset=utf-8
cache-control: no-cache

2023-04-27 17:31:37 DEBUG ChannelManager:270 ? Adding key: http://localhost:19948 for channel [id: 0xcde2eeca, L:/127.0.0.1:56333 - R:localhost/127.0.0.1:19948]
2023-04-27 17:31:37 DEBUG NettyRequestSender:593 ? Using pooled Channel '[id: 0xcde2eeca, L:/127.0.0.1:56333 - R:localhost/127.0.0.1:19948]' for 'POST' to 'http://localhost:19948/session/cbe0d497eee5e1008dfa81701b3264f9/execute/sync'
2023-04-27 17:31:37 DEBUG NettyRequestSender:251 ? Using open Channel [id: 0xcde2eeca, L:/127.0.0.1:56333 - R:localhost/127.0.0.1:19948] for POST '/session/cbe0d497eee5e1008dfa81701b3264f9/execute/sync'
2023-04-27 17:31:37 DEBUG HttpHandler:70 ? 

Request DefaultHttpRequest(decodeResult: success, version: HTTP/1.1)
POST /session/cbe0d497eee5e1008dfa81701b3264f9/execute/sync HTTP/1.1
User-Agent: selenium/4.9.0 (java windows)
Content-Length: 48807
Content-Type: application/json; charset=utf-8
host: localhost:19948
accept: */*

Response DefaultHttpResponse(decodeResult: success, version: HTTP/1.1)
HTTP/1.1 200 OK
Content-Length: 14
Content-Type: application/json; charset=utf-8
cache-control: no-cache

2023-04-27 17:31:37 DEBUG ChannelManager:270 ? Adding key: http://localhost:19948 for channel [id: 0xcde2eeca, L:/127.0.0.1:56333 - R:localhost/127.0.0.1:19948]
2023-04-27 17:31:37 DEBUG NettyRequestSender:593 ? Using pooled Channel '[id: 0xcde2eeca, L:/127.0.0.1:56333 - R:localhost/127.0.0.1:19948]' for 'POST' to 'http://localhost:19948/session/cbe0d497eee5e1008dfa81701b3264f9/element'
2023-04-27 17:31:37 DEBUG NettyRequestSender:251 ? Using open Channel [id: 0xcde2eeca, L:/127.0.0.1:56333 - R:localhost/127.0.0.1:19948] for POST '/session/cbe0d497eee5e1008dfa81701b3264f9/element'
2023-04-27 17:31:37 DEBUG HttpHandler:70 ? 

Request DefaultHttpRequest(decodeResult: success, version: HTTP/1.1)
POST /session/cbe0d497eee5e1008dfa81701b3264f9/element HTTP/1.1
User-Agent: selenium/4.9.0 (java windows)
Content-Length: 69
Content-Type: application/json; charset=utf-8
host: localhost:19948
accept: */*

Response DefaultHttpResponse(decodeResult: success, version: HTTP/1.1)
HTTP/1.1 200 OK
Content-Length: 88
Content-Type: application/json; charset=utf-8
cache-control: no-cache

2023-04-27 17:31:37 DEBUG ChannelManager:270 ? Adding key: http://localhost:19948 for channel [id: 0xcde2eeca, L:/127.0.0.1:56333 - R:localhost/127.0.0.1:19948]
2023-04-27 17:31:37 DEBUG NettyRequestSender:593 ? Using pooled Channel '[id: 0xcde2eeca, L:/127.0.0.1:56333 - R:localhost/127.0.0.1:19948]' for 'POST' to 'http://localhost:19948/session/cbe0d497eee5e1008dfa81701b3264f9/execute/sync'
2023-04-27 17:31:37 DEBUG NettyRequestSender:251 ? Using open Channel [id: 0xcde2eeca, L:/127.0.0.1:56333 - R:localhost/127.0.0.1:19948] for POST '/session/cbe0d497eee5e1008dfa81701b3264f9/execute/sync'
2023-04-27 17:31:37 DEBUG HttpHandler:70 ? 

Request DefaultHttpRequest(decodeResult: success, version: HTTP/1.1)
POST /session/cbe0d497eee5e1008dfa81701b3264f9/execute/sync HTTP/1.1
User-Agent: selenium/4.9.0 (java windows)
Content-Length: 48807
Content-Type: application/json; charset=utf-8
host: localhost:19948
accept: */*

Response DefaultHttpResponse(decodeResult: success, version: HTTP/1.1)
HTTP/1.1 200 OK
Content-Length: 14
Content-Type: application/json; charset=utf-8
cache-control: no-cache

2023-04-27 17:31:37 DEBUG ChannelManager:270 ? Adding key: http://localhost:19948 for channel [id: 0xcde2eeca, L:/127.0.0.1:56333 - R:localhost/127.0.0.1:19948]
2023-04-27 17:31:37 DEBUG NettyRequestSender:593 ? Using pooled Channel '[id: 0xcde2eeca, L:/127.0.0.1:56333 - R:localhost/127.0.0.1:19948]' for 'POST' to 'http://localhost:19948/session/cbe0d497eee5e1008dfa81701b3264f9/element'
2023-04-27 17:31:37 DEBUG NettyRequestSender:251 ? Using open Channel [id: 0xcde2eeca, L:/127.0.0.1:56333 - R:localhost/127.0.0.1:19948] for POST '/session/cbe0d497eee5e1008dfa81701b3264f9/element'
2023-04-27 17:31:37 DEBUG HttpHandler:70 ? 

Request DefaultHttpRequest(decodeResult: success, version: HTTP/1.1)
POST /session/cbe0d497eee5e1008dfa81701b3264f9/element HTTP/1.1
User-Agent: selenium/4.9.0 (java windows)
Content-Length: 71
Content-Type: application/json; charset=utf-8
host: localhost:19948
accept: */*

Response DefaultHttpResponse(decodeResult: success, version: HTTP/1.1)
HTTP/1.1 200 OK
Content-Length: 88
Content-Type: application/json; charset=utf-8
cache-control: no-cache

2023-04-27 17:31:37 DEBUG ChannelManager:270 ? Adding key: http://localhost:19948 for channel [id: 0xcde2eeca, L:/127.0.0.1:56333 - R:localhost/127.0.0.1:19948]
2023-04-27 17:31:37 DEBUG NettyRequestSender:593 ? Using pooled Channel '[id: 0xcde2eeca, L:/127.0.0.1:56333 - R:localhost/127.0.0.1:19948]' for 'POST' to 'http://localhost:19948/session/cbe0d497eee5e1008dfa81701b3264f9/execute/sync'
2023-04-27 17:31:37 DEBUG NettyRequestSender:251 ? Using open Channel [id: 0xcde2eeca, L:/127.0.0.1:56333 - R:localhost/127.0.0.1:19948] for POST '/session/cbe0d497eee5e1008dfa81701b3264f9/execute/sync'
2023-04-27 17:31:37 DEBUG HttpHandler:70 ? 

Request DefaultHttpRequest(decodeResult: success, version: HTTP/1.1)
POST /session/cbe0d497eee5e1008dfa81701b3264f9/execute/sync HTTP/1.1
User-Agent: selenium/4.9.0 (java windows)
Content-Length: 48807
Content-Type: application/json; charset=utf-8
host: localhost:19948
accept: */*

Response DefaultHttpResponse(decodeResult: success, version: HTTP/1.1)
HTTP/1.1 200 OK
Content-Length: 14
Content-Type: application/json; charset=utf-8
cache-control: no-cache

2023-04-27 17:31:37 DEBUG ChannelManager:270 ? Adding key: http://localhost:19948 for channel [id: 0xcde2eeca, L:/127.0.0.1:56333 - R:localhost/127.0.0.1:19948]
2023-04-27 17:31:37 DEBUG NettyRequestSender:593 ? Using pooled Channel '[id: 0xcde2eeca, L:/127.0.0.1:56333 - R:localhost/127.0.0.1:19948]' for 'POST' to 'http://localhost:19948/session/cbe0d497eee5e1008dfa81701b3264f9/element'
2023-04-27 17:31:37 DEBUG NettyRequestSender:251 ? Using open Channel [id: 0xcde2eeca, L:/127.0.0.1:56333 - R:localhost/127.0.0.1:19948] for POST '/session/cbe0d497eee5e1008dfa81701b3264f9/element'
2023-04-27 17:31:37 DEBUG HttpHandler:70 ? 

Request DefaultHttpRequest(decodeResult: success, version: HTTP/1.1)
POST /session/cbe0d497eee5e1008dfa81701b3264f9/element HTTP/1.1
User-Agent: selenium/4.9.0 (java windows)
Content-Length: 69
Content-Type: application/json; charset=utf-8
host: localhost:19948
accept: */*

Response DefaultHttpResponse(decodeResult: success, version: HTTP/1.1)
HTTP/1.1 200 OK
Content-Length: 88
Content-Type: application/json; charset=utf-8
cache-control: no-cache

2023-04-27 17:31:37 DEBUG ChannelManager:270 ? Adding key: http://localhost:19948 for channel [id: 0xcde2eeca, L:/127.0.0.1:56333 - R:localhost/127.0.0.1:19948]
2023-04-27 17:31:37 DEBUG NettyRequestSender:593 ? Using pooled Channel '[id: 0xcde2eeca, L:/127.0.0.1:56333 - R:localhost/127.0.0.1:19948]' for 'POST' to 'http://localhost:19948/session/cbe0d497eee5e1008dfa81701b3264f9/actions'
2023-04-27 17:31:37 DEBUG NettyRequestSender:251 ? Using open Channel [id: 0xcde2eeca, L:/127.0.0.1:56333 - R:localhost/127.0.0.1:19948] for POST '/session/cbe0d497eee5e1008dfa81701b3264f9/actions'
2023-04-27 17:31:37 DEBUG HttpHandler:70 ? 

Request DefaultHttpRequest(decodeResult: success, version: HTTP/1.1)
POST /session/cbe0d497eee5e1008dfa81701b3264f9/actions HTTP/1.1
User-Agent: selenium/4.9.0 (java windows)
Content-Length: 2027
Content-Type: application/json; charset=utf-8
host: localhost:19948
accept: */*

Response DefaultHttpResponse(decodeResult: success, version: HTTP/1.1)
HTTP/1.1 200 OK
Content-Length: 14
Content-Type: application/json; charset=utf-8
cache-control: no-cache

2023-04-27 17:31:37 DEBUG ChannelManager:270 ? Adding key: http://localhost:19948 for channel [id: 0xcde2eeca, L:/127.0.0.1:56333 - R:localhost/127.0.0.1:19948]
2023-04-27 17:31:37 DEBUG NettyRequestSender:593 ? Using pooled Channel '[id: 0xcde2eeca, L:/127.0.0.1:56333 - R:localhost/127.0.0.1:19948]' for 'POST' to 'http://localhost:19948/session/cbe0d497eee5e1008dfa81701b3264f9/element'
2023-04-27 17:31:37 DEBUG NettyRequestSender:251 ? Using open Channel [id: 0xcde2eeca, L:/127.0.0.1:56333 - R:localhost/127.0.0.1:19948] for POST '/session/cbe0d497eee5e1008dfa81701b3264f9/element'
2023-04-27 17:31:37 DEBUG HttpHandler:70 ? 

Request DefaultHttpRequest(decodeResult: success, version: HTTP/1.1)
POST /session/cbe0d497eee5e1008dfa81701b3264f9/element HTTP/1.1
User-Agent: selenium/4.9.0 (java windows)
Content-Length: 72
Content-Type: application/json; charset=utf-8
host: localhost:19948
accept: */*

Response DefaultHttpResponse(decodeResult: success, version: HTTP/1.1)
HTTP/1.1 200 OK
Content-Length: 88
Content-Type: application/json; charset=utf-8
cache-control: no-cache

2023-04-27 17:31:37 DEBUG ChannelManager:270 ? Adding key: http://localhost:19948 for channel [id: 0xcde2eeca, L:/127.0.0.1:56333 - R:localhost/127.0.0.1:19948]
2023-04-27 17:31:37 DEBUG NettyRequestSender:593 ? Using pooled Channel '[id: 0xcde2eeca, L:/127.0.0.1:56333 - R:localhost/127.0.0.1:19948]' for 'POST' to 'http://localhost:19948/session/cbe0d497eee5e1008dfa81701b3264f9/actions'
2023-04-27 17:31:37 DEBUG NettyRequestSender:251 ? Using open Channel [id: 0xcde2eeca, L:/127.0.0.1:56333 - R:localhost/127.0.0.1:19948] for POST '/session/cbe0d497eee5e1008dfa81701b3264f9/actions'
2023-04-27 17:31:38 DEBUG HttpHandler:70 ? 

Request DefaultHttpRequest(decodeResult: success, version: HTTP/1.1)
POST /session/cbe0d497eee5e1008dfa81701b3264f9/actions HTTP/1.1
User-Agent: selenium/4.9.0 (java windows)
Content-Length: 567
Content-Type: application/json; charset=utf-8
host: localhost:19948
accept: */*

Response DefaultHttpResponse(decodeResult: success, version: HTTP/1.1)
HTTP/1.1 200 OK
Content-Length: 14
Content-Type: application/json; charset=utf-8
cache-control: no-cache

2023-04-27 17:31:38 DEBUG ChannelManager:270 ? Adding key: http://localhost:19948 for channel [id: 0xcde2eeca, L:/127.0.0.1:56333 - R:localhost/127.0.0.1:19948]
2023-04-27 17:31:38 DEBUG NettyRequestSender:593 ? Using pooled Channel '[id: 0xcde2eeca, L:/127.0.0.1:56333 - R:localhost/127.0.0.1:19948]' for 'POST' to 'http://localhost:19948/session/cbe0d497eee5e1008dfa81701b3264f9/element'
2023-04-27 17:31:38 DEBUG NettyRequestSender:251 ? Using open Channel [id: 0xcde2eeca, L:/127.0.0.1:56333 - R:localhost/127.0.0.1:19948] for POST '/session/cbe0d497eee5e1008dfa81701b3264f9/element'
2023-04-27 17:31:38 DEBUG HttpHandler:70 ? 

Request DefaultHttpRequest(decodeResult: success, version: HTTP/1.1)
POST /session/cbe0d497eee5e1008dfa81701b3264f9/element HTTP/1.1
User-Agent: selenium/4.9.0 (java windows)
Content-Length: 71
Content-Type: application/json; charset=utf-8
host: localhost:19948
accept: */*

Response DefaultHttpResponse(decodeResult: success, version: HTTP/1.1)
HTTP/1.1 200 OK
Content-Length: 88
Content-Type: application/json; charset=utf-8
cache-control: no-cache

2023-04-27 17:31:38 DEBUG ChannelManager:270 ? Adding key: http://localhost:19948 for channel [id: 0xcde2eeca, L:/127.0.0.1:56333 - R:localhost/127.0.0.1:19948]
2023-04-27 17:31:38 DEBUG NettyRequestSender:593 ? Using pooled Channel '[id: 0xcde2eeca, L:/127.0.0.1:56333 - R:localhost/127.0.0.1:19948]' for 'POST' to 'http://localhost:19948/session/cbe0d497eee5e1008dfa81701b3264f9/actions'
2023-04-27 17:31:38 DEBUG NettyRequestSender:251 ? Using open Channel [id: 0xcde2eeca, L:/127.0.0.1:56333 - R:localhost/127.0.0.1:19948] for POST '/session/cbe0d497eee5e1008dfa81701b3264f9/actions'
2023-04-27 17:31:38 DEBUG HttpHandler:70 ? 

Request DefaultHttpRequest(decodeResult: success, version: HTTP/1.1)
POST /session/cbe0d497eee5e1008dfa81701b3264f9/actions HTTP/1.1
User-Agent: selenium/4.9.0 (java windows)
Content-Length: 567
Content-Type: application/json; charset=utf-8
host: localhost:19948
accept: */*

Response DefaultHttpResponse(decodeResult: success, version: HTTP/1.1)
HTTP/1.1 200 OK
Content-Length: 14
Content-Type: application/json; charset=utf-8
cache-control: no-cache

2023-04-27 17:31:38 DEBUG ChannelManager:270 ? Adding key: http://localhost:19948 for channel [id: 0xcde2eeca, L:/127.0.0.1:56333 - R:localhost/127.0.0.1:19948]
2023-04-27 17:31:38 DEBUG NettyRequestSender:593 ? Using pooled Channel '[id: 0xcde2eeca, L:/127.0.0.1:56333 - R:localhost/127.0.0.1:19948]' for 'POST' to 'http://localhost:19948/session/cbe0d497eee5e1008dfa81701b3264f9/element'
2023-04-27 17:31:38 DEBUG NettyRequestSender:251 ? Using open Channel [id: 0xcde2eeca, L:/127.0.0.1:56333 - R:localhost/127.0.0.1:19948] for POST '/session/cbe0d497eee5e1008dfa81701b3264f9/element'
2023-04-27 17:31:38 DEBUG HttpHandler:70 ? 

Request DefaultHttpRequest(decodeResult: success, version: HTTP/1.1)
POST /session/cbe0d497eee5e1008dfa81701b3264f9/element HTTP/1.1
User-Agent: selenium/4.9.0 (java windows)
Content-Length: 69
Content-Type: application/json; charset=utf-8
host: localhost:19948
accept: */*

Response DefaultHttpResponse(decodeResult: success, version: HTTP/1.1)
HTTP/1.1 200 OK
Content-Length: 88
Content-Type: application/json; charset=utf-8
cache-control: no-cache

2023-04-27 17:31:38 DEBUG ChannelManager:270 ? Adding key: http://localhost:19948 for channel [id: 0xcde2eeca, L:/127.0.0.1:56333 - R:localhost/127.0.0.1:19948]
2023-04-27 17:31:38 DEBUG NettyRequestSender:593 ? Using pooled Channel '[id: 0xcde2eeca, L:/127.0.0.1:56333 - R:localhost/127.0.0.1:19948]' for 'POST' to 'http://localhost:19948/session/cbe0d497eee5e1008dfa81701b3264f9/actions'
2023-04-27 17:31:38 DEBUG NettyRequestSender:251 ? Using open Channel [id: 0xcde2eeca, L:/127.0.0.1:56333 - R:localhost/127.0.0.1:19948] for POST '/session/cbe0d497eee5e1008dfa81701b3264f9/actions'
2023-04-27 17:31:38 DEBUG DefaultChannelPool:348 ? Entry count for : http://localhost:56337 : 1
2023-04-27 17:31:38 DEBUG HttpHandler:70 ? 

Request DefaultHttpRequest(decodeResult: success, version: HTTP/1.1)
POST /session/cbe0d497eee5e1008dfa81701b3264f9/actions HTTP/1.1
User-Agent: selenium/4.9.0 (java windows)
Content-Length: 567
Content-Type: application/json; charset=utf-8
host: localhost:19948
accept: */*

Response DefaultHttpResponse(decodeResult: success, version: HTTP/1.1)
HTTP/1.1 200 OK
Content-Length: 14
Content-Type: application/json; charset=utf-8
cache-control: no-cache

2023-04-27 17:31:38 DEBUG ChannelManager:270 ? Adding key: http://localhost:19948 for channel [id: 0xcde2eeca, L:/127.0.0.1:56333 - R:localhost/127.0.0.1:19948]
2023-04-27 17:31:38 DEBUG NettyRequestSender:593 ? Using pooled Channel '[id: 0xcde2eeca, L:/127.0.0.1:56333 - R:localhost/127.0.0.1:19948]' for 'POST' to 'http://localhost:19948/session/cbe0d497eee5e1008dfa81701b3264f9/element'
2023-04-27 17:31:38 DEBUG NettyRequestSender:251 ? Using open Channel [id: 0xcde2eeca, L:/127.0.0.1:56333 - R:localhost/127.0.0.1:19948] for POST '/session/cbe0d497eee5e1008dfa81701b3264f9/element'
2023-04-27 17:31:38 DEBUG HttpHandler:70 ? 

Request DefaultHttpRequest(decodeResult: success, version: HTTP/1.1)
POST /session/cbe0d497eee5e1008dfa81701b3264f9/element HTTP/1.1
User-Agent: selenium/4.9.0 (java windows)
Content-Length: 72
Content-Type: application/json; charset=utf-8
host: localhost:19948
accept: */*

Response DefaultHttpResponse(decodeResult: success, version: HTTP/1.1)
HTTP/1.1 200 OK
Content-Length: 88
Content-Type: application/json; charset=utf-8
cache-control: no-cache

2023-04-27 17:31:38 DEBUG ChannelManager:270 ? Adding key: http://localhost:19948 for channel [id: 0xcde2eeca, L:/127.0.0.1:56333 - R:localhost/127.0.0.1:19948]
2023-04-27 17:31:38 DEBUG NettyRequestSender:593 ? Using pooled Channel '[id: 0xcde2eeca, L:/127.0.0.1:56333 - R:localhost/127.0.0.1:19948]' for 'POST' to 'http://localhost:19948/session/cbe0d497eee5e1008dfa81701b3264f9/actions'
2023-04-27 17:31:38 DEBUG NettyRequestSender:251 ? Using open Channel [id: 0xcde2eeca, L:/127.0.0.1:56333 - R:localhost/127.0.0.1:19948] for POST '/session/cbe0d497eee5e1008dfa81701b3264f9/actions'
2023-04-27 17:31:38 DEBUG HttpHandler:70 ? 

Request DefaultHttpRequest(decodeResult: success, version: HTTP/1.1)
POST /session/cbe0d497eee5e1008dfa81701b3264f9/actions HTTP/1.1
User-Agent: selenium/4.9.0 (java windows)
Content-Length: 2315
Content-Type: application/json; charset=utf-8
host: localhost:19948
accept: */*

Response DefaultHttpResponse(decodeResult: success, version: HTTP/1.1)
HTTP/1.1 200 OK
Content-Length: 14
Content-Type: application/json; charset=utf-8
cache-control: no-cache

2023-04-27 17:31:38 DEBUG ChannelManager:270 ? Adding key: http://localhost:19948 for channel [id: 0xcde2eeca, L:/127.0.0.1:56333 - R:localhost/127.0.0.1:19948]
2023-04-27 17:31:38 DEBUG NettyRequestSender:593 ? Using pooled Channel '[id: 0xcde2eeca, L:/127.0.0.1:56333 - R:localhost/127.0.0.1:19948]' for 'POST' to 'http://localhost:19948/session/cbe0d497eee5e1008dfa81701b3264f9/element'
2023-04-27 17:31:38 DEBUG NettyRequestSender:251 ? Using open Channel [id: 0xcde2eeca, L:/127.0.0.1:56333 - R:localhost/127.0.0.1:19948] for POST '/session/cbe0d497eee5e1008dfa81701b3264f9/element'
2023-04-27 17:31:38 DEBUG HttpHandler:70 ? 

Request DefaultHttpRequest(decodeResult: success, version: HTTP/1.1)
POST /session/cbe0d497eee5e1008dfa81701b3264f9/element HTTP/1.1
User-Agent: selenium/4.9.0 (java windows)
Content-Length: 71
Content-Type: application/json; charset=utf-8
host: localhost:19948
accept: */*

Response DefaultHttpResponse(decodeResult: success, version: HTTP/1.1)
HTTP/1.1 200 OK
Content-Length: 88
Content-Type: application/json; charset=utf-8
cache-control: no-cache

2023-04-27 17:31:38 DEBUG ChannelManager:270 ? Adding key: http://localhost:19948 for channel [id: 0xcde2eeca, L:/127.0.0.1:56333 - R:localhost/127.0.0.1:19948]
2023-04-27 17:31:38 DEBUG NettyRequestSender:593 ? Using pooled Channel '[id: 0xcde2eeca, L:/127.0.0.1:56333 - R:localhost/127.0.0.1:19948]' for 'POST' to 'http://localhost:19948/session/cbe0d497eee5e1008dfa81701b3264f9/actions'
2023-04-27 17:31:38 DEBUG NettyRequestSender:251 ? Using open Channel [id: 0xcde2eeca, L:/127.0.0.1:56333 - R:localhost/127.0.0.1:19948] for POST '/session/cbe0d497eee5e1008dfa81701b3264f9/actions'
2023-04-27 17:31:38 DEBUG HttpHandler:70 ? 

Request DefaultHttpRequest(decodeResult: success, version: HTTP/1.1)
POST /session/cbe0d497eee5e1008dfa81701b3264f9/actions HTTP/1.1
User-Agent: selenium/4.9.0 (java windows)
Content-Length: 567
Content-Type: application/json; charset=utf-8
host: localhost:19948
accept: */*

Response DefaultHttpResponse(decodeResult: success, version: HTTP/1.1)
HTTP/1.1 200 OK
Content-Length: 14
Content-Type: application/json; charset=utf-8
cache-control: no-cache

2023-04-27 17:31:38 DEBUG ChannelManager:270 ? Adding key: http://localhost:19948 for channel [id: 0xcde2eeca, L:/127.0.0.1:56333 - R:localhost/127.0.0.1:19948]
2023-04-27 17:31:38 DEBUG NettyRequestSender:593 ? Using pooled Channel '[id: 0xcde2eeca, L:/127.0.0.1:56333 - R:localhost/127.0.0.1:19948]' for 'POST' to 'http://localhost:19948/session/cbe0d497eee5e1008dfa81701b3264f9/element'
2023-04-27 17:31:38 DEBUG NettyRequestSender:251 ? Using open Channel [id: 0xcde2eeca, L:/127.0.0.1:56333 - R:localhost/127.0.0.1:19948] for POST '/session/cbe0d497eee5e1008dfa81701b3264f9/element'
2023-04-27 17:31:38 DEBUG HttpHandler:70 ? 

Request DefaultHttpRequest(decodeResult: success, version: HTTP/1.1)
POST /session/cbe0d497eee5e1008dfa81701b3264f9/element HTTP/1.1
User-Agent: selenium/4.9.0 (java windows)
Content-Length: 69
Content-Type: application/json; charset=utf-8
host: localhost:19948
accept: */*

Response DefaultHttpResponse(decodeResult: success, version: HTTP/1.1)
HTTP/1.1 200 OK
Content-Length: 88
Content-Type: application/json; charset=utf-8
cache-control: no-cache

2023-04-27 17:31:38 DEBUG ChannelManager:270 ? Adding key: http://localhost:19948 for channel [id: 0xcde2eeca, L:/127.0.0.1:56333 - R:localhost/127.0.0.1:19948]
2023-04-27 17:31:38 DEBUG NettyRequestSender:593 ? Using pooled Channel '[id: 0xcde2eeca, L:/127.0.0.1:56333 - R:localhost/127.0.0.1:19948]' for 'POST' to 'http://localhost:19948/session/cbe0d497eee5e1008dfa81701b3264f9/actions'
2023-04-27 17:31:38 DEBUG NettyRequestSender:251 ? Using open Channel [id: 0xcde2eeca, L:/127.0.0.1:56333 - R:localhost/127.0.0.1:19948] for POST '/session/cbe0d497eee5e1008dfa81701b3264f9/actions'
2023-04-27 17:31:39 DEBUG HttpHandler:70 ? 

Request DefaultHttpRequest(decodeResult: success, version: HTTP/1.1)
POST /session/cbe0d497eee5e1008dfa81701b3264f9/actions HTTP/1.1
User-Agent: selenium/4.9.0 (java windows)
Content-Length: 567
Content-Type: application/json; charset=utf-8
host: localhost:19948
accept: */*

Response DefaultHttpResponse(decodeResult: success, version: HTTP/1.1)
HTTP/1.1 200 OK
Content-Length: 14
Content-Type: application/json; charset=utf-8
cache-control: no-cache

2023-04-27 17:31:39 DEBUG ChannelManager:270 ? Adding key: http://localhost:19948 for channel [id: 0xcde2eeca, L:/127.0.0.1:56333 - R:localhost/127.0.0.1:19948]
2023-04-27 17:31:39 DEBUG NettyRequestSender:593 ? Using pooled Channel '[id: 0xcde2eeca, L:/127.0.0.1:56333 - R:localhost/127.0.0.1:19948]' for 'POST' to 'http://localhost:19948/session/cbe0d497eee5e1008dfa81701b3264f9/element'
2023-04-27 17:31:39 DEBUG NettyRequestSender:251 ? Using open Channel [id: 0xcde2eeca, L:/127.0.0.1:56333 - R:localhost/127.0.0.1:19948] for POST '/session/cbe0d497eee5e1008dfa81701b3264f9/element'
2023-04-27 17:31:39 DEBUG HttpHandler:70 ? 

Request DefaultHttpRequest(decodeResult: success, version: HTTP/1.1)
POST /session/cbe0d497eee5e1008dfa81701b3264f9/element HTTP/1.1
User-Agent: selenium/4.9.0 (java windows)
Content-Length: 72
Content-Type: application/json; charset=utf-8
host: localhost:19948
accept: */*

Response DefaultHttpResponse(decodeResult: success, version: HTTP/1.1)
HTTP/1.1 200 OK
Content-Length: 88
Content-Type: application/json; charset=utf-8
cache-control: no-cache

2023-04-27 17:31:39 DEBUG ChannelManager:270 ? Adding key: http://localhost:19948 for channel [id: 0xcde2eeca, L:/127.0.0.1:56333 - R:localhost/127.0.0.1:19948]
2023-04-27 17:31:39 DEBUG NettyRequestSender:593 ? Using pooled Channel '[id: 0xcde2eeca, L:/127.0.0.1:56333 - R:localhost/127.0.0.1:19948]' for 'POST' to 'http://localhost:19948/session/cbe0d497eee5e1008dfa81701b3264f9/actions'
2023-04-27 17:31:39 DEBUG NettyRequestSender:251 ? Using open Channel [id: 0xcde2eeca, L:/127.0.0.1:56333 - R:localhost/127.0.0.1:19948] for POST '/session/cbe0d497eee5e1008dfa81701b3264f9/actions'
2023-04-27 17:31:39 DEBUG HttpHandler:70 ? 

Request DefaultHttpRequest(decodeResult: success, version: HTTP/1.1)
POST /session/cbe0d497eee5e1008dfa81701b3264f9/actions HTTP/1.1
User-Agent: selenium/4.9.0 (java windows)
Content-Length: 567
Content-Type: application/json; charset=utf-8
host: localhost:19948
accept: */*

Response DefaultHttpResponse(decodeResult: success, version: HTTP/1.1)
HTTP/1.1 200 OK
Content-Length: 14
Content-Type: application/json; charset=utf-8
cache-control: no-cache

2023-04-27 17:31:39 DEBUG ChannelManager:270 ? Adding key: http://localhost:19948 for channel [id: 0xcde2eeca, L:/127.0.0.1:56333 - R:localhost/127.0.0.1:19948]
2023-04-27 17:31:39 DEBUG NettyRequestSender:593 ? Using pooled Channel '[id: 0xcde2eeca, L:/127.0.0.1:56333 - R:localhost/127.0.0.1:19948]' for 'POST' to 'http://localhost:19948/session/cbe0d497eee5e1008dfa81701b3264f9/element'
2023-04-27 17:31:39 DEBUG NettyRequestSender:251 ? Using open Channel [id: 0xcde2eeca, L:/127.0.0.1:56333 - R:localhost/127.0.0.1:19948] for POST '/session/cbe0d497eee5e1008dfa81701b3264f9/element'
2023-04-27 17:31:39 DEBUG HttpHandler:70 ? 

Request DefaultHttpRequest(decodeResult: success, version: HTTP/1.1)
POST /session/cbe0d497eee5e1008dfa81701b3264f9/element HTTP/1.1
User-Agent: selenium/4.9.0 (java windows)
Content-Length: 71
Content-Type: application/json; charset=utf-8
host: localhost:19948
accept: */*

Response DefaultHttpResponse(decodeResult: success, version: HTTP/1.1)
HTTP/1.1 200 OK
Content-Length: 88
Content-Type: application/json; charset=utf-8
cache-control: no-cache

2023-04-27 17:31:39 DEBUG ChannelManager:270 ? Adding key: http://localhost:19948 for channel [id: 0xcde2eeca, L:/127.0.0.1:56333 - R:localhost/127.0.0.1:19948]
2023-04-27 17:31:39 DEBUG NettyRequestSender:593 ? Using pooled Channel '[id: 0xcde2eeca, L:/127.0.0.1:56333 - R:localhost/127.0.0.1:19948]' for 'POST' to 'http://localhost:19948/session/cbe0d497eee5e1008dfa81701b3264f9/actions'
2023-04-27 17:31:39 DEBUG NettyRequestSender:251 ? Using open Channel [id: 0xcde2eeca, L:/127.0.0.1:56333 - R:localhost/127.0.0.1:19948] for POST '/session/cbe0d497eee5e1008dfa81701b3264f9/actions'
2023-04-27 17:31:39 DEBUG HttpHandler:70 ? 

Request DefaultHttpRequest(decodeResult: success, version: HTTP/1.1)
POST /session/cbe0d497eee5e1008dfa81701b3264f9/actions HTTP/1.1
User-Agent: selenium/4.9.0 (java windows)
Content-Length: 567
Content-Type: application/json; charset=utf-8
host: localhost:19948
accept: */*

Response DefaultHttpResponse(decodeResult: success, version: HTTP/1.1)
HTTP/1.1 200 OK
Content-Length: 14
Content-Type: application/json; charset=utf-8
cache-control: no-cache

2023-04-27 17:31:39 DEBUG ChannelManager:270 ? Adding key: http://localhost:19948 for channel [id: 0xcde2eeca, L:/127.0.0.1:56333 - R:localhost/127.0.0.1:19948]
2023-04-27 17:34:45 DEBUG InternalLoggerFactory:63 ? Using SLF4J as the default logging framework
2023-04-27 17:34:45 DEBUG ResourceLeakDetector:129 ? -Dio.netty.leakDetection.level: simple
2023-04-27 17:34:45 DEBUG ResourceLeakDetector:130 ? -Dio.netty.leakDetection.targetRecords: 4
2023-04-27 17:34:45 DEBUG ResourceLeakDetectorFactory:196 ? Loaded default ResourceLeakDetector: io.netty.util.ResourceLeakDetector@28a0fd6c
2023-04-27 17:34:45 DEBUG PlatformDependent0:496 ? -Dio.netty.noUnsafe: false
2023-04-27 17:34:45 DEBUG PlatformDependent0:1000 ? Java version: 19
2023-04-27 17:34:45 DEBUG PlatformDependent0:137 ? sun.misc.Unsafe.theUnsafe: available
2023-04-27 17:34:45 DEBUG PlatformDependent0:161 ? sun.misc.Unsafe.copyMemory: available
2023-04-27 17:34:45 DEBUG PlatformDependent0:193 ? sun.misc.Unsafe.storeFence: available
2023-04-27 17:34:45 DEBUG PlatformDependent0:236 ? java.nio.Buffer.address: available
2023-04-27 17:34:45 DEBUG PlatformDependent0:320 ? direct buffer constructor: unavailable: Reflective setAccessible(true) disabled
2023-04-27 17:34:45 DEBUG PlatformDependent0:385 ? java.nio.Bits.unaligned: available, true
2023-04-27 17:34:45 DEBUG PlatformDependent0:452 ? jdk.internal.misc.Unsafe.allocateUninitializedArray(int): unavailable: class io.netty.util.internal.PlatformDependent0$7 cannot access class jdk.internal.misc.Unsafe (in module java.base) because module java.base does not export jdk.internal.misc to unnamed module @5679c6c6
2023-04-27 17:34:45 DEBUG PlatformDependent0:482 ? java.nio.DirectByteBuffer.<init>(long, int): unavailable
2023-04-27 17:34:45 DEBUG PlatformDependent:1159 ? sun.misc.Unsafe: available
2023-04-27 17:34:45 DEBUG PlatformDependent:1270 ? maxDirectMemory: 5339348992 bytes (maybe)
2023-04-27 17:34:45 DEBUG PlatformDependent:1289 ? -Dio.netty.tmpdir: C:\Users\rohit\AppData\Local\Temp (java.io.tmpdir)
2023-04-27 17:34:45 DEBUG PlatformDependent:1368 ? -Dio.netty.bitMode: 64 (sun.arch.data.model)
2023-04-27 17:34:45 DEBUG PlatformDependent:1119 ? Platform: Windows
2023-04-27 17:34:45 DEBUG PlatformDependent:178 ? -Dio.netty.maxDirectMemory: -1 bytes
2023-04-27 17:34:45 DEBUG PlatformDependent:185 ? -Dio.netty.uninitializedArrayAllocationThreshold: -1
2023-04-27 17:34:45 DEBUG CleanerJava9:71 ? java.nio.ByteBuffer.cleaner(): available
2023-04-27 17:34:45 DEBUG PlatformDependent:205 ? -Dio.netty.noPreferDirect: false
2023-04-27 17:34:45 DEBUG PlatformDependent:1010 ? org.jctools-core.MpscChunkedArrayQueue: available
2023-04-27 17:34:45 DEBUG InternalThreadLocalMap:100 ? -Dio.netty.threadLocalMap.stringBuilder.initialSize: 1024
2023-04-27 17:34:45 DEBUG InternalThreadLocalMap:101 ? -Dio.netty.threadLocalMap.stringBuilder.maxSize: 4096
2023-04-27 17:34:45 DEBUG JdkSslContext:83 ? Default protocols (JDK): [TLSv1.3, TLSv1.2] 
2023-04-27 17:34:45 DEBUG JdkSslContext:84 ? Default cipher suites (JDK): [TLS_ECDHE_ECDSA_WITH_AES_256_GCM_SHA384, TLS_ECDHE_ECDSA_WITH_AES_128_GCM_SHA256, TLS_ECDHE_RSA_WITH_AES_128_GCM_SHA256, TLS_ECDHE_RSA_WITH_AES_256_GCM_SHA384, TLS_ECDHE_RSA_WITH_AES_128_CBC_SHA, TLS_ECDHE_RSA_WITH_AES_256_CBC_SHA, TLS_RSA_WITH_AES_128_GCM_SHA256, TLS_RSA_WITH_AES_128_CBC_SHA, TLS_RSA_WITH_AES_256_CBC_SHA, TLS_AES_128_GCM_SHA256, TLS_AES_256_GCM_SHA384]
2023-04-27 17:34:45 DEBUG GlobalEventExecutor:53 ? -Dio.netty.globalEventExecutor.quietPeriodSeconds: 1
2023-04-27 17:34:45 DEBUG MultithreadEventLoopGroup:44 ? -Dio.netty.eventLoopThreads: 16
2023-04-27 17:34:45 DEBUG NioEventLoop:110 ? -Dio.netty.noKeySetOptimization: false
2023-04-27 17:34:45 DEBUG NioEventLoop:111 ? -Dio.netty.selectorAutoRebuildThreshold: 512
2023-04-27 17:34:45 DEBUG PooledByteBufAllocator:157 ? -Dio.netty.allocator.numHeapArenas: 16
2023-04-27 17:34:45 DEBUG PooledByteBufAllocator:158 ? -Dio.netty.allocator.numDirectArenas: 16
2023-04-27 17:34:45 DEBUG PooledByteBufAllocator:160 ? -Dio.netty.allocator.pageSize: 8192
2023-04-27 17:34:45 DEBUG PooledByteBufAllocator:165 ? -Dio.netty.allocator.maxOrder: 9
2023-04-27 17:34:45 DEBUG PooledByteBufAllocator:169 ? -Dio.netty.allocator.chunkSize: 4194304
2023-04-27 17:34:45 DEBUG PooledByteBufAllocator:170 ? -Dio.netty.allocator.smallCacheSize: 256
2023-04-27 17:34:45 DEBUG PooledByteBufAllocator:171 ? -Dio.netty.allocator.normalCacheSize: 64
2023-04-27 17:34:45 DEBUG PooledByteBufAllocator:172 ? -Dio.netty.allocator.maxCachedBufferCapacity: 32768
2023-04-27 17:34:45 DEBUG PooledByteBufAllocator:173 ? -Dio.netty.allocator.cacheTrimInterval: 8192
2023-04-27 17:34:45 DEBUG PooledByteBufAllocator:174 ? -Dio.netty.allocator.cacheTrimIntervalMillis: 0
2023-04-27 17:34:45 DEBUG PooledByteBufAllocator:175 ? -Dio.netty.allocator.useCacheForAllThreads: false
2023-04-27 17:34:45 DEBUG PooledByteBufAllocator:176 ? -Dio.netty.allocator.maxCachedByteBuffersPerChunk: 1023
2023-04-27 17:34:45 DEBUG ByteBufUtil:88 ? -Dio.netty.allocator.type: pooled
2023-04-27 17:34:45 DEBUG ByteBufUtil:97 ? -Dio.netty.threadLocalDirectBufferSize: 0
2023-04-27 17:34:45 DEBUG ByteBufUtil:100 ? -Dio.netty.maxThreadLocalCharBufferSize: 16384
2023-04-27 17:34:46 DEBUG DefaultChannelId:79 ? -Dio.netty.processId: 33008 (auto-detected)
2023-04-27 17:34:46 DEBUG NetUtil:148 ? -Djava.net.preferIPv4Stack: false
2023-04-27 17:34:46 DEBUG NetUtil:149 ? -Djava.net.preferIPv6Addresses: false
2023-04-27 17:34:46 DEBUG NetUtilInitializations:145 ? Loopback interface: lo (Software Loopback Interface 1, 127.0.0.1)
2023-04-27 17:34:46 DEBUG NetUtil:206 ? Failed to get SOMAXCONN from sysctl and file \proc\sys\net\core\somaxconn. Default: 200
2023-04-27 17:34:46 DEBUG DefaultChannelId:101 ? -Dio.netty.machineId: 70:c9:4e:ff:fe:a9:98:9d (auto-detected)
2023-04-27 17:34:46 DEBUG AbstractByteBuf:63 ? -Dio.netty.buffer.checkAccessible: true
2023-04-27 17:34:46 DEBUG AbstractByteBuf:64 ? -Dio.netty.buffer.checkBounds: true
2023-04-27 17:34:46 DEBUG ResourceLeakDetectorFactory:196 ? Loaded default ResourceLeakDetector: io.netty.util.ResourceLeakDetector@55d6e8d2
2023-04-27 17:34:46 DEBUG NettyConnectListener:73 ? Using new Channel '[id: 0x03d48dd9, L:/127.0.0.1:56786 - R:localhost/127.0.0.1:11101]' for 'POST' to '/session'
2023-04-27 17:34:46 DEBUG Recycler:96 ? -Dio.netty.recycler.maxCapacityPerThread: 4096
2023-04-27 17:34:46 DEBUG Recycler:97 ? -Dio.netty.recycler.ratio: 8
2023-04-27 17:34:46 DEBUG Recycler:98 ? -Dio.netty.recycler.chunkSize: 32
2023-04-27 17:34:46 DEBUG Recycler:99 ? -Dio.netty.recycler.blocking: false
2023-04-27 17:34:46 DEBUG Recycler:100 ? -Dio.netty.recycler.batchFastThreadLocalOnly: true
2023-04-27 17:34:48 DEBUG Brotli:38 ? brotli4j not in the classpath; Brotli support will be unavailable.
2023-04-27 17:34:48 DEBUG HttpHandler:70 ? 

Request DefaultHttpRequest(decodeResult: success, version: HTTP/1.1)
POST /session HTTP/1.1
User-Agent: selenium/4.9.0 (java windows)
Content-Length: 254
Content-Type: application/json; charset=utf-8
host: localhost:11101
accept: */*

Response DefaultHttpResponse(decodeResult: success, version: HTTP/1.1)
HTTP/1.1 200 OK
Content-Length: 858
Content-Type: application/json; charset=utf-8
cache-control: no-cache

2023-04-27 17:34:48 DEBUG ChannelManager:270 ? Adding key: http://localhost:11101 for channel [id: 0x03d48dd9, L:/127.0.0.1:56786 - R:localhost/127.0.0.1:11101]
2023-04-27 17:34:48 DEBUG NettyConnectListener:73 ? Using new Channel '[id: 0x2f87e545, L:/127.0.0.1:56810 - R:localhost/127.0.0.1:56793]' for 'GET' to '/json/version'
2023-04-27 17:34:48 DEBUG HttpHandler:70 ? 

Request DefaultFullHttpRequest(decodeResult: success, version: HTTP/1.1, content: EmptyByteBufBE)
GET /json/version HTTP/1.1
User-Agent: selenium/4.9.0 (java windows)
host: localhost:56793
accept: */*

Response DefaultHttpResponse(decodeResult: success, version: HTTP/1.1)
HTTP/1.1 200 OK
Content-Security-Policy: frame-ancestors 'none'
Content-Length: 424
Content-Type: application/json; charset=UTF-8

2023-04-27 17:34:48 DEBUG ChannelManager:270 ? Adding key: http://localhost:56793 for channel [id: 0x2f87e545, L:/127.0.0.1:56810 - R:localhost/127.0.0.1:56793]
2023-04-27 17:34:48 DEBUG ThreadLocalRandom:214 ? -Dio.netty.initialSeedUniquifier: 0x2b779104e4dfedb4
2023-04-27 17:34:48 DEBUG NettyConnectListener:73 ? Using new Channel '[id: 0x9e8d60a8, L:/127.0.0.1:56811 - R:localhost/127.0.0.1:56793]' for 'GET' to '/devtools/browser/d998c7b3-e76c-4fb7-aa2c-603d519f0050'
2023-04-27 17:34:48 DEBUG WebSocketHandler:105 ? 

Request DefaultFullHttpRequest(decodeResult: success, version: HTTP/1.1, content: EmptyByteBufBE)
GET /devtools/browser/d998c7b3-e76c-4fb7-aa2c-603d519f0050 HTTP/1.1
upgrade: websocket
connection: upgrade
sec-websocket-key: J0s1UYqvUI1lhq74RcGqgw==
sec-websocket-version: 13
origin: http://localhost:56793
host: localhost:56793
accept: */*
user-agent: AHC/2.1

Response DefaultHttpResponse(decodeResult: success, version: HTTP/1.1)
HTTP/1.1 101 WebSocket Protocol Handshake
Upgrade: WebSocket
Connection: Upgrade
Sec-WebSocket-Accept: NquI+Ljq9qCWe4jKp7LlHcHgtY0=

2023-04-27 17:34:48 DEBUG NettyRequestSender:593 ? Using pooled Channel '[id: 0x03d48dd9, L:/127.0.0.1:56786 - R:localhost/127.0.0.1:11101]' for 'POST' to 'http://localhost:11101/session/78712e890966852246fb9b7755bd8cea/window/maximize'
2023-04-27 17:34:48 DEBUG NettyRequestSender:251 ? Using open Channel [id: 0x03d48dd9, L:/127.0.0.1:56786 - R:localhost/127.0.0.1:11101] for POST '/session/78712e890966852246fb9b7755bd8cea/window/maximize'
2023-04-27 17:34:48 DEBUG HttpHandler:70 ? 

Request DefaultHttpRequest(decodeResult: success, version: HTTP/1.1)
POST /session/78712e890966852246fb9b7755bd8cea/window/maximize HTTP/1.1
User-Agent: selenium/4.9.0 (java windows)
Content-Length: 3
Content-Type: application/json; charset=utf-8
host: localhost:11101
accept: */*

Response DefaultHttpResponse(decodeResult: success, version: HTTP/1.1)
HTTP/1.1 200 OK
Content-Length: 52
Content-Type: application/json; charset=utf-8
cache-control: no-cache

2023-04-27 17:34:48 DEBUG ChannelManager:270 ? Adding key: http://localhost:11101 for channel [id: 0x03d48dd9, L:/127.0.0.1:56786 - R:localhost/127.0.0.1:11101]
2023-04-27 17:34:48 DEBUG NettyRequestSender:593 ? Using pooled Channel '[id: 0x03d48dd9, L:/127.0.0.1:56786 - R:localhost/127.0.0.1:11101]' for 'POST' to 'http://localhost:11101/session/78712e890966852246fb9b7755bd8cea/timeouts'
2023-04-27 17:34:48 DEBUG NettyRequestSender:251 ? Using open Channel [id: 0x03d48dd9, L:/127.0.0.1:56786 - R:localhost/127.0.0.1:11101] for POST '/session/78712e890966852246fb9b7755bd8cea/timeouts'
2023-04-27 17:34:48 DEBUG HttpHandler:70 ? 

Request DefaultHttpRequest(decodeResult: success, version: HTTP/1.1)
POST /session/78712e890966852246fb9b7755bd8cea/timeouts HTTP/1.1
User-Agent: selenium/4.9.0 (java windows)
Content-Length: 23
Content-Type: application/json; charset=utf-8
host: localhost:11101
accept: */*

Response DefaultHttpResponse(decodeResult: success, version: HTTP/1.1)
HTTP/1.1 200 OK
Content-Length: 14
Content-Type: application/json; charset=utf-8
cache-control: no-cache

2023-04-27 17:34:48 DEBUG ChannelManager:270 ? Adding key: http://localhost:11101 for channel [id: 0x03d48dd9, L:/127.0.0.1:56786 - R:localhost/127.0.0.1:11101]
2023-04-27 17:34:48 DEBUG NettyRequestSender:593 ? Using pooled Channel '[id: 0x03d48dd9, L:/127.0.0.1:56786 - R:localhost/127.0.0.1:11101]' for 'POST' to 'http://localhost:11101/session/78712e890966852246fb9b7755bd8cea/url'
2023-04-27 17:34:48 DEBUG NettyRequestSender:251 ? Using open Channel [id: 0x03d48dd9, L:/127.0.0.1:56786 - R:localhost/127.0.0.1:11101] for POST '/session/78712e890966852246fb9b7755bd8cea/url'
2023-04-27 17:34:49 DEBUG DefaultChannelPool:348 ? Entry count for : http://localhost:56793 : 1
2023-04-27 17:34:49 DEBUG HttpHandler:70 ? 

Request DefaultHttpRequest(decodeResult: success, version: HTTP/1.1)
POST /session/78712e890966852246fb9b7755bd8cea/url HTTP/1.1
User-Agent: selenium/4.9.0 (java windows)
Content-Length: 59
Content-Type: application/json; charset=utf-8
host: localhost:11101
accept: */*

Response DefaultHttpResponse(decodeResult: success, version: HTTP/1.1)
HTTP/1.1 200 OK
Content-Length: 14
Content-Type: application/json; charset=utf-8
cache-control: no-cache

2023-04-27 17:34:49 DEBUG ChannelManager:270 ? Adding key: http://localhost:11101 for channel [id: 0x03d48dd9, L:/127.0.0.1:56786 - R:localhost/127.0.0.1:11101]
2023-04-27 17:34:49 DEBUG NettyRequestSender:593 ? Using pooled Channel '[id: 0x03d48dd9, L:/127.0.0.1:56786 - R:localhost/127.0.0.1:11101]' for 'POST' to 'http://localhost:11101/session/78712e890966852246fb9b7755bd8cea/element'
2023-04-27 17:34:49 DEBUG NettyRequestSender:251 ? Using open Channel [id: 0x03d48dd9, L:/127.0.0.1:56786 - R:localhost/127.0.0.1:11101] for POST '/session/78712e890966852246fb9b7755bd8cea/element'
2023-04-27 17:34:49 DEBUG HttpHandler:70 ? 

Request DefaultHttpRequest(decodeResult: success, version: HTTP/1.1)
POST /session/78712e890966852246fb9b7755bd8cea/element HTTP/1.1
User-Agent: selenium/4.9.0 (java windows)
Content-Length: 72
Content-Type: application/json; charset=utf-8
host: localhost:11101
accept: */*

Response DefaultHttpResponse(decodeResult: success, version: HTTP/1.1)
HTTP/1.1 200 OK
Content-Length: 88
Content-Type: application/json; charset=utf-8
cache-control: no-cache

2023-04-27 17:34:49 DEBUG ChannelManager:270 ? Adding key: http://localhost:11101 for channel [id: 0x03d48dd9, L:/127.0.0.1:56786 - R:localhost/127.0.0.1:11101]
2023-04-27 17:34:49 DEBUG NettyRequestSender:593 ? Using pooled Channel '[id: 0x03d48dd9, L:/127.0.0.1:56786 - R:localhost/127.0.0.1:11101]' for 'POST' to 'http://localhost:11101/session/78712e890966852246fb9b7755bd8cea/execute/sync'
2023-04-27 17:34:49 DEBUG NettyRequestSender:251 ? Using open Channel [id: 0x03d48dd9, L:/127.0.0.1:56786 - R:localhost/127.0.0.1:11101] for POST '/session/78712e890966852246fb9b7755bd8cea/execute/sync'
2023-04-27 17:34:49 DEBUG HttpHandler:70 ? 

Request DefaultHttpRequest(decodeResult: success, version: HTTP/1.1)
POST /session/78712e890966852246fb9b7755bd8cea/execute/sync HTTP/1.1
User-Agent: selenium/4.9.0 (java windows)
Content-Length: 48807
Content-Type: application/json; charset=utf-8
host: localhost:11101
accept: */*

Response DefaultHttpResponse(decodeResult: success, version: HTTP/1.1)
HTTP/1.1 200 OK
Content-Length: 14
Content-Type: application/json; charset=utf-8
cache-control: no-cache

2023-04-27 17:34:49 DEBUG ChannelManager:270 ? Adding key: http://localhost:11101 for channel [id: 0x03d48dd9, L:/127.0.0.1:56786 - R:localhost/127.0.0.1:11101]
2023-04-27 17:34:49 DEBUG NettyRequestSender:593 ? Using pooled Channel '[id: 0x03d48dd9, L:/127.0.0.1:56786 - R:localhost/127.0.0.1:11101]' for 'POST' to 'http://localhost:11101/session/78712e890966852246fb9b7755bd8cea/element'
2023-04-27 17:34:49 DEBUG NettyRequestSender:251 ? Using open Channel [id: 0x03d48dd9, L:/127.0.0.1:56786 - R:localhost/127.0.0.1:11101] for POST '/session/78712e890966852246fb9b7755bd8cea/element'
2023-04-27 17:34:49 DEBUG HttpHandler:70 ? 

Request DefaultHttpRequest(decodeResult: success, version: HTTP/1.1)
POST /session/78712e890966852246fb9b7755bd8cea/element HTTP/1.1
User-Agent: selenium/4.9.0 (java windows)
Content-Length: 69
Content-Type: application/json; charset=utf-8
host: localhost:11101
accept: */*

Response DefaultHttpResponse(decodeResult: success, version: HTTP/1.1)
HTTP/1.1 200 OK
Content-Length: 88
Content-Type: application/json; charset=utf-8
cache-control: no-cache

2023-04-27 17:34:49 DEBUG ChannelManager:270 ? Adding key: http://localhost:11101 for channel [id: 0x03d48dd9, L:/127.0.0.1:56786 - R:localhost/127.0.0.1:11101]
2023-04-27 17:34:49 DEBUG NettyRequestSender:593 ? Using pooled Channel '[id: 0x03d48dd9, L:/127.0.0.1:56786 - R:localhost/127.0.0.1:11101]' for 'POST' to 'http://localhost:11101/session/78712e890966852246fb9b7755bd8cea/execute/sync'
2023-04-27 17:34:49 DEBUG NettyRequestSender:251 ? Using open Channel [id: 0x03d48dd9, L:/127.0.0.1:56786 - R:localhost/127.0.0.1:11101] for POST '/session/78712e890966852246fb9b7755bd8cea/execute/sync'
2023-04-27 17:34:49 DEBUG HttpHandler:70 ? 

Request DefaultHttpRequest(decodeResult: success, version: HTTP/1.1)
POST /session/78712e890966852246fb9b7755bd8cea/execute/sync HTTP/1.1
User-Agent: selenium/4.9.0 (java windows)
Content-Length: 48807
Content-Type: application/json; charset=utf-8
host: localhost:11101
accept: */*

Response DefaultHttpResponse(decodeResult: success, version: HTTP/1.1)
HTTP/1.1 200 OK
Content-Length: 14
Content-Type: application/json; charset=utf-8
cache-control: no-cache

2023-04-27 17:34:49 DEBUG ChannelManager:270 ? Adding key: http://localhost:11101 for channel [id: 0x03d48dd9, L:/127.0.0.1:56786 - R:localhost/127.0.0.1:11101]
2023-04-27 17:34:50 DEBUG NettyRequestSender:593 ? Using pooled Channel '[id: 0x03d48dd9, L:/127.0.0.1:56786 - R:localhost/127.0.0.1:11101]' for 'POST' to 'http://localhost:11101/session/78712e890966852246fb9b7755bd8cea/element'
2023-04-27 17:34:50 DEBUG NettyRequestSender:251 ? Using open Channel [id: 0x03d48dd9, L:/127.0.0.1:56786 - R:localhost/127.0.0.1:11101] for POST '/session/78712e890966852246fb9b7755bd8cea/element'
2023-04-27 17:34:50 DEBUG HttpHandler:70 ? 

Request DefaultHttpRequest(decodeResult: success, version: HTTP/1.1)
POST /session/78712e890966852246fb9b7755bd8cea/element HTTP/1.1
User-Agent: selenium/4.9.0 (java windows)
Content-Length: 71
Content-Type: application/json; charset=utf-8
host: localhost:11101
accept: */*

Response DefaultHttpResponse(decodeResult: success, version: HTTP/1.1)
HTTP/1.1 200 OK
Content-Length: 88
Content-Type: application/json; charset=utf-8
cache-control: no-cache

2023-04-27 17:34:50 DEBUG ChannelManager:270 ? Adding key: http://localhost:11101 for channel [id: 0x03d48dd9, L:/127.0.0.1:56786 - R:localhost/127.0.0.1:11101]
2023-04-27 17:34:50 DEBUG NettyRequestSender:593 ? Using pooled Channel '[id: 0x03d48dd9, L:/127.0.0.1:56786 - R:localhost/127.0.0.1:11101]' for 'POST' to 'http://localhost:11101/session/78712e890966852246fb9b7755bd8cea/execute/sync'
2023-04-27 17:34:50 DEBUG NettyRequestSender:251 ? Using open Channel [id: 0x03d48dd9, L:/127.0.0.1:56786 - R:localhost/127.0.0.1:11101] for POST '/session/78712e890966852246fb9b7755bd8cea/execute/sync'
2023-04-27 17:34:50 DEBUG HttpHandler:70 ? 

Request DefaultHttpRequest(decodeResult: success, version: HTTP/1.1)
POST /session/78712e890966852246fb9b7755bd8cea/execute/sync HTTP/1.1
User-Agent: selenium/4.9.0 (java windows)
Content-Length: 48807
Content-Type: application/json; charset=utf-8
host: localhost:11101
accept: */*

Response DefaultHttpResponse(decodeResult: success, version: HTTP/1.1)
HTTP/1.1 200 OK
Content-Length: 14
Content-Type: application/json; charset=utf-8
cache-control: no-cache

2023-04-27 17:34:50 DEBUG ChannelManager:270 ? Adding key: http://localhost:11101 for channel [id: 0x03d48dd9, L:/127.0.0.1:56786 - R:localhost/127.0.0.1:11101]
2023-04-27 17:34:50 DEBUG NettyRequestSender:593 ? Using pooled Channel '[id: 0x03d48dd9, L:/127.0.0.1:56786 - R:localhost/127.0.0.1:11101]' for 'POST' to 'http://localhost:11101/session/78712e890966852246fb9b7755bd8cea/element'
2023-04-27 17:34:50 DEBUG NettyRequestSender:251 ? Using open Channel [id: 0x03d48dd9, L:/127.0.0.1:56786 - R:localhost/127.0.0.1:11101] for POST '/session/78712e890966852246fb9b7755bd8cea/element'
2023-04-27 17:34:50 DEBUG HttpHandler:70 ? 

Request DefaultHttpRequest(decodeResult: success, version: HTTP/1.1)
POST /session/78712e890966852246fb9b7755bd8cea/element HTTP/1.1
User-Agent: selenium/4.9.0 (java windows)
Content-Length: 72
Content-Type: application/json; charset=utf-8
host: localhost:11101
accept: */*

Response DefaultHttpResponse(decodeResult: success, version: HTTP/1.1)
HTTP/1.1 200 OK
Content-Length: 88
Content-Type: application/json; charset=utf-8
cache-control: no-cache

2023-04-27 17:34:50 DEBUG ChannelManager:270 ? Adding key: http://localhost:11101 for channel [id: 0x03d48dd9, L:/127.0.0.1:56786 - R:localhost/127.0.0.1:11101]
2023-04-27 17:34:50 DEBUG NettyRequestSender:593 ? Using pooled Channel '[id: 0x03d48dd9, L:/127.0.0.1:56786 - R:localhost/127.0.0.1:11101]' for 'POST' to 'http://localhost:11101/session/78712e890966852246fb9b7755bd8cea/execute/sync'
2023-04-27 17:34:50 DEBUG NettyRequestSender:251 ? Using open Channel [id: 0x03d48dd9, L:/127.0.0.1:56786 - R:localhost/127.0.0.1:11101] for POST '/session/78712e890966852246fb9b7755bd8cea/execute/sync'
2023-04-27 17:34:50 DEBUG HttpHandler:70 ? 

Request DefaultHttpRequest(decodeResult: success, version: HTTP/1.1)
POST /session/78712e890966852246fb9b7755bd8cea/execute/sync HTTP/1.1
User-Agent: selenium/4.9.0 (java windows)
Content-Length: 48807
Content-Type: application/json; charset=utf-8
host: localhost:11101
accept: */*

Response DefaultHttpResponse(decodeResult: success, version: HTTP/1.1)
HTTP/1.1 200 OK
Content-Length: 14
Content-Type: application/json; charset=utf-8
cache-control: no-cache

2023-04-27 17:34:50 DEBUG ChannelManager:270 ? Adding key: http://localhost:11101 for channel [id: 0x03d48dd9, L:/127.0.0.1:56786 - R:localhost/127.0.0.1:11101]
2023-04-27 17:34:50 DEBUG NettyRequestSender:593 ? Using pooled Channel '[id: 0x03d48dd9, L:/127.0.0.1:56786 - R:localhost/127.0.0.1:11101]' for 'POST' to 'http://localhost:11101/session/78712e890966852246fb9b7755bd8cea/element'
2023-04-27 17:34:50 DEBUG NettyRequestSender:251 ? Using open Channel [id: 0x03d48dd9, L:/127.0.0.1:56786 - R:localhost/127.0.0.1:11101] for POST '/session/78712e890966852246fb9b7755bd8cea/element'
2023-04-27 17:34:50 DEBUG HttpHandler:70 ? 

Request DefaultHttpRequest(decodeResult: success, version: HTTP/1.1)
POST /session/78712e890966852246fb9b7755bd8cea/element HTTP/1.1
User-Agent: selenium/4.9.0 (java windows)
Content-Length: 69
Content-Type: application/json; charset=utf-8
host: localhost:11101
accept: */*

Response DefaultHttpResponse(decodeResult: success, version: HTTP/1.1)
HTTP/1.1 200 OK
Content-Length: 88
Content-Type: application/json; charset=utf-8
cache-control: no-cache

2023-04-27 17:34:50 DEBUG ChannelManager:270 ? Adding key: http://localhost:11101 for channel [id: 0x03d48dd9, L:/127.0.0.1:56786 - R:localhost/127.0.0.1:11101]
2023-04-27 17:34:50 DEBUG DefaultChannelPool:348 ? Entry count for : http://localhost:11101 : 1
2023-04-27 17:34:50 DEBUG DefaultChannelPool:348 ? Entry count for : http://localhost:56793 : 1
2023-04-27 17:34:50 DEBUG NettyRequestSender:593 ? Using pooled Channel '[id: 0x03d48dd9, L:/127.0.0.1:56786 - R:localhost/127.0.0.1:11101]' for 'POST' to 'http://localhost:11101/session/78712e890966852246fb9b7755bd8cea/execute/sync'
2023-04-27 17:34:50 DEBUG NettyRequestSender:251 ? Using open Channel [id: 0x03d48dd9, L:/127.0.0.1:56786 - R:localhost/127.0.0.1:11101] for POST '/session/78712e890966852246fb9b7755bd8cea/execute/sync'
2023-04-27 17:34:50 DEBUG HttpHandler:70 ? 

Request DefaultHttpRequest(decodeResult: success, version: HTTP/1.1)
POST /session/78712e890966852246fb9b7755bd8cea/execute/sync HTTP/1.1
User-Agent: selenium/4.9.0 (java windows)
Content-Length: 48807
Content-Type: application/json; charset=utf-8
host: localhost:11101
accept: */*

Response DefaultHttpResponse(decodeResult: success, version: HTTP/1.1)
HTTP/1.1 200 OK
Content-Length: 14
Content-Type: application/json; charset=utf-8
cache-control: no-cache

2023-04-27 17:34:50 DEBUG ChannelManager:270 ? Adding key: http://localhost:11101 for channel [id: 0x03d48dd9, L:/127.0.0.1:56786 - R:localhost/127.0.0.1:11101]
2023-04-27 17:34:50 DEBUG NettyRequestSender:593 ? Using pooled Channel '[id: 0x03d48dd9, L:/127.0.0.1:56786 - R:localhost/127.0.0.1:11101]' for 'POST' to 'http://localhost:11101/session/78712e890966852246fb9b7755bd8cea/element'
2023-04-27 17:34:50 DEBUG NettyRequestSender:251 ? Using open Channel [id: 0x03d48dd9, L:/127.0.0.1:56786 - R:localhost/127.0.0.1:11101] for POST '/session/78712e890966852246fb9b7755bd8cea/element'
2023-04-27 17:34:50 DEBUG HttpHandler:70 ? 

Request DefaultHttpRequest(decodeResult: success, version: HTTP/1.1)
POST /session/78712e890966852246fb9b7755bd8cea/element HTTP/1.1
User-Agent: selenium/4.9.0 (java windows)
Content-Length: 71
Content-Type: application/json; charset=utf-8
host: localhost:11101
accept: */*

Response DefaultHttpResponse(decodeResult: success, version: HTTP/1.1)
HTTP/1.1 200 OK
Content-Length: 88
Content-Type: application/json; charset=utf-8
cache-control: no-cache

2023-04-27 17:34:50 DEBUG ChannelManager:270 ? Adding key: http://localhost:11101 for channel [id: 0x03d48dd9, L:/127.0.0.1:56786 - R:localhost/127.0.0.1:11101]
2023-04-27 17:34:50 DEBUG NettyRequestSender:593 ? Using pooled Channel '[id: 0x03d48dd9, L:/127.0.0.1:56786 - R:localhost/127.0.0.1:11101]' for 'POST' to 'http://localhost:11101/session/78712e890966852246fb9b7755bd8cea/execute/sync'
2023-04-27 17:34:50 DEBUG NettyRequestSender:251 ? Using open Channel [id: 0x03d48dd9, L:/127.0.0.1:56786 - R:localhost/127.0.0.1:11101] for POST '/session/78712e890966852246fb9b7755bd8cea/execute/sync'
2023-04-27 17:34:50 DEBUG HttpHandler:70 ? 

Request DefaultHttpRequest(decodeResult: success, version: HTTP/1.1)
POST /session/78712e890966852246fb9b7755bd8cea/execute/sync HTTP/1.1
User-Agent: selenium/4.9.0 (java windows)
Content-Length: 48807
Content-Type: application/json; charset=utf-8
host: localhost:11101
accept: */*

Response DefaultHttpResponse(decodeResult: success, version: HTTP/1.1)
HTTP/1.1 200 OK
Content-Length: 14
Content-Type: application/json; charset=utf-8
cache-control: no-cache

2023-04-27 17:34:50 DEBUG ChannelManager:270 ? Adding key: http://localhost:11101 for channel [id: 0x03d48dd9, L:/127.0.0.1:56786 - R:localhost/127.0.0.1:11101]
2023-04-27 17:34:50 DEBUG NettyRequestSender:593 ? Using pooled Channel '[id: 0x03d48dd9, L:/127.0.0.1:56786 - R:localhost/127.0.0.1:11101]' for 'POST' to 'http://localhost:11101/session/78712e890966852246fb9b7755bd8cea/element'
2023-04-27 17:34:50 DEBUG NettyRequestSender:251 ? Using open Channel [id: 0x03d48dd9, L:/127.0.0.1:56786 - R:localhost/127.0.0.1:11101] for POST '/session/78712e890966852246fb9b7755bd8cea/element'
2023-04-27 17:34:50 DEBUG HttpHandler:70 ? 

Request DefaultHttpRequest(decodeResult: success, version: HTTP/1.1)
POST /session/78712e890966852246fb9b7755bd8cea/element HTTP/1.1
User-Agent: selenium/4.9.0 (java windows)
Content-Length: 69
Content-Type: application/json; charset=utf-8
host: localhost:11101
accept: */*

Response DefaultHttpResponse(decodeResult: success, version: HTTP/1.1)
HTTP/1.1 200 OK
Content-Length: 88
Content-Type: application/json; charset=utf-8
cache-control: no-cache

2023-04-27 17:34:50 DEBUG ChannelManager:270 ? Adding key: http://localhost:11101 for channel [id: 0x03d48dd9, L:/127.0.0.1:56786 - R:localhost/127.0.0.1:11101]
2023-04-27 17:34:50 DEBUG NettyRequestSender:593 ? Using pooled Channel '[id: 0x03d48dd9, L:/127.0.0.1:56786 - R:localhost/127.0.0.1:11101]' for 'POST' to 'http://localhost:11101/session/78712e890966852246fb9b7755bd8cea/actions'
2023-04-27 17:34:50 DEBUG NettyRequestSender:251 ? Using open Channel [id: 0x03d48dd9, L:/127.0.0.1:56786 - R:localhost/127.0.0.1:11101] for POST '/session/78712e890966852246fb9b7755bd8cea/actions'
2023-04-27 17:34:50 DEBUG HttpHandler:70 ? 

Request DefaultHttpRequest(decodeResult: success, version: HTTP/1.1)
POST /session/78712e890966852246fb9b7755bd8cea/actions HTTP/1.1
User-Agent: selenium/4.9.0 (java windows)
Content-Length: 2027
Content-Type: application/json; charset=utf-8
host: localhost:11101
accept: */*

Response DefaultHttpResponse(decodeResult: success, version: HTTP/1.1)
HTTP/1.1 200 OK
Content-Length: 14
Content-Type: application/json; charset=utf-8
cache-control: no-cache

2023-04-27 17:34:50 DEBUG ChannelManager:270 ? Adding key: http://localhost:11101 for channel [id: 0x03d48dd9, L:/127.0.0.1:56786 - R:localhost/127.0.0.1:11101]
2023-04-27 17:34:50 DEBUG NettyRequestSender:593 ? Using pooled Channel '[id: 0x03d48dd9, L:/127.0.0.1:56786 - R:localhost/127.0.0.1:11101]' for 'POST' to 'http://localhost:11101/session/78712e890966852246fb9b7755bd8cea/element'
2023-04-27 17:34:50 DEBUG NettyRequestSender:251 ? Using open Channel [id: 0x03d48dd9, L:/127.0.0.1:56786 - R:localhost/127.0.0.1:11101] for POST '/session/78712e890966852246fb9b7755bd8cea/element'
2023-04-27 17:34:50 DEBUG HttpHandler:70 ? 

Request DefaultHttpRequest(decodeResult: success, version: HTTP/1.1)
POST /session/78712e890966852246fb9b7755bd8cea/element HTTP/1.1
User-Agent: selenium/4.9.0 (java windows)
Content-Length: 72
Content-Type: application/json; charset=utf-8
host: localhost:11101
accept: */*

Response DefaultHttpResponse(decodeResult: success, version: HTTP/1.1)
HTTP/1.1 200 OK
Content-Length: 88
Content-Type: application/json; charset=utf-8
cache-control: no-cache

2023-04-27 17:34:50 DEBUG ChannelManager:270 ? Adding key: http://localhost:11101 for channel [id: 0x03d48dd9, L:/127.0.0.1:56786 - R:localhost/127.0.0.1:11101]
2023-04-27 17:34:50 DEBUG NettyRequestSender:593 ? Using pooled Channel '[id: 0x03d48dd9, L:/127.0.0.1:56786 - R:localhost/127.0.0.1:11101]' for 'POST' to 'http://localhost:11101/session/78712e890966852246fb9b7755bd8cea/actions'
2023-04-27 17:34:50 DEBUG NettyRequestSender:251 ? Using open Channel [id: 0x03d48dd9, L:/127.0.0.1:56786 - R:localhost/127.0.0.1:11101] for POST '/session/78712e890966852246fb9b7755bd8cea/actions'
2023-04-27 17:34:50 DEBUG HttpHandler:70 ? 

Request DefaultHttpRequest(decodeResult: success, version: HTTP/1.1)
POST /session/78712e890966852246fb9b7755bd8cea/actions HTTP/1.1
User-Agent: selenium/4.9.0 (java windows)
Content-Length: 567
Content-Type: application/json; charset=utf-8
host: localhost:11101
accept: */*

Response DefaultHttpResponse(decodeResult: success, version: HTTP/1.1)
HTTP/1.1 200 OK
Content-Length: 14
Content-Type: application/json; charset=utf-8
cache-control: no-cache

2023-04-27 17:34:50 DEBUG ChannelManager:270 ? Adding key: http://localhost:11101 for channel [id: 0x03d48dd9, L:/127.0.0.1:56786 - R:localhost/127.0.0.1:11101]
2023-04-27 17:34:50 DEBUG NettyRequestSender:593 ? Using pooled Channel '[id: 0x03d48dd9, L:/127.0.0.1:56786 - R:localhost/127.0.0.1:11101]' for 'POST' to 'http://localhost:11101/session/78712e890966852246fb9b7755bd8cea/element'
2023-04-27 17:34:50 DEBUG NettyRequestSender:251 ? Using open Channel [id: 0x03d48dd9, L:/127.0.0.1:56786 - R:localhost/127.0.0.1:11101] for POST '/session/78712e890966852246fb9b7755bd8cea/element'
2023-04-27 17:34:50 DEBUG HttpHandler:70 ? 

Request DefaultHttpRequest(decodeResult: success, version: HTTP/1.1)
POST /session/78712e890966852246fb9b7755bd8cea/element HTTP/1.1
User-Agent: selenium/4.9.0 (java windows)
Content-Length: 71
Content-Type: application/json; charset=utf-8
host: localhost:11101
accept: */*

Response DefaultHttpResponse(decodeResult: success, version: HTTP/1.1)
HTTP/1.1 200 OK
Content-Length: 88
Content-Type: application/json; charset=utf-8
cache-control: no-cache

2023-04-27 17:34:50 DEBUG ChannelManager:270 ? Adding key: http://localhost:11101 for channel [id: 0x03d48dd9, L:/127.0.0.1:56786 - R:localhost/127.0.0.1:11101]
2023-04-27 17:34:50 DEBUG NettyRequestSender:593 ? Using pooled Channel '[id: 0x03d48dd9, L:/127.0.0.1:56786 - R:localhost/127.0.0.1:11101]' for 'POST' to 'http://localhost:11101/session/78712e890966852246fb9b7755bd8cea/actions'
2023-04-27 17:34:50 DEBUG NettyRequestSender:251 ? Using open Channel [id: 0x03d48dd9, L:/127.0.0.1:56786 - R:localhost/127.0.0.1:11101] for POST '/session/78712e890966852246fb9b7755bd8cea/actions'
2023-04-27 17:34:50 DEBUG HttpHandler:70 ? 

Request DefaultHttpRequest(decodeResult: success, version: HTTP/1.1)
POST /session/78712e890966852246fb9b7755bd8cea/actions HTTP/1.1
User-Agent: selenium/4.9.0 (java windows)
Content-Length: 567
Content-Type: application/json; charset=utf-8
host: localhost:11101
accept: */*

Response DefaultHttpResponse(decodeResult: success, version: HTTP/1.1)
HTTP/1.1 200 OK
Content-Length: 14
Content-Type: application/json; charset=utf-8
cache-control: no-cache

2023-04-27 17:34:50 DEBUG ChannelManager:270 ? Adding key: http://localhost:11101 for channel [id: 0x03d48dd9, L:/127.0.0.1:56786 - R:localhost/127.0.0.1:11101]
2023-04-27 17:34:50 DEBUG NettyRequestSender:593 ? Using pooled Channel '[id: 0x03d48dd9, L:/127.0.0.1:56786 - R:localhost/127.0.0.1:11101]' for 'POST' to 'http://localhost:11101/session/78712e890966852246fb9b7755bd8cea/element'
2023-04-27 17:34:50 DEBUG NettyRequestSender:251 ? Using open Channel [id: 0x03d48dd9, L:/127.0.0.1:56786 - R:localhost/127.0.0.1:11101] for POST '/session/78712e890966852246fb9b7755bd8cea/element'
2023-04-27 17:34:50 DEBUG HttpHandler:70 ? 

Request DefaultHttpRequest(decodeResult: success, version: HTTP/1.1)
POST /session/78712e890966852246fb9b7755bd8cea/element HTTP/1.1
User-Agent: selenium/4.9.0 (java windows)
Content-Length: 69
Content-Type: application/json; charset=utf-8
host: localhost:11101
accept: */*

Response DefaultHttpResponse(decodeResult: success, version: HTTP/1.1)
HTTP/1.1 200 OK
Content-Length: 88
Content-Type: application/json; charset=utf-8
cache-control: no-cache

2023-04-27 17:34:50 DEBUG ChannelManager:270 ? Adding key: http://localhost:11101 for channel [id: 0x03d48dd9, L:/127.0.0.1:56786 - R:localhost/127.0.0.1:11101]
2023-04-27 17:34:50 DEBUG NettyRequestSender:593 ? Using pooled Channel '[id: 0x03d48dd9, L:/127.0.0.1:56786 - R:localhost/127.0.0.1:11101]' for 'POST' to 'http://localhost:11101/session/78712e890966852246fb9b7755bd8cea/actions'
2023-04-27 17:34:50 DEBUG NettyRequestSender:251 ? Using open Channel [id: 0x03d48dd9, L:/127.0.0.1:56786 - R:localhost/127.0.0.1:11101] for POST '/session/78712e890966852246fb9b7755bd8cea/actions'
2023-04-27 17:34:51 DEBUG HttpHandler:70 ? 

Request DefaultHttpRequest(decodeResult: success, version: HTTP/1.1)
POST /session/78712e890966852246fb9b7755bd8cea/actions HTTP/1.1
User-Agent: selenium/4.9.0 (java windows)
Content-Length: 567
Content-Type: application/json; charset=utf-8
host: localhost:11101
accept: */*

Response DefaultHttpResponse(decodeResult: success, version: HTTP/1.1)
HTTP/1.1 200 OK
Content-Length: 14
Content-Type: application/json; charset=utf-8
cache-control: no-cache

2023-04-27 17:34:51 DEBUG ChannelManager:270 ? Adding key: http://localhost:11101 for channel [id: 0x03d48dd9, L:/127.0.0.1:56786 - R:localhost/127.0.0.1:11101]
2023-04-27 17:34:51 DEBUG NettyRequestSender:593 ? Using pooled Channel '[id: 0x03d48dd9, L:/127.0.0.1:56786 - R:localhost/127.0.0.1:11101]' for 'POST' to 'http://localhost:11101/session/78712e890966852246fb9b7755bd8cea/element'
2023-04-27 17:34:51 DEBUG NettyRequestSender:251 ? Using open Channel [id: 0x03d48dd9, L:/127.0.0.1:56786 - R:localhost/127.0.0.1:11101] for POST '/session/78712e890966852246fb9b7755bd8cea/element'
2023-04-27 17:34:51 DEBUG HttpHandler:70 ? 

Request DefaultHttpRequest(decodeResult: success, version: HTTP/1.1)
POST /session/78712e890966852246fb9b7755bd8cea/element HTTP/1.1
User-Agent: selenium/4.9.0 (java windows)
Content-Length: 72
Content-Type: application/json; charset=utf-8
host: localhost:11101
accept: */*

Response DefaultHttpResponse(decodeResult: success, version: HTTP/1.1)
HTTP/1.1 200 OK
Content-Length: 88
Content-Type: application/json; charset=utf-8
cache-control: no-cache

2023-04-27 17:34:51 DEBUG ChannelManager:270 ? Adding key: http://localhost:11101 for channel [id: 0x03d48dd9, L:/127.0.0.1:56786 - R:localhost/127.0.0.1:11101]
2023-04-27 17:34:51 DEBUG NettyRequestSender:593 ? Using pooled Channel '[id: 0x03d48dd9, L:/127.0.0.1:56786 - R:localhost/127.0.0.1:11101]' for 'POST' to 'http://localhost:11101/session/78712e890966852246fb9b7755bd8cea/actions'
2023-04-27 17:34:51 DEBUG NettyRequestSender:251 ? Using open Channel [id: 0x03d48dd9, L:/127.0.0.1:56786 - R:localhost/127.0.0.1:11101] for POST '/session/78712e890966852246fb9b7755bd8cea/actions'
2023-04-27 17:34:51 DEBUG DefaultChannelPool:348 ? Entry count for : http://localhost:56793 : 1
2023-04-27 17:34:51 DEBUG HttpHandler:70 ? 

Request DefaultHttpRequest(decodeResult: success, version: HTTP/1.1)
POST /session/78712e890966852246fb9b7755bd8cea/actions HTTP/1.1
User-Agent: selenium/4.9.0 (java windows)
Content-Length: 2315
Content-Type: application/json; charset=utf-8
host: localhost:11101
accept: */*

Response DefaultHttpResponse(decodeResult: success, version: HTTP/1.1)
HTTP/1.1 200 OK
Content-Length: 14
Content-Type: application/json; charset=utf-8
cache-control: no-cache

2023-04-27 17:34:51 DEBUG ChannelManager:270 ? Adding key: http://localhost:11101 for channel [id: 0x03d48dd9, L:/127.0.0.1:56786 - R:localhost/127.0.0.1:11101]
2023-04-27 17:34:51 DEBUG NettyRequestSender:593 ? Using pooled Channel '[id: 0x03d48dd9, L:/127.0.0.1:56786 - R:localhost/127.0.0.1:11101]' for 'POST' to 'http://localhost:11101/session/78712e890966852246fb9b7755bd8cea/element'
2023-04-27 17:34:51 DEBUG NettyRequestSender:251 ? Using open Channel [id: 0x03d48dd9, L:/127.0.0.1:56786 - R:localhost/127.0.0.1:11101] for POST '/session/78712e890966852246fb9b7755bd8cea/element'
2023-04-27 17:34:51 DEBUG HttpHandler:70 ? 

Request DefaultHttpRequest(decodeResult: success, version: HTTP/1.1)
POST /session/78712e890966852246fb9b7755bd8cea/element HTTP/1.1
User-Agent: selenium/4.9.0 (java windows)
Content-Length: 71
Content-Type: application/json; charset=utf-8
host: localhost:11101
accept: */*

Response DefaultHttpResponse(decodeResult: success, version: HTTP/1.1)
HTTP/1.1 200 OK
Content-Length: 88
Content-Type: application/json; charset=utf-8
cache-control: no-cache

2023-04-27 17:34:51 DEBUG ChannelManager:270 ? Adding key: http://localhost:11101 for channel [id: 0x03d48dd9, L:/127.0.0.1:56786 - R:localhost/127.0.0.1:11101]
2023-04-27 17:34:51 DEBUG NettyRequestSender:593 ? Using pooled Channel '[id: 0x03d48dd9, L:/127.0.0.1:56786 - R:localhost/127.0.0.1:11101]' for 'POST' to 'http://localhost:11101/session/78712e890966852246fb9b7755bd8cea/actions'
2023-04-27 17:34:51 DEBUG NettyRequestSender:251 ? Using open Channel [id: 0x03d48dd9, L:/127.0.0.1:56786 - R:localhost/127.0.0.1:11101] for POST '/session/78712e890966852246fb9b7755bd8cea/actions'
2023-04-27 17:34:51 DEBUG HttpHandler:70 ? 

Request DefaultHttpRequest(decodeResult: success, version: HTTP/1.1)
POST /session/78712e890966852246fb9b7755bd8cea/actions HTTP/1.1
User-Agent: selenium/4.9.0 (java windows)
Content-Length: 567
Content-Type: application/json; charset=utf-8
host: localhost:11101
accept: */*

Response DefaultHttpResponse(decodeResult: success, version: HTTP/1.1)
HTTP/1.1 200 OK
Content-Length: 14
Content-Type: application/json; charset=utf-8
cache-control: no-cache

2023-04-27 17:34:51 DEBUG ChannelManager:270 ? Adding key: http://localhost:11101 for channel [id: 0x03d48dd9, L:/127.0.0.1:56786 - R:localhost/127.0.0.1:11101]
2023-04-27 17:34:51 DEBUG NettyRequestSender:593 ? Using pooled Channel '[id: 0x03d48dd9, L:/127.0.0.1:56786 - R:localhost/127.0.0.1:11101]' for 'POST' to 'http://localhost:11101/session/78712e890966852246fb9b7755bd8cea/element'
2023-04-27 17:34:51 DEBUG NettyRequestSender:251 ? Using open Channel [id: 0x03d48dd9, L:/127.0.0.1:56786 - R:localhost/127.0.0.1:11101] for POST '/session/78712e890966852246fb9b7755bd8cea/element'
2023-04-27 17:34:51 DEBUG HttpHandler:70 ? 

Request DefaultHttpRequest(decodeResult: success, version: HTTP/1.1)
POST /session/78712e890966852246fb9b7755bd8cea/element HTTP/1.1
User-Agent: selenium/4.9.0 (java windows)
Content-Length: 69
Content-Type: application/json; charset=utf-8
host: localhost:11101
accept: */*

Response DefaultHttpResponse(decodeResult: success, version: HTTP/1.1)
HTTP/1.1 200 OK
Content-Length: 88
Content-Type: application/json; charset=utf-8
cache-control: no-cache

2023-04-27 17:34:51 DEBUG ChannelManager:270 ? Adding key: http://localhost:11101 for channel [id: 0x03d48dd9, L:/127.0.0.1:56786 - R:localhost/127.0.0.1:11101]
2023-04-27 17:34:51 DEBUG NettyRequestSender:593 ? Using pooled Channel '[id: 0x03d48dd9, L:/127.0.0.1:56786 - R:localhost/127.0.0.1:11101]' for 'POST' to 'http://localhost:11101/session/78712e890966852246fb9b7755bd8cea/actions'
2023-04-27 17:34:51 DEBUG NettyRequestSender:251 ? Using open Channel [id: 0x03d48dd9, L:/127.0.0.1:56786 - R:localhost/127.0.0.1:11101] for POST '/session/78712e890966852246fb9b7755bd8cea/actions'
2023-04-27 17:34:51 DEBUG HttpHandler:70 ? 

Request DefaultHttpRequest(decodeResult: success, version: HTTP/1.1)
POST /session/78712e890966852246fb9b7755bd8cea/actions HTTP/1.1
User-Agent: selenium/4.9.0 (java windows)
Content-Length: 567
Content-Type: application/json; charset=utf-8
host: localhost:11101
accept: */*

Response DefaultHttpResponse(decodeResult: success, version: HTTP/1.1)
HTTP/1.1 200 OK
Content-Length: 14
Content-Type: application/json; charset=utf-8
cache-control: no-cache

2023-04-27 17:34:51 DEBUG ChannelManager:270 ? Adding key: http://localhost:11101 for channel [id: 0x03d48dd9, L:/127.0.0.1:56786 - R:localhost/127.0.0.1:11101]
2023-04-27 17:34:51 DEBUG NettyRequestSender:593 ? Using pooled Channel '[id: 0x03d48dd9, L:/127.0.0.1:56786 - R:localhost/127.0.0.1:11101]' for 'POST' to 'http://localhost:11101/session/78712e890966852246fb9b7755bd8cea/element'
2023-04-27 17:34:51 DEBUG NettyRequestSender:251 ? Using open Channel [id: 0x03d48dd9, L:/127.0.0.1:56786 - R:localhost/127.0.0.1:11101] for POST '/session/78712e890966852246fb9b7755bd8cea/element'
2023-04-27 17:34:51 DEBUG HttpHandler:70 ? 

Request DefaultHttpRequest(decodeResult: success, version: HTTP/1.1)
POST /session/78712e890966852246fb9b7755bd8cea/element HTTP/1.1
User-Agent: selenium/4.9.0 (java windows)
Content-Length: 72
Content-Type: application/json; charset=utf-8
host: localhost:11101
accept: */*

Response DefaultHttpResponse(decodeResult: success, version: HTTP/1.1)
HTTP/1.1 200 OK
Content-Length: 88
Content-Type: application/json; charset=utf-8
cache-control: no-cache

2023-04-27 17:34:51 DEBUG ChannelManager:270 ? Adding key: http://localhost:11101 for channel [id: 0x03d48dd9, L:/127.0.0.1:56786 - R:localhost/127.0.0.1:11101]
2023-04-27 17:34:51 DEBUG NettyRequestSender:593 ? Using pooled Channel '[id: 0x03d48dd9, L:/127.0.0.1:56786 - R:localhost/127.0.0.1:11101]' for 'POST' to 'http://localhost:11101/session/78712e890966852246fb9b7755bd8cea/actions'
2023-04-27 17:34:51 DEBUG NettyRequestSender:251 ? Using open Channel [id: 0x03d48dd9, L:/127.0.0.1:56786 - R:localhost/127.0.0.1:11101] for POST '/session/78712e890966852246fb9b7755bd8cea/actions'
2023-04-27 17:34:51 DEBUG HttpHandler:70 ? 

Request DefaultHttpRequest(decodeResult: success, version: HTTP/1.1)
POST /session/78712e890966852246fb9b7755bd8cea/actions HTTP/1.1
User-Agent: selenium/4.9.0 (java windows)
Content-Length: 567
Content-Type: application/json; charset=utf-8
host: localhost:11101
accept: */*

Response DefaultHttpResponse(decodeResult: success, version: HTTP/1.1)
HTTP/1.1 200 OK
Content-Length: 14
Content-Type: application/json; charset=utf-8
cache-control: no-cache

2023-04-27 17:34:51 DEBUG ChannelManager:270 ? Adding key: http://localhost:11101 for channel [id: 0x03d48dd9, L:/127.0.0.1:56786 - R:localhost/127.0.0.1:11101]
2023-04-27 17:34:51 DEBUG NettyRequestSender:593 ? Using pooled Channel '[id: 0x03d48dd9, L:/127.0.0.1:56786 - R:localhost/127.0.0.1:11101]' for 'POST' to 'http://localhost:11101/session/78712e890966852246fb9b7755bd8cea/element'
2023-04-27 17:34:51 DEBUG NettyRequestSender:251 ? Using open Channel [id: 0x03d48dd9, L:/127.0.0.1:56786 - R:localhost/127.0.0.1:11101] for POST '/session/78712e890966852246fb9b7755bd8cea/element'
2023-04-27 17:34:51 DEBUG HttpHandler:70 ? 

Request DefaultHttpRequest(decodeResult: success, version: HTTP/1.1)
POST /session/78712e890966852246fb9b7755bd8cea/element HTTP/1.1
User-Agent: selenium/4.9.0 (java windows)
Content-Length: 71
Content-Type: application/json; charset=utf-8
host: localhost:11101
accept: */*

Response DefaultHttpResponse(decodeResult: success, version: HTTP/1.1)
HTTP/1.1 200 OK
Content-Length: 88
Content-Type: application/json; charset=utf-8
cache-control: no-cache

2023-04-27 17:34:51 DEBUG ChannelManager:270 ? Adding key: http://localhost:11101 for channel [id: 0x03d48dd9, L:/127.0.0.1:56786 - R:localhost/127.0.0.1:11101]
2023-04-27 17:34:51 DEBUG NettyRequestSender:593 ? Using pooled Channel '[id: 0x03d48dd9, L:/127.0.0.1:56786 - R:localhost/127.0.0.1:11101]' for 'POST' to 'http://localhost:11101/session/78712e890966852246fb9b7755bd8cea/actions'
2023-04-27 17:34:51 DEBUG NettyRequestSender:251 ? Using open Channel [id: 0x03d48dd9, L:/127.0.0.1:56786 - R:localhost/127.0.0.1:11101] for POST '/session/78712e890966852246fb9b7755bd8cea/actions'
2023-04-27 17:34:51 DEBUG HttpHandler:70 ? 

Request DefaultHttpRequest(decodeResult: success, version: HTTP/1.1)
POST /session/78712e890966852246fb9b7755bd8cea/actions HTTP/1.1
User-Agent: selenium/4.9.0 (java windows)
Content-Length: 567
Content-Type: application/json; charset=utf-8
host: localhost:11101
accept: */*

Response DefaultHttpResponse(decodeResult: success, version: HTTP/1.1)
HTTP/1.1 200 OK
Content-Length: 14
Content-Type: application/json; charset=utf-8
cache-control: no-cache

2023-04-27 17:34:51 DEBUG ChannelManager:270 ? Adding key: http://localhost:11101 for channel [id: 0x03d48dd9, L:/127.0.0.1:56786 - R:localhost/127.0.0.1:11101]
2023-04-27 17:34:51 DEBUG NettyRequestSender:593 ? Using pooled Channel '[id: 0x03d48dd9, L:/127.0.0.1:56786 - R:localhost/127.0.0.1:11101]' for 'POST' to 'http://localhost:11101/session/78712e890966852246fb9b7755bd8cea/element'
2023-04-27 17:34:51 DEBUG NettyRequestSender:251 ? Using open Channel [id: 0x03d48dd9, L:/127.0.0.1:56786 - R:localhost/127.0.0.1:11101] for POST '/session/78712e890966852246fb9b7755bd8cea/element'
2023-04-27 17:34:51 DEBUG HttpHandler:70 ? 

Request DefaultHttpRequest(decodeResult: success, version: HTTP/1.1)
POST /session/78712e890966852246fb9b7755bd8cea/element HTTP/1.1
User-Agent: selenium/4.9.0 (java windows)
Content-Length: 69
Content-Type: application/json; charset=utf-8
host: localhost:11101
accept: */*

Response DefaultHttpResponse(decodeResult: success, version: HTTP/1.1)
HTTP/1.1 200 OK
Content-Length: 88
Content-Type: application/json; charset=utf-8
cache-control: no-cache

2023-04-27 17:34:51 DEBUG ChannelManager:270 ? Adding key: http://localhost:11101 for channel [id: 0x03d48dd9, L:/127.0.0.1:56786 - R:localhost/127.0.0.1:11101]
2023-04-27 17:34:51 DEBUG NettyRequestSender:593 ? Using pooled Channel '[id: 0x03d48dd9, L:/127.0.0.1:56786 - R:localhost/127.0.0.1:11101]' for 'POST' to 'http://localhost:11101/session/78712e890966852246fb9b7755bd8cea/element/f2b35f68-5157-42b1-a5bb-b014a2f5bc1c/clear'
2023-04-27 17:34:51 DEBUG NettyRequestSender:251 ? Using open Channel [id: 0x03d48dd9, L:/127.0.0.1:56786 - R:localhost/127.0.0.1:11101] for POST '/session/78712e890966852246fb9b7755bd8cea/element/f2b35f68-5157-42b1-a5bb-b014a2f5bc1c/clear'
2023-04-27 17:34:51 DEBUG HttpHandler:70 ? 

Request DefaultHttpRequest(decodeResult: success, version: HTTP/1.1)
POST /session/78712e890966852246fb9b7755bd8cea/element/f2b35f68-5157-42b1-a5bb-b014a2f5bc1c/clear HTTP/1.1
User-Agent: selenium/4.9.0 (java windows)
Content-Length: 50
Content-Type: application/json; charset=utf-8
host: localhost:11101
accept: */*

Response DefaultHttpResponse(decodeResult: success, version: HTTP/1.1)
HTTP/1.1 200 OK
Content-Length: 14
Content-Type: application/json; charset=utf-8
cache-control: no-cache

2023-04-27 17:34:51 DEBUG ChannelManager:270 ? Adding key: http://localhost:11101 for channel [id: 0x03d48dd9, L:/127.0.0.1:56786 - R:localhost/127.0.0.1:11101]
2023-04-27 17:34:52 DEBUG NettyRequestSender:593 ? Using pooled Channel '[id: 0x03d48dd9, L:/127.0.0.1:56786 - R:localhost/127.0.0.1:11101]' for 'POST' to 'http://localhost:11101/session/78712e890966852246fb9b7755bd8cea/element'
2023-04-27 17:34:52 DEBUG NettyRequestSender:251 ? Using open Channel [id: 0x03d48dd9, L:/127.0.0.1:56786 - R:localhost/127.0.0.1:11101] for POST '/session/78712e890966852246fb9b7755bd8cea/element'
2023-04-27 17:34:52 DEBUG HttpHandler:70 ? 

Request DefaultHttpRequest(decodeResult: success, version: HTTP/1.1)
POST /session/78712e890966852246fb9b7755bd8cea/element HTTP/1.1
User-Agent: selenium/4.9.0 (java windows)
Content-Length: 72
Content-Type: application/json; charset=utf-8
host: localhost:11101
accept: */*

Response DefaultHttpResponse(decodeResult: success, version: HTTP/1.1)
HTTP/1.1 200 OK
Content-Length: 88
Content-Type: application/json; charset=utf-8
cache-control: no-cache

2023-04-27 17:34:52 DEBUG ChannelManager:270 ? Adding key: http://localhost:11101 for channel [id: 0x03d48dd9, L:/127.0.0.1:56786 - R:localhost/127.0.0.1:11101]
2023-04-27 17:34:52 DEBUG NettyRequestSender:593 ? Using pooled Channel '[id: 0x03d48dd9, L:/127.0.0.1:56786 - R:localhost/127.0.0.1:11101]' for 'POST' to 'http://localhost:11101/session/78712e890966852246fb9b7755bd8cea/element/3d5d1c9c-7269-49f1-b23a-85ea3be70356/clear'
2023-04-27 17:34:52 DEBUG NettyRequestSender:251 ? Using open Channel [id: 0x03d48dd9, L:/127.0.0.1:56786 - R:localhost/127.0.0.1:11101] for POST '/session/78712e890966852246fb9b7755bd8cea/element/3d5d1c9c-7269-49f1-b23a-85ea3be70356/clear'
2023-04-27 17:34:52 DEBUG HttpHandler:70 ? 

Request DefaultHttpRequest(decodeResult: success, version: HTTP/1.1)
POST /session/78712e890966852246fb9b7755bd8cea/element/3d5d1c9c-7269-49f1-b23a-85ea3be70356/clear HTTP/1.1
User-Agent: selenium/4.9.0 (java windows)
Content-Length: 50
Content-Type: application/json; charset=utf-8
host: localhost:11101
accept: */*

Response DefaultHttpResponse(decodeResult: success, version: HTTP/1.1)
HTTP/1.1 200 OK
Content-Length: 14
Content-Type: application/json; charset=utf-8
cache-control: no-cache

2023-04-27 17:34:52 DEBUG ChannelManager:270 ? Adding key: http://localhost:11101 for channel [id: 0x03d48dd9, L:/127.0.0.1:56786 - R:localhost/127.0.0.1:11101]
2023-04-27 17:36:17 DEBUG InternalLoggerFactory:63 ? Using SLF4J as the default logging framework
2023-04-27 17:36:17 DEBUG ResourceLeakDetector:129 ? -Dio.netty.leakDetection.level: simple
2023-04-27 17:36:17 DEBUG ResourceLeakDetector:130 ? -Dio.netty.leakDetection.targetRecords: 4
2023-04-27 17:36:17 DEBUG ResourceLeakDetectorFactory:196 ? Loaded default ResourceLeakDetector: io.netty.util.ResourceLeakDetector@5fd62371
2023-04-27 17:36:17 DEBUG PlatformDependent0:496 ? -Dio.netty.noUnsafe: false
2023-04-27 17:36:17 DEBUG PlatformDependent0:1000 ? Java version: 19
2023-04-27 17:36:17 DEBUG PlatformDependent0:137 ? sun.misc.Unsafe.theUnsafe: available
2023-04-27 17:36:17 DEBUG PlatformDependent0:161 ? sun.misc.Unsafe.copyMemory: available
2023-04-27 17:36:17 DEBUG PlatformDependent0:193 ? sun.misc.Unsafe.storeFence: available
2023-04-27 17:36:17 DEBUG PlatformDependent0:236 ? java.nio.Buffer.address: available
2023-04-27 17:36:17 DEBUG PlatformDependent0:320 ? direct buffer constructor: unavailable: Reflective setAccessible(true) disabled
2023-04-27 17:36:17 DEBUG PlatformDependent0:385 ? java.nio.Bits.unaligned: available, true
2023-04-27 17:36:17 DEBUG PlatformDependent0:452 ? jdk.internal.misc.Unsafe.allocateUninitializedArray(int): unavailable: class io.netty.util.internal.PlatformDependent0$7 cannot access class jdk.internal.misc.Unsafe (in module java.base) because module java.base does not export jdk.internal.misc to unnamed module @27ddd392
2023-04-27 17:36:17 DEBUG PlatformDependent0:482 ? java.nio.DirectByteBuffer.<init>(long, int): unavailable
2023-04-27 17:36:17 DEBUG PlatformDependent:1159 ? sun.misc.Unsafe: available
2023-04-27 17:36:17 DEBUG PlatformDependent:1270 ? maxDirectMemory: 5339348992 bytes (maybe)
2023-04-27 17:36:17 DEBUG PlatformDependent:1289 ? -Dio.netty.tmpdir: C:\Users\rohit\AppData\Local\Temp (java.io.tmpdir)
2023-04-27 17:36:17 DEBUG PlatformDependent:1368 ? -Dio.netty.bitMode: 64 (sun.arch.data.model)
2023-04-27 17:36:17 DEBUG PlatformDependent:1119 ? Platform: Windows
2023-04-27 17:36:17 DEBUG PlatformDependent:178 ? -Dio.netty.maxDirectMemory: -1 bytes
2023-04-27 17:36:17 DEBUG PlatformDependent:185 ? -Dio.netty.uninitializedArrayAllocationThreshold: -1
2023-04-27 17:36:17 DEBUG CleanerJava9:71 ? java.nio.ByteBuffer.cleaner(): available
2023-04-27 17:36:17 DEBUG PlatformDependent:205 ? -Dio.netty.noPreferDirect: false
2023-04-27 17:36:17 DEBUG PlatformDependent:1010 ? org.jctools-core.MpscChunkedArrayQueue: available
2023-04-27 17:36:17 DEBUG InternalThreadLocalMap:100 ? -Dio.netty.threadLocalMap.stringBuilder.initialSize: 1024
2023-04-27 17:36:17 DEBUG InternalThreadLocalMap:101 ? -Dio.netty.threadLocalMap.stringBuilder.maxSize: 4096
2023-04-27 17:36:18 DEBUG JdkSslContext:83 ? Default protocols (JDK): [TLSv1.3, TLSv1.2] 
2023-04-27 17:36:18 DEBUG JdkSslContext:84 ? Default cipher suites (JDK): [TLS_ECDHE_ECDSA_WITH_AES_256_GCM_SHA384, TLS_ECDHE_ECDSA_WITH_AES_128_GCM_SHA256, TLS_ECDHE_RSA_WITH_AES_128_GCM_SHA256, TLS_ECDHE_RSA_WITH_AES_256_GCM_SHA384, TLS_ECDHE_RSA_WITH_AES_128_CBC_SHA, TLS_ECDHE_RSA_WITH_AES_256_CBC_SHA, TLS_RSA_WITH_AES_128_GCM_SHA256, TLS_RSA_WITH_AES_128_CBC_SHA, TLS_RSA_WITH_AES_256_CBC_SHA, TLS_AES_128_GCM_SHA256, TLS_AES_256_GCM_SHA384]
2023-04-27 17:36:18 DEBUG GlobalEventExecutor:53 ? -Dio.netty.globalEventExecutor.quietPeriodSeconds: 1
2023-04-27 17:36:18 DEBUG MultithreadEventLoopGroup:44 ? -Dio.netty.eventLoopThreads: 16
2023-04-27 17:36:18 DEBUG NioEventLoop:110 ? -Dio.netty.noKeySetOptimization: false
2023-04-27 17:36:18 DEBUG NioEventLoop:111 ? -Dio.netty.selectorAutoRebuildThreshold: 512
2023-04-27 17:36:18 DEBUG PooledByteBufAllocator:157 ? -Dio.netty.allocator.numHeapArenas: 16
2023-04-27 17:36:18 DEBUG PooledByteBufAllocator:158 ? -Dio.netty.allocator.numDirectArenas: 16
2023-04-27 17:36:18 DEBUG PooledByteBufAllocator:160 ? -Dio.netty.allocator.pageSize: 8192
2023-04-27 17:36:18 DEBUG PooledByteBufAllocator:165 ? -Dio.netty.allocator.maxOrder: 9
2023-04-27 17:36:18 DEBUG PooledByteBufAllocator:169 ? -Dio.netty.allocator.chunkSize: 4194304
2023-04-27 17:36:18 DEBUG PooledByteBufAllocator:170 ? -Dio.netty.allocator.smallCacheSize: 256
2023-04-27 17:36:18 DEBUG PooledByteBufAllocator:171 ? -Dio.netty.allocator.normalCacheSize: 64
2023-04-27 17:36:18 DEBUG PooledByteBufAllocator:172 ? -Dio.netty.allocator.maxCachedBufferCapacity: 32768
2023-04-27 17:36:18 DEBUG PooledByteBufAllocator:173 ? -Dio.netty.allocator.cacheTrimInterval: 8192
2023-04-27 17:36:18 DEBUG PooledByteBufAllocator:174 ? -Dio.netty.allocator.cacheTrimIntervalMillis: 0
2023-04-27 17:36:18 DEBUG PooledByteBufAllocator:175 ? -Dio.netty.allocator.useCacheForAllThreads: false
2023-04-27 17:36:18 DEBUG PooledByteBufAllocator:176 ? -Dio.netty.allocator.maxCachedByteBuffersPerChunk: 1023
2023-04-27 17:36:18 DEBUG ByteBufUtil:88 ? -Dio.netty.allocator.type: pooled
2023-04-27 17:36:18 DEBUG ByteBufUtil:97 ? -Dio.netty.threadLocalDirectBufferSize: 0
2023-04-27 17:36:18 DEBUG ByteBufUtil:100 ? -Dio.netty.maxThreadLocalCharBufferSize: 16384
2023-04-27 17:36:19 DEBUG DefaultChannelId:79 ? -Dio.netty.processId: 24004 (auto-detected)
2023-04-27 17:36:19 DEBUG NetUtil:148 ? -Djava.net.preferIPv4Stack: false
2023-04-27 17:36:19 DEBUG NetUtil:149 ? -Djava.net.preferIPv6Addresses: false
2023-04-27 17:36:19 DEBUG NetUtilInitializations:145 ? Loopback interface: lo (Software Loopback Interface 1, 127.0.0.1)
2023-04-27 17:36:19 DEBUG NetUtil:206 ? Failed to get SOMAXCONN from sysctl and file \proc\sys\net\core\somaxconn. Default: 200
2023-04-27 17:36:19 DEBUG DefaultChannelId:101 ? -Dio.netty.machineId: 70:c9:4e:ff:fe:a9:98:9d (auto-detected)
2023-04-27 17:36:19 DEBUG AbstractByteBuf:63 ? -Dio.netty.buffer.checkAccessible: true
2023-04-27 17:36:19 DEBUG AbstractByteBuf:64 ? -Dio.netty.buffer.checkBounds: true
2023-04-27 17:36:19 DEBUG ResourceLeakDetectorFactory:196 ? Loaded default ResourceLeakDetector: io.netty.util.ResourceLeakDetector@470e7bbe
2023-04-27 17:36:19 DEBUG NettyConnectListener:73 ? Using new Channel '[id: 0xa45b6d30, L:/127.0.0.1:57109 - R:localhost/127.0.0.1:33165]' for 'POST' to '/session'
2023-04-27 17:36:19 DEBUG Recycler:96 ? -Dio.netty.recycler.maxCapacityPerThread: 4096
2023-04-27 17:36:19 DEBUG Recycler:97 ? -Dio.netty.recycler.ratio: 8
2023-04-27 17:36:19 DEBUG Recycler:98 ? -Dio.netty.recycler.chunkSize: 32
2023-04-27 17:36:19 DEBUG Recycler:99 ? -Dio.netty.recycler.blocking: false
2023-04-27 17:36:19 DEBUG Recycler:100 ? -Dio.netty.recycler.batchFastThreadLocalOnly: true
2023-04-27 17:36:21 DEBUG Brotli:38 ? brotli4j not in the classpath; Brotli support will be unavailable.
2023-04-27 17:36:21 DEBUG HttpHandler:70 ? 

Request DefaultHttpRequest(decodeResult: success, version: HTTP/1.1)
POST /session HTTP/1.1
User-Agent: selenium/4.9.0 (java windows)
Content-Length: 254
Content-Type: application/json; charset=utf-8
host: localhost:33165
accept: */*

Response DefaultHttpResponse(decodeResult: success, version: HTTP/1.1)
HTTP/1.1 200 OK
Content-Length: 860
Content-Type: application/json; charset=utf-8
cache-control: no-cache

2023-04-27 17:36:21 DEBUG ChannelManager:270 ? Adding key: http://localhost:33165 for channel [id: 0xa45b6d30, L:/127.0.0.1:57109 - R:localhost/127.0.0.1:33165]
2023-04-27 17:36:22 DEBUG NettyConnectListener:73 ? Using new Channel '[id: 0x89b10c33, L:/127.0.0.1:57131 - R:localhost/127.0.0.1:57114]' for 'GET' to '/json/version'
2023-04-27 17:36:22 DEBUG HttpHandler:70 ? 

Request DefaultFullHttpRequest(decodeResult: success, version: HTTP/1.1, content: EmptyByteBufBE)
GET /json/version HTTP/1.1
User-Agent: selenium/4.9.0 (java windows)
host: localhost:57114
accept: */*

Response DefaultHttpResponse(decodeResult: success, version: HTTP/1.1)
HTTP/1.1 200 OK
Content-Security-Policy: frame-ancestors 'none'
Content-Length: 424
Content-Type: application/json; charset=UTF-8

2023-04-27 17:36:22 DEBUG ChannelManager:270 ? Adding key: http://localhost:57114 for channel [id: 0x89b10c33, L:/127.0.0.1:57131 - R:localhost/127.0.0.1:57114]
2023-04-27 17:36:22 DEBUG ThreadLocalRandom:214 ? -Dio.netty.initialSeedUniquifier: 0x25fa73d203d81d4d
2023-04-27 17:36:22 DEBUG NettyConnectListener:73 ? Using new Channel '[id: 0x19b9ab92, L:/127.0.0.1:57132 - R:localhost/127.0.0.1:57114]' for 'GET' to '/devtools/browser/b1ed9962-c74a-4438-bf28-7886e09a917d'
2023-04-27 17:36:22 DEBUG WebSocketHandler:105 ? 

Request DefaultFullHttpRequest(decodeResult: success, version: HTTP/1.1, content: EmptyByteBufBE)
GET /devtools/browser/b1ed9962-c74a-4438-bf28-7886e09a917d HTTP/1.1
upgrade: websocket
connection: upgrade
sec-websocket-key: QFxa7xw5Y//bvwtXQLIiHw==
sec-websocket-version: 13
origin: http://localhost:57114
host: localhost:57114
accept: */*
user-agent: AHC/2.1

Response DefaultHttpResponse(decodeResult: success, version: HTTP/1.1)
HTTP/1.1 101 WebSocket Protocol Handshake
Upgrade: WebSocket
Connection: Upgrade
Sec-WebSocket-Accept: Jr5epzZSBaCHES7t/ybWmGfYHM8=

2023-04-27 17:36:22 DEBUG NettyRequestSender:593 ? Using pooled Channel '[id: 0xa45b6d30, L:/127.0.0.1:57109 - R:localhost/127.0.0.1:33165]' for 'POST' to 'http://localhost:33165/session/e69a42a4c28d59092647f6d8c62617ed/window/maximize'
2023-04-27 17:36:22 DEBUG NettyRequestSender:251 ? Using open Channel [id: 0xa45b6d30, L:/127.0.0.1:57109 - R:localhost/127.0.0.1:33165] for POST '/session/e69a42a4c28d59092647f6d8c62617ed/window/maximize'
2023-04-27 17:36:22 DEBUG HttpHandler:70 ? 

Request DefaultHttpRequest(decodeResult: success, version: HTTP/1.1)
POST /session/e69a42a4c28d59092647f6d8c62617ed/window/maximize HTTP/1.1
User-Agent: selenium/4.9.0 (java windows)
Content-Length: 3
Content-Type: application/json; charset=utf-8
host: localhost:33165
accept: */*

Response DefaultHttpResponse(decodeResult: success, version: HTTP/1.1)
HTTP/1.1 200 OK
Content-Length: 52
Content-Type: application/json; charset=utf-8
cache-control: no-cache

2023-04-27 17:36:22 DEBUG ChannelManager:270 ? Adding key: http://localhost:33165 for channel [id: 0xa45b6d30, L:/127.0.0.1:57109 - R:localhost/127.0.0.1:33165]
2023-04-27 17:36:22 DEBUG NettyRequestSender:593 ? Using pooled Channel '[id: 0xa45b6d30, L:/127.0.0.1:57109 - R:localhost/127.0.0.1:33165]' for 'POST' to 'http://localhost:33165/session/e69a42a4c28d59092647f6d8c62617ed/timeouts'
2023-04-27 17:36:22 DEBUG NettyRequestSender:251 ? Using open Channel [id: 0xa45b6d30, L:/127.0.0.1:57109 - R:localhost/127.0.0.1:33165] for POST '/session/e69a42a4c28d59092647f6d8c62617ed/timeouts'
2023-04-27 17:36:22 DEBUG DefaultChannelPool:348 ? Entry count for : http://localhost:57114 : 1
2023-04-27 17:36:22 DEBUG HttpHandler:70 ? 

Request DefaultHttpRequest(decodeResult: success, version: HTTP/1.1)
POST /session/e69a42a4c28d59092647f6d8c62617ed/timeouts HTTP/1.1
User-Agent: selenium/4.9.0 (java windows)
Content-Length: 23
Content-Type: application/json; charset=utf-8
host: localhost:33165
accept: */*

Response DefaultHttpResponse(decodeResult: success, version: HTTP/1.1)
HTTP/1.1 200 OK
Content-Length: 14
Content-Type: application/json; charset=utf-8
cache-control: no-cache

2023-04-27 17:36:22 DEBUG ChannelManager:270 ? Adding key: http://localhost:33165 for channel [id: 0xa45b6d30, L:/127.0.0.1:57109 - R:localhost/127.0.0.1:33165]
2023-04-27 17:36:22 DEBUG NettyRequestSender:593 ? Using pooled Channel '[id: 0xa45b6d30, L:/127.0.0.1:57109 - R:localhost/127.0.0.1:33165]' for 'POST' to 'http://localhost:33165/session/e69a42a4c28d59092647f6d8c62617ed/url'
2023-04-27 17:36:22 DEBUG NettyRequestSender:251 ? Using open Channel [id: 0xa45b6d30, L:/127.0.0.1:57109 - R:localhost/127.0.0.1:33165] for POST '/session/e69a42a4c28d59092647f6d8c62617ed/url'
2023-04-27 17:36:23 DEBUG DefaultChannelPool:348 ? Entry count for : http://localhost:57114 : 1
2023-04-27 17:36:23 DEBUG HttpHandler:70 ? 

Request DefaultHttpRequest(decodeResult: success, version: HTTP/1.1)
POST /session/e69a42a4c28d59092647f6d8c62617ed/url HTTP/1.1
User-Agent: selenium/4.9.0 (java windows)
Content-Length: 59
Content-Type: application/json; charset=utf-8
host: localhost:33165
accept: */*

Response DefaultHttpResponse(decodeResult: success, version: HTTP/1.1)
HTTP/1.1 200 OK
Content-Length: 14
Content-Type: application/json; charset=utf-8
cache-control: no-cache

2023-04-27 17:36:23 DEBUG ChannelManager:270 ? Adding key: http://localhost:33165 for channel [id: 0xa45b6d30, L:/127.0.0.1:57109 - R:localhost/127.0.0.1:33165]
2023-04-27 17:36:23 DEBUG NettyRequestSender:593 ? Using pooled Channel '[id: 0xa45b6d30, L:/127.0.0.1:57109 - R:localhost/127.0.0.1:33165]' for 'POST' to 'http://localhost:33165/session/e69a42a4c28d59092647f6d8c62617ed/element'
2023-04-27 17:36:23 DEBUG NettyRequestSender:251 ? Using open Channel [id: 0xa45b6d30, L:/127.0.0.1:57109 - R:localhost/127.0.0.1:33165] for POST '/session/e69a42a4c28d59092647f6d8c62617ed/element'
2023-04-27 17:36:24 DEBUG HttpHandler:70 ? 

Request DefaultHttpRequest(decodeResult: success, version: HTTP/1.1)
POST /session/e69a42a4c28d59092647f6d8c62617ed/element HTTP/1.1
User-Agent: selenium/4.9.0 (java windows)
Content-Length: 72
Content-Type: application/json; charset=utf-8
host: localhost:33165
accept: */*

Response DefaultHttpResponse(decodeResult: success, version: HTTP/1.1)
HTTP/1.1 200 OK
Content-Length: 88
Content-Type: application/json; charset=utf-8
cache-control: no-cache

2023-04-27 17:36:24 DEBUG ChannelManager:270 ? Adding key: http://localhost:33165 for channel [id: 0xa45b6d30, L:/127.0.0.1:57109 - R:localhost/127.0.0.1:33165]
2023-04-27 17:36:24 DEBUG NettyRequestSender:593 ? Using pooled Channel '[id: 0xa45b6d30, L:/127.0.0.1:57109 - R:localhost/127.0.0.1:33165]' for 'POST' to 'http://localhost:33165/session/e69a42a4c28d59092647f6d8c62617ed/execute/sync'
2023-04-27 17:36:24 DEBUG NettyRequestSender:251 ? Using open Channel [id: 0xa45b6d30, L:/127.0.0.1:57109 - R:localhost/127.0.0.1:33165] for POST '/session/e69a42a4c28d59092647f6d8c62617ed/execute/sync'
2023-04-27 17:36:24 DEBUG HttpHandler:70 ? 

Request DefaultHttpRequest(decodeResult: success, version: HTTP/1.1)
POST /session/e69a42a4c28d59092647f6d8c62617ed/execute/sync HTTP/1.1
User-Agent: selenium/4.9.0 (java windows)
Content-Length: 48807
Content-Type: application/json; charset=utf-8
host: localhost:33165
accept: */*

Response DefaultHttpResponse(decodeResult: success, version: HTTP/1.1)
HTTP/1.1 200 OK
Content-Length: 14
Content-Type: application/json; charset=utf-8
cache-control: no-cache

2023-04-27 17:36:24 DEBUG ChannelManager:270 ? Adding key: http://localhost:33165 for channel [id: 0xa45b6d30, L:/127.0.0.1:57109 - R:localhost/127.0.0.1:33165]
2023-04-27 17:36:24 DEBUG NettyRequestSender:593 ? Using pooled Channel '[id: 0xa45b6d30, L:/127.0.0.1:57109 - R:localhost/127.0.0.1:33165]' for 'POST' to 'http://localhost:33165/session/e69a42a4c28d59092647f6d8c62617ed/element'
2023-04-27 17:36:24 DEBUG NettyRequestSender:251 ? Using open Channel [id: 0xa45b6d30, L:/127.0.0.1:57109 - R:localhost/127.0.0.1:33165] for POST '/session/e69a42a4c28d59092647f6d8c62617ed/element'
2023-04-27 17:36:24 DEBUG HttpHandler:70 ? 

Request DefaultHttpRequest(decodeResult: success, version: HTTP/1.1)
POST /session/e69a42a4c28d59092647f6d8c62617ed/element HTTP/1.1
User-Agent: selenium/4.9.0 (java windows)
Content-Length: 69
Content-Type: application/json; charset=utf-8
host: localhost:33165
accept: */*

Response DefaultHttpResponse(decodeResult: success, version: HTTP/1.1)
HTTP/1.1 200 OK
Content-Length: 88
Content-Type: application/json; charset=utf-8
cache-control: no-cache

2023-04-27 17:36:24 DEBUG ChannelManager:270 ? Adding key: http://localhost:33165 for channel [id: 0xa45b6d30, L:/127.0.0.1:57109 - R:localhost/127.0.0.1:33165]
2023-04-27 17:36:24 DEBUG NettyRequestSender:593 ? Using pooled Channel '[id: 0xa45b6d30, L:/127.0.0.1:57109 - R:localhost/127.0.0.1:33165]' for 'POST' to 'http://localhost:33165/session/e69a42a4c28d59092647f6d8c62617ed/execute/sync'
2023-04-27 17:36:24 DEBUG NettyRequestSender:251 ? Using open Channel [id: 0xa45b6d30, L:/127.0.0.1:57109 - R:localhost/127.0.0.1:33165] for POST '/session/e69a42a4c28d59092647f6d8c62617ed/execute/sync'
2023-04-27 17:36:24 DEBUG HttpHandler:70 ? 

Request DefaultHttpRequest(decodeResult: success, version: HTTP/1.1)
POST /session/e69a42a4c28d59092647f6d8c62617ed/execute/sync HTTP/1.1
User-Agent: selenium/4.9.0 (java windows)
Content-Length: 48807
Content-Type: application/json; charset=utf-8
host: localhost:33165
accept: */*

Response DefaultHttpResponse(decodeResult: success, version: HTTP/1.1)
HTTP/1.1 200 OK
Content-Length: 14
Content-Type: application/json; charset=utf-8
cache-control: no-cache

2023-04-27 17:36:24 DEBUG ChannelManager:270 ? Adding key: http://localhost:33165 for channel [id: 0xa45b6d30, L:/127.0.0.1:57109 - R:localhost/127.0.0.1:33165]
2023-04-27 17:36:24 DEBUG NettyRequestSender:593 ? Using pooled Channel '[id: 0xa45b6d30, L:/127.0.0.1:57109 - R:localhost/127.0.0.1:33165]' for 'POST' to 'http://localhost:33165/session/e69a42a4c28d59092647f6d8c62617ed/element'
2023-04-27 17:36:24 DEBUG NettyRequestSender:251 ? Using open Channel [id: 0xa45b6d30, L:/127.0.0.1:57109 - R:localhost/127.0.0.1:33165] for POST '/session/e69a42a4c28d59092647f6d8c62617ed/element'
2023-04-27 17:36:24 DEBUG HttpHandler:70 ? 

Request DefaultHttpRequest(decodeResult: success, version: HTTP/1.1)
POST /session/e69a42a4c28d59092647f6d8c62617ed/element HTTP/1.1
User-Agent: selenium/4.9.0 (java windows)
Content-Length: 71
Content-Type: application/json; charset=utf-8
host: localhost:33165
accept: */*

Response DefaultHttpResponse(decodeResult: success, version: HTTP/1.1)
HTTP/1.1 200 OK
Content-Length: 88
Content-Type: application/json; charset=utf-8
cache-control: no-cache

2023-04-27 17:36:24 DEBUG ChannelManager:270 ? Adding key: http://localhost:33165 for channel [id: 0xa45b6d30, L:/127.0.0.1:57109 - R:localhost/127.0.0.1:33165]
2023-04-27 17:36:24 DEBUG NettyRequestSender:593 ? Using pooled Channel '[id: 0xa45b6d30, L:/127.0.0.1:57109 - R:localhost/127.0.0.1:33165]' for 'POST' to 'http://localhost:33165/session/e69a42a4c28d59092647f6d8c62617ed/execute/sync'
2023-04-27 17:36:24 DEBUG NettyRequestSender:251 ? Using open Channel [id: 0xa45b6d30, L:/127.0.0.1:57109 - R:localhost/127.0.0.1:33165] for POST '/session/e69a42a4c28d59092647f6d8c62617ed/execute/sync'
2023-04-27 17:36:24 DEBUG HttpHandler:70 ? 

Request DefaultHttpRequest(decodeResult: success, version: HTTP/1.1)
POST /session/e69a42a4c28d59092647f6d8c62617ed/execute/sync HTTP/1.1
User-Agent: selenium/4.9.0 (java windows)
Content-Length: 48807
Content-Type: application/json; charset=utf-8
host: localhost:33165
accept: */*

Response DefaultHttpResponse(decodeResult: success, version: HTTP/1.1)
HTTP/1.1 200 OK
Content-Length: 14
Content-Type: application/json; charset=utf-8
cache-control: no-cache

2023-04-27 17:36:24 DEBUG ChannelManager:270 ? Adding key: http://localhost:33165 for channel [id: 0xa45b6d30, L:/127.0.0.1:57109 - R:localhost/127.0.0.1:33165]
2023-04-27 17:36:24 DEBUG NettyRequestSender:593 ? Using pooled Channel '[id: 0xa45b6d30, L:/127.0.0.1:57109 - R:localhost/127.0.0.1:33165]' for 'POST' to 'http://localhost:33165/session/e69a42a4c28d59092647f6d8c62617ed/element'
2023-04-27 17:36:24 DEBUG NettyRequestSender:251 ? Using open Channel [id: 0xa45b6d30, L:/127.0.0.1:57109 - R:localhost/127.0.0.1:33165] for POST '/session/e69a42a4c28d59092647f6d8c62617ed/element'
2023-04-27 17:36:24 DEBUG HttpHandler:70 ? 

Request DefaultHttpRequest(decodeResult: success, version: HTTP/1.1)
POST /session/e69a42a4c28d59092647f6d8c62617ed/element HTTP/1.1
User-Agent: selenium/4.9.0 (java windows)
Content-Length: 72
Content-Type: application/json; charset=utf-8
host: localhost:33165
accept: */*

Response DefaultHttpResponse(decodeResult: success, version: HTTP/1.1)
HTTP/1.1 200 OK
Content-Length: 88
Content-Type: application/json; charset=utf-8
cache-control: no-cache

2023-04-27 17:36:24 DEBUG ChannelManager:270 ? Adding key: http://localhost:33165 for channel [id: 0xa45b6d30, L:/127.0.0.1:57109 - R:localhost/127.0.0.1:33165]
2023-04-27 17:36:24 DEBUG NettyRequestSender:593 ? Using pooled Channel '[id: 0xa45b6d30, L:/127.0.0.1:57109 - R:localhost/127.0.0.1:33165]' for 'POST' to 'http://localhost:33165/session/e69a42a4c28d59092647f6d8c62617ed/execute/sync'
2023-04-27 17:36:24 DEBUG NettyRequestSender:251 ? Using open Channel [id: 0xa45b6d30, L:/127.0.0.1:57109 - R:localhost/127.0.0.1:33165] for POST '/session/e69a42a4c28d59092647f6d8c62617ed/execute/sync'
2023-04-27 17:36:24 DEBUG HttpHandler:70 ? 

Request DefaultHttpRequest(decodeResult: success, version: HTTP/1.1)
POST /session/e69a42a4c28d59092647f6d8c62617ed/execute/sync HTTP/1.1
User-Agent: selenium/4.9.0 (java windows)
Content-Length: 48807
Content-Type: application/json; charset=utf-8
host: localhost:33165
accept: */*

Response DefaultHttpResponse(decodeResult: success, version: HTTP/1.1)
HTTP/1.1 200 OK
Content-Length: 14
Content-Type: application/json; charset=utf-8
cache-control: no-cache

2023-04-27 17:36:24 DEBUG ChannelManager:270 ? Adding key: http://localhost:33165 for channel [id: 0xa45b6d30, L:/127.0.0.1:57109 - R:localhost/127.0.0.1:33165]
2023-04-27 17:36:24 DEBUG NettyRequestSender:593 ? Using pooled Channel '[id: 0xa45b6d30, L:/127.0.0.1:57109 - R:localhost/127.0.0.1:33165]' for 'POST' to 'http://localhost:33165/session/e69a42a4c28d59092647f6d8c62617ed/element'
2023-04-27 17:36:24 DEBUG NettyRequestSender:251 ? Using open Channel [id: 0xa45b6d30, L:/127.0.0.1:57109 - R:localhost/127.0.0.1:33165] for POST '/session/e69a42a4c28d59092647f6d8c62617ed/element'
2023-04-27 17:36:24 DEBUG HttpHandler:70 ? 

Request DefaultHttpRequest(decodeResult: success, version: HTTP/1.1)
POST /session/e69a42a4c28d59092647f6d8c62617ed/element HTTP/1.1
User-Agent: selenium/4.9.0 (java windows)
Content-Length: 69
Content-Type: application/json; charset=utf-8
host: localhost:33165
accept: */*

Response DefaultHttpResponse(decodeResult: success, version: HTTP/1.1)
HTTP/1.1 200 OK
Content-Length: 88
Content-Type: application/json; charset=utf-8
cache-control: no-cache

2023-04-27 17:36:24 DEBUG ChannelManager:270 ? Adding key: http://localhost:33165 for channel [id: 0xa45b6d30, L:/127.0.0.1:57109 - R:localhost/127.0.0.1:33165]
2023-04-27 17:36:24 DEBUG NettyRequestSender:593 ? Using pooled Channel '[id: 0xa45b6d30, L:/127.0.0.1:57109 - R:localhost/127.0.0.1:33165]' for 'POST' to 'http://localhost:33165/session/e69a42a4c28d59092647f6d8c62617ed/execute/sync'
2023-04-27 17:36:24 DEBUG NettyRequestSender:251 ? Using open Channel [id: 0xa45b6d30, L:/127.0.0.1:57109 - R:localhost/127.0.0.1:33165] for POST '/session/e69a42a4c28d59092647f6d8c62617ed/execute/sync'
2023-04-27 17:36:24 DEBUG HttpHandler:70 ? 

Request DefaultHttpRequest(decodeResult: success, version: HTTP/1.1)
POST /session/e69a42a4c28d59092647f6d8c62617ed/execute/sync HTTP/1.1
User-Agent: selenium/4.9.0 (java windows)
Content-Length: 48807
Content-Type: application/json; charset=utf-8
host: localhost:33165
accept: */*

Response DefaultHttpResponse(decodeResult: success, version: HTTP/1.1)
HTTP/1.1 200 OK
Content-Length: 14
Content-Type: application/json; charset=utf-8
cache-control: no-cache

2023-04-27 17:36:24 DEBUG ChannelManager:270 ? Adding key: http://localhost:33165 for channel [id: 0xa45b6d30, L:/127.0.0.1:57109 - R:localhost/127.0.0.1:33165]
2023-04-27 17:36:24 DEBUG NettyRequestSender:593 ? Using pooled Channel '[id: 0xa45b6d30, L:/127.0.0.1:57109 - R:localhost/127.0.0.1:33165]' for 'POST' to 'http://localhost:33165/session/e69a42a4c28d59092647f6d8c62617ed/element'
2023-04-27 17:36:24 DEBUG NettyRequestSender:251 ? Using open Channel [id: 0xa45b6d30, L:/127.0.0.1:57109 - R:localhost/127.0.0.1:33165] for POST '/session/e69a42a4c28d59092647f6d8c62617ed/element'
2023-04-27 17:36:24 DEBUG HttpHandler:70 ? 

Request DefaultHttpRequest(decodeResult: success, version: HTTP/1.1)
POST /session/e69a42a4c28d59092647f6d8c62617ed/element HTTP/1.1
User-Agent: selenium/4.9.0 (java windows)
Content-Length: 71
Content-Type: application/json; charset=utf-8
host: localhost:33165
accept: */*

Response DefaultHttpResponse(decodeResult: success, version: HTTP/1.1)
HTTP/1.1 200 OK
Content-Length: 88
Content-Type: application/json; charset=utf-8
cache-control: no-cache

2023-04-27 17:36:24 DEBUG ChannelManager:270 ? Adding key: http://localhost:33165 for channel [id: 0xa45b6d30, L:/127.0.0.1:57109 - R:localhost/127.0.0.1:33165]
2023-04-27 17:36:24 DEBUG NettyRequestSender:593 ? Using pooled Channel '[id: 0xa45b6d30, L:/127.0.0.1:57109 - R:localhost/127.0.0.1:33165]' for 'POST' to 'http://localhost:33165/session/e69a42a4c28d59092647f6d8c62617ed/execute/sync'
2023-04-27 17:36:24 DEBUG NettyRequestSender:251 ? Using open Channel [id: 0xa45b6d30, L:/127.0.0.1:57109 - R:localhost/127.0.0.1:33165] for POST '/session/e69a42a4c28d59092647f6d8c62617ed/execute/sync'
2023-04-27 17:36:24 DEBUG HttpHandler:70 ? 

Request DefaultHttpRequest(decodeResult: success, version: HTTP/1.1)
POST /session/e69a42a4c28d59092647f6d8c62617ed/execute/sync HTTP/1.1
User-Agent: selenium/4.9.0 (java windows)
Content-Length: 48807
Content-Type: application/json; charset=utf-8
host: localhost:33165
accept: */*

Response DefaultHttpResponse(decodeResult: success, version: HTTP/1.1)
HTTP/1.1 200 OK
Content-Length: 14
Content-Type: application/json; charset=utf-8
cache-control: no-cache

2023-04-27 17:36:24 DEBUG ChannelManager:270 ? Adding key: http://localhost:33165 for channel [id: 0xa45b6d30, L:/127.0.0.1:57109 - R:localhost/127.0.0.1:33165]
2023-04-27 17:36:24 DEBUG NettyRequestSender:593 ? Using pooled Channel '[id: 0xa45b6d30, L:/127.0.0.1:57109 - R:localhost/127.0.0.1:33165]' for 'POST' to 'http://localhost:33165/session/e69a42a4c28d59092647f6d8c62617ed/element'
2023-04-27 17:36:24 DEBUG NettyRequestSender:251 ? Using open Channel [id: 0xa45b6d30, L:/127.0.0.1:57109 - R:localhost/127.0.0.1:33165] for POST '/session/e69a42a4c28d59092647f6d8c62617ed/element'
2023-04-27 17:36:24 DEBUG HttpHandler:70 ? 

Request DefaultHttpRequest(decodeResult: success, version: HTTP/1.1)
POST /session/e69a42a4c28d59092647f6d8c62617ed/element HTTP/1.1
User-Agent: selenium/4.9.0 (java windows)
Content-Length: 69
Content-Type: application/json; charset=utf-8
host: localhost:33165
accept: */*

Response DefaultHttpResponse(decodeResult: success, version: HTTP/1.1)
HTTP/1.1 200 OK
Content-Length: 88
Content-Type: application/json; charset=utf-8
cache-control: no-cache

2023-04-27 17:36:24 DEBUG ChannelManager:270 ? Adding key: http://localhost:33165 for channel [id: 0xa45b6d30, L:/127.0.0.1:57109 - R:localhost/127.0.0.1:33165]
2023-04-27 17:36:24 DEBUG NettyRequestSender:593 ? Using pooled Channel '[id: 0xa45b6d30, L:/127.0.0.1:57109 - R:localhost/127.0.0.1:33165]' for 'POST' to 'http://localhost:33165/session/e69a42a4c28d59092647f6d8c62617ed/actions'
2023-04-27 17:36:24 DEBUG NettyRequestSender:251 ? Using open Channel [id: 0xa45b6d30, L:/127.0.0.1:57109 - R:localhost/127.0.0.1:33165] for POST '/session/e69a42a4c28d59092647f6d8c62617ed/actions'
2023-04-27 17:36:24 DEBUG DefaultChannelPool:348 ? Entry count for : http://localhost:57114 : 1
2023-04-27 17:36:24 DEBUG HttpHandler:70 ? 

Request DefaultHttpRequest(decodeResult: success, version: HTTP/1.1)
POST /session/e69a42a4c28d59092647f6d8c62617ed/actions HTTP/1.1
User-Agent: selenium/4.9.0 (java windows)
Content-Length: 2027
Content-Type: application/json; charset=utf-8
host: localhost:33165
accept: */*

Response DefaultHttpResponse(decodeResult: success, version: HTTP/1.1)
HTTP/1.1 200 OK
Content-Length: 14
Content-Type: application/json; charset=utf-8
cache-control: no-cache

2023-04-27 17:36:24 DEBUG ChannelManager:270 ? Adding key: http://localhost:33165 for channel [id: 0xa45b6d30, L:/127.0.0.1:57109 - R:localhost/127.0.0.1:33165]
2023-04-27 17:36:24 DEBUG NettyRequestSender:593 ? Using pooled Channel '[id: 0xa45b6d30, L:/127.0.0.1:57109 - R:localhost/127.0.0.1:33165]' for 'POST' to 'http://localhost:33165/session/e69a42a4c28d59092647f6d8c62617ed/element'
2023-04-27 17:36:24 DEBUG NettyRequestSender:251 ? Using open Channel [id: 0xa45b6d30, L:/127.0.0.1:57109 - R:localhost/127.0.0.1:33165] for POST '/session/e69a42a4c28d59092647f6d8c62617ed/element'
2023-04-27 17:36:24 DEBUG HttpHandler:70 ? 

Request DefaultHttpRequest(decodeResult: success, version: HTTP/1.1)
POST /session/e69a42a4c28d59092647f6d8c62617ed/element HTTP/1.1
User-Agent: selenium/4.9.0 (java windows)
Content-Length: 72
Content-Type: application/json; charset=utf-8
host: localhost:33165
accept: */*

Response DefaultHttpResponse(decodeResult: success, version: HTTP/1.1)
HTTP/1.1 200 OK
Content-Length: 88
Content-Type: application/json; charset=utf-8
cache-control: no-cache

2023-04-27 17:36:24 DEBUG ChannelManager:270 ? Adding key: http://localhost:33165 for channel [id: 0xa45b6d30, L:/127.0.0.1:57109 - R:localhost/127.0.0.1:33165]
2023-04-27 17:36:24 DEBUG NettyRequestSender:593 ? Using pooled Channel '[id: 0xa45b6d30, L:/127.0.0.1:57109 - R:localhost/127.0.0.1:33165]' for 'POST' to 'http://localhost:33165/session/e69a42a4c28d59092647f6d8c62617ed/actions'
2023-04-27 17:36:24 DEBUG NettyRequestSender:251 ? Using open Channel [id: 0xa45b6d30, L:/127.0.0.1:57109 - R:localhost/127.0.0.1:33165] for POST '/session/e69a42a4c28d59092647f6d8c62617ed/actions'
2023-04-27 17:36:25 DEBUG HttpHandler:70 ? 

Request DefaultHttpRequest(decodeResult: success, version: HTTP/1.1)
POST /session/e69a42a4c28d59092647f6d8c62617ed/actions HTTP/1.1
User-Agent: selenium/4.9.0 (java windows)
Content-Length: 567
Content-Type: application/json; charset=utf-8
host: localhost:33165
accept: */*

Response DefaultHttpResponse(decodeResult: success, version: HTTP/1.1)
HTTP/1.1 200 OK
Content-Length: 14
Content-Type: application/json; charset=utf-8
cache-control: no-cache

2023-04-27 17:36:25 DEBUG ChannelManager:270 ? Adding key: http://localhost:33165 for channel [id: 0xa45b6d30, L:/127.0.0.1:57109 - R:localhost/127.0.0.1:33165]
2023-04-27 17:36:25 DEBUG NettyRequestSender:593 ? Using pooled Channel '[id: 0xa45b6d30, L:/127.0.0.1:57109 - R:localhost/127.0.0.1:33165]' for 'POST' to 'http://localhost:33165/session/e69a42a4c28d59092647f6d8c62617ed/element'
2023-04-27 17:36:25 DEBUG NettyRequestSender:251 ? Using open Channel [id: 0xa45b6d30, L:/127.0.0.1:57109 - R:localhost/127.0.0.1:33165] for POST '/session/e69a42a4c28d59092647f6d8c62617ed/element'
2023-04-27 17:36:25 DEBUG HttpHandler:70 ? 

Request DefaultHttpRequest(decodeResult: success, version: HTTP/1.1)
POST /session/e69a42a4c28d59092647f6d8c62617ed/element HTTP/1.1
User-Agent: selenium/4.9.0 (java windows)
Content-Length: 71
Content-Type: application/json; charset=utf-8
host: localhost:33165
accept: */*

Response DefaultHttpResponse(decodeResult: success, version: HTTP/1.1)
HTTP/1.1 200 OK
Content-Length: 88
Content-Type: application/json; charset=utf-8
cache-control: no-cache

2023-04-27 17:36:25 DEBUG ChannelManager:270 ? Adding key: http://localhost:33165 for channel [id: 0xa45b6d30, L:/127.0.0.1:57109 - R:localhost/127.0.0.1:33165]
2023-04-27 17:36:25 DEBUG NettyRequestSender:593 ? Using pooled Channel '[id: 0xa45b6d30, L:/127.0.0.1:57109 - R:localhost/127.0.0.1:33165]' for 'POST' to 'http://localhost:33165/session/e69a42a4c28d59092647f6d8c62617ed/actions'
2023-04-27 17:36:25 DEBUG NettyRequestSender:251 ? Using open Channel [id: 0xa45b6d30, L:/127.0.0.1:57109 - R:localhost/127.0.0.1:33165] for POST '/session/e69a42a4c28d59092647f6d8c62617ed/actions'
2023-04-27 17:36:25 DEBUG HttpHandler:70 ? 

Request DefaultHttpRequest(decodeResult: success, version: HTTP/1.1)
POST /session/e69a42a4c28d59092647f6d8c62617ed/actions HTTP/1.1
User-Agent: selenium/4.9.0 (java windows)
Content-Length: 567
Content-Type: application/json; charset=utf-8
host: localhost:33165
accept: */*

Response DefaultHttpResponse(decodeResult: success, version: HTTP/1.1)
HTTP/1.1 200 OK
Content-Length: 14
Content-Type: application/json; charset=utf-8
cache-control: no-cache

2023-04-27 17:36:25 DEBUG ChannelManager:270 ? Adding key: http://localhost:33165 for channel [id: 0xa45b6d30, L:/127.0.0.1:57109 - R:localhost/127.0.0.1:33165]
2023-04-27 17:36:25 DEBUG NettyRequestSender:593 ? Using pooled Channel '[id: 0xa45b6d30, L:/127.0.0.1:57109 - R:localhost/127.0.0.1:33165]' for 'POST' to 'http://localhost:33165/session/e69a42a4c28d59092647f6d8c62617ed/element'
2023-04-27 17:36:25 DEBUG NettyRequestSender:251 ? Using open Channel [id: 0xa45b6d30, L:/127.0.0.1:57109 - R:localhost/127.0.0.1:33165] for POST '/session/e69a42a4c28d59092647f6d8c62617ed/element'
2023-04-27 17:36:25 DEBUG HttpHandler:70 ? 

Request DefaultHttpRequest(decodeResult: success, version: HTTP/1.1)
POST /session/e69a42a4c28d59092647f6d8c62617ed/element HTTP/1.1
User-Agent: selenium/4.9.0 (java windows)
Content-Length: 71
Content-Type: application/json; charset=utf-8
host: localhost:33165
accept: */*

Response DefaultHttpResponse(decodeResult: success, version: HTTP/1.1)
HTTP/1.1 200 OK
Content-Length: 88
Content-Type: application/json; charset=utf-8
cache-control: no-cache

2023-04-27 17:36:25 DEBUG ChannelManager:270 ? Adding key: http://localhost:33165 for channel [id: 0xa45b6d30, L:/127.0.0.1:57109 - R:localhost/127.0.0.1:33165]
2023-04-27 17:36:25 DEBUG NettyRequestSender:593 ? Using pooled Channel '[id: 0xa45b6d30, L:/127.0.0.1:57109 - R:localhost/127.0.0.1:33165]' for 'GET' to 'http://localhost:33165/session/e69a42a4c28d59092647f6d8c62617ed/element/163b6998-58d5-47c6-bf13-92731a67f458/enabled'
2023-04-27 17:36:25 DEBUG NettyRequestSender:251 ? Using open Channel [id: 0xa45b6d30, L:/127.0.0.1:57109 - R:localhost/127.0.0.1:33165] for GET '/session/e69a42a4c28d59092647f6d8c62617ed/element/163b6998-58d5-47c6-bf13-92731a67f458/enabled'
2023-04-27 17:36:25 DEBUG HttpHandler:70 ? 

Request DefaultFullHttpRequest(decodeResult: success, version: HTTP/1.1, content: EmptyByteBufBE)
GET /session/e69a42a4c28d59092647f6d8c62617ed/element/163b6998-58d5-47c6-bf13-92731a67f458/enabled HTTP/1.1
User-Agent: selenium/4.9.0 (java windows)
Cache-Control: no-cache
Content-Type: application/json; charset=utf-8
host: localhost:33165
accept: */*

Response DefaultHttpResponse(decodeResult: success, version: HTTP/1.1)
HTTP/1.1 200 OK
Content-Length: 14
Content-Type: application/json; charset=utf-8
cache-control: no-cache

2023-04-27 17:36:25 DEBUG ChannelManager:270 ? Adding key: http://localhost:33165 for channel [id: 0xa45b6d30, L:/127.0.0.1:57109 - R:localhost/127.0.0.1:33165]
2023-04-27 17:36:25 DEBUG NettyRequestSender:593 ? Using pooled Channel '[id: 0xa45b6d30, L:/127.0.0.1:57109 - R:localhost/127.0.0.1:33165]' for 'POST' to 'http://localhost:33165/session/e69a42a4c28d59092647f6d8c62617ed/element'
2023-04-27 17:36:25 DEBUG NettyRequestSender:251 ? Using open Channel [id: 0xa45b6d30, L:/127.0.0.1:57109 - R:localhost/127.0.0.1:33165] for POST '/session/e69a42a4c28d59092647f6d8c62617ed/element'
2023-04-27 17:36:25 DEBUG HttpHandler:70 ? 

Request DefaultHttpRequest(decodeResult: success, version: HTTP/1.1)
POST /session/e69a42a4c28d59092647f6d8c62617ed/element HTTP/1.1
User-Agent: selenium/4.9.0 (java windows)
Content-Length: 69
Content-Type: application/json; charset=utf-8
host: localhost:33165
accept: */*

Response DefaultHttpResponse(decodeResult: success, version: HTTP/1.1)
HTTP/1.1 200 OK
Content-Length: 88
Content-Type: application/json; charset=utf-8
cache-control: no-cache

2023-04-27 17:36:25 DEBUG ChannelManager:270 ? Adding key: http://localhost:33165 for channel [id: 0xa45b6d30, L:/127.0.0.1:57109 - R:localhost/127.0.0.1:33165]
2023-04-27 17:36:25 DEBUG NettyRequestSender:593 ? Using pooled Channel '[id: 0xa45b6d30, L:/127.0.0.1:57109 - R:localhost/127.0.0.1:33165]' for 'POST' to 'http://localhost:33165/session/e69a42a4c28d59092647f6d8c62617ed/actions'
2023-04-27 17:36:25 DEBUG NettyRequestSender:251 ? Using open Channel [id: 0xa45b6d30, L:/127.0.0.1:57109 - R:localhost/127.0.0.1:33165] for POST '/session/e69a42a4c28d59092647f6d8c62617ed/actions'
2023-04-27 17:36:25 DEBUG DefaultChannelPool:348 ? Entry count for : http://localhost:57114 : 1
2023-04-27 17:36:26 DEBUG HttpHandler:70 ? 

Request DefaultHttpRequest(decodeResult: success, version: HTTP/1.1)
POST /session/e69a42a4c28d59092647f6d8c62617ed/actions HTTP/1.1
User-Agent: selenium/4.9.0 (java windows)
Content-Length: 567
Content-Type: application/json; charset=utf-8
host: localhost:33165
accept: */*

Response DefaultHttpResponse(decodeResult: success, version: HTTP/1.1)
HTTP/1.1 200 OK
Content-Length: 14
Content-Type: application/json; charset=utf-8
cache-control: no-cache

2023-04-27 17:36:26 DEBUG ChannelManager:270 ? Adding key: http://localhost:33165 for channel [id: 0xa45b6d30, L:/127.0.0.1:57109 - R:localhost/127.0.0.1:33165]
2023-04-27 17:36:26 DEBUG NettyRequestSender:593 ? Using pooled Channel '[id: 0xa45b6d30, L:/127.0.0.1:57109 - R:localhost/127.0.0.1:33165]' for 'POST' to 'http://localhost:33165/session/e69a42a4c28d59092647f6d8c62617ed/element'
2023-04-27 17:36:26 DEBUG NettyRequestSender:251 ? Using open Channel [id: 0xa45b6d30, L:/127.0.0.1:57109 - R:localhost/127.0.0.1:33165] for POST '/session/e69a42a4c28d59092647f6d8c62617ed/element'
2023-04-27 17:36:26 DEBUG HttpHandler:70 ? 

Request DefaultHttpRequest(decodeResult: success, version: HTTP/1.1)
POST /session/e69a42a4c28d59092647f6d8c62617ed/element HTTP/1.1
User-Agent: selenium/4.9.0 (java windows)
Content-Length: 72
Content-Type: application/json; charset=utf-8
host: localhost:33165
accept: */*

Response DefaultHttpResponse(decodeResult: success, version: HTTP/1.1)
HTTP/1.1 200 OK
Content-Length: 88
Content-Type: application/json; charset=utf-8
cache-control: no-cache

2023-04-27 17:36:26 DEBUG ChannelManager:270 ? Adding key: http://localhost:33165 for channel [id: 0xa45b6d30, L:/127.0.0.1:57109 - R:localhost/127.0.0.1:33165]
2023-04-27 17:36:26 DEBUG NettyRequestSender:593 ? Using pooled Channel '[id: 0xa45b6d30, L:/127.0.0.1:57109 - R:localhost/127.0.0.1:33165]' for 'POST' to 'http://localhost:33165/session/e69a42a4c28d59092647f6d8c62617ed/actions'
2023-04-27 17:36:26 DEBUG NettyRequestSender:251 ? Using open Channel [id: 0xa45b6d30, L:/127.0.0.1:57109 - R:localhost/127.0.0.1:33165] for POST '/session/e69a42a4c28d59092647f6d8c62617ed/actions'
2023-04-27 17:36:26 DEBUG HttpHandler:70 ? 

Request DefaultHttpRequest(decodeResult: success, version: HTTP/1.1)
POST /session/e69a42a4c28d59092647f6d8c62617ed/actions HTTP/1.1
User-Agent: selenium/4.9.0 (java windows)
Content-Length: 2315
Content-Type: application/json; charset=utf-8
host: localhost:33165
accept: */*

Response DefaultHttpResponse(decodeResult: success, version: HTTP/1.1)
HTTP/1.1 200 OK
Content-Length: 14
Content-Type: application/json; charset=utf-8
cache-control: no-cache

2023-04-27 17:36:26 DEBUG ChannelManager:270 ? Adding key: http://localhost:33165 for channel [id: 0xa45b6d30, L:/127.0.0.1:57109 - R:localhost/127.0.0.1:33165]
2023-04-27 17:36:26 DEBUG NettyRequestSender:593 ? Using pooled Channel '[id: 0xa45b6d30, L:/127.0.0.1:57109 - R:localhost/127.0.0.1:33165]' for 'POST' to 'http://localhost:33165/session/e69a42a4c28d59092647f6d8c62617ed/element'
2023-04-27 17:36:26 DEBUG NettyRequestSender:251 ? Using open Channel [id: 0xa45b6d30, L:/127.0.0.1:57109 - R:localhost/127.0.0.1:33165] for POST '/session/e69a42a4c28d59092647f6d8c62617ed/element'
2023-04-27 17:36:26 DEBUG HttpHandler:70 ? 

Request DefaultHttpRequest(decodeResult: success, version: HTTP/1.1)
POST /session/e69a42a4c28d59092647f6d8c62617ed/element HTTP/1.1
User-Agent: selenium/4.9.0 (java windows)
Content-Length: 71
Content-Type: application/json; charset=utf-8
host: localhost:33165
accept: */*

Response DefaultHttpResponse(decodeResult: success, version: HTTP/1.1)
HTTP/1.1 200 OK
Content-Length: 88
Content-Type: application/json; charset=utf-8
cache-control: no-cache

2023-04-27 17:36:26 DEBUG ChannelManager:270 ? Adding key: http://localhost:33165 for channel [id: 0xa45b6d30, L:/127.0.0.1:57109 - R:localhost/127.0.0.1:33165]
2023-04-27 17:36:26 DEBUG NettyRequestSender:593 ? Using pooled Channel '[id: 0xa45b6d30, L:/127.0.0.1:57109 - R:localhost/127.0.0.1:33165]' for 'POST' to 'http://localhost:33165/session/e69a42a4c28d59092647f6d8c62617ed/actions'
2023-04-27 17:36:26 DEBUG NettyRequestSender:251 ? Using open Channel [id: 0xa45b6d30, L:/127.0.0.1:57109 - R:localhost/127.0.0.1:33165] for POST '/session/e69a42a4c28d59092647f6d8c62617ed/actions'
2023-04-27 17:36:26 DEBUG HttpHandler:70 ? 

Request DefaultHttpRequest(decodeResult: success, version: HTTP/1.1)
POST /session/e69a42a4c28d59092647f6d8c62617ed/actions HTTP/1.1
User-Agent: selenium/4.9.0 (java windows)
Content-Length: 567
Content-Type: application/json; charset=utf-8
host: localhost:33165
accept: */*

Response DefaultHttpResponse(decodeResult: success, version: HTTP/1.1)
HTTP/1.1 200 OK
Content-Length: 14
Content-Type: application/json; charset=utf-8
cache-control: no-cache

2023-04-27 17:36:26 DEBUG ChannelManager:270 ? Adding key: http://localhost:33165 for channel [id: 0xa45b6d30, L:/127.0.0.1:57109 - R:localhost/127.0.0.1:33165]
2023-04-27 17:36:26 DEBUG NettyRequestSender:593 ? Using pooled Channel '[id: 0xa45b6d30, L:/127.0.0.1:57109 - R:localhost/127.0.0.1:33165]' for 'POST' to 'http://localhost:33165/session/e69a42a4c28d59092647f6d8c62617ed/element'
2023-04-27 17:36:26 DEBUG NettyRequestSender:251 ? Using open Channel [id: 0xa45b6d30, L:/127.0.0.1:57109 - R:localhost/127.0.0.1:33165] for POST '/session/e69a42a4c28d59092647f6d8c62617ed/element'
2023-04-27 17:36:26 DEBUG HttpHandler:70 ? 

Request DefaultHttpRequest(decodeResult: success, version: HTTP/1.1)
POST /session/e69a42a4c28d59092647f6d8c62617ed/element HTTP/1.1
User-Agent: selenium/4.9.0 (java windows)
Content-Length: 71
Content-Type: application/json; charset=utf-8
host: localhost:33165
accept: */*

Response DefaultHttpResponse(decodeResult: success, version: HTTP/1.1)
HTTP/1.1 200 OK
Content-Length: 88
Content-Type: application/json; charset=utf-8
cache-control: no-cache

2023-04-27 17:36:26 DEBUG ChannelManager:270 ? Adding key: http://localhost:33165 for channel [id: 0xa45b6d30, L:/127.0.0.1:57109 - R:localhost/127.0.0.1:33165]
2023-04-27 17:36:26 DEBUG NettyRequestSender:593 ? Using pooled Channel '[id: 0xa45b6d30, L:/127.0.0.1:57109 - R:localhost/127.0.0.1:33165]' for 'GET' to 'http://localhost:33165/session/e69a42a4c28d59092647f6d8c62617ed/element/163b6998-58d5-47c6-bf13-92731a67f458/enabled'
2023-04-27 17:36:26 DEBUG NettyRequestSender:251 ? Using open Channel [id: 0xa45b6d30, L:/127.0.0.1:57109 - R:localhost/127.0.0.1:33165] for GET '/session/e69a42a4c28d59092647f6d8c62617ed/element/163b6998-58d5-47c6-bf13-92731a67f458/enabled'
2023-04-27 17:36:26 DEBUG HttpHandler:70 ? 

Request DefaultFullHttpRequest(decodeResult: success, version: HTTP/1.1, content: EmptyByteBufBE)
GET /session/e69a42a4c28d59092647f6d8c62617ed/element/163b6998-58d5-47c6-bf13-92731a67f458/enabled HTTP/1.1
User-Agent: selenium/4.9.0 (java windows)
Cache-Control: no-cache
Content-Type: application/json; charset=utf-8
host: localhost:33165
accept: */*

Response DefaultHttpResponse(decodeResult: success, version: HTTP/1.1)
HTTP/1.1 200 OK
Content-Length: 15
Content-Type: application/json; charset=utf-8
cache-control: no-cache

2023-04-27 17:36:26 DEBUG ChannelManager:270 ? Adding key: http://localhost:33165 for channel [id: 0xa45b6d30, L:/127.0.0.1:57109 - R:localhost/127.0.0.1:33165]
2023-04-27 17:38:04 DEBUG InternalLoggerFactory:63 ? Using SLF4J as the default logging framework
2023-04-27 17:38:04 DEBUG ResourceLeakDetector:129 ? -Dio.netty.leakDetection.level: simple
2023-04-27 17:38:04 DEBUG ResourceLeakDetector:130 ? -Dio.netty.leakDetection.targetRecords: 4
2023-04-27 17:38:04 DEBUG ResourceLeakDetectorFactory:196 ? Loaded default ResourceLeakDetector: io.netty.util.ResourceLeakDetector@5fd62371
2023-04-27 17:38:04 DEBUG PlatformDependent0:496 ? -Dio.netty.noUnsafe: false
2023-04-27 17:38:04 DEBUG PlatformDependent0:1000 ? Java version: 19
2023-04-27 17:38:04 DEBUG PlatformDependent0:137 ? sun.misc.Unsafe.theUnsafe: available
2023-04-27 17:38:04 DEBUG PlatformDependent0:161 ? sun.misc.Unsafe.copyMemory: available
2023-04-27 17:38:04 DEBUG PlatformDependent0:193 ? sun.misc.Unsafe.storeFence: available
2023-04-27 17:38:04 DEBUG PlatformDependent0:236 ? java.nio.Buffer.address: available
2023-04-27 17:38:04 DEBUG PlatformDependent0:320 ? direct buffer constructor: unavailable: Reflective setAccessible(true) disabled
2023-04-27 17:38:04 DEBUG PlatformDependent0:385 ? java.nio.Bits.unaligned: available, true
2023-04-27 17:38:04 DEBUG PlatformDependent0:452 ? jdk.internal.misc.Unsafe.allocateUninitializedArray(int): unavailable: class io.netty.util.internal.PlatformDependent0$7 cannot access class jdk.internal.misc.Unsafe (in module java.base) because module java.base does not export jdk.internal.misc to unnamed module @5679c6c6
2023-04-27 17:38:04 DEBUG PlatformDependent0:482 ? java.nio.DirectByteBuffer.<init>(long, int): unavailable
2023-04-27 17:38:04 DEBUG PlatformDependent:1159 ? sun.misc.Unsafe: available
2023-04-27 17:38:04 DEBUG PlatformDependent:1270 ? maxDirectMemory: 5339348992 bytes (maybe)
2023-04-27 17:38:04 DEBUG PlatformDependent:1289 ? -Dio.netty.tmpdir: C:\Users\rohit\AppData\Local\Temp (java.io.tmpdir)
2023-04-27 17:38:04 DEBUG PlatformDependent:1368 ? -Dio.netty.bitMode: 64 (sun.arch.data.model)
2023-04-27 17:38:04 DEBUG PlatformDependent:1119 ? Platform: Windows
2023-04-27 17:38:04 DEBUG PlatformDependent:178 ? -Dio.netty.maxDirectMemory: -1 bytes
2023-04-27 17:38:04 DEBUG PlatformDependent:185 ? -Dio.netty.uninitializedArrayAllocationThreshold: -1
2023-04-27 17:38:04 DEBUG CleanerJava9:71 ? java.nio.ByteBuffer.cleaner(): available
2023-04-27 17:38:04 DEBUG PlatformDependent:205 ? -Dio.netty.noPreferDirect: false
2023-04-27 17:38:04 DEBUG PlatformDependent:1010 ? org.jctools-core.MpscChunkedArrayQueue: available
2023-04-27 17:38:04 DEBUG InternalThreadLocalMap:100 ? -Dio.netty.threadLocalMap.stringBuilder.initialSize: 1024
2023-04-27 17:38:04 DEBUG InternalThreadLocalMap:101 ? -Dio.netty.threadLocalMap.stringBuilder.maxSize: 4096
2023-04-27 17:38:04 DEBUG JdkSslContext:83 ? Default protocols (JDK): [TLSv1.3, TLSv1.2] 
2023-04-27 17:38:04 DEBUG JdkSslContext:84 ? Default cipher suites (JDK): [TLS_ECDHE_ECDSA_WITH_AES_256_GCM_SHA384, TLS_ECDHE_ECDSA_WITH_AES_128_GCM_SHA256, TLS_ECDHE_RSA_WITH_AES_128_GCM_SHA256, TLS_ECDHE_RSA_WITH_AES_256_GCM_SHA384, TLS_ECDHE_RSA_WITH_AES_128_CBC_SHA, TLS_ECDHE_RSA_WITH_AES_256_CBC_SHA, TLS_RSA_WITH_AES_128_GCM_SHA256, TLS_RSA_WITH_AES_128_CBC_SHA, TLS_RSA_WITH_AES_256_CBC_SHA, TLS_AES_128_GCM_SHA256, TLS_AES_256_GCM_SHA384]
2023-04-27 17:38:04 DEBUG GlobalEventExecutor:53 ? -Dio.netty.globalEventExecutor.quietPeriodSeconds: 1
2023-04-27 17:38:04 DEBUG MultithreadEventLoopGroup:44 ? -Dio.netty.eventLoopThreads: 16
2023-04-27 17:38:04 DEBUG NioEventLoop:110 ? -Dio.netty.noKeySetOptimization: false
2023-04-27 17:38:04 DEBUG NioEventLoop:111 ? -Dio.netty.selectorAutoRebuildThreshold: 512
2023-04-27 17:38:04 DEBUG PooledByteBufAllocator:157 ? -Dio.netty.allocator.numHeapArenas: 16
2023-04-27 17:38:04 DEBUG PooledByteBufAllocator:158 ? -Dio.netty.allocator.numDirectArenas: 16
2023-04-27 17:38:04 DEBUG PooledByteBufAllocator:160 ? -Dio.netty.allocator.pageSize: 8192
2023-04-27 17:38:04 DEBUG PooledByteBufAllocator:165 ? -Dio.netty.allocator.maxOrder: 9
2023-04-27 17:38:04 DEBUG PooledByteBufAllocator:169 ? -Dio.netty.allocator.chunkSize: 4194304
2023-04-27 17:38:04 DEBUG PooledByteBufAllocator:170 ? -Dio.netty.allocator.smallCacheSize: 256
2023-04-27 17:38:04 DEBUG PooledByteBufAllocator:171 ? -Dio.netty.allocator.normalCacheSize: 64
2023-04-27 17:38:04 DEBUG PooledByteBufAllocator:172 ? -Dio.netty.allocator.maxCachedBufferCapacity: 32768
2023-04-27 17:38:04 DEBUG PooledByteBufAllocator:173 ? -Dio.netty.allocator.cacheTrimInterval: 8192
2023-04-27 17:38:04 DEBUG PooledByteBufAllocator:174 ? -Dio.netty.allocator.cacheTrimIntervalMillis: 0
2023-04-27 17:38:04 DEBUG PooledByteBufAllocator:175 ? -Dio.netty.allocator.useCacheForAllThreads: false
2023-04-27 17:38:04 DEBUG PooledByteBufAllocator:176 ? -Dio.netty.allocator.maxCachedByteBuffersPerChunk: 1023
2023-04-27 17:38:05 DEBUG ByteBufUtil:88 ? -Dio.netty.allocator.type: pooled
2023-04-27 17:38:05 DEBUG ByteBufUtil:97 ? -Dio.netty.threadLocalDirectBufferSize: 0
2023-04-27 17:38:05 DEBUG ByteBufUtil:100 ? -Dio.netty.maxThreadLocalCharBufferSize: 16384
2023-04-27 17:38:05 DEBUG DefaultChannelId:79 ? -Dio.netty.processId: 5032 (auto-detected)
2023-04-27 17:38:05 DEBUG NetUtil:148 ? -Djava.net.preferIPv4Stack: false
2023-04-27 17:38:05 DEBUG NetUtil:149 ? -Djava.net.preferIPv6Addresses: false
2023-04-27 17:38:05 DEBUG NetUtilInitializations:145 ? Loopback interface: lo (Software Loopback Interface 1, 127.0.0.1)
2023-04-27 17:38:05 DEBUG NetUtil:206 ? Failed to get SOMAXCONN from sysctl and file \proc\sys\net\core\somaxconn. Default: 200
2023-04-27 17:38:05 DEBUG DefaultChannelId:101 ? -Dio.netty.machineId: 70:c9:4e:ff:fe:a9:98:9d (auto-detected)
2023-04-27 17:38:05 DEBUG AbstractByteBuf:63 ? -Dio.netty.buffer.checkAccessible: true
2023-04-27 17:38:05 DEBUG AbstractByteBuf:64 ? -Dio.netty.buffer.checkBounds: true
2023-04-27 17:38:05 DEBUG ResourceLeakDetectorFactory:196 ? Loaded default ResourceLeakDetector: io.netty.util.ResourceLeakDetector@470e7bbe
2023-04-27 17:38:05 DEBUG NettyConnectListener:73 ? Using new Channel '[id: 0x08f0b040, L:/127.0.0.1:57454 - R:localhost/127.0.0.1:13775]' for 'POST' to '/session'
2023-04-27 17:38:05 DEBUG Recycler:96 ? -Dio.netty.recycler.maxCapacityPerThread: 4096
2023-04-27 17:38:05 DEBUG Recycler:97 ? -Dio.netty.recycler.ratio: 8
2023-04-27 17:38:05 DEBUG Recycler:98 ? -Dio.netty.recycler.chunkSize: 32
2023-04-27 17:38:05 DEBUG Recycler:99 ? -Dio.netty.recycler.blocking: false
2023-04-27 17:38:05 DEBUG Recycler:100 ? -Dio.netty.recycler.batchFastThreadLocalOnly: true
2023-04-27 17:38:06 DEBUG Brotli:38 ? brotli4j not in the classpath; Brotli support will be unavailable.
2023-04-27 17:38:06 DEBUG HttpHandler:70 ? 

Request DefaultHttpRequest(decodeResult: success, version: HTTP/1.1)
POST /session HTTP/1.1
User-Agent: selenium/4.9.0 (java windows)
Content-Length: 254
Content-Type: application/json; charset=utf-8
host: localhost:13775
accept: */*

Response DefaultHttpResponse(decodeResult: success, version: HTTP/1.1)
HTTP/1.1 200 OK
Content-Length: 859
Content-Type: application/json; charset=utf-8
cache-control: no-cache

2023-04-27 17:38:06 DEBUG ChannelManager:270 ? Adding key: http://localhost:13775 for channel [id: 0x08f0b040, L:/127.0.0.1:57454 - R:localhost/127.0.0.1:13775]
2023-04-27 17:38:07 DEBUG DefaultChannelPool:348 ? Entry count for : http://localhost:13775 : 1
2023-04-27 17:38:07 DEBUG NettyConnectListener:73 ? Using new Channel '[id: 0xa9933460, L:/127.0.0.1:57473 - R:localhost/127.0.0.1:57458]' for 'GET' to '/json/version'
2023-04-27 17:38:07 DEBUG HttpHandler:70 ? 

Request DefaultFullHttpRequest(decodeResult: success, version: HTTP/1.1, content: EmptyByteBufBE)
GET /json/version HTTP/1.1
User-Agent: selenium/4.9.0 (java windows)
host: localhost:57458
accept: */*

Response DefaultHttpResponse(decodeResult: success, version: HTTP/1.1)
HTTP/1.1 200 OK
Content-Security-Policy: frame-ancestors 'none'
Content-Length: 424
Content-Type: application/json; charset=UTF-8

2023-04-27 17:38:07 DEBUG ChannelManager:270 ? Adding key: http://localhost:57458 for channel [id: 0xa9933460, L:/127.0.0.1:57473 - R:localhost/127.0.0.1:57458]
2023-04-27 17:38:07 DEBUG ThreadLocalRandom:214 ? -Dio.netty.initialSeedUniquifier: 0x8f42e094f8b1d9df
2023-04-27 17:38:07 DEBUG NettyConnectListener:73 ? Using new Channel '[id: 0xaf42ad69, L:/127.0.0.1:57474 - R:localhost/127.0.0.1:57458]' for 'GET' to '/devtools/browser/9452a629-b69f-42b7-87e8-e2436640baef'
2023-04-27 17:38:07 DEBUG WebSocketHandler:105 ? 

Request DefaultFullHttpRequest(decodeResult: success, version: HTTP/1.1, content: EmptyByteBufBE)
GET /devtools/browser/9452a629-b69f-42b7-87e8-e2436640baef HTTP/1.1
upgrade: websocket
connection: upgrade
sec-websocket-key: GVkPxtaF8e5EoUCyksMqaw==
sec-websocket-version: 13
origin: http://localhost:57458
host: localhost:57458
accept: */*
user-agent: AHC/2.1

Response DefaultHttpResponse(decodeResult: success, version: HTTP/1.1)
HTTP/1.1 101 WebSocket Protocol Handshake
Upgrade: WebSocket
Connection: Upgrade
Sec-WebSocket-Accept: /1NgL396pA8S/BDPF9/vdu6Y+TY=

2023-04-27 17:38:07 DEBUG NettyRequestSender:593 ? Using pooled Channel '[id: 0x08f0b040, L:/127.0.0.1:57454 - R:localhost/127.0.0.1:13775]' for 'POST' to 'http://localhost:13775/session/92661281b2250bb18915f3adf95c44e5/window/maximize'
2023-04-27 17:38:07 DEBUG NettyRequestSender:251 ? Using open Channel [id: 0x08f0b040, L:/127.0.0.1:57454 - R:localhost/127.0.0.1:13775] for POST '/session/92661281b2250bb18915f3adf95c44e5/window/maximize'
2023-04-27 17:38:07 DEBUG HttpHandler:70 ? 

Request DefaultHttpRequest(decodeResult: success, version: HTTP/1.1)
POST /session/92661281b2250bb18915f3adf95c44e5/window/maximize HTTP/1.1
User-Agent: selenium/4.9.0 (java windows)
Content-Length: 3
Content-Type: application/json; charset=utf-8
host: localhost:13775
accept: */*

Response DefaultHttpResponse(decodeResult: success, version: HTTP/1.1)
HTTP/1.1 200 OK
Content-Length: 52
Content-Type: application/json; charset=utf-8
cache-control: no-cache

2023-04-27 17:38:07 DEBUG ChannelManager:270 ? Adding key: http://localhost:13775 for channel [id: 0x08f0b040, L:/127.0.0.1:57454 - R:localhost/127.0.0.1:13775]
2023-04-27 17:38:07 DEBUG NettyRequestSender:593 ? Using pooled Channel '[id: 0x08f0b040, L:/127.0.0.1:57454 - R:localhost/127.0.0.1:13775]' for 'POST' to 'http://localhost:13775/session/92661281b2250bb18915f3adf95c44e5/timeouts'
2023-04-27 17:38:07 DEBUG NettyRequestSender:251 ? Using open Channel [id: 0x08f0b040, L:/127.0.0.1:57454 - R:localhost/127.0.0.1:13775] for POST '/session/92661281b2250bb18915f3adf95c44e5/timeouts'
2023-04-27 17:38:07 DEBUG HttpHandler:70 ? 

Request DefaultHttpRequest(decodeResult: success, version: HTTP/1.1)
POST /session/92661281b2250bb18915f3adf95c44e5/timeouts HTTP/1.1
User-Agent: selenium/4.9.0 (java windows)
Content-Length: 23
Content-Type: application/json; charset=utf-8
host: localhost:13775
accept: */*

Response DefaultHttpResponse(decodeResult: success, version: HTTP/1.1)
HTTP/1.1 200 OK
Content-Length: 14
Content-Type: application/json; charset=utf-8
cache-control: no-cache

2023-04-27 17:38:07 DEBUG ChannelManager:270 ? Adding key: http://localhost:13775 for channel [id: 0x08f0b040, L:/127.0.0.1:57454 - R:localhost/127.0.0.1:13775]
2023-04-27 17:38:07 DEBUG NettyRequestSender:593 ? Using pooled Channel '[id: 0x08f0b040, L:/127.0.0.1:57454 - R:localhost/127.0.0.1:13775]' for 'POST' to 'http://localhost:13775/session/92661281b2250bb18915f3adf95c44e5/url'
2023-04-27 17:38:07 DEBUG NettyRequestSender:251 ? Using open Channel [id: 0x08f0b040, L:/127.0.0.1:57454 - R:localhost/127.0.0.1:13775] for POST '/session/92661281b2250bb18915f3adf95c44e5/url'
2023-04-27 17:38:08 DEBUG DefaultChannelPool:348 ? Entry count for : http://localhost:57458 : 1
2023-04-27 17:38:08 DEBUG HttpHandler:70 ? 

Request DefaultHttpRequest(decodeResult: success, version: HTTP/1.1)
POST /session/92661281b2250bb18915f3adf95c44e5/url HTTP/1.1
User-Agent: selenium/4.9.0 (java windows)
Content-Length: 59
Content-Type: application/json; charset=utf-8
host: localhost:13775
accept: */*

Response DefaultHttpResponse(decodeResult: success, version: HTTP/1.1)
HTTP/1.1 200 OK
Content-Length: 14
Content-Type: application/json; charset=utf-8
cache-control: no-cache

2023-04-27 17:38:08 DEBUG ChannelManager:270 ? Adding key: http://localhost:13775 for channel [id: 0x08f0b040, L:/127.0.0.1:57454 - R:localhost/127.0.0.1:13775]
2023-04-27 17:38:08 DEBUG NettyRequestSender:593 ? Using pooled Channel '[id: 0x08f0b040, L:/127.0.0.1:57454 - R:localhost/127.0.0.1:13775]' for 'POST' to 'http://localhost:13775/session/92661281b2250bb18915f3adf95c44e5/element'
2023-04-27 17:38:08 DEBUG NettyRequestSender:251 ? Using open Channel [id: 0x08f0b040, L:/127.0.0.1:57454 - R:localhost/127.0.0.1:13775] for POST '/session/92661281b2250bb18915f3adf95c44e5/element'
2023-04-27 17:38:08 DEBUG HttpHandler:70 ? 

Request DefaultHttpRequest(decodeResult: success, version: HTTP/1.1)
POST /session/92661281b2250bb18915f3adf95c44e5/element HTTP/1.1
User-Agent: selenium/4.9.0 (java windows)
Content-Length: 72
Content-Type: application/json; charset=utf-8
host: localhost:13775
accept: */*

Response DefaultHttpResponse(decodeResult: success, version: HTTP/1.1)
HTTP/1.1 200 OK
Content-Length: 88
Content-Type: application/json; charset=utf-8
cache-control: no-cache

2023-04-27 17:38:08 DEBUG ChannelManager:270 ? Adding key: http://localhost:13775 for channel [id: 0x08f0b040, L:/127.0.0.1:57454 - R:localhost/127.0.0.1:13775]
2023-04-27 17:38:08 DEBUG NettyRequestSender:593 ? Using pooled Channel '[id: 0x08f0b040, L:/127.0.0.1:57454 - R:localhost/127.0.0.1:13775]' for 'POST' to 'http://localhost:13775/session/92661281b2250bb18915f3adf95c44e5/execute/sync'
2023-04-27 17:38:08 DEBUG NettyRequestSender:251 ? Using open Channel [id: 0x08f0b040, L:/127.0.0.1:57454 - R:localhost/127.0.0.1:13775] for POST '/session/92661281b2250bb18915f3adf95c44e5/execute/sync'
2023-04-27 17:38:08 DEBUG HttpHandler:70 ? 

Request DefaultHttpRequest(decodeResult: success, version: HTTP/1.1)
POST /session/92661281b2250bb18915f3adf95c44e5/execute/sync HTTP/1.1
User-Agent: selenium/4.9.0 (java windows)
Content-Length: 48807
Content-Type: application/json; charset=utf-8
host: localhost:13775
accept: */*

Response DefaultHttpResponse(decodeResult: success, version: HTTP/1.1)
HTTP/1.1 200 OK
Content-Length: 14
Content-Type: application/json; charset=utf-8
cache-control: no-cache

2023-04-27 17:38:08 DEBUG ChannelManager:270 ? Adding key: http://localhost:13775 for channel [id: 0x08f0b040, L:/127.0.0.1:57454 - R:localhost/127.0.0.1:13775]
2023-04-27 17:38:08 DEBUG NettyRequestSender:593 ? Using pooled Channel '[id: 0x08f0b040, L:/127.0.0.1:57454 - R:localhost/127.0.0.1:13775]' for 'POST' to 'http://localhost:13775/session/92661281b2250bb18915f3adf95c44e5/element'
2023-04-27 17:38:08 DEBUG NettyRequestSender:251 ? Using open Channel [id: 0x08f0b040, L:/127.0.0.1:57454 - R:localhost/127.0.0.1:13775] for POST '/session/92661281b2250bb18915f3adf95c44e5/element'
2023-04-27 17:38:08 DEBUG HttpHandler:70 ? 

Request DefaultHttpRequest(decodeResult: success, version: HTTP/1.1)
POST /session/92661281b2250bb18915f3adf95c44e5/element HTTP/1.1
User-Agent: selenium/4.9.0 (java windows)
Content-Length: 69
Content-Type: application/json; charset=utf-8
host: localhost:13775
accept: */*

Response DefaultHttpResponse(decodeResult: success, version: HTTP/1.1)
HTTP/1.1 200 OK
Content-Length: 88
Content-Type: application/json; charset=utf-8
cache-control: no-cache

2023-04-27 17:38:08 DEBUG ChannelManager:270 ? Adding key: http://localhost:13775 for channel [id: 0x08f0b040, L:/127.0.0.1:57454 - R:localhost/127.0.0.1:13775]
2023-04-27 17:38:08 DEBUG NettyRequestSender:593 ? Using pooled Channel '[id: 0x08f0b040, L:/127.0.0.1:57454 - R:localhost/127.0.0.1:13775]' for 'POST' to 'http://localhost:13775/session/92661281b2250bb18915f3adf95c44e5/execute/sync'
2023-04-27 17:38:08 DEBUG NettyRequestSender:251 ? Using open Channel [id: 0x08f0b040, L:/127.0.0.1:57454 - R:localhost/127.0.0.1:13775] for POST '/session/92661281b2250bb18915f3adf95c44e5/execute/sync'
2023-04-27 17:38:08 DEBUG HttpHandler:70 ? 

Request DefaultHttpRequest(decodeResult: success, version: HTTP/1.1)
POST /session/92661281b2250bb18915f3adf95c44e5/execute/sync HTTP/1.1
User-Agent: selenium/4.9.0 (java windows)
Content-Length: 48807
Content-Type: application/json; charset=utf-8
host: localhost:13775
accept: */*

Response DefaultHttpResponse(decodeResult: success, version: HTTP/1.1)
HTTP/1.1 200 OK
Content-Length: 14
Content-Type: application/json; charset=utf-8
cache-control: no-cache

2023-04-27 17:38:08 DEBUG ChannelManager:270 ? Adding key: http://localhost:13775 for channel [id: 0x08f0b040, L:/127.0.0.1:57454 - R:localhost/127.0.0.1:13775]
2023-04-27 17:38:08 DEBUG NettyRequestSender:593 ? Using pooled Channel '[id: 0x08f0b040, L:/127.0.0.1:57454 - R:localhost/127.0.0.1:13775]' for 'POST' to 'http://localhost:13775/session/92661281b2250bb18915f3adf95c44e5/element'
2023-04-27 17:38:08 DEBUG NettyRequestSender:251 ? Using open Channel [id: 0x08f0b040, L:/127.0.0.1:57454 - R:localhost/127.0.0.1:13775] for POST '/session/92661281b2250bb18915f3adf95c44e5/element'
2023-04-27 17:38:08 DEBUG HttpHandler:70 ? 

Request DefaultHttpRequest(decodeResult: success, version: HTTP/1.1)
POST /session/92661281b2250bb18915f3adf95c44e5/element HTTP/1.1
User-Agent: selenium/4.9.0 (java windows)
Content-Length: 71
Content-Type: application/json; charset=utf-8
host: localhost:13775
accept: */*

Response DefaultHttpResponse(decodeResult: success, version: HTTP/1.1)
HTTP/1.1 200 OK
Content-Length: 88
Content-Type: application/json; charset=utf-8
cache-control: no-cache

2023-04-27 17:38:08 DEBUG ChannelManager:270 ? Adding key: http://localhost:13775 for channel [id: 0x08f0b040, L:/127.0.0.1:57454 - R:localhost/127.0.0.1:13775]
2023-04-27 17:38:08 DEBUG NettyRequestSender:593 ? Using pooled Channel '[id: 0x08f0b040, L:/127.0.0.1:57454 - R:localhost/127.0.0.1:13775]' for 'POST' to 'http://localhost:13775/session/92661281b2250bb18915f3adf95c44e5/execute/sync'
2023-04-27 17:38:08 DEBUG NettyRequestSender:251 ? Using open Channel [id: 0x08f0b040, L:/127.0.0.1:57454 - R:localhost/127.0.0.1:13775] for POST '/session/92661281b2250bb18915f3adf95c44e5/execute/sync'
2023-04-27 17:38:08 DEBUG HttpHandler:70 ? 

Request DefaultHttpRequest(decodeResult: success, version: HTTP/1.1)
POST /session/92661281b2250bb18915f3adf95c44e5/execute/sync HTTP/1.1
User-Agent: selenium/4.9.0 (java windows)
Content-Length: 48807
Content-Type: application/json; charset=utf-8
host: localhost:13775
accept: */*

Response DefaultHttpResponse(decodeResult: success, version: HTTP/1.1)
HTTP/1.1 200 OK
Content-Length: 14
Content-Type: application/json; charset=utf-8
cache-control: no-cache

2023-04-27 17:38:08 DEBUG ChannelManager:270 ? Adding key: http://localhost:13775 for channel [id: 0x08f0b040, L:/127.0.0.1:57454 - R:localhost/127.0.0.1:13775]
2023-04-27 17:38:08 DEBUG NettyRequestSender:593 ? Using pooled Channel '[id: 0x08f0b040, L:/127.0.0.1:57454 - R:localhost/127.0.0.1:13775]' for 'POST' to 'http://localhost:13775/session/92661281b2250bb18915f3adf95c44e5/element'
2023-04-27 17:38:08 DEBUG NettyRequestSender:251 ? Using open Channel [id: 0x08f0b040, L:/127.0.0.1:57454 - R:localhost/127.0.0.1:13775] for POST '/session/92661281b2250bb18915f3adf95c44e5/element'
2023-04-27 17:38:08 DEBUG HttpHandler:70 ? 

Request DefaultHttpRequest(decodeResult: success, version: HTTP/1.1)
POST /session/92661281b2250bb18915f3adf95c44e5/element HTTP/1.1
User-Agent: selenium/4.9.0 (java windows)
Content-Length: 72
Content-Type: application/json; charset=utf-8
host: localhost:13775
accept: */*

Response DefaultHttpResponse(decodeResult: success, version: HTTP/1.1)
HTTP/1.1 200 OK
Content-Length: 88
Content-Type: application/json; charset=utf-8
cache-control: no-cache

2023-04-27 17:38:08 DEBUG ChannelManager:270 ? Adding key: http://localhost:13775 for channel [id: 0x08f0b040, L:/127.0.0.1:57454 - R:localhost/127.0.0.1:13775]
2023-04-27 17:38:08 DEBUG NettyRequestSender:593 ? Using pooled Channel '[id: 0x08f0b040, L:/127.0.0.1:57454 - R:localhost/127.0.0.1:13775]' for 'POST' to 'http://localhost:13775/session/92661281b2250bb18915f3adf95c44e5/execute/sync'
2023-04-27 17:38:08 DEBUG NettyRequestSender:251 ? Using open Channel [id: 0x08f0b040, L:/127.0.0.1:57454 - R:localhost/127.0.0.1:13775] for POST '/session/92661281b2250bb18915f3adf95c44e5/execute/sync'
2023-04-27 17:38:08 DEBUG HttpHandler:70 ? 

Request DefaultHttpRequest(decodeResult: success, version: HTTP/1.1)
POST /session/92661281b2250bb18915f3adf95c44e5/execute/sync HTTP/1.1
User-Agent: selenium/4.9.0 (java windows)
Content-Length: 48807
Content-Type: application/json; charset=utf-8
host: localhost:13775
accept: */*

Response DefaultHttpResponse(decodeResult: success, version: HTTP/1.1)
HTTP/1.1 200 OK
Content-Length: 14
Content-Type: application/json; charset=utf-8
cache-control: no-cache

2023-04-27 17:38:08 DEBUG ChannelManager:270 ? Adding key: http://localhost:13775 for channel [id: 0x08f0b040, L:/127.0.0.1:57454 - R:localhost/127.0.0.1:13775]
2023-04-27 17:38:08 DEBUG NettyRequestSender:593 ? Using pooled Channel '[id: 0x08f0b040, L:/127.0.0.1:57454 - R:localhost/127.0.0.1:13775]' for 'POST' to 'http://localhost:13775/session/92661281b2250bb18915f3adf95c44e5/element'
2023-04-27 17:38:08 DEBUG NettyRequestSender:251 ? Using open Channel [id: 0x08f0b040, L:/127.0.0.1:57454 - R:localhost/127.0.0.1:13775] for POST '/session/92661281b2250bb18915f3adf95c44e5/element'
2023-04-27 17:38:08 DEBUG HttpHandler:70 ? 

Request DefaultHttpRequest(decodeResult: success, version: HTTP/1.1)
POST /session/92661281b2250bb18915f3adf95c44e5/element HTTP/1.1
User-Agent: selenium/4.9.0 (java windows)
Content-Length: 69
Content-Type: application/json; charset=utf-8
host: localhost:13775
accept: */*

Response DefaultHttpResponse(decodeResult: success, version: HTTP/1.1)
HTTP/1.1 200 OK
Content-Length: 88
Content-Type: application/json; charset=utf-8
cache-control: no-cache

2023-04-27 17:38:08 DEBUG ChannelManager:270 ? Adding key: http://localhost:13775 for channel [id: 0x08f0b040, L:/127.0.0.1:57454 - R:localhost/127.0.0.1:13775]
2023-04-27 17:38:08 DEBUG NettyRequestSender:593 ? Using pooled Channel '[id: 0x08f0b040, L:/127.0.0.1:57454 - R:localhost/127.0.0.1:13775]' for 'POST' to 'http://localhost:13775/session/92661281b2250bb18915f3adf95c44e5/execute/sync'
2023-04-27 17:38:08 DEBUG NettyRequestSender:251 ? Using open Channel [id: 0x08f0b040, L:/127.0.0.1:57454 - R:localhost/127.0.0.1:13775] for POST '/session/92661281b2250bb18915f3adf95c44e5/execute/sync'
2023-04-27 17:38:08 DEBUG HttpHandler:70 ? 

Request DefaultHttpRequest(decodeResult: success, version: HTTP/1.1)
POST /session/92661281b2250bb18915f3adf95c44e5/execute/sync HTTP/1.1
User-Agent: selenium/4.9.0 (java windows)
Content-Length: 48807
Content-Type: application/json; charset=utf-8
host: localhost:13775
accept: */*

Response DefaultHttpResponse(decodeResult: success, version: HTTP/1.1)
HTTP/1.1 200 OK
Content-Length: 14
Content-Type: application/json; charset=utf-8
cache-control: no-cache

2023-04-27 17:38:08 DEBUG ChannelManager:270 ? Adding key: http://localhost:13775 for channel [id: 0x08f0b040, L:/127.0.0.1:57454 - R:localhost/127.0.0.1:13775]
2023-04-27 17:38:08 DEBUG NettyRequestSender:593 ? Using pooled Channel '[id: 0x08f0b040, L:/127.0.0.1:57454 - R:localhost/127.0.0.1:13775]' for 'POST' to 'http://localhost:13775/session/92661281b2250bb18915f3adf95c44e5/element'
2023-04-27 17:38:08 DEBUG NettyRequestSender:251 ? Using open Channel [id: 0x08f0b040, L:/127.0.0.1:57454 - R:localhost/127.0.0.1:13775] for POST '/session/92661281b2250bb18915f3adf95c44e5/element'
2023-04-27 17:38:08 DEBUG HttpHandler:70 ? 

Request DefaultHttpRequest(decodeResult: success, version: HTTP/1.1)
POST /session/92661281b2250bb18915f3adf95c44e5/element HTTP/1.1
User-Agent: selenium/4.9.0 (java windows)
Content-Length: 71
Content-Type: application/json; charset=utf-8
host: localhost:13775
accept: */*

Response DefaultHttpResponse(decodeResult: success, version: HTTP/1.1)
HTTP/1.1 200 OK
Content-Length: 88
Content-Type: application/json; charset=utf-8
cache-control: no-cache

2023-04-27 17:38:08 DEBUG ChannelManager:270 ? Adding key: http://localhost:13775 for channel [id: 0x08f0b040, L:/127.0.0.1:57454 - R:localhost/127.0.0.1:13775]
2023-04-27 17:38:08 DEBUG NettyRequestSender:593 ? Using pooled Channel '[id: 0x08f0b040, L:/127.0.0.1:57454 - R:localhost/127.0.0.1:13775]' for 'POST' to 'http://localhost:13775/session/92661281b2250bb18915f3adf95c44e5/execute/sync'
2023-04-27 17:38:08 DEBUG NettyRequestSender:251 ? Using open Channel [id: 0x08f0b040, L:/127.0.0.1:57454 - R:localhost/127.0.0.1:13775] for POST '/session/92661281b2250bb18915f3adf95c44e5/execute/sync'
2023-04-27 17:38:08 DEBUG HttpHandler:70 ? 

Request DefaultHttpRequest(decodeResult: success, version: HTTP/1.1)
POST /session/92661281b2250bb18915f3adf95c44e5/execute/sync HTTP/1.1
User-Agent: selenium/4.9.0 (java windows)
Content-Length: 48807
Content-Type: application/json; charset=utf-8
host: localhost:13775
accept: */*

Response DefaultHttpResponse(decodeResult: success, version: HTTP/1.1)
HTTP/1.1 200 OK
Content-Length: 14
Content-Type: application/json; charset=utf-8
cache-control: no-cache

2023-04-27 17:38:08 DEBUG ChannelManager:270 ? Adding key: http://localhost:13775 for channel [id: 0x08f0b040, L:/127.0.0.1:57454 - R:localhost/127.0.0.1:13775]
2023-04-27 17:38:08 DEBUG NettyRequestSender:593 ? Using pooled Channel '[id: 0x08f0b040, L:/127.0.0.1:57454 - R:localhost/127.0.0.1:13775]' for 'POST' to 'http://localhost:13775/session/92661281b2250bb18915f3adf95c44e5/element'
2023-04-27 17:38:08 DEBUG NettyRequestSender:251 ? Using open Channel [id: 0x08f0b040, L:/127.0.0.1:57454 - R:localhost/127.0.0.1:13775] for POST '/session/92661281b2250bb18915f3adf95c44e5/element'
2023-04-27 17:38:08 DEBUG HttpHandler:70 ? 

Request DefaultHttpRequest(decodeResult: success, version: HTTP/1.1)
POST /session/92661281b2250bb18915f3adf95c44e5/element HTTP/1.1
User-Agent: selenium/4.9.0 (java windows)
Content-Length: 69
Content-Type: application/json; charset=utf-8
host: localhost:13775
accept: */*

Response DefaultHttpResponse(decodeResult: success, version: HTTP/1.1)
HTTP/1.1 200 OK
Content-Length: 88
Content-Type: application/json; charset=utf-8
cache-control: no-cache

2023-04-27 17:38:08 DEBUG ChannelManager:270 ? Adding key: http://localhost:13775 for channel [id: 0x08f0b040, L:/127.0.0.1:57454 - R:localhost/127.0.0.1:13775]
2023-04-27 17:38:08 DEBUG NettyRequestSender:593 ? Using pooled Channel '[id: 0x08f0b040, L:/127.0.0.1:57454 - R:localhost/127.0.0.1:13775]' for 'POST' to 'http://localhost:13775/session/92661281b2250bb18915f3adf95c44e5/actions'
2023-04-27 17:38:08 DEBUG NettyRequestSender:251 ? Using open Channel [id: 0x08f0b040, L:/127.0.0.1:57454 - R:localhost/127.0.0.1:13775] for POST '/session/92661281b2250bb18915f3adf95c44e5/actions'
2023-04-27 17:38:08 DEBUG HttpHandler:70 ? 

Request DefaultHttpRequest(decodeResult: success, version: HTTP/1.1)
POST /session/92661281b2250bb18915f3adf95c44e5/actions HTTP/1.1
User-Agent: selenium/4.9.0 (java windows)
Content-Length: 2027
Content-Type: application/json; charset=utf-8
host: localhost:13775
accept: */*

Response DefaultHttpResponse(decodeResult: success, version: HTTP/1.1)
HTTP/1.1 200 OK
Content-Length: 14
Content-Type: application/json; charset=utf-8
cache-control: no-cache

2023-04-27 17:38:08 DEBUG ChannelManager:270 ? Adding key: http://localhost:13775 for channel [id: 0x08f0b040, L:/127.0.0.1:57454 - R:localhost/127.0.0.1:13775]
2023-04-27 17:38:08 DEBUG NettyRequestSender:593 ? Using pooled Channel '[id: 0x08f0b040, L:/127.0.0.1:57454 - R:localhost/127.0.0.1:13775]' for 'POST' to 'http://localhost:13775/session/92661281b2250bb18915f3adf95c44e5/element'
2023-04-27 17:38:08 DEBUG NettyRequestSender:251 ? Using open Channel [id: 0x08f0b040, L:/127.0.0.1:57454 - R:localhost/127.0.0.1:13775] for POST '/session/92661281b2250bb18915f3adf95c44e5/element'
2023-04-27 17:38:08 DEBUG HttpHandler:70 ? 

Request DefaultHttpRequest(decodeResult: success, version: HTTP/1.1)
POST /session/92661281b2250bb18915f3adf95c44e5/element HTTP/1.1
User-Agent: selenium/4.9.0 (java windows)
Content-Length: 72
Content-Type: application/json; charset=utf-8
host: localhost:13775
accept: */*

Response DefaultHttpResponse(decodeResult: success, version: HTTP/1.1)
HTTP/1.1 200 OK
Content-Length: 88
Content-Type: application/json; charset=utf-8
cache-control: no-cache

2023-04-27 17:38:08 DEBUG ChannelManager:270 ? Adding key: http://localhost:13775 for channel [id: 0x08f0b040, L:/127.0.0.1:57454 - R:localhost/127.0.0.1:13775]
2023-04-27 17:38:08 DEBUG NettyRequestSender:593 ? Using pooled Channel '[id: 0x08f0b040, L:/127.0.0.1:57454 - R:localhost/127.0.0.1:13775]' for 'POST' to 'http://localhost:13775/session/92661281b2250bb18915f3adf95c44e5/actions'
2023-04-27 17:38:08 DEBUG NettyRequestSender:251 ? Using open Channel [id: 0x08f0b040, L:/127.0.0.1:57454 - R:localhost/127.0.0.1:13775] for POST '/session/92661281b2250bb18915f3adf95c44e5/actions'
2023-04-27 17:38:09 DEBUG HttpHandler:70 ? 

Request DefaultHttpRequest(decodeResult: success, version: HTTP/1.1)
POST /session/92661281b2250bb18915f3adf95c44e5/actions HTTP/1.1
User-Agent: selenium/4.9.0 (java windows)
Content-Length: 567
Content-Type: application/json; charset=utf-8
host: localhost:13775
accept: */*

Response DefaultHttpResponse(decodeResult: success, version: HTTP/1.1)
HTTP/1.1 200 OK
Content-Length: 14
Content-Type: application/json; charset=utf-8
cache-control: no-cache

2023-04-27 17:38:09 DEBUG ChannelManager:270 ? Adding key: http://localhost:13775 for channel [id: 0x08f0b040, L:/127.0.0.1:57454 - R:localhost/127.0.0.1:13775]
2023-04-27 17:38:09 DEBUG NettyRequestSender:593 ? Using pooled Channel '[id: 0x08f0b040, L:/127.0.0.1:57454 - R:localhost/127.0.0.1:13775]' for 'POST' to 'http://localhost:13775/session/92661281b2250bb18915f3adf95c44e5/element'
2023-04-27 17:38:09 DEBUG NettyRequestSender:251 ? Using open Channel [id: 0x08f0b040, L:/127.0.0.1:57454 - R:localhost/127.0.0.1:13775] for POST '/session/92661281b2250bb18915f3adf95c44e5/element'
2023-04-27 17:38:09 DEBUG HttpHandler:70 ? 

Request DefaultHttpRequest(decodeResult: success, version: HTTP/1.1)
POST /session/92661281b2250bb18915f3adf95c44e5/element HTTP/1.1
User-Agent: selenium/4.9.0 (java windows)
Content-Length: 71
Content-Type: application/json; charset=utf-8
host: localhost:13775
accept: */*

Response DefaultHttpResponse(decodeResult: success, version: HTTP/1.1)
HTTP/1.1 200 OK
Content-Length: 88
Content-Type: application/json; charset=utf-8
cache-control: no-cache

2023-04-27 17:38:09 DEBUG ChannelManager:270 ? Adding key: http://localhost:13775 for channel [id: 0x08f0b040, L:/127.0.0.1:57454 - R:localhost/127.0.0.1:13775]
2023-04-27 17:38:09 DEBUG NettyRequestSender:593 ? Using pooled Channel '[id: 0x08f0b040, L:/127.0.0.1:57454 - R:localhost/127.0.0.1:13775]' for 'POST' to 'http://localhost:13775/session/92661281b2250bb18915f3adf95c44e5/actions'
2023-04-27 17:38:09 DEBUG NettyRequestSender:251 ? Using open Channel [id: 0x08f0b040, L:/127.0.0.1:57454 - R:localhost/127.0.0.1:13775] for POST '/session/92661281b2250bb18915f3adf95c44e5/actions'
2023-04-27 17:38:09 DEBUG DefaultChannelPool:348 ? Entry count for : http://localhost:57458 : 1
2023-04-27 17:38:09 DEBUG HttpHandler:70 ? 

Request DefaultHttpRequest(decodeResult: success, version: HTTP/1.1)
POST /session/92661281b2250bb18915f3adf95c44e5/actions HTTP/1.1
User-Agent: selenium/4.9.0 (java windows)
Content-Length: 567
Content-Type: application/json; charset=utf-8
host: localhost:13775
accept: */*

Response DefaultHttpResponse(decodeResult: success, version: HTTP/1.1)
HTTP/1.1 200 OK
Content-Length: 14
Content-Type: application/json; charset=utf-8
cache-control: no-cache

2023-04-27 17:38:09 DEBUG ChannelManager:270 ? Adding key: http://localhost:13775 for channel [id: 0x08f0b040, L:/127.0.0.1:57454 - R:localhost/127.0.0.1:13775]
2023-04-27 17:38:09 DEBUG NettyRequestSender:593 ? Using pooled Channel '[id: 0x08f0b040, L:/127.0.0.1:57454 - R:localhost/127.0.0.1:13775]' for 'POST' to 'http://localhost:13775/session/92661281b2250bb18915f3adf95c44e5/element'
2023-04-27 17:38:09 DEBUG NettyRequestSender:251 ? Using open Channel [id: 0x08f0b040, L:/127.0.0.1:57454 - R:localhost/127.0.0.1:13775] for POST '/session/92661281b2250bb18915f3adf95c44e5/element'
2023-04-27 17:38:09 DEBUG HttpHandler:70 ? 

Request DefaultHttpRequest(decodeResult: success, version: HTTP/1.1)
POST /session/92661281b2250bb18915f3adf95c44e5/element HTTP/1.1
User-Agent: selenium/4.9.0 (java windows)
Content-Length: 71
Content-Type: application/json; charset=utf-8
host: localhost:13775
accept: */*

Response DefaultHttpResponse(decodeResult: success, version: HTTP/1.1)
HTTP/1.1 200 OK
Content-Length: 88
Content-Type: application/json; charset=utf-8
cache-control: no-cache

2023-04-27 17:38:09 DEBUG ChannelManager:270 ? Adding key: http://localhost:13775 for channel [id: 0x08f0b040, L:/127.0.0.1:57454 - R:localhost/127.0.0.1:13775]
2023-04-27 17:38:09 DEBUG NettyRequestSender:593 ? Using pooled Channel '[id: 0x08f0b040, L:/127.0.0.1:57454 - R:localhost/127.0.0.1:13775]' for 'GET' to 'http://localhost:13775/session/92661281b2250bb18915f3adf95c44e5/element/179d0b12-d253-4cef-8bba-a1808b74959c/enabled'
2023-04-27 17:38:09 DEBUG NettyRequestSender:251 ? Using open Channel [id: 0x08f0b040, L:/127.0.0.1:57454 - R:localhost/127.0.0.1:13775] for GET '/session/92661281b2250bb18915f3adf95c44e5/element/179d0b12-d253-4cef-8bba-a1808b74959c/enabled'
2023-04-27 17:38:09 DEBUG HttpHandler:70 ? 

Request DefaultFullHttpRequest(decodeResult: success, version: HTTP/1.1, content: EmptyByteBufBE)
GET /session/92661281b2250bb18915f3adf95c44e5/element/179d0b12-d253-4cef-8bba-a1808b74959c/enabled HTTP/1.1
User-Agent: selenium/4.9.0 (java windows)
Cache-Control: no-cache
Content-Type: application/json; charset=utf-8
host: localhost:13775
accept: */*

Response DefaultHttpResponse(decodeResult: success, version: HTTP/1.1)
HTTP/1.1 200 OK
Content-Length: 14
Content-Type: application/json; charset=utf-8
cache-control: no-cache

2023-04-27 17:38:09 DEBUG ChannelManager:270 ? Adding key: http://localhost:13775 for channel [id: 0x08f0b040, L:/127.0.0.1:57454 - R:localhost/127.0.0.1:13775]
2023-04-27 17:38:09 DEBUG NettyRequestSender:593 ? Using pooled Channel '[id: 0x08f0b040, L:/127.0.0.1:57454 - R:localhost/127.0.0.1:13775]' for 'POST' to 'http://localhost:13775/session/92661281b2250bb18915f3adf95c44e5/element'
2023-04-27 17:38:09 DEBUG NettyRequestSender:251 ? Using open Channel [id: 0x08f0b040, L:/127.0.0.1:57454 - R:localhost/127.0.0.1:13775] for POST '/session/92661281b2250bb18915f3adf95c44e5/element'
2023-04-27 17:38:09 DEBUG HttpHandler:70 ? 

Request DefaultHttpRequest(decodeResult: success, version: HTTP/1.1)
POST /session/92661281b2250bb18915f3adf95c44e5/element HTTP/1.1
User-Agent: selenium/4.9.0 (java windows)
Content-Length: 69
Content-Type: application/json; charset=utf-8
host: localhost:13775
accept: */*

Response DefaultHttpResponse(decodeResult: success, version: HTTP/1.1)
HTTP/1.1 200 OK
Content-Length: 88
Content-Type: application/json; charset=utf-8
cache-control: no-cache

2023-04-27 17:38:09 DEBUG ChannelManager:270 ? Adding key: http://localhost:13775 for channel [id: 0x08f0b040, L:/127.0.0.1:57454 - R:localhost/127.0.0.1:13775]
2023-04-27 17:38:09 DEBUG NettyRequestSender:593 ? Using pooled Channel '[id: 0x08f0b040, L:/127.0.0.1:57454 - R:localhost/127.0.0.1:13775]' for 'POST' to 'http://localhost:13775/session/92661281b2250bb18915f3adf95c44e5/actions'
2023-04-27 17:38:09 DEBUG NettyRequestSender:251 ? Using open Channel [id: 0x08f0b040, L:/127.0.0.1:57454 - R:localhost/127.0.0.1:13775] for POST '/session/92661281b2250bb18915f3adf95c44e5/actions'
2023-04-27 17:38:09 DEBUG HttpHandler:70 ? 

Request DefaultHttpRequest(decodeResult: success, version: HTTP/1.1)
POST /session/92661281b2250bb18915f3adf95c44e5/actions HTTP/1.1
User-Agent: selenium/4.9.0 (java windows)
Content-Length: 567
Content-Type: application/json; charset=utf-8
host: localhost:13775
accept: */*

Response DefaultHttpResponse(decodeResult: success, version: HTTP/1.1)
HTTP/1.1 200 OK
Content-Length: 14
Content-Type: application/json; charset=utf-8
cache-control: no-cache

2023-04-27 17:38:09 DEBUG ChannelManager:270 ? Adding key: http://localhost:13775 for channel [id: 0x08f0b040, L:/127.0.0.1:57454 - R:localhost/127.0.0.1:13775]
2023-04-27 17:38:09 DEBUG NettyRequestSender:593 ? Using pooled Channel '[id: 0x08f0b040, L:/127.0.0.1:57454 - R:localhost/127.0.0.1:13775]' for 'POST' to 'http://localhost:13775/session/92661281b2250bb18915f3adf95c44e5/element'
2023-04-27 17:38:09 DEBUG NettyRequestSender:251 ? Using open Channel [id: 0x08f0b040, L:/127.0.0.1:57454 - R:localhost/127.0.0.1:13775] for POST '/session/92661281b2250bb18915f3adf95c44e5/element'
2023-04-27 17:38:09 DEBUG HttpHandler:70 ? 

Request DefaultHttpRequest(decodeResult: success, version: HTTP/1.1)
POST /session/92661281b2250bb18915f3adf95c44e5/element HTTP/1.1
User-Agent: selenium/4.9.0 (java windows)
Content-Length: 72
Content-Type: application/json; charset=utf-8
host: localhost:13775
accept: */*

Response DefaultHttpResponse(decodeResult: success, version: HTTP/1.1)
HTTP/1.1 200 OK
Content-Length: 88
Content-Type: application/json; charset=utf-8
cache-control: no-cache

2023-04-27 17:38:09 DEBUG ChannelManager:270 ? Adding key: http://localhost:13775 for channel [id: 0x08f0b040, L:/127.0.0.1:57454 - R:localhost/127.0.0.1:13775]
2023-04-27 17:38:09 DEBUG NettyRequestSender:593 ? Using pooled Channel '[id: 0x08f0b040, L:/127.0.0.1:57454 - R:localhost/127.0.0.1:13775]' for 'POST' to 'http://localhost:13775/session/92661281b2250bb18915f3adf95c44e5/actions'
2023-04-27 17:38:09 DEBUG NettyRequestSender:251 ? Using open Channel [id: 0x08f0b040, L:/127.0.0.1:57454 - R:localhost/127.0.0.1:13775] for POST '/session/92661281b2250bb18915f3adf95c44e5/actions'
2023-04-27 17:38:09 DEBUG HttpHandler:70 ? 

Request DefaultHttpRequest(decodeResult: success, version: HTTP/1.1)
POST /session/92661281b2250bb18915f3adf95c44e5/actions HTTP/1.1
User-Agent: selenium/4.9.0 (java windows)
Content-Length: 2315
Content-Type: application/json; charset=utf-8
host: localhost:13775
accept: */*

Response DefaultHttpResponse(decodeResult: success, version: HTTP/1.1)
HTTP/1.1 200 OK
Content-Length: 14
Content-Type: application/json; charset=utf-8
cache-control: no-cache

2023-04-27 17:38:09 DEBUG ChannelManager:270 ? Adding key: http://localhost:13775 for channel [id: 0x08f0b040, L:/127.0.0.1:57454 - R:localhost/127.0.0.1:13775]
2023-04-27 17:38:09 DEBUG NettyRequestSender:593 ? Using pooled Channel '[id: 0x08f0b040, L:/127.0.0.1:57454 - R:localhost/127.0.0.1:13775]' for 'POST' to 'http://localhost:13775/session/92661281b2250bb18915f3adf95c44e5/element'
2023-04-27 17:38:09 DEBUG NettyRequestSender:251 ? Using open Channel [id: 0x08f0b040, L:/127.0.0.1:57454 - R:localhost/127.0.0.1:13775] for POST '/session/92661281b2250bb18915f3adf95c44e5/element'
2023-04-27 17:38:09 DEBUG HttpHandler:70 ? 

Request DefaultHttpRequest(decodeResult: success, version: HTTP/1.1)
POST /session/92661281b2250bb18915f3adf95c44e5/element HTTP/1.1
User-Agent: selenium/4.9.0 (java windows)
Content-Length: 71
Content-Type: application/json; charset=utf-8
host: localhost:13775
accept: */*

Response DefaultHttpResponse(decodeResult: success, version: HTTP/1.1)
HTTP/1.1 200 OK
Content-Length: 88
Content-Type: application/json; charset=utf-8
cache-control: no-cache

2023-04-27 17:38:09 DEBUG ChannelManager:270 ? Adding key: http://localhost:13775 for channel [id: 0x08f0b040, L:/127.0.0.1:57454 - R:localhost/127.0.0.1:13775]
2023-04-27 17:38:09 DEBUG NettyRequestSender:593 ? Using pooled Channel '[id: 0x08f0b040, L:/127.0.0.1:57454 - R:localhost/127.0.0.1:13775]' for 'POST' to 'http://localhost:13775/session/92661281b2250bb18915f3adf95c44e5/actions'
2023-04-27 17:38:09 DEBUG NettyRequestSender:251 ? Using open Channel [id: 0x08f0b040, L:/127.0.0.1:57454 - R:localhost/127.0.0.1:13775] for POST '/session/92661281b2250bb18915f3adf95c44e5/actions'
2023-04-27 17:38:09 DEBUG HttpHandler:70 ? 

Request DefaultHttpRequest(decodeResult: success, version: HTTP/1.1)
POST /session/92661281b2250bb18915f3adf95c44e5/actions HTTP/1.1
User-Agent: selenium/4.9.0 (java windows)
Content-Length: 567
Content-Type: application/json; charset=utf-8
host: localhost:13775
accept: */*

Response DefaultHttpResponse(decodeResult: success, version: HTTP/1.1)
HTTP/1.1 200 OK
Content-Length: 14
Content-Type: application/json; charset=utf-8
cache-control: no-cache

2023-04-27 17:38:09 DEBUG ChannelManager:270 ? Adding key: http://localhost:13775 for channel [id: 0x08f0b040, L:/127.0.0.1:57454 - R:localhost/127.0.0.1:13775]
2023-04-27 17:38:09 DEBUG NettyRequestSender:593 ? Using pooled Channel '[id: 0x08f0b040, L:/127.0.0.1:57454 - R:localhost/127.0.0.1:13775]' for 'POST' to 'http://localhost:13775/session/92661281b2250bb18915f3adf95c44e5/element'
2023-04-27 17:38:09 DEBUG NettyRequestSender:251 ? Using open Channel [id: 0x08f0b040, L:/127.0.0.1:57454 - R:localhost/127.0.0.1:13775] for POST '/session/92661281b2250bb18915f3adf95c44e5/element'
2023-04-27 17:38:09 DEBUG HttpHandler:70 ? 

Request DefaultHttpRequest(decodeResult: success, version: HTTP/1.1)
POST /session/92661281b2250bb18915f3adf95c44e5/element HTTP/1.1
User-Agent: selenium/4.9.0 (java windows)
Content-Length: 71
Content-Type: application/json; charset=utf-8
host: localhost:13775
accept: */*

Response DefaultHttpResponse(decodeResult: success, version: HTTP/1.1)
HTTP/1.1 200 OK
Content-Length: 88
Content-Type: application/json; charset=utf-8
cache-control: no-cache

2023-04-27 17:38:09 DEBUG ChannelManager:270 ? Adding key: http://localhost:13775 for channel [id: 0x08f0b040, L:/127.0.0.1:57454 - R:localhost/127.0.0.1:13775]
2023-04-27 17:38:09 DEBUG NettyRequestSender:593 ? Using pooled Channel '[id: 0x08f0b040, L:/127.0.0.1:57454 - R:localhost/127.0.0.1:13775]' for 'GET' to 'http://localhost:13775/session/92661281b2250bb18915f3adf95c44e5/element/179d0b12-d253-4cef-8bba-a1808b74959c/enabled'
2023-04-27 17:38:09 DEBUG NettyRequestSender:251 ? Using open Channel [id: 0x08f0b040, L:/127.0.0.1:57454 - R:localhost/127.0.0.1:13775] for GET '/session/92661281b2250bb18915f3adf95c44e5/element/179d0b12-d253-4cef-8bba-a1808b74959c/enabled'
2023-04-27 17:38:09 DEBUG HttpHandler:70 ? 

Request DefaultFullHttpRequest(decodeResult: success, version: HTTP/1.1, content: EmptyByteBufBE)
GET /session/92661281b2250bb18915f3adf95c44e5/element/179d0b12-d253-4cef-8bba-a1808b74959c/enabled HTTP/1.1
User-Agent: selenium/4.9.0 (java windows)
Cache-Control: no-cache
Content-Type: application/json; charset=utf-8
host: localhost:13775
accept: */*

Response DefaultHttpResponse(decodeResult: success, version: HTTP/1.1)
HTTP/1.1 200 OK
Content-Length: 15
Content-Type: application/json; charset=utf-8
cache-control: no-cache

2023-04-27 17:38:09 DEBUG ChannelManager:270 ? Adding key: http://localhost:13775 for channel [id: 0x08f0b040, L:/127.0.0.1:57454 - R:localhost/127.0.0.1:13775]
2023-04-27 17:39:09 DEBUG InternalLoggerFactory:63 ? Using SLF4J as the default logging framework
2023-04-27 17:39:09 DEBUG ResourceLeakDetector:129 ? -Dio.netty.leakDetection.level: simple
2023-04-27 17:39:09 DEBUG ResourceLeakDetector:130 ? -Dio.netty.leakDetection.targetRecords: 4
2023-04-27 17:39:09 DEBUG ResourceLeakDetectorFactory:196 ? Loaded default ResourceLeakDetector: io.netty.util.ResourceLeakDetector@28a0fd6c
2023-04-27 17:39:09 DEBUG PlatformDependent0:496 ? -Dio.netty.noUnsafe: false
2023-04-27 17:39:09 DEBUG PlatformDependent0:1000 ? Java version: 19
2023-04-27 17:39:09 DEBUG PlatformDependent0:137 ? sun.misc.Unsafe.theUnsafe: available
2023-04-27 17:39:09 DEBUG PlatformDependent0:161 ? sun.misc.Unsafe.copyMemory: available
2023-04-27 17:39:09 DEBUG PlatformDependent0:193 ? sun.misc.Unsafe.storeFence: available
2023-04-27 17:39:09 DEBUG PlatformDependent0:236 ? java.nio.Buffer.address: available
2023-04-27 17:39:09 DEBUG PlatformDependent0:320 ? direct buffer constructor: unavailable: Reflective setAccessible(true) disabled
2023-04-27 17:39:09 DEBUG PlatformDependent0:385 ? java.nio.Bits.unaligned: available, true
2023-04-27 17:39:09 DEBUG PlatformDependent0:452 ? jdk.internal.misc.Unsafe.allocateUninitializedArray(int): unavailable: class io.netty.util.internal.PlatformDependent0$7 cannot access class jdk.internal.misc.Unsafe (in module java.base) because module java.base does not export jdk.internal.misc to unnamed module @5679c6c6
2023-04-27 17:39:09 DEBUG PlatformDependent0:482 ? java.nio.DirectByteBuffer.<init>(long, int): unavailable
2023-04-27 17:39:09 DEBUG PlatformDependent:1159 ? sun.misc.Unsafe: available
2023-04-27 17:39:09 DEBUG PlatformDependent:1270 ? maxDirectMemory: 5339348992 bytes (maybe)
2023-04-27 17:39:09 DEBUG PlatformDependent:1289 ? -Dio.netty.tmpdir: C:\Users\rohit\AppData\Local\Temp (java.io.tmpdir)
2023-04-27 17:39:09 DEBUG PlatformDependent:1368 ? -Dio.netty.bitMode: 64 (sun.arch.data.model)
2023-04-27 17:39:09 DEBUG PlatformDependent:1119 ? Platform: Windows
2023-04-27 17:39:09 DEBUG PlatformDependent:178 ? -Dio.netty.maxDirectMemory: -1 bytes
2023-04-27 17:39:09 DEBUG PlatformDependent:185 ? -Dio.netty.uninitializedArrayAllocationThreshold: -1
2023-04-27 17:39:09 DEBUG CleanerJava9:71 ? java.nio.ByteBuffer.cleaner(): available
2023-04-27 17:39:09 DEBUG PlatformDependent:205 ? -Dio.netty.noPreferDirect: false
2023-04-27 17:39:09 DEBUG PlatformDependent:1010 ? org.jctools-core.MpscChunkedArrayQueue: available
2023-04-27 17:39:09 DEBUG InternalThreadLocalMap:100 ? -Dio.netty.threadLocalMap.stringBuilder.initialSize: 1024
2023-04-27 17:39:09 DEBUG InternalThreadLocalMap:101 ? -Dio.netty.threadLocalMap.stringBuilder.maxSize: 4096
2023-04-27 17:39:09 DEBUG JdkSslContext:83 ? Default protocols (JDK): [TLSv1.3, TLSv1.2] 
2023-04-27 17:39:09 DEBUG JdkSslContext:84 ? Default cipher suites (JDK): [TLS_ECDHE_ECDSA_WITH_AES_256_GCM_SHA384, TLS_ECDHE_ECDSA_WITH_AES_128_GCM_SHA256, TLS_ECDHE_RSA_WITH_AES_128_GCM_SHA256, TLS_ECDHE_RSA_WITH_AES_256_GCM_SHA384, TLS_ECDHE_RSA_WITH_AES_128_CBC_SHA, TLS_ECDHE_RSA_WITH_AES_256_CBC_SHA, TLS_RSA_WITH_AES_128_GCM_SHA256, TLS_RSA_WITH_AES_128_CBC_SHA, TLS_RSA_WITH_AES_256_CBC_SHA, TLS_AES_128_GCM_SHA256, TLS_AES_256_GCM_SHA384]
2023-04-27 17:39:09 DEBUG GlobalEventExecutor:53 ? -Dio.netty.globalEventExecutor.quietPeriodSeconds: 1
2023-04-27 17:39:09 DEBUG MultithreadEventLoopGroup:44 ? -Dio.netty.eventLoopThreads: 16
2023-04-27 17:39:09 DEBUG NioEventLoop:110 ? -Dio.netty.noKeySetOptimization: false
2023-04-27 17:39:09 DEBUG NioEventLoop:111 ? -Dio.netty.selectorAutoRebuildThreshold: 512
2023-04-27 17:39:09 DEBUG PooledByteBufAllocator:157 ? -Dio.netty.allocator.numHeapArenas: 16
2023-04-27 17:39:09 DEBUG PooledByteBufAllocator:158 ? -Dio.netty.allocator.numDirectArenas: 16
2023-04-27 17:39:09 DEBUG PooledByteBufAllocator:160 ? -Dio.netty.allocator.pageSize: 8192
2023-04-27 17:39:09 DEBUG PooledByteBufAllocator:165 ? -Dio.netty.allocator.maxOrder: 9
2023-04-27 17:39:09 DEBUG PooledByteBufAllocator:169 ? -Dio.netty.allocator.chunkSize: 4194304
2023-04-27 17:39:09 DEBUG PooledByteBufAllocator:170 ? -Dio.netty.allocator.smallCacheSize: 256
2023-04-27 17:39:09 DEBUG PooledByteBufAllocator:171 ? -Dio.netty.allocator.normalCacheSize: 64
2023-04-27 17:39:09 DEBUG PooledByteBufAllocator:172 ? -Dio.netty.allocator.maxCachedBufferCapacity: 32768
2023-04-27 17:39:09 DEBUG PooledByteBufAllocator:173 ? -Dio.netty.allocator.cacheTrimInterval: 8192
2023-04-27 17:39:09 DEBUG PooledByteBufAllocator:174 ? -Dio.netty.allocator.cacheTrimIntervalMillis: 0
2023-04-27 17:39:09 DEBUG PooledByteBufAllocator:175 ? -Dio.netty.allocator.useCacheForAllThreads: false
2023-04-27 17:39:09 DEBUG PooledByteBufAllocator:176 ? -Dio.netty.allocator.maxCachedByteBuffersPerChunk: 1023
2023-04-27 17:39:09 DEBUG ByteBufUtil:88 ? -Dio.netty.allocator.type: pooled
2023-04-27 17:39:09 DEBUG ByteBufUtil:97 ? -Dio.netty.threadLocalDirectBufferSize: 0
2023-04-27 17:39:09 DEBUG ByteBufUtil:100 ? -Dio.netty.maxThreadLocalCharBufferSize: 16384
2023-04-27 17:39:09 DEBUG DefaultChannelId:79 ? -Dio.netty.processId: 33952 (auto-detected)
2023-04-27 17:39:09 DEBUG NetUtil:148 ? -Djava.net.preferIPv4Stack: false
2023-04-27 17:39:09 DEBUG NetUtil:149 ? -Djava.net.preferIPv6Addresses: false
2023-04-27 17:39:09 DEBUG NetUtilInitializations:145 ? Loopback interface: lo (Software Loopback Interface 1, 127.0.0.1)
2023-04-27 17:39:09 DEBUG NetUtil:206 ? Failed to get SOMAXCONN from sysctl and file \proc\sys\net\core\somaxconn. Default: 200
2023-04-27 17:39:10 DEBUG DefaultChannelId:101 ? -Dio.netty.machineId: 70:c9:4e:ff:fe:a9:98:9d (auto-detected)
2023-04-27 17:39:10 DEBUG AbstractByteBuf:63 ? -Dio.netty.buffer.checkAccessible: true
2023-04-27 17:39:10 DEBUG AbstractByteBuf:64 ? -Dio.netty.buffer.checkBounds: true
2023-04-27 17:39:10 DEBUG ResourceLeakDetectorFactory:196 ? Loaded default ResourceLeakDetector: io.netty.util.ResourceLeakDetector@470e7bbe
2023-04-27 17:39:10 DEBUG NettyConnectListener:73 ? Using new Channel '[id: 0x184569df, L:/127.0.0.1:57661 - R:localhost/127.0.0.1:28828]' for 'POST' to '/session'
2023-04-27 17:39:10 DEBUG Recycler:96 ? -Dio.netty.recycler.maxCapacityPerThread: 4096
2023-04-27 17:39:10 DEBUG Recycler:97 ? -Dio.netty.recycler.ratio: 8
2023-04-27 17:39:10 DEBUG Recycler:98 ? -Dio.netty.recycler.chunkSize: 32
2023-04-27 17:39:10 DEBUG Recycler:99 ? -Dio.netty.recycler.blocking: false
2023-04-27 17:39:10 DEBUG Recycler:100 ? -Dio.netty.recycler.batchFastThreadLocalOnly: true
2023-04-27 17:39:11 DEBUG Brotli:38 ? brotli4j not in the classpath; Brotli support will be unavailable.
2023-04-27 17:39:11 DEBUG HttpHandler:70 ? 

Request DefaultHttpRequest(decodeResult: success, version: HTTP/1.1)
POST /session HTTP/1.1
User-Agent: selenium/4.9.0 (java windows)
Content-Length: 254
Content-Type: application/json; charset=utf-8
host: localhost:28828
accept: */*

Response DefaultHttpResponse(decodeResult: success, version: HTTP/1.1)
HTTP/1.1 200 OK
Content-Length: 860
Content-Type: application/json; charset=utf-8
cache-control: no-cache

2023-04-27 17:39:11 DEBUG ChannelManager:270 ? Adding key: http://localhost:28828 for channel [id: 0x184569df, L:/127.0.0.1:57661 - R:localhost/127.0.0.1:28828]
2023-04-27 17:39:11 DEBUG NettyConnectListener:73 ? Using new Channel '[id: 0x5223a0ab, L:/127.0.0.1:57681 - R:localhost/127.0.0.1:57664]' for 'GET' to '/json/version'
2023-04-27 17:39:11 DEBUG HttpHandler:70 ? 

Request DefaultFullHttpRequest(decodeResult: success, version: HTTP/1.1, content: EmptyByteBufBE)
GET /json/version HTTP/1.1
User-Agent: selenium/4.9.0 (java windows)
host: localhost:57664
accept: */*

Response DefaultHttpResponse(decodeResult: success, version: HTTP/1.1)
HTTP/1.1 200 OK
Content-Security-Policy: frame-ancestors 'none'
Content-Length: 424
Content-Type: application/json; charset=UTF-8

2023-04-27 17:39:11 DEBUG ChannelManager:270 ? Adding key: http://localhost:57664 for channel [id: 0x5223a0ab, L:/127.0.0.1:57681 - R:localhost/127.0.0.1:57664]
2023-04-27 17:39:11 DEBUG DefaultChannelPool:348 ? Entry count for : http://localhost:28828 : 1
2023-04-27 17:39:11 DEBUG DefaultChannelPool:348 ? Entry count for : http://localhost:57664 : 1
2023-04-27 17:39:11 DEBUG ThreadLocalRandom:214 ? -Dio.netty.initialSeedUniquifier: 0x14fdac2c032893f6
2023-04-27 17:39:11 DEBUG NettyConnectListener:73 ? Using new Channel '[id: 0xfed75c35, L:/127.0.0.1:57682 - R:localhost/127.0.0.1:57664]' for 'GET' to '/devtools/browser/418ea3d9-df53-413e-a4a3-63c64b75ba1b'
2023-04-27 17:39:11 DEBUG WebSocketHandler:105 ? 

Request DefaultFullHttpRequest(decodeResult: success, version: HTTP/1.1, content: EmptyByteBufBE)
GET /devtools/browser/418ea3d9-df53-413e-a4a3-63c64b75ba1b HTTP/1.1
upgrade: websocket
connection: upgrade
sec-websocket-key: kpLNBM4b2ef7DSzyfGMvuw==
sec-websocket-version: 13
origin: http://localhost:57664
host: localhost:57664
accept: */*
user-agent: AHC/2.1

Response DefaultHttpResponse(decodeResult: success, version: HTTP/1.1)
HTTP/1.1 101 WebSocket Protocol Handshake
Upgrade: WebSocket
Connection: Upgrade
Sec-WebSocket-Accept: eXmT+dA3JrzcxlzHkPn6yEsSQHw=

2023-04-27 17:39:11 DEBUG NettyRequestSender:593 ? Using pooled Channel '[id: 0x184569df, L:/127.0.0.1:57661 - R:localhost/127.0.0.1:28828]' for 'POST' to 'http://localhost:28828/session/d2156a42b0e0c5f99f6b9510b0a74349/window/maximize'
2023-04-27 17:39:11 DEBUG NettyRequestSender:251 ? Using open Channel [id: 0x184569df, L:/127.0.0.1:57661 - R:localhost/127.0.0.1:28828] for POST '/session/d2156a42b0e0c5f99f6b9510b0a74349/window/maximize'
2023-04-27 17:39:11 DEBUG HttpHandler:70 ? 

Request DefaultHttpRequest(decodeResult: success, version: HTTP/1.1)
POST /session/d2156a42b0e0c5f99f6b9510b0a74349/window/maximize HTTP/1.1
User-Agent: selenium/4.9.0 (java windows)
Content-Length: 3
Content-Type: application/json; charset=utf-8
host: localhost:28828
accept: */*

Response DefaultHttpResponse(decodeResult: success, version: HTTP/1.1)
HTTP/1.1 200 OK
Content-Length: 52
Content-Type: application/json; charset=utf-8
cache-control: no-cache

2023-04-27 17:39:11 DEBUG ChannelManager:270 ? Adding key: http://localhost:28828 for channel [id: 0x184569df, L:/127.0.0.1:57661 - R:localhost/127.0.0.1:28828]
2023-04-27 17:39:11 DEBUG NettyRequestSender:593 ? Using pooled Channel '[id: 0x184569df, L:/127.0.0.1:57661 - R:localhost/127.0.0.1:28828]' for 'POST' to 'http://localhost:28828/session/d2156a42b0e0c5f99f6b9510b0a74349/timeouts'
2023-04-27 17:39:11 DEBUG NettyRequestSender:251 ? Using open Channel [id: 0x184569df, L:/127.0.0.1:57661 - R:localhost/127.0.0.1:28828] for POST '/session/d2156a42b0e0c5f99f6b9510b0a74349/timeouts'
2023-04-27 17:39:11 DEBUG HttpHandler:70 ? 

Request DefaultHttpRequest(decodeResult: success, version: HTTP/1.1)
POST /session/d2156a42b0e0c5f99f6b9510b0a74349/timeouts HTTP/1.1
User-Agent: selenium/4.9.0 (java windows)
Content-Length: 23
Content-Type: application/json; charset=utf-8
host: localhost:28828
accept: */*

Response DefaultHttpResponse(decodeResult: success, version: HTTP/1.1)
HTTP/1.1 200 OK
Content-Length: 14
Content-Type: application/json; charset=utf-8
cache-control: no-cache

2023-04-27 17:39:11 DEBUG ChannelManager:270 ? Adding key: http://localhost:28828 for channel [id: 0x184569df, L:/127.0.0.1:57661 - R:localhost/127.0.0.1:28828]
2023-04-27 17:39:11 DEBUG NettyRequestSender:593 ? Using pooled Channel '[id: 0x184569df, L:/127.0.0.1:57661 - R:localhost/127.0.0.1:28828]' for 'POST' to 'http://localhost:28828/session/d2156a42b0e0c5f99f6b9510b0a74349/url'
2023-04-27 17:39:11 DEBUG NettyRequestSender:251 ? Using open Channel [id: 0x184569df, L:/127.0.0.1:57661 - R:localhost/127.0.0.1:28828] for POST '/session/d2156a42b0e0c5f99f6b9510b0a74349/url'
2023-04-27 17:39:12 DEBUG DefaultChannelPool:348 ? Entry count for : http://localhost:57664 : 1
2023-04-27 17:39:12 DEBUG HttpHandler:70 ? 

Request DefaultHttpRequest(decodeResult: success, version: HTTP/1.1)
POST /session/d2156a42b0e0c5f99f6b9510b0a74349/url HTTP/1.1
User-Agent: selenium/4.9.0 (java windows)
Content-Length: 59
Content-Type: application/json; charset=utf-8
host: localhost:28828
accept: */*

Response DefaultHttpResponse(decodeResult: success, version: HTTP/1.1)
HTTP/1.1 200 OK
Content-Length: 14
Content-Type: application/json; charset=utf-8
cache-control: no-cache

2023-04-27 17:39:12 DEBUG ChannelManager:270 ? Adding key: http://localhost:28828 for channel [id: 0x184569df, L:/127.0.0.1:57661 - R:localhost/127.0.0.1:28828]
2023-04-27 17:39:12 DEBUG NettyRequestSender:593 ? Using pooled Channel '[id: 0x184569df, L:/127.0.0.1:57661 - R:localhost/127.0.0.1:28828]' for 'POST' to 'http://localhost:28828/session/d2156a42b0e0c5f99f6b9510b0a74349/element'
2023-04-27 17:39:12 DEBUG NettyRequestSender:251 ? Using open Channel [id: 0x184569df, L:/127.0.0.1:57661 - R:localhost/127.0.0.1:28828] for POST '/session/d2156a42b0e0c5f99f6b9510b0a74349/element'
2023-04-27 17:39:12 DEBUG HttpHandler:70 ? 

Request DefaultHttpRequest(decodeResult: success, version: HTTP/1.1)
POST /session/d2156a42b0e0c5f99f6b9510b0a74349/element HTTP/1.1
User-Agent: selenium/4.9.0 (java windows)
Content-Length: 72
Content-Type: application/json; charset=utf-8
host: localhost:28828
accept: */*

Response DefaultHttpResponse(decodeResult: success, version: HTTP/1.1)
HTTP/1.1 200 OK
Content-Length: 88
Content-Type: application/json; charset=utf-8
cache-control: no-cache

2023-04-27 17:39:12 DEBUG ChannelManager:270 ? Adding key: http://localhost:28828 for channel [id: 0x184569df, L:/127.0.0.1:57661 - R:localhost/127.0.0.1:28828]
2023-04-27 17:39:12 DEBUG NettyRequestSender:593 ? Using pooled Channel '[id: 0x184569df, L:/127.0.0.1:57661 - R:localhost/127.0.0.1:28828]' for 'POST' to 'http://localhost:28828/session/d2156a42b0e0c5f99f6b9510b0a74349/execute/sync'
2023-04-27 17:39:12 DEBUG NettyRequestSender:251 ? Using open Channel [id: 0x184569df, L:/127.0.0.1:57661 - R:localhost/127.0.0.1:28828] for POST '/session/d2156a42b0e0c5f99f6b9510b0a74349/execute/sync'
2023-04-27 17:39:12 DEBUG HttpHandler:70 ? 

Request DefaultHttpRequest(decodeResult: success, version: HTTP/1.1)
POST /session/d2156a42b0e0c5f99f6b9510b0a74349/execute/sync HTTP/1.1
User-Agent: selenium/4.9.0 (java windows)
Content-Length: 48807
Content-Type: application/json; charset=utf-8
host: localhost:28828
accept: */*

Response DefaultHttpResponse(decodeResult: success, version: HTTP/1.1)
HTTP/1.1 200 OK
Content-Length: 14
Content-Type: application/json; charset=utf-8
cache-control: no-cache

2023-04-27 17:39:12 DEBUG ChannelManager:270 ? Adding key: http://localhost:28828 for channel [id: 0x184569df, L:/127.0.0.1:57661 - R:localhost/127.0.0.1:28828]
2023-04-27 17:39:12 DEBUG NettyRequestSender:593 ? Using pooled Channel '[id: 0x184569df, L:/127.0.0.1:57661 - R:localhost/127.0.0.1:28828]' for 'POST' to 'http://localhost:28828/session/d2156a42b0e0c5f99f6b9510b0a74349/element'
2023-04-27 17:39:12 DEBUG NettyRequestSender:251 ? Using open Channel [id: 0x184569df, L:/127.0.0.1:57661 - R:localhost/127.0.0.1:28828] for POST '/session/d2156a42b0e0c5f99f6b9510b0a74349/element'
2023-04-27 17:39:13 DEBUG HttpHandler:70 ? 

Request DefaultHttpRequest(decodeResult: success, version: HTTP/1.1)
POST /session/d2156a42b0e0c5f99f6b9510b0a74349/element HTTP/1.1
User-Agent: selenium/4.9.0 (java windows)
Content-Length: 69
Content-Type: application/json; charset=utf-8
host: localhost:28828
accept: */*

Response DefaultHttpResponse(decodeResult: success, version: HTTP/1.1)
HTTP/1.1 200 OK
Content-Length: 88
Content-Type: application/json; charset=utf-8
cache-control: no-cache

2023-04-27 17:39:13 DEBUG ChannelManager:270 ? Adding key: http://localhost:28828 for channel [id: 0x184569df, L:/127.0.0.1:57661 - R:localhost/127.0.0.1:28828]
2023-04-27 17:39:13 DEBUG NettyRequestSender:593 ? Using pooled Channel '[id: 0x184569df, L:/127.0.0.1:57661 - R:localhost/127.0.0.1:28828]' for 'POST' to 'http://localhost:28828/session/d2156a42b0e0c5f99f6b9510b0a74349/execute/sync'
2023-04-27 17:39:13 DEBUG NettyRequestSender:251 ? Using open Channel [id: 0x184569df, L:/127.0.0.1:57661 - R:localhost/127.0.0.1:28828] for POST '/session/d2156a42b0e0c5f99f6b9510b0a74349/execute/sync'
2023-04-27 17:39:13 DEBUG HttpHandler:70 ? 

Request DefaultHttpRequest(decodeResult: success, version: HTTP/1.1)
POST /session/d2156a42b0e0c5f99f6b9510b0a74349/execute/sync HTTP/1.1
User-Agent: selenium/4.9.0 (java windows)
Content-Length: 48807
Content-Type: application/json; charset=utf-8
host: localhost:28828
accept: */*

Response DefaultHttpResponse(decodeResult: success, version: HTTP/1.1)
HTTP/1.1 200 OK
Content-Length: 14
Content-Type: application/json; charset=utf-8
cache-control: no-cache

2023-04-27 17:39:13 DEBUG ChannelManager:270 ? Adding key: http://localhost:28828 for channel [id: 0x184569df, L:/127.0.0.1:57661 - R:localhost/127.0.0.1:28828]
2023-04-27 17:39:13 DEBUG NettyRequestSender:593 ? Using pooled Channel '[id: 0x184569df, L:/127.0.0.1:57661 - R:localhost/127.0.0.1:28828]' for 'POST' to 'http://localhost:28828/session/d2156a42b0e0c5f99f6b9510b0a74349/element'
2023-04-27 17:39:13 DEBUG NettyRequestSender:251 ? Using open Channel [id: 0x184569df, L:/127.0.0.1:57661 - R:localhost/127.0.0.1:28828] for POST '/session/d2156a42b0e0c5f99f6b9510b0a74349/element'
2023-04-27 17:39:13 DEBUG HttpHandler:70 ? 

Request DefaultHttpRequest(decodeResult: success, version: HTTP/1.1)
POST /session/d2156a42b0e0c5f99f6b9510b0a74349/element HTTP/1.1
User-Agent: selenium/4.9.0 (java windows)
Content-Length: 71
Content-Type: application/json; charset=utf-8
host: localhost:28828
accept: */*

Response DefaultHttpResponse(decodeResult: success, version: HTTP/1.1)
HTTP/1.1 200 OK
Content-Length: 88
Content-Type: application/json; charset=utf-8
cache-control: no-cache

2023-04-27 17:39:13 DEBUG ChannelManager:270 ? Adding key: http://localhost:28828 for channel [id: 0x184569df, L:/127.0.0.1:57661 - R:localhost/127.0.0.1:28828]
2023-04-27 17:39:13 DEBUG NettyRequestSender:593 ? Using pooled Channel '[id: 0x184569df, L:/127.0.0.1:57661 - R:localhost/127.0.0.1:28828]' for 'POST' to 'http://localhost:28828/session/d2156a42b0e0c5f99f6b9510b0a74349/execute/sync'
2023-04-27 17:39:13 DEBUG NettyRequestSender:251 ? Using open Channel [id: 0x184569df, L:/127.0.0.1:57661 - R:localhost/127.0.0.1:28828] for POST '/session/d2156a42b0e0c5f99f6b9510b0a74349/execute/sync'
2023-04-27 17:39:13 DEBUG HttpHandler:70 ? 

Request DefaultHttpRequest(decodeResult: success, version: HTTP/1.1)
POST /session/d2156a42b0e0c5f99f6b9510b0a74349/execute/sync HTTP/1.1
User-Agent: selenium/4.9.0 (java windows)
Content-Length: 48807
Content-Type: application/json; charset=utf-8
host: localhost:28828
accept: */*

Response DefaultHttpResponse(decodeResult: success, version: HTTP/1.1)
HTTP/1.1 200 OK
Content-Length: 14
Content-Type: application/json; charset=utf-8
cache-control: no-cache

2023-04-27 17:39:13 DEBUG ChannelManager:270 ? Adding key: http://localhost:28828 for channel [id: 0x184569df, L:/127.0.0.1:57661 - R:localhost/127.0.0.1:28828]
2023-04-27 17:39:13 DEBUG NettyRequestSender:593 ? Using pooled Channel '[id: 0x184569df, L:/127.0.0.1:57661 - R:localhost/127.0.0.1:28828]' for 'POST' to 'http://localhost:28828/session/d2156a42b0e0c5f99f6b9510b0a74349/element'
2023-04-27 17:39:13 DEBUG NettyRequestSender:251 ? Using open Channel [id: 0x184569df, L:/127.0.0.1:57661 - R:localhost/127.0.0.1:28828] for POST '/session/d2156a42b0e0c5f99f6b9510b0a74349/element'
2023-04-27 17:39:13 DEBUG HttpHandler:70 ? 

Request DefaultHttpRequest(decodeResult: success, version: HTTP/1.1)
POST /session/d2156a42b0e0c5f99f6b9510b0a74349/element HTTP/1.1
User-Agent: selenium/4.9.0 (java windows)
Content-Length: 72
Content-Type: application/json; charset=utf-8
host: localhost:28828
accept: */*

Response DefaultHttpResponse(decodeResult: success, version: HTTP/1.1)
HTTP/1.1 200 OK
Content-Length: 88
Content-Type: application/json; charset=utf-8
cache-control: no-cache

2023-04-27 17:39:13 DEBUG ChannelManager:270 ? Adding key: http://localhost:28828 for channel [id: 0x184569df, L:/127.0.0.1:57661 - R:localhost/127.0.0.1:28828]
2023-04-27 17:39:13 DEBUG NettyRequestSender:593 ? Using pooled Channel '[id: 0x184569df, L:/127.0.0.1:57661 - R:localhost/127.0.0.1:28828]' for 'POST' to 'http://localhost:28828/session/d2156a42b0e0c5f99f6b9510b0a74349/execute/sync'
2023-04-27 17:39:13 DEBUG NettyRequestSender:251 ? Using open Channel [id: 0x184569df, L:/127.0.0.1:57661 - R:localhost/127.0.0.1:28828] for POST '/session/d2156a42b0e0c5f99f6b9510b0a74349/execute/sync'
2023-04-27 17:39:13 DEBUG HttpHandler:70 ? 

Request DefaultHttpRequest(decodeResult: success, version: HTTP/1.1)
POST /session/d2156a42b0e0c5f99f6b9510b0a74349/execute/sync HTTP/1.1
User-Agent: selenium/4.9.0 (java windows)
Content-Length: 48807
Content-Type: application/json; charset=utf-8
host: localhost:28828
accept: */*

Response DefaultHttpResponse(decodeResult: success, version: HTTP/1.1)
HTTP/1.1 200 OK
Content-Length: 14
Content-Type: application/json; charset=utf-8
cache-control: no-cache

2023-04-27 17:39:13 DEBUG ChannelManager:270 ? Adding key: http://localhost:28828 for channel [id: 0x184569df, L:/127.0.0.1:57661 - R:localhost/127.0.0.1:28828]
2023-04-27 17:39:13 DEBUG NettyRequestSender:593 ? Using pooled Channel '[id: 0x184569df, L:/127.0.0.1:57661 - R:localhost/127.0.0.1:28828]' for 'POST' to 'http://localhost:28828/session/d2156a42b0e0c5f99f6b9510b0a74349/element'
2023-04-27 17:39:13 DEBUG NettyRequestSender:251 ? Using open Channel [id: 0x184569df, L:/127.0.0.1:57661 - R:localhost/127.0.0.1:28828] for POST '/session/d2156a42b0e0c5f99f6b9510b0a74349/element'
2023-04-27 17:39:13 DEBUG HttpHandler:70 ? 

Request DefaultHttpRequest(decodeResult: success, version: HTTP/1.1)
POST /session/d2156a42b0e0c5f99f6b9510b0a74349/element HTTP/1.1
User-Agent: selenium/4.9.0 (java windows)
Content-Length: 69
Content-Type: application/json; charset=utf-8
host: localhost:28828
accept: */*

Response DefaultHttpResponse(decodeResult: success, version: HTTP/1.1)
HTTP/1.1 200 OK
Content-Length: 88
Content-Type: application/json; charset=utf-8
cache-control: no-cache

2023-04-27 17:39:13 DEBUG ChannelManager:270 ? Adding key: http://localhost:28828 for channel [id: 0x184569df, L:/127.0.0.1:57661 - R:localhost/127.0.0.1:28828]
2023-04-27 17:39:13 DEBUG NettyRequestSender:593 ? Using pooled Channel '[id: 0x184569df, L:/127.0.0.1:57661 - R:localhost/127.0.0.1:28828]' for 'POST' to 'http://localhost:28828/session/d2156a42b0e0c5f99f6b9510b0a74349/execute/sync'
2023-04-27 17:39:13 DEBUG NettyRequestSender:251 ? Using open Channel [id: 0x184569df, L:/127.0.0.1:57661 - R:localhost/127.0.0.1:28828] for POST '/session/d2156a42b0e0c5f99f6b9510b0a74349/execute/sync'
2023-04-27 17:39:13 DEBUG HttpHandler:70 ? 

Request DefaultHttpRequest(decodeResult: success, version: HTTP/1.1)
POST /session/d2156a42b0e0c5f99f6b9510b0a74349/execute/sync HTTP/1.1
User-Agent: selenium/4.9.0 (java windows)
Content-Length: 48807
Content-Type: application/json; charset=utf-8
host: localhost:28828
accept: */*

Response DefaultHttpResponse(decodeResult: success, version: HTTP/1.1)
HTTP/1.1 200 OK
Content-Length: 14
Content-Type: application/json; charset=utf-8
cache-control: no-cache

2023-04-27 17:39:13 DEBUG ChannelManager:270 ? Adding key: http://localhost:28828 for channel [id: 0x184569df, L:/127.0.0.1:57661 - R:localhost/127.0.0.1:28828]
2023-04-27 17:39:13 DEBUG NettyRequestSender:593 ? Using pooled Channel '[id: 0x184569df, L:/127.0.0.1:57661 - R:localhost/127.0.0.1:28828]' for 'POST' to 'http://localhost:28828/session/d2156a42b0e0c5f99f6b9510b0a74349/element'
2023-04-27 17:39:13 DEBUG NettyRequestSender:251 ? Using open Channel [id: 0x184569df, L:/127.0.0.1:57661 - R:localhost/127.0.0.1:28828] for POST '/session/d2156a42b0e0c5f99f6b9510b0a74349/element'
2023-04-27 17:39:13 DEBUG HttpHandler:70 ? 

Request DefaultHttpRequest(decodeResult: success, version: HTTP/1.1)
POST /session/d2156a42b0e0c5f99f6b9510b0a74349/element HTTP/1.1
User-Agent: selenium/4.9.0 (java windows)
Content-Length: 71
Content-Type: application/json; charset=utf-8
host: localhost:28828
accept: */*

Response DefaultHttpResponse(decodeResult: success, version: HTTP/1.1)
HTTP/1.1 200 OK
Content-Length: 88
Content-Type: application/json; charset=utf-8
cache-control: no-cache

2023-04-27 17:39:13 DEBUG ChannelManager:270 ? Adding key: http://localhost:28828 for channel [id: 0x184569df, L:/127.0.0.1:57661 - R:localhost/127.0.0.1:28828]
2023-04-27 17:39:13 DEBUG NettyRequestSender:593 ? Using pooled Channel '[id: 0x184569df, L:/127.0.0.1:57661 - R:localhost/127.0.0.1:28828]' for 'POST' to 'http://localhost:28828/session/d2156a42b0e0c5f99f6b9510b0a74349/execute/sync'
2023-04-27 17:39:13 DEBUG NettyRequestSender:251 ? Using open Channel [id: 0x184569df, L:/127.0.0.1:57661 - R:localhost/127.0.0.1:28828] for POST '/session/d2156a42b0e0c5f99f6b9510b0a74349/execute/sync'
2023-04-27 17:39:13 DEBUG HttpHandler:70 ? 

Request DefaultHttpRequest(decodeResult: success, version: HTTP/1.1)
POST /session/d2156a42b0e0c5f99f6b9510b0a74349/execute/sync HTTP/1.1
User-Agent: selenium/4.9.0 (java windows)
Content-Length: 48807
Content-Type: application/json; charset=utf-8
host: localhost:28828
accept: */*

Response DefaultHttpResponse(decodeResult: success, version: HTTP/1.1)
HTTP/1.1 200 OK
Content-Length: 14
Content-Type: application/json; charset=utf-8
cache-control: no-cache

2023-04-27 17:39:13 DEBUG ChannelManager:270 ? Adding key: http://localhost:28828 for channel [id: 0x184569df, L:/127.0.0.1:57661 - R:localhost/127.0.0.1:28828]
2023-04-27 17:39:13 DEBUG NettyRequestSender:593 ? Using pooled Channel '[id: 0x184569df, L:/127.0.0.1:57661 - R:localhost/127.0.0.1:28828]' for 'POST' to 'http://localhost:28828/session/d2156a42b0e0c5f99f6b9510b0a74349/element'
2023-04-27 17:39:13 DEBUG NettyRequestSender:251 ? Using open Channel [id: 0x184569df, L:/127.0.0.1:57661 - R:localhost/127.0.0.1:28828] for POST '/session/d2156a42b0e0c5f99f6b9510b0a74349/element'
2023-04-27 17:39:13 DEBUG HttpHandler:70 ? 

Request DefaultHttpRequest(decodeResult: success, version: HTTP/1.1)
POST /session/d2156a42b0e0c5f99f6b9510b0a74349/element HTTP/1.1
User-Agent: selenium/4.9.0 (java windows)
Content-Length: 69
Content-Type: application/json; charset=utf-8
host: localhost:28828
accept: */*

Response DefaultHttpResponse(decodeResult: success, version: HTTP/1.1)
HTTP/1.1 200 OK
Content-Length: 88
Content-Type: application/json; charset=utf-8
cache-control: no-cache

2023-04-27 17:39:13 DEBUG ChannelManager:270 ? Adding key: http://localhost:28828 for channel [id: 0x184569df, L:/127.0.0.1:57661 - R:localhost/127.0.0.1:28828]
2023-04-27 17:39:13 DEBUG NettyRequestSender:593 ? Using pooled Channel '[id: 0x184569df, L:/127.0.0.1:57661 - R:localhost/127.0.0.1:28828]' for 'POST' to 'http://localhost:28828/session/d2156a42b0e0c5f99f6b9510b0a74349/actions'
2023-04-27 17:39:13 DEBUG NettyRequestSender:251 ? Using open Channel [id: 0x184569df, L:/127.0.0.1:57661 - R:localhost/127.0.0.1:28828] for POST '/session/d2156a42b0e0c5f99f6b9510b0a74349/actions'
2023-04-27 17:39:13 DEBUG HttpHandler:70 ? 

Request DefaultHttpRequest(decodeResult: success, version: HTTP/1.1)
POST /session/d2156a42b0e0c5f99f6b9510b0a74349/actions HTTP/1.1
User-Agent: selenium/4.9.0 (java windows)
Content-Length: 2027
Content-Type: application/json; charset=utf-8
host: localhost:28828
accept: */*

Response DefaultHttpResponse(decodeResult: success, version: HTTP/1.1)
HTTP/1.1 200 OK
Content-Length: 14
Content-Type: application/json; charset=utf-8
cache-control: no-cache

2023-04-27 17:39:13 DEBUG ChannelManager:270 ? Adding key: http://localhost:28828 for channel [id: 0x184569df, L:/127.0.0.1:57661 - R:localhost/127.0.0.1:28828]
2023-04-27 17:39:13 DEBUG NettyRequestSender:593 ? Using pooled Channel '[id: 0x184569df, L:/127.0.0.1:57661 - R:localhost/127.0.0.1:28828]' for 'POST' to 'http://localhost:28828/session/d2156a42b0e0c5f99f6b9510b0a74349/element'
2023-04-27 17:39:13 DEBUG NettyRequestSender:251 ? Using open Channel [id: 0x184569df, L:/127.0.0.1:57661 - R:localhost/127.0.0.1:28828] for POST '/session/d2156a42b0e0c5f99f6b9510b0a74349/element'
2023-04-27 17:39:13 DEBUG HttpHandler:70 ? 

Request DefaultHttpRequest(decodeResult: success, version: HTTP/1.1)
POST /session/d2156a42b0e0c5f99f6b9510b0a74349/element HTTP/1.1
User-Agent: selenium/4.9.0 (java windows)
Content-Length: 72
Content-Type: application/json; charset=utf-8
host: localhost:28828
accept: */*

Response DefaultHttpResponse(decodeResult: success, version: HTTP/1.1)
HTTP/1.1 200 OK
Content-Length: 88
Content-Type: application/json; charset=utf-8
cache-control: no-cache

2023-04-27 17:39:13 DEBUG ChannelManager:270 ? Adding key: http://localhost:28828 for channel [id: 0x184569df, L:/127.0.0.1:57661 - R:localhost/127.0.0.1:28828]
2023-04-27 17:39:13 DEBUG NettyRequestSender:593 ? Using pooled Channel '[id: 0x184569df, L:/127.0.0.1:57661 - R:localhost/127.0.0.1:28828]' for 'POST' to 'http://localhost:28828/session/d2156a42b0e0c5f99f6b9510b0a74349/actions'
2023-04-27 17:39:13 DEBUG NettyRequestSender:251 ? Using open Channel [id: 0x184569df, L:/127.0.0.1:57661 - R:localhost/127.0.0.1:28828] for POST '/session/d2156a42b0e0c5f99f6b9510b0a74349/actions'
2023-04-27 17:39:13 DEBUG HttpHandler:70 ? 

Request DefaultHttpRequest(decodeResult: success, version: HTTP/1.1)
POST /session/d2156a42b0e0c5f99f6b9510b0a74349/actions HTTP/1.1
User-Agent: selenium/4.9.0 (java windows)
Content-Length: 567
Content-Type: application/json; charset=utf-8
host: localhost:28828
accept: */*

Response DefaultHttpResponse(decodeResult: success, version: HTTP/1.1)
HTTP/1.1 200 OK
Content-Length: 14
Content-Type: application/json; charset=utf-8
cache-control: no-cache

2023-04-27 17:39:13 DEBUG ChannelManager:270 ? Adding key: http://localhost:28828 for channel [id: 0x184569df, L:/127.0.0.1:57661 - R:localhost/127.0.0.1:28828]
2023-04-27 17:39:13 DEBUG NettyRequestSender:593 ? Using pooled Channel '[id: 0x184569df, L:/127.0.0.1:57661 - R:localhost/127.0.0.1:28828]' for 'POST' to 'http://localhost:28828/session/d2156a42b0e0c5f99f6b9510b0a74349/element'
2023-04-27 17:39:13 DEBUG NettyRequestSender:251 ? Using open Channel [id: 0x184569df, L:/127.0.0.1:57661 - R:localhost/127.0.0.1:28828] for POST '/session/d2156a42b0e0c5f99f6b9510b0a74349/element'
2023-04-27 17:39:13 DEBUG HttpHandler:70 ? 

Request DefaultHttpRequest(decodeResult: success, version: HTTP/1.1)
POST /session/d2156a42b0e0c5f99f6b9510b0a74349/element HTTP/1.1
User-Agent: selenium/4.9.0 (java windows)
Content-Length: 71
Content-Type: application/json; charset=utf-8
host: localhost:28828
accept: */*

Response DefaultHttpResponse(decodeResult: success, version: HTTP/1.1)
HTTP/1.1 200 OK
Content-Length: 88
Content-Type: application/json; charset=utf-8
cache-control: no-cache

2023-04-27 17:39:13 DEBUG ChannelManager:270 ? Adding key: http://localhost:28828 for channel [id: 0x184569df, L:/127.0.0.1:57661 - R:localhost/127.0.0.1:28828]
2023-04-27 17:39:13 DEBUG NettyRequestSender:593 ? Using pooled Channel '[id: 0x184569df, L:/127.0.0.1:57661 - R:localhost/127.0.0.1:28828]' for 'POST' to 'http://localhost:28828/session/d2156a42b0e0c5f99f6b9510b0a74349/actions'
2023-04-27 17:39:13 DEBUG NettyRequestSender:251 ? Using open Channel [id: 0x184569df, L:/127.0.0.1:57661 - R:localhost/127.0.0.1:28828] for POST '/session/d2156a42b0e0c5f99f6b9510b0a74349/actions'
2023-04-27 17:39:13 DEBUG DefaultChannelPool:348 ? Entry count for : http://localhost:57664 : 1
2023-04-27 17:39:13 DEBUG HttpHandler:70 ? 

Request DefaultHttpRequest(decodeResult: success, version: HTTP/1.1)
POST /session/d2156a42b0e0c5f99f6b9510b0a74349/actions HTTP/1.1
User-Agent: selenium/4.9.0 (java windows)
Content-Length: 567
Content-Type: application/json; charset=utf-8
host: localhost:28828
accept: */*

Response DefaultHttpResponse(decodeResult: success, version: HTTP/1.1)
HTTP/1.1 200 OK
Content-Length: 14
Content-Type: application/json; charset=utf-8
cache-control: no-cache

2023-04-27 17:39:13 DEBUG ChannelManager:270 ? Adding key: http://localhost:28828 for channel [id: 0x184569df, L:/127.0.0.1:57661 - R:localhost/127.0.0.1:28828]
2023-04-27 17:39:13 DEBUG NettyRequestSender:593 ? Using pooled Channel '[id: 0x184569df, L:/127.0.0.1:57661 - R:localhost/127.0.0.1:28828]' for 'POST' to 'http://localhost:28828/session/d2156a42b0e0c5f99f6b9510b0a74349/element'
2023-04-27 17:39:13 DEBUG NettyRequestSender:251 ? Using open Channel [id: 0x184569df, L:/127.0.0.1:57661 - R:localhost/127.0.0.1:28828] for POST '/session/d2156a42b0e0c5f99f6b9510b0a74349/element'
2023-04-27 17:39:13 DEBUG HttpHandler:70 ? 

Request DefaultHttpRequest(decodeResult: success, version: HTTP/1.1)
POST /session/d2156a42b0e0c5f99f6b9510b0a74349/element HTTP/1.1
User-Agent: selenium/4.9.0 (java windows)
Content-Length: 71
Content-Type: application/json; charset=utf-8
host: localhost:28828
accept: */*

Response DefaultHttpResponse(decodeResult: success, version: HTTP/1.1)
HTTP/1.1 200 OK
Content-Length: 88
Content-Type: application/json; charset=utf-8
cache-control: no-cache

2023-04-27 17:39:13 DEBUG ChannelManager:270 ? Adding key: http://localhost:28828 for channel [id: 0x184569df, L:/127.0.0.1:57661 - R:localhost/127.0.0.1:28828]
2023-04-27 17:39:13 DEBUG NettyRequestSender:593 ? Using pooled Channel '[id: 0x184569df, L:/127.0.0.1:57661 - R:localhost/127.0.0.1:28828]' for 'GET' to 'http://localhost:28828/session/d2156a42b0e0c5f99f6b9510b0a74349/element/36a7a5ca-da10-4cd1-8183-ecc2f9af4a18/enabled'
2023-04-27 17:39:13 DEBUG NettyRequestSender:251 ? Using open Channel [id: 0x184569df, L:/127.0.0.1:57661 - R:localhost/127.0.0.1:28828] for GET '/session/d2156a42b0e0c5f99f6b9510b0a74349/element/36a7a5ca-da10-4cd1-8183-ecc2f9af4a18/enabled'
2023-04-27 17:39:13 DEBUG HttpHandler:70 ? 

Request DefaultFullHttpRequest(decodeResult: success, version: HTTP/1.1, content: EmptyByteBufBE)
GET /session/d2156a42b0e0c5f99f6b9510b0a74349/element/36a7a5ca-da10-4cd1-8183-ecc2f9af4a18/enabled HTTP/1.1
User-Agent: selenium/4.9.0 (java windows)
Cache-Control: no-cache
Content-Type: application/json; charset=utf-8
host: localhost:28828
accept: */*

Response DefaultHttpResponse(decodeResult: success, version: HTTP/1.1)
HTTP/1.1 200 OK
Content-Length: 14
Content-Type: application/json; charset=utf-8
cache-control: no-cache

2023-04-27 17:39:13 DEBUG ChannelManager:270 ? Adding key: http://localhost:28828 for channel [id: 0x184569df, L:/127.0.0.1:57661 - R:localhost/127.0.0.1:28828]
2023-04-27 17:39:14 DEBUG NettyRequestSender:593 ? Using pooled Channel '[id: 0x184569df, L:/127.0.0.1:57661 - R:localhost/127.0.0.1:28828]' for 'POST' to 'http://localhost:28828/session/d2156a42b0e0c5f99f6b9510b0a74349/element'
2023-04-27 17:39:14 DEBUG NettyRequestSender:251 ? Using open Channel [id: 0x184569df, L:/127.0.0.1:57661 - R:localhost/127.0.0.1:28828] for POST '/session/d2156a42b0e0c5f99f6b9510b0a74349/element'
2023-04-27 17:39:14 DEBUG HttpHandler:70 ? 

Request DefaultHttpRequest(decodeResult: success, version: HTTP/1.1)
POST /session/d2156a42b0e0c5f99f6b9510b0a74349/element HTTP/1.1
User-Agent: selenium/4.9.0 (java windows)
Content-Length: 69
Content-Type: application/json; charset=utf-8
host: localhost:28828
accept: */*

Response DefaultHttpResponse(decodeResult: success, version: HTTP/1.1)
HTTP/1.1 200 OK
Content-Length: 88
Content-Type: application/json; charset=utf-8
cache-control: no-cache

2023-04-27 17:39:14 DEBUG ChannelManager:270 ? Adding key: http://localhost:28828 for channel [id: 0x184569df, L:/127.0.0.1:57661 - R:localhost/127.0.0.1:28828]
2023-04-27 17:39:14 DEBUG NettyRequestSender:593 ? Using pooled Channel '[id: 0x184569df, L:/127.0.0.1:57661 - R:localhost/127.0.0.1:28828]' for 'POST' to 'http://localhost:28828/session/d2156a42b0e0c5f99f6b9510b0a74349/actions'
2023-04-27 17:39:14 DEBUG NettyRequestSender:251 ? Using open Channel [id: 0x184569df, L:/127.0.0.1:57661 - R:localhost/127.0.0.1:28828] for POST '/session/d2156a42b0e0c5f99f6b9510b0a74349/actions'
2023-04-27 17:39:14 DEBUG HttpHandler:70 ? 

Request DefaultHttpRequest(decodeResult: success, version: HTTP/1.1)
POST /session/d2156a42b0e0c5f99f6b9510b0a74349/actions HTTP/1.1
User-Agent: selenium/4.9.0 (java windows)
Content-Length: 567
Content-Type: application/json; charset=utf-8
host: localhost:28828
accept: */*

Response DefaultHttpResponse(decodeResult: success, version: HTTP/1.1)
HTTP/1.1 200 OK
Content-Length: 14
Content-Type: application/json; charset=utf-8
cache-control: no-cache

2023-04-27 17:39:14 DEBUG ChannelManager:270 ? Adding key: http://localhost:28828 for channel [id: 0x184569df, L:/127.0.0.1:57661 - R:localhost/127.0.0.1:28828]
2023-04-27 17:39:14 DEBUG NettyRequestSender:593 ? Using pooled Channel '[id: 0x184569df, L:/127.0.0.1:57661 - R:localhost/127.0.0.1:28828]' for 'POST' to 'http://localhost:28828/session/d2156a42b0e0c5f99f6b9510b0a74349/element'
2023-04-27 17:39:14 DEBUG NettyRequestSender:251 ? Using open Channel [id: 0x184569df, L:/127.0.0.1:57661 - R:localhost/127.0.0.1:28828] for POST '/session/d2156a42b0e0c5f99f6b9510b0a74349/element'
2023-04-27 17:39:14 DEBUG HttpHandler:70 ? 

Request DefaultHttpRequest(decodeResult: success, version: HTTP/1.1)
POST /session/d2156a42b0e0c5f99f6b9510b0a74349/element HTTP/1.1
User-Agent: selenium/4.9.0 (java windows)
Content-Length: 72
Content-Type: application/json; charset=utf-8
host: localhost:28828
accept: */*

Response DefaultHttpResponse(decodeResult: success, version: HTTP/1.1)
HTTP/1.1 200 OK
Content-Length: 88
Content-Type: application/json; charset=utf-8
cache-control: no-cache

2023-04-27 17:39:14 DEBUG ChannelManager:270 ? Adding key: http://localhost:28828 for channel [id: 0x184569df, L:/127.0.0.1:57661 - R:localhost/127.0.0.1:28828]
2023-04-27 17:39:14 DEBUG NettyRequestSender:593 ? Using pooled Channel '[id: 0x184569df, L:/127.0.0.1:57661 - R:localhost/127.0.0.1:28828]' for 'POST' to 'http://localhost:28828/session/d2156a42b0e0c5f99f6b9510b0a74349/actions'
2023-04-27 17:39:14 DEBUG NettyRequestSender:251 ? Using open Channel [id: 0x184569df, L:/127.0.0.1:57661 - R:localhost/127.0.0.1:28828] for POST '/session/d2156a42b0e0c5f99f6b9510b0a74349/actions'
2023-04-27 17:39:14 DEBUG HttpHandler:70 ? 

Request DefaultHttpRequest(decodeResult: success, version: HTTP/1.1)
POST /session/d2156a42b0e0c5f99f6b9510b0a74349/actions HTTP/1.1
User-Agent: selenium/4.9.0 (java windows)
Content-Length: 2315
Content-Type: application/json; charset=utf-8
host: localhost:28828
accept: */*

Response DefaultHttpResponse(decodeResult: success, version: HTTP/1.1)
HTTP/1.1 200 OK
Content-Length: 14
Content-Type: application/json; charset=utf-8
cache-control: no-cache

2023-04-27 17:39:14 DEBUG ChannelManager:270 ? Adding key: http://localhost:28828 for channel [id: 0x184569df, L:/127.0.0.1:57661 - R:localhost/127.0.0.1:28828]
2023-04-27 17:39:14 DEBUG NettyRequestSender:593 ? Using pooled Channel '[id: 0x184569df, L:/127.0.0.1:57661 - R:localhost/127.0.0.1:28828]' for 'POST' to 'http://localhost:28828/session/d2156a42b0e0c5f99f6b9510b0a74349/element'
2023-04-27 17:39:14 DEBUG NettyRequestSender:251 ? Using open Channel [id: 0x184569df, L:/127.0.0.1:57661 - R:localhost/127.0.0.1:28828] for POST '/session/d2156a42b0e0c5f99f6b9510b0a74349/element'
2023-04-27 17:39:14 DEBUG HttpHandler:70 ? 

Request DefaultHttpRequest(decodeResult: success, version: HTTP/1.1)
POST /session/d2156a42b0e0c5f99f6b9510b0a74349/element HTTP/1.1
User-Agent: selenium/4.9.0 (java windows)
Content-Length: 71
Content-Type: application/json; charset=utf-8
host: localhost:28828
accept: */*

Response DefaultHttpResponse(decodeResult: success, version: HTTP/1.1)
HTTP/1.1 200 OK
Content-Length: 88
Content-Type: application/json; charset=utf-8
cache-control: no-cache

2023-04-27 17:39:14 DEBUG ChannelManager:270 ? Adding key: http://localhost:28828 for channel [id: 0x184569df, L:/127.0.0.1:57661 - R:localhost/127.0.0.1:28828]
2023-04-27 17:39:14 DEBUG NettyRequestSender:593 ? Using pooled Channel '[id: 0x184569df, L:/127.0.0.1:57661 - R:localhost/127.0.0.1:28828]' for 'POST' to 'http://localhost:28828/session/d2156a42b0e0c5f99f6b9510b0a74349/actions'
2023-04-27 17:39:14 DEBUG NettyRequestSender:251 ? Using open Channel [id: 0x184569df, L:/127.0.0.1:57661 - R:localhost/127.0.0.1:28828] for POST '/session/d2156a42b0e0c5f99f6b9510b0a74349/actions'
2023-04-27 17:39:14 DEBUG HttpHandler:70 ? 

Request DefaultHttpRequest(decodeResult: success, version: HTTP/1.1)
POST /session/d2156a42b0e0c5f99f6b9510b0a74349/actions HTTP/1.1
User-Agent: selenium/4.9.0 (java windows)
Content-Length: 567
Content-Type: application/json; charset=utf-8
host: localhost:28828
accept: */*

Response DefaultHttpResponse(decodeResult: success, version: HTTP/1.1)
HTTP/1.1 200 OK
Content-Length: 14
Content-Type: application/json; charset=utf-8
cache-control: no-cache

2023-04-27 17:39:14 DEBUG ChannelManager:270 ? Adding key: http://localhost:28828 for channel [id: 0x184569df, L:/127.0.0.1:57661 - R:localhost/127.0.0.1:28828]
2023-04-27 17:39:14 DEBUG NettyRequestSender:593 ? Using pooled Channel '[id: 0x184569df, L:/127.0.0.1:57661 - R:localhost/127.0.0.1:28828]' for 'POST' to 'http://localhost:28828/session/d2156a42b0e0c5f99f6b9510b0a74349/element'
2023-04-27 17:39:14 DEBUG NettyRequestSender:251 ? Using open Channel [id: 0x184569df, L:/127.0.0.1:57661 - R:localhost/127.0.0.1:28828] for POST '/session/d2156a42b0e0c5f99f6b9510b0a74349/element'
2023-04-27 17:39:14 DEBUG HttpHandler:70 ? 

Request DefaultHttpRequest(decodeResult: success, version: HTTP/1.1)
POST /session/d2156a42b0e0c5f99f6b9510b0a74349/element HTTP/1.1
User-Agent: selenium/4.9.0 (java windows)
Content-Length: 71
Content-Type: application/json; charset=utf-8
host: localhost:28828
accept: */*

Response DefaultHttpResponse(decodeResult: success, version: HTTP/1.1)
HTTP/1.1 200 OK
Content-Length: 88
Content-Type: application/json; charset=utf-8
cache-control: no-cache

2023-04-27 17:39:14 DEBUG ChannelManager:270 ? Adding key: http://localhost:28828 for channel [id: 0x184569df, L:/127.0.0.1:57661 - R:localhost/127.0.0.1:28828]
2023-04-27 17:39:14 DEBUG NettyRequestSender:593 ? Using pooled Channel '[id: 0x184569df, L:/127.0.0.1:57661 - R:localhost/127.0.0.1:28828]' for 'GET' to 'http://localhost:28828/session/d2156a42b0e0c5f99f6b9510b0a74349/element/36a7a5ca-da10-4cd1-8183-ecc2f9af4a18/enabled'
2023-04-27 17:39:14 DEBUG NettyRequestSender:251 ? Using open Channel [id: 0x184569df, L:/127.0.0.1:57661 - R:localhost/127.0.0.1:28828] for GET '/session/d2156a42b0e0c5f99f6b9510b0a74349/element/36a7a5ca-da10-4cd1-8183-ecc2f9af4a18/enabled'
2023-04-27 17:39:14 DEBUG HttpHandler:70 ? 

Request DefaultFullHttpRequest(decodeResult: success, version: HTTP/1.1, content: EmptyByteBufBE)
GET /session/d2156a42b0e0c5f99f6b9510b0a74349/element/36a7a5ca-da10-4cd1-8183-ecc2f9af4a18/enabled HTTP/1.1
User-Agent: selenium/4.9.0 (java windows)
Cache-Control: no-cache
Content-Type: application/json; charset=utf-8
host: localhost:28828
accept: */*

Response DefaultHttpResponse(decodeResult: success, version: HTTP/1.1)
HTTP/1.1 200 OK
Content-Length: 15
Content-Type: application/json; charset=utf-8
cache-control: no-cache

2023-04-27 17:39:14 DEBUG ChannelManager:270 ? Adding key: http://localhost:28828 for channel [id: 0x184569df, L:/127.0.0.1:57661 - R:localhost/127.0.0.1:28828]
2023-04-27 17:40:27 DEBUG InternalLoggerFactory:63 ? Using SLF4J as the default logging framework
2023-04-27 17:40:27 DEBUG ResourceLeakDetector:129 ? -Dio.netty.leakDetection.level: simple
2023-04-27 17:40:27 DEBUG ResourceLeakDetector:130 ? -Dio.netty.leakDetection.targetRecords: 4
2023-04-27 17:40:27 DEBUG ResourceLeakDetectorFactory:196 ? Loaded default ResourceLeakDetector: io.netty.util.ResourceLeakDetector@7c22d4f
2023-04-27 17:40:27 DEBUG PlatformDependent0:496 ? -Dio.netty.noUnsafe: false
2023-04-27 17:40:27 DEBUG PlatformDependent0:1000 ? Java version: 19
2023-04-27 17:40:27 DEBUG PlatformDependent0:137 ? sun.misc.Unsafe.theUnsafe: available
2023-04-27 17:40:27 DEBUG PlatformDependent0:161 ? sun.misc.Unsafe.copyMemory: available
2023-04-27 17:40:27 DEBUG PlatformDependent0:193 ? sun.misc.Unsafe.storeFence: available
2023-04-27 17:40:27 DEBUG PlatformDependent0:236 ? java.nio.Buffer.address: available
2023-04-27 17:40:27 DEBUG PlatformDependent0:320 ? direct buffer constructor: unavailable: Reflective setAccessible(true) disabled
2023-04-27 17:40:27 DEBUG PlatformDependent0:385 ? java.nio.Bits.unaligned: available, true
2023-04-27 17:40:27 DEBUG PlatformDependent0:452 ? jdk.internal.misc.Unsafe.allocateUninitializedArray(int): unavailable: class io.netty.util.internal.PlatformDependent0$7 cannot access class jdk.internal.misc.Unsafe (in module java.base) because module java.base does not export jdk.internal.misc to unnamed module @5679c6c6
2023-04-27 17:40:27 DEBUG PlatformDependent0:482 ? java.nio.DirectByteBuffer.<init>(long, int): unavailable
2023-04-27 17:40:27 DEBUG PlatformDependent:1159 ? sun.misc.Unsafe: available
2023-04-27 17:40:27 DEBUG PlatformDependent:1270 ? maxDirectMemory: 5339348992 bytes (maybe)
2023-04-27 17:40:27 DEBUG PlatformDependent:1289 ? -Dio.netty.tmpdir: C:\Users\rohit\AppData\Local\Temp (java.io.tmpdir)
2023-04-27 17:40:27 DEBUG PlatformDependent:1368 ? -Dio.netty.bitMode: 64 (sun.arch.data.model)
2023-04-27 17:40:27 DEBUG PlatformDependent:1119 ? Platform: Windows
2023-04-27 17:40:27 DEBUG PlatformDependent:178 ? -Dio.netty.maxDirectMemory: -1 bytes
2023-04-27 17:40:27 DEBUG PlatformDependent:185 ? -Dio.netty.uninitializedArrayAllocationThreshold: -1
2023-04-27 17:40:27 DEBUG CleanerJava9:71 ? java.nio.ByteBuffer.cleaner(): available
2023-04-27 17:40:27 DEBUG PlatformDependent:205 ? -Dio.netty.noPreferDirect: false
2023-04-27 17:40:27 DEBUG PlatformDependent:1010 ? org.jctools-core.MpscChunkedArrayQueue: available
2023-04-27 17:40:27 DEBUG InternalThreadLocalMap:100 ? -Dio.netty.threadLocalMap.stringBuilder.initialSize: 1024
2023-04-27 17:40:27 DEBUG InternalThreadLocalMap:101 ? -Dio.netty.threadLocalMap.stringBuilder.maxSize: 4096
2023-04-27 17:40:27 DEBUG JdkSslContext:83 ? Default protocols (JDK): [TLSv1.3, TLSv1.2] 
2023-04-27 17:40:27 DEBUG JdkSslContext:84 ? Default cipher suites (JDK): [TLS_ECDHE_ECDSA_WITH_AES_256_GCM_SHA384, TLS_ECDHE_ECDSA_WITH_AES_128_GCM_SHA256, TLS_ECDHE_RSA_WITH_AES_128_GCM_SHA256, TLS_ECDHE_RSA_WITH_AES_256_GCM_SHA384, TLS_ECDHE_RSA_WITH_AES_128_CBC_SHA, TLS_ECDHE_RSA_WITH_AES_256_CBC_SHA, TLS_RSA_WITH_AES_128_GCM_SHA256, TLS_RSA_WITH_AES_128_CBC_SHA, TLS_RSA_WITH_AES_256_CBC_SHA, TLS_AES_128_GCM_SHA256, TLS_AES_256_GCM_SHA384]
2023-04-27 17:40:27 DEBUG GlobalEventExecutor:53 ? -Dio.netty.globalEventExecutor.quietPeriodSeconds: 1
2023-04-27 17:40:27 DEBUG MultithreadEventLoopGroup:44 ? -Dio.netty.eventLoopThreads: 16
2023-04-27 17:40:27 DEBUG NioEventLoop:110 ? -Dio.netty.noKeySetOptimization: false
2023-04-27 17:40:27 DEBUG NioEventLoop:111 ? -Dio.netty.selectorAutoRebuildThreshold: 512
2023-04-27 17:40:27 DEBUG PooledByteBufAllocator:157 ? -Dio.netty.allocator.numHeapArenas: 16
2023-04-27 17:40:27 DEBUG PooledByteBufAllocator:158 ? -Dio.netty.allocator.numDirectArenas: 16
2023-04-27 17:40:27 DEBUG PooledByteBufAllocator:160 ? -Dio.netty.allocator.pageSize: 8192
2023-04-27 17:40:27 DEBUG PooledByteBufAllocator:165 ? -Dio.netty.allocator.maxOrder: 9
2023-04-27 17:40:27 DEBUG PooledByteBufAllocator:169 ? -Dio.netty.allocator.chunkSize: 4194304
2023-04-27 17:40:27 DEBUG PooledByteBufAllocator:170 ? -Dio.netty.allocator.smallCacheSize: 256
2023-04-27 17:40:27 DEBUG PooledByteBufAllocator:171 ? -Dio.netty.allocator.normalCacheSize: 64
2023-04-27 17:40:27 DEBUG PooledByteBufAllocator:172 ? -Dio.netty.allocator.maxCachedBufferCapacity: 32768
2023-04-27 17:40:27 DEBUG PooledByteBufAllocator:173 ? -Dio.netty.allocator.cacheTrimInterval: 8192
2023-04-27 17:40:27 DEBUG PooledByteBufAllocator:174 ? -Dio.netty.allocator.cacheTrimIntervalMillis: 0
2023-04-27 17:40:27 DEBUG PooledByteBufAllocator:175 ? -Dio.netty.allocator.useCacheForAllThreads: false
2023-04-27 17:40:27 DEBUG PooledByteBufAllocator:176 ? -Dio.netty.allocator.maxCachedByteBuffersPerChunk: 1023
2023-04-27 17:40:27 DEBUG ByteBufUtil:88 ? -Dio.netty.allocator.type: pooled
2023-04-27 17:40:27 DEBUG ByteBufUtil:97 ? -Dio.netty.threadLocalDirectBufferSize: 0
2023-04-27 17:40:27 DEBUG ByteBufUtil:100 ? -Dio.netty.maxThreadLocalCharBufferSize: 16384
2023-04-27 17:40:28 DEBUG DefaultChannelId:79 ? -Dio.netty.processId: 15816 (auto-detected)
2023-04-27 17:40:28 DEBUG NetUtil:148 ? -Djava.net.preferIPv4Stack: false
2023-04-27 17:40:28 DEBUG NetUtil:149 ? -Djava.net.preferIPv6Addresses: false
2023-04-27 17:40:28 DEBUG NetUtilInitializations:145 ? Loopback interface: lo (Software Loopback Interface 1, 127.0.0.1)
2023-04-27 17:40:28 DEBUG NetUtil:206 ? Failed to get SOMAXCONN from sysctl and file \proc\sys\net\core\somaxconn. Default: 200
2023-04-27 17:40:28 DEBUG DefaultChannelId:101 ? -Dio.netty.machineId: 70:c9:4e:ff:fe:a9:98:9d (auto-detected)
2023-04-27 17:40:28 DEBUG AbstractByteBuf:63 ? -Dio.netty.buffer.checkAccessible: true
2023-04-27 17:40:28 DEBUG AbstractByteBuf:64 ? -Dio.netty.buffer.checkBounds: true
2023-04-27 17:40:28 DEBUG ResourceLeakDetectorFactory:196 ? Loaded default ResourceLeakDetector: io.netty.util.ResourceLeakDetector@5b3c0413
2023-04-27 17:40:28 DEBUG NettyConnectListener:73 ? Using new Channel '[id: 0x2aaf1fd0, L:/127.0.0.1:57906 - R:localhost/127.0.0.1:9165]' for 'POST' to '/session'
2023-04-27 17:40:28 DEBUG Recycler:96 ? -Dio.netty.recycler.maxCapacityPerThread: 4096
2023-04-27 17:40:28 DEBUG Recycler:97 ? -Dio.netty.recycler.ratio: 8
2023-04-27 17:40:28 DEBUG Recycler:98 ? -Dio.netty.recycler.chunkSize: 32
2023-04-27 17:40:28 DEBUG Recycler:99 ? -Dio.netty.recycler.blocking: false
2023-04-27 17:40:28 DEBUG Recycler:100 ? -Dio.netty.recycler.batchFastThreadLocalOnly: true
2023-04-27 17:40:29 DEBUG Brotli:38 ? brotli4j not in the classpath; Brotli support will be unavailable.
2023-04-27 17:40:29 DEBUG HttpHandler:70 ? 

Request DefaultHttpRequest(decodeResult: success, version: HTTP/1.1)
POST /session HTTP/1.1
User-Agent: selenium/4.9.0 (java windows)
Content-Length: 254
Content-Type: application/json; charset=utf-8
host: localhost:9165
accept: */*

Response DefaultHttpResponse(decodeResult: success, version: HTTP/1.1)
HTTP/1.1 200 OK
Content-Length: 859
Content-Type: application/json; charset=utf-8
cache-control: no-cache

2023-04-27 17:40:29 DEBUG ChannelManager:270 ? Adding key: http://localhost:9165 for channel [id: 0x2aaf1fd0, L:/127.0.0.1:57906 - R:localhost/127.0.0.1:9165]
2023-04-27 17:40:29 DEBUG DefaultChannelPool:348 ? Entry count for : http://localhost:9165 : 1
2023-04-27 17:40:30 DEBUG NettyConnectListener:73 ? Using new Channel '[id: 0x9382546d, L:/127.0.0.1:57924 - R:localhost/127.0.0.1:57911]' for 'GET' to '/json/version'
2023-04-27 17:40:30 DEBUG HttpHandler:70 ? 

Request DefaultFullHttpRequest(decodeResult: success, version: HTTP/1.1, content: EmptyByteBufBE)
GET /json/version HTTP/1.1
User-Agent: selenium/4.9.0 (java windows)
host: localhost:57911
accept: */*

Response DefaultHttpResponse(decodeResult: success, version: HTTP/1.1)
HTTP/1.1 200 OK
Content-Security-Policy: frame-ancestors 'none'
Content-Length: 424
Content-Type: application/json; charset=UTF-8

2023-04-27 17:40:30 DEBUG ChannelManager:270 ? Adding key: http://localhost:57911 for channel [id: 0x9382546d, L:/127.0.0.1:57924 - R:localhost/127.0.0.1:57911]
2023-04-27 17:40:30 DEBUG ThreadLocalRandom:214 ? -Dio.netty.initialSeedUniquifier: 0xaaf06acb1ba7d759
2023-04-27 17:40:30 DEBUG NettyConnectListener:73 ? Using new Channel '[id: 0xa14218db, L:/127.0.0.1:57925 - R:localhost/127.0.0.1:57911]' for 'GET' to '/devtools/browser/078a2529-49c0-4f44-9735-9a0533162401'
2023-04-27 17:40:30 DEBUG WebSocketHandler:105 ? 

Request DefaultFullHttpRequest(decodeResult: success, version: HTTP/1.1, content: EmptyByteBufBE)
GET /devtools/browser/078a2529-49c0-4f44-9735-9a0533162401 HTTP/1.1
upgrade: websocket
connection: upgrade
sec-websocket-key: Y3GD5VMidCcux/Vd4bxVgw==
sec-websocket-version: 13
origin: http://localhost:57911
host: localhost:57911
accept: */*
user-agent: AHC/2.1

Response DefaultHttpResponse(decodeResult: success, version: HTTP/1.1)
HTTP/1.1 101 WebSocket Protocol Handshake
Upgrade: WebSocket
Connection: Upgrade
Sec-WebSocket-Accept: 62juLi7ELD3gbBhms5IHIIMI3JQ=

2023-04-27 17:40:30 DEBUG NettyRequestSender:593 ? Using pooled Channel '[id: 0x2aaf1fd0, L:/127.0.0.1:57906 - R:localhost/127.0.0.1:9165]' for 'POST' to 'http://localhost:9165/session/789985481f9d00406baf110c9745ab67/window/maximize'
2023-04-27 17:40:30 DEBUG NettyRequestSender:251 ? Using open Channel [id: 0x2aaf1fd0, L:/127.0.0.1:57906 - R:localhost/127.0.0.1:9165] for POST '/session/789985481f9d00406baf110c9745ab67/window/maximize'
2023-04-27 17:40:30 DEBUG HttpHandler:70 ? 

Request DefaultHttpRequest(decodeResult: success, version: HTTP/1.1)
POST /session/789985481f9d00406baf110c9745ab67/window/maximize HTTP/1.1
User-Agent: selenium/4.9.0 (java windows)
Content-Length: 3
Content-Type: application/json; charset=utf-8
host: localhost:9165
accept: */*

Response DefaultHttpResponse(decodeResult: success, version: HTTP/1.1)
HTTP/1.1 200 OK
Content-Length: 52
Content-Type: application/json; charset=utf-8
cache-control: no-cache

2023-04-27 17:40:30 DEBUG ChannelManager:270 ? Adding key: http://localhost:9165 for channel [id: 0x2aaf1fd0, L:/127.0.0.1:57906 - R:localhost/127.0.0.1:9165]
2023-04-27 17:40:30 DEBUG NettyRequestSender:593 ? Using pooled Channel '[id: 0x2aaf1fd0, L:/127.0.0.1:57906 - R:localhost/127.0.0.1:9165]' for 'POST' to 'http://localhost:9165/session/789985481f9d00406baf110c9745ab67/timeouts'
2023-04-27 17:40:30 DEBUG NettyRequestSender:251 ? Using open Channel [id: 0x2aaf1fd0, L:/127.0.0.1:57906 - R:localhost/127.0.0.1:9165] for POST '/session/789985481f9d00406baf110c9745ab67/timeouts'
2023-04-27 17:40:30 DEBUG HttpHandler:70 ? 

Request DefaultHttpRequest(decodeResult: success, version: HTTP/1.1)
POST /session/789985481f9d00406baf110c9745ab67/timeouts HTTP/1.1
User-Agent: selenium/4.9.0 (java windows)
Content-Length: 23
Content-Type: application/json; charset=utf-8
host: localhost:9165
accept: */*

Response DefaultHttpResponse(decodeResult: success, version: HTTP/1.1)
HTTP/1.1 200 OK
Content-Length: 14
Content-Type: application/json; charset=utf-8
cache-control: no-cache

2023-04-27 17:40:30 DEBUG ChannelManager:270 ? Adding key: http://localhost:9165 for channel [id: 0x2aaf1fd0, L:/127.0.0.1:57906 - R:localhost/127.0.0.1:9165]
2023-04-27 17:40:30 DEBUG NettyRequestSender:593 ? Using pooled Channel '[id: 0x2aaf1fd0, L:/127.0.0.1:57906 - R:localhost/127.0.0.1:9165]' for 'POST' to 'http://localhost:9165/session/789985481f9d00406baf110c9745ab67/url'
2023-04-27 17:40:30 DEBUG NettyRequestSender:251 ? Using open Channel [id: 0x2aaf1fd0, L:/127.0.0.1:57906 - R:localhost/127.0.0.1:9165] for POST '/session/789985481f9d00406baf110c9745ab67/url'
2023-04-27 17:40:30 DEBUG DefaultChannelPool:348 ? Entry count for : http://localhost:57911 : 1
2023-04-27 17:40:31 DEBUG HttpHandler:70 ? 

Request DefaultHttpRequest(decodeResult: success, version: HTTP/1.1)
POST /session/789985481f9d00406baf110c9745ab67/url HTTP/1.1
User-Agent: selenium/4.9.0 (java windows)
Content-Length: 59
Content-Type: application/json; charset=utf-8
host: localhost:9165
accept: */*

Response DefaultHttpResponse(decodeResult: success, version: HTTP/1.1)
HTTP/1.1 200 OK
Content-Length: 14
Content-Type: application/json; charset=utf-8
cache-control: no-cache

2023-04-27 17:40:31 DEBUG ChannelManager:270 ? Adding key: http://localhost:9165 for channel [id: 0x2aaf1fd0, L:/127.0.0.1:57906 - R:localhost/127.0.0.1:9165]
2023-04-27 17:40:31 DEBUG NettyRequestSender:593 ? Using pooled Channel '[id: 0x2aaf1fd0, L:/127.0.0.1:57906 - R:localhost/127.0.0.1:9165]' for 'POST' to 'http://localhost:9165/session/789985481f9d00406baf110c9745ab67/element'
2023-04-27 17:40:31 DEBUG NettyRequestSender:251 ? Using open Channel [id: 0x2aaf1fd0, L:/127.0.0.1:57906 - R:localhost/127.0.0.1:9165] for POST '/session/789985481f9d00406baf110c9745ab67/element'
2023-04-27 17:40:31 DEBUG HttpHandler:70 ? 

Request DefaultHttpRequest(decodeResult: success, version: HTTP/1.1)
POST /session/789985481f9d00406baf110c9745ab67/element HTTP/1.1
User-Agent: selenium/4.9.0 (java windows)
Content-Length: 72
Content-Type: application/json; charset=utf-8
host: localhost:9165
accept: */*

Response DefaultHttpResponse(decodeResult: success, version: HTTP/1.1)
HTTP/1.1 200 OK
Content-Length: 88
Content-Type: application/json; charset=utf-8
cache-control: no-cache

2023-04-27 17:40:31 DEBUG ChannelManager:270 ? Adding key: http://localhost:9165 for channel [id: 0x2aaf1fd0, L:/127.0.0.1:57906 - R:localhost/127.0.0.1:9165]
2023-04-27 17:40:31 DEBUG NettyRequestSender:593 ? Using pooled Channel '[id: 0x2aaf1fd0, L:/127.0.0.1:57906 - R:localhost/127.0.0.1:9165]' for 'POST' to 'http://localhost:9165/session/789985481f9d00406baf110c9745ab67/execute/sync'
2023-04-27 17:40:31 DEBUG NettyRequestSender:251 ? Using open Channel [id: 0x2aaf1fd0, L:/127.0.0.1:57906 - R:localhost/127.0.0.1:9165] for POST '/session/789985481f9d00406baf110c9745ab67/execute/sync'
2023-04-27 17:40:31 DEBUG HttpHandler:70 ? 

Request DefaultHttpRequest(decodeResult: success, version: HTTP/1.1)
POST /session/789985481f9d00406baf110c9745ab67/execute/sync HTTP/1.1
User-Agent: selenium/4.9.0 (java windows)
Content-Length: 48807
Content-Type: application/json; charset=utf-8
host: localhost:9165
accept: */*

Response DefaultHttpResponse(decodeResult: success, version: HTTP/1.1)
HTTP/1.1 200 OK
Content-Length: 14
Content-Type: application/json; charset=utf-8
cache-control: no-cache

2023-04-27 17:40:31 DEBUG ChannelManager:270 ? Adding key: http://localhost:9165 for channel [id: 0x2aaf1fd0, L:/127.0.0.1:57906 - R:localhost/127.0.0.1:9165]
2023-04-27 17:40:31 DEBUG NettyRequestSender:593 ? Using pooled Channel '[id: 0x2aaf1fd0, L:/127.0.0.1:57906 - R:localhost/127.0.0.1:9165]' for 'POST' to 'http://localhost:9165/session/789985481f9d00406baf110c9745ab67/element'
2023-04-27 17:40:31 DEBUG NettyRequestSender:251 ? Using open Channel [id: 0x2aaf1fd0, L:/127.0.0.1:57906 - R:localhost/127.0.0.1:9165] for POST '/session/789985481f9d00406baf110c9745ab67/element'
2023-04-27 17:40:31 DEBUG HttpHandler:70 ? 

Request DefaultHttpRequest(decodeResult: success, version: HTTP/1.1)
POST /session/789985481f9d00406baf110c9745ab67/element HTTP/1.1
User-Agent: selenium/4.9.0 (java windows)
Content-Length: 69
Content-Type: application/json; charset=utf-8
host: localhost:9165
accept: */*

Response DefaultHttpResponse(decodeResult: success, version: HTTP/1.1)
HTTP/1.1 200 OK
Content-Length: 88
Content-Type: application/json; charset=utf-8
cache-control: no-cache

2023-04-27 17:40:31 DEBUG ChannelManager:270 ? Adding key: http://localhost:9165 for channel [id: 0x2aaf1fd0, L:/127.0.0.1:57906 - R:localhost/127.0.0.1:9165]
2023-04-27 17:40:31 DEBUG NettyRequestSender:593 ? Using pooled Channel '[id: 0x2aaf1fd0, L:/127.0.0.1:57906 - R:localhost/127.0.0.1:9165]' for 'POST' to 'http://localhost:9165/session/789985481f9d00406baf110c9745ab67/execute/sync'
2023-04-27 17:40:31 DEBUG NettyRequestSender:251 ? Using open Channel [id: 0x2aaf1fd0, L:/127.0.0.1:57906 - R:localhost/127.0.0.1:9165] for POST '/session/789985481f9d00406baf110c9745ab67/execute/sync'
2023-04-27 17:40:31 DEBUG HttpHandler:70 ? 

Request DefaultHttpRequest(decodeResult: success, version: HTTP/1.1)
POST /session/789985481f9d00406baf110c9745ab67/execute/sync HTTP/1.1
User-Agent: selenium/4.9.0 (java windows)
Content-Length: 48807
Content-Type: application/json; charset=utf-8
host: localhost:9165
accept: */*

Response DefaultHttpResponse(decodeResult: success, version: HTTP/1.1)
HTTP/1.1 200 OK
Content-Length: 14
Content-Type: application/json; charset=utf-8
cache-control: no-cache

2023-04-27 17:40:31 DEBUG ChannelManager:270 ? Adding key: http://localhost:9165 for channel [id: 0x2aaf1fd0, L:/127.0.0.1:57906 - R:localhost/127.0.0.1:9165]
2023-04-27 17:40:31 DEBUG NettyRequestSender:593 ? Using pooled Channel '[id: 0x2aaf1fd0, L:/127.0.0.1:57906 - R:localhost/127.0.0.1:9165]' for 'POST' to 'http://localhost:9165/session/789985481f9d00406baf110c9745ab67/element'
2023-04-27 17:40:31 DEBUG NettyRequestSender:251 ? Using open Channel [id: 0x2aaf1fd0, L:/127.0.0.1:57906 - R:localhost/127.0.0.1:9165] for POST '/session/789985481f9d00406baf110c9745ab67/element'
2023-04-27 17:40:31 DEBUG HttpHandler:70 ? 

Request DefaultHttpRequest(decodeResult: success, version: HTTP/1.1)
POST /session/789985481f9d00406baf110c9745ab67/element HTTP/1.1
User-Agent: selenium/4.9.0 (java windows)
Content-Length: 71
Content-Type: application/json; charset=utf-8
host: localhost:9165
accept: */*

Response DefaultHttpResponse(decodeResult: success, version: HTTP/1.1)
HTTP/1.1 200 OK
Content-Length: 88
Content-Type: application/json; charset=utf-8
cache-control: no-cache

2023-04-27 17:40:31 DEBUG ChannelManager:270 ? Adding key: http://localhost:9165 for channel [id: 0x2aaf1fd0, L:/127.0.0.1:57906 - R:localhost/127.0.0.1:9165]
2023-04-27 17:40:31 DEBUG NettyRequestSender:593 ? Using pooled Channel '[id: 0x2aaf1fd0, L:/127.0.0.1:57906 - R:localhost/127.0.0.1:9165]' for 'POST' to 'http://localhost:9165/session/789985481f9d00406baf110c9745ab67/execute/sync'
2023-04-27 17:40:31 DEBUG NettyRequestSender:251 ? Using open Channel [id: 0x2aaf1fd0, L:/127.0.0.1:57906 - R:localhost/127.0.0.1:9165] for POST '/session/789985481f9d00406baf110c9745ab67/execute/sync'
2023-04-27 17:40:31 DEBUG HttpHandler:70 ? 

Request DefaultHttpRequest(decodeResult: success, version: HTTP/1.1)
POST /session/789985481f9d00406baf110c9745ab67/execute/sync HTTP/1.1
User-Agent: selenium/4.9.0 (java windows)
Content-Length: 48807
Content-Type: application/json; charset=utf-8
host: localhost:9165
accept: */*

Response DefaultHttpResponse(decodeResult: success, version: HTTP/1.1)
HTTP/1.1 200 OK
Content-Length: 14
Content-Type: application/json; charset=utf-8
cache-control: no-cache

2023-04-27 17:40:31 DEBUG ChannelManager:270 ? Adding key: http://localhost:9165 for channel [id: 0x2aaf1fd0, L:/127.0.0.1:57906 - R:localhost/127.0.0.1:9165]
2023-04-27 17:40:31 DEBUG NettyRequestSender:593 ? Using pooled Channel '[id: 0x2aaf1fd0, L:/127.0.0.1:57906 - R:localhost/127.0.0.1:9165]' for 'POST' to 'http://localhost:9165/session/789985481f9d00406baf110c9745ab67/element'
2023-04-27 17:40:31 DEBUG NettyRequestSender:251 ? Using open Channel [id: 0x2aaf1fd0, L:/127.0.0.1:57906 - R:localhost/127.0.0.1:9165] for POST '/session/789985481f9d00406baf110c9745ab67/element'
2023-04-27 17:40:31 DEBUG HttpHandler:70 ? 

Request DefaultHttpRequest(decodeResult: success, version: HTTP/1.1)
POST /session/789985481f9d00406baf110c9745ab67/element HTTP/1.1
User-Agent: selenium/4.9.0 (java windows)
Content-Length: 72
Content-Type: application/json; charset=utf-8
host: localhost:9165
accept: */*

Response DefaultHttpResponse(decodeResult: success, version: HTTP/1.1)
HTTP/1.1 200 OK
Content-Length: 88
Content-Type: application/json; charset=utf-8
cache-control: no-cache

2023-04-27 17:40:31 DEBUG ChannelManager:270 ? Adding key: http://localhost:9165 for channel [id: 0x2aaf1fd0, L:/127.0.0.1:57906 - R:localhost/127.0.0.1:9165]
2023-04-27 17:40:31 DEBUG NettyRequestSender:593 ? Using pooled Channel '[id: 0x2aaf1fd0, L:/127.0.0.1:57906 - R:localhost/127.0.0.1:9165]' for 'POST' to 'http://localhost:9165/session/789985481f9d00406baf110c9745ab67/execute/sync'
2023-04-27 17:40:31 DEBUG NettyRequestSender:251 ? Using open Channel [id: 0x2aaf1fd0, L:/127.0.0.1:57906 - R:localhost/127.0.0.1:9165] for POST '/session/789985481f9d00406baf110c9745ab67/execute/sync'
2023-04-27 17:40:31 DEBUG HttpHandler:70 ? 

Request DefaultHttpRequest(decodeResult: success, version: HTTP/1.1)
POST /session/789985481f9d00406baf110c9745ab67/execute/sync HTTP/1.1
User-Agent: selenium/4.9.0 (java windows)
Content-Length: 48807
Content-Type: application/json; charset=utf-8
host: localhost:9165
accept: */*

Response DefaultHttpResponse(decodeResult: success, version: HTTP/1.1)
HTTP/1.1 200 OK
Content-Length: 14
Content-Type: application/json; charset=utf-8
cache-control: no-cache

2023-04-27 17:40:31 DEBUG ChannelManager:270 ? Adding key: http://localhost:9165 for channel [id: 0x2aaf1fd0, L:/127.0.0.1:57906 - R:localhost/127.0.0.1:9165]
2023-04-27 17:40:31 DEBUG NettyRequestSender:593 ? Using pooled Channel '[id: 0x2aaf1fd0, L:/127.0.0.1:57906 - R:localhost/127.0.0.1:9165]' for 'POST' to 'http://localhost:9165/session/789985481f9d00406baf110c9745ab67/element'
2023-04-27 17:40:31 DEBUG NettyRequestSender:251 ? Using open Channel [id: 0x2aaf1fd0, L:/127.0.0.1:57906 - R:localhost/127.0.0.1:9165] for POST '/session/789985481f9d00406baf110c9745ab67/element'
2023-04-27 17:40:31 DEBUG HttpHandler:70 ? 

Request DefaultHttpRequest(decodeResult: success, version: HTTP/1.1)
POST /session/789985481f9d00406baf110c9745ab67/element HTTP/1.1
User-Agent: selenium/4.9.0 (java windows)
Content-Length: 69
Content-Type: application/json; charset=utf-8
host: localhost:9165
accept: */*

Response DefaultHttpResponse(decodeResult: success, version: HTTP/1.1)
HTTP/1.1 200 OK
Content-Length: 88
Content-Type: application/json; charset=utf-8
cache-control: no-cache

2023-04-27 17:40:31 DEBUG ChannelManager:270 ? Adding key: http://localhost:9165 for channel [id: 0x2aaf1fd0, L:/127.0.0.1:57906 - R:localhost/127.0.0.1:9165]
2023-04-27 17:40:31 DEBUG NettyRequestSender:593 ? Using pooled Channel '[id: 0x2aaf1fd0, L:/127.0.0.1:57906 - R:localhost/127.0.0.1:9165]' for 'POST' to 'http://localhost:9165/session/789985481f9d00406baf110c9745ab67/execute/sync'
2023-04-27 17:40:31 DEBUG NettyRequestSender:251 ? Using open Channel [id: 0x2aaf1fd0, L:/127.0.0.1:57906 - R:localhost/127.0.0.1:9165] for POST '/session/789985481f9d00406baf110c9745ab67/execute/sync'
2023-04-27 17:40:31 DEBUG HttpHandler:70 ? 

Request DefaultHttpRequest(decodeResult: success, version: HTTP/1.1)
POST /session/789985481f9d00406baf110c9745ab67/execute/sync HTTP/1.1
User-Agent: selenium/4.9.0 (java windows)
Content-Length: 48807
Content-Type: application/json; charset=utf-8
host: localhost:9165
accept: */*

Response DefaultHttpResponse(decodeResult: success, version: HTTP/1.1)
HTTP/1.1 200 OK
Content-Length: 14
Content-Type: application/json; charset=utf-8
cache-control: no-cache

2023-04-27 17:40:31 DEBUG ChannelManager:270 ? Adding key: http://localhost:9165 for channel [id: 0x2aaf1fd0, L:/127.0.0.1:57906 - R:localhost/127.0.0.1:9165]
2023-04-27 17:40:31 DEBUG NettyRequestSender:593 ? Using pooled Channel '[id: 0x2aaf1fd0, L:/127.0.0.1:57906 - R:localhost/127.0.0.1:9165]' for 'POST' to 'http://localhost:9165/session/789985481f9d00406baf110c9745ab67/element'
2023-04-27 17:40:31 DEBUG NettyRequestSender:251 ? Using open Channel [id: 0x2aaf1fd0, L:/127.0.0.1:57906 - R:localhost/127.0.0.1:9165] for POST '/session/789985481f9d00406baf110c9745ab67/element'
2023-04-27 17:40:31 DEBUG HttpHandler:70 ? 

Request DefaultHttpRequest(decodeResult: success, version: HTTP/1.1)
POST /session/789985481f9d00406baf110c9745ab67/element HTTP/1.1
User-Agent: selenium/4.9.0 (java windows)
Content-Length: 71
Content-Type: application/json; charset=utf-8
host: localhost:9165
accept: */*

Response DefaultHttpResponse(decodeResult: success, version: HTTP/1.1)
HTTP/1.1 200 OK
Content-Length: 88
Content-Type: application/json; charset=utf-8
cache-control: no-cache

2023-04-27 17:40:31 DEBUG ChannelManager:270 ? Adding key: http://localhost:9165 for channel [id: 0x2aaf1fd0, L:/127.0.0.1:57906 - R:localhost/127.0.0.1:9165]
2023-04-27 17:40:31 DEBUG NettyRequestSender:593 ? Using pooled Channel '[id: 0x2aaf1fd0, L:/127.0.0.1:57906 - R:localhost/127.0.0.1:9165]' for 'POST' to 'http://localhost:9165/session/789985481f9d00406baf110c9745ab67/execute/sync'
2023-04-27 17:40:31 DEBUG NettyRequestSender:251 ? Using open Channel [id: 0x2aaf1fd0, L:/127.0.0.1:57906 - R:localhost/127.0.0.1:9165] for POST '/session/789985481f9d00406baf110c9745ab67/execute/sync'
2023-04-27 17:40:31 DEBUG HttpHandler:70 ? 

Request DefaultHttpRequest(decodeResult: success, version: HTTP/1.1)
POST /session/789985481f9d00406baf110c9745ab67/execute/sync HTTP/1.1
User-Agent: selenium/4.9.0 (java windows)
Content-Length: 48807
Content-Type: application/json; charset=utf-8
host: localhost:9165
accept: */*

Response DefaultHttpResponse(decodeResult: success, version: HTTP/1.1)
HTTP/1.1 200 OK
Content-Length: 14
Content-Type: application/json; charset=utf-8
cache-control: no-cache

2023-04-27 17:40:31 DEBUG ChannelManager:270 ? Adding key: http://localhost:9165 for channel [id: 0x2aaf1fd0, L:/127.0.0.1:57906 - R:localhost/127.0.0.1:9165]
2023-04-27 17:40:31 DEBUG NettyRequestSender:593 ? Using pooled Channel '[id: 0x2aaf1fd0, L:/127.0.0.1:57906 - R:localhost/127.0.0.1:9165]' for 'POST' to 'http://localhost:9165/session/789985481f9d00406baf110c9745ab67/element'
2023-04-27 17:40:31 DEBUG NettyRequestSender:251 ? Using open Channel [id: 0x2aaf1fd0, L:/127.0.0.1:57906 - R:localhost/127.0.0.1:9165] for POST '/session/789985481f9d00406baf110c9745ab67/element'
2023-04-27 17:40:31 DEBUG HttpHandler:70 ? 

Request DefaultHttpRequest(decodeResult: success, version: HTTP/1.1)
POST /session/789985481f9d00406baf110c9745ab67/element HTTP/1.1
User-Agent: selenium/4.9.0 (java windows)
Content-Length: 69
Content-Type: application/json; charset=utf-8
host: localhost:9165
accept: */*

Response DefaultHttpResponse(decodeResult: success, version: HTTP/1.1)
HTTP/1.1 200 OK
Content-Length: 88
Content-Type: application/json; charset=utf-8
cache-control: no-cache

2023-04-27 17:40:31 DEBUG ChannelManager:270 ? Adding key: http://localhost:9165 for channel [id: 0x2aaf1fd0, L:/127.0.0.1:57906 - R:localhost/127.0.0.1:9165]
2023-04-27 17:40:31 DEBUG NettyRequestSender:593 ? Using pooled Channel '[id: 0x2aaf1fd0, L:/127.0.0.1:57906 - R:localhost/127.0.0.1:9165]' for 'POST' to 'http://localhost:9165/session/789985481f9d00406baf110c9745ab67/actions'
2023-04-27 17:40:31 DEBUG NettyRequestSender:251 ? Using open Channel [id: 0x2aaf1fd0, L:/127.0.0.1:57906 - R:localhost/127.0.0.1:9165] for POST '/session/789985481f9d00406baf110c9745ab67/actions'
2023-04-27 17:40:31 DEBUG HttpHandler:70 ? 

Request DefaultHttpRequest(decodeResult: success, version: HTTP/1.1)
POST /session/789985481f9d00406baf110c9745ab67/actions HTTP/1.1
User-Agent: selenium/4.9.0 (java windows)
Content-Length: 2027
Content-Type: application/json; charset=utf-8
host: localhost:9165
accept: */*

Response DefaultHttpResponse(decodeResult: success, version: HTTP/1.1)
HTTP/1.1 200 OK
Content-Length: 14
Content-Type: application/json; charset=utf-8
cache-control: no-cache

2023-04-27 17:40:31 DEBUG ChannelManager:270 ? Adding key: http://localhost:9165 for channel [id: 0x2aaf1fd0, L:/127.0.0.1:57906 - R:localhost/127.0.0.1:9165]
2023-04-27 17:40:31 DEBUG NettyRequestSender:593 ? Using pooled Channel '[id: 0x2aaf1fd0, L:/127.0.0.1:57906 - R:localhost/127.0.0.1:9165]' for 'POST' to 'http://localhost:9165/session/789985481f9d00406baf110c9745ab67/element'
2023-04-27 17:40:31 DEBUG NettyRequestSender:251 ? Using open Channel [id: 0x2aaf1fd0, L:/127.0.0.1:57906 - R:localhost/127.0.0.1:9165] for POST '/session/789985481f9d00406baf110c9745ab67/element'
2023-04-27 17:40:31 DEBUG HttpHandler:70 ? 

Request DefaultHttpRequest(decodeResult: success, version: HTTP/1.1)
POST /session/789985481f9d00406baf110c9745ab67/element HTTP/1.1
User-Agent: selenium/4.9.0 (java windows)
Content-Length: 72
Content-Type: application/json; charset=utf-8
host: localhost:9165
accept: */*

Response DefaultHttpResponse(decodeResult: success, version: HTTP/1.1)
HTTP/1.1 200 OK
Content-Length: 88
Content-Type: application/json; charset=utf-8
cache-control: no-cache

2023-04-27 17:40:31 DEBUG ChannelManager:270 ? Adding key: http://localhost:9165 for channel [id: 0x2aaf1fd0, L:/127.0.0.1:57906 - R:localhost/127.0.0.1:9165]
2023-04-27 17:40:31 DEBUG NettyRequestSender:593 ? Using pooled Channel '[id: 0x2aaf1fd0, L:/127.0.0.1:57906 - R:localhost/127.0.0.1:9165]' for 'POST' to 'http://localhost:9165/session/789985481f9d00406baf110c9745ab67/actions'
2023-04-27 17:40:31 DEBUG NettyRequestSender:251 ? Using open Channel [id: 0x2aaf1fd0, L:/127.0.0.1:57906 - R:localhost/127.0.0.1:9165] for POST '/session/789985481f9d00406baf110c9745ab67/actions'
2023-04-27 17:40:32 DEBUG HttpHandler:70 ? 

Request DefaultHttpRequest(decodeResult: success, version: HTTP/1.1)
POST /session/789985481f9d00406baf110c9745ab67/actions HTTP/1.1
User-Agent: selenium/4.9.0 (java windows)
Content-Length: 3467
Content-Type: application/json; charset=utf-8
host: localhost:9165
accept: */*

Response DefaultHttpResponse(decodeResult: success, version: HTTP/1.1)
HTTP/1.1 200 OK
Content-Length: 14
Content-Type: application/json; charset=utf-8
cache-control: no-cache

2023-04-27 17:40:32 DEBUG ChannelManager:270 ? Adding key: http://localhost:9165 for channel [id: 0x2aaf1fd0, L:/127.0.0.1:57906 - R:localhost/127.0.0.1:9165]
2023-04-27 17:40:32 DEBUG NettyRequestSender:593 ? Using pooled Channel '[id: 0x2aaf1fd0, L:/127.0.0.1:57906 - R:localhost/127.0.0.1:9165]' for 'POST' to 'http://localhost:9165/session/789985481f9d00406baf110c9745ab67/element'
2023-04-27 17:40:32 DEBUG NettyRequestSender:251 ? Using open Channel [id: 0x2aaf1fd0, L:/127.0.0.1:57906 - R:localhost/127.0.0.1:9165] for POST '/session/789985481f9d00406baf110c9745ab67/element'
2023-04-27 17:40:32 DEBUG HttpHandler:70 ? 

Request DefaultHttpRequest(decodeResult: success, version: HTTP/1.1)
POST /session/789985481f9d00406baf110c9745ab67/element HTTP/1.1
User-Agent: selenium/4.9.0 (java windows)
Content-Length: 71
Content-Type: application/json; charset=utf-8
host: localhost:9165
accept: */*

Response DefaultHttpResponse(decodeResult: success, version: HTTP/1.1)
HTTP/1.1 200 OK
Content-Length: 88
Content-Type: application/json; charset=utf-8
cache-control: no-cache

2023-04-27 17:40:32 DEBUG ChannelManager:270 ? Adding key: http://localhost:9165 for channel [id: 0x2aaf1fd0, L:/127.0.0.1:57906 - R:localhost/127.0.0.1:9165]
2023-04-27 17:40:32 DEBUG NettyRequestSender:593 ? Using pooled Channel '[id: 0x2aaf1fd0, L:/127.0.0.1:57906 - R:localhost/127.0.0.1:9165]' for 'POST' to 'http://localhost:9165/session/789985481f9d00406baf110c9745ab67/actions'
2023-04-27 17:40:32 DEBUG NettyRequestSender:251 ? Using open Channel [id: 0x2aaf1fd0, L:/127.0.0.1:57906 - R:localhost/127.0.0.1:9165] for POST '/session/789985481f9d00406baf110c9745ab67/actions'
2023-04-27 17:40:32 DEBUG DefaultChannelPool:348 ? Entry count for : http://localhost:57911 : 1
2023-04-27 17:40:32 DEBUG HttpHandler:70 ? 

Request DefaultHttpRequest(decodeResult: success, version: HTTP/1.1)
POST /session/789985481f9d00406baf110c9745ab67/actions HTTP/1.1
User-Agent: selenium/4.9.0 (java windows)
Content-Length: 567
Content-Type: application/json; charset=utf-8
host: localhost:9165
accept: */*

Response DefaultHttpResponse(decodeResult: success, version: HTTP/1.1)
HTTP/1.1 200 OK
Content-Length: 14
Content-Type: application/json; charset=utf-8
cache-control: no-cache

2023-04-27 17:40:32 DEBUG ChannelManager:270 ? Adding key: http://localhost:9165 for channel [id: 0x2aaf1fd0, L:/127.0.0.1:57906 - R:localhost/127.0.0.1:9165]
2023-04-27 17:40:32 DEBUG NettyRequestSender:593 ? Using pooled Channel '[id: 0x2aaf1fd0, L:/127.0.0.1:57906 - R:localhost/127.0.0.1:9165]' for 'POST' to 'http://localhost:9165/session/789985481f9d00406baf110c9745ab67/element'
2023-04-27 17:40:32 DEBUG NettyRequestSender:251 ? Using open Channel [id: 0x2aaf1fd0, L:/127.0.0.1:57906 - R:localhost/127.0.0.1:9165] for POST '/session/789985481f9d00406baf110c9745ab67/element'
2023-04-27 17:40:32 DEBUG HttpHandler:70 ? 

Request DefaultHttpRequest(decodeResult: success, version: HTTP/1.1)
POST /session/789985481f9d00406baf110c9745ab67/element HTTP/1.1
User-Agent: selenium/4.9.0 (java windows)
Content-Length: 73
Content-Type: application/json; charset=utf-8
host: localhost:9165
accept: */*

Response DefaultHttpResponse(decodeResult: success, version: HTTP/1.1)
HTTP/1.1 200 OK
Content-Length: 88
Content-Type: application/json; charset=utf-8
cache-control: no-cache

2023-04-27 17:40:32 DEBUG ChannelManager:270 ? Adding key: http://localhost:9165 for channel [id: 0x2aaf1fd0, L:/127.0.0.1:57906 - R:localhost/127.0.0.1:9165]
2023-04-27 17:40:32 DEBUG NettyRequestSender:593 ? Using pooled Channel '[id: 0x2aaf1fd0, L:/127.0.0.1:57906 - R:localhost/127.0.0.1:9165]' for 'POST' to 'http://localhost:9165/session/789985481f9d00406baf110c9745ab67/execute/sync'
2023-04-27 17:40:32 DEBUG NettyRequestSender:251 ? Using open Channel [id: 0x2aaf1fd0, L:/127.0.0.1:57906 - R:localhost/127.0.0.1:9165] for POST '/session/789985481f9d00406baf110c9745ab67/execute/sync'
2023-04-27 17:40:32 DEBUG HttpHandler:70 ? 

Request DefaultHttpRequest(decodeResult: success, version: HTTP/1.1)
POST /session/789985481f9d00406baf110c9745ab67/execute/sync HTTP/1.1
User-Agent: selenium/4.9.0 (java windows)
Content-Length: 48807
Content-Type: application/json; charset=utf-8
host: localhost:9165
accept: */*

Response DefaultHttpResponse(decodeResult: success, version: HTTP/1.1)
HTTP/1.1 200 OK
Content-Length: 14
Content-Type: application/json; charset=utf-8
cache-control: no-cache

2023-04-27 17:40:32 DEBUG ChannelManager:270 ? Adding key: http://localhost:9165 for channel [id: 0x2aaf1fd0, L:/127.0.0.1:57906 - R:localhost/127.0.0.1:9165]
2023-04-27 17:40:32 DEBUG NettyRequestSender:593 ? Using pooled Channel '[id: 0x2aaf1fd0, L:/127.0.0.1:57906 - R:localhost/127.0.0.1:9165]' for 'POST' to 'http://localhost:9165/session/789985481f9d00406baf110c9745ab67/element'
2023-04-27 17:40:32 DEBUG NettyRequestSender:251 ? Using open Channel [id: 0x2aaf1fd0, L:/127.0.0.1:57906 - R:localhost/127.0.0.1:9165] for POST '/session/789985481f9d00406baf110c9745ab67/element'
2023-04-27 17:40:32 DEBUG HttpHandler:70 ? 

Request DefaultHttpRequest(decodeResult: success, version: HTTP/1.1)
POST /session/789985481f9d00406baf110c9745ab67/element HTTP/1.1
User-Agent: selenium/4.9.0 (java windows)
Content-Length: 67
Content-Type: application/json; charset=utf-8
host: localhost:9165
accept: */*

Response DefaultHttpResponse(decodeResult: success, version: HTTP/1.1)
HTTP/1.1 200 OK
Content-Length: 88
Content-Type: application/json; charset=utf-8
cache-control: no-cache

2023-04-27 17:40:32 DEBUG ChannelManager:270 ? Adding key: http://localhost:9165 for channel [id: 0x2aaf1fd0, L:/127.0.0.1:57906 - R:localhost/127.0.0.1:9165]
2023-04-27 17:40:32 DEBUG NettyRequestSender:593 ? Using pooled Channel '[id: 0x2aaf1fd0, L:/127.0.0.1:57906 - R:localhost/127.0.0.1:9165]' for 'POST' to 'http://localhost:9165/session/789985481f9d00406baf110c9745ab67/execute/sync'
2023-04-27 17:40:32 DEBUG NettyRequestSender:251 ? Using open Channel [id: 0x2aaf1fd0, L:/127.0.0.1:57906 - R:localhost/127.0.0.1:9165] for POST '/session/789985481f9d00406baf110c9745ab67/execute/sync'
2023-04-27 17:40:32 DEBUG HttpHandler:70 ? 

Request DefaultHttpRequest(decodeResult: success, version: HTTP/1.1)
POST /session/789985481f9d00406baf110c9745ab67/execute/sync HTTP/1.1
User-Agent: selenium/4.9.0 (java windows)
Content-Length: 48807
Content-Type: application/json; charset=utf-8
host: localhost:9165
accept: */*

Response DefaultHttpResponse(decodeResult: success, version: HTTP/1.1)
HTTP/1.1 200 OK
Content-Length: 14
Content-Type: application/json; charset=utf-8
cache-control: no-cache

2023-04-27 17:40:32 DEBUG ChannelManager:270 ? Adding key: http://localhost:9165 for channel [id: 0x2aaf1fd0, L:/127.0.0.1:57906 - R:localhost/127.0.0.1:9165]
2023-04-27 17:40:33 DEBUG NettyRequestSender:593 ? Using pooled Channel '[id: 0x2aaf1fd0, L:/127.0.0.1:57906 - R:localhost/127.0.0.1:9165]' for 'DELETE' to 'http://localhost:9165/session/789985481f9d00406baf110c9745ab67'
2023-04-27 17:40:33 DEBUG NettyRequestSender:251 ? Using open Channel [id: 0x2aaf1fd0, L:/127.0.0.1:57906 - R:localhost/127.0.0.1:9165] for DELETE '/session/789985481f9d00406baf110c9745ab67'
2023-04-27 17:40:33 DEBUG HttpHandler:159 ? Unexpected I/O exception on channel [id: 0x9382546d, L:/127.0.0.1:57924 - R:localhost/127.0.0.1:57911]
java.net.SocketException: Connection reset
	at java.base/sun.nio.ch.SocketChannelImpl.throwConnectionReset(SocketChannelImpl.java:401)
	at java.base/sun.nio.ch.SocketChannelImpl.read(SocketChannelImpl.java:434)
	at io.netty.buffer.PooledByteBuf.setBytes(PooledByteBuf.java:256)
	at io.netty.buffer.AbstractByteBuf.writeBytes(AbstractByteBuf.java:1132)
	at io.netty.channel.socket.nio.NioSocketChannel.doReadBytes(NioSocketChannel.java:357)
	at io.netty.channel.nio.AbstractNioByteChannel$NioByteUnsafe.read(AbstractNioByteChannel.java:151)
	at io.netty.channel.nio.NioEventLoop.processSelectedKey(NioEventLoop.java:788)
	at io.netty.channel.nio.NioEventLoop.processSelectedKeysOptimized(NioEventLoop.java:724)
	at io.netty.channel.nio.NioEventLoop.processSelectedKeys(NioEventLoop.java:650)
	at io.netty.channel.nio.NioEventLoop.run(NioEventLoop.java:562)
	at io.netty.util.concurrent.SingleThreadEventExecutor$4.run(SingleThreadEventExecutor.java:997)
	at io.netty.util.internal.ThreadExecutorMap$2.run(ThreadExecutorMap.java:74)
	at io.netty.util.concurrent.FastThreadLocalRunnable.run(FastThreadLocalRunnable.java:30)
	at java.base/java.lang.Thread.run(Thread.java:1589)
2023-04-27 17:40:33 DEBUG WebSocketHandler:159 ? Unexpected I/O exception on channel [id: 0xa14218db, L:/127.0.0.1:57925 - R:localhost/127.0.0.1:57911]
java.net.SocketException: Connection reset
	at java.base/sun.nio.ch.SocketChannelImpl.throwConnectionReset(SocketChannelImpl.java:401)
	at java.base/sun.nio.ch.SocketChannelImpl.read(SocketChannelImpl.java:434)
	at io.netty.buffer.PooledByteBuf.setBytes(PooledByteBuf.java:256)
	at io.netty.buffer.AbstractByteBuf.writeBytes(AbstractByteBuf.java:1132)
	at io.netty.channel.socket.nio.NioSocketChannel.doReadBytes(NioSocketChannel.java:357)
	at io.netty.channel.nio.AbstractNioByteChannel$NioByteUnsafe.read(AbstractNioByteChannel.java:151)
	at io.netty.channel.nio.NioEventLoop.processSelectedKey(NioEventLoop.java:788)
	at io.netty.channel.nio.NioEventLoop.processSelectedKeysOptimized(NioEventLoop.java:724)
	at io.netty.channel.nio.NioEventLoop.processSelectedKeys(NioEventLoop.java:650)
	at io.netty.channel.nio.NioEventLoop.run(NioEventLoop.java:562)
	at io.netty.util.concurrent.SingleThreadEventExecutor$4.run(SingleThreadEventExecutor.java:997)
	at io.netty.util.internal.ThreadExecutorMap$2.run(ThreadExecutorMap.java:74)
	at io.netty.util.concurrent.FastThreadLocalRunnable.run(FastThreadLocalRunnable.java:30)
	at java.base/java.lang.Thread.run(Thread.java:1589)
2023-04-27 17:40:33 DEBUG ChannelManager:315 ? Closing Channel [id: 0x9382546d, L:/127.0.0.1:57924 - R:localhost/127.0.0.1:57911] 
2023-04-27 17:40:33 DEBUG DefaultChannelPool:348 ? Entry count for : http://localhost:57911 : 1
2023-04-27 17:40:33 DEBUG WebSocketHandler:200 ? Was unable to recover Future: NettyResponseFuture{currentRetry=0,
	isDone=1,
	isCancelled=0,
	asyncHandler=org.asynchttpclient.ws.WebSocketUpgradeHandler@4905b9d5,
	nettyRequest=org.asynchttpclient.netty.request.NettyRequest@71e6cd2b,
	future=java.util.concurrent.CompletableFuture@7fb10ae7[Completed normally],
	uri=ws://localhost:57911/devtools/browser/078a2529-49c0-4f44-9735-9a0533162401,
	keepAlive=true,
	redirectCount=0,
	timeoutsHolder=null,
	inAuth=0,
	touch=1682574033168}
2023-04-27 17:40:33 DEBUG ChannelManager:315 ? Closing Channel [id: 0xa14218db, L:/127.0.0.1:57925 - R:localhost/127.0.0.1:57911] 
2023-04-27 17:40:33 DEBUG DefaultChannelPool:302 ? Adding Candidate expired Channel [id: 0x9382546d, L:/127.0.0.1:57924 ! R:localhost/127.0.0.1:57911] isIdleTimeoutExpired=false isRemotelyClosed=true isTtlExpired=false
2023-04-27 17:40:33 WARN  WebSocketHandler:142 ? onError
java.net.SocketException: Connection reset
	at java.base/sun.nio.ch.SocketChannelImpl.throwConnectionReset(SocketChannelImpl.java:401)
	at java.base/sun.nio.ch.SocketChannelImpl.read(SocketChannelImpl.java:434)
	at io.netty.buffer.PooledByteBuf.setBytes(PooledByteBuf.java:256)
	at io.netty.buffer.AbstractByteBuf.writeBytes(AbstractByteBuf.java:1132)
	at io.netty.channel.socket.nio.NioSocketChannel.doReadBytes(NioSocketChannel.java:357)
	at io.netty.channel.nio.AbstractNioByteChannel$NioByteUnsafe.read(AbstractNioByteChannel.java:151)
	at io.netty.channel.nio.NioEventLoop.processSelectedKey(NioEventLoop.java:788)
	at io.netty.channel.nio.NioEventLoop.processSelectedKeysOptimized(NioEventLoop.java:724)
	at io.netty.channel.nio.NioEventLoop.processSelectedKeys(NioEventLoop.java:650)
	at io.netty.channel.nio.NioEventLoop.run(NioEventLoop.java:562)
	at io.netty.util.concurrent.SingleThreadEventExecutor$4.run(SingleThreadEventExecutor.java:997)
	at io.netty.util.internal.ThreadExecutorMap$2.run(ThreadExecutorMap.java:74)
	at io.netty.util.concurrent.FastThreadLocalRunnable.run(FastThreadLocalRunnable.java:30)
	at java.base/java.lang.Thread.run(Thread.java:1589)
2023-04-27 17:40:33 DEBUG DefaultChannelPool:321 ? Closing Idle Channel [id: 0x9382546d, L:/127.0.0.1:57924 ! R:localhost/127.0.0.1:57911]
2023-04-27 17:40:33 DEBUG DefaultChannelPool:374 ? Closed 1 connections out of 1 in 5 ms
2023-04-27 17:40:33 DEBUG HttpHandler:126 ? Channel Closed: [id: 0x9382546d, L:/127.0.0.1:57924 ! R:localhost/127.0.0.1:57911] with attribute DISCARD
2023-04-27 17:40:33 DEBUG HttpHandler:70 ? 

Request DefaultFullHttpRequest(decodeResult: success, version: HTTP/1.1, content: EmptyByteBufBE)
DELETE /session/789985481f9d00406baf110c9745ab67 HTTP/1.1
User-Agent: selenium/4.9.0 (java windows)
Content-Type: application/json; charset=utf-8
host: localhost:9165
accept: */*

Response DefaultHttpResponse(decodeResult: success, version: HTTP/1.1)
HTTP/1.1 200 OK
Content-Length: 14
Content-Type: application/json; charset=utf-8
cache-control: no-cache

2023-04-27 17:40:33 DEBUG ChannelManager:270 ? Adding key: http://localhost:9165 for channel [id: 0x2aaf1fd0, L:/127.0.0.1:57906 - R:localhost/127.0.0.1:9165]
2023-04-27 17:40:33 DEBUG ChannelManager:315 ? Closing Channel [id: 0xa14218db, L:/127.0.0.1:57925 ! R:localhost/127.0.0.1:57911] 
2023-04-27 17:40:33 DEBUG WebSocketHandler:126 ? Channel Closed: [id: 0xa14218db, L:/127.0.0.1:57925 ! R:localhost/127.0.0.1:57911] with attribute DISCARD
2023-04-27 17:40:33 DEBUG HttpHandler:126 ? Channel Closed: [id: 0x2aaf1fd0, L:/127.0.0.1:57906 ! R:localhost/127.0.0.1:9165] with attribute DISCARD
2023-04-27 17:40:33 DEBUG NettyConnectListener:73 ? Using new Channel '[id: 0x2af016d0, L:/127.0.0.1:57953 - R:localhost/127.0.0.1:32846]' for 'POST' to '/session'
2023-04-27 17:40:34 DEBUG DefaultChannelPool:348 ? Entry count for : http://localhost:9165 : 1
2023-04-27 17:40:34 DEBUG DefaultChannelPool:302 ? Adding Candidate expired Channel [id: 0x2aaf1fd0, L:/127.0.0.1:57906 ! R:localhost/127.0.0.1:9165] isIdleTimeoutExpired=false isRemotelyClosed=true isTtlExpired=false
2023-04-27 17:40:34 DEBUG DefaultChannelPool:321 ? Closing Idle Channel [id: 0x2aaf1fd0, L:/127.0.0.1:57906 ! R:localhost/127.0.0.1:9165]
2023-04-27 17:40:34 DEBUG DefaultChannelPool:374 ? Closed 1 connections out of 1 in 0 ms
2023-04-27 17:40:34 DEBUG HttpHandler:70 ? 

Request DefaultHttpRequest(decodeResult: success, version: HTTP/1.1)
POST /session HTTP/1.1
User-Agent: selenium/4.9.0 (java windows)
Content-Length: 254
Content-Type: application/json; charset=utf-8
host: localhost:32846
accept: */*

Response DefaultHttpResponse(decodeResult: success, version: HTTP/1.1)
HTTP/1.1 200 OK
Content-Length: 859
Content-Type: application/json; charset=utf-8
cache-control: no-cache

2023-04-27 17:40:34 DEBUG ChannelManager:270 ? Adding key: http://localhost:32846 for channel [id: 0x2af016d0, L:/127.0.0.1:57953 - R:localhost/127.0.0.1:32846]
2023-04-27 17:40:34 DEBUG NettyConnectListener:73 ? Using new Channel '[id: 0xc49a093e, L:/127.0.0.1:57976 - R:localhost/127.0.0.1:57961]' for 'GET' to '/json/version'
2023-04-27 17:40:34 DEBUG HttpHandler:70 ? 

Request DefaultFullHttpRequest(decodeResult: success, version: HTTP/1.1, content: EmptyByteBufBE)
GET /json/version HTTP/1.1
User-Agent: selenium/4.9.0 (java windows)
host: localhost:57961
accept: */*

Response DefaultHttpResponse(decodeResult: success, version: HTTP/1.1)
HTTP/1.1 200 OK
Content-Security-Policy: frame-ancestors 'none'
Content-Length: 424
Content-Type: application/json; charset=UTF-8

2023-04-27 17:40:34 DEBUG ChannelManager:270 ? Adding key: http://localhost:57961 for channel [id: 0xc49a093e, L:/127.0.0.1:57976 - R:localhost/127.0.0.1:57961]
2023-04-27 17:40:34 DEBUG NettyConnectListener:73 ? Using new Channel '[id: 0x310ae30b, L:/127.0.0.1:57978 - R:localhost/127.0.0.1:57961]' for 'GET' to '/devtools/browser/0173431b-119d-4470-84be-99bf2752ebac'
2023-04-27 17:40:34 DEBUG WebSocketHandler:105 ? 

Request DefaultFullHttpRequest(decodeResult: success, version: HTTP/1.1, content: EmptyByteBufBE)
GET /devtools/browser/0173431b-119d-4470-84be-99bf2752ebac HTTP/1.1
upgrade: websocket
connection: upgrade
sec-websocket-key: C3tXpQVhMLsHE1DqOLN69A==
sec-websocket-version: 13
origin: http://localhost:57961
host: localhost:57961
accept: */*
user-agent: AHC/2.1

Response DefaultHttpResponse(decodeResult: success, version: HTTP/1.1)
HTTP/1.1 101 WebSocket Protocol Handshake
Upgrade: WebSocket
Connection: Upgrade
Sec-WebSocket-Accept: d/dG9t3WAULr2DMyQCQxAsAeWB0=

2023-04-27 17:40:34 DEBUG NettyRequestSender:593 ? Using pooled Channel '[id: 0x2af016d0, L:/127.0.0.1:57953 - R:localhost/127.0.0.1:32846]' for 'POST' to 'http://localhost:32846/session/add1a5495589609f83e63eed288131ef/window/maximize'
2023-04-27 17:40:34 DEBUG NettyRequestSender:251 ? Using open Channel [id: 0x2af016d0, L:/127.0.0.1:57953 - R:localhost/127.0.0.1:32846] for POST '/session/add1a5495589609f83e63eed288131ef/window/maximize'
2023-04-27 17:40:34 DEBUG HttpHandler:70 ? 

Request DefaultHttpRequest(decodeResult: success, version: HTTP/1.1)
POST /session/add1a5495589609f83e63eed288131ef/window/maximize HTTP/1.1
User-Agent: selenium/4.9.0 (java windows)
Content-Length: 3
Content-Type: application/json; charset=utf-8
host: localhost:32846
accept: */*

Response DefaultHttpResponse(decodeResult: success, version: HTTP/1.1)
HTTP/1.1 200 OK
Content-Length: 52
Content-Type: application/json; charset=utf-8
cache-control: no-cache

2023-04-27 17:40:34 DEBUG ChannelManager:270 ? Adding key: http://localhost:32846 for channel [id: 0x2af016d0, L:/127.0.0.1:57953 - R:localhost/127.0.0.1:32846]
2023-04-27 17:40:34 DEBUG NettyRequestSender:593 ? Using pooled Channel '[id: 0x2af016d0, L:/127.0.0.1:57953 - R:localhost/127.0.0.1:32846]' for 'POST' to 'http://localhost:32846/session/add1a5495589609f83e63eed288131ef/timeouts'
2023-04-27 17:40:34 DEBUG NettyRequestSender:251 ? Using open Channel [id: 0x2af016d0, L:/127.0.0.1:57953 - R:localhost/127.0.0.1:32846] for POST '/session/add1a5495589609f83e63eed288131ef/timeouts'
2023-04-27 17:40:34 DEBUG HttpHandler:70 ? 

Request DefaultHttpRequest(decodeResult: success, version: HTTP/1.1)
POST /session/add1a5495589609f83e63eed288131ef/timeouts HTTP/1.1
User-Agent: selenium/4.9.0 (java windows)
Content-Length: 23
Content-Type: application/json; charset=utf-8
host: localhost:32846
accept: */*

Response DefaultHttpResponse(decodeResult: success, version: HTTP/1.1)
HTTP/1.1 200 OK
Content-Length: 14
Content-Type: application/json; charset=utf-8
cache-control: no-cache

2023-04-27 17:40:34 DEBUG ChannelManager:270 ? Adding key: http://localhost:32846 for channel [id: 0x2af016d0, L:/127.0.0.1:57953 - R:localhost/127.0.0.1:32846]
2023-04-27 17:40:34 DEBUG NettyRequestSender:593 ? Using pooled Channel '[id: 0x2af016d0, L:/127.0.0.1:57953 - R:localhost/127.0.0.1:32846]' for 'POST' to 'http://localhost:32846/session/add1a5495589609f83e63eed288131ef/url'
2023-04-27 17:40:34 DEBUG NettyRequestSender:251 ? Using open Channel [id: 0x2af016d0, L:/127.0.0.1:57953 - R:localhost/127.0.0.1:32846] for POST '/session/add1a5495589609f83e63eed288131ef/url'
2023-04-27 17:40:35 DEBUG DefaultChannelPool:348 ? Entry count for : http://localhost:57961 : 1
2023-04-27 17:40:35 DEBUG HttpHandler:70 ? 

Request DefaultHttpRequest(decodeResult: success, version: HTTP/1.1)
POST /session/add1a5495589609f83e63eed288131ef/url HTTP/1.1
User-Agent: selenium/4.9.0 (java windows)
Content-Length: 59
Content-Type: application/json; charset=utf-8
host: localhost:32846
accept: */*

Response DefaultHttpResponse(decodeResult: success, version: HTTP/1.1)
HTTP/1.1 200 OK
Content-Length: 14
Content-Type: application/json; charset=utf-8
cache-control: no-cache

2023-04-27 17:40:35 DEBUG ChannelManager:270 ? Adding key: http://localhost:32846 for channel [id: 0x2af016d0, L:/127.0.0.1:57953 - R:localhost/127.0.0.1:32846]
2023-04-27 17:40:35 DEBUG NettyRequestSender:593 ? Using pooled Channel '[id: 0x2af016d0, L:/127.0.0.1:57953 - R:localhost/127.0.0.1:32846]' for 'POST' to 'http://localhost:32846/session/add1a5495589609f83e63eed288131ef/element'
2023-04-27 17:40:35 DEBUG NettyRequestSender:251 ? Using open Channel [id: 0x2af016d0, L:/127.0.0.1:57953 - R:localhost/127.0.0.1:32846] for POST '/session/add1a5495589609f83e63eed288131ef/element'
2023-04-27 17:40:35 DEBUG HttpHandler:70 ? 

Request DefaultHttpRequest(decodeResult: success, version: HTTP/1.1)
POST /session/add1a5495589609f83e63eed288131ef/element HTTP/1.1
User-Agent: selenium/4.9.0 (java windows)
Content-Length: 72
Content-Type: application/json; charset=utf-8
host: localhost:32846
accept: */*

Response DefaultHttpResponse(decodeResult: success, version: HTTP/1.1)
HTTP/1.1 200 OK
Content-Length: 88
Content-Type: application/json; charset=utf-8
cache-control: no-cache

2023-04-27 17:40:35 DEBUG ChannelManager:270 ? Adding key: http://localhost:32846 for channel [id: 0x2af016d0, L:/127.0.0.1:57953 - R:localhost/127.0.0.1:32846]
2023-04-27 17:40:35 DEBUG NettyRequestSender:593 ? Using pooled Channel '[id: 0x2af016d0, L:/127.0.0.1:57953 - R:localhost/127.0.0.1:32846]' for 'POST' to 'http://localhost:32846/session/add1a5495589609f83e63eed288131ef/execute/sync'
2023-04-27 17:40:35 DEBUG NettyRequestSender:251 ? Using open Channel [id: 0x2af016d0, L:/127.0.0.1:57953 - R:localhost/127.0.0.1:32846] for POST '/session/add1a5495589609f83e63eed288131ef/execute/sync'
2023-04-27 17:40:35 DEBUG HttpHandler:70 ? 

Request DefaultHttpRequest(decodeResult: success, version: HTTP/1.1)
POST /session/add1a5495589609f83e63eed288131ef/execute/sync HTTP/1.1
User-Agent: selenium/4.9.0 (java windows)
Content-Length: 48807
Content-Type: application/json; charset=utf-8
host: localhost:32846
accept: */*

Response DefaultHttpResponse(decodeResult: success, version: HTTP/1.1)
HTTP/1.1 200 OK
Content-Length: 14
Content-Type: application/json; charset=utf-8
cache-control: no-cache

2023-04-27 17:40:35 DEBUG ChannelManager:270 ? Adding key: http://localhost:32846 for channel [id: 0x2af016d0, L:/127.0.0.1:57953 - R:localhost/127.0.0.1:32846]
2023-04-27 17:40:35 DEBUG NettyRequestSender:593 ? Using pooled Channel '[id: 0x2af016d0, L:/127.0.0.1:57953 - R:localhost/127.0.0.1:32846]' for 'POST' to 'http://localhost:32846/session/add1a5495589609f83e63eed288131ef/element'
2023-04-27 17:40:35 DEBUG NettyRequestSender:251 ? Using open Channel [id: 0x2af016d0, L:/127.0.0.1:57953 - R:localhost/127.0.0.1:32846] for POST '/session/add1a5495589609f83e63eed288131ef/element'
2023-04-27 17:40:35 DEBUG HttpHandler:70 ? 

Request DefaultHttpRequest(decodeResult: success, version: HTTP/1.1)
POST /session/add1a5495589609f83e63eed288131ef/element HTTP/1.1
User-Agent: selenium/4.9.0 (java windows)
Content-Length: 69
Content-Type: application/json; charset=utf-8
host: localhost:32846
accept: */*

Response DefaultHttpResponse(decodeResult: success, version: HTTP/1.1)
HTTP/1.1 200 OK
Content-Length: 88
Content-Type: application/json; charset=utf-8
cache-control: no-cache

2023-04-27 17:40:35 DEBUG ChannelManager:270 ? Adding key: http://localhost:32846 for channel [id: 0x2af016d0, L:/127.0.0.1:57953 - R:localhost/127.0.0.1:32846]
2023-04-27 17:40:35 DEBUG NettyRequestSender:593 ? Using pooled Channel '[id: 0x2af016d0, L:/127.0.0.1:57953 - R:localhost/127.0.0.1:32846]' for 'POST' to 'http://localhost:32846/session/add1a5495589609f83e63eed288131ef/execute/sync'
2023-04-27 17:40:35 DEBUG NettyRequestSender:251 ? Using open Channel [id: 0x2af016d0, L:/127.0.0.1:57953 - R:localhost/127.0.0.1:32846] for POST '/session/add1a5495589609f83e63eed288131ef/execute/sync'
2023-04-27 17:40:35 DEBUG HttpHandler:70 ? 

Request DefaultHttpRequest(decodeResult: success, version: HTTP/1.1)
POST /session/add1a5495589609f83e63eed288131ef/execute/sync HTTP/1.1
User-Agent: selenium/4.9.0 (java windows)
Content-Length: 48807
Content-Type: application/json; charset=utf-8
host: localhost:32846
accept: */*

Response DefaultHttpResponse(decodeResult: success, version: HTTP/1.1)
HTTP/1.1 200 OK
Content-Length: 14
Content-Type: application/json; charset=utf-8
cache-control: no-cache

2023-04-27 17:40:35 DEBUG ChannelManager:270 ? Adding key: http://localhost:32846 for channel [id: 0x2af016d0, L:/127.0.0.1:57953 - R:localhost/127.0.0.1:32846]
2023-04-27 17:40:35 DEBUG NettyRequestSender:593 ? Using pooled Channel '[id: 0x2af016d0, L:/127.0.0.1:57953 - R:localhost/127.0.0.1:32846]' for 'POST' to 'http://localhost:32846/session/add1a5495589609f83e63eed288131ef/element'
2023-04-27 17:40:35 DEBUG NettyRequestSender:251 ? Using open Channel [id: 0x2af016d0, L:/127.0.0.1:57953 - R:localhost/127.0.0.1:32846] for POST '/session/add1a5495589609f83e63eed288131ef/element'
2023-04-27 17:40:35 DEBUG HttpHandler:70 ? 

Request DefaultHttpRequest(decodeResult: success, version: HTTP/1.1)
POST /session/add1a5495589609f83e63eed288131ef/element HTTP/1.1
User-Agent: selenium/4.9.0 (java windows)
Content-Length: 71
Content-Type: application/json; charset=utf-8
host: localhost:32846
accept: */*

Response DefaultHttpResponse(decodeResult: success, version: HTTP/1.1)
HTTP/1.1 200 OK
Content-Length: 88
Content-Type: application/json; charset=utf-8
cache-control: no-cache

2023-04-27 17:40:35 DEBUG ChannelManager:270 ? Adding key: http://localhost:32846 for channel [id: 0x2af016d0, L:/127.0.0.1:57953 - R:localhost/127.0.0.1:32846]
2023-04-27 17:40:35 DEBUG NettyRequestSender:593 ? Using pooled Channel '[id: 0x2af016d0, L:/127.0.0.1:57953 - R:localhost/127.0.0.1:32846]' for 'POST' to 'http://localhost:32846/session/add1a5495589609f83e63eed288131ef/execute/sync'
2023-04-27 17:40:35 DEBUG NettyRequestSender:251 ? Using open Channel [id: 0x2af016d0, L:/127.0.0.1:57953 - R:localhost/127.0.0.1:32846] for POST '/session/add1a5495589609f83e63eed288131ef/execute/sync'
2023-04-27 17:40:35 DEBUG HttpHandler:70 ? 

Request DefaultHttpRequest(decodeResult: success, version: HTTP/1.1)
POST /session/add1a5495589609f83e63eed288131ef/execute/sync HTTP/1.1
User-Agent: selenium/4.9.0 (java windows)
Content-Length: 48807
Content-Type: application/json; charset=utf-8
host: localhost:32846
accept: */*

Response DefaultHttpResponse(decodeResult: success, version: HTTP/1.1)
HTTP/1.1 200 OK
Content-Length: 14
Content-Type: application/json; charset=utf-8
cache-control: no-cache

2023-04-27 17:40:35 DEBUG ChannelManager:270 ? Adding key: http://localhost:32846 for channel [id: 0x2af016d0, L:/127.0.0.1:57953 - R:localhost/127.0.0.1:32846]
2023-04-27 17:40:35 DEBUG NettyRequestSender:593 ? Using pooled Channel '[id: 0x2af016d0, L:/127.0.0.1:57953 - R:localhost/127.0.0.1:32846]' for 'POST' to 'http://localhost:32846/session/add1a5495589609f83e63eed288131ef/element'
2023-04-27 17:40:35 DEBUG NettyRequestSender:251 ? Using open Channel [id: 0x2af016d0, L:/127.0.0.1:57953 - R:localhost/127.0.0.1:32846] for POST '/session/add1a5495589609f83e63eed288131ef/element'
2023-04-27 17:40:35 DEBUG HttpHandler:70 ? 

Request DefaultHttpRequest(decodeResult: success, version: HTTP/1.1)
POST /session/add1a5495589609f83e63eed288131ef/element HTTP/1.1
User-Agent: selenium/4.9.0 (java windows)
Content-Length: 72
Content-Type: application/json; charset=utf-8
host: localhost:32846
accept: */*

Response DefaultHttpResponse(decodeResult: success, version: HTTP/1.1)
HTTP/1.1 200 OK
Content-Length: 88
Content-Type: application/json; charset=utf-8
cache-control: no-cache

2023-04-27 17:40:35 DEBUG ChannelManager:270 ? Adding key: http://localhost:32846 for channel [id: 0x2af016d0, L:/127.0.0.1:57953 - R:localhost/127.0.0.1:32846]
2023-04-27 17:40:35 DEBUG NettyRequestSender:593 ? Using pooled Channel '[id: 0x2af016d0, L:/127.0.0.1:57953 - R:localhost/127.0.0.1:32846]' for 'POST' to 'http://localhost:32846/session/add1a5495589609f83e63eed288131ef/execute/sync'
2023-04-27 17:40:35 DEBUG NettyRequestSender:251 ? Using open Channel [id: 0x2af016d0, L:/127.0.0.1:57953 - R:localhost/127.0.0.1:32846] for POST '/session/add1a5495589609f83e63eed288131ef/execute/sync'
2023-04-27 17:40:35 DEBUG HttpHandler:70 ? 

Request DefaultHttpRequest(decodeResult: success, version: HTTP/1.1)
POST /session/add1a5495589609f83e63eed288131ef/execute/sync HTTP/1.1
User-Agent: selenium/4.9.0 (java windows)
Content-Length: 48807
Content-Type: application/json; charset=utf-8
host: localhost:32846
accept: */*

Response DefaultHttpResponse(decodeResult: success, version: HTTP/1.1)
HTTP/1.1 200 OK
Content-Length: 14
Content-Type: application/json; charset=utf-8
cache-control: no-cache

2023-04-27 17:40:35 DEBUG ChannelManager:270 ? Adding key: http://localhost:32846 for channel [id: 0x2af016d0, L:/127.0.0.1:57953 - R:localhost/127.0.0.1:32846]
2023-04-27 17:40:35 DEBUG NettyRequestSender:593 ? Using pooled Channel '[id: 0x2af016d0, L:/127.0.0.1:57953 - R:localhost/127.0.0.1:32846]' for 'POST' to 'http://localhost:32846/session/add1a5495589609f83e63eed288131ef/element'
2023-04-27 17:40:35 DEBUG NettyRequestSender:251 ? Using open Channel [id: 0x2af016d0, L:/127.0.0.1:57953 - R:localhost/127.0.0.1:32846] for POST '/session/add1a5495589609f83e63eed288131ef/element'
2023-04-27 17:40:35 DEBUG HttpHandler:70 ? 

Request DefaultHttpRequest(decodeResult: success, version: HTTP/1.1)
POST /session/add1a5495589609f83e63eed288131ef/element HTTP/1.1
User-Agent: selenium/4.9.0 (java windows)
Content-Length: 69
Content-Type: application/json; charset=utf-8
host: localhost:32846
accept: */*

Response DefaultHttpResponse(decodeResult: success, version: HTTP/1.1)
HTTP/1.1 200 OK
Content-Length: 88
Content-Type: application/json; charset=utf-8
cache-control: no-cache

2023-04-27 17:40:35 DEBUG ChannelManager:270 ? Adding key: http://localhost:32846 for channel [id: 0x2af016d0, L:/127.0.0.1:57953 - R:localhost/127.0.0.1:32846]
2023-04-27 17:40:35 DEBUG NettyRequestSender:593 ? Using pooled Channel '[id: 0x2af016d0, L:/127.0.0.1:57953 - R:localhost/127.0.0.1:32846]' for 'POST' to 'http://localhost:32846/session/add1a5495589609f83e63eed288131ef/execute/sync'
2023-04-27 17:40:35 DEBUG NettyRequestSender:251 ? Using open Channel [id: 0x2af016d0, L:/127.0.0.1:57953 - R:localhost/127.0.0.1:32846] for POST '/session/add1a5495589609f83e63eed288131ef/execute/sync'
2023-04-27 17:40:35 DEBUG HttpHandler:70 ? 

Request DefaultHttpRequest(decodeResult: success, version: HTTP/1.1)
POST /session/add1a5495589609f83e63eed288131ef/execute/sync HTTP/1.1
User-Agent: selenium/4.9.0 (java windows)
Content-Length: 48807
Content-Type: application/json; charset=utf-8
host: localhost:32846
accept: */*

Response DefaultHttpResponse(decodeResult: success, version: HTTP/1.1)
HTTP/1.1 200 OK
Content-Length: 14
Content-Type: application/json; charset=utf-8
cache-control: no-cache

2023-04-27 17:40:35 DEBUG ChannelManager:270 ? Adding key: http://localhost:32846 for channel [id: 0x2af016d0, L:/127.0.0.1:57953 - R:localhost/127.0.0.1:32846]
2023-04-27 17:40:35 DEBUG NettyRequestSender:593 ? Using pooled Channel '[id: 0x2af016d0, L:/127.0.0.1:57953 - R:localhost/127.0.0.1:32846]' for 'POST' to 'http://localhost:32846/session/add1a5495589609f83e63eed288131ef/element'
2023-04-27 17:40:35 DEBUG NettyRequestSender:251 ? Using open Channel [id: 0x2af016d0, L:/127.0.0.1:57953 - R:localhost/127.0.0.1:32846] for POST '/session/add1a5495589609f83e63eed288131ef/element'
2023-04-27 17:40:35 DEBUG HttpHandler:70 ? 

Request DefaultHttpRequest(decodeResult: success, version: HTTP/1.1)
POST /session/add1a5495589609f83e63eed288131ef/element HTTP/1.1
User-Agent: selenium/4.9.0 (java windows)
Content-Length: 71
Content-Type: application/json; charset=utf-8
host: localhost:32846
accept: */*

Response DefaultHttpResponse(decodeResult: success, version: HTTP/1.1)
HTTP/1.1 200 OK
Content-Length: 88
Content-Type: application/json; charset=utf-8
cache-control: no-cache

2023-04-27 17:40:35 DEBUG ChannelManager:270 ? Adding key: http://localhost:32846 for channel [id: 0x2af016d0, L:/127.0.0.1:57953 - R:localhost/127.0.0.1:32846]
2023-04-27 17:40:35 DEBUG NettyRequestSender:593 ? Using pooled Channel '[id: 0x2af016d0, L:/127.0.0.1:57953 - R:localhost/127.0.0.1:32846]' for 'POST' to 'http://localhost:32846/session/add1a5495589609f83e63eed288131ef/execute/sync'
2023-04-27 17:40:35 DEBUG NettyRequestSender:251 ? Using open Channel [id: 0x2af016d0, L:/127.0.0.1:57953 - R:localhost/127.0.0.1:32846] for POST '/session/add1a5495589609f83e63eed288131ef/execute/sync'
2023-04-27 17:40:35 DEBUG HttpHandler:70 ? 

Request DefaultHttpRequest(decodeResult: success, version: HTTP/1.1)
POST /session/add1a5495589609f83e63eed288131ef/execute/sync HTTP/1.1
User-Agent: selenium/4.9.0 (java windows)
Content-Length: 48807
Content-Type: application/json; charset=utf-8
host: localhost:32846
accept: */*

Response DefaultHttpResponse(decodeResult: success, version: HTTP/1.1)
HTTP/1.1 200 OK
Content-Length: 14
Content-Type: application/json; charset=utf-8
cache-control: no-cache

2023-04-27 17:40:35 DEBUG ChannelManager:270 ? Adding key: http://localhost:32846 for channel [id: 0x2af016d0, L:/127.0.0.1:57953 - R:localhost/127.0.0.1:32846]
2023-04-27 17:40:35 DEBUG NettyRequestSender:593 ? Using pooled Channel '[id: 0x2af016d0, L:/127.0.0.1:57953 - R:localhost/127.0.0.1:32846]' for 'POST' to 'http://localhost:32846/session/add1a5495589609f83e63eed288131ef/element'
2023-04-27 17:40:35 DEBUG NettyRequestSender:251 ? Using open Channel [id: 0x2af016d0, L:/127.0.0.1:57953 - R:localhost/127.0.0.1:32846] for POST '/session/add1a5495589609f83e63eed288131ef/element'
2023-04-27 17:40:35 DEBUG HttpHandler:70 ? 

Request DefaultHttpRequest(decodeResult: success, version: HTTP/1.1)
POST /session/add1a5495589609f83e63eed288131ef/element HTTP/1.1
User-Agent: selenium/4.9.0 (java windows)
Content-Length: 69
Content-Type: application/json; charset=utf-8
host: localhost:32846
accept: */*

Response DefaultHttpResponse(decodeResult: success, version: HTTP/1.1)
HTTP/1.1 200 OK
Content-Length: 88
Content-Type: application/json; charset=utf-8
cache-control: no-cache

2023-04-27 17:40:35 DEBUG ChannelManager:270 ? Adding key: http://localhost:32846 for channel [id: 0x2af016d0, L:/127.0.0.1:57953 - R:localhost/127.0.0.1:32846]
2023-04-27 17:40:35 DEBUG NettyRequestSender:593 ? Using pooled Channel '[id: 0x2af016d0, L:/127.0.0.1:57953 - R:localhost/127.0.0.1:32846]' for 'POST' to 'http://localhost:32846/session/add1a5495589609f83e63eed288131ef/actions'
2023-04-27 17:40:35 DEBUG NettyRequestSender:251 ? Using open Channel [id: 0x2af016d0, L:/127.0.0.1:57953 - R:localhost/127.0.0.1:32846] for POST '/session/add1a5495589609f83e63eed288131ef/actions'
2023-04-27 17:40:36 DEBUG HttpHandler:70 ? 

Request DefaultHttpRequest(decodeResult: success, version: HTTP/1.1)
POST /session/add1a5495589609f83e63eed288131ef/actions HTTP/1.1
User-Agent: selenium/4.9.0 (java windows)
Content-Length: 3755
Content-Type: application/json; charset=utf-8
host: localhost:32846
accept: */*

Response DefaultHttpResponse(decodeResult: success, version: HTTP/1.1)
HTTP/1.1 200 OK
Content-Length: 14
Content-Type: application/json; charset=utf-8
cache-control: no-cache

2023-04-27 17:40:36 DEBUG ChannelManager:270 ? Adding key: http://localhost:32846 for channel [id: 0x2af016d0, L:/127.0.0.1:57953 - R:localhost/127.0.0.1:32846]
2023-04-27 17:40:36 DEBUG NettyRequestSender:593 ? Using pooled Channel '[id: 0x2af016d0, L:/127.0.0.1:57953 - R:localhost/127.0.0.1:32846]' for 'POST' to 'http://localhost:32846/session/add1a5495589609f83e63eed288131ef/element'
2023-04-27 17:40:36 DEBUG NettyRequestSender:251 ? Using open Channel [id: 0x2af016d0, L:/127.0.0.1:57953 - R:localhost/127.0.0.1:32846] for POST '/session/add1a5495589609f83e63eed288131ef/element'
2023-04-27 17:40:36 DEBUG HttpHandler:70 ? 

Request DefaultHttpRequest(decodeResult: success, version: HTTP/1.1)
POST /session/add1a5495589609f83e63eed288131ef/element HTTP/1.1
User-Agent: selenium/4.9.0 (java windows)
Content-Length: 72
Content-Type: application/json; charset=utf-8
host: localhost:32846
accept: */*

Response DefaultHttpResponse(decodeResult: success, version: HTTP/1.1)
HTTP/1.1 200 OK
Content-Length: 88
Content-Type: application/json; charset=utf-8
cache-control: no-cache

2023-04-27 17:40:36 DEBUG ChannelManager:270 ? Adding key: http://localhost:32846 for channel [id: 0x2af016d0, L:/127.0.0.1:57953 - R:localhost/127.0.0.1:32846]
2023-04-27 17:40:36 DEBUG NettyRequestSender:593 ? Using pooled Channel '[id: 0x2af016d0, L:/127.0.0.1:57953 - R:localhost/127.0.0.1:32846]' for 'POST' to 'http://localhost:32846/session/add1a5495589609f83e63eed288131ef/actions'
2023-04-27 17:40:36 DEBUG NettyRequestSender:251 ? Using open Channel [id: 0x2af016d0, L:/127.0.0.1:57953 - R:localhost/127.0.0.1:32846] for POST '/session/add1a5495589609f83e63eed288131ef/actions'
2023-04-27 17:40:36 DEBUG HttpHandler:70 ? 

Request DefaultHttpRequest(decodeResult: success, version: HTTP/1.1)
POST /session/add1a5495589609f83e63eed288131ef/actions HTTP/1.1
User-Agent: selenium/4.9.0 (java windows)
Content-Length: 3755
Content-Type: application/json; charset=utf-8
host: localhost:32846
accept: */*

Response DefaultHttpResponse(decodeResult: success, version: HTTP/1.1)
HTTP/1.1 200 OK
Content-Length: 14
Content-Type: application/json; charset=utf-8
cache-control: no-cache

2023-04-27 17:40:36 DEBUG ChannelManager:270 ? Adding key: http://localhost:32846 for channel [id: 0x2af016d0, L:/127.0.0.1:57953 - R:localhost/127.0.0.1:32846]
2023-04-27 17:40:36 DEBUG NettyRequestSender:593 ? Using pooled Channel '[id: 0x2af016d0, L:/127.0.0.1:57953 - R:localhost/127.0.0.1:32846]' for 'POST' to 'http://localhost:32846/session/add1a5495589609f83e63eed288131ef/element'
2023-04-27 17:40:36 DEBUG NettyRequestSender:251 ? Using open Channel [id: 0x2af016d0, L:/127.0.0.1:57953 - R:localhost/127.0.0.1:32846] for POST '/session/add1a5495589609f83e63eed288131ef/element'
2023-04-27 17:40:36 DEBUG HttpHandler:70 ? 

Request DefaultHttpRequest(decodeResult: success, version: HTTP/1.1)
POST /session/add1a5495589609f83e63eed288131ef/element HTTP/1.1
User-Agent: selenium/4.9.0 (java windows)
Content-Length: 71
Content-Type: application/json; charset=utf-8
host: localhost:32846
accept: */*

Response DefaultHttpResponse(decodeResult: success, version: HTTP/1.1)
HTTP/1.1 200 OK
Content-Length: 88
Content-Type: application/json; charset=utf-8
cache-control: no-cache

2023-04-27 17:40:36 DEBUG ChannelManager:270 ? Adding key: http://localhost:32846 for channel [id: 0x2af016d0, L:/127.0.0.1:57953 - R:localhost/127.0.0.1:32846]
2023-04-27 17:40:36 DEBUG NettyRequestSender:593 ? Using pooled Channel '[id: 0x2af016d0, L:/127.0.0.1:57953 - R:localhost/127.0.0.1:32846]' for 'POST' to 'http://localhost:32846/session/add1a5495589609f83e63eed288131ef/actions'
2023-04-27 17:40:36 DEBUG NettyRequestSender:251 ? Using open Channel [id: 0x2af016d0, L:/127.0.0.1:57953 - R:localhost/127.0.0.1:32846] for POST '/session/add1a5495589609f83e63eed288131ef/actions'
2023-04-27 17:40:36 DEBUG HttpHandler:70 ? 

Request DefaultHttpRequest(decodeResult: success, version: HTTP/1.1)
POST /session/add1a5495589609f83e63eed288131ef/actions HTTP/1.1
User-Agent: selenium/4.9.0 (java windows)
Content-Length: 567
Content-Type: application/json; charset=utf-8
host: localhost:32846
accept: */*

Response DefaultHttpResponse(decodeResult: success, version: HTTP/1.1)
HTTP/1.1 200 OK
Content-Length: 14
Content-Type: application/json; charset=utf-8
cache-control: no-cache

2023-04-27 17:40:36 DEBUG ChannelManager:270 ? Adding key: http://localhost:32846 for channel [id: 0x2af016d0, L:/127.0.0.1:57953 - R:localhost/127.0.0.1:32846]
2023-04-27 17:40:36 DEBUG NettyRequestSender:593 ? Using pooled Channel '[id: 0x2af016d0, L:/127.0.0.1:57953 - R:localhost/127.0.0.1:32846]' for 'POST' to 'http://localhost:32846/session/add1a5495589609f83e63eed288131ef/element'
2023-04-27 17:40:36 DEBUG NettyRequestSender:251 ? Using open Channel [id: 0x2af016d0, L:/127.0.0.1:57953 - R:localhost/127.0.0.1:32846] for POST '/session/add1a5495589609f83e63eed288131ef/element'
2023-04-27 17:40:36 DEBUG DefaultChannelPool:348 ? Entry count for : http://localhost:57961 : 1
2023-04-27 17:40:36 DEBUG HttpHandler:70 ? 

Request DefaultHttpRequest(decodeResult: success, version: HTTP/1.1)
POST /session/add1a5495589609f83e63eed288131ef/element HTTP/1.1
User-Agent: selenium/4.9.0 (java windows)
Content-Length: 94
Content-Type: application/json; charset=utf-8
host: localhost:32846
accept: */*

Response DefaultHttpResponse(decodeResult: success, version: HTTP/1.1)
HTTP/1.1 200 OK
Content-Length: 88
Content-Type: application/json; charset=utf-8
cache-control: no-cache

2023-04-27 17:40:36 DEBUG ChannelManager:270 ? Adding key: http://localhost:32846 for channel [id: 0x2af016d0, L:/127.0.0.1:57953 - R:localhost/127.0.0.1:32846]
2023-04-27 17:40:36 DEBUG NettyRequestSender:593 ? Using pooled Channel '[id: 0x2af016d0, L:/127.0.0.1:57953 - R:localhost/127.0.0.1:32846]' for 'GET' to 'http://localhost:32846/session/add1a5495589609f83e63eed288131ef/element/3649470f-da95-44cc-88ec-f9dd087a6f96/text'
2023-04-27 17:40:36 DEBUG NettyRequestSender:251 ? Using open Channel [id: 0x2af016d0, L:/127.0.0.1:57953 - R:localhost/127.0.0.1:32846] for GET '/session/add1a5495589609f83e63eed288131ef/element/3649470f-da95-44cc-88ec-f9dd087a6f96/text'
2023-04-27 17:40:36 DEBUG HttpHandler:70 ? 

Request DefaultFullHttpRequest(decodeResult: success, version: HTTP/1.1, content: EmptyByteBufBE)
GET /session/add1a5495589609f83e63eed288131ef/element/3649470f-da95-44cc-88ec-f9dd087a6f96/text HTTP/1.1
User-Agent: selenium/4.9.0 (java windows)
Cache-Control: no-cache
Content-Type: application/json; charset=utf-8
host: localhost:32846
accept: */*

Response DefaultHttpResponse(decodeResult: success, version: HTTP/1.1)
HTTP/1.1 200 OK
Content-Length: 37
Content-Type: application/json; charset=utf-8
cache-control: no-cache

2023-04-27 17:40:36 DEBUG ChannelManager:270 ? Adding key: http://localhost:32846 for channel [id: 0x2af016d0, L:/127.0.0.1:57953 - R:localhost/127.0.0.1:32846]
2023-04-27 17:40:36 DEBUG NettyRequestSender:593 ? Using pooled Channel '[id: 0x2af016d0, L:/127.0.0.1:57953 - R:localhost/127.0.0.1:32846]' for 'DELETE' to 'http://localhost:32846/session/add1a5495589609f83e63eed288131ef'
2023-04-27 17:40:36 DEBUG NettyRequestSender:251 ? Using open Channel [id: 0x2af016d0, L:/127.0.0.1:57953 - R:localhost/127.0.0.1:32846] for DELETE '/session/add1a5495589609f83e63eed288131ef'
2023-04-27 17:40:36 DEBUG WebSocketHandler:126 ? Channel Closed: [id: 0x310ae30b, L:/127.0.0.1:57978 ! R:localhost/127.0.0.1:57961] with attribute NettyResponseFuture{currentRetry=0,
	isDone=1,
	isCancelled=0,
	asyncHandler=org.asynchttpclient.ws.WebSocketUpgradeHandler@2250f7a,
	nettyRequest=org.asynchttpclient.netty.request.NettyRequest@4727915a,
	future=java.util.concurrent.CompletableFuture@24394080[Completed normally],
	uri=ws://localhost:57961/devtools/browser/0173431b-119d-4470-84be-99bf2752ebac,
	keepAlive=true,
	redirectCount=0,
	timeoutsHolder=null,
	inAuth=0,
	touch=1682574034639}
2023-04-27 17:40:36 DEBUG ChannelManager:315 ? Closing Channel [id: 0x310ae30b, L:/127.0.0.1:57978 ! R:localhost/127.0.0.1:57961] 
2023-04-27 17:40:36 DEBUG HttpHandler:159 ? Unexpected I/O exception on channel [id: 0xc49a093e, L:/127.0.0.1:57976 - R:localhost/127.0.0.1:57961]
java.net.SocketException: Connection reset
	at java.base/sun.nio.ch.SocketChannelImpl.throwConnectionReset(SocketChannelImpl.java:401)
	at java.base/sun.nio.ch.SocketChannelImpl.read(SocketChannelImpl.java:434)
	at io.netty.buffer.PooledByteBuf.setBytes(PooledByteBuf.java:256)
	at io.netty.buffer.AbstractByteBuf.writeBytes(AbstractByteBuf.java:1132)
	at io.netty.channel.socket.nio.NioSocketChannel.doReadBytes(NioSocketChannel.java:357)
	at io.netty.channel.nio.AbstractNioByteChannel$NioByteUnsafe.read(AbstractNioByteChannel.java:151)
	at io.netty.channel.nio.NioEventLoop.processSelectedKey(NioEventLoop.java:788)
	at io.netty.channel.nio.NioEventLoop.processSelectedKeysOptimized(NioEventLoop.java:724)
	at io.netty.channel.nio.NioEventLoop.processSelectedKeys(NioEventLoop.java:650)
	at io.netty.channel.nio.NioEventLoop.run(NioEventLoop.java:562)
	at io.netty.util.concurrent.SingleThreadEventExecutor$4.run(SingleThreadEventExecutor.java:997)
	at io.netty.util.internal.ThreadExecutorMap$2.run(ThreadExecutorMap.java:74)
	at io.netty.util.concurrent.FastThreadLocalRunnable.run(FastThreadLocalRunnable.java:30)
	at java.base/java.lang.Thread.run(Thread.java:1589)
2023-04-27 17:40:36 DEBUG ChannelManager:315 ? Closing Channel [id: 0xc49a093e, L:/127.0.0.1:57976 - R:localhost/127.0.0.1:57961] 
2023-04-27 17:40:36 DEBUG HttpHandler:126 ? Channel Closed: [id: 0xc49a093e, L:/127.0.0.1:57976 ! R:localhost/127.0.0.1:57961] with attribute DISCARD
2023-04-27 17:40:36 DEBUG HttpHandler:70 ? 

Request DefaultFullHttpRequest(decodeResult: success, version: HTTP/1.1, content: EmptyByteBufBE)
DELETE /session/add1a5495589609f83e63eed288131ef HTTP/1.1
User-Agent: selenium/4.9.0 (java windows)
Content-Type: application/json; charset=utf-8
host: localhost:32846
accept: */*

Response DefaultHttpResponse(decodeResult: success, version: HTTP/1.1)
HTTP/1.1 200 OK
Content-Length: 14
Content-Type: application/json; charset=utf-8
cache-control: no-cache

2023-04-27 17:40:36 DEBUG ChannelManager:270 ? Adding key: http://localhost:32846 for channel [id: 0x2af016d0, L:/127.0.0.1:57953 - R:localhost/127.0.0.1:32846]
2023-04-27 17:40:36 DEBUG HttpHandler:126 ? Channel Closed: [id: 0x2af016d0, L:/127.0.0.1:57953 ! R:localhost/127.0.0.1:32846] with attribute DISCARD
2023-04-27 17:40:37 DEBUG NettyConnectListener:73 ? Using new Channel '[id: 0xc56f0077, L:/127.0.0.1:57997 - R:localhost/127.0.0.1:39107]' for 'POST' to '/session'
2023-04-27 17:40:37 DEBUG DefaultChannelPool:348 ? Entry count for : http://localhost:32846 : 1
2023-04-27 17:40:37 DEBUG DefaultChannelPool:348 ? Entry count for : http://localhost:57961 : 1
2023-04-27 17:40:37 DEBUG DefaultChannelPool:302 ? Adding Candidate expired Channel [id: 0x2af016d0, L:/127.0.0.1:57953 ! R:localhost/127.0.0.1:32846] isIdleTimeoutExpired=false isRemotelyClosed=true isTtlExpired=false
2023-04-27 17:40:37 DEBUG DefaultChannelPool:321 ? Closing Idle Channel [id: 0x2af016d0, L:/127.0.0.1:57953 ! R:localhost/127.0.0.1:32846]
2023-04-27 17:40:37 DEBUG DefaultChannelPool:302 ? Adding Candidate expired Channel [id: 0xc49a093e, L:/127.0.0.1:57976 ! R:localhost/127.0.0.1:57961] isIdleTimeoutExpired=false isRemotelyClosed=true isTtlExpired=false
2023-04-27 17:40:37 DEBUG DefaultChannelPool:321 ? Closing Idle Channel [id: 0xc49a093e, L:/127.0.0.1:57976 ! R:localhost/127.0.0.1:57961]
2023-04-27 17:40:37 DEBUG DefaultChannelPool:374 ? Closed 2 connections out of 2 in 5 ms
2023-04-27 17:40:38 DEBUG HttpHandler:70 ? 

Request DefaultHttpRequest(decodeResult: success, version: HTTP/1.1)
POST /session HTTP/1.1
User-Agent: selenium/4.9.0 (java windows)
Content-Length: 254
Content-Type: application/json; charset=utf-8
host: localhost:39107
accept: */*

Response DefaultHttpResponse(decodeResult: success, version: HTTP/1.1)
HTTP/1.1 200 OK
Content-Length: 859
Content-Type: application/json; charset=utf-8
cache-control: no-cache

2023-04-27 17:40:38 DEBUG ChannelManager:270 ? Adding key: http://localhost:39107 for channel [id: 0xc56f0077, L:/127.0.0.1:57997 - R:localhost/127.0.0.1:39107]
2023-04-27 17:40:38 DEBUG NettyConnectListener:73 ? Using new Channel '[id: 0x74953be9, L:/127.0.0.1:58015 - R:localhost/127.0.0.1:58001]' for 'GET' to '/json/version'
2023-04-27 17:40:38 DEBUG HttpHandler:70 ? 

Request DefaultFullHttpRequest(decodeResult: success, version: HTTP/1.1, content: EmptyByteBufBE)
GET /json/version HTTP/1.1
User-Agent: selenium/4.9.0 (java windows)
host: localhost:58001
accept: */*

Response DefaultHttpResponse(decodeResult: success, version: HTTP/1.1)
HTTP/1.1 200 OK
Content-Security-Policy: frame-ancestors 'none'
Content-Length: 424
Content-Type: application/json; charset=UTF-8

2023-04-27 17:40:38 DEBUG ChannelManager:270 ? Adding key: http://localhost:58001 for channel [id: 0x74953be9, L:/127.0.0.1:58015 - R:localhost/127.0.0.1:58001]
2023-04-27 17:40:38 DEBUG NettyConnectListener:73 ? Using new Channel '[id: 0x9bf76240, L:/127.0.0.1:58016 - R:localhost/127.0.0.1:58001]' for 'GET' to '/devtools/browser/51e1b490-9a43-4a00-839b-5613b9149960'
2023-04-27 17:40:38 DEBUG WebSocketHandler:105 ? 

Request DefaultFullHttpRequest(decodeResult: success, version: HTTP/1.1, content: EmptyByteBufBE)
GET /devtools/browser/51e1b490-9a43-4a00-839b-5613b9149960 HTTP/1.1
upgrade: websocket
connection: upgrade
sec-websocket-key: eGjwVhQGBVX95zmpaagIPA==
sec-websocket-version: 13
origin: http://localhost:58001
host: localhost:58001
accept: */*
user-agent: AHC/2.1

Response DefaultHttpResponse(decodeResult: success, version: HTTP/1.1)
HTTP/1.1 101 WebSocket Protocol Handshake
Upgrade: WebSocket
Connection: Upgrade
Sec-WebSocket-Accept: 5Z8ZqcNvGNBLZrvtKpUfU3H6h/Y=

2023-04-27 17:40:38 DEBUG NettyRequestSender:593 ? Using pooled Channel '[id: 0xc56f0077, L:/127.0.0.1:57997 - R:localhost/127.0.0.1:39107]' for 'POST' to 'http://localhost:39107/session/d6a82f007e0d44828e672bae7e799d05/window/maximize'
2023-04-27 17:40:38 DEBUG NettyRequestSender:251 ? Using open Channel [id: 0xc56f0077, L:/127.0.0.1:57997 - R:localhost/127.0.0.1:39107] for POST '/session/d6a82f007e0d44828e672bae7e799d05/window/maximize'
2023-04-27 17:40:38 DEBUG HttpHandler:70 ? 

Request DefaultHttpRequest(decodeResult: success, version: HTTP/1.1)
POST /session/d6a82f007e0d44828e672bae7e799d05/window/maximize HTTP/1.1
User-Agent: selenium/4.9.0 (java windows)
Content-Length: 3
Content-Type: application/json; charset=utf-8
host: localhost:39107
accept: */*

Response DefaultHttpResponse(decodeResult: success, version: HTTP/1.1)
HTTP/1.1 200 OK
Content-Length: 52
Content-Type: application/json; charset=utf-8
cache-control: no-cache

2023-04-27 17:40:38 DEBUG ChannelManager:270 ? Adding key: http://localhost:39107 for channel [id: 0xc56f0077, L:/127.0.0.1:57997 - R:localhost/127.0.0.1:39107]
2023-04-27 17:40:38 DEBUG NettyRequestSender:593 ? Using pooled Channel '[id: 0xc56f0077, L:/127.0.0.1:57997 - R:localhost/127.0.0.1:39107]' for 'POST' to 'http://localhost:39107/session/d6a82f007e0d44828e672bae7e799d05/timeouts'
2023-04-27 17:40:38 DEBUG NettyRequestSender:251 ? Using open Channel [id: 0xc56f0077, L:/127.0.0.1:57997 - R:localhost/127.0.0.1:39107] for POST '/session/d6a82f007e0d44828e672bae7e799d05/timeouts'
2023-04-27 17:40:38 DEBUG HttpHandler:70 ? 

Request DefaultHttpRequest(decodeResult: success, version: HTTP/1.1)
POST /session/d6a82f007e0d44828e672bae7e799d05/timeouts HTTP/1.1
User-Agent: selenium/4.9.0 (java windows)
Content-Length: 23
Content-Type: application/json; charset=utf-8
host: localhost:39107
accept: */*

Response DefaultHttpResponse(decodeResult: success, version: HTTP/1.1)
HTTP/1.1 200 OK
Content-Length: 14
Content-Type: application/json; charset=utf-8
cache-control: no-cache

2023-04-27 17:40:38 DEBUG ChannelManager:270 ? Adding key: http://localhost:39107 for channel [id: 0xc56f0077, L:/127.0.0.1:57997 - R:localhost/127.0.0.1:39107]
2023-04-27 17:40:38 DEBUG NettyRequestSender:593 ? Using pooled Channel '[id: 0xc56f0077, L:/127.0.0.1:57997 - R:localhost/127.0.0.1:39107]' for 'POST' to 'http://localhost:39107/session/d6a82f007e0d44828e672bae7e799d05/url'
2023-04-27 17:40:38 DEBUG NettyRequestSender:251 ? Using open Channel [id: 0xc56f0077, L:/127.0.0.1:57997 - R:localhost/127.0.0.1:39107] for POST '/session/d6a82f007e0d44828e672bae7e799d05/url'
2023-04-27 17:40:38 DEBUG DefaultChannelPool:348 ? Entry count for : http://localhost:58001 : 1
2023-04-27 17:40:39 DEBUG HttpHandler:70 ? 

Request DefaultHttpRequest(decodeResult: success, version: HTTP/1.1)
POST /session/d6a82f007e0d44828e672bae7e799d05/url HTTP/1.1
User-Agent: selenium/4.9.0 (java windows)
Content-Length: 59
Content-Type: application/json; charset=utf-8
host: localhost:39107
accept: */*

Response DefaultHttpResponse(decodeResult: success, version: HTTP/1.1)
HTTP/1.1 200 OK
Content-Length: 14
Content-Type: application/json; charset=utf-8
cache-control: no-cache

2023-04-27 17:40:39 DEBUG ChannelManager:270 ? Adding key: http://localhost:39107 for channel [id: 0xc56f0077, L:/127.0.0.1:57997 - R:localhost/127.0.0.1:39107]
2023-04-27 17:40:39 DEBUG NettyRequestSender:593 ? Using pooled Channel '[id: 0xc56f0077, L:/127.0.0.1:57997 - R:localhost/127.0.0.1:39107]' for 'POST' to 'http://localhost:39107/session/d6a82f007e0d44828e672bae7e799d05/element'
2023-04-27 17:40:39 DEBUG NettyRequestSender:251 ? Using open Channel [id: 0xc56f0077, L:/127.0.0.1:57997 - R:localhost/127.0.0.1:39107] for POST '/session/d6a82f007e0d44828e672bae7e799d05/element'
2023-04-27 17:40:39 DEBUG HttpHandler:70 ? 

Request DefaultHttpRequest(decodeResult: success, version: HTTP/1.1)
POST /session/d6a82f007e0d44828e672bae7e799d05/element HTTP/1.1
User-Agent: selenium/4.9.0 (java windows)
Content-Length: 72
Content-Type: application/json; charset=utf-8
host: localhost:39107
accept: */*

Response DefaultHttpResponse(decodeResult: success, version: HTTP/1.1)
HTTP/1.1 200 OK
Content-Length: 88
Content-Type: application/json; charset=utf-8
cache-control: no-cache

2023-04-27 17:40:39 DEBUG ChannelManager:270 ? Adding key: http://localhost:39107 for channel [id: 0xc56f0077, L:/127.0.0.1:57997 - R:localhost/127.0.0.1:39107]
2023-04-27 17:40:39 DEBUG NettyRequestSender:593 ? Using pooled Channel '[id: 0xc56f0077, L:/127.0.0.1:57997 - R:localhost/127.0.0.1:39107]' for 'POST' to 'http://localhost:39107/session/d6a82f007e0d44828e672bae7e799d05/execute/sync'
2023-04-27 17:40:39 DEBUG NettyRequestSender:251 ? Using open Channel [id: 0xc56f0077, L:/127.0.0.1:57997 - R:localhost/127.0.0.1:39107] for POST '/session/d6a82f007e0d44828e672bae7e799d05/execute/sync'
2023-04-27 17:40:39 DEBUG HttpHandler:70 ? 

Request DefaultHttpRequest(decodeResult: success, version: HTTP/1.1)
POST /session/d6a82f007e0d44828e672bae7e799d05/execute/sync HTTP/1.1
User-Agent: selenium/4.9.0 (java windows)
Content-Length: 48807
Content-Type: application/json; charset=utf-8
host: localhost:39107
accept: */*

Response DefaultHttpResponse(decodeResult: success, version: HTTP/1.1)
HTTP/1.1 200 OK
Content-Length: 14
Content-Type: application/json; charset=utf-8
cache-control: no-cache

2023-04-27 17:40:39 DEBUG ChannelManager:270 ? Adding key: http://localhost:39107 for channel [id: 0xc56f0077, L:/127.0.0.1:57997 - R:localhost/127.0.0.1:39107]
2023-04-27 17:40:39 DEBUG NettyRequestSender:593 ? Using pooled Channel '[id: 0xc56f0077, L:/127.0.0.1:57997 - R:localhost/127.0.0.1:39107]' for 'POST' to 'http://localhost:39107/session/d6a82f007e0d44828e672bae7e799d05/element'
2023-04-27 17:40:39 DEBUG NettyRequestSender:251 ? Using open Channel [id: 0xc56f0077, L:/127.0.0.1:57997 - R:localhost/127.0.0.1:39107] for POST '/session/d6a82f007e0d44828e672bae7e799d05/element'
2023-04-27 17:40:39 DEBUG HttpHandler:70 ? 

Request DefaultHttpRequest(decodeResult: success, version: HTTP/1.1)
POST /session/d6a82f007e0d44828e672bae7e799d05/element HTTP/1.1
User-Agent: selenium/4.9.0 (java windows)
Content-Length: 69
Content-Type: application/json; charset=utf-8
host: localhost:39107
accept: */*

Response DefaultHttpResponse(decodeResult: success, version: HTTP/1.1)
HTTP/1.1 200 OK
Content-Length: 88
Content-Type: application/json; charset=utf-8
cache-control: no-cache

2023-04-27 17:40:39 DEBUG ChannelManager:270 ? Adding key: http://localhost:39107 for channel [id: 0xc56f0077, L:/127.0.0.1:57997 - R:localhost/127.0.0.1:39107]
2023-04-27 17:40:39 DEBUG NettyRequestSender:593 ? Using pooled Channel '[id: 0xc56f0077, L:/127.0.0.1:57997 - R:localhost/127.0.0.1:39107]' for 'POST' to 'http://localhost:39107/session/d6a82f007e0d44828e672bae7e799d05/execute/sync'
2023-04-27 17:40:39 DEBUG NettyRequestSender:251 ? Using open Channel [id: 0xc56f0077, L:/127.0.0.1:57997 - R:localhost/127.0.0.1:39107] for POST '/session/d6a82f007e0d44828e672bae7e799d05/execute/sync'
2023-04-27 17:40:39 DEBUG HttpHandler:70 ? 

Request DefaultHttpRequest(decodeResult: success, version: HTTP/1.1)
POST /session/d6a82f007e0d44828e672bae7e799d05/execute/sync HTTP/1.1
User-Agent: selenium/4.9.0 (java windows)
Content-Length: 48807
Content-Type: application/json; charset=utf-8
host: localhost:39107
accept: */*

Response DefaultHttpResponse(decodeResult: success, version: HTTP/1.1)
HTTP/1.1 200 OK
Content-Length: 14
Content-Type: application/json; charset=utf-8
cache-control: no-cache

2023-04-27 17:40:39 DEBUG ChannelManager:270 ? Adding key: http://localhost:39107 for channel [id: 0xc56f0077, L:/127.0.0.1:57997 - R:localhost/127.0.0.1:39107]
2023-04-27 17:40:39 DEBUG NettyRequestSender:593 ? Using pooled Channel '[id: 0xc56f0077, L:/127.0.0.1:57997 - R:localhost/127.0.0.1:39107]' for 'POST' to 'http://localhost:39107/session/d6a82f007e0d44828e672bae7e799d05/element'
2023-04-27 17:40:39 DEBUG NettyRequestSender:251 ? Using open Channel [id: 0xc56f0077, L:/127.0.0.1:57997 - R:localhost/127.0.0.1:39107] for POST '/session/d6a82f007e0d44828e672bae7e799d05/element'
2023-04-27 17:40:39 DEBUG HttpHandler:70 ? 

Request DefaultHttpRequest(decodeResult: success, version: HTTP/1.1)
POST /session/d6a82f007e0d44828e672bae7e799d05/element HTTP/1.1
User-Agent: selenium/4.9.0 (java windows)
Content-Length: 71
Content-Type: application/json; charset=utf-8
host: localhost:39107
accept: */*

Response DefaultHttpResponse(decodeResult: success, version: HTTP/1.1)
HTTP/1.1 200 OK
Content-Length: 88
Content-Type: application/json; charset=utf-8
cache-control: no-cache

2023-04-27 17:40:39 DEBUG ChannelManager:270 ? Adding key: http://localhost:39107 for channel [id: 0xc56f0077, L:/127.0.0.1:57997 - R:localhost/127.0.0.1:39107]
2023-04-27 17:40:39 DEBUG NettyRequestSender:593 ? Using pooled Channel '[id: 0xc56f0077, L:/127.0.0.1:57997 - R:localhost/127.0.0.1:39107]' for 'POST' to 'http://localhost:39107/session/d6a82f007e0d44828e672bae7e799d05/execute/sync'
2023-04-27 17:40:39 DEBUG NettyRequestSender:251 ? Using open Channel [id: 0xc56f0077, L:/127.0.0.1:57997 - R:localhost/127.0.0.1:39107] for POST '/session/d6a82f007e0d44828e672bae7e799d05/execute/sync'
2023-04-27 17:40:39 DEBUG HttpHandler:70 ? 

Request DefaultHttpRequest(decodeResult: success, version: HTTP/1.1)
POST /session/d6a82f007e0d44828e672bae7e799d05/execute/sync HTTP/1.1
User-Agent: selenium/4.9.0 (java windows)
Content-Length: 48807
Content-Type: application/json; charset=utf-8
host: localhost:39107
accept: */*

Response DefaultHttpResponse(decodeResult: success, version: HTTP/1.1)
HTTP/1.1 200 OK
Content-Length: 14
Content-Type: application/json; charset=utf-8
cache-control: no-cache

2023-04-27 17:40:39 DEBUG ChannelManager:270 ? Adding key: http://localhost:39107 for channel [id: 0xc56f0077, L:/127.0.0.1:57997 - R:localhost/127.0.0.1:39107]
2023-04-27 17:40:39 DEBUG NettyRequestSender:593 ? Using pooled Channel '[id: 0xc56f0077, L:/127.0.0.1:57997 - R:localhost/127.0.0.1:39107]' for 'POST' to 'http://localhost:39107/session/d6a82f007e0d44828e672bae7e799d05/element'
2023-04-27 17:40:39 DEBUG NettyRequestSender:251 ? Using open Channel [id: 0xc56f0077, L:/127.0.0.1:57997 - R:localhost/127.0.0.1:39107] for POST '/session/d6a82f007e0d44828e672bae7e799d05/element'
2023-04-27 17:40:39 DEBUG HttpHandler:70 ? 

Request DefaultHttpRequest(decodeResult: success, version: HTTP/1.1)
POST /session/d6a82f007e0d44828e672bae7e799d05/element HTTP/1.1
User-Agent: selenium/4.9.0 (java windows)
Content-Length: 72
Content-Type: application/json; charset=utf-8
host: localhost:39107
accept: */*

Response DefaultHttpResponse(decodeResult: success, version: HTTP/1.1)
HTTP/1.1 200 OK
Content-Length: 88
Content-Type: application/json; charset=utf-8
cache-control: no-cache

2023-04-27 17:40:39 DEBUG ChannelManager:270 ? Adding key: http://localhost:39107 for channel [id: 0xc56f0077, L:/127.0.0.1:57997 - R:localhost/127.0.0.1:39107]
2023-04-27 17:40:39 DEBUG NettyRequestSender:593 ? Using pooled Channel '[id: 0xc56f0077, L:/127.0.0.1:57997 - R:localhost/127.0.0.1:39107]' for 'POST' to 'http://localhost:39107/session/d6a82f007e0d44828e672bae7e799d05/execute/sync'
2023-04-27 17:40:39 DEBUG NettyRequestSender:251 ? Using open Channel [id: 0xc56f0077, L:/127.0.0.1:57997 - R:localhost/127.0.0.1:39107] for POST '/session/d6a82f007e0d44828e672bae7e799d05/execute/sync'
2023-04-27 17:40:39 DEBUG HttpHandler:70 ? 

Request DefaultHttpRequest(decodeResult: success, version: HTTP/1.1)
POST /session/d6a82f007e0d44828e672bae7e799d05/execute/sync HTTP/1.1
User-Agent: selenium/4.9.0 (java windows)
Content-Length: 48807
Content-Type: application/json; charset=utf-8
host: localhost:39107
accept: */*

Response DefaultHttpResponse(decodeResult: success, version: HTTP/1.1)
HTTP/1.1 200 OK
Content-Length: 14
Content-Type: application/json; charset=utf-8
cache-control: no-cache

2023-04-27 17:40:39 DEBUG ChannelManager:270 ? Adding key: http://localhost:39107 for channel [id: 0xc56f0077, L:/127.0.0.1:57997 - R:localhost/127.0.0.1:39107]
2023-04-27 17:40:39 DEBUG NettyRequestSender:593 ? Using pooled Channel '[id: 0xc56f0077, L:/127.0.0.1:57997 - R:localhost/127.0.0.1:39107]' for 'POST' to 'http://localhost:39107/session/d6a82f007e0d44828e672bae7e799d05/element'
2023-04-27 17:40:39 DEBUG NettyRequestSender:251 ? Using open Channel [id: 0xc56f0077, L:/127.0.0.1:57997 - R:localhost/127.0.0.1:39107] for POST '/session/d6a82f007e0d44828e672bae7e799d05/element'
2023-04-27 17:40:39 DEBUG HttpHandler:70 ? 

Request DefaultHttpRequest(decodeResult: success, version: HTTP/1.1)
POST /session/d6a82f007e0d44828e672bae7e799d05/element HTTP/1.1
User-Agent: selenium/4.9.0 (java windows)
Content-Length: 69
Content-Type: application/json; charset=utf-8
host: localhost:39107
accept: */*

Response DefaultHttpResponse(decodeResult: success, version: HTTP/1.1)
HTTP/1.1 200 OK
Content-Length: 88
Content-Type: application/json; charset=utf-8
cache-control: no-cache

2023-04-27 17:40:39 DEBUG ChannelManager:270 ? Adding key: http://localhost:39107 for channel [id: 0xc56f0077, L:/127.0.0.1:57997 - R:localhost/127.0.0.1:39107]
2023-04-27 17:40:39 DEBUG NettyRequestSender:593 ? Using pooled Channel '[id: 0xc56f0077, L:/127.0.0.1:57997 - R:localhost/127.0.0.1:39107]' for 'POST' to 'http://localhost:39107/session/d6a82f007e0d44828e672bae7e799d05/execute/sync'
2023-04-27 17:40:39 DEBUG NettyRequestSender:251 ? Using open Channel [id: 0xc56f0077, L:/127.0.0.1:57997 - R:localhost/127.0.0.1:39107] for POST '/session/d6a82f007e0d44828e672bae7e799d05/execute/sync'
2023-04-27 17:40:39 DEBUG HttpHandler:70 ? 

Request DefaultHttpRequest(decodeResult: success, version: HTTP/1.1)
POST /session/d6a82f007e0d44828e672bae7e799d05/execute/sync HTTP/1.1
User-Agent: selenium/4.9.0 (java windows)
Content-Length: 48807
Content-Type: application/json; charset=utf-8
host: localhost:39107
accept: */*

Response DefaultHttpResponse(decodeResult: success, version: HTTP/1.1)
HTTP/1.1 200 OK
Content-Length: 14
Content-Type: application/json; charset=utf-8
cache-control: no-cache

2023-04-27 17:40:39 DEBUG ChannelManager:270 ? Adding key: http://localhost:39107 for channel [id: 0xc56f0077, L:/127.0.0.1:57997 - R:localhost/127.0.0.1:39107]
2023-04-27 17:40:39 DEBUG NettyRequestSender:593 ? Using pooled Channel '[id: 0xc56f0077, L:/127.0.0.1:57997 - R:localhost/127.0.0.1:39107]' for 'POST' to 'http://localhost:39107/session/d6a82f007e0d44828e672bae7e799d05/element'
2023-04-27 17:40:39 DEBUG NettyRequestSender:251 ? Using open Channel [id: 0xc56f0077, L:/127.0.0.1:57997 - R:localhost/127.0.0.1:39107] for POST '/session/d6a82f007e0d44828e672bae7e799d05/element'
2023-04-27 17:40:39 DEBUG HttpHandler:70 ? 

Request DefaultHttpRequest(decodeResult: success, version: HTTP/1.1)
POST /session/d6a82f007e0d44828e672bae7e799d05/element HTTP/1.1
User-Agent: selenium/4.9.0 (java windows)
Content-Length: 71
Content-Type: application/json; charset=utf-8
host: localhost:39107
accept: */*

Response DefaultHttpResponse(decodeResult: success, version: HTTP/1.1)
HTTP/1.1 200 OK
Content-Length: 88
Content-Type: application/json; charset=utf-8
cache-control: no-cache

2023-04-27 17:40:39 DEBUG ChannelManager:270 ? Adding key: http://localhost:39107 for channel [id: 0xc56f0077, L:/127.0.0.1:57997 - R:localhost/127.0.0.1:39107]
2023-04-27 17:40:39 DEBUG NettyRequestSender:593 ? Using pooled Channel '[id: 0xc56f0077, L:/127.0.0.1:57997 - R:localhost/127.0.0.1:39107]' for 'POST' to 'http://localhost:39107/session/d6a82f007e0d44828e672bae7e799d05/execute/sync'
2023-04-27 17:40:39 DEBUG NettyRequestSender:251 ? Using open Channel [id: 0xc56f0077, L:/127.0.0.1:57997 - R:localhost/127.0.0.1:39107] for POST '/session/d6a82f007e0d44828e672bae7e799d05/execute/sync'
2023-04-27 17:40:39 DEBUG HttpHandler:70 ? 

Request DefaultHttpRequest(decodeResult: success, version: HTTP/1.1)
POST /session/d6a82f007e0d44828e672bae7e799d05/execute/sync HTTP/1.1
User-Agent: selenium/4.9.0 (java windows)
Content-Length: 48807
Content-Type: application/json; charset=utf-8
host: localhost:39107
accept: */*

Response DefaultHttpResponse(decodeResult: success, version: HTTP/1.1)
HTTP/1.1 200 OK
Content-Length: 14
Content-Type: application/json; charset=utf-8
cache-control: no-cache

2023-04-27 17:40:39 DEBUG ChannelManager:270 ? Adding key: http://localhost:39107 for channel [id: 0xc56f0077, L:/127.0.0.1:57997 - R:localhost/127.0.0.1:39107]
2023-04-27 17:40:39 DEBUG NettyRequestSender:593 ? Using pooled Channel '[id: 0xc56f0077, L:/127.0.0.1:57997 - R:localhost/127.0.0.1:39107]' for 'POST' to 'http://localhost:39107/session/d6a82f007e0d44828e672bae7e799d05/element'
2023-04-27 17:40:39 DEBUG NettyRequestSender:251 ? Using open Channel [id: 0xc56f0077, L:/127.0.0.1:57997 - R:localhost/127.0.0.1:39107] for POST '/session/d6a82f007e0d44828e672bae7e799d05/element'
2023-04-27 17:40:39 DEBUG HttpHandler:70 ? 

Request DefaultHttpRequest(decodeResult: success, version: HTTP/1.1)
POST /session/d6a82f007e0d44828e672bae7e799d05/element HTTP/1.1
User-Agent: selenium/4.9.0 (java windows)
Content-Length: 69
Content-Type: application/json; charset=utf-8
host: localhost:39107
accept: */*

Response DefaultHttpResponse(decodeResult: success, version: HTTP/1.1)
HTTP/1.1 200 OK
Content-Length: 88
Content-Type: application/json; charset=utf-8
cache-control: no-cache

2023-04-27 17:40:39 DEBUG ChannelManager:270 ? Adding key: http://localhost:39107 for channel [id: 0xc56f0077, L:/127.0.0.1:57997 - R:localhost/127.0.0.1:39107]
2023-04-27 17:40:39 DEBUG NettyRequestSender:593 ? Using pooled Channel '[id: 0xc56f0077, L:/127.0.0.1:57997 - R:localhost/127.0.0.1:39107]' for 'POST' to 'http://localhost:39107/session/d6a82f007e0d44828e672bae7e799d05/actions'
2023-04-27 17:40:39 DEBUG NettyRequestSender:251 ? Using open Channel [id: 0xc56f0077, L:/127.0.0.1:57997 - R:localhost/127.0.0.1:39107] for POST '/session/d6a82f007e0d44828e672bae7e799d05/actions'
2023-04-27 17:40:39 DEBUG DefaultChannelPool:348 ? Entry count for : http://localhost:58001 : 1
2023-04-27 17:40:39 DEBUG HttpHandler:70 ? 

Request DefaultHttpRequest(decodeResult: success, version: HTTP/1.1)
POST /session/d6a82f007e0d44828e672bae7e799d05/actions HTTP/1.1
User-Agent: selenium/4.9.0 (java windows)
Content-Length: 2027
Content-Type: application/json; charset=utf-8
host: localhost:39107
accept: */*

Response DefaultHttpResponse(decodeResult: success, version: HTTP/1.1)
HTTP/1.1 200 OK
Content-Length: 14
Content-Type: application/json; charset=utf-8
cache-control: no-cache

2023-04-27 17:40:39 DEBUG ChannelManager:270 ? Adding key: http://localhost:39107 for channel [id: 0xc56f0077, L:/127.0.0.1:57997 - R:localhost/127.0.0.1:39107]
2023-04-27 17:40:39 DEBUG NettyRequestSender:593 ? Using pooled Channel '[id: 0xc56f0077, L:/127.0.0.1:57997 - R:localhost/127.0.0.1:39107]' for 'POST' to 'http://localhost:39107/session/d6a82f007e0d44828e672bae7e799d05/element'
2023-04-27 17:40:39 DEBUG NettyRequestSender:251 ? Using open Channel [id: 0xc56f0077, L:/127.0.0.1:57997 - R:localhost/127.0.0.1:39107] for POST '/session/d6a82f007e0d44828e672bae7e799d05/element'
2023-04-27 17:40:39 DEBUG HttpHandler:70 ? 

Request DefaultHttpRequest(decodeResult: success, version: HTTP/1.1)
POST /session/d6a82f007e0d44828e672bae7e799d05/element HTTP/1.1
User-Agent: selenium/4.9.0 (java windows)
Content-Length: 72
Content-Type: application/json; charset=utf-8
host: localhost:39107
accept: */*

Response DefaultHttpResponse(decodeResult: success, version: HTTP/1.1)
HTTP/1.1 200 OK
Content-Length: 88
Content-Type: application/json; charset=utf-8
cache-control: no-cache

2023-04-27 17:40:39 DEBUG ChannelManager:270 ? Adding key: http://localhost:39107 for channel [id: 0xc56f0077, L:/127.0.0.1:57997 - R:localhost/127.0.0.1:39107]
2023-04-27 17:40:39 DEBUG NettyRequestSender:593 ? Using pooled Channel '[id: 0xc56f0077, L:/127.0.0.1:57997 - R:localhost/127.0.0.1:39107]' for 'POST' to 'http://localhost:39107/session/d6a82f007e0d44828e672bae7e799d05/actions'
2023-04-27 17:40:39 DEBUG NettyRequestSender:251 ? Using open Channel [id: 0xc56f0077, L:/127.0.0.1:57997 - R:localhost/127.0.0.1:39107] for POST '/session/d6a82f007e0d44828e672bae7e799d05/actions'
2023-04-27 17:40:39 DEBUG HttpHandler:70 ? 

Request DefaultHttpRequest(decodeResult: success, version: HTTP/1.1)
POST /session/d6a82f007e0d44828e672bae7e799d05/actions HTTP/1.1
User-Agent: selenium/4.9.0 (java windows)
Content-Length: 567
Content-Type: application/json; charset=utf-8
host: localhost:39107
accept: */*

Response DefaultHttpResponse(decodeResult: success, version: HTTP/1.1)
HTTP/1.1 200 OK
Content-Length: 14
Content-Type: application/json; charset=utf-8
cache-control: no-cache

2023-04-27 17:40:39 DEBUG ChannelManager:270 ? Adding key: http://localhost:39107 for channel [id: 0xc56f0077, L:/127.0.0.1:57997 - R:localhost/127.0.0.1:39107]
2023-04-27 17:40:39 DEBUG NettyRequestSender:593 ? Using pooled Channel '[id: 0xc56f0077, L:/127.0.0.1:57997 - R:localhost/127.0.0.1:39107]' for 'POST' to 'http://localhost:39107/session/d6a82f007e0d44828e672bae7e799d05/element'
2023-04-27 17:40:39 DEBUG NettyRequestSender:251 ? Using open Channel [id: 0xc56f0077, L:/127.0.0.1:57997 - R:localhost/127.0.0.1:39107] for POST '/session/d6a82f007e0d44828e672bae7e799d05/element'
2023-04-27 17:40:39 DEBUG HttpHandler:70 ? 

Request DefaultHttpRequest(decodeResult: success, version: HTTP/1.1)
POST /session/d6a82f007e0d44828e672bae7e799d05/element HTTP/1.1
User-Agent: selenium/4.9.0 (java windows)
Content-Length: 71
Content-Type: application/json; charset=utf-8
host: localhost:39107
accept: */*

Response DefaultHttpResponse(decodeResult: success, version: HTTP/1.1)
HTTP/1.1 200 OK
Content-Length: 88
Content-Type: application/json; charset=utf-8
cache-control: no-cache

2023-04-27 17:40:39 DEBUG ChannelManager:270 ? Adding key: http://localhost:39107 for channel [id: 0xc56f0077, L:/127.0.0.1:57997 - R:localhost/127.0.0.1:39107]
2023-04-27 17:40:39 DEBUG NettyRequestSender:593 ? Using pooled Channel '[id: 0xc56f0077, L:/127.0.0.1:57997 - R:localhost/127.0.0.1:39107]' for 'POST' to 'http://localhost:39107/session/d6a82f007e0d44828e672bae7e799d05/actions'
2023-04-27 17:40:39 DEBUG NettyRequestSender:251 ? Using open Channel [id: 0xc56f0077, L:/127.0.0.1:57997 - R:localhost/127.0.0.1:39107] for POST '/session/d6a82f007e0d44828e672bae7e799d05/actions'
2023-04-27 17:40:40 DEBUG HttpHandler:70 ? 

Request DefaultHttpRequest(decodeResult: success, version: HTTP/1.1)
POST /session/d6a82f007e0d44828e672bae7e799d05/actions HTTP/1.1
User-Agent: selenium/4.9.0 (java windows)
Content-Length: 567
Content-Type: application/json; charset=utf-8
host: localhost:39107
accept: */*

Response DefaultHttpResponse(decodeResult: success, version: HTTP/1.1)
HTTP/1.1 200 OK
Content-Length: 14
Content-Type: application/json; charset=utf-8
cache-control: no-cache

2023-04-27 17:40:40 DEBUG ChannelManager:270 ? Adding key: http://localhost:39107 for channel [id: 0xc56f0077, L:/127.0.0.1:57997 - R:localhost/127.0.0.1:39107]
2023-04-27 17:40:40 DEBUG NettyRequestSender:593 ? Using pooled Channel '[id: 0xc56f0077, L:/127.0.0.1:57997 - R:localhost/127.0.0.1:39107]' for 'POST' to 'http://localhost:39107/session/d6a82f007e0d44828e672bae7e799d05/element'
2023-04-27 17:40:40 DEBUG NettyRequestSender:251 ? Using open Channel [id: 0xc56f0077, L:/127.0.0.1:57997 - R:localhost/127.0.0.1:39107] for POST '/session/d6a82f007e0d44828e672bae7e799d05/element'
2023-04-27 17:40:40 DEBUG HttpHandler:70 ? 

Request DefaultHttpRequest(decodeResult: success, version: HTTP/1.1)
POST /session/d6a82f007e0d44828e672bae7e799d05/element HTTP/1.1
User-Agent: selenium/4.9.0 (java windows)
Content-Length: 69
Content-Type: application/json; charset=utf-8
host: localhost:39107
accept: */*

Response DefaultHttpResponse(decodeResult: success, version: HTTP/1.1)
HTTP/1.1 200 OK
Content-Length: 88
Content-Type: application/json; charset=utf-8
cache-control: no-cache

2023-04-27 17:40:40 DEBUG ChannelManager:270 ? Adding key: http://localhost:39107 for channel [id: 0xc56f0077, L:/127.0.0.1:57997 - R:localhost/127.0.0.1:39107]
2023-04-27 17:40:40 DEBUG NettyRequestSender:593 ? Using pooled Channel '[id: 0xc56f0077, L:/127.0.0.1:57997 - R:localhost/127.0.0.1:39107]' for 'POST' to 'http://localhost:39107/session/d6a82f007e0d44828e672bae7e799d05/actions'
2023-04-27 17:40:40 DEBUG NettyRequestSender:251 ? Using open Channel [id: 0xc56f0077, L:/127.0.0.1:57997 - R:localhost/127.0.0.1:39107] for POST '/session/d6a82f007e0d44828e672bae7e799d05/actions'
2023-04-27 17:40:40 DEBUG HttpHandler:70 ? 

Request DefaultHttpRequest(decodeResult: success, version: HTTP/1.1)
POST /session/d6a82f007e0d44828e672bae7e799d05/actions HTTP/1.1
User-Agent: selenium/4.9.0 (java windows)
Content-Length: 567
Content-Type: application/json; charset=utf-8
host: localhost:39107
accept: */*

Response DefaultHttpResponse(decodeResult: success, version: HTTP/1.1)
HTTP/1.1 200 OK
Content-Length: 14
Content-Type: application/json; charset=utf-8
cache-control: no-cache

2023-04-27 17:40:40 DEBUG ChannelManager:270 ? Adding key: http://localhost:39107 for channel [id: 0xc56f0077, L:/127.0.0.1:57997 - R:localhost/127.0.0.1:39107]
2023-04-27 17:40:40 DEBUG NettyRequestSender:593 ? Using pooled Channel '[id: 0xc56f0077, L:/127.0.0.1:57997 - R:localhost/127.0.0.1:39107]' for 'POST' to 'http://localhost:39107/session/d6a82f007e0d44828e672bae7e799d05/element'
2023-04-27 17:40:40 DEBUG NettyRequestSender:251 ? Using open Channel [id: 0xc56f0077, L:/127.0.0.1:57997 - R:localhost/127.0.0.1:39107] for POST '/session/d6a82f007e0d44828e672bae7e799d05/element'
2023-04-27 17:40:40 DEBUG HttpHandler:70 ? 

Request DefaultHttpRequest(decodeResult: success, version: HTTP/1.1)
POST /session/d6a82f007e0d44828e672bae7e799d05/element HTTP/1.1
User-Agent: selenium/4.9.0 (java windows)
Content-Length: 72
Content-Type: application/json; charset=utf-8
host: localhost:39107
accept: */*

Response DefaultHttpResponse(decodeResult: success, version: HTTP/1.1)
HTTP/1.1 200 OK
Content-Length: 88
Content-Type: application/json; charset=utf-8
cache-control: no-cache

2023-04-27 17:40:40 DEBUG ChannelManager:270 ? Adding key: http://localhost:39107 for channel [id: 0xc56f0077, L:/127.0.0.1:57997 - R:localhost/127.0.0.1:39107]
2023-04-27 17:40:40 DEBUG NettyRequestSender:593 ? Using pooled Channel '[id: 0xc56f0077, L:/127.0.0.1:57997 - R:localhost/127.0.0.1:39107]' for 'POST' to 'http://localhost:39107/session/d6a82f007e0d44828e672bae7e799d05/actions'
2023-04-27 17:40:40 DEBUG NettyRequestSender:251 ? Using open Channel [id: 0xc56f0077, L:/127.0.0.1:57997 - R:localhost/127.0.0.1:39107] for POST '/session/d6a82f007e0d44828e672bae7e799d05/actions'
2023-04-27 17:40:40 DEBUG HttpHandler:70 ? 

Request DefaultHttpRequest(decodeResult: success, version: HTTP/1.1)
POST /session/d6a82f007e0d44828e672bae7e799d05/actions HTTP/1.1
User-Agent: selenium/4.9.0 (java windows)
Content-Length: 2315
Content-Type: application/json; charset=utf-8
host: localhost:39107
accept: */*

Response DefaultHttpResponse(decodeResult: success, version: HTTP/1.1)
HTTP/1.1 200 OK
Content-Length: 14
Content-Type: application/json; charset=utf-8
cache-control: no-cache

2023-04-27 17:40:40 DEBUG ChannelManager:270 ? Adding key: http://localhost:39107 for channel [id: 0xc56f0077, L:/127.0.0.1:57997 - R:localhost/127.0.0.1:39107]
2023-04-27 17:40:40 DEBUG NettyRequestSender:593 ? Using pooled Channel '[id: 0xc56f0077, L:/127.0.0.1:57997 - R:localhost/127.0.0.1:39107]' for 'POST' to 'http://localhost:39107/session/d6a82f007e0d44828e672bae7e799d05/element'
2023-04-27 17:40:40 DEBUG NettyRequestSender:251 ? Using open Channel [id: 0xc56f0077, L:/127.0.0.1:57997 - R:localhost/127.0.0.1:39107] for POST '/session/d6a82f007e0d44828e672bae7e799d05/element'
2023-04-27 17:40:40 DEBUG HttpHandler:70 ? 

Request DefaultHttpRequest(decodeResult: success, version: HTTP/1.1)
POST /session/d6a82f007e0d44828e672bae7e799d05/element HTTP/1.1
User-Agent: selenium/4.9.0 (java windows)
Content-Length: 71
Content-Type: application/json; charset=utf-8
host: localhost:39107
accept: */*

Response DefaultHttpResponse(decodeResult: success, version: HTTP/1.1)
HTTP/1.1 200 OK
Content-Length: 88
Content-Type: application/json; charset=utf-8
cache-control: no-cache

2023-04-27 17:40:40 DEBUG ChannelManager:270 ? Adding key: http://localhost:39107 for channel [id: 0xc56f0077, L:/127.0.0.1:57997 - R:localhost/127.0.0.1:39107]
2023-04-27 17:40:40 DEBUG NettyRequestSender:593 ? Using pooled Channel '[id: 0xc56f0077, L:/127.0.0.1:57997 - R:localhost/127.0.0.1:39107]' for 'POST' to 'http://localhost:39107/session/d6a82f007e0d44828e672bae7e799d05/actions'
2023-04-27 17:40:40 DEBUG NettyRequestSender:251 ? Using open Channel [id: 0xc56f0077, L:/127.0.0.1:57997 - R:localhost/127.0.0.1:39107] for POST '/session/d6a82f007e0d44828e672bae7e799d05/actions'
2023-04-27 17:40:40 DEBUG HttpHandler:70 ? 

Request DefaultHttpRequest(decodeResult: success, version: HTTP/1.1)
POST /session/d6a82f007e0d44828e672bae7e799d05/actions HTTP/1.1
User-Agent: selenium/4.9.0 (java windows)
Content-Length: 567
Content-Type: application/json; charset=utf-8
host: localhost:39107
accept: */*

Response DefaultHttpResponse(decodeResult: success, version: HTTP/1.1)
HTTP/1.1 200 OK
Content-Length: 14
Content-Type: application/json; charset=utf-8
cache-control: no-cache

2023-04-27 17:40:40 DEBUG ChannelManager:270 ? Adding key: http://localhost:39107 for channel [id: 0xc56f0077, L:/127.0.0.1:57997 - R:localhost/127.0.0.1:39107]
2023-04-27 17:40:40 DEBUG NettyRequestSender:593 ? Using pooled Channel '[id: 0xc56f0077, L:/127.0.0.1:57997 - R:localhost/127.0.0.1:39107]' for 'POST' to 'http://localhost:39107/session/d6a82f007e0d44828e672bae7e799d05/element'
2023-04-27 17:40:40 DEBUG NettyRequestSender:251 ? Using open Channel [id: 0xc56f0077, L:/127.0.0.1:57997 - R:localhost/127.0.0.1:39107] for POST '/session/d6a82f007e0d44828e672bae7e799d05/element'
2023-04-27 17:40:40 DEBUG HttpHandler:70 ? 

Request DefaultHttpRequest(decodeResult: success, version: HTTP/1.1)
POST /session/d6a82f007e0d44828e672bae7e799d05/element HTTP/1.1
User-Agent: selenium/4.9.0 (java windows)
Content-Length: 69
Content-Type: application/json; charset=utf-8
host: localhost:39107
accept: */*

Response DefaultHttpResponse(decodeResult: success, version: HTTP/1.1)
HTTP/1.1 200 OK
Content-Length: 88
Content-Type: application/json; charset=utf-8
cache-control: no-cache

2023-04-27 17:40:40 DEBUG ChannelManager:270 ? Adding key: http://localhost:39107 for channel [id: 0xc56f0077, L:/127.0.0.1:57997 - R:localhost/127.0.0.1:39107]
2023-04-27 17:40:40 DEBUG NettyRequestSender:593 ? Using pooled Channel '[id: 0xc56f0077, L:/127.0.0.1:57997 - R:localhost/127.0.0.1:39107]' for 'POST' to 'http://localhost:39107/session/d6a82f007e0d44828e672bae7e799d05/actions'
2023-04-27 17:40:40 DEBUG NettyRequestSender:251 ? Using open Channel [id: 0xc56f0077, L:/127.0.0.1:57997 - R:localhost/127.0.0.1:39107] for POST '/session/d6a82f007e0d44828e672bae7e799d05/actions'
2023-04-27 17:40:40 DEBUG DefaultChannelPool:348 ? Entry count for : http://localhost:58001 : 1
2023-04-27 17:40:40 DEBUG HttpHandler:70 ? 

Request DefaultHttpRequest(decodeResult: success, version: HTTP/1.1)
POST /session/d6a82f007e0d44828e672bae7e799d05/actions HTTP/1.1
User-Agent: selenium/4.9.0 (java windows)
Content-Length: 567
Content-Type: application/json; charset=utf-8
host: localhost:39107
accept: */*

Response DefaultHttpResponse(decodeResult: success, version: HTTP/1.1)
HTTP/1.1 200 OK
Content-Length: 14
Content-Type: application/json; charset=utf-8
cache-control: no-cache

2023-04-27 17:40:40 DEBUG ChannelManager:270 ? Adding key: http://localhost:39107 for channel [id: 0xc56f0077, L:/127.0.0.1:57997 - R:localhost/127.0.0.1:39107]
2023-04-27 17:40:40 DEBUG NettyRequestSender:593 ? Using pooled Channel '[id: 0xc56f0077, L:/127.0.0.1:57997 - R:localhost/127.0.0.1:39107]' for 'POST' to 'http://localhost:39107/session/d6a82f007e0d44828e672bae7e799d05/element'
2023-04-27 17:40:40 DEBUG NettyRequestSender:251 ? Using open Channel [id: 0xc56f0077, L:/127.0.0.1:57997 - R:localhost/127.0.0.1:39107] for POST '/session/d6a82f007e0d44828e672bae7e799d05/element'
2023-04-27 17:40:41 DEBUG HttpHandler:70 ? 

Request DefaultHttpRequest(decodeResult: success, version: HTTP/1.1)
POST /session/d6a82f007e0d44828e672bae7e799d05/element HTTP/1.1
User-Agent: selenium/4.9.0 (java windows)
Content-Length: 72
Content-Type: application/json; charset=utf-8
host: localhost:39107
accept: */*

Response DefaultHttpResponse(decodeResult: success, version: HTTP/1.1)
HTTP/1.1 200 OK
Content-Length: 88
Content-Type: application/json; charset=utf-8
cache-control: no-cache

2023-04-27 17:40:41 DEBUG ChannelManager:270 ? Adding key: http://localhost:39107 for channel [id: 0xc56f0077, L:/127.0.0.1:57997 - R:localhost/127.0.0.1:39107]
2023-04-27 17:40:41 DEBUG NettyRequestSender:593 ? Using pooled Channel '[id: 0xc56f0077, L:/127.0.0.1:57997 - R:localhost/127.0.0.1:39107]' for 'POST' to 'http://localhost:39107/session/d6a82f007e0d44828e672bae7e799d05/actions'
2023-04-27 17:40:41 DEBUG NettyRequestSender:251 ? Using open Channel [id: 0xc56f0077, L:/127.0.0.1:57997 - R:localhost/127.0.0.1:39107] for POST '/session/d6a82f007e0d44828e672bae7e799d05/actions'
2023-04-27 17:40:41 DEBUG HttpHandler:70 ? 

Request DefaultHttpRequest(decodeResult: success, version: HTTP/1.1)
POST /session/d6a82f007e0d44828e672bae7e799d05/actions HTTP/1.1
User-Agent: selenium/4.9.0 (java windows)
Content-Length: 567
Content-Type: application/json; charset=utf-8
host: localhost:39107
accept: */*

Response DefaultHttpResponse(decodeResult: success, version: HTTP/1.1)
HTTP/1.1 200 OK
Content-Length: 14
Content-Type: application/json; charset=utf-8
cache-control: no-cache

2023-04-27 17:40:41 DEBUG ChannelManager:270 ? Adding key: http://localhost:39107 for channel [id: 0xc56f0077, L:/127.0.0.1:57997 - R:localhost/127.0.0.1:39107]
2023-04-27 17:40:41 DEBUG NettyRequestSender:593 ? Using pooled Channel '[id: 0xc56f0077, L:/127.0.0.1:57997 - R:localhost/127.0.0.1:39107]' for 'POST' to 'http://localhost:39107/session/d6a82f007e0d44828e672bae7e799d05/element'
2023-04-27 17:40:41 DEBUG NettyRequestSender:251 ? Using open Channel [id: 0xc56f0077, L:/127.0.0.1:57997 - R:localhost/127.0.0.1:39107] for POST '/session/d6a82f007e0d44828e672bae7e799d05/element'
2023-04-27 17:40:41 DEBUG HttpHandler:70 ? 

Request DefaultHttpRequest(decodeResult: success, version: HTTP/1.1)
POST /session/d6a82f007e0d44828e672bae7e799d05/element HTTP/1.1
User-Agent: selenium/4.9.0 (java windows)
Content-Length: 71
Content-Type: application/json; charset=utf-8
host: localhost:39107
accept: */*

Response DefaultHttpResponse(decodeResult: success, version: HTTP/1.1)
HTTP/1.1 200 OK
Content-Length: 88
Content-Type: application/json; charset=utf-8
cache-control: no-cache

2023-04-27 17:40:41 DEBUG ChannelManager:270 ? Adding key: http://localhost:39107 for channel [id: 0xc56f0077, L:/127.0.0.1:57997 - R:localhost/127.0.0.1:39107]
2023-04-27 17:40:41 DEBUG NettyRequestSender:593 ? Using pooled Channel '[id: 0xc56f0077, L:/127.0.0.1:57997 - R:localhost/127.0.0.1:39107]' for 'POST' to 'http://localhost:39107/session/d6a82f007e0d44828e672bae7e799d05/actions'
2023-04-27 17:40:41 DEBUG NettyRequestSender:251 ? Using open Channel [id: 0xc56f0077, L:/127.0.0.1:57997 - R:localhost/127.0.0.1:39107] for POST '/session/d6a82f007e0d44828e672bae7e799d05/actions'
2023-04-27 17:40:41 DEBUG HttpHandler:70 ? 

Request DefaultHttpRequest(decodeResult: success, version: HTTP/1.1)
POST /session/d6a82f007e0d44828e672bae7e799d05/actions HTTP/1.1
User-Agent: selenium/4.9.0 (java windows)
Content-Length: 567
Content-Type: application/json; charset=utf-8
host: localhost:39107
accept: */*

Response DefaultHttpResponse(decodeResult: success, version: HTTP/1.1)
HTTP/1.1 200 OK
Content-Length: 14
Content-Type: application/json; charset=utf-8
cache-control: no-cache

2023-04-27 17:40:41 DEBUG ChannelManager:270 ? Adding key: http://localhost:39107 for channel [id: 0xc56f0077, L:/127.0.0.1:57997 - R:localhost/127.0.0.1:39107]
2023-04-27 17:40:41 DEBUG NettyRequestSender:593 ? Using pooled Channel '[id: 0xc56f0077, L:/127.0.0.1:57997 - R:localhost/127.0.0.1:39107]' for 'POST' to 'http://localhost:39107/session/d6a82f007e0d44828e672bae7e799d05/element'
2023-04-27 17:40:41 DEBUG NettyRequestSender:251 ? Using open Channel [id: 0xc56f0077, L:/127.0.0.1:57997 - R:localhost/127.0.0.1:39107] for POST '/session/d6a82f007e0d44828e672bae7e799d05/element'
2023-04-27 17:40:41 DEBUG HttpHandler:70 ? 

Request DefaultHttpRequest(decodeResult: success, version: HTTP/1.1)
POST /session/d6a82f007e0d44828e672bae7e799d05/element HTTP/1.1
User-Agent: selenium/4.9.0 (java windows)
Content-Length: 69
Content-Type: application/json; charset=utf-8
host: localhost:39107
accept: */*

Response DefaultHttpResponse(decodeResult: success, version: HTTP/1.1)
HTTP/1.1 200 OK
Content-Length: 88
Content-Type: application/json; charset=utf-8
cache-control: no-cache

2023-04-27 17:40:41 DEBUG ChannelManager:270 ? Adding key: http://localhost:39107 for channel [id: 0xc56f0077, L:/127.0.0.1:57997 - R:localhost/127.0.0.1:39107]
2023-04-27 17:40:41 DEBUG NettyRequestSender:593 ? Using pooled Channel '[id: 0xc56f0077, L:/127.0.0.1:57997 - R:localhost/127.0.0.1:39107]' for 'POST' to 'http://localhost:39107/session/d6a82f007e0d44828e672bae7e799d05/element/e5af2f9e-660b-4d1d-a496-9b236ca4627f/clear'
2023-04-27 17:40:41 DEBUG NettyRequestSender:251 ? Using open Channel [id: 0xc56f0077, L:/127.0.0.1:57997 - R:localhost/127.0.0.1:39107] for POST '/session/d6a82f007e0d44828e672bae7e799d05/element/e5af2f9e-660b-4d1d-a496-9b236ca4627f/clear'
2023-04-27 17:40:41 DEBUG HttpHandler:70 ? 

Request DefaultHttpRequest(decodeResult: success, version: HTTP/1.1)
POST /session/d6a82f007e0d44828e672bae7e799d05/element/e5af2f9e-660b-4d1d-a496-9b236ca4627f/clear HTTP/1.1
User-Agent: selenium/4.9.0 (java windows)
Content-Length: 50
Content-Type: application/json; charset=utf-8
host: localhost:39107
accept: */*

Response DefaultHttpResponse(decodeResult: success, version: HTTP/1.1)
HTTP/1.1 200 OK
Content-Length: 14
Content-Type: application/json; charset=utf-8
cache-control: no-cache

2023-04-27 17:40:41 DEBUG ChannelManager:270 ? Adding key: http://localhost:39107 for channel [id: 0xc56f0077, L:/127.0.0.1:57997 - R:localhost/127.0.0.1:39107]
2023-04-27 17:40:41 DEBUG NettyRequestSender:593 ? Using pooled Channel '[id: 0xc56f0077, L:/127.0.0.1:57997 - R:localhost/127.0.0.1:39107]' for 'POST' to 'http://localhost:39107/session/d6a82f007e0d44828e672bae7e799d05/element'
2023-04-27 17:40:41 DEBUG NettyRequestSender:251 ? Using open Channel [id: 0xc56f0077, L:/127.0.0.1:57997 - R:localhost/127.0.0.1:39107] for POST '/session/d6a82f007e0d44828e672bae7e799d05/element'
2023-04-27 17:40:41 DEBUG HttpHandler:70 ? 

Request DefaultHttpRequest(decodeResult: success, version: HTTP/1.1)
POST /session/d6a82f007e0d44828e672bae7e799d05/element HTTP/1.1
User-Agent: selenium/4.9.0 (java windows)
Content-Length: 72
Content-Type: application/json; charset=utf-8
host: localhost:39107
accept: */*

Response DefaultHttpResponse(decodeResult: success, version: HTTP/1.1)
HTTP/1.1 200 OK
Content-Length: 88
Content-Type: application/json; charset=utf-8
cache-control: no-cache

2023-04-27 17:40:41 DEBUG ChannelManager:270 ? Adding key: http://localhost:39107 for channel [id: 0xc56f0077, L:/127.0.0.1:57997 - R:localhost/127.0.0.1:39107]
2023-04-27 17:40:41 DEBUG NettyRequestSender:593 ? Using pooled Channel '[id: 0xc56f0077, L:/127.0.0.1:57997 - R:localhost/127.0.0.1:39107]' for 'POST' to 'http://localhost:39107/session/d6a82f007e0d44828e672bae7e799d05/element/7771412b-ba42-49b1-bb7d-6f5eb053733b/clear'
2023-04-27 17:40:41 DEBUG NettyRequestSender:251 ? Using open Channel [id: 0xc56f0077, L:/127.0.0.1:57997 - R:localhost/127.0.0.1:39107] for POST '/session/d6a82f007e0d44828e672bae7e799d05/element/7771412b-ba42-49b1-bb7d-6f5eb053733b/clear'
2023-04-27 17:40:41 DEBUG HttpHandler:70 ? 

Request DefaultHttpRequest(decodeResult: success, version: HTTP/1.1)
POST /session/d6a82f007e0d44828e672bae7e799d05/element/7771412b-ba42-49b1-bb7d-6f5eb053733b/clear HTTP/1.1
User-Agent: selenium/4.9.0 (java windows)
Content-Length: 50
Content-Type: application/json; charset=utf-8
host: localhost:39107
accept: */*

Response DefaultHttpResponse(decodeResult: success, version: HTTP/1.1)
HTTP/1.1 200 OK
Content-Length: 14
Content-Type: application/json; charset=utf-8
cache-control: no-cache

2023-04-27 17:40:41 DEBUG ChannelManager:270 ? Adding key: http://localhost:39107 for channel [id: 0xc56f0077, L:/127.0.0.1:57997 - R:localhost/127.0.0.1:39107]
2023-04-27 17:40:41 DEBUG NettyRequestSender:593 ? Using pooled Channel '[id: 0xc56f0077, L:/127.0.0.1:57997 - R:localhost/127.0.0.1:39107]' for 'DELETE' to 'http://localhost:39107/session/d6a82f007e0d44828e672bae7e799d05'
2023-04-27 17:40:41 DEBUG NettyRequestSender:251 ? Using open Channel [id: 0xc56f0077, L:/127.0.0.1:57997 - R:localhost/127.0.0.1:39107] for DELETE '/session/d6a82f007e0d44828e672bae7e799d05'
2023-04-27 17:40:41 DEBUG WebSocketHandler:126 ? Channel Closed: [id: 0x9bf76240, L:/127.0.0.1:58016 ! R:localhost/127.0.0.1:58001] with attribute NettyResponseFuture{currentRetry=0,
	isDone=1,
	isCancelled=0,
	asyncHandler=org.asynchttpclient.ws.WebSocketUpgradeHandler@77d47a7d,
	nettyRequest=org.asynchttpclient.netty.request.NettyRequest@32d6eae3,
	future=java.util.concurrent.CompletableFuture@2f6f21cd[Completed normally],
	uri=ws://localhost:58001/devtools/browser/51e1b490-9a43-4a00-839b-5613b9149960,
	keepAlive=true,
	redirectCount=0,
	timeoutsHolder=null,
	inAuth=0,
	touch=1682574038234}
2023-04-27 17:40:41 DEBUG ChannelManager:315 ? Closing Channel [id: 0x9bf76240, L:/127.0.0.1:58016 ! R:localhost/127.0.0.1:58001] 
2023-04-27 17:40:41 DEBUG HttpHandler:159 ? Unexpected I/O exception on channel [id: 0x74953be9, L:/127.0.0.1:58015 - R:localhost/127.0.0.1:58001]
java.net.SocketException: Connection reset
	at java.base/sun.nio.ch.SocketChannelImpl.throwConnectionReset(SocketChannelImpl.java:401)
	at java.base/sun.nio.ch.SocketChannelImpl.read(SocketChannelImpl.java:434)
	at io.netty.buffer.PooledByteBuf.setBytes(PooledByteBuf.java:256)
	at io.netty.buffer.AbstractByteBuf.writeBytes(AbstractByteBuf.java:1132)
	at io.netty.channel.socket.nio.NioSocketChannel.doReadBytes(NioSocketChannel.java:357)
	at io.netty.channel.nio.AbstractNioByteChannel$NioByteUnsafe.read(AbstractNioByteChannel.java:151)
	at io.netty.channel.nio.NioEventLoop.processSelectedKey(NioEventLoop.java:788)
	at io.netty.channel.nio.NioEventLoop.processSelectedKeysOptimized(NioEventLoop.java:724)
	at io.netty.channel.nio.NioEventLoop.processSelectedKeys(NioEventLoop.java:650)
	at io.netty.channel.nio.NioEventLoop.run(NioEventLoop.java:562)
	at io.netty.util.concurrent.SingleThreadEventExecutor$4.run(SingleThreadEventExecutor.java:997)
	at io.netty.util.internal.ThreadExecutorMap$2.run(ThreadExecutorMap.java:74)
	at io.netty.util.concurrent.FastThreadLocalRunnable.run(FastThreadLocalRunnable.java:30)
	at java.base/java.lang.Thread.run(Thread.java:1589)
2023-04-27 17:40:41 DEBUG ChannelManager:315 ? Closing Channel [id: 0x74953be9, L:/127.0.0.1:58015 - R:localhost/127.0.0.1:58001] 
2023-04-27 17:40:41 DEBUG HttpHandler:126 ? Channel Closed: [id: 0x74953be9, L:/127.0.0.1:58015 ! R:localhost/127.0.0.1:58001] with attribute DISCARD
2023-04-27 17:40:41 DEBUG HttpHandler:70 ? 

Request DefaultFullHttpRequest(decodeResult: success, version: HTTP/1.1, content: EmptyByteBufBE)
DELETE /session/d6a82f007e0d44828e672bae7e799d05 HTTP/1.1
User-Agent: selenium/4.9.0 (java windows)
Content-Type: application/json; charset=utf-8
host: localhost:39107
accept: */*

Response DefaultHttpResponse(decodeResult: success, version: HTTP/1.1)
HTTP/1.1 200 OK
Content-Length: 14
Content-Type: application/json; charset=utf-8
cache-control: no-cache

2023-04-27 17:40:41 DEBUG ChannelManager:270 ? Adding key: http://localhost:39107 for channel [id: 0xc56f0077, L:/127.0.0.1:57997 - R:localhost/127.0.0.1:39107]
2023-04-27 17:40:41 DEBUG HttpHandler:126 ? Channel Closed: [id: 0xc56f0077, L:/127.0.0.1:57997 ! R:localhost/127.0.0.1:39107] with attribute DISCARD
2023-04-27 17:40:41 DEBUG NettyConnectListener:73 ? Using new Channel '[id: 0xcf9ab9ef, L:/127.0.0.1:58042 - R:localhost/127.0.0.1:41127]' for 'POST' to '/session'
2023-04-27 17:40:41 DEBUG DefaultChannelPool:348 ? Entry count for : http://localhost:39107 : 1
2023-04-27 17:40:41 DEBUG DefaultChannelPool:348 ? Entry count for : http://localhost:58001 : 1
2023-04-27 17:40:41 DEBUG DefaultChannelPool:302 ? Adding Candidate expired Channel [id: 0xc56f0077, L:/127.0.0.1:57997 ! R:localhost/127.0.0.1:39107] isIdleTimeoutExpired=false isRemotelyClosed=true isTtlExpired=false
2023-04-27 17:40:41 DEBUG DefaultChannelPool:321 ? Closing Idle Channel [id: 0xc56f0077, L:/127.0.0.1:57997 ! R:localhost/127.0.0.1:39107]
2023-04-27 17:40:41 DEBUG DefaultChannelPool:302 ? Adding Candidate expired Channel [id: 0x74953be9, L:/127.0.0.1:58015 ! R:localhost/127.0.0.1:58001] isIdleTimeoutExpired=false isRemotelyClosed=true isTtlExpired=false
2023-04-27 17:40:41 DEBUG DefaultChannelPool:321 ? Closing Idle Channel [id: 0x74953be9, L:/127.0.0.1:58015 ! R:localhost/127.0.0.1:58001]
2023-04-27 17:40:41 DEBUG DefaultChannelPool:374 ? Closed 2 connections out of 2 in 1 ms
2023-04-27 17:40:43 DEBUG HttpHandler:70 ? 

Request DefaultHttpRequest(decodeResult: success, version: HTTP/1.1)
POST /session HTTP/1.1
User-Agent: selenium/4.9.0 (java windows)
Content-Length: 254
Content-Type: application/json; charset=utf-8
host: localhost:41127
accept: */*

Response DefaultHttpResponse(decodeResult: success, version: HTTP/1.1)
HTTP/1.1 200 OK
Content-Length: 859
Content-Type: application/json; charset=utf-8
cache-control: no-cache

2023-04-27 17:40:43 DEBUG ChannelManager:270 ? Adding key: http://localhost:41127 for channel [id: 0xcf9ab9ef, L:/127.0.0.1:58042 - R:localhost/127.0.0.1:41127]
2023-04-27 17:40:43 DEBUG DefaultChannelPool:348 ? Entry count for : http://localhost:41127 : 1
2023-04-27 17:40:43 DEBUG NettyConnectListener:73 ? Using new Channel '[id: 0xd1775702, L:/127.0.0.1:58067 - R:localhost/127.0.0.1:58050]' for 'GET' to '/json/version'
2023-04-27 17:40:43 DEBUG HttpHandler:70 ? 

Request DefaultFullHttpRequest(decodeResult: success, version: HTTP/1.1, content: EmptyByteBufBE)
GET /json/version HTTP/1.1
User-Agent: selenium/4.9.0 (java windows)
host: localhost:58050
accept: */*

Response DefaultHttpResponse(decodeResult: success, version: HTTP/1.1)
HTTP/1.1 200 OK
Content-Security-Policy: frame-ancestors 'none'
Content-Length: 424
Content-Type: application/json; charset=UTF-8

2023-04-27 17:40:43 DEBUG ChannelManager:270 ? Adding key: http://localhost:58050 for channel [id: 0xd1775702, L:/127.0.0.1:58067 - R:localhost/127.0.0.1:58050]
2023-04-27 17:40:43 DEBUG NettyConnectListener:73 ? Using new Channel '[id: 0xdb2c2cc2, L:/127.0.0.1:58068 - R:localhost/127.0.0.1:58050]' for 'GET' to '/devtools/browser/424bacf8-6794-4d3e-be53-94cc07a86228'
2023-04-27 17:40:43 DEBUG WebSocketHandler:105 ? 

Request DefaultFullHttpRequest(decodeResult: success, version: HTTP/1.1, content: EmptyByteBufBE)
GET /devtools/browser/424bacf8-6794-4d3e-be53-94cc07a86228 HTTP/1.1
upgrade: websocket
connection: upgrade
sec-websocket-key: lOZl/jm7eL//akMc2x2FBg==
sec-websocket-version: 13
origin: http://localhost:58050
host: localhost:58050
accept: */*
user-agent: AHC/2.1

Response DefaultHttpResponse(decodeResult: success, version: HTTP/1.1)
HTTP/1.1 101 WebSocket Protocol Handshake
Upgrade: WebSocket
Connection: Upgrade
Sec-WebSocket-Accept: K56nBUk/032P2lGKXN3qCV3Txow=

2023-04-27 17:40:43 DEBUG NettyRequestSender:593 ? Using pooled Channel '[id: 0xcf9ab9ef, L:/127.0.0.1:58042 - R:localhost/127.0.0.1:41127]' for 'POST' to 'http://localhost:41127/session/c32f6927a313629002426b6b1a68ac01/window/maximize'
2023-04-27 17:40:43 DEBUG NettyRequestSender:251 ? Using open Channel [id: 0xcf9ab9ef, L:/127.0.0.1:58042 - R:localhost/127.0.0.1:41127] for POST '/session/c32f6927a313629002426b6b1a68ac01/window/maximize'
2023-04-27 17:40:43 DEBUG HttpHandler:70 ? 

Request DefaultHttpRequest(decodeResult: success, version: HTTP/1.1)
POST /session/c32f6927a313629002426b6b1a68ac01/window/maximize HTTP/1.1
User-Agent: selenium/4.9.0 (java windows)
Content-Length: 3
Content-Type: application/json; charset=utf-8
host: localhost:41127
accept: */*

Response DefaultHttpResponse(decodeResult: success, version: HTTP/1.1)
HTTP/1.1 200 OK
Content-Length: 52
Content-Type: application/json; charset=utf-8
cache-control: no-cache

2023-04-27 17:40:43 DEBUG ChannelManager:270 ? Adding key: http://localhost:41127 for channel [id: 0xcf9ab9ef, L:/127.0.0.1:58042 - R:localhost/127.0.0.1:41127]
2023-04-27 17:40:43 DEBUG NettyRequestSender:593 ? Using pooled Channel '[id: 0xcf9ab9ef, L:/127.0.0.1:58042 - R:localhost/127.0.0.1:41127]' for 'POST' to 'http://localhost:41127/session/c32f6927a313629002426b6b1a68ac01/timeouts'
2023-04-27 17:40:43 DEBUG NettyRequestSender:251 ? Using open Channel [id: 0xcf9ab9ef, L:/127.0.0.1:58042 - R:localhost/127.0.0.1:41127] for POST '/session/c32f6927a313629002426b6b1a68ac01/timeouts'
2023-04-27 17:40:43 DEBUG HttpHandler:70 ? 

Request DefaultHttpRequest(decodeResult: success, version: HTTP/1.1)
POST /session/c32f6927a313629002426b6b1a68ac01/timeouts HTTP/1.1
User-Agent: selenium/4.9.0 (java windows)
Content-Length: 23
Content-Type: application/json; charset=utf-8
host: localhost:41127
accept: */*

Response DefaultHttpResponse(decodeResult: success, version: HTTP/1.1)
HTTP/1.1 200 OK
Content-Length: 14
Content-Type: application/json; charset=utf-8
cache-control: no-cache

2023-04-27 17:40:43 DEBUG ChannelManager:270 ? Adding key: http://localhost:41127 for channel [id: 0xcf9ab9ef, L:/127.0.0.1:58042 - R:localhost/127.0.0.1:41127]
2023-04-27 17:40:43 DEBUG NettyRequestSender:593 ? Using pooled Channel '[id: 0xcf9ab9ef, L:/127.0.0.1:58042 - R:localhost/127.0.0.1:41127]' for 'POST' to 'http://localhost:41127/session/c32f6927a313629002426b6b1a68ac01/url'
2023-04-27 17:40:43 DEBUG NettyRequestSender:251 ? Using open Channel [id: 0xcf9ab9ef, L:/127.0.0.1:58042 - R:localhost/127.0.0.1:41127] for POST '/session/c32f6927a313629002426b6b1a68ac01/url'
2023-04-27 17:40:44 DEBUG DefaultChannelPool:348 ? Entry count for : http://localhost:58050 : 1
2023-04-27 17:40:44 DEBUG HttpHandler:70 ? 

Request DefaultHttpRequest(decodeResult: success, version: HTTP/1.1)
POST /session/c32f6927a313629002426b6b1a68ac01/url HTTP/1.1
User-Agent: selenium/4.9.0 (java windows)
Content-Length: 59
Content-Type: application/json; charset=utf-8
host: localhost:41127
accept: */*

Response DefaultHttpResponse(decodeResult: success, version: HTTP/1.1)
HTTP/1.1 200 OK
Content-Length: 14
Content-Type: application/json; charset=utf-8
cache-control: no-cache

2023-04-27 17:40:44 DEBUG ChannelManager:270 ? Adding key: http://localhost:41127 for channel [id: 0xcf9ab9ef, L:/127.0.0.1:58042 - R:localhost/127.0.0.1:41127]
2023-04-27 17:40:44 DEBUG NettyRequestSender:593 ? Using pooled Channel '[id: 0xcf9ab9ef, L:/127.0.0.1:58042 - R:localhost/127.0.0.1:41127]' for 'POST' to 'http://localhost:41127/session/c32f6927a313629002426b6b1a68ac01/element'
2023-04-27 17:40:44 DEBUG NettyRequestSender:251 ? Using open Channel [id: 0xcf9ab9ef, L:/127.0.0.1:58042 - R:localhost/127.0.0.1:41127] for POST '/session/c32f6927a313629002426b6b1a68ac01/element'
2023-04-27 17:40:44 DEBUG HttpHandler:70 ? 

Request DefaultHttpRequest(decodeResult: success, version: HTTP/1.1)
POST /session/c32f6927a313629002426b6b1a68ac01/element HTTP/1.1
User-Agent: selenium/4.9.0 (java windows)
Content-Length: 72
Content-Type: application/json; charset=utf-8
host: localhost:41127
accept: */*

Response DefaultHttpResponse(decodeResult: success, version: HTTP/1.1)
HTTP/1.1 200 OK
Content-Length: 88
Content-Type: application/json; charset=utf-8
cache-control: no-cache

2023-04-27 17:40:44 DEBUG ChannelManager:270 ? Adding key: http://localhost:41127 for channel [id: 0xcf9ab9ef, L:/127.0.0.1:58042 - R:localhost/127.0.0.1:41127]
2023-04-27 17:40:44 DEBUG NettyRequestSender:593 ? Using pooled Channel '[id: 0xcf9ab9ef, L:/127.0.0.1:58042 - R:localhost/127.0.0.1:41127]' for 'POST' to 'http://localhost:41127/session/c32f6927a313629002426b6b1a68ac01/execute/sync'
2023-04-27 17:40:44 DEBUG NettyRequestSender:251 ? Using open Channel [id: 0xcf9ab9ef, L:/127.0.0.1:58042 - R:localhost/127.0.0.1:41127] for POST '/session/c32f6927a313629002426b6b1a68ac01/execute/sync'
2023-04-27 17:40:44 DEBUG HttpHandler:70 ? 

Request DefaultHttpRequest(decodeResult: success, version: HTTP/1.1)
POST /session/c32f6927a313629002426b6b1a68ac01/execute/sync HTTP/1.1
User-Agent: selenium/4.9.0 (java windows)
Content-Length: 48807
Content-Type: application/json; charset=utf-8
host: localhost:41127
accept: */*

Response DefaultHttpResponse(decodeResult: success, version: HTTP/1.1)
HTTP/1.1 200 OK
Content-Length: 14
Content-Type: application/json; charset=utf-8
cache-control: no-cache

2023-04-27 17:40:44 DEBUG ChannelManager:270 ? Adding key: http://localhost:41127 for channel [id: 0xcf9ab9ef, L:/127.0.0.1:58042 - R:localhost/127.0.0.1:41127]
2023-04-27 17:40:44 DEBUG NettyRequestSender:593 ? Using pooled Channel '[id: 0xcf9ab9ef, L:/127.0.0.1:58042 - R:localhost/127.0.0.1:41127]' for 'POST' to 'http://localhost:41127/session/c32f6927a313629002426b6b1a68ac01/element'
2023-04-27 17:40:44 DEBUG NettyRequestSender:251 ? Using open Channel [id: 0xcf9ab9ef, L:/127.0.0.1:58042 - R:localhost/127.0.0.1:41127] for POST '/session/c32f6927a313629002426b6b1a68ac01/element'
2023-04-27 17:40:44 DEBUG HttpHandler:70 ? 

Request DefaultHttpRequest(decodeResult: success, version: HTTP/1.1)
POST /session/c32f6927a313629002426b6b1a68ac01/element HTTP/1.1
User-Agent: selenium/4.9.0 (java windows)
Content-Length: 69
Content-Type: application/json; charset=utf-8
host: localhost:41127
accept: */*

Response DefaultHttpResponse(decodeResult: success, version: HTTP/1.1)
HTTP/1.1 200 OK
Content-Length: 88
Content-Type: application/json; charset=utf-8
cache-control: no-cache

2023-04-27 17:40:44 DEBUG ChannelManager:270 ? Adding key: http://localhost:41127 for channel [id: 0xcf9ab9ef, L:/127.0.0.1:58042 - R:localhost/127.0.0.1:41127]
2023-04-27 17:40:44 DEBUG NettyRequestSender:593 ? Using pooled Channel '[id: 0xcf9ab9ef, L:/127.0.0.1:58042 - R:localhost/127.0.0.1:41127]' for 'POST' to 'http://localhost:41127/session/c32f6927a313629002426b6b1a68ac01/execute/sync'
2023-04-27 17:40:44 DEBUG NettyRequestSender:251 ? Using open Channel [id: 0xcf9ab9ef, L:/127.0.0.1:58042 - R:localhost/127.0.0.1:41127] for POST '/session/c32f6927a313629002426b6b1a68ac01/execute/sync'
2023-04-27 17:40:44 DEBUG HttpHandler:70 ? 

Request DefaultHttpRequest(decodeResult: success, version: HTTP/1.1)
POST /session/c32f6927a313629002426b6b1a68ac01/execute/sync HTTP/1.1
User-Agent: selenium/4.9.0 (java windows)
Content-Length: 48807
Content-Type: application/json; charset=utf-8
host: localhost:41127
accept: */*

Response DefaultHttpResponse(decodeResult: success, version: HTTP/1.1)
HTTP/1.1 200 OK
Content-Length: 14
Content-Type: application/json; charset=utf-8
cache-control: no-cache

2023-04-27 17:40:44 DEBUG ChannelManager:270 ? Adding key: http://localhost:41127 for channel [id: 0xcf9ab9ef, L:/127.0.0.1:58042 - R:localhost/127.0.0.1:41127]
2023-04-27 17:40:44 DEBUG NettyRequestSender:593 ? Using pooled Channel '[id: 0xcf9ab9ef, L:/127.0.0.1:58042 - R:localhost/127.0.0.1:41127]' for 'POST' to 'http://localhost:41127/session/c32f6927a313629002426b6b1a68ac01/element'
2023-04-27 17:40:44 DEBUG NettyRequestSender:251 ? Using open Channel [id: 0xcf9ab9ef, L:/127.0.0.1:58042 - R:localhost/127.0.0.1:41127] for POST '/session/c32f6927a313629002426b6b1a68ac01/element'
2023-04-27 17:40:44 DEBUG HttpHandler:70 ? 

Request DefaultHttpRequest(decodeResult: success, version: HTTP/1.1)
POST /session/c32f6927a313629002426b6b1a68ac01/element HTTP/1.1
User-Agent: selenium/4.9.0 (java windows)
Content-Length: 71
Content-Type: application/json; charset=utf-8
host: localhost:41127
accept: */*

Response DefaultHttpResponse(decodeResult: success, version: HTTP/1.1)
HTTP/1.1 200 OK
Content-Length: 88
Content-Type: application/json; charset=utf-8
cache-control: no-cache

2023-04-27 17:40:44 DEBUG ChannelManager:270 ? Adding key: http://localhost:41127 for channel [id: 0xcf9ab9ef, L:/127.0.0.1:58042 - R:localhost/127.0.0.1:41127]
2023-04-27 17:40:44 DEBUG NettyRequestSender:593 ? Using pooled Channel '[id: 0xcf9ab9ef, L:/127.0.0.1:58042 - R:localhost/127.0.0.1:41127]' for 'POST' to 'http://localhost:41127/session/c32f6927a313629002426b6b1a68ac01/execute/sync'
2023-04-27 17:40:44 DEBUG NettyRequestSender:251 ? Using open Channel [id: 0xcf9ab9ef, L:/127.0.0.1:58042 - R:localhost/127.0.0.1:41127] for POST '/session/c32f6927a313629002426b6b1a68ac01/execute/sync'
2023-04-27 17:40:44 DEBUG HttpHandler:70 ? 

Request DefaultHttpRequest(decodeResult: success, version: HTTP/1.1)
POST /session/c32f6927a313629002426b6b1a68ac01/execute/sync HTTP/1.1
User-Agent: selenium/4.9.0 (java windows)
Content-Length: 48807
Content-Type: application/json; charset=utf-8
host: localhost:41127
accept: */*

Response DefaultHttpResponse(decodeResult: success, version: HTTP/1.1)
HTTP/1.1 200 OK
Content-Length: 14
Content-Type: application/json; charset=utf-8
cache-control: no-cache

2023-04-27 17:40:44 DEBUG ChannelManager:270 ? Adding key: http://localhost:41127 for channel [id: 0xcf9ab9ef, L:/127.0.0.1:58042 - R:localhost/127.0.0.1:41127]
2023-04-27 17:40:44 DEBUG NettyRequestSender:593 ? Using pooled Channel '[id: 0xcf9ab9ef, L:/127.0.0.1:58042 - R:localhost/127.0.0.1:41127]' for 'POST' to 'http://localhost:41127/session/c32f6927a313629002426b6b1a68ac01/element'
2023-04-27 17:40:44 DEBUG NettyRequestSender:251 ? Using open Channel [id: 0xcf9ab9ef, L:/127.0.0.1:58042 - R:localhost/127.0.0.1:41127] for POST '/session/c32f6927a313629002426b6b1a68ac01/element'
2023-04-27 17:40:44 DEBUG HttpHandler:70 ? 

Request DefaultHttpRequest(decodeResult: success, version: HTTP/1.1)
POST /session/c32f6927a313629002426b6b1a68ac01/element HTTP/1.1
User-Agent: selenium/4.9.0 (java windows)
Content-Length: 72
Content-Type: application/json; charset=utf-8
host: localhost:41127
accept: */*

Response DefaultHttpResponse(decodeResult: success, version: HTTP/1.1)
HTTP/1.1 200 OK
Content-Length: 88
Content-Type: application/json; charset=utf-8
cache-control: no-cache

2023-04-27 17:40:44 DEBUG ChannelManager:270 ? Adding key: http://localhost:41127 for channel [id: 0xcf9ab9ef, L:/127.0.0.1:58042 - R:localhost/127.0.0.1:41127]
2023-04-27 17:40:44 DEBUG NettyRequestSender:593 ? Using pooled Channel '[id: 0xcf9ab9ef, L:/127.0.0.1:58042 - R:localhost/127.0.0.1:41127]' for 'POST' to 'http://localhost:41127/session/c32f6927a313629002426b6b1a68ac01/execute/sync'
2023-04-27 17:40:44 DEBUG NettyRequestSender:251 ? Using open Channel [id: 0xcf9ab9ef, L:/127.0.0.1:58042 - R:localhost/127.0.0.1:41127] for POST '/session/c32f6927a313629002426b6b1a68ac01/execute/sync'
2023-04-27 17:40:44 DEBUG HttpHandler:70 ? 

Request DefaultHttpRequest(decodeResult: success, version: HTTP/1.1)
POST /session/c32f6927a313629002426b6b1a68ac01/execute/sync HTTP/1.1
User-Agent: selenium/4.9.0 (java windows)
Content-Length: 48807
Content-Type: application/json; charset=utf-8
host: localhost:41127
accept: */*

Response DefaultHttpResponse(decodeResult: success, version: HTTP/1.1)
HTTP/1.1 200 OK
Content-Length: 14
Content-Type: application/json; charset=utf-8
cache-control: no-cache

2023-04-27 17:40:44 DEBUG ChannelManager:270 ? Adding key: http://localhost:41127 for channel [id: 0xcf9ab9ef, L:/127.0.0.1:58042 - R:localhost/127.0.0.1:41127]
2023-04-27 17:40:44 DEBUG NettyRequestSender:593 ? Using pooled Channel '[id: 0xcf9ab9ef, L:/127.0.0.1:58042 - R:localhost/127.0.0.1:41127]' for 'POST' to 'http://localhost:41127/session/c32f6927a313629002426b6b1a68ac01/element'
2023-04-27 17:40:44 DEBUG NettyRequestSender:251 ? Using open Channel [id: 0xcf9ab9ef, L:/127.0.0.1:58042 - R:localhost/127.0.0.1:41127] for POST '/session/c32f6927a313629002426b6b1a68ac01/element'
2023-04-27 17:40:44 DEBUG HttpHandler:70 ? 

Request DefaultHttpRequest(decodeResult: success, version: HTTP/1.1)
POST /session/c32f6927a313629002426b6b1a68ac01/element HTTP/1.1
User-Agent: selenium/4.9.0 (java windows)
Content-Length: 69
Content-Type: application/json; charset=utf-8
host: localhost:41127
accept: */*

Response DefaultHttpResponse(decodeResult: success, version: HTTP/1.1)
HTTP/1.1 200 OK
Content-Length: 88
Content-Type: application/json; charset=utf-8
cache-control: no-cache

2023-04-27 17:40:44 DEBUG ChannelManager:270 ? Adding key: http://localhost:41127 for channel [id: 0xcf9ab9ef, L:/127.0.0.1:58042 - R:localhost/127.0.0.1:41127]
2023-04-27 17:40:44 DEBUG NettyRequestSender:593 ? Using pooled Channel '[id: 0xcf9ab9ef, L:/127.0.0.1:58042 - R:localhost/127.0.0.1:41127]' for 'POST' to 'http://localhost:41127/session/c32f6927a313629002426b6b1a68ac01/execute/sync'
2023-04-27 17:40:44 DEBUG NettyRequestSender:251 ? Using open Channel [id: 0xcf9ab9ef, L:/127.0.0.1:58042 - R:localhost/127.0.0.1:41127] for POST '/session/c32f6927a313629002426b6b1a68ac01/execute/sync'
2023-04-27 17:40:44 DEBUG HttpHandler:70 ? 

Request DefaultHttpRequest(decodeResult: success, version: HTTP/1.1)
POST /session/c32f6927a313629002426b6b1a68ac01/execute/sync HTTP/1.1
User-Agent: selenium/4.9.0 (java windows)
Content-Length: 48807
Content-Type: application/json; charset=utf-8
host: localhost:41127
accept: */*

Response DefaultHttpResponse(decodeResult: success, version: HTTP/1.1)
HTTP/1.1 200 OK
Content-Length: 14
Content-Type: application/json; charset=utf-8
cache-control: no-cache

2023-04-27 17:40:44 DEBUG ChannelManager:270 ? Adding key: http://localhost:41127 for channel [id: 0xcf9ab9ef, L:/127.0.0.1:58042 - R:localhost/127.0.0.1:41127]
2023-04-27 17:40:44 DEBUG NettyRequestSender:593 ? Using pooled Channel '[id: 0xcf9ab9ef, L:/127.0.0.1:58042 - R:localhost/127.0.0.1:41127]' for 'POST' to 'http://localhost:41127/session/c32f6927a313629002426b6b1a68ac01/element'
2023-04-27 17:40:44 DEBUG NettyRequestSender:251 ? Using open Channel [id: 0xcf9ab9ef, L:/127.0.0.1:58042 - R:localhost/127.0.0.1:41127] for POST '/session/c32f6927a313629002426b6b1a68ac01/element'
2023-04-27 17:40:44 DEBUG HttpHandler:70 ? 

Request DefaultHttpRequest(decodeResult: success, version: HTTP/1.1)
POST /session/c32f6927a313629002426b6b1a68ac01/element HTTP/1.1
User-Agent: selenium/4.9.0 (java windows)
Content-Length: 71
Content-Type: application/json; charset=utf-8
host: localhost:41127
accept: */*

Response DefaultHttpResponse(decodeResult: success, version: HTTP/1.1)
HTTP/1.1 200 OK
Content-Length: 88
Content-Type: application/json; charset=utf-8
cache-control: no-cache

2023-04-27 17:40:44 DEBUG ChannelManager:270 ? Adding key: http://localhost:41127 for channel [id: 0xcf9ab9ef, L:/127.0.0.1:58042 - R:localhost/127.0.0.1:41127]
2023-04-27 17:40:44 DEBUG NettyRequestSender:593 ? Using pooled Channel '[id: 0xcf9ab9ef, L:/127.0.0.1:58042 - R:localhost/127.0.0.1:41127]' for 'POST' to 'http://localhost:41127/session/c32f6927a313629002426b6b1a68ac01/execute/sync'
2023-04-27 17:40:44 DEBUG NettyRequestSender:251 ? Using open Channel [id: 0xcf9ab9ef, L:/127.0.0.1:58042 - R:localhost/127.0.0.1:41127] for POST '/session/c32f6927a313629002426b6b1a68ac01/execute/sync'
2023-04-27 17:40:44 DEBUG HttpHandler:70 ? 

Request DefaultHttpRequest(decodeResult: success, version: HTTP/1.1)
POST /session/c32f6927a313629002426b6b1a68ac01/execute/sync HTTP/1.1
User-Agent: selenium/4.9.0 (java windows)
Content-Length: 48807
Content-Type: application/json; charset=utf-8
host: localhost:41127
accept: */*

Response DefaultHttpResponse(decodeResult: success, version: HTTP/1.1)
HTTP/1.1 200 OK
Content-Length: 14
Content-Type: application/json; charset=utf-8
cache-control: no-cache

2023-04-27 17:40:44 DEBUG ChannelManager:270 ? Adding key: http://localhost:41127 for channel [id: 0xcf9ab9ef, L:/127.0.0.1:58042 - R:localhost/127.0.0.1:41127]
2023-04-27 17:40:44 DEBUG NettyRequestSender:593 ? Using pooled Channel '[id: 0xcf9ab9ef, L:/127.0.0.1:58042 - R:localhost/127.0.0.1:41127]' for 'POST' to 'http://localhost:41127/session/c32f6927a313629002426b6b1a68ac01/element'
2023-04-27 17:40:44 DEBUG NettyRequestSender:251 ? Using open Channel [id: 0xcf9ab9ef, L:/127.0.0.1:58042 - R:localhost/127.0.0.1:41127] for POST '/session/c32f6927a313629002426b6b1a68ac01/element'
2023-04-27 17:40:44 DEBUG HttpHandler:70 ? 

Request DefaultHttpRequest(decodeResult: success, version: HTTP/1.1)
POST /session/c32f6927a313629002426b6b1a68ac01/element HTTP/1.1
User-Agent: selenium/4.9.0 (java windows)
Content-Length: 69
Content-Type: application/json; charset=utf-8
host: localhost:41127
accept: */*

Response DefaultHttpResponse(decodeResult: success, version: HTTP/1.1)
HTTP/1.1 200 OK
Content-Length: 88
Content-Type: application/json; charset=utf-8
cache-control: no-cache

2023-04-27 17:40:44 DEBUG ChannelManager:270 ? Adding key: http://localhost:41127 for channel [id: 0xcf9ab9ef, L:/127.0.0.1:58042 - R:localhost/127.0.0.1:41127]
2023-04-27 17:40:44 DEBUG NettyRequestSender:593 ? Using pooled Channel '[id: 0xcf9ab9ef, L:/127.0.0.1:58042 - R:localhost/127.0.0.1:41127]' for 'POST' to 'http://localhost:41127/session/c32f6927a313629002426b6b1a68ac01/actions'
2023-04-27 17:40:44 DEBUG NettyRequestSender:251 ? Using open Channel [id: 0xcf9ab9ef, L:/127.0.0.1:58042 - R:localhost/127.0.0.1:41127] for POST '/session/c32f6927a313629002426b6b1a68ac01/actions'
2023-04-27 17:40:44 DEBUG HttpHandler:70 ? 

Request DefaultHttpRequest(decodeResult: success, version: HTTP/1.1)
POST /session/c32f6927a313629002426b6b1a68ac01/actions HTTP/1.1
User-Agent: selenium/4.9.0 (java windows)
Content-Length: 2027
Content-Type: application/json; charset=utf-8
host: localhost:41127
accept: */*

Response DefaultHttpResponse(decodeResult: success, version: HTTP/1.1)
HTTP/1.1 200 OK
Content-Length: 14
Content-Type: application/json; charset=utf-8
cache-control: no-cache

2023-04-27 17:40:44 DEBUG ChannelManager:270 ? Adding key: http://localhost:41127 for channel [id: 0xcf9ab9ef, L:/127.0.0.1:58042 - R:localhost/127.0.0.1:41127]
2023-04-27 17:40:44 DEBUG NettyRequestSender:593 ? Using pooled Channel '[id: 0xcf9ab9ef, L:/127.0.0.1:58042 - R:localhost/127.0.0.1:41127]' for 'POST' to 'http://localhost:41127/session/c32f6927a313629002426b6b1a68ac01/element'
2023-04-27 17:40:44 DEBUG NettyRequestSender:251 ? Using open Channel [id: 0xcf9ab9ef, L:/127.0.0.1:58042 - R:localhost/127.0.0.1:41127] for POST '/session/c32f6927a313629002426b6b1a68ac01/element'
2023-04-27 17:40:44 DEBUG HttpHandler:70 ? 

Request DefaultHttpRequest(decodeResult: success, version: HTTP/1.1)
POST /session/c32f6927a313629002426b6b1a68ac01/element HTTP/1.1
User-Agent: selenium/4.9.0 (java windows)
Content-Length: 72
Content-Type: application/json; charset=utf-8
host: localhost:41127
accept: */*

Response DefaultHttpResponse(decodeResult: success, version: HTTP/1.1)
HTTP/1.1 200 OK
Content-Length: 88
Content-Type: application/json; charset=utf-8
cache-control: no-cache

2023-04-27 17:40:44 DEBUG ChannelManager:270 ? Adding key: http://localhost:41127 for channel [id: 0xcf9ab9ef, L:/127.0.0.1:58042 - R:localhost/127.0.0.1:41127]
2023-04-27 17:40:44 DEBUG NettyRequestSender:593 ? Using pooled Channel '[id: 0xcf9ab9ef, L:/127.0.0.1:58042 - R:localhost/127.0.0.1:41127]' for 'POST' to 'http://localhost:41127/session/c32f6927a313629002426b6b1a68ac01/actions'
2023-04-27 17:40:44 DEBUG NettyRequestSender:251 ? Using open Channel [id: 0xcf9ab9ef, L:/127.0.0.1:58042 - R:localhost/127.0.0.1:41127] for POST '/session/c32f6927a313629002426b6b1a68ac01/actions'
2023-04-27 17:40:44 DEBUG HttpHandler:70 ? 

Request DefaultHttpRequest(decodeResult: success, version: HTTP/1.1)
POST /session/c32f6927a313629002426b6b1a68ac01/actions HTTP/1.1
User-Agent: selenium/4.9.0 (java windows)
Content-Length: 3467
Content-Type: application/json; charset=utf-8
host: localhost:41127
accept: */*

Response DefaultHttpResponse(decodeResult: success, version: HTTP/1.1)
HTTP/1.1 200 OK
Content-Length: 14
Content-Type: application/json; charset=utf-8
cache-control: no-cache

2023-04-27 17:40:44 DEBUG ChannelManager:270 ? Adding key: http://localhost:41127 for channel [id: 0xcf9ab9ef, L:/127.0.0.1:58042 - R:localhost/127.0.0.1:41127]
2023-04-27 17:40:44 DEBUG NettyRequestSender:593 ? Using pooled Channel '[id: 0xcf9ab9ef, L:/127.0.0.1:58042 - R:localhost/127.0.0.1:41127]' for 'POST' to 'http://localhost:41127/session/c32f6927a313629002426b6b1a68ac01/element'
2023-04-27 17:40:44 DEBUG NettyRequestSender:251 ? Using open Channel [id: 0xcf9ab9ef, L:/127.0.0.1:58042 - R:localhost/127.0.0.1:41127] for POST '/session/c32f6927a313629002426b6b1a68ac01/element'
2023-04-27 17:40:44 DEBUG HttpHandler:70 ? 

Request DefaultHttpRequest(decodeResult: success, version: HTTP/1.1)
POST /session/c32f6927a313629002426b6b1a68ac01/element HTTP/1.1
User-Agent: selenium/4.9.0 (java windows)
Content-Length: 71
Content-Type: application/json; charset=utf-8
host: localhost:41127
accept: */*

Response DefaultHttpResponse(decodeResult: success, version: HTTP/1.1)
HTTP/1.1 200 OK
Content-Length: 88
Content-Type: application/json; charset=utf-8
cache-control: no-cache

2023-04-27 17:40:44 DEBUG ChannelManager:270 ? Adding key: http://localhost:41127 for channel [id: 0xcf9ab9ef, L:/127.0.0.1:58042 - R:localhost/127.0.0.1:41127]
2023-04-27 17:40:44 DEBUG NettyRequestSender:593 ? Using pooled Channel '[id: 0xcf9ab9ef, L:/127.0.0.1:58042 - R:localhost/127.0.0.1:41127]' for 'POST' to 'http://localhost:41127/session/c32f6927a313629002426b6b1a68ac01/actions'
2023-04-27 17:40:44 DEBUG NettyRequestSender:251 ? Using open Channel [id: 0xcf9ab9ef, L:/127.0.0.1:58042 - R:localhost/127.0.0.1:41127] for POST '/session/c32f6927a313629002426b6b1a68ac01/actions'
2023-04-27 17:40:45 DEBUG HttpHandler:70 ? 

Request DefaultHttpRequest(decodeResult: success, version: HTTP/1.1)
POST /session/c32f6927a313629002426b6b1a68ac01/actions HTTP/1.1
User-Agent: selenium/4.9.0 (java windows)
Content-Length: 567
Content-Type: application/json; charset=utf-8
host: localhost:41127
accept: */*

Response DefaultHttpResponse(decodeResult: success, version: HTTP/1.1)
HTTP/1.1 200 OK
Content-Length: 14
Content-Type: application/json; charset=utf-8
cache-control: no-cache

2023-04-27 17:40:45 DEBUG ChannelManager:270 ? Adding key: http://localhost:41127 for channel [id: 0xcf9ab9ef, L:/127.0.0.1:58042 - R:localhost/127.0.0.1:41127]
2023-04-27 17:40:45 DEBUG NettyRequestSender:593 ? Using pooled Channel '[id: 0xcf9ab9ef, L:/127.0.0.1:58042 - R:localhost/127.0.0.1:41127]' for 'POST' to 'http://localhost:41127/session/c32f6927a313629002426b6b1a68ac01/element'
2023-04-27 17:40:45 DEBUG NettyRequestSender:251 ? Using open Channel [id: 0xcf9ab9ef, L:/127.0.0.1:58042 - R:localhost/127.0.0.1:41127] for POST '/session/c32f6927a313629002426b6b1a68ac01/element'
2023-04-27 17:40:45 DEBUG DefaultChannelPool:348 ? Entry count for : http://localhost:58050 : 1
2023-04-27 17:40:45 DEBUG HttpHandler:70 ? 

Request DefaultHttpRequest(decodeResult: success, version: HTTP/1.1)
POST /session/c32f6927a313629002426b6b1a68ac01/element HTTP/1.1
User-Agent: selenium/4.9.0 (java windows)
Content-Length: 73
Content-Type: application/json; charset=utf-8
host: localhost:41127
accept: */*

Response DefaultHttpResponse(decodeResult: success, version: HTTP/1.1)
HTTP/1.1 200 OK
Content-Length: 88
Content-Type: application/json; charset=utf-8
cache-control: no-cache

2023-04-27 17:40:45 DEBUG ChannelManager:270 ? Adding key: http://localhost:41127 for channel [id: 0xcf9ab9ef, L:/127.0.0.1:58042 - R:localhost/127.0.0.1:41127]
2023-04-27 17:40:45 DEBUG NettyRequestSender:593 ? Using pooled Channel '[id: 0xcf9ab9ef, L:/127.0.0.1:58042 - R:localhost/127.0.0.1:41127]' for 'POST' to 'http://localhost:41127/session/c32f6927a313629002426b6b1a68ac01/execute/sync'
2023-04-27 17:40:45 DEBUG NettyRequestSender:251 ? Using open Channel [id: 0xcf9ab9ef, L:/127.0.0.1:58042 - R:localhost/127.0.0.1:41127] for POST '/session/c32f6927a313629002426b6b1a68ac01/execute/sync'
2023-04-27 17:40:45 DEBUG HttpHandler:70 ? 

Request DefaultHttpRequest(decodeResult: success, version: HTTP/1.1)
POST /session/c32f6927a313629002426b6b1a68ac01/execute/sync HTTP/1.1
User-Agent: selenium/4.9.0 (java windows)
Content-Length: 48807
Content-Type: application/json; charset=utf-8
host: localhost:41127
accept: */*

Response DefaultHttpResponse(decodeResult: success, version: HTTP/1.1)
HTTP/1.1 200 OK
Content-Length: 14
Content-Type: application/json; charset=utf-8
cache-control: no-cache

2023-04-27 17:40:45 DEBUG ChannelManager:270 ? Adding key: http://localhost:41127 for channel [id: 0xcf9ab9ef, L:/127.0.0.1:58042 - R:localhost/127.0.0.1:41127]
2023-04-27 17:40:45 DEBUG NettyRequestSender:593 ? Using pooled Channel '[id: 0xcf9ab9ef, L:/127.0.0.1:58042 - R:localhost/127.0.0.1:41127]' for 'POST' to 'http://localhost:41127/session/c32f6927a313629002426b6b1a68ac01/element'
2023-04-27 17:40:45 DEBUG NettyRequestSender:251 ? Using open Channel [id: 0xcf9ab9ef, L:/127.0.0.1:58042 - R:localhost/127.0.0.1:41127] for POST '/session/c32f6927a313629002426b6b1a68ac01/element'
2023-04-27 17:40:45 DEBUG HttpHandler:70 ? 

Request DefaultHttpRequest(decodeResult: success, version: HTTP/1.1)
POST /session/c32f6927a313629002426b6b1a68ac01/element HTTP/1.1
User-Agent: selenium/4.9.0 (java windows)
Content-Length: 67
Content-Type: application/json; charset=utf-8
host: localhost:41127
accept: */*

Response DefaultHttpResponse(decodeResult: success, version: HTTP/1.1)
HTTP/1.1 200 OK
Content-Length: 88
Content-Type: application/json; charset=utf-8
cache-control: no-cache

2023-04-27 17:40:45 DEBUG ChannelManager:270 ? Adding key: http://localhost:41127 for channel [id: 0xcf9ab9ef, L:/127.0.0.1:58042 - R:localhost/127.0.0.1:41127]
2023-04-27 17:40:45 DEBUG NettyRequestSender:593 ? Using pooled Channel '[id: 0xcf9ab9ef, L:/127.0.0.1:58042 - R:localhost/127.0.0.1:41127]' for 'POST' to 'http://localhost:41127/session/c32f6927a313629002426b6b1a68ac01/execute/sync'
2023-04-27 17:40:45 DEBUG NettyRequestSender:251 ? Using open Channel [id: 0xcf9ab9ef, L:/127.0.0.1:58042 - R:localhost/127.0.0.1:41127] for POST '/session/c32f6927a313629002426b6b1a68ac01/execute/sync'
2023-04-27 17:40:45 DEBUG HttpHandler:70 ? 

Request DefaultHttpRequest(decodeResult: success, version: HTTP/1.1)
POST /session/c32f6927a313629002426b6b1a68ac01/execute/sync HTTP/1.1
User-Agent: selenium/4.9.0 (java windows)
Content-Length: 48807
Content-Type: application/json; charset=utf-8
host: localhost:41127
accept: */*

Response DefaultHttpResponse(decodeResult: success, version: HTTP/1.1)
HTTP/1.1 200 OK
Content-Length: 14
Content-Type: application/json; charset=utf-8
cache-control: no-cache

2023-04-27 17:40:45 DEBUG ChannelManager:270 ? Adding key: http://localhost:41127 for channel [id: 0xcf9ab9ef, L:/127.0.0.1:58042 - R:localhost/127.0.0.1:41127]
2023-04-27 17:40:45 DEBUG NettyRequestSender:593 ? Using pooled Channel '[id: 0xcf9ab9ef, L:/127.0.0.1:58042 - R:localhost/127.0.0.1:41127]' for 'POST' to 'http://localhost:41127/session/c32f6927a313629002426b6b1a68ac01/element'
2023-04-27 17:40:45 DEBUG NettyRequestSender:251 ? Using open Channel [id: 0xcf9ab9ef, L:/127.0.0.1:58042 - R:localhost/127.0.0.1:41127] for POST '/session/c32f6927a313629002426b6b1a68ac01/element'
2023-04-27 17:40:45 DEBUG HttpHandler:70 ? 

Request DefaultHttpRequest(decodeResult: success, version: HTTP/1.1)
POST /session/c32f6927a313629002426b6b1a68ac01/element HTTP/1.1
User-Agent: selenium/4.9.0 (java windows)
Content-Length: 67
Content-Type: application/json; charset=utf-8
host: localhost:41127
accept: */*

Response DefaultHttpResponse(decodeResult: success, version: HTTP/1.1)
HTTP/1.1 200 OK
Content-Length: 88
Content-Type: application/json; charset=utf-8
cache-control: no-cache

2023-04-27 17:40:45 DEBUG ChannelManager:270 ? Adding key: http://localhost:41127 for channel [id: 0xcf9ab9ef, L:/127.0.0.1:58042 - R:localhost/127.0.0.1:41127]
2023-04-27 17:40:45 DEBUG NettyRequestSender:593 ? Using pooled Channel '[id: 0xcf9ab9ef, L:/127.0.0.1:58042 - R:localhost/127.0.0.1:41127]' for 'POST' to 'http://localhost:41127/session/c32f6927a313629002426b6b1a68ac01/actions'
2023-04-27 17:40:45 DEBUG NettyRequestSender:251 ? Using open Channel [id: 0xcf9ab9ef, L:/127.0.0.1:58042 - R:localhost/127.0.0.1:41127] for POST '/session/c32f6927a313629002426b6b1a68ac01/actions'
2023-04-27 17:40:45 DEBUG HttpHandler:70 ? 

Request DefaultHttpRequest(decodeResult: success, version: HTTP/1.1)
POST /session/c32f6927a313629002426b6b1a68ac01/actions HTTP/1.1
User-Agent: selenium/4.9.0 (java windows)
Content-Length: 567
Content-Type: application/json; charset=utf-8
host: localhost:41127
accept: */*

Response DefaultHttpResponse(decodeResult: success, version: HTTP/1.1)
HTTP/1.1 200 OK
Content-Length: 14
Content-Type: application/json; charset=utf-8
cache-control: no-cache

2023-04-27 17:40:45 DEBUG ChannelManager:270 ? Adding key: http://localhost:41127 for channel [id: 0xcf9ab9ef, L:/127.0.0.1:58042 - R:localhost/127.0.0.1:41127]
2023-04-27 17:40:45 DEBUG NettyRequestSender:593 ? Using pooled Channel '[id: 0xcf9ab9ef, L:/127.0.0.1:58042 - R:localhost/127.0.0.1:41127]' for 'POST' to 'http://localhost:41127/session/c32f6927a313629002426b6b1a68ac01/element'
2023-04-27 17:40:45 DEBUG NettyRequestSender:251 ? Using open Channel [id: 0xcf9ab9ef, L:/127.0.0.1:58042 - R:localhost/127.0.0.1:41127] for POST '/session/c32f6927a313629002426b6b1a68ac01/element'
2023-04-27 17:40:45 DEBUG HttpHandler:70 ? 

Request DefaultHttpRequest(decodeResult: success, version: HTTP/1.1)
POST /session/c32f6927a313629002426b6b1a68ac01/element HTTP/1.1
User-Agent: selenium/4.9.0 (java windows)
Content-Length: 71
Content-Type: application/json; charset=utf-8
host: localhost:41127
accept: */*

Response DefaultHttpResponse(decodeResult: success, version: HTTP/1.1)
HTTP/1.1 200 OK
Content-Length: 88
Content-Type: application/json; charset=utf-8
cache-control: no-cache

2023-04-27 17:40:45 DEBUG ChannelManager:270 ? Adding key: http://localhost:41127 for channel [id: 0xcf9ab9ef, L:/127.0.0.1:58042 - R:localhost/127.0.0.1:41127]
2023-04-27 17:40:45 DEBUG NettyRequestSender:593 ? Using pooled Channel '[id: 0xcf9ab9ef, L:/127.0.0.1:58042 - R:localhost/127.0.0.1:41127]' for 'GET' to 'http://localhost:41127/session/c32f6927a313629002426b6b1a68ac01/element/cf5a4953-d381-4bba-93f6-046db52d0034/enabled'
2023-04-27 17:40:45 DEBUG NettyRequestSender:251 ? Using open Channel [id: 0xcf9ab9ef, L:/127.0.0.1:58042 - R:localhost/127.0.0.1:41127] for GET '/session/c32f6927a313629002426b6b1a68ac01/element/cf5a4953-d381-4bba-93f6-046db52d0034/enabled'
2023-04-27 17:40:45 DEBUG HttpHandler:70 ? 

Request DefaultFullHttpRequest(decodeResult: success, version: HTTP/1.1, content: EmptyByteBufBE)
GET /session/c32f6927a313629002426b6b1a68ac01/element/cf5a4953-d381-4bba-93f6-046db52d0034/enabled HTTP/1.1
User-Agent: selenium/4.9.0 (java windows)
Cache-Control: no-cache
Content-Type: application/json; charset=utf-8
host: localhost:41127
accept: */*

Response DefaultHttpResponse(decodeResult: success, version: HTTP/1.1)
HTTP/1.1 200 OK
Content-Length: 14
Content-Type: application/json; charset=utf-8
cache-control: no-cache

2023-04-27 17:40:45 DEBUG ChannelManager:270 ? Adding key: http://localhost:41127 for channel [id: 0xcf9ab9ef, L:/127.0.0.1:58042 - R:localhost/127.0.0.1:41127]
2023-04-27 17:40:45 DEBUG NettyRequestSender:593 ? Using pooled Channel '[id: 0xcf9ab9ef, L:/127.0.0.1:58042 - R:localhost/127.0.0.1:41127]' for 'POST' to 'http://localhost:41127/session/c32f6927a313629002426b6b1a68ac01/element'
2023-04-27 17:40:45 DEBUG NettyRequestSender:251 ? Using open Channel [id: 0xcf9ab9ef, L:/127.0.0.1:58042 - R:localhost/127.0.0.1:41127] for POST '/session/c32f6927a313629002426b6b1a68ac01/element'
2023-04-27 17:40:45 DEBUG HttpHandler:70 ? 

Request DefaultHttpRequest(decodeResult: success, version: HTTP/1.1)
POST /session/c32f6927a313629002426b6b1a68ac01/element HTTP/1.1
User-Agent: selenium/4.9.0 (java windows)
Content-Length: 72
Content-Type: application/json; charset=utf-8
host: localhost:41127
accept: */*

Response DefaultHttpResponse(decodeResult: success, version: HTTP/1.1)
HTTP/1.1 200 OK
Content-Length: 88
Content-Type: application/json; charset=utf-8
cache-control: no-cache

2023-04-27 17:40:45 DEBUG ChannelManager:270 ? Adding key: http://localhost:41127 for channel [id: 0xcf9ab9ef, L:/127.0.0.1:58042 - R:localhost/127.0.0.1:41127]
2023-04-27 17:40:45 DEBUG NettyRequestSender:593 ? Using pooled Channel '[id: 0xcf9ab9ef, L:/127.0.0.1:58042 - R:localhost/127.0.0.1:41127]' for 'POST' to 'http://localhost:41127/session/c32f6927a313629002426b6b1a68ac01/execute/sync'
2023-04-27 17:40:45 DEBUG NettyRequestSender:251 ? Using open Channel [id: 0xcf9ab9ef, L:/127.0.0.1:58042 - R:localhost/127.0.0.1:41127] for POST '/session/c32f6927a313629002426b6b1a68ac01/execute/sync'
2023-04-27 17:40:45 DEBUG HttpHandler:70 ? 

Request DefaultHttpRequest(decodeResult: success, version: HTTP/1.1)
POST /session/c32f6927a313629002426b6b1a68ac01/execute/sync HTTP/1.1
User-Agent: selenium/4.9.0 (java windows)
Content-Length: 48807
Content-Type: application/json; charset=utf-8
host: localhost:41127
accept: */*

Response DefaultHttpResponse(decodeResult: success, version: HTTP/1.1)
HTTP/1.1 200 OK
Content-Length: 14
Content-Type: application/json; charset=utf-8
cache-control: no-cache

2023-04-27 17:40:45 DEBUG ChannelManager:270 ? Adding key: http://localhost:41127 for channel [id: 0xcf9ab9ef, L:/127.0.0.1:58042 - R:localhost/127.0.0.1:41127]
2023-04-27 17:40:45 DEBUG NettyRequestSender:593 ? Using pooled Channel '[id: 0xcf9ab9ef, L:/127.0.0.1:58042 - R:localhost/127.0.0.1:41127]' for 'POST' to 'http://localhost:41127/session/c32f6927a313629002426b6b1a68ac01/element'
2023-04-27 17:40:45 DEBUG NettyRequestSender:251 ? Using open Channel [id: 0xcf9ab9ef, L:/127.0.0.1:58042 - R:localhost/127.0.0.1:41127] for POST '/session/c32f6927a313629002426b6b1a68ac01/element'
2023-04-27 17:40:45 DEBUG HttpHandler:70 ? 

Request DefaultHttpRequest(decodeResult: success, version: HTTP/1.1)
POST /session/c32f6927a313629002426b6b1a68ac01/element HTTP/1.1
User-Agent: selenium/4.9.0 (java windows)
Content-Length: 69
Content-Type: application/json; charset=utf-8
host: localhost:41127
accept: */*

Response DefaultHttpResponse(decodeResult: success, version: HTTP/1.1)
HTTP/1.1 200 OK
Content-Length: 88
Content-Type: application/json; charset=utf-8
cache-control: no-cache

2023-04-27 17:40:45 DEBUG ChannelManager:270 ? Adding key: http://localhost:41127 for channel [id: 0xcf9ab9ef, L:/127.0.0.1:58042 - R:localhost/127.0.0.1:41127]
2023-04-27 17:40:45 DEBUG NettyRequestSender:593 ? Using pooled Channel '[id: 0xcf9ab9ef, L:/127.0.0.1:58042 - R:localhost/127.0.0.1:41127]' for 'POST' to 'http://localhost:41127/session/c32f6927a313629002426b6b1a68ac01/execute/sync'
2023-04-27 17:40:45 DEBUG NettyRequestSender:251 ? Using open Channel [id: 0xcf9ab9ef, L:/127.0.0.1:58042 - R:localhost/127.0.0.1:41127] for POST '/session/c32f6927a313629002426b6b1a68ac01/execute/sync'
2023-04-27 17:40:45 DEBUG HttpHandler:70 ? 

Request DefaultHttpRequest(decodeResult: success, version: HTTP/1.1)
POST /session/c32f6927a313629002426b6b1a68ac01/execute/sync HTTP/1.1
User-Agent: selenium/4.9.0 (java windows)
Content-Length: 48807
Content-Type: application/json; charset=utf-8
host: localhost:41127
accept: */*

Response DefaultHttpResponse(decodeResult: success, version: HTTP/1.1)
HTTP/1.1 200 OK
Content-Length: 14
Content-Type: application/json; charset=utf-8
cache-control: no-cache

2023-04-27 17:40:45 DEBUG ChannelManager:270 ? Adding key: http://localhost:41127 for channel [id: 0xcf9ab9ef, L:/127.0.0.1:58042 - R:localhost/127.0.0.1:41127]
2023-04-27 17:40:45 DEBUG NettyRequestSender:593 ? Using pooled Channel '[id: 0xcf9ab9ef, L:/127.0.0.1:58042 - R:localhost/127.0.0.1:41127]' for 'POST' to 'http://localhost:41127/session/c32f6927a313629002426b6b1a68ac01/element'
2023-04-27 17:40:45 DEBUG NettyRequestSender:251 ? Using open Channel [id: 0xcf9ab9ef, L:/127.0.0.1:58042 - R:localhost/127.0.0.1:41127] for POST '/session/c32f6927a313629002426b6b1a68ac01/element'
2023-04-27 17:40:45 DEBUG HttpHandler:70 ? 

Request DefaultHttpRequest(decodeResult: success, version: HTTP/1.1)
POST /session/c32f6927a313629002426b6b1a68ac01/element HTTP/1.1
User-Agent: selenium/4.9.0 (java windows)
Content-Length: 71
Content-Type: application/json; charset=utf-8
host: localhost:41127
accept: */*

Response DefaultHttpResponse(decodeResult: success, version: HTTP/1.1)
HTTP/1.1 200 OK
Content-Length: 88
Content-Type: application/json; charset=utf-8
cache-control: no-cache

2023-04-27 17:40:45 DEBUG ChannelManager:270 ? Adding key: http://localhost:41127 for channel [id: 0xcf9ab9ef, L:/127.0.0.1:58042 - R:localhost/127.0.0.1:41127]
2023-04-27 17:40:45 DEBUG NettyRequestSender:593 ? Using pooled Channel '[id: 0xcf9ab9ef, L:/127.0.0.1:58042 - R:localhost/127.0.0.1:41127]' for 'POST' to 'http://localhost:41127/session/c32f6927a313629002426b6b1a68ac01/execute/sync'
2023-04-27 17:40:45 DEBUG NettyRequestSender:251 ? Using open Channel [id: 0xcf9ab9ef, L:/127.0.0.1:58042 - R:localhost/127.0.0.1:41127] for POST '/session/c32f6927a313629002426b6b1a68ac01/execute/sync'
2023-04-27 17:40:45 DEBUG HttpHandler:70 ? 

Request DefaultHttpRequest(decodeResult: success, version: HTTP/1.1)
POST /session/c32f6927a313629002426b6b1a68ac01/execute/sync HTTP/1.1
User-Agent: selenium/4.9.0 (java windows)
Content-Length: 48807
Content-Type: application/json; charset=utf-8
host: localhost:41127
accept: */*

Response DefaultHttpResponse(decodeResult: success, version: HTTP/1.1)
HTTP/1.1 200 OK
Content-Length: 14
Content-Type: application/json; charset=utf-8
cache-control: no-cache

2023-04-27 17:40:45 DEBUG ChannelManager:270 ? Adding key: http://localhost:41127 for channel [id: 0xcf9ab9ef, L:/127.0.0.1:58042 - R:localhost/127.0.0.1:41127]
2023-04-27 17:40:45 DEBUG NettyRequestSender:593 ? Using pooled Channel '[id: 0xcf9ab9ef, L:/127.0.0.1:58042 - R:localhost/127.0.0.1:41127]' for 'DELETE' to 'http://localhost:41127/session/c32f6927a313629002426b6b1a68ac01'
2023-04-27 17:40:45 DEBUG WebSocketHandler:126 ? Channel Closed: [id: 0xdb2c2cc2, L:/127.0.0.1:58068 ! R:localhost/127.0.0.1:58050] with attribute NettyResponseFuture{currentRetry=0,
	isDone=1,
	isCancelled=0,
	asyncHandler=org.asynchttpclient.ws.WebSocketUpgradeHandler@4f512ae4,
	nettyRequest=org.asynchttpclient.netty.request.NettyRequest@a53ad6a,
	future=java.util.concurrent.CompletableFuture@579e855[Completed normally],
	uri=ws://localhost:58050/devtools/browser/424bacf8-6794-4d3e-be53-94cc07a86228,
	keepAlive=true,
	redirectCount=0,
	timeoutsHolder=null,
	inAuth=0,
	touch=1682574043135}
2023-04-27 17:40:45 DEBUG ChannelManager:315 ? Closing Channel [id: 0xdb2c2cc2, L:/127.0.0.1:58068 ! R:localhost/127.0.0.1:58050] 
2023-04-27 17:40:45 DEBUG NettyRequestSender:251 ? Using open Channel [id: 0xcf9ab9ef, L:/127.0.0.1:58042 - R:localhost/127.0.0.1:41127] for DELETE '/session/c32f6927a313629002426b6b1a68ac01'
2023-04-27 17:40:46 DEBUG HttpHandler:159 ? Unexpected I/O exception on channel [id: 0xd1775702, L:/127.0.0.1:58067 - R:localhost/127.0.0.1:58050]
java.net.SocketException: Connection reset
	at java.base/sun.nio.ch.SocketChannelImpl.throwConnectionReset(SocketChannelImpl.java:401)
	at java.base/sun.nio.ch.SocketChannelImpl.read(SocketChannelImpl.java:434)
	at io.netty.buffer.PooledByteBuf.setBytes(PooledByteBuf.java:256)
	at io.netty.buffer.AbstractByteBuf.writeBytes(AbstractByteBuf.java:1132)
	at io.netty.channel.socket.nio.NioSocketChannel.doReadBytes(NioSocketChannel.java:357)
	at io.netty.channel.nio.AbstractNioByteChannel$NioByteUnsafe.read(AbstractNioByteChannel.java:151)
	at io.netty.channel.nio.NioEventLoop.processSelectedKey(NioEventLoop.java:788)
	at io.netty.channel.nio.NioEventLoop.processSelectedKeysOptimized(NioEventLoop.java:724)
	at io.netty.channel.nio.NioEventLoop.processSelectedKeys(NioEventLoop.java:650)
	at io.netty.channel.nio.NioEventLoop.run(NioEventLoop.java:562)
	at io.netty.util.concurrent.SingleThreadEventExecutor$4.run(SingleThreadEventExecutor.java:997)
	at io.netty.util.internal.ThreadExecutorMap$2.run(ThreadExecutorMap.java:74)
	at io.netty.util.concurrent.FastThreadLocalRunnable.run(FastThreadLocalRunnable.java:30)
	at java.base/java.lang.Thread.run(Thread.java:1589)
2023-04-27 17:40:46 DEBUG ChannelManager:315 ? Closing Channel [id: 0xd1775702, L:/127.0.0.1:58067 - R:localhost/127.0.0.1:58050] 
2023-04-27 17:40:46 DEBUG HttpHandler:126 ? Channel Closed: [id: 0xd1775702, L:/127.0.0.1:58067 ! R:localhost/127.0.0.1:58050] with attribute DISCARD
2023-04-27 17:40:46 DEBUG HttpHandler:70 ? 

Request DefaultFullHttpRequest(decodeResult: success, version: HTTP/1.1, content: EmptyByteBufBE)
DELETE /session/c32f6927a313629002426b6b1a68ac01 HTTP/1.1
User-Agent: selenium/4.9.0 (java windows)
Content-Type: application/json; charset=utf-8
host: localhost:41127
accept: */*

Response DefaultHttpResponse(decodeResult: success, version: HTTP/1.1)
HTTP/1.1 200 OK
Content-Length: 14
Content-Type: application/json; charset=utf-8
cache-control: no-cache

2023-04-27 17:40:46 DEBUG ChannelManager:270 ? Adding key: http://localhost:41127 for channel [id: 0xcf9ab9ef, L:/127.0.0.1:58042 - R:localhost/127.0.0.1:41127]
2023-04-27 17:40:46 DEBUG HttpHandler:126 ? Channel Closed: [id: 0xcf9ab9ef, L:/127.0.0.1:58042 ! R:localhost/127.0.0.1:41127] with attribute DISCARD
2023-04-27 18:06:59 DEBUG InternalLoggerFactory:63 ? Using SLF4J as the default logging framework
2023-04-27 18:06:59 DEBUG ResourceLeakDetector:129 ? -Dio.netty.leakDetection.level: simple
2023-04-27 18:06:59 DEBUG ResourceLeakDetector:130 ? -Dio.netty.leakDetection.targetRecords: 4
2023-04-27 18:06:59 DEBUG ResourceLeakDetectorFactory:196 ? Loaded default ResourceLeakDetector: io.netty.util.ResourceLeakDetector@5e8f9e2d
2023-04-27 18:06:59 DEBUG PlatformDependent0:496 ? -Dio.netty.noUnsafe: false
2023-04-27 18:06:59 DEBUG PlatformDependent0:1000 ? Java version: 19
2023-04-27 18:06:59 DEBUG PlatformDependent0:137 ? sun.misc.Unsafe.theUnsafe: available
2023-04-27 18:06:59 DEBUG PlatformDependent0:161 ? sun.misc.Unsafe.copyMemory: available
2023-04-27 18:06:59 DEBUG PlatformDependent0:193 ? sun.misc.Unsafe.storeFence: available
2023-04-27 18:06:59 DEBUG PlatformDependent0:236 ? java.nio.Buffer.address: available
2023-04-27 18:06:59 DEBUG PlatformDependent0:320 ? direct buffer constructor: unavailable: Reflective setAccessible(true) disabled
2023-04-27 18:06:59 DEBUG PlatformDependent0:385 ? java.nio.Bits.unaligned: available, true
2023-04-27 18:06:59 DEBUG PlatformDependent0:452 ? jdk.internal.misc.Unsafe.allocateUninitializedArray(int): unavailable: class io.netty.util.internal.PlatformDependent0$7 cannot access class jdk.internal.misc.Unsafe (in module java.base) because module java.base does not export jdk.internal.misc to unnamed module @5679c6c6
2023-04-27 18:06:59 DEBUG PlatformDependent0:482 ? java.nio.DirectByteBuffer.<init>(long, int): unavailable
2023-04-27 18:06:59 DEBUG PlatformDependent:1159 ? sun.misc.Unsafe: available
2023-04-27 18:06:59 DEBUG PlatformDependent:1270 ? maxDirectMemory: 5339348992 bytes (maybe)
2023-04-27 18:06:59 DEBUG PlatformDependent:1289 ? -Dio.netty.tmpdir: C:\Users\rohit\AppData\Local\Temp (java.io.tmpdir)
2023-04-27 18:06:59 DEBUG PlatformDependent:1368 ? -Dio.netty.bitMode: 64 (sun.arch.data.model)
2023-04-27 18:06:59 DEBUG PlatformDependent:1119 ? Platform: Windows
2023-04-27 18:06:59 DEBUG PlatformDependent:178 ? -Dio.netty.maxDirectMemory: -1 bytes
2023-04-27 18:06:59 DEBUG PlatformDependent:185 ? -Dio.netty.uninitializedArrayAllocationThreshold: -1
2023-04-27 18:06:59 DEBUG CleanerJava9:71 ? java.nio.ByteBuffer.cleaner(): available
2023-04-27 18:06:59 DEBUG PlatformDependent:205 ? -Dio.netty.noPreferDirect: false
2023-04-27 18:06:59 DEBUG PlatformDependent:1010 ? org.jctools-core.MpscChunkedArrayQueue: available
2023-04-27 18:06:59 DEBUG InternalThreadLocalMap:100 ? -Dio.netty.threadLocalMap.stringBuilder.initialSize: 1024
2023-04-27 18:06:59 DEBUG InternalThreadLocalMap:101 ? -Dio.netty.threadLocalMap.stringBuilder.maxSize: 4096
2023-04-27 18:06:59 DEBUG JdkSslContext:83 ? Default protocols (JDK): [TLSv1.3, TLSv1.2] 
2023-04-27 18:06:59 DEBUG JdkSslContext:84 ? Default cipher suites (JDK): [TLS_ECDHE_ECDSA_WITH_AES_256_GCM_SHA384, TLS_ECDHE_ECDSA_WITH_AES_128_GCM_SHA256, TLS_ECDHE_RSA_WITH_AES_128_GCM_SHA256, TLS_ECDHE_RSA_WITH_AES_256_GCM_SHA384, TLS_ECDHE_RSA_WITH_AES_128_CBC_SHA, TLS_ECDHE_RSA_WITH_AES_256_CBC_SHA, TLS_RSA_WITH_AES_128_GCM_SHA256, TLS_RSA_WITH_AES_128_CBC_SHA, TLS_RSA_WITH_AES_256_CBC_SHA, TLS_AES_128_GCM_SHA256, TLS_AES_256_GCM_SHA384]
2023-04-27 18:06:59 DEBUG GlobalEventExecutor:53 ? -Dio.netty.globalEventExecutor.quietPeriodSeconds: 1
2023-04-27 18:06:59 DEBUG MultithreadEventLoopGroup:44 ? -Dio.netty.eventLoopThreads: 16
2023-04-27 18:06:59 DEBUG NioEventLoop:110 ? -Dio.netty.noKeySetOptimization: false
2023-04-27 18:06:59 DEBUG NioEventLoop:111 ? -Dio.netty.selectorAutoRebuildThreshold: 512
2023-04-27 18:06:59 DEBUG PooledByteBufAllocator:157 ? -Dio.netty.allocator.numHeapArenas: 16
2023-04-27 18:06:59 DEBUG PooledByteBufAllocator:158 ? -Dio.netty.allocator.numDirectArenas: 16
2023-04-27 18:06:59 DEBUG PooledByteBufAllocator:160 ? -Dio.netty.allocator.pageSize: 8192
2023-04-27 18:06:59 DEBUG PooledByteBufAllocator:165 ? -Dio.netty.allocator.maxOrder: 9
2023-04-27 18:06:59 DEBUG PooledByteBufAllocator:169 ? -Dio.netty.allocator.chunkSize: 4194304
2023-04-27 18:06:59 DEBUG PooledByteBufAllocator:170 ? -Dio.netty.allocator.smallCacheSize: 256
2023-04-27 18:06:59 DEBUG PooledByteBufAllocator:171 ? -Dio.netty.allocator.normalCacheSize: 64
2023-04-27 18:06:59 DEBUG PooledByteBufAllocator:172 ? -Dio.netty.allocator.maxCachedBufferCapacity: 32768
2023-04-27 18:06:59 DEBUG PooledByteBufAllocator:173 ? -Dio.netty.allocator.cacheTrimInterval: 8192
2023-04-27 18:06:59 DEBUG PooledByteBufAllocator:174 ? -Dio.netty.allocator.cacheTrimIntervalMillis: 0
2023-04-27 18:06:59 DEBUG PooledByteBufAllocator:175 ? -Dio.netty.allocator.useCacheForAllThreads: false
2023-04-27 18:06:59 DEBUG PooledByteBufAllocator:176 ? -Dio.netty.allocator.maxCachedByteBuffersPerChunk: 1023
2023-04-27 18:06:59 DEBUG ByteBufUtil:88 ? -Dio.netty.allocator.type: pooled
2023-04-27 18:06:59 DEBUG ByteBufUtil:97 ? -Dio.netty.threadLocalDirectBufferSize: 0
2023-04-27 18:06:59 DEBUG ByteBufUtil:100 ? -Dio.netty.maxThreadLocalCharBufferSize: 16384
2023-04-27 18:07:00 DEBUG DefaultChannelId:79 ? -Dio.netty.processId: 18192 (auto-detected)
2023-04-27 18:07:00 DEBUG NetUtil:148 ? -Djava.net.preferIPv4Stack: false
2023-04-27 18:07:00 DEBUG NetUtil:149 ? -Djava.net.preferIPv6Addresses: false
2023-04-27 18:07:00 DEBUG NetUtilInitializations:145 ? Loopback interface: lo (Software Loopback Interface 1, 127.0.0.1)
2023-04-27 18:07:00 DEBUG NetUtil:206 ? Failed to get SOMAXCONN from sysctl and file \proc\sys\net\core\somaxconn. Default: 200
2023-04-27 18:07:00 DEBUG DefaultChannelId:101 ? -Dio.netty.machineId: 70:c9:4e:ff:fe:a9:98:9d (auto-detected)
2023-04-27 18:07:00 DEBUG AbstractByteBuf:63 ? -Dio.netty.buffer.checkAccessible: true
2023-04-27 18:07:00 DEBUG AbstractByteBuf:64 ? -Dio.netty.buffer.checkBounds: true
2023-04-27 18:07:00 DEBUG ResourceLeakDetectorFactory:196 ? Loaded default ResourceLeakDetector: io.netty.util.ResourceLeakDetector@6b636025
2023-04-27 18:07:00 DEBUG NettyConnectListener:73 ? Using new Channel '[id: 0x49bfeab3, L:/127.0.0.1:61321 - R:localhost/127.0.0.1:42436]' for 'POST' to '/session'
2023-04-27 18:07:00 DEBUG Recycler:96 ? -Dio.netty.recycler.maxCapacityPerThread: 4096
2023-04-27 18:07:00 DEBUG Recycler:97 ? -Dio.netty.recycler.ratio: 8
2023-04-27 18:07:00 DEBUG Recycler:98 ? -Dio.netty.recycler.chunkSize: 32
2023-04-27 18:07:00 DEBUG Recycler:99 ? -Dio.netty.recycler.blocking: false
2023-04-27 18:07:00 DEBUG Recycler:100 ? -Dio.netty.recycler.batchFastThreadLocalOnly: true
2023-04-27 18:07:01 DEBUG Brotli:38 ? brotli4j not in the classpath; Brotli support will be unavailable.
2023-04-27 18:07:01 DEBUG HttpHandler:70 ? 

Request DefaultHttpRequest(decodeResult: success, version: HTTP/1.1)
POST /session HTTP/1.1
User-Agent: selenium/4.9.0 (java windows)
Content-Length: 254
Content-Type: application/json; charset=utf-8
host: localhost:42436
accept: */*

Response DefaultHttpResponse(decodeResult: success, version: HTTP/1.1)
HTTP/1.1 200 OK
Content-Length: 859
Content-Type: application/json; charset=utf-8
cache-control: no-cache

2023-04-27 18:07:01 DEBUG ChannelManager:270 ? Adding key: http://localhost:42436 for channel [id: 0x49bfeab3, L:/127.0.0.1:61321 - R:localhost/127.0.0.1:42436]
2023-04-27 18:07:02 DEBUG NettyConnectListener:73 ? Using new Channel '[id: 0x4007e56a, L:/127.0.0.1:61341 - R:localhost/127.0.0.1:61324]' for 'GET' to '/json/version'
2023-04-27 18:07:02 DEBUG HttpHandler:70 ? 

Request DefaultFullHttpRequest(decodeResult: success, version: HTTP/1.1, content: EmptyByteBufBE)
GET /json/version HTTP/1.1
User-Agent: selenium/4.9.0 (java windows)
host: localhost:61324
accept: */*

Response DefaultHttpResponse(decodeResult: success, version: HTTP/1.1)
HTTP/1.1 200 OK
Content-Security-Policy: frame-ancestors 'none'
Content-Length: 424
Content-Type: application/json; charset=UTF-8

2023-04-27 18:07:02 DEBUG ChannelManager:270 ? Adding key: http://localhost:61324 for channel [id: 0x4007e56a, L:/127.0.0.1:61341 - R:localhost/127.0.0.1:61324]
2023-04-27 18:07:02 DEBUG ThreadLocalRandom:214 ? -Dio.netty.initialSeedUniquifier: 0x9b24c56206489e88
2023-04-27 18:07:02 DEBUG NettyConnectListener:73 ? Using new Channel '[id: 0x6d01a224, L:/127.0.0.1:61343 - R:localhost/127.0.0.1:61324]' for 'GET' to '/devtools/browser/19149f39-87c5-4e21-942e-a45b1437201e'
2023-04-27 18:07:02 DEBUG WebSocketHandler:105 ? 

Request DefaultFullHttpRequest(decodeResult: success, version: HTTP/1.1, content: EmptyByteBufBE)
GET /devtools/browser/19149f39-87c5-4e21-942e-a45b1437201e HTTP/1.1
upgrade: websocket
connection: upgrade
sec-websocket-key: Zg2gu1+4t7WnwMpVSvnR4Q==
sec-websocket-version: 13
origin: http://localhost:61324
host: localhost:61324
accept: */*
user-agent: AHC/2.1

Response DefaultHttpResponse(decodeResult: success, version: HTTP/1.1)
HTTP/1.1 101 WebSocket Protocol Handshake
Upgrade: WebSocket
Connection: Upgrade
Sec-WebSocket-Accept: mYXqq3wBxjvuZneE+M1owbP1gVE=

2023-04-27 18:07:02 DEBUG NettyRequestSender:593 ? Using pooled Channel '[id: 0x49bfeab3, L:/127.0.0.1:61321 - R:localhost/127.0.0.1:42436]' for 'POST' to 'http://localhost:42436/session/3b6eb126dbf218702c52f50aea03324f/window/maximize'
2023-04-27 18:07:02 DEBUG NettyRequestSender:251 ? Using open Channel [id: 0x49bfeab3, L:/127.0.0.1:61321 - R:localhost/127.0.0.1:42436] for POST '/session/3b6eb126dbf218702c52f50aea03324f/window/maximize'
2023-04-27 18:07:02 DEBUG HttpHandler:70 ? 

Request DefaultHttpRequest(decodeResult: success, version: HTTP/1.1)
POST /session/3b6eb126dbf218702c52f50aea03324f/window/maximize HTTP/1.1
User-Agent: selenium/4.9.0 (java windows)
Content-Length: 3
Content-Type: application/json; charset=utf-8
host: localhost:42436
accept: */*

Response DefaultHttpResponse(decodeResult: success, version: HTTP/1.1)
HTTP/1.1 200 OK
Content-Length: 52
Content-Type: application/json; charset=utf-8
cache-control: no-cache

2023-04-27 18:07:02 DEBUG ChannelManager:270 ? Adding key: http://localhost:42436 for channel [id: 0x49bfeab3, L:/127.0.0.1:61321 - R:localhost/127.0.0.1:42436]
2023-04-27 18:07:02 DEBUG NettyRequestSender:593 ? Using pooled Channel '[id: 0x49bfeab3, L:/127.0.0.1:61321 - R:localhost/127.0.0.1:42436]' for 'POST' to 'http://localhost:42436/session/3b6eb126dbf218702c52f50aea03324f/timeouts'
2023-04-27 18:07:02 DEBUG NettyRequestSender:251 ? Using open Channel [id: 0x49bfeab3, L:/127.0.0.1:61321 - R:localhost/127.0.0.1:42436] for POST '/session/3b6eb126dbf218702c52f50aea03324f/timeouts'
2023-04-27 18:07:02 DEBUG HttpHandler:70 ? 

Request DefaultHttpRequest(decodeResult: success, version: HTTP/1.1)
POST /session/3b6eb126dbf218702c52f50aea03324f/timeouts HTTP/1.1
User-Agent: selenium/4.9.0 (java windows)
Content-Length: 23
Content-Type: application/json; charset=utf-8
host: localhost:42436
accept: */*

Response DefaultHttpResponse(decodeResult: success, version: HTTP/1.1)
HTTP/1.1 200 OK
Content-Length: 14
Content-Type: application/json; charset=utf-8
cache-control: no-cache

2023-04-27 18:07:02 DEBUG ChannelManager:270 ? Adding key: http://localhost:42436 for channel [id: 0x49bfeab3, L:/127.0.0.1:61321 - R:localhost/127.0.0.1:42436]
2023-04-27 18:07:02 DEBUG DefaultChannelPool:348 ? Entry count for : http://localhost:42436 : 1
2023-04-27 18:07:02 DEBUG DefaultChannelPool:348 ? Entry count for : http://localhost:61324 : 1
2023-04-27 18:07:02 DEBUG NettyRequestSender:593 ? Using pooled Channel '[id: 0x49bfeab3, L:/127.0.0.1:61321 - R:localhost/127.0.0.1:42436]' for 'POST' to 'http://localhost:42436/session/3b6eb126dbf218702c52f50aea03324f/url'
2023-04-27 18:07:02 DEBUG NettyRequestSender:251 ? Using open Channel [id: 0x49bfeab3, L:/127.0.0.1:61321 - R:localhost/127.0.0.1:42436] for POST '/session/3b6eb126dbf218702c52f50aea03324f/url'
2023-04-27 18:07:03 DEBUG DefaultChannelPool:348 ? Entry count for : http://localhost:61324 : 1
2023-04-27 18:07:04 DEBUG HttpHandler:70 ? 

Request DefaultHttpRequest(decodeResult: success, version: HTTP/1.1)
POST /session/3b6eb126dbf218702c52f50aea03324f/url HTTP/1.1
User-Agent: selenium/4.9.0 (java windows)
Content-Length: 67
Content-Type: application/json; charset=utf-8
host: localhost:42436
accept: */*

Response DefaultHttpResponse(decodeResult: success, version: HTTP/1.1)
HTTP/1.1 200 OK
Content-Length: 14
Content-Type: application/json; charset=utf-8
cache-control: no-cache

2023-04-27 18:07:04 DEBUG ChannelManager:270 ? Adding key: http://localhost:42436 for channel [id: 0x49bfeab3, L:/127.0.0.1:61321 - R:localhost/127.0.0.1:42436]
2023-04-27 18:07:04 DEBUG NettyRequestSender:593 ? Using pooled Channel '[id: 0x49bfeab3, L:/127.0.0.1:61321 - R:localhost/127.0.0.1:42436]' for 'DELETE' to 'http://localhost:42436/session/3b6eb126dbf218702c52f50aea03324f'
2023-04-27 18:07:04 DEBUG NettyRequestSender:251 ? Using open Channel [id: 0x49bfeab3, L:/127.0.0.1:61321 - R:localhost/127.0.0.1:42436] for DELETE '/session/3b6eb126dbf218702c52f50aea03324f'
2023-04-27 18:07:04 DEBUG WebSocketHandler:126 ? Channel Closed: [id: 0x6d01a224, L:/127.0.0.1:61343 ! R:localhost/127.0.0.1:61324] with attribute NettyResponseFuture{currentRetry=0,
	isDone=1,
	isCancelled=0,
	asyncHandler=org.asynchttpclient.ws.WebSocketUpgradeHandler@182d8e01,
	nettyRequest=org.asynchttpclient.netty.request.NettyRequest@3b82d88d,
	future=java.util.concurrent.CompletableFuture@3a63e825[Completed normally],
	uri=ws://localhost:61324/devtools/browser/19149f39-87c5-4e21-942e-a45b1437201e,
	keepAlive=true,
	redirectCount=0,
	timeoutsHolder=null,
	inAuth=0,
	touch=1682575622223}
2023-04-27 18:07:04 DEBUG ChannelManager:315 ? Closing Channel [id: 0x6d01a224, L:/127.0.0.1:61343 ! R:localhost/127.0.0.1:61324] 
2023-04-27 18:07:04 DEBUG HttpHandler:159 ? Unexpected I/O exception on channel [id: 0x4007e56a, L:/127.0.0.1:61341 - R:localhost/127.0.0.1:61324]
java.net.SocketException: Connection reset
	at java.base/sun.nio.ch.SocketChannelImpl.throwConnectionReset(SocketChannelImpl.java:401)
	at java.base/sun.nio.ch.SocketChannelImpl.read(SocketChannelImpl.java:434)
	at io.netty.buffer.PooledByteBuf.setBytes(PooledByteBuf.java:256)
	at io.netty.buffer.AbstractByteBuf.writeBytes(AbstractByteBuf.java:1132)
	at io.netty.channel.socket.nio.NioSocketChannel.doReadBytes(NioSocketChannel.java:357)
	at io.netty.channel.nio.AbstractNioByteChannel$NioByteUnsafe.read(AbstractNioByteChannel.java:151)
	at io.netty.channel.nio.NioEventLoop.processSelectedKey(NioEventLoop.java:788)
	at io.netty.channel.nio.NioEventLoop.processSelectedKeysOptimized(NioEventLoop.java:724)
	at io.netty.channel.nio.NioEventLoop.processSelectedKeys(NioEventLoop.java:650)
	at io.netty.channel.nio.NioEventLoop.run(NioEventLoop.java:562)
	at io.netty.util.concurrent.SingleThreadEventExecutor$4.run(SingleThreadEventExecutor.java:997)
	at io.netty.util.internal.ThreadExecutorMap$2.run(ThreadExecutorMap.java:74)
	at io.netty.util.concurrent.FastThreadLocalRunnable.run(FastThreadLocalRunnable.java:30)
	at java.base/java.lang.Thread.run(Thread.java:1589)
2023-04-27 18:07:04 DEBUG ChannelManager:315 ? Closing Channel [id: 0x4007e56a, L:/127.0.0.1:61341 - R:localhost/127.0.0.1:61324] 
2023-04-27 18:07:04 DEBUG HttpHandler:126 ? Channel Closed: [id: 0x4007e56a, L:/127.0.0.1:61341 ! R:localhost/127.0.0.1:61324] with attribute DISCARD
2023-04-27 18:07:04 DEBUG HttpHandler:70 ? 

Request DefaultFullHttpRequest(decodeResult: success, version: HTTP/1.1, content: EmptyByteBufBE)
DELETE /session/3b6eb126dbf218702c52f50aea03324f HTTP/1.1
User-Agent: selenium/4.9.0 (java windows)
Content-Type: application/json; charset=utf-8
host: localhost:42436
accept: */*

Response DefaultHttpResponse(decodeResult: success, version: HTTP/1.1)
HTTP/1.1 200 OK
Content-Length: 14
Content-Type: application/json; charset=utf-8
cache-control: no-cache

2023-04-27 18:07:04 DEBUG ChannelManager:270 ? Adding key: http://localhost:42436 for channel [id: 0x49bfeab3, L:/127.0.0.1:61321 - R:localhost/127.0.0.1:42436]
2023-04-27 18:07:04 DEBUG HttpHandler:126 ? Channel Closed: [id: 0x49bfeab3, L:/127.0.0.1:61321 ! R:localhost/127.0.0.1:42436] with attribute DISCARD
2023-04-27 18:11:20 DEBUG InternalLoggerFactory:63 ? Using SLF4J as the default logging framework
2023-04-27 18:11:20 DEBUG ResourceLeakDetector:129 ? -Dio.netty.leakDetection.level: simple
2023-04-27 18:11:20 DEBUG ResourceLeakDetector:130 ? -Dio.netty.leakDetection.targetRecords: 4
2023-04-27 18:11:20 DEBUG ResourceLeakDetectorFactory:196 ? Loaded default ResourceLeakDetector: io.netty.util.ResourceLeakDetector@51df223b
2023-04-27 18:11:20 DEBUG PlatformDependent0:496 ? -Dio.netty.noUnsafe: false
2023-04-27 18:11:20 DEBUG PlatformDependent0:1000 ? Java version: 19
2023-04-27 18:11:20 DEBUG PlatformDependent0:137 ? sun.misc.Unsafe.theUnsafe: available
2023-04-27 18:11:20 DEBUG PlatformDependent0:161 ? sun.misc.Unsafe.copyMemory: available
2023-04-27 18:11:20 DEBUG PlatformDependent0:193 ? sun.misc.Unsafe.storeFence: available
2023-04-27 18:11:20 DEBUG PlatformDependent0:236 ? java.nio.Buffer.address: available
2023-04-27 18:11:20 DEBUG PlatformDependent0:320 ? direct buffer constructor: unavailable: Reflective setAccessible(true) disabled
2023-04-27 18:11:20 DEBUG PlatformDependent0:385 ? java.nio.Bits.unaligned: available, true
2023-04-27 18:11:20 DEBUG PlatformDependent0:452 ? jdk.internal.misc.Unsafe.allocateUninitializedArray(int): unavailable: class io.netty.util.internal.PlatformDependent0$7 cannot access class jdk.internal.misc.Unsafe (in module java.base) because module java.base does not export jdk.internal.misc to unnamed module @5679c6c6
2023-04-27 18:11:20 DEBUG PlatformDependent0:482 ? java.nio.DirectByteBuffer.<init>(long, int): unavailable
2023-04-27 18:11:20 DEBUG PlatformDependent:1159 ? sun.misc.Unsafe: available
2023-04-27 18:11:20 DEBUG PlatformDependent:1270 ? maxDirectMemory: 5339348992 bytes (maybe)
2023-04-27 18:11:20 DEBUG PlatformDependent:1289 ? -Dio.netty.tmpdir: C:\Users\rohit\AppData\Local\Temp (java.io.tmpdir)
2023-04-27 18:11:20 DEBUG PlatformDependent:1368 ? -Dio.netty.bitMode: 64 (sun.arch.data.model)
2023-04-27 18:11:20 DEBUG PlatformDependent:1119 ? Platform: Windows
2023-04-27 18:11:20 DEBUG PlatformDependent:178 ? -Dio.netty.maxDirectMemory: -1 bytes
2023-04-27 18:11:20 DEBUG PlatformDependent:185 ? -Dio.netty.uninitializedArrayAllocationThreshold: -1
2023-04-27 18:11:20 DEBUG CleanerJava9:71 ? java.nio.ByteBuffer.cleaner(): available
2023-04-27 18:11:20 DEBUG PlatformDependent:205 ? -Dio.netty.noPreferDirect: false
2023-04-27 18:11:20 DEBUG PlatformDependent:1010 ? org.jctools-core.MpscChunkedArrayQueue: available
2023-04-27 18:11:20 DEBUG InternalThreadLocalMap:100 ? -Dio.netty.threadLocalMap.stringBuilder.initialSize: 1024
2023-04-27 18:11:20 DEBUG InternalThreadLocalMap:101 ? -Dio.netty.threadLocalMap.stringBuilder.maxSize: 4096
2023-04-27 18:11:20 DEBUG JdkSslContext:83 ? Default protocols (JDK): [TLSv1.3, TLSv1.2] 
2023-04-27 18:11:20 DEBUG JdkSslContext:84 ? Default cipher suites (JDK): [TLS_ECDHE_ECDSA_WITH_AES_256_GCM_SHA384, TLS_ECDHE_ECDSA_WITH_AES_128_GCM_SHA256, TLS_ECDHE_RSA_WITH_AES_128_GCM_SHA256, TLS_ECDHE_RSA_WITH_AES_256_GCM_SHA384, TLS_ECDHE_RSA_WITH_AES_128_CBC_SHA, TLS_ECDHE_RSA_WITH_AES_256_CBC_SHA, TLS_RSA_WITH_AES_128_GCM_SHA256, TLS_RSA_WITH_AES_128_CBC_SHA, TLS_RSA_WITH_AES_256_CBC_SHA, TLS_AES_128_GCM_SHA256, TLS_AES_256_GCM_SHA384]
2023-04-27 18:11:20 DEBUG GlobalEventExecutor:53 ? -Dio.netty.globalEventExecutor.quietPeriodSeconds: 1
2023-04-27 18:11:20 DEBUG MultithreadEventLoopGroup:44 ? -Dio.netty.eventLoopThreads: 16
2023-04-27 18:11:20 DEBUG NioEventLoop:110 ? -Dio.netty.noKeySetOptimization: false
2023-04-27 18:11:20 DEBUG NioEventLoop:111 ? -Dio.netty.selectorAutoRebuildThreshold: 512
2023-04-27 18:11:21 DEBUG PooledByteBufAllocator:157 ? -Dio.netty.allocator.numHeapArenas: 16
2023-04-27 18:11:21 DEBUG PooledByteBufAllocator:158 ? -Dio.netty.allocator.numDirectArenas: 16
2023-04-27 18:11:21 DEBUG PooledByteBufAllocator:160 ? -Dio.netty.allocator.pageSize: 8192
2023-04-27 18:11:21 DEBUG PooledByteBufAllocator:165 ? -Dio.netty.allocator.maxOrder: 9
2023-04-27 18:11:21 DEBUG PooledByteBufAllocator:169 ? -Dio.netty.allocator.chunkSize: 4194304
2023-04-27 18:11:21 DEBUG PooledByteBufAllocator:170 ? -Dio.netty.allocator.smallCacheSize: 256
2023-04-27 18:11:21 DEBUG PooledByteBufAllocator:171 ? -Dio.netty.allocator.normalCacheSize: 64
2023-04-27 18:11:21 DEBUG PooledByteBufAllocator:172 ? -Dio.netty.allocator.maxCachedBufferCapacity: 32768
2023-04-27 18:11:21 DEBUG PooledByteBufAllocator:173 ? -Dio.netty.allocator.cacheTrimInterval: 8192
2023-04-27 18:11:21 DEBUG PooledByteBufAllocator:174 ? -Dio.netty.allocator.cacheTrimIntervalMillis: 0
2023-04-27 18:11:21 DEBUG PooledByteBufAllocator:175 ? -Dio.netty.allocator.useCacheForAllThreads: false
2023-04-27 18:11:21 DEBUG PooledByteBufAllocator:176 ? -Dio.netty.allocator.maxCachedByteBuffersPerChunk: 1023
2023-04-27 18:11:21 DEBUG ByteBufUtil:88 ? -Dio.netty.allocator.type: pooled
2023-04-27 18:11:21 DEBUG ByteBufUtil:97 ? -Dio.netty.threadLocalDirectBufferSize: 0
2023-04-27 18:11:21 DEBUG ByteBufUtil:100 ? -Dio.netty.maxThreadLocalCharBufferSize: 16384
2023-04-27 18:11:21 DEBUG DefaultChannelId:79 ? -Dio.netty.processId: 2880 (auto-detected)
2023-04-27 18:11:21 DEBUG NetUtil:148 ? -Djava.net.preferIPv4Stack: false
2023-04-27 18:11:21 DEBUG NetUtil:149 ? -Djava.net.preferIPv6Addresses: false
2023-04-27 18:11:21 DEBUG NetUtilInitializations:145 ? Loopback interface: lo (Software Loopback Interface 1, 127.0.0.1)
2023-04-27 18:11:21 DEBUG NetUtil:206 ? Failed to get SOMAXCONN from sysctl and file \proc\sys\net\core\somaxconn. Default: 200
2023-04-27 18:11:21 DEBUG DefaultChannelId:101 ? -Dio.netty.machineId: 70:c9:4e:ff:fe:a9:98:9d (auto-detected)
2023-04-27 18:11:21 DEBUG AbstractByteBuf:63 ? -Dio.netty.buffer.checkAccessible: true
2023-04-27 18:11:21 DEBUG AbstractByteBuf:64 ? -Dio.netty.buffer.checkBounds: true
2023-04-27 18:11:21 DEBUG ResourceLeakDetectorFactory:196 ? Loaded default ResourceLeakDetector: io.netty.util.ResourceLeakDetector@724389e
2023-04-27 18:11:21 DEBUG NettyConnectListener:73 ? Using new Channel '[id: 0x9f8c419e, L:/127.0.0.1:61830 - R:localhost/127.0.0.1:22550]' for 'POST' to '/session'
2023-04-27 18:11:21 DEBUG Recycler:96 ? -Dio.netty.recycler.maxCapacityPerThread: 4096
2023-04-27 18:11:21 DEBUG Recycler:97 ? -Dio.netty.recycler.ratio: 8
2023-04-27 18:11:21 DEBUG Recycler:98 ? -Dio.netty.recycler.chunkSize: 32
2023-04-27 18:11:21 DEBUG Recycler:99 ? -Dio.netty.recycler.blocking: false
2023-04-27 18:11:21 DEBUG Recycler:100 ? -Dio.netty.recycler.batchFastThreadLocalOnly: true
2023-04-27 18:11:23 DEBUG Brotli:38 ? brotli4j not in the classpath; Brotli support will be unavailable.
2023-04-27 18:11:23 DEBUG HttpHandler:70 ? 

Request DefaultHttpRequest(decodeResult: success, version: HTTP/1.1)
POST /session HTTP/1.1
User-Agent: selenium/4.9.0 (java windows)
Content-Length: 254
Content-Type: application/json; charset=utf-8
host: localhost:22550
accept: */*

Response DefaultHttpResponse(decodeResult: success, version: HTTP/1.1)
HTTP/1.1 200 OK
Content-Length: 860
Content-Type: application/json; charset=utf-8
cache-control: no-cache

2023-04-27 18:11:23 DEBUG ChannelManager:270 ? Adding key: http://localhost:22550 for channel [id: 0x9f8c419e, L:/127.0.0.1:61830 - R:localhost/127.0.0.1:22550]
2023-04-27 18:11:23 DEBUG DefaultChannelPool:348 ? Entry count for : http://localhost:22550 : 1
2023-04-27 18:11:23 DEBUG NettyConnectListener:73 ? Using new Channel '[id: 0x687620ca, L:/127.0.0.1:61852 - R:localhost/127.0.0.1:61837]' for 'GET' to '/json/version'
2023-04-27 18:11:23 DEBUG HttpHandler:70 ? 

Request DefaultFullHttpRequest(decodeResult: success, version: HTTP/1.1, content: EmptyByteBufBE)
GET /json/version HTTP/1.1
User-Agent: selenium/4.9.0 (java windows)
host: localhost:61837
accept: */*

Response DefaultHttpResponse(decodeResult: success, version: HTTP/1.1)
HTTP/1.1 200 OK
Content-Security-Policy: frame-ancestors 'none'
Content-Length: 424
Content-Type: application/json; charset=UTF-8

2023-04-27 18:11:23 DEBUG ChannelManager:270 ? Adding key: http://localhost:61837 for channel [id: 0x687620ca, L:/127.0.0.1:61852 - R:localhost/127.0.0.1:61837]
2023-04-27 18:11:23 DEBUG ThreadLocalRandom:214 ? -Dio.netty.initialSeedUniquifier: 0xf73c24a9add78fca
2023-04-27 18:11:23 DEBUG NettyConnectListener:73 ? Using new Channel '[id: 0x40bd31a8, L:/127.0.0.1:61856 - R:localhost/127.0.0.1:61837]' for 'GET' to '/devtools/browser/82949ff1-f106-4fb4-8183-6e599847332d'
2023-04-27 18:11:23 DEBUG WebSocketHandler:105 ? 

Request DefaultFullHttpRequest(decodeResult: success, version: HTTP/1.1, content: EmptyByteBufBE)
GET /devtools/browser/82949ff1-f106-4fb4-8183-6e599847332d HTTP/1.1
upgrade: websocket
connection: upgrade
sec-websocket-key: pdUcXA6/O0fy5wJ7+avQQw==
sec-websocket-version: 13
origin: http://localhost:61837
host: localhost:61837
accept: */*
user-agent: AHC/2.1

Response DefaultHttpResponse(decodeResult: success, version: HTTP/1.1)
HTTP/1.1 101 WebSocket Protocol Handshake
Upgrade: WebSocket
Connection: Upgrade
Sec-WebSocket-Accept: 5oEvxCwfoTlRszlohwXYccKmZAs=

2023-04-27 18:11:23 DEBUG NettyRequestSender:593 ? Using pooled Channel '[id: 0x9f8c419e, L:/127.0.0.1:61830 - R:localhost/127.0.0.1:22550]' for 'POST' to 'http://localhost:22550/session/dcb83e9c24ea32fd37c0c2dac3ca38c3/window/maximize'
2023-04-27 18:11:23 DEBUG NettyRequestSender:251 ? Using open Channel [id: 0x9f8c419e, L:/127.0.0.1:61830 - R:localhost/127.0.0.1:22550] for POST '/session/dcb83e9c24ea32fd37c0c2dac3ca38c3/window/maximize'
2023-04-27 18:11:24 DEBUG HttpHandler:70 ? 

Request DefaultHttpRequest(decodeResult: success, version: HTTP/1.1)
POST /session/dcb83e9c24ea32fd37c0c2dac3ca38c3/window/maximize HTTP/1.1
User-Agent: selenium/4.9.0 (java windows)
Content-Length: 3
Content-Type: application/json; charset=utf-8
host: localhost:22550
accept: */*

Response DefaultHttpResponse(decodeResult: success, version: HTTP/1.1)
HTTP/1.1 200 OK
Content-Length: 52
Content-Type: application/json; charset=utf-8
cache-control: no-cache

2023-04-27 18:11:24 DEBUG ChannelManager:270 ? Adding key: http://localhost:22550 for channel [id: 0x9f8c419e, L:/127.0.0.1:61830 - R:localhost/127.0.0.1:22550]
2023-04-27 18:11:24 DEBUG NettyRequestSender:593 ? Using pooled Channel '[id: 0x9f8c419e, L:/127.0.0.1:61830 - R:localhost/127.0.0.1:22550]' for 'POST' to 'http://localhost:22550/session/dcb83e9c24ea32fd37c0c2dac3ca38c3/timeouts'
2023-04-27 18:11:24 DEBUG NettyRequestSender:251 ? Using open Channel [id: 0x9f8c419e, L:/127.0.0.1:61830 - R:localhost/127.0.0.1:22550] for POST '/session/dcb83e9c24ea32fd37c0c2dac3ca38c3/timeouts'
2023-04-27 18:11:24 DEBUG HttpHandler:70 ? 

Request DefaultHttpRequest(decodeResult: success, version: HTTP/1.1)
POST /session/dcb83e9c24ea32fd37c0c2dac3ca38c3/timeouts HTTP/1.1
User-Agent: selenium/4.9.0 (java windows)
Content-Length: 23
Content-Type: application/json; charset=utf-8
host: localhost:22550
accept: */*

Response DefaultHttpResponse(decodeResult: success, version: HTTP/1.1)
HTTP/1.1 200 OK
Content-Length: 14
Content-Type: application/json; charset=utf-8
cache-control: no-cache

2023-04-27 18:11:24 DEBUG ChannelManager:270 ? Adding key: http://localhost:22550 for channel [id: 0x9f8c419e, L:/127.0.0.1:61830 - R:localhost/127.0.0.1:22550]
2023-04-27 18:11:24 DEBUG NettyRequestSender:593 ? Using pooled Channel '[id: 0x9f8c419e, L:/127.0.0.1:61830 - R:localhost/127.0.0.1:22550]' for 'POST' to 'http://localhost:22550/session/dcb83e9c24ea32fd37c0c2dac3ca38c3/url'
2023-04-27 18:11:24 DEBUG NettyRequestSender:251 ? Using open Channel [id: 0x9f8c419e, L:/127.0.0.1:61830 - R:localhost/127.0.0.1:22550] for POST '/session/dcb83e9c24ea32fd37c0c2dac3ca38c3/url'
2023-04-27 18:11:24 DEBUG DefaultChannelPool:348 ? Entry count for : http://localhost:61837 : 1
2023-04-27 18:11:24 DEBUG HttpHandler:70 ? 

Request DefaultHttpRequest(decodeResult: success, version: HTTP/1.1)
POST /session/dcb83e9c24ea32fd37c0c2dac3ca38c3/url HTTP/1.1
User-Agent: selenium/4.9.0 (java windows)
Content-Length: 67
Content-Type: application/json; charset=utf-8
host: localhost:22550
accept: */*

Response DefaultHttpResponse(decodeResult: success, version: HTTP/1.1)
HTTP/1.1 200 OK
Content-Length: 14
Content-Type: application/json; charset=utf-8
cache-control: no-cache

2023-04-27 18:11:24 DEBUG ChannelManager:270 ? Adding key: http://localhost:22550 for channel [id: 0x9f8c419e, L:/127.0.0.1:61830 - R:localhost/127.0.0.1:22550]
2023-04-27 18:11:24 DEBUG NettyRequestSender:593 ? Using pooled Channel '[id: 0x9f8c419e, L:/127.0.0.1:61830 - R:localhost/127.0.0.1:22550]' for 'POST' to 'http://localhost:22550/session/dcb83e9c24ea32fd37c0c2dac3ca38c3/element'
2023-04-27 18:11:24 DEBUG NettyRequestSender:251 ? Using open Channel [id: 0x9f8c419e, L:/127.0.0.1:61830 - R:localhost/127.0.0.1:22550] for POST '/session/dcb83e9c24ea32fd37c0c2dac3ca38c3/element'
2023-04-27 18:11:24 DEBUG HttpHandler:70 ? 

Request DefaultHttpRequest(decodeResult: success, version: HTTP/1.1)
POST /session/dcb83e9c24ea32fd37c0c2dac3ca38c3/element HTTP/1.1
User-Agent: selenium/4.9.0 (java windows)
Content-Length: 53
Content-Type: application/json; charset=utf-8
host: localhost:22550
accept: */*

Response DefaultHttpResponse(decodeResult: success, version: HTTP/1.1)
HTTP/1.1 200 OK
Content-Length: 88
Content-Type: application/json; charset=utf-8
cache-control: no-cache

2023-04-27 18:11:24 DEBUG ChannelManager:270 ? Adding key: http://localhost:22550 for channel [id: 0x9f8c419e, L:/127.0.0.1:61830 - R:localhost/127.0.0.1:22550]
2023-04-27 18:11:24 DEBUG NettyRequestSender:593 ? Using pooled Channel '[id: 0x9f8c419e, L:/127.0.0.1:61830 - R:localhost/127.0.0.1:22550]' for 'POST' to 'http://localhost:22550/session/dcb83e9c24ea32fd37c0c2dac3ca38c3/execute/sync'
2023-04-27 18:11:24 DEBUG NettyRequestSender:251 ? Using open Channel [id: 0x9f8c419e, L:/127.0.0.1:61830 - R:localhost/127.0.0.1:22550] for POST '/session/dcb83e9c24ea32fd37c0c2dac3ca38c3/execute/sync'
2023-04-27 18:11:24 DEBUG HttpHandler:70 ? 

Request DefaultHttpRequest(decodeResult: success, version: HTTP/1.1)
POST /session/dcb83e9c24ea32fd37c0c2dac3ca38c3/execute/sync HTTP/1.1
User-Agent: selenium/4.9.0 (java windows)
Content-Length: 48807
Content-Type: application/json; charset=utf-8
host: localhost:22550
accept: */*

Response DefaultHttpResponse(decodeResult: success, version: HTTP/1.1)
HTTP/1.1 200 OK
Content-Length: 14
Content-Type: application/json; charset=utf-8
cache-control: no-cache

2023-04-27 18:11:24 DEBUG ChannelManager:270 ? Adding key: http://localhost:22550 for channel [id: 0x9f8c419e, L:/127.0.0.1:61830 - R:localhost/127.0.0.1:22550]
2023-04-27 18:11:24 DEBUG NettyRequestSender:593 ? Using pooled Channel '[id: 0x9f8c419e, L:/127.0.0.1:61830 - R:localhost/127.0.0.1:22550]' for 'POST' to 'http://localhost:22550/session/dcb83e9c24ea32fd37c0c2dac3ca38c3/element'
2023-04-27 18:11:24 DEBUG NettyRequestSender:251 ? Using open Channel [id: 0x9f8c419e, L:/127.0.0.1:61830 - R:localhost/127.0.0.1:22550] for POST '/session/dcb83e9c24ea32fd37c0c2dac3ca38c3/element'
2023-04-27 18:11:24 DEBUG HttpHandler:70 ? 

Request DefaultHttpRequest(decodeResult: success, version: HTTP/1.1)
POST /session/dcb83e9c24ea32fd37c0c2dac3ca38c3/element HTTP/1.1
User-Agent: selenium/4.9.0 (java windows)
Content-Length: 54
Content-Type: application/json; charset=utf-8
host: localhost:22550
accept: */*

Response DefaultHttpResponse(decodeResult: success, version: HTTP/1.1)
HTTP/1.1 200 OK
Content-Length: 88
Content-Type: application/json; charset=utf-8
cache-control: no-cache

2023-04-27 18:11:24 DEBUG ChannelManager:270 ? Adding key: http://localhost:22550 for channel [id: 0x9f8c419e, L:/127.0.0.1:61830 - R:localhost/127.0.0.1:22550]
2023-04-27 18:11:24 DEBUG NettyRequestSender:593 ? Using pooled Channel '[id: 0x9f8c419e, L:/127.0.0.1:61830 - R:localhost/127.0.0.1:22550]' for 'POST' to 'http://localhost:22550/session/dcb83e9c24ea32fd37c0c2dac3ca38c3/execute/sync'
2023-04-27 18:11:24 DEBUG NettyRequestSender:251 ? Using open Channel [id: 0x9f8c419e, L:/127.0.0.1:61830 - R:localhost/127.0.0.1:22550] for POST '/session/dcb83e9c24ea32fd37c0c2dac3ca38c3/execute/sync'
2023-04-27 18:11:24 DEBUG HttpHandler:70 ? 

Request DefaultHttpRequest(decodeResult: success, version: HTTP/1.1)
POST /session/dcb83e9c24ea32fd37c0c2dac3ca38c3/execute/sync HTTP/1.1
User-Agent: selenium/4.9.0 (java windows)
Content-Length: 48807
Content-Type: application/json; charset=utf-8
host: localhost:22550
accept: */*

Response DefaultHttpResponse(decodeResult: success, version: HTTP/1.1)
HTTP/1.1 200 OK
Content-Length: 14
Content-Type: application/json; charset=utf-8
cache-control: no-cache

2023-04-27 18:11:24 DEBUG ChannelManager:270 ? Adding key: http://localhost:22550 for channel [id: 0x9f8c419e, L:/127.0.0.1:61830 - R:localhost/127.0.0.1:22550]
2023-04-27 18:11:24 DEBUG NettyRequestSender:593 ? Using pooled Channel '[id: 0x9f8c419e, L:/127.0.0.1:61830 - R:localhost/127.0.0.1:22550]' for 'POST' to 'http://localhost:22550/session/dcb83e9c24ea32fd37c0c2dac3ca38c3/element'
2023-04-27 18:11:24 DEBUG NettyRequestSender:251 ? Using open Channel [id: 0x9f8c419e, L:/127.0.0.1:61830 - R:localhost/127.0.0.1:22550] for POST '/session/dcb83e9c24ea32fd37c0c2dac3ca38c3/element'
2023-04-27 18:11:24 DEBUG HttpHandler:70 ? 

Request DefaultHttpRequest(decodeResult: success, version: HTTP/1.1)
POST /session/dcb83e9c24ea32fd37c0c2dac3ca38c3/element HTTP/1.1
User-Agent: selenium/4.9.0 (java windows)
Content-Length: 53
Content-Type: application/json; charset=utf-8
host: localhost:22550
accept: */*

Response DefaultHttpResponse(decodeResult: success, version: HTTP/1.1)
HTTP/1.1 200 OK
Content-Length: 88
Content-Type: application/json; charset=utf-8
cache-control: no-cache

2023-04-27 18:11:24 DEBUG ChannelManager:270 ? Adding key: http://localhost:22550 for channel [id: 0x9f8c419e, L:/127.0.0.1:61830 - R:localhost/127.0.0.1:22550]
2023-04-27 18:11:24 DEBUG NettyRequestSender:593 ? Using pooled Channel '[id: 0x9f8c419e, L:/127.0.0.1:61830 - R:localhost/127.0.0.1:22550]' for 'POST' to 'http://localhost:22550/session/dcb83e9c24ea32fd37c0c2dac3ca38c3/execute/sync'
2023-04-27 18:11:24 DEBUG NettyRequestSender:251 ? Using open Channel [id: 0x9f8c419e, L:/127.0.0.1:61830 - R:localhost/127.0.0.1:22550] for POST '/session/dcb83e9c24ea32fd37c0c2dac3ca38c3/execute/sync'
2023-04-27 18:11:24 DEBUG HttpHandler:70 ? 

Request DefaultHttpRequest(decodeResult: success, version: HTTP/1.1)
POST /session/dcb83e9c24ea32fd37c0c2dac3ca38c3/execute/sync HTTP/1.1
User-Agent: selenium/4.9.0 (java windows)
Content-Length: 48807
Content-Type: application/json; charset=utf-8
host: localhost:22550
accept: */*

Response DefaultHttpResponse(decodeResult: success, version: HTTP/1.1)
HTTP/1.1 200 OK
Content-Length: 14
Content-Type: application/json; charset=utf-8
cache-control: no-cache

2023-04-27 18:11:24 DEBUG ChannelManager:270 ? Adding key: http://localhost:22550 for channel [id: 0x9f8c419e, L:/127.0.0.1:61830 - R:localhost/127.0.0.1:22550]
2023-04-27 18:11:24 DEBUG NettyRequestSender:593 ? Using pooled Channel '[id: 0x9f8c419e, L:/127.0.0.1:61830 - R:localhost/127.0.0.1:22550]' for 'POST' to 'http://localhost:22550/session/dcb83e9c24ea32fd37c0c2dac3ca38c3/element'
2023-04-27 18:11:24 DEBUG NettyRequestSender:251 ? Using open Channel [id: 0x9f8c419e, L:/127.0.0.1:61830 - R:localhost/127.0.0.1:22550] for POST '/session/dcb83e9c24ea32fd37c0c2dac3ca38c3/element'
2023-04-27 18:11:25 DEBUG HttpHandler:70 ? 

Request DefaultHttpRequest(decodeResult: success, version: HTTP/1.1)
POST /session/dcb83e9c24ea32fd37c0c2dac3ca38c3/element HTTP/1.1
User-Agent: selenium/4.9.0 (java windows)
Content-Length: 53
Content-Type: application/json; charset=utf-8
host: localhost:22550
accept: */*

Response DefaultHttpResponse(decodeResult: success, version: HTTP/1.1)
HTTP/1.1 200 OK
Content-Length: 88
Content-Type: application/json; charset=utf-8
cache-control: no-cache

2023-04-27 18:11:25 DEBUG ChannelManager:270 ? Adding key: http://localhost:22550 for channel [id: 0x9f8c419e, L:/127.0.0.1:61830 - R:localhost/127.0.0.1:22550]
2023-04-27 18:11:25 DEBUG NettyRequestSender:593 ? Using pooled Channel '[id: 0x9f8c419e, L:/127.0.0.1:61830 - R:localhost/127.0.0.1:22550]' for 'POST' to 'http://localhost:22550/session/dcb83e9c24ea32fd37c0c2dac3ca38c3/execute/sync'
2023-04-27 18:11:25 DEBUG NettyRequestSender:251 ? Using open Channel [id: 0x9f8c419e, L:/127.0.0.1:61830 - R:localhost/127.0.0.1:22550] for POST '/session/dcb83e9c24ea32fd37c0c2dac3ca38c3/execute/sync'
2023-04-27 18:11:25 DEBUG HttpHandler:70 ? 

Request DefaultHttpRequest(decodeResult: success, version: HTTP/1.1)
POST /session/dcb83e9c24ea32fd37c0c2dac3ca38c3/execute/sync HTTP/1.1
User-Agent: selenium/4.9.0 (java windows)
Content-Length: 48807
Content-Type: application/json; charset=utf-8
host: localhost:22550
accept: */*

Response DefaultHttpResponse(decodeResult: success, version: HTTP/1.1)
HTTP/1.1 200 OK
Content-Length: 14
Content-Type: application/json; charset=utf-8
cache-control: no-cache

2023-04-27 18:11:25 DEBUG ChannelManager:270 ? Adding key: http://localhost:22550 for channel [id: 0x9f8c419e, L:/127.0.0.1:61830 - R:localhost/127.0.0.1:22550]
2023-04-27 18:11:25 DEBUG NettyRequestSender:593 ? Using pooled Channel '[id: 0x9f8c419e, L:/127.0.0.1:61830 - R:localhost/127.0.0.1:22550]' for 'POST' to 'http://localhost:22550/session/dcb83e9c24ea32fd37c0c2dac3ca38c3/element'
2023-04-27 18:11:25 DEBUG NettyRequestSender:251 ? Using open Channel [id: 0x9f8c419e, L:/127.0.0.1:61830 - R:localhost/127.0.0.1:22550] for POST '/session/dcb83e9c24ea32fd37c0c2dac3ca38c3/element'
2023-04-27 18:11:25 DEBUG HttpHandler:70 ? 

Request DefaultHttpRequest(decodeResult: success, version: HTTP/1.1)
POST /session/dcb83e9c24ea32fd37c0c2dac3ca38c3/element HTTP/1.1
User-Agent: selenium/4.9.0 (java windows)
Content-Length: 60
Content-Type: application/json; charset=utf-8
host: localhost:22550
accept: */*

Response DefaultHttpResponse(decodeResult: success, version: HTTP/1.1)
HTTP/1.1 200 OK
Content-Length: 88
Content-Type: application/json; charset=utf-8
cache-control: no-cache

2023-04-27 18:11:25 DEBUG ChannelManager:270 ? Adding key: http://localhost:22550 for channel [id: 0x9f8c419e, L:/127.0.0.1:61830 - R:localhost/127.0.0.1:22550]
2023-04-27 18:11:25 DEBUG NettyRequestSender:593 ? Using pooled Channel '[id: 0x9f8c419e, L:/127.0.0.1:61830 - R:localhost/127.0.0.1:22550]' for 'POST' to 'http://localhost:22550/session/dcb83e9c24ea32fd37c0c2dac3ca38c3/execute/sync'
2023-04-27 18:11:25 DEBUG NettyRequestSender:251 ? Using open Channel [id: 0x9f8c419e, L:/127.0.0.1:61830 - R:localhost/127.0.0.1:22550] for POST '/session/dcb83e9c24ea32fd37c0c2dac3ca38c3/execute/sync'
2023-04-27 18:11:25 DEBUG HttpHandler:70 ? 

Request DefaultHttpRequest(decodeResult: success, version: HTTP/1.1)
POST /session/dcb83e9c24ea32fd37c0c2dac3ca38c3/execute/sync HTTP/1.1
User-Agent: selenium/4.9.0 (java windows)
Content-Length: 48807
Content-Type: application/json; charset=utf-8
host: localhost:22550
accept: */*

Response DefaultHttpResponse(decodeResult: success, version: HTTP/1.1)
HTTP/1.1 200 OK
Content-Length: 14
Content-Type: application/json; charset=utf-8
cache-control: no-cache

2023-04-27 18:11:25 DEBUG ChannelManager:270 ? Adding key: http://localhost:22550 for channel [id: 0x9f8c419e, L:/127.0.0.1:61830 - R:localhost/127.0.0.1:22550]
2023-04-27 18:11:25 DEBUG NettyRequestSender:593 ? Using pooled Channel '[id: 0x9f8c419e, L:/127.0.0.1:61830 - R:localhost/127.0.0.1:22550]' for 'DELETE' to 'http://localhost:22550/session/dcb83e9c24ea32fd37c0c2dac3ca38c3'
2023-04-27 18:11:25 DEBUG NettyRequestSender:251 ? Using open Channel [id: 0x9f8c419e, L:/127.0.0.1:61830 - R:localhost/127.0.0.1:22550] for DELETE '/session/dcb83e9c24ea32fd37c0c2dac3ca38c3'
2023-04-27 18:11:25 DEBUG WebSocketHandler:126 ? Channel Closed: [id: 0x40bd31a8, L:/127.0.0.1:61856 ! R:localhost/127.0.0.1:61837] with attribute NettyResponseFuture{currentRetry=0,
	isDone=1,
	isCancelled=0,
	asyncHandler=org.asynchttpclient.ws.WebSocketUpgradeHandler@55a116a2,
	nettyRequest=org.asynchttpclient.netty.request.NettyRequest@acffeb3,
	future=java.util.concurrent.CompletableFuture@1a0933cf[Completed normally],
	uri=ws://localhost:61837/devtools/browser/82949ff1-f106-4fb4-8183-6e599847332d,
	keepAlive=true,
	redirectCount=0,
	timeoutsHolder=null,
	inAuth=0,
	touch=1682575883694}
2023-04-27 18:11:25 DEBUG ChannelManager:315 ? Closing Channel [id: 0x40bd31a8, L:/127.0.0.1:61856 ! R:localhost/127.0.0.1:61837] 
2023-04-27 18:11:25 DEBUG HttpHandler:159 ? Unexpected I/O exception on channel [id: 0x687620ca, L:/127.0.0.1:61852 - R:localhost/127.0.0.1:61837]
java.net.SocketException: Connection reset
	at java.base/sun.nio.ch.SocketChannelImpl.throwConnectionReset(SocketChannelImpl.java:401)
	at java.base/sun.nio.ch.SocketChannelImpl.read(SocketChannelImpl.java:434)
	at io.netty.buffer.PooledByteBuf.setBytes(PooledByteBuf.java:256)
	at io.netty.buffer.AbstractByteBuf.writeBytes(AbstractByteBuf.java:1132)
	at io.netty.channel.socket.nio.NioSocketChannel.doReadBytes(NioSocketChannel.java:357)
	at io.netty.channel.nio.AbstractNioByteChannel$NioByteUnsafe.read(AbstractNioByteChannel.java:151)
	at io.netty.channel.nio.NioEventLoop.processSelectedKey(NioEventLoop.java:788)
	at io.netty.channel.nio.NioEventLoop.processSelectedKeysOptimized(NioEventLoop.java:724)
	at io.netty.channel.nio.NioEventLoop.processSelectedKeys(NioEventLoop.java:650)
	at io.netty.channel.nio.NioEventLoop.run(NioEventLoop.java:562)
	at io.netty.util.concurrent.SingleThreadEventExecutor$4.run(SingleThreadEventExecutor.java:997)
	at io.netty.util.internal.ThreadExecutorMap$2.run(ThreadExecutorMap.java:74)
	at io.netty.util.concurrent.FastThreadLocalRunnable.run(FastThreadLocalRunnable.java:30)
	at java.base/java.lang.Thread.run(Thread.java:1589)
2023-04-27 18:11:25 DEBUG ChannelManager:315 ? Closing Channel [id: 0x687620ca, L:/127.0.0.1:61852 - R:localhost/127.0.0.1:61837] 
2023-04-27 18:11:25 DEBUG HttpHandler:126 ? Channel Closed: [id: 0x687620ca, L:/127.0.0.1:61852 ! R:localhost/127.0.0.1:61837] with attribute DISCARD
2023-04-27 18:11:25 DEBUG HttpHandler:70 ? 

Request DefaultFullHttpRequest(decodeResult: success, version: HTTP/1.1, content: EmptyByteBufBE)
DELETE /session/dcb83e9c24ea32fd37c0c2dac3ca38c3 HTTP/1.1
User-Agent: selenium/4.9.0 (java windows)
Content-Type: application/json; charset=utf-8
host: localhost:22550
accept: */*

Response DefaultHttpResponse(decodeResult: success, version: HTTP/1.1)
HTTP/1.1 200 OK
Content-Length: 14
Content-Type: application/json; charset=utf-8
cache-control: no-cache

2023-04-27 18:11:25 DEBUG ChannelManager:270 ? Adding key: http://localhost:22550 for channel [id: 0x9f8c419e, L:/127.0.0.1:61830 - R:localhost/127.0.0.1:22550]
2023-04-27 18:11:25 DEBUG DefaultChannelPool:348 ? Entry count for : http://localhost:22550 : 1
2023-04-27 18:11:25 DEBUG DefaultChannelPool:348 ? Entry count for : http://localhost:61837 : 1
2023-04-27 18:11:25 DEBUG DefaultChannelPool:302 ? Adding Candidate expired Channel [id: 0x687620ca, L:/127.0.0.1:61852 ! R:localhost/127.0.0.1:61837] isIdleTimeoutExpired=false isRemotelyClosed=true isTtlExpired=false
2023-04-27 18:11:25 DEBUG DefaultChannelPool:321 ? Closing Idle Channel [id: 0x687620ca, L:/127.0.0.1:61852 ! R:localhost/127.0.0.1:61837]
2023-04-27 18:11:25 DEBUG DefaultChannelPool:374 ? Closed 1 connections out of 2 in 2 ms
2023-04-27 18:11:25 DEBUG HttpHandler:126 ? Channel Closed: [id: 0x9f8c419e, L:/127.0.0.1:61830 ! R:localhost/127.0.0.1:22550] with attribute DISCARD
2023-04-27 18:37:06 DEBUG InternalLoggerFactory:63 ? Using SLF4J as the default logging framework
2023-04-27 18:37:06 DEBUG ResourceLeakDetector:129 ? -Dio.netty.leakDetection.level: simple
2023-04-27 18:37:06 DEBUG ResourceLeakDetector:130 ? -Dio.netty.leakDetection.targetRecords: 4
2023-04-27 18:37:06 DEBUG ResourceLeakDetectorFactory:196 ? Loaded default ResourceLeakDetector: io.netty.util.ResourceLeakDetector@53ab0286
2023-04-27 18:37:06 DEBUG PlatformDependent0:496 ? -Dio.netty.noUnsafe: false
2023-04-27 18:37:06 DEBUG PlatformDependent0:1000 ? Java version: 19
2023-04-27 18:37:06 DEBUG PlatformDependent0:137 ? sun.misc.Unsafe.theUnsafe: available
2023-04-27 18:37:06 DEBUG PlatformDependent0:161 ? sun.misc.Unsafe.copyMemory: available
2023-04-27 18:37:06 DEBUG PlatformDependent0:193 ? sun.misc.Unsafe.storeFence: available
2023-04-27 18:37:06 DEBUG PlatformDependent0:236 ? java.nio.Buffer.address: available
2023-04-27 18:37:06 DEBUG PlatformDependent0:320 ? direct buffer constructor: unavailable: Reflective setAccessible(true) disabled
2023-04-27 18:37:06 DEBUG PlatformDependent0:385 ? java.nio.Bits.unaligned: available, true
2023-04-27 18:37:06 DEBUG PlatformDependent0:452 ? jdk.internal.misc.Unsafe.allocateUninitializedArray(int): unavailable: class io.netty.util.internal.PlatformDependent0$7 cannot access class jdk.internal.misc.Unsafe (in module java.base) because module java.base does not export jdk.internal.misc to unnamed module @5679c6c6
2023-04-27 18:37:06 DEBUG PlatformDependent0:482 ? java.nio.DirectByteBuffer.<init>(long, int): unavailable
2023-04-27 18:37:06 DEBUG PlatformDependent:1159 ? sun.misc.Unsafe: available
2023-04-27 18:37:06 DEBUG PlatformDependent:1270 ? maxDirectMemory: 5339348992 bytes (maybe)
2023-04-27 18:37:06 DEBUG PlatformDependent:1289 ? -Dio.netty.tmpdir: C:\Users\rohit\AppData\Local\Temp (java.io.tmpdir)
2023-04-27 18:37:06 DEBUG PlatformDependent:1368 ? -Dio.netty.bitMode: 64 (sun.arch.data.model)
2023-04-27 18:37:06 DEBUG PlatformDependent:1119 ? Platform: Windows
2023-04-27 18:37:06 DEBUG PlatformDependent:178 ? -Dio.netty.maxDirectMemory: -1 bytes
2023-04-27 18:37:06 DEBUG PlatformDependent:185 ? -Dio.netty.uninitializedArrayAllocationThreshold: -1
2023-04-27 18:37:06 DEBUG CleanerJava9:71 ? java.nio.ByteBuffer.cleaner(): available
2023-04-27 18:37:06 DEBUG PlatformDependent:205 ? -Dio.netty.noPreferDirect: false
2023-04-27 18:37:06 DEBUG PlatformDependent:1010 ? org.jctools-core.MpscChunkedArrayQueue: available
2023-04-27 18:37:06 DEBUG InternalThreadLocalMap:100 ? -Dio.netty.threadLocalMap.stringBuilder.initialSize: 1024
2023-04-27 18:37:06 DEBUG InternalThreadLocalMap:101 ? -Dio.netty.threadLocalMap.stringBuilder.maxSize: 4096
2023-04-27 18:37:06 DEBUG JdkSslContext:83 ? Default protocols (JDK): [TLSv1.3, TLSv1.2] 
2023-04-27 18:37:06 DEBUG JdkSslContext:84 ? Default cipher suites (JDK): [TLS_ECDHE_ECDSA_WITH_AES_256_GCM_SHA384, TLS_ECDHE_ECDSA_WITH_AES_128_GCM_SHA256, TLS_ECDHE_RSA_WITH_AES_128_GCM_SHA256, TLS_ECDHE_RSA_WITH_AES_256_GCM_SHA384, TLS_ECDHE_RSA_WITH_AES_128_CBC_SHA, TLS_ECDHE_RSA_WITH_AES_256_CBC_SHA, TLS_RSA_WITH_AES_128_GCM_SHA256, TLS_RSA_WITH_AES_128_CBC_SHA, TLS_RSA_WITH_AES_256_CBC_SHA, TLS_AES_128_GCM_SHA256, TLS_AES_256_GCM_SHA384]
2023-04-27 18:37:06 DEBUG GlobalEventExecutor:53 ? -Dio.netty.globalEventExecutor.quietPeriodSeconds: 1
2023-04-27 18:37:06 DEBUG MultithreadEventLoopGroup:44 ? -Dio.netty.eventLoopThreads: 16
2023-04-27 18:37:06 DEBUG NioEventLoop:110 ? -Dio.netty.noKeySetOptimization: false
2023-04-27 18:37:06 DEBUG NioEventLoop:111 ? -Dio.netty.selectorAutoRebuildThreshold: 512
2023-04-27 18:37:06 DEBUG PooledByteBufAllocator:157 ? -Dio.netty.allocator.numHeapArenas: 16
2023-04-27 18:37:06 DEBUG PooledByteBufAllocator:158 ? -Dio.netty.allocator.numDirectArenas: 16
2023-04-27 18:37:06 DEBUG PooledByteBufAllocator:160 ? -Dio.netty.allocator.pageSize: 8192
2023-04-27 18:37:06 DEBUG PooledByteBufAllocator:165 ? -Dio.netty.allocator.maxOrder: 9
2023-04-27 18:37:06 DEBUG PooledByteBufAllocator:169 ? -Dio.netty.allocator.chunkSize: 4194304
2023-04-27 18:37:06 DEBUG PooledByteBufAllocator:170 ? -Dio.netty.allocator.smallCacheSize: 256
2023-04-27 18:37:06 DEBUG PooledByteBufAllocator:171 ? -Dio.netty.allocator.normalCacheSize: 64
2023-04-27 18:37:06 DEBUG PooledByteBufAllocator:172 ? -Dio.netty.allocator.maxCachedBufferCapacity: 32768
2023-04-27 18:37:06 DEBUG PooledByteBufAllocator:173 ? -Dio.netty.allocator.cacheTrimInterval: 8192
2023-04-27 18:37:06 DEBUG PooledByteBufAllocator:174 ? -Dio.netty.allocator.cacheTrimIntervalMillis: 0
2023-04-27 18:37:06 DEBUG PooledByteBufAllocator:175 ? -Dio.netty.allocator.useCacheForAllThreads: false
2023-04-27 18:37:06 DEBUG PooledByteBufAllocator:176 ? -Dio.netty.allocator.maxCachedByteBuffersPerChunk: 1023
2023-04-27 18:37:06 DEBUG ByteBufUtil:88 ? -Dio.netty.allocator.type: pooled
2023-04-27 18:37:06 DEBUG ByteBufUtil:97 ? -Dio.netty.threadLocalDirectBufferSize: 0
2023-04-27 18:37:06 DEBUG ByteBufUtil:100 ? -Dio.netty.maxThreadLocalCharBufferSize: 16384
2023-04-27 18:37:07 DEBUG DefaultChannelId:79 ? -Dio.netty.processId: 17252 (auto-detected)
2023-04-27 18:37:07 DEBUG NetUtil:148 ? -Djava.net.preferIPv4Stack: false
2023-04-27 18:37:07 DEBUG NetUtil:149 ? -Djava.net.preferIPv6Addresses: false
2023-04-27 18:37:07 DEBUG NetUtilInitializations:145 ? Loopback interface: lo (Software Loopback Interface 1, 127.0.0.1)
2023-04-27 18:37:07 DEBUG NetUtil:206 ? Failed to get SOMAXCONN from sysctl and file \proc\sys\net\core\somaxconn. Default: 200
2023-04-27 18:37:07 DEBUG DefaultChannelId:101 ? -Dio.netty.machineId: 70:c9:4e:ff:fe:a9:98:9d (auto-detected)
2023-04-27 18:37:07 DEBUG AbstractByteBuf:63 ? -Dio.netty.buffer.checkAccessible: true
2023-04-27 18:37:07 DEBUG AbstractByteBuf:64 ? -Dio.netty.buffer.checkBounds: true
2023-04-27 18:37:07 DEBUG ResourceLeakDetectorFactory:196 ? Loaded default ResourceLeakDetector: io.netty.util.ResourceLeakDetector@1707ada5
2023-04-27 18:37:07 DEBUG NettyConnectListener:73 ? Using new Channel '[id: 0xe025eda3, L:/127.0.0.1:64712 - R:localhost/127.0.0.1:24225]' for 'POST' to '/session'
2023-04-27 18:37:07 DEBUG Recycler:96 ? -Dio.netty.recycler.maxCapacityPerThread: 4096
2023-04-27 18:37:07 DEBUG Recycler:97 ? -Dio.netty.recycler.ratio: 8
2023-04-27 18:37:07 DEBUG Recycler:98 ? -Dio.netty.recycler.chunkSize: 32
2023-04-27 18:37:07 DEBUG Recycler:99 ? -Dio.netty.recycler.blocking: false
2023-04-27 18:37:07 DEBUG Recycler:100 ? -Dio.netty.recycler.batchFastThreadLocalOnly: true
2023-04-27 18:37:08 DEBUG Brotli:38 ? brotli4j not in the classpath; Brotli support will be unavailable.
2023-04-27 18:37:08 DEBUG HttpHandler:70 ? 

Request DefaultHttpRequest(decodeResult: success, version: HTTP/1.1)
POST /session HTTP/1.1
User-Agent: selenium/4.9.0 (java windows)
Content-Length: 254
Content-Type: application/json; charset=utf-8
host: localhost:24225
accept: */*

Response DefaultHttpResponse(decodeResult: success, version: HTTP/1.1)
HTTP/1.1 200 OK
Content-Length: 858
Content-Type: application/json; charset=utf-8
cache-control: no-cache

2023-04-27 18:37:08 DEBUG ChannelManager:270 ? Adding key: http://localhost:24225 for channel [id: 0xe025eda3, L:/127.0.0.1:64712 - R:localhost/127.0.0.1:24225]
2023-04-27 18:37:08 DEBUG DefaultChannelPool:348 ? Entry count for : http://localhost:24225 : 1
2023-04-27 18:37:09 DEBUG NettyConnectListener:73 ? Using new Channel '[id: 0x94188d40, L:/127.0.0.1:64734 - R:localhost/127.0.0.1:64718]' for 'GET' to '/json/version'
2023-04-27 18:37:09 DEBUG HttpHandler:70 ? 

Request DefaultFullHttpRequest(decodeResult: success, version: HTTP/1.1, content: EmptyByteBufBE)
GET /json/version HTTP/1.1
User-Agent: selenium/4.9.0 (java windows)
host: localhost:64718
accept: */*

Response DefaultHttpResponse(decodeResult: success, version: HTTP/1.1)
HTTP/1.1 200 OK
Content-Security-Policy: frame-ancestors 'none'
Content-Length: 424
Content-Type: application/json; charset=UTF-8

2023-04-27 18:37:09 DEBUG ChannelManager:270 ? Adding key: http://localhost:64718 for channel [id: 0x94188d40, L:/127.0.0.1:64734 - R:localhost/127.0.0.1:64718]
2023-04-27 18:37:09 DEBUG ThreadLocalRandom:214 ? -Dio.netty.initialSeedUniquifier: 0x3d2ce65f8a971d88
2023-04-27 18:37:09 DEBUG NettyConnectListener:73 ? Using new Channel '[id: 0x58baf9ea, L:/127.0.0.1:64735 - R:localhost/127.0.0.1:64718]' for 'GET' to '/devtools/browser/290d15f3-c955-4669-a583-f33af02485f9'
2023-04-27 18:37:09 DEBUG WebSocketHandler:105 ? 

Request DefaultFullHttpRequest(decodeResult: success, version: HTTP/1.1, content: EmptyByteBufBE)
GET /devtools/browser/290d15f3-c955-4669-a583-f33af02485f9 HTTP/1.1
upgrade: websocket
connection: upgrade
sec-websocket-key: 0/fkvOd4fkmYOE/PS6B58g==
sec-websocket-version: 13
origin: http://localhost:64718
host: localhost:64718
accept: */*
user-agent: AHC/2.1

Response DefaultHttpResponse(decodeResult: success, version: HTTP/1.1)
HTTP/1.1 101 WebSocket Protocol Handshake
Upgrade: WebSocket
Connection: Upgrade
Sec-WebSocket-Accept: uDHidJ5oNzLnoYPw0ppJlRUMKUU=

2023-04-27 18:37:09 DEBUG NettyRequestSender:593 ? Using pooled Channel '[id: 0xe025eda3, L:/127.0.0.1:64712 - R:localhost/127.0.0.1:24225]' for 'POST' to 'http://localhost:24225/session/4e82aec990d7f75fb7597faf8c455992/window/maximize'
2023-04-27 18:37:09 DEBUG NettyRequestSender:251 ? Using open Channel [id: 0xe025eda3, L:/127.0.0.1:64712 - R:localhost/127.0.0.1:24225] for POST '/session/4e82aec990d7f75fb7597faf8c455992/window/maximize'
2023-04-27 18:37:09 DEBUG HttpHandler:70 ? 

Request DefaultHttpRequest(decodeResult: success, version: HTTP/1.1)
POST /session/4e82aec990d7f75fb7597faf8c455992/window/maximize HTTP/1.1
User-Agent: selenium/4.9.0 (java windows)
Content-Length: 3
Content-Type: application/json; charset=utf-8
host: localhost:24225
accept: */*

Response DefaultHttpResponse(decodeResult: success, version: HTTP/1.1)
HTTP/1.1 200 OK
Content-Length: 52
Content-Type: application/json; charset=utf-8
cache-control: no-cache

2023-04-27 18:37:09 DEBUG ChannelManager:270 ? Adding key: http://localhost:24225 for channel [id: 0xe025eda3, L:/127.0.0.1:64712 - R:localhost/127.0.0.1:24225]
2023-04-27 18:37:09 DEBUG NettyRequestSender:593 ? Using pooled Channel '[id: 0xe025eda3, L:/127.0.0.1:64712 - R:localhost/127.0.0.1:24225]' for 'POST' to 'http://localhost:24225/session/4e82aec990d7f75fb7597faf8c455992/timeouts'
2023-04-27 18:37:09 DEBUG NettyRequestSender:251 ? Using open Channel [id: 0xe025eda3, L:/127.0.0.1:64712 - R:localhost/127.0.0.1:24225] for POST '/session/4e82aec990d7f75fb7597faf8c455992/timeouts'
2023-04-27 18:37:09 DEBUG HttpHandler:70 ? 

Request DefaultHttpRequest(decodeResult: success, version: HTTP/1.1)
POST /session/4e82aec990d7f75fb7597faf8c455992/timeouts HTTP/1.1
User-Agent: selenium/4.9.0 (java windows)
Content-Length: 23
Content-Type: application/json; charset=utf-8
host: localhost:24225
accept: */*

Response DefaultHttpResponse(decodeResult: success, version: HTTP/1.1)
HTTP/1.1 200 OK
Content-Length: 14
Content-Type: application/json; charset=utf-8
cache-control: no-cache

2023-04-27 18:37:09 DEBUG ChannelManager:270 ? Adding key: http://localhost:24225 for channel [id: 0xe025eda3, L:/127.0.0.1:64712 - R:localhost/127.0.0.1:24225]
2023-04-27 18:37:09 DEBUG NettyRequestSender:593 ? Using pooled Channel '[id: 0xe025eda3, L:/127.0.0.1:64712 - R:localhost/127.0.0.1:24225]' for 'POST' to 'http://localhost:24225/session/4e82aec990d7f75fb7597faf8c455992/url'
2023-04-27 18:37:09 DEBUG NettyRequestSender:251 ? Using open Channel [id: 0xe025eda3, L:/127.0.0.1:64712 - R:localhost/127.0.0.1:24225] for POST '/session/4e82aec990d7f75fb7597faf8c455992/url'
2023-04-27 18:37:09 DEBUG DefaultChannelPool:348 ? Entry count for : http://localhost:64718 : 1
2023-04-27 18:37:10 DEBUG HttpHandler:70 ? 

Request DefaultHttpRequest(decodeResult: success, version: HTTP/1.1)
POST /session/4e82aec990d7f75fb7597faf8c455992/url HTTP/1.1
User-Agent: selenium/4.9.0 (java windows)
Content-Length: 67
Content-Type: application/json; charset=utf-8
host: localhost:24225
accept: */*

Response DefaultHttpResponse(decodeResult: success, version: HTTP/1.1)
HTTP/1.1 200 OK
Content-Length: 14
Content-Type: application/json; charset=utf-8
cache-control: no-cache

2023-04-27 18:37:10 DEBUG ChannelManager:270 ? Adding key: http://localhost:24225 for channel [id: 0xe025eda3, L:/127.0.0.1:64712 - R:localhost/127.0.0.1:24225]
2023-04-27 18:37:10 DEBUG NettyRequestSender:593 ? Using pooled Channel '[id: 0xe025eda3, L:/127.0.0.1:64712 - R:localhost/127.0.0.1:24225]' for 'POST' to 'http://localhost:24225/session/4e82aec990d7f75fb7597faf8c455992/element'
2023-04-27 18:37:10 DEBUG NettyRequestSender:251 ? Using open Channel [id: 0xe025eda3, L:/127.0.0.1:64712 - R:localhost/127.0.0.1:24225] for POST '/session/4e82aec990d7f75fb7597faf8c455992/element'
2023-04-27 18:37:10 DEBUG HttpHandler:70 ? 

Request DefaultHttpRequest(decodeResult: success, version: HTTP/1.1)
POST /session/4e82aec990d7f75fb7597faf8c455992/element HTTP/1.1
User-Agent: selenium/4.9.0 (java windows)
Content-Length: 53
Content-Type: application/json; charset=utf-8
host: localhost:24225
accept: */*

Response DefaultHttpResponse(decodeResult: success, version: HTTP/1.1)
HTTP/1.1 200 OK
Content-Length: 88
Content-Type: application/json; charset=utf-8
cache-control: no-cache

2023-04-27 18:37:10 DEBUG ChannelManager:270 ? Adding key: http://localhost:24225 for channel [id: 0xe025eda3, L:/127.0.0.1:64712 - R:localhost/127.0.0.1:24225]
2023-04-27 18:37:10 DEBUG NettyRequestSender:593 ? Using pooled Channel '[id: 0xe025eda3, L:/127.0.0.1:64712 - R:localhost/127.0.0.1:24225]' for 'POST' to 'http://localhost:24225/session/4e82aec990d7f75fb7597faf8c455992/execute/sync'
2023-04-27 18:37:10 DEBUG NettyRequestSender:251 ? Using open Channel [id: 0xe025eda3, L:/127.0.0.1:64712 - R:localhost/127.0.0.1:24225] for POST '/session/4e82aec990d7f75fb7597faf8c455992/execute/sync'
2023-04-27 18:37:10 DEBUG HttpHandler:70 ? 

Request DefaultHttpRequest(decodeResult: success, version: HTTP/1.1)
POST /session/4e82aec990d7f75fb7597faf8c455992/execute/sync HTTP/1.1
User-Agent: selenium/4.9.0 (java windows)
Content-Length: 48807
Content-Type: application/json; charset=utf-8
host: localhost:24225
accept: */*

Response DefaultHttpResponse(decodeResult: success, version: HTTP/1.1)
HTTP/1.1 200 OK
Content-Length: 14
Content-Type: application/json; charset=utf-8
cache-control: no-cache

2023-04-27 18:37:10 DEBUG ChannelManager:270 ? Adding key: http://localhost:24225 for channel [id: 0xe025eda3, L:/127.0.0.1:64712 - R:localhost/127.0.0.1:24225]
2023-04-27 18:37:10 DEBUG NettyRequestSender:593 ? Using pooled Channel '[id: 0xe025eda3, L:/127.0.0.1:64712 - R:localhost/127.0.0.1:24225]' for 'POST' to 'http://localhost:24225/session/4e82aec990d7f75fb7597faf8c455992/element'
2023-04-27 18:37:10 DEBUG NettyRequestSender:251 ? Using open Channel [id: 0xe025eda3, L:/127.0.0.1:64712 - R:localhost/127.0.0.1:24225] for POST '/session/4e82aec990d7f75fb7597faf8c455992/element'
2023-04-27 18:37:10 DEBUG HttpHandler:70 ? 

Request DefaultHttpRequest(decodeResult: success, version: HTTP/1.1)
POST /session/4e82aec990d7f75fb7597faf8c455992/element HTTP/1.1
User-Agent: selenium/4.9.0 (java windows)
Content-Length: 54
Content-Type: application/json; charset=utf-8
host: localhost:24225
accept: */*

Response DefaultHttpResponse(decodeResult: success, version: HTTP/1.1)
HTTP/1.1 200 OK
Content-Length: 88
Content-Type: application/json; charset=utf-8
cache-control: no-cache

2023-04-27 18:37:10 DEBUG ChannelManager:270 ? Adding key: http://localhost:24225 for channel [id: 0xe025eda3, L:/127.0.0.1:64712 - R:localhost/127.0.0.1:24225]
2023-04-27 18:37:10 DEBUG NettyRequestSender:593 ? Using pooled Channel '[id: 0xe025eda3, L:/127.0.0.1:64712 - R:localhost/127.0.0.1:24225]' for 'POST' to 'http://localhost:24225/session/4e82aec990d7f75fb7597faf8c455992/execute/sync'
2023-04-27 18:37:10 DEBUG NettyRequestSender:251 ? Using open Channel [id: 0xe025eda3, L:/127.0.0.1:64712 - R:localhost/127.0.0.1:24225] for POST '/session/4e82aec990d7f75fb7597faf8c455992/execute/sync'
2023-04-27 18:37:10 DEBUG HttpHandler:70 ? 

Request DefaultHttpRequest(decodeResult: success, version: HTTP/1.1)
POST /session/4e82aec990d7f75fb7597faf8c455992/execute/sync HTTP/1.1
User-Agent: selenium/4.9.0 (java windows)
Content-Length: 48807
Content-Type: application/json; charset=utf-8
host: localhost:24225
accept: */*

Response DefaultHttpResponse(decodeResult: success, version: HTTP/1.1)
HTTP/1.1 200 OK
Content-Length: 14
Content-Type: application/json; charset=utf-8
cache-control: no-cache

2023-04-27 18:37:10 DEBUG ChannelManager:270 ? Adding key: http://localhost:24225 for channel [id: 0xe025eda3, L:/127.0.0.1:64712 - R:localhost/127.0.0.1:24225]
2023-04-27 18:37:10 DEBUG NettyRequestSender:593 ? Using pooled Channel '[id: 0xe025eda3, L:/127.0.0.1:64712 - R:localhost/127.0.0.1:24225]' for 'POST' to 'http://localhost:24225/session/4e82aec990d7f75fb7597faf8c455992/element'
2023-04-27 18:37:10 DEBUG NettyRequestSender:251 ? Using open Channel [id: 0xe025eda3, L:/127.0.0.1:64712 - R:localhost/127.0.0.1:24225] for POST '/session/4e82aec990d7f75fb7597faf8c455992/element'
2023-04-27 18:37:10 DEBUG HttpHandler:70 ? 

Request DefaultHttpRequest(decodeResult: success, version: HTTP/1.1)
POST /session/4e82aec990d7f75fb7597faf8c455992/element HTTP/1.1
User-Agent: selenium/4.9.0 (java windows)
Content-Length: 53
Content-Type: application/json; charset=utf-8
host: localhost:24225
accept: */*

Response DefaultHttpResponse(decodeResult: success, version: HTTP/1.1)
HTTP/1.1 200 OK
Content-Length: 88
Content-Type: application/json; charset=utf-8
cache-control: no-cache

2023-04-27 18:37:10 DEBUG ChannelManager:270 ? Adding key: http://localhost:24225 for channel [id: 0xe025eda3, L:/127.0.0.1:64712 - R:localhost/127.0.0.1:24225]
2023-04-27 18:37:10 DEBUG NettyRequestSender:593 ? Using pooled Channel '[id: 0xe025eda3, L:/127.0.0.1:64712 - R:localhost/127.0.0.1:24225]' for 'POST' to 'http://localhost:24225/session/4e82aec990d7f75fb7597faf8c455992/execute/sync'
2023-04-27 18:37:10 DEBUG NettyRequestSender:251 ? Using open Channel [id: 0xe025eda3, L:/127.0.0.1:64712 - R:localhost/127.0.0.1:24225] for POST '/session/4e82aec990d7f75fb7597faf8c455992/execute/sync'
2023-04-27 18:37:10 DEBUG HttpHandler:70 ? 

Request DefaultHttpRequest(decodeResult: success, version: HTTP/1.1)
POST /session/4e82aec990d7f75fb7597faf8c455992/execute/sync HTTP/1.1
User-Agent: selenium/4.9.0 (java windows)
Content-Length: 48807
Content-Type: application/json; charset=utf-8
host: localhost:24225
accept: */*

Response DefaultHttpResponse(decodeResult: success, version: HTTP/1.1)
HTTP/1.1 200 OK
Content-Length: 14
Content-Type: application/json; charset=utf-8
cache-control: no-cache

2023-04-27 18:37:10 DEBUG ChannelManager:270 ? Adding key: http://localhost:24225 for channel [id: 0xe025eda3, L:/127.0.0.1:64712 - R:localhost/127.0.0.1:24225]
2023-04-27 18:37:10 DEBUG NettyRequestSender:593 ? Using pooled Channel '[id: 0xe025eda3, L:/127.0.0.1:64712 - R:localhost/127.0.0.1:24225]' for 'POST' to 'http://localhost:24225/session/4e82aec990d7f75fb7597faf8c455992/element'
2023-04-27 18:37:10 DEBUG NettyRequestSender:251 ? Using open Channel [id: 0xe025eda3, L:/127.0.0.1:64712 - R:localhost/127.0.0.1:24225] for POST '/session/4e82aec990d7f75fb7597faf8c455992/element'
2023-04-27 18:37:10 DEBUG HttpHandler:70 ? 

Request DefaultHttpRequest(decodeResult: success, version: HTTP/1.1)
POST /session/4e82aec990d7f75fb7597faf8c455992/element HTTP/1.1
User-Agent: selenium/4.9.0 (java windows)
Content-Length: 53
Content-Type: application/json; charset=utf-8
host: localhost:24225
accept: */*

Response DefaultHttpResponse(decodeResult: success, version: HTTP/1.1)
HTTP/1.1 200 OK
Content-Length: 88
Content-Type: application/json; charset=utf-8
cache-control: no-cache

2023-04-27 18:37:10 DEBUG ChannelManager:270 ? Adding key: http://localhost:24225 for channel [id: 0xe025eda3, L:/127.0.0.1:64712 - R:localhost/127.0.0.1:24225]
2023-04-27 18:37:10 DEBUG NettyRequestSender:593 ? Using pooled Channel '[id: 0xe025eda3, L:/127.0.0.1:64712 - R:localhost/127.0.0.1:24225]' for 'POST' to 'http://localhost:24225/session/4e82aec990d7f75fb7597faf8c455992/execute/sync'
2023-04-27 18:37:10 DEBUG NettyRequestSender:251 ? Using open Channel [id: 0xe025eda3, L:/127.0.0.1:64712 - R:localhost/127.0.0.1:24225] for POST '/session/4e82aec990d7f75fb7597faf8c455992/execute/sync'
2023-04-27 18:37:10 DEBUG HttpHandler:70 ? 

Request DefaultHttpRequest(decodeResult: success, version: HTTP/1.1)
POST /session/4e82aec990d7f75fb7597faf8c455992/execute/sync HTTP/1.1
User-Agent: selenium/4.9.0 (java windows)
Content-Length: 48807
Content-Type: application/json; charset=utf-8
host: localhost:24225
accept: */*

Response DefaultHttpResponse(decodeResult: success, version: HTTP/1.1)
HTTP/1.1 200 OK
Content-Length: 14
Content-Type: application/json; charset=utf-8
cache-control: no-cache

2023-04-27 18:37:10 DEBUG ChannelManager:270 ? Adding key: http://localhost:24225 for channel [id: 0xe025eda3, L:/127.0.0.1:64712 - R:localhost/127.0.0.1:24225]
2023-04-27 18:37:10 DEBUG NettyRequestSender:593 ? Using pooled Channel '[id: 0xe025eda3, L:/127.0.0.1:64712 - R:localhost/127.0.0.1:24225]' for 'POST' to 'http://localhost:24225/session/4e82aec990d7f75fb7597faf8c455992/element'
2023-04-27 18:37:10 DEBUG NettyRequestSender:251 ? Using open Channel [id: 0xe025eda3, L:/127.0.0.1:64712 - R:localhost/127.0.0.1:24225] for POST '/session/4e82aec990d7f75fb7597faf8c455992/element'
2023-04-27 18:37:10 DEBUG HttpHandler:70 ? 

Request DefaultHttpRequest(decodeResult: success, version: HTTP/1.1)
POST /session/4e82aec990d7f75fb7597faf8c455992/element HTTP/1.1
User-Agent: selenium/4.9.0 (java windows)
Content-Length: 60
Content-Type: application/json; charset=utf-8
host: localhost:24225
accept: */*

Response DefaultHttpResponse(decodeResult: success, version: HTTP/1.1)
HTTP/1.1 200 OK
Content-Length: 88
Content-Type: application/json; charset=utf-8
cache-control: no-cache

2023-04-27 18:37:10 DEBUG ChannelManager:270 ? Adding key: http://localhost:24225 for channel [id: 0xe025eda3, L:/127.0.0.1:64712 - R:localhost/127.0.0.1:24225]
2023-04-27 18:37:10 DEBUG NettyRequestSender:593 ? Using pooled Channel '[id: 0xe025eda3, L:/127.0.0.1:64712 - R:localhost/127.0.0.1:24225]' for 'POST' to 'http://localhost:24225/session/4e82aec990d7f75fb7597faf8c455992/execute/sync'
2023-04-27 18:37:10 DEBUG NettyRequestSender:251 ? Using open Channel [id: 0xe025eda3, L:/127.0.0.1:64712 - R:localhost/127.0.0.1:24225] for POST '/session/4e82aec990d7f75fb7597faf8c455992/execute/sync'
2023-04-27 18:37:10 DEBUG HttpHandler:70 ? 

Request DefaultHttpRequest(decodeResult: success, version: HTTP/1.1)
POST /session/4e82aec990d7f75fb7597faf8c455992/execute/sync HTTP/1.1
User-Agent: selenium/4.9.0 (java windows)
Content-Length: 48807
Content-Type: application/json; charset=utf-8
host: localhost:24225
accept: */*

Response DefaultHttpResponse(decodeResult: success, version: HTTP/1.1)
HTTP/1.1 200 OK
Content-Length: 14
Content-Type: application/json; charset=utf-8
cache-control: no-cache

2023-04-27 18:37:10 DEBUG ChannelManager:270 ? Adding key: http://localhost:24225 for channel [id: 0xe025eda3, L:/127.0.0.1:64712 - R:localhost/127.0.0.1:24225]
2023-04-27 18:37:10 DEBUG NettyRequestSender:593 ? Using pooled Channel '[id: 0xe025eda3, L:/127.0.0.1:64712 - R:localhost/127.0.0.1:24225]' for 'POST' to 'http://localhost:24225/session/4e82aec990d7f75fb7597faf8c455992/element'
2023-04-27 18:37:10 DEBUG NettyRequestSender:251 ? Using open Channel [id: 0xe025eda3, L:/127.0.0.1:64712 - R:localhost/127.0.0.1:24225] for POST '/session/4e82aec990d7f75fb7597faf8c455992/element'
2023-04-27 18:37:11 DEBUG DefaultChannelPool:348 ? Entry count for : http://localhost:64718 : 1
2023-04-27 18:37:11 DEBUG HttpHandler:70 ? 

Request DefaultHttpRequest(decodeResult: success, version: HTTP/1.1)
POST /session/4e82aec990d7f75fb7597faf8c455992/element HTTP/1.1
User-Agent: selenium/4.9.0 (java windows)
Content-Length: 69
Content-Type: application/json; charset=utf-8
host: localhost:24225
accept: */*

Response DefaultHttpResponse(decodeResult: success, version: HTTP/1.1)
HTTP/1.1 200 OK
Content-Length: 88
Content-Type: application/json; charset=utf-8
cache-control: no-cache

2023-04-27 18:37:11 DEBUG ChannelManager:270 ? Adding key: http://localhost:24225 for channel [id: 0xe025eda3, L:/127.0.0.1:64712 - R:localhost/127.0.0.1:24225]
2023-04-27 18:37:11 DEBUG NettyRequestSender:593 ? Using pooled Channel '[id: 0xe025eda3, L:/127.0.0.1:64712 - R:localhost/127.0.0.1:24225]' for 'POST' to 'http://localhost:24225/session/4e82aec990d7f75fb7597faf8c455992/actions'
2023-04-27 18:37:11 DEBUG NettyRequestSender:251 ? Using open Channel [id: 0xe025eda3, L:/127.0.0.1:64712 - R:localhost/127.0.0.1:24225] for POST '/session/4e82aec990d7f75fb7597faf8c455992/actions'
2023-04-27 18:37:11 DEBUG HttpHandler:70 ? 

Request DefaultHttpRequest(decodeResult: success, version: HTTP/1.1)
POST /session/4e82aec990d7f75fb7597faf8c455992/actions HTTP/1.1
User-Agent: selenium/4.9.0 (java windows)
Content-Length: 2315
Content-Type: application/json; charset=utf-8
host: localhost:24225
accept: */*

Response DefaultHttpResponse(decodeResult: success, version: HTTP/1.1)
HTTP/1.1 200 OK
Content-Length: 14
Content-Type: application/json; charset=utf-8
cache-control: no-cache

2023-04-27 18:37:11 DEBUG ChannelManager:270 ? Adding key: http://localhost:24225 for channel [id: 0xe025eda3, L:/127.0.0.1:64712 - R:localhost/127.0.0.1:24225]
2023-04-27 18:37:11 DEBUG NettyRequestSender:593 ? Using pooled Channel '[id: 0xe025eda3, L:/127.0.0.1:64712 - R:localhost/127.0.0.1:24225]' for 'DELETE' to 'http://localhost:24225/session/4e82aec990d7f75fb7597faf8c455992'
2023-04-27 18:37:11 DEBUG NettyRequestSender:251 ? Using open Channel [id: 0xe025eda3, L:/127.0.0.1:64712 - R:localhost/127.0.0.1:24225] for DELETE '/session/4e82aec990d7f75fb7597faf8c455992'
2023-04-27 18:37:11 DEBUG WebSocketHandler:126 ? Channel Closed: [id: 0x58baf9ea, L:/127.0.0.1:64735 ! R:localhost/127.0.0.1:64718] with attribute NettyResponseFuture{currentRetry=0,
	isDone=1,
	isCancelled=0,
	asyncHandler=org.asynchttpclient.ws.WebSocketUpgradeHandler@3a1a1f26,
	nettyRequest=org.asynchttpclient.netty.request.NettyRequest@383c2389,
	future=java.util.concurrent.CompletableFuture@35c434af[Completed normally],
	uri=ws://localhost:64718/devtools/browser/290d15f3-c955-4669-a583-f33af02485f9,
	keepAlive=true,
	redirectCount=0,
	timeoutsHolder=null,
	inAuth=0,
	touch=1682577429144}
2023-04-27 18:37:11 DEBUG ChannelManager:315 ? Closing Channel [id: 0x58baf9ea, L:/127.0.0.1:64735 ! R:localhost/127.0.0.1:64718] 
2023-04-27 18:37:11 DEBUG HttpHandler:159 ? Unexpected I/O exception on channel [id: 0x94188d40, L:/127.0.0.1:64734 - R:localhost/127.0.0.1:64718]
java.net.SocketException: Connection reset
	at java.base/sun.nio.ch.SocketChannelImpl.throwConnectionReset(SocketChannelImpl.java:401)
	at java.base/sun.nio.ch.SocketChannelImpl.read(SocketChannelImpl.java:434)
	at io.netty.buffer.PooledByteBuf.setBytes(PooledByteBuf.java:256)
	at io.netty.buffer.AbstractByteBuf.writeBytes(AbstractByteBuf.java:1132)
	at io.netty.channel.socket.nio.NioSocketChannel.doReadBytes(NioSocketChannel.java:357)
	at io.netty.channel.nio.AbstractNioByteChannel$NioByteUnsafe.read(AbstractNioByteChannel.java:151)
	at io.netty.channel.nio.NioEventLoop.processSelectedKey(NioEventLoop.java:788)
	at io.netty.channel.nio.NioEventLoop.processSelectedKeysOptimized(NioEventLoop.java:724)
	at io.netty.channel.nio.NioEventLoop.processSelectedKeys(NioEventLoop.java:650)
	at io.netty.channel.nio.NioEventLoop.run(NioEventLoop.java:562)
	at io.netty.util.concurrent.SingleThreadEventExecutor$4.run(SingleThreadEventExecutor.java:997)
	at io.netty.util.internal.ThreadExecutorMap$2.run(ThreadExecutorMap.java:74)
	at io.netty.util.concurrent.FastThreadLocalRunnable.run(FastThreadLocalRunnable.java:30)
	at java.base/java.lang.Thread.run(Thread.java:1589)
2023-04-27 18:37:11 DEBUG ChannelManager:315 ? Closing Channel [id: 0x94188d40, L:/127.0.0.1:64734 - R:localhost/127.0.0.1:64718] 
2023-04-27 18:37:11 DEBUG HttpHandler:126 ? Channel Closed: [id: 0x94188d40, L:/127.0.0.1:64734 ! R:localhost/127.0.0.1:64718] with attribute DISCARD
2023-04-27 18:37:11 DEBUG HttpHandler:70 ? 

Request DefaultFullHttpRequest(decodeResult: success, version: HTTP/1.1, content: EmptyByteBufBE)
DELETE /session/4e82aec990d7f75fb7597faf8c455992 HTTP/1.1
User-Agent: selenium/4.9.0 (java windows)
Content-Type: application/json; charset=utf-8
host: localhost:24225
accept: */*

Response DefaultHttpResponse(decodeResult: success, version: HTTP/1.1)
HTTP/1.1 200 OK
Content-Length: 14
Content-Type: application/json; charset=utf-8
cache-control: no-cache

2023-04-27 18:37:11 DEBUG ChannelManager:270 ? Adding key: http://localhost:24225 for channel [id: 0xe025eda3, L:/127.0.0.1:64712 - R:localhost/127.0.0.1:24225]
2023-04-27 18:37:11 DEBUG HttpHandler:126 ? Channel Closed: [id: 0xe025eda3, L:/127.0.0.1:64712 ! R:localhost/127.0.0.1:24225] with attribute DISCARD
2023-04-27 18:37:24 DEBUG InternalLoggerFactory:63 ? Using SLF4J as the default logging framework
2023-04-27 18:37:24 DEBUG ResourceLeakDetector:129 ? -Dio.netty.leakDetection.level: simple
2023-04-27 18:37:24 DEBUG ResourceLeakDetector:130 ? -Dio.netty.leakDetection.targetRecords: 4
2023-04-27 18:37:25 DEBUG ResourceLeakDetectorFactory:196 ? Loaded default ResourceLeakDetector: io.netty.util.ResourceLeakDetector@63c5efee
2023-04-27 18:37:25 DEBUG PlatformDependent0:496 ? -Dio.netty.noUnsafe: false
2023-04-27 18:37:25 DEBUG PlatformDependent0:1000 ? Java version: 19
2023-04-27 18:37:25 DEBUG PlatformDependent0:137 ? sun.misc.Unsafe.theUnsafe: available
2023-04-27 18:37:25 DEBUG PlatformDependent0:161 ? sun.misc.Unsafe.copyMemory: available
2023-04-27 18:37:25 DEBUG PlatformDependent0:193 ? sun.misc.Unsafe.storeFence: available
2023-04-27 18:37:25 DEBUG PlatformDependent0:236 ? java.nio.Buffer.address: available
2023-04-27 18:37:25 DEBUG PlatformDependent0:320 ? direct buffer constructor: unavailable: Reflective setAccessible(true) disabled
2023-04-27 18:37:25 DEBUG PlatformDependent0:385 ? java.nio.Bits.unaligned: available, true
2023-04-27 18:37:25 DEBUG PlatformDependent0:452 ? jdk.internal.misc.Unsafe.allocateUninitializedArray(int): unavailable: class io.netty.util.internal.PlatformDependent0$7 cannot access class jdk.internal.misc.Unsafe (in module java.base) because module java.base does not export jdk.internal.misc to unnamed module @5679c6c6
2023-04-27 18:37:25 DEBUG PlatformDependent0:482 ? java.nio.DirectByteBuffer.<init>(long, int): unavailable
2023-04-27 18:37:25 DEBUG PlatformDependent:1159 ? sun.misc.Unsafe: available
2023-04-27 18:37:25 DEBUG PlatformDependent:1270 ? maxDirectMemory: 5339348992 bytes (maybe)
2023-04-27 18:37:25 DEBUG PlatformDependent:1289 ? -Dio.netty.tmpdir: C:\Users\rohit\AppData\Local\Temp (java.io.tmpdir)
2023-04-27 18:37:25 DEBUG PlatformDependent:1368 ? -Dio.netty.bitMode: 64 (sun.arch.data.model)
2023-04-27 18:37:25 DEBUG PlatformDependent:1119 ? Platform: Windows
2023-04-27 18:37:25 DEBUG PlatformDependent:178 ? -Dio.netty.maxDirectMemory: -1 bytes
2023-04-27 18:37:25 DEBUG PlatformDependent:185 ? -Dio.netty.uninitializedArrayAllocationThreshold: -1
2023-04-27 18:37:25 DEBUG CleanerJava9:71 ? java.nio.ByteBuffer.cleaner(): available
2023-04-27 18:37:25 DEBUG PlatformDependent:205 ? -Dio.netty.noPreferDirect: false
2023-04-27 18:37:25 DEBUG PlatformDependent:1010 ? org.jctools-core.MpscChunkedArrayQueue: available
2023-04-27 18:37:25 DEBUG InternalThreadLocalMap:100 ? -Dio.netty.threadLocalMap.stringBuilder.initialSize: 1024
2023-04-27 18:37:25 DEBUG InternalThreadLocalMap:101 ? -Dio.netty.threadLocalMap.stringBuilder.maxSize: 4096
2023-04-27 18:37:25 DEBUG JdkSslContext:83 ? Default protocols (JDK): [TLSv1.3, TLSv1.2] 
2023-04-27 18:37:25 DEBUG JdkSslContext:84 ? Default cipher suites (JDK): [TLS_ECDHE_ECDSA_WITH_AES_256_GCM_SHA384, TLS_ECDHE_ECDSA_WITH_AES_128_GCM_SHA256, TLS_ECDHE_RSA_WITH_AES_128_GCM_SHA256, TLS_ECDHE_RSA_WITH_AES_256_GCM_SHA384, TLS_ECDHE_RSA_WITH_AES_128_CBC_SHA, TLS_ECDHE_RSA_WITH_AES_256_CBC_SHA, TLS_RSA_WITH_AES_128_GCM_SHA256, TLS_RSA_WITH_AES_128_CBC_SHA, TLS_RSA_WITH_AES_256_CBC_SHA, TLS_AES_128_GCM_SHA256, TLS_AES_256_GCM_SHA384]
2023-04-27 18:37:25 DEBUG GlobalEventExecutor:53 ? -Dio.netty.globalEventExecutor.quietPeriodSeconds: 1
2023-04-27 18:37:25 DEBUG MultithreadEventLoopGroup:44 ? -Dio.netty.eventLoopThreads: 16
2023-04-27 18:37:25 DEBUG NioEventLoop:110 ? -Dio.netty.noKeySetOptimization: false
2023-04-27 18:37:25 DEBUG NioEventLoop:111 ? -Dio.netty.selectorAutoRebuildThreshold: 512
2023-04-27 18:37:25 DEBUG PooledByteBufAllocator:157 ? -Dio.netty.allocator.numHeapArenas: 16
2023-04-27 18:37:25 DEBUG PooledByteBufAllocator:158 ? -Dio.netty.allocator.numDirectArenas: 16
2023-04-27 18:37:25 DEBUG PooledByteBufAllocator:160 ? -Dio.netty.allocator.pageSize: 8192
2023-04-27 18:37:25 DEBUG PooledByteBufAllocator:165 ? -Dio.netty.allocator.maxOrder: 9
2023-04-27 18:37:25 DEBUG PooledByteBufAllocator:169 ? -Dio.netty.allocator.chunkSize: 4194304
2023-04-27 18:37:25 DEBUG PooledByteBufAllocator:170 ? -Dio.netty.allocator.smallCacheSize: 256
2023-04-27 18:37:25 DEBUG PooledByteBufAllocator:171 ? -Dio.netty.allocator.normalCacheSize: 64
2023-04-27 18:37:25 DEBUG PooledByteBufAllocator:172 ? -Dio.netty.allocator.maxCachedBufferCapacity: 32768
2023-04-27 18:37:25 DEBUG PooledByteBufAllocator:173 ? -Dio.netty.allocator.cacheTrimInterval: 8192
2023-04-27 18:37:25 DEBUG PooledByteBufAllocator:174 ? -Dio.netty.allocator.cacheTrimIntervalMillis: 0
2023-04-27 18:37:25 DEBUG PooledByteBufAllocator:175 ? -Dio.netty.allocator.useCacheForAllThreads: false
2023-04-27 18:37:25 DEBUG PooledByteBufAllocator:176 ? -Dio.netty.allocator.maxCachedByteBuffersPerChunk: 1023
2023-04-27 18:37:25 DEBUG ByteBufUtil:88 ? -Dio.netty.allocator.type: pooled
2023-04-27 18:37:25 DEBUG ByteBufUtil:97 ? -Dio.netty.threadLocalDirectBufferSize: 0
2023-04-27 18:37:25 DEBUG ByteBufUtil:100 ? -Dio.netty.maxThreadLocalCharBufferSize: 16384
2023-04-27 18:37:25 DEBUG DefaultChannelId:79 ? -Dio.netty.processId: 23036 (auto-detected)
2023-04-27 18:37:25 DEBUG NetUtil:148 ? -Djava.net.preferIPv4Stack: false
2023-04-27 18:37:25 DEBUG NetUtil:149 ? -Djava.net.preferIPv6Addresses: false
2023-04-27 18:37:25 DEBUG NetUtilInitializations:145 ? Loopback interface: lo (Software Loopback Interface 1, 127.0.0.1)
2023-04-27 18:37:25 DEBUG NetUtil:206 ? Failed to get SOMAXCONN from sysctl and file \proc\sys\net\core\somaxconn. Default: 200
2023-04-27 18:37:25 DEBUG DefaultChannelId:101 ? -Dio.netty.machineId: 70:c9:4e:ff:fe:a9:98:9d (auto-detected)
2023-04-27 18:37:25 DEBUG AbstractByteBuf:63 ? -Dio.netty.buffer.checkAccessible: true
2023-04-27 18:37:25 DEBUG AbstractByteBuf:64 ? -Dio.netty.buffer.checkBounds: true
2023-04-27 18:37:25 DEBUG ResourceLeakDetectorFactory:196 ? Loaded default ResourceLeakDetector: io.netty.util.ResourceLeakDetector@724389e
2023-04-27 18:37:26 DEBUG NettyConnectListener:73 ? Using new Channel '[id: 0x28bc0149, L:/127.0.0.1:64797 - R:localhost/127.0.0.1:10679]' for 'POST' to '/session'
2023-04-27 18:37:26 DEBUG Recycler:96 ? -Dio.netty.recycler.maxCapacityPerThread: 4096
2023-04-27 18:37:26 DEBUG Recycler:97 ? -Dio.netty.recycler.ratio: 8
2023-04-27 18:37:26 DEBUG Recycler:98 ? -Dio.netty.recycler.chunkSize: 32
2023-04-27 18:37:26 DEBUG Recycler:99 ? -Dio.netty.recycler.blocking: false
2023-04-27 18:37:26 DEBUG Recycler:100 ? -Dio.netty.recycler.batchFastThreadLocalOnly: true
2023-04-27 18:37:27 DEBUG Brotli:38 ? brotli4j not in the classpath; Brotli support will be unavailable.
2023-04-27 18:37:27 DEBUG HttpHandler:70 ? 

Request DefaultHttpRequest(decodeResult: success, version: HTTP/1.1)
POST /session HTTP/1.1
User-Agent: selenium/4.9.0 (java windows)
Content-Length: 254
Content-Type: application/json; charset=utf-8
host: localhost:10679
accept: */*

Response DefaultHttpResponse(decodeResult: success, version: HTTP/1.1)
HTTP/1.1 200 OK
Content-Length: 859
Content-Type: application/json; charset=utf-8
cache-control: no-cache

2023-04-27 18:37:27 DEBUG ChannelManager:270 ? Adding key: http://localhost:10679 for channel [id: 0x28bc0149, L:/127.0.0.1:64797 - R:localhost/127.0.0.1:10679]
2023-04-27 18:37:27 DEBUG DefaultChannelPool:348 ? Entry count for : http://localhost:10679 : 1
2023-04-27 18:37:27 DEBUG NettyConnectListener:73 ? Using new Channel '[id: 0x03100a5f, L:/127.0.0.1:64817 - R:localhost/127.0.0.1:64803]' for 'GET' to '/json/version'
2023-04-27 18:37:27 DEBUG HttpHandler:70 ? 

Request DefaultFullHttpRequest(decodeResult: success, version: HTTP/1.1, content: EmptyByteBufBE)
GET /json/version HTTP/1.1
User-Agent: selenium/4.9.0 (java windows)
host: localhost:64803
accept: */*

Response DefaultHttpResponse(decodeResult: success, version: HTTP/1.1)
HTTP/1.1 200 OK
Content-Security-Policy: frame-ancestors 'none'
Content-Length: 424
Content-Type: application/json; charset=UTF-8

2023-04-27 18:37:27 DEBUG ChannelManager:270 ? Adding key: http://localhost:64803 for channel [id: 0x03100a5f, L:/127.0.0.1:64817 - R:localhost/127.0.0.1:64803]
2023-04-27 18:37:27 DEBUG ThreadLocalRandom:214 ? -Dio.netty.initialSeedUniquifier: 0xdc34af66dd5cbce9
2023-04-27 18:37:27 DEBUG NettyConnectListener:73 ? Using new Channel '[id: 0x72e2ad9c, L:/127.0.0.1:64818 - R:localhost/127.0.0.1:64803]' for 'GET' to '/devtools/browser/adce3dad-2ac8-49eb-9869-59d18bfd447d'
2023-04-27 18:37:27 DEBUG WebSocketHandler:105 ? 

Request DefaultFullHttpRequest(decodeResult: success, version: HTTP/1.1, content: EmptyByteBufBE)
GET /devtools/browser/adce3dad-2ac8-49eb-9869-59d18bfd447d HTTP/1.1
upgrade: websocket
connection: upgrade
sec-websocket-key: ggTEBNumo408kaA9hijK0A==
sec-websocket-version: 13
origin: http://localhost:64803
host: localhost:64803
accept: */*
user-agent: AHC/2.1

Response DefaultHttpResponse(decodeResult: success, version: HTTP/1.1)
HTTP/1.1 101 WebSocket Protocol Handshake
Upgrade: WebSocket
Connection: Upgrade
Sec-WebSocket-Accept: DO1SCODOltjQAPkJyguO8V1llfE=

2023-04-27 18:37:27 DEBUG NettyRequestSender:593 ? Using pooled Channel '[id: 0x28bc0149, L:/127.0.0.1:64797 - R:localhost/127.0.0.1:10679]' for 'POST' to 'http://localhost:10679/session/3240eab10dcfb25c3a5270b23be98999/window/maximize'
2023-04-27 18:37:27 DEBUG NettyRequestSender:251 ? Using open Channel [id: 0x28bc0149, L:/127.0.0.1:64797 - R:localhost/127.0.0.1:10679] for POST '/session/3240eab10dcfb25c3a5270b23be98999/window/maximize'
2023-04-27 18:37:27 DEBUG HttpHandler:70 ? 

Request DefaultHttpRequest(decodeResult: success, version: HTTP/1.1)
POST /session/3240eab10dcfb25c3a5270b23be98999/window/maximize HTTP/1.1
User-Agent: selenium/4.9.0 (java windows)
Content-Length: 3
Content-Type: application/json; charset=utf-8
host: localhost:10679
accept: */*

Response DefaultHttpResponse(decodeResult: success, version: HTTP/1.1)
HTTP/1.1 200 OK
Content-Length: 52
Content-Type: application/json; charset=utf-8
cache-control: no-cache

2023-04-27 18:37:27 DEBUG ChannelManager:270 ? Adding key: http://localhost:10679 for channel [id: 0x28bc0149, L:/127.0.0.1:64797 - R:localhost/127.0.0.1:10679]
2023-04-27 18:37:27 DEBUG NettyRequestSender:593 ? Using pooled Channel '[id: 0x28bc0149, L:/127.0.0.1:64797 - R:localhost/127.0.0.1:10679]' for 'POST' to 'http://localhost:10679/session/3240eab10dcfb25c3a5270b23be98999/timeouts'
2023-04-27 18:37:27 DEBUG NettyRequestSender:251 ? Using open Channel [id: 0x28bc0149, L:/127.0.0.1:64797 - R:localhost/127.0.0.1:10679] for POST '/session/3240eab10dcfb25c3a5270b23be98999/timeouts'
2023-04-27 18:37:27 DEBUG HttpHandler:70 ? 

Request DefaultHttpRequest(decodeResult: success, version: HTTP/1.1)
POST /session/3240eab10dcfb25c3a5270b23be98999/timeouts HTTP/1.1
User-Agent: selenium/4.9.0 (java windows)
Content-Length: 23
Content-Type: application/json; charset=utf-8
host: localhost:10679
accept: */*

Response DefaultHttpResponse(decodeResult: success, version: HTTP/1.1)
HTTP/1.1 200 OK
Content-Length: 14
Content-Type: application/json; charset=utf-8
cache-control: no-cache

2023-04-27 18:37:27 DEBUG ChannelManager:270 ? Adding key: http://localhost:10679 for channel [id: 0x28bc0149, L:/127.0.0.1:64797 - R:localhost/127.0.0.1:10679]
2023-04-27 18:37:28 DEBUG NettyRequestSender:593 ? Using pooled Channel '[id: 0x28bc0149, L:/127.0.0.1:64797 - R:localhost/127.0.0.1:10679]' for 'POST' to 'http://localhost:10679/session/3240eab10dcfb25c3a5270b23be98999/url'
2023-04-27 18:37:28 DEBUG NettyRequestSender:251 ? Using open Channel [id: 0x28bc0149, L:/127.0.0.1:64797 - R:localhost/127.0.0.1:10679] for POST '/session/3240eab10dcfb25c3a5270b23be98999/url'
2023-04-27 18:37:28 DEBUG DefaultChannelPool:348 ? Entry count for : http://localhost:64803 : 1
2023-04-27 18:37:28 DEBUG HttpHandler:70 ? 

Request DefaultHttpRequest(decodeResult: success, version: HTTP/1.1)
POST /session/3240eab10dcfb25c3a5270b23be98999/url HTTP/1.1
User-Agent: selenium/4.9.0 (java windows)
Content-Length: 67
Content-Type: application/json; charset=utf-8
host: localhost:10679
accept: */*

Response DefaultHttpResponse(decodeResult: success, version: HTTP/1.1)
HTTP/1.1 200 OK
Content-Length: 14
Content-Type: application/json; charset=utf-8
cache-control: no-cache

2023-04-27 18:37:28 DEBUG ChannelManager:270 ? Adding key: http://localhost:10679 for channel [id: 0x28bc0149, L:/127.0.0.1:64797 - R:localhost/127.0.0.1:10679]
2023-04-27 18:37:28 DEBUG NettyRequestSender:593 ? Using pooled Channel '[id: 0x28bc0149, L:/127.0.0.1:64797 - R:localhost/127.0.0.1:10679]' for 'POST' to 'http://localhost:10679/session/3240eab10dcfb25c3a5270b23be98999/element'
2023-04-27 18:37:28 DEBUG NettyRequestSender:251 ? Using open Channel [id: 0x28bc0149, L:/127.0.0.1:64797 - R:localhost/127.0.0.1:10679] for POST '/session/3240eab10dcfb25c3a5270b23be98999/element'
2023-04-27 18:37:28 DEBUG HttpHandler:70 ? 

Request DefaultHttpRequest(decodeResult: success, version: HTTP/1.1)
POST /session/3240eab10dcfb25c3a5270b23be98999/element HTTP/1.1
User-Agent: selenium/4.9.0 (java windows)
Content-Length: 53
Content-Type: application/json; charset=utf-8
host: localhost:10679
accept: */*

Response DefaultHttpResponse(decodeResult: success, version: HTTP/1.1)
HTTP/1.1 200 OK
Content-Length: 88
Content-Type: application/json; charset=utf-8
cache-control: no-cache

2023-04-27 18:37:28 DEBUG ChannelManager:270 ? Adding key: http://localhost:10679 for channel [id: 0x28bc0149, L:/127.0.0.1:64797 - R:localhost/127.0.0.1:10679]
2023-04-27 18:37:28 DEBUG NettyRequestSender:593 ? Using pooled Channel '[id: 0x28bc0149, L:/127.0.0.1:64797 - R:localhost/127.0.0.1:10679]' for 'POST' to 'http://localhost:10679/session/3240eab10dcfb25c3a5270b23be98999/execute/sync'
2023-04-27 18:37:28 DEBUG NettyRequestSender:251 ? Using open Channel [id: 0x28bc0149, L:/127.0.0.1:64797 - R:localhost/127.0.0.1:10679] for POST '/session/3240eab10dcfb25c3a5270b23be98999/execute/sync'
2023-04-27 18:37:28 DEBUG HttpHandler:70 ? 

Request DefaultHttpRequest(decodeResult: success, version: HTTP/1.1)
POST /session/3240eab10dcfb25c3a5270b23be98999/execute/sync HTTP/1.1
User-Agent: selenium/4.9.0 (java windows)
Content-Length: 48807
Content-Type: application/json; charset=utf-8
host: localhost:10679
accept: */*

Response DefaultHttpResponse(decodeResult: success, version: HTTP/1.1)
HTTP/1.1 200 OK
Content-Length: 14
Content-Type: application/json; charset=utf-8
cache-control: no-cache

2023-04-27 18:37:28 DEBUG ChannelManager:270 ? Adding key: http://localhost:10679 for channel [id: 0x28bc0149, L:/127.0.0.1:64797 - R:localhost/127.0.0.1:10679]
2023-04-27 18:37:28 DEBUG NettyRequestSender:593 ? Using pooled Channel '[id: 0x28bc0149, L:/127.0.0.1:64797 - R:localhost/127.0.0.1:10679]' for 'POST' to 'http://localhost:10679/session/3240eab10dcfb25c3a5270b23be98999/element'
2023-04-27 18:37:28 DEBUG NettyRequestSender:251 ? Using open Channel [id: 0x28bc0149, L:/127.0.0.1:64797 - R:localhost/127.0.0.1:10679] for POST '/session/3240eab10dcfb25c3a5270b23be98999/element'
2023-04-27 18:37:29 DEBUG HttpHandler:70 ? 

Request DefaultHttpRequest(decodeResult: success, version: HTTP/1.1)
POST /session/3240eab10dcfb25c3a5270b23be98999/element HTTP/1.1
User-Agent: selenium/4.9.0 (java windows)
Content-Length: 54
Content-Type: application/json; charset=utf-8
host: localhost:10679
accept: */*

Response DefaultHttpResponse(decodeResult: success, version: HTTP/1.1)
HTTP/1.1 200 OK
Content-Length: 88
Content-Type: application/json; charset=utf-8
cache-control: no-cache

2023-04-27 18:37:29 DEBUG ChannelManager:270 ? Adding key: http://localhost:10679 for channel [id: 0x28bc0149, L:/127.0.0.1:64797 - R:localhost/127.0.0.1:10679]
2023-04-27 18:37:29 DEBUG NettyRequestSender:593 ? Using pooled Channel '[id: 0x28bc0149, L:/127.0.0.1:64797 - R:localhost/127.0.0.1:10679]' for 'POST' to 'http://localhost:10679/session/3240eab10dcfb25c3a5270b23be98999/execute/sync'
2023-04-27 18:37:29 DEBUG NettyRequestSender:251 ? Using open Channel [id: 0x28bc0149, L:/127.0.0.1:64797 - R:localhost/127.0.0.1:10679] for POST '/session/3240eab10dcfb25c3a5270b23be98999/execute/sync'
2023-04-27 18:37:29 DEBUG HttpHandler:70 ? 

Request DefaultHttpRequest(decodeResult: success, version: HTTP/1.1)
POST /session/3240eab10dcfb25c3a5270b23be98999/execute/sync HTTP/1.1
User-Agent: selenium/4.9.0 (java windows)
Content-Length: 48807
Content-Type: application/json; charset=utf-8
host: localhost:10679
accept: */*

Response DefaultHttpResponse(decodeResult: success, version: HTTP/1.1)
HTTP/1.1 200 OK
Content-Length: 14
Content-Type: application/json; charset=utf-8
cache-control: no-cache

2023-04-27 18:37:29 DEBUG ChannelManager:270 ? Adding key: http://localhost:10679 for channel [id: 0x28bc0149, L:/127.0.0.1:64797 - R:localhost/127.0.0.1:10679]
2023-04-27 18:37:29 DEBUG NettyRequestSender:593 ? Using pooled Channel '[id: 0x28bc0149, L:/127.0.0.1:64797 - R:localhost/127.0.0.1:10679]' for 'POST' to 'http://localhost:10679/session/3240eab10dcfb25c3a5270b23be98999/element'
2023-04-27 18:37:29 DEBUG NettyRequestSender:251 ? Using open Channel [id: 0x28bc0149, L:/127.0.0.1:64797 - R:localhost/127.0.0.1:10679] for POST '/session/3240eab10dcfb25c3a5270b23be98999/element'
2023-04-27 18:37:29 DEBUG HttpHandler:70 ? 

Request DefaultHttpRequest(decodeResult: success, version: HTTP/1.1)
POST /session/3240eab10dcfb25c3a5270b23be98999/element HTTP/1.1
User-Agent: selenium/4.9.0 (java windows)
Content-Length: 53
Content-Type: application/json; charset=utf-8
host: localhost:10679
accept: */*

Response DefaultHttpResponse(decodeResult: success, version: HTTP/1.1)
HTTP/1.1 200 OK
Content-Length: 88
Content-Type: application/json; charset=utf-8
cache-control: no-cache

2023-04-27 18:37:29 DEBUG ChannelManager:270 ? Adding key: http://localhost:10679 for channel [id: 0x28bc0149, L:/127.0.0.1:64797 - R:localhost/127.0.0.1:10679]
2023-04-27 18:37:29 DEBUG NettyRequestSender:593 ? Using pooled Channel '[id: 0x28bc0149, L:/127.0.0.1:64797 - R:localhost/127.0.0.1:10679]' for 'POST' to 'http://localhost:10679/session/3240eab10dcfb25c3a5270b23be98999/execute/sync'
2023-04-27 18:37:29 DEBUG NettyRequestSender:251 ? Using open Channel [id: 0x28bc0149, L:/127.0.0.1:64797 - R:localhost/127.0.0.1:10679] for POST '/session/3240eab10dcfb25c3a5270b23be98999/execute/sync'
2023-04-27 18:37:29 DEBUG HttpHandler:70 ? 

Request DefaultHttpRequest(decodeResult: success, version: HTTP/1.1)
POST /session/3240eab10dcfb25c3a5270b23be98999/execute/sync HTTP/1.1
User-Agent: selenium/4.9.0 (java windows)
Content-Length: 48807
Content-Type: application/json; charset=utf-8
host: localhost:10679
accept: */*

Response DefaultHttpResponse(decodeResult: success, version: HTTP/1.1)
HTTP/1.1 200 OK
Content-Length: 14
Content-Type: application/json; charset=utf-8
cache-control: no-cache

2023-04-27 18:37:29 DEBUG ChannelManager:270 ? Adding key: http://localhost:10679 for channel [id: 0x28bc0149, L:/127.0.0.1:64797 - R:localhost/127.0.0.1:10679]
2023-04-27 18:37:29 DEBUG NettyRequestSender:593 ? Using pooled Channel '[id: 0x28bc0149, L:/127.0.0.1:64797 - R:localhost/127.0.0.1:10679]' for 'POST' to 'http://localhost:10679/session/3240eab10dcfb25c3a5270b23be98999/element'
2023-04-27 18:37:29 DEBUG NettyRequestSender:251 ? Using open Channel [id: 0x28bc0149, L:/127.0.0.1:64797 - R:localhost/127.0.0.1:10679] for POST '/session/3240eab10dcfb25c3a5270b23be98999/element'
2023-04-27 18:37:29 DEBUG HttpHandler:70 ? 

Request DefaultHttpRequest(decodeResult: success, version: HTTP/1.1)
POST /session/3240eab10dcfb25c3a5270b23be98999/element HTTP/1.1
User-Agent: selenium/4.9.0 (java windows)
Content-Length: 53
Content-Type: application/json; charset=utf-8
host: localhost:10679
accept: */*

Response DefaultHttpResponse(decodeResult: success, version: HTTP/1.1)
HTTP/1.1 200 OK
Content-Length: 88
Content-Type: application/json; charset=utf-8
cache-control: no-cache

2023-04-27 18:37:29 DEBUG ChannelManager:270 ? Adding key: http://localhost:10679 for channel [id: 0x28bc0149, L:/127.0.0.1:64797 - R:localhost/127.0.0.1:10679]
2023-04-27 18:37:29 DEBUG NettyRequestSender:593 ? Using pooled Channel '[id: 0x28bc0149, L:/127.0.0.1:64797 - R:localhost/127.0.0.1:10679]' for 'POST' to 'http://localhost:10679/session/3240eab10dcfb25c3a5270b23be98999/execute/sync'
2023-04-27 18:37:29 DEBUG NettyRequestSender:251 ? Using open Channel [id: 0x28bc0149, L:/127.0.0.1:64797 - R:localhost/127.0.0.1:10679] for POST '/session/3240eab10dcfb25c3a5270b23be98999/execute/sync'
2023-04-27 18:37:29 DEBUG HttpHandler:70 ? 

Request DefaultHttpRequest(decodeResult: success, version: HTTP/1.1)
POST /session/3240eab10dcfb25c3a5270b23be98999/execute/sync HTTP/1.1
User-Agent: selenium/4.9.0 (java windows)
Content-Length: 48807
Content-Type: application/json; charset=utf-8
host: localhost:10679
accept: */*

Response DefaultHttpResponse(decodeResult: success, version: HTTP/1.1)
HTTP/1.1 200 OK
Content-Length: 14
Content-Type: application/json; charset=utf-8
cache-control: no-cache

2023-04-27 18:37:29 DEBUG ChannelManager:270 ? Adding key: http://localhost:10679 for channel [id: 0x28bc0149, L:/127.0.0.1:64797 - R:localhost/127.0.0.1:10679]
2023-04-27 18:37:29 DEBUG NettyRequestSender:593 ? Using pooled Channel '[id: 0x28bc0149, L:/127.0.0.1:64797 - R:localhost/127.0.0.1:10679]' for 'POST' to 'http://localhost:10679/session/3240eab10dcfb25c3a5270b23be98999/element'
2023-04-27 18:37:29 DEBUG NettyRequestSender:251 ? Using open Channel [id: 0x28bc0149, L:/127.0.0.1:64797 - R:localhost/127.0.0.1:10679] for POST '/session/3240eab10dcfb25c3a5270b23be98999/element'
2023-04-27 18:37:29 DEBUG HttpHandler:70 ? 

Request DefaultHttpRequest(decodeResult: success, version: HTTP/1.1)
POST /session/3240eab10dcfb25c3a5270b23be98999/element HTTP/1.1
User-Agent: selenium/4.9.0 (java windows)
Content-Length: 60
Content-Type: application/json; charset=utf-8
host: localhost:10679
accept: */*

Response DefaultHttpResponse(decodeResult: success, version: HTTP/1.1)
HTTP/1.1 200 OK
Content-Length: 88
Content-Type: application/json; charset=utf-8
cache-control: no-cache

2023-04-27 18:37:29 DEBUG ChannelManager:270 ? Adding key: http://localhost:10679 for channel [id: 0x28bc0149, L:/127.0.0.1:64797 - R:localhost/127.0.0.1:10679]
2023-04-27 18:37:29 DEBUG NettyRequestSender:593 ? Using pooled Channel '[id: 0x28bc0149, L:/127.0.0.1:64797 - R:localhost/127.0.0.1:10679]' for 'POST' to 'http://localhost:10679/session/3240eab10dcfb25c3a5270b23be98999/execute/sync'
2023-04-27 18:37:29 DEBUG NettyRequestSender:251 ? Using open Channel [id: 0x28bc0149, L:/127.0.0.1:64797 - R:localhost/127.0.0.1:10679] for POST '/session/3240eab10dcfb25c3a5270b23be98999/execute/sync'
2023-04-27 18:37:29 DEBUG HttpHandler:70 ? 

Request DefaultHttpRequest(decodeResult: success, version: HTTP/1.1)
POST /session/3240eab10dcfb25c3a5270b23be98999/execute/sync HTTP/1.1
User-Agent: selenium/4.9.0 (java windows)
Content-Length: 48807
Content-Type: application/json; charset=utf-8
host: localhost:10679
accept: */*

Response DefaultHttpResponse(decodeResult: success, version: HTTP/1.1)
HTTP/1.1 200 OK
Content-Length: 14
Content-Type: application/json; charset=utf-8
cache-control: no-cache

2023-04-27 18:37:29 DEBUG ChannelManager:270 ? Adding key: http://localhost:10679 for channel [id: 0x28bc0149, L:/127.0.0.1:64797 - R:localhost/127.0.0.1:10679]
2023-04-27 18:37:29 DEBUG NettyRequestSender:593 ? Using pooled Channel '[id: 0x28bc0149, L:/127.0.0.1:64797 - R:localhost/127.0.0.1:10679]' for 'POST' to 'http://localhost:10679/session/3240eab10dcfb25c3a5270b23be98999/element'
2023-04-27 18:37:29 DEBUG NettyRequestSender:251 ? Using open Channel [id: 0x28bc0149, L:/127.0.0.1:64797 - R:localhost/127.0.0.1:10679] for POST '/session/3240eab10dcfb25c3a5270b23be98999/element'
2023-04-27 18:37:29 DEBUG HttpHandler:70 ? 

Request DefaultHttpRequest(decodeResult: success, version: HTTP/1.1)
POST /session/3240eab10dcfb25c3a5270b23be98999/element HTTP/1.1
User-Agent: selenium/4.9.0 (java windows)
Content-Length: 69
Content-Type: application/json; charset=utf-8
host: localhost:10679
accept: */*

Response DefaultHttpResponse(decodeResult: success, version: HTTP/1.1)
HTTP/1.1 200 OK
Content-Length: 88
Content-Type: application/json; charset=utf-8
cache-control: no-cache

2023-04-27 18:37:29 DEBUG ChannelManager:270 ? Adding key: http://localhost:10679 for channel [id: 0x28bc0149, L:/127.0.0.1:64797 - R:localhost/127.0.0.1:10679]
2023-04-27 18:37:29 DEBUG NettyRequestSender:593 ? Using pooled Channel '[id: 0x28bc0149, L:/127.0.0.1:64797 - R:localhost/127.0.0.1:10679]' for 'POST' to 'http://localhost:10679/session/3240eab10dcfb25c3a5270b23be98999/actions'
2023-04-27 18:37:29 DEBUG NettyRequestSender:251 ? Using open Channel [id: 0x28bc0149, L:/127.0.0.1:64797 - R:localhost/127.0.0.1:10679] for POST '/session/3240eab10dcfb25c3a5270b23be98999/actions'
2023-04-27 18:37:29 DEBUG HttpHandler:70 ? 

Request DefaultHttpRequest(decodeResult: success, version: HTTP/1.1)
POST /session/3240eab10dcfb25c3a5270b23be98999/actions HTTP/1.1
User-Agent: selenium/4.9.0 (java windows)
Content-Length: 2315
Content-Type: application/json; charset=utf-8
host: localhost:10679
accept: */*

Response DefaultHttpResponse(decodeResult: success, version: HTTP/1.1)
HTTP/1.1 200 OK
Content-Length: 14
Content-Type: application/json; charset=utf-8
cache-control: no-cache

2023-04-27 18:37:29 DEBUG ChannelManager:270 ? Adding key: http://localhost:10679 for channel [id: 0x28bc0149, L:/127.0.0.1:64797 - R:localhost/127.0.0.1:10679]
2023-04-27 18:37:59 DEBUG InternalLoggerFactory:63 ? Using SLF4J as the default logging framework
2023-04-27 18:37:59 DEBUG ResourceLeakDetector:129 ? -Dio.netty.leakDetection.level: simple
2023-04-27 18:37:59 DEBUG ResourceLeakDetector:130 ? -Dio.netty.leakDetection.targetRecords: 4
2023-04-27 18:37:59 DEBUG ResourceLeakDetectorFactory:196 ? Loaded default ResourceLeakDetector: io.netty.util.ResourceLeakDetector@53ab0286
2023-04-27 18:37:59 DEBUG PlatformDependent0:496 ? -Dio.netty.noUnsafe: false
2023-04-27 18:37:59 DEBUG PlatformDependent0:1000 ? Java version: 19
2023-04-27 18:37:59 DEBUG PlatformDependent0:137 ? sun.misc.Unsafe.theUnsafe: available
2023-04-27 18:37:59 DEBUG PlatformDependent0:161 ? sun.misc.Unsafe.copyMemory: available
2023-04-27 18:37:59 DEBUG PlatformDependent0:193 ? sun.misc.Unsafe.storeFence: available
2023-04-27 18:37:59 DEBUG PlatformDependent0:236 ? java.nio.Buffer.address: available
2023-04-27 18:37:59 DEBUG PlatformDependent0:320 ? direct buffer constructor: unavailable: Reflective setAccessible(true) disabled
2023-04-27 18:37:59 DEBUG PlatformDependent0:385 ? java.nio.Bits.unaligned: available, true
2023-04-27 18:37:59 DEBUG PlatformDependent0:452 ? jdk.internal.misc.Unsafe.allocateUninitializedArray(int): unavailable: class io.netty.util.internal.PlatformDependent0$7 cannot access class jdk.internal.misc.Unsafe (in module java.base) because module java.base does not export jdk.internal.misc to unnamed module @5679c6c6
2023-04-27 18:37:59 DEBUG PlatformDependent0:482 ? java.nio.DirectByteBuffer.<init>(long, int): unavailable
2023-04-27 18:37:59 DEBUG PlatformDependent:1159 ? sun.misc.Unsafe: available
2023-04-27 18:37:59 DEBUG PlatformDependent:1270 ? maxDirectMemory: 5339348992 bytes (maybe)
2023-04-27 18:37:59 DEBUG PlatformDependent:1289 ? -Dio.netty.tmpdir: C:\Users\rohit\AppData\Local\Temp (java.io.tmpdir)
2023-04-27 18:37:59 DEBUG PlatformDependent:1368 ? -Dio.netty.bitMode: 64 (sun.arch.data.model)
2023-04-27 18:37:59 DEBUG PlatformDependent:1119 ? Platform: Windows
2023-04-27 18:37:59 DEBUG PlatformDependent:178 ? -Dio.netty.maxDirectMemory: -1 bytes
2023-04-27 18:37:59 DEBUG PlatformDependent:185 ? -Dio.netty.uninitializedArrayAllocationThreshold: -1
2023-04-27 18:37:59 DEBUG CleanerJava9:71 ? java.nio.ByteBuffer.cleaner(): available
2023-04-27 18:37:59 DEBUG PlatformDependent:205 ? -Dio.netty.noPreferDirect: false
2023-04-27 18:37:59 DEBUG PlatformDependent:1010 ? org.jctools-core.MpscChunkedArrayQueue: available
2023-04-27 18:37:59 DEBUG InternalThreadLocalMap:100 ? -Dio.netty.threadLocalMap.stringBuilder.initialSize: 1024
2023-04-27 18:37:59 DEBUG InternalThreadLocalMap:101 ? -Dio.netty.threadLocalMap.stringBuilder.maxSize: 4096
2023-04-27 18:37:59 DEBUG JdkSslContext:83 ? Default protocols (JDK): [TLSv1.3, TLSv1.2] 
2023-04-27 18:37:59 DEBUG JdkSslContext:84 ? Default cipher suites (JDK): [TLS_ECDHE_ECDSA_WITH_AES_256_GCM_SHA384, TLS_ECDHE_ECDSA_WITH_AES_128_GCM_SHA256, TLS_ECDHE_RSA_WITH_AES_128_GCM_SHA256, TLS_ECDHE_RSA_WITH_AES_256_GCM_SHA384, TLS_ECDHE_RSA_WITH_AES_128_CBC_SHA, TLS_ECDHE_RSA_WITH_AES_256_CBC_SHA, TLS_RSA_WITH_AES_128_GCM_SHA256, TLS_RSA_WITH_AES_128_CBC_SHA, TLS_RSA_WITH_AES_256_CBC_SHA, TLS_AES_128_GCM_SHA256, TLS_AES_256_GCM_SHA384]
2023-04-27 18:37:59 DEBUG GlobalEventExecutor:53 ? -Dio.netty.globalEventExecutor.quietPeriodSeconds: 1
2023-04-27 18:37:59 DEBUG MultithreadEventLoopGroup:44 ? -Dio.netty.eventLoopThreads: 16
2023-04-27 18:37:59 DEBUG NioEventLoop:110 ? -Dio.netty.noKeySetOptimization: false
2023-04-27 18:37:59 DEBUG NioEventLoop:111 ? -Dio.netty.selectorAutoRebuildThreshold: 512
2023-04-27 18:37:59 DEBUG PooledByteBufAllocator:157 ? -Dio.netty.allocator.numHeapArenas: 16
2023-04-27 18:37:59 DEBUG PooledByteBufAllocator:158 ? -Dio.netty.allocator.numDirectArenas: 16
2023-04-27 18:37:59 DEBUG PooledByteBufAllocator:160 ? -Dio.netty.allocator.pageSize: 8192
2023-04-27 18:37:59 DEBUG PooledByteBufAllocator:165 ? -Dio.netty.allocator.maxOrder: 9
2023-04-27 18:37:59 DEBUG PooledByteBufAllocator:169 ? -Dio.netty.allocator.chunkSize: 4194304
2023-04-27 18:37:59 DEBUG PooledByteBufAllocator:170 ? -Dio.netty.allocator.smallCacheSize: 256
2023-04-27 18:37:59 DEBUG PooledByteBufAllocator:171 ? -Dio.netty.allocator.normalCacheSize: 64
2023-04-27 18:37:59 DEBUG PooledByteBufAllocator:172 ? -Dio.netty.allocator.maxCachedBufferCapacity: 32768
2023-04-27 18:37:59 DEBUG PooledByteBufAllocator:173 ? -Dio.netty.allocator.cacheTrimInterval: 8192
2023-04-27 18:37:59 DEBUG PooledByteBufAllocator:174 ? -Dio.netty.allocator.cacheTrimIntervalMillis: 0
2023-04-27 18:37:59 DEBUG PooledByteBufAllocator:175 ? -Dio.netty.allocator.useCacheForAllThreads: false
2023-04-27 18:37:59 DEBUG PooledByteBufAllocator:176 ? -Dio.netty.allocator.maxCachedByteBuffersPerChunk: 1023
2023-04-27 18:37:59 DEBUG ByteBufUtil:88 ? -Dio.netty.allocator.type: pooled
2023-04-27 18:37:59 DEBUG ByteBufUtil:97 ? -Dio.netty.threadLocalDirectBufferSize: 0
2023-04-27 18:37:59 DEBUG ByteBufUtil:100 ? -Dio.netty.maxThreadLocalCharBufferSize: 16384
2023-04-27 18:38:00 DEBUG DefaultChannelId:79 ? -Dio.netty.processId: 35140 (auto-detected)
2023-04-27 18:38:00 DEBUG NetUtil:148 ? -Djava.net.preferIPv4Stack: false
2023-04-27 18:38:00 DEBUG NetUtil:149 ? -Djava.net.preferIPv6Addresses: false
2023-04-27 18:38:00 DEBUG NetUtilInitializations:145 ? Loopback interface: lo (Software Loopback Interface 1, 127.0.0.1)
2023-04-27 18:38:00 DEBUG NetUtil:206 ? Failed to get SOMAXCONN from sysctl and file \proc\sys\net\core\somaxconn. Default: 200
2023-04-27 18:38:00 DEBUG DefaultChannelId:101 ? -Dio.netty.machineId: 70:c9:4e:ff:fe:a9:98:9d (auto-detected)
2023-04-27 18:38:00 DEBUG AbstractByteBuf:63 ? -Dio.netty.buffer.checkAccessible: true
2023-04-27 18:38:00 DEBUG AbstractByteBuf:64 ? -Dio.netty.buffer.checkBounds: true
2023-04-27 18:38:00 DEBUG ResourceLeakDetectorFactory:196 ? Loaded default ResourceLeakDetector: io.netty.util.ResourceLeakDetector@9a2ac0a
2023-04-27 18:38:00 DEBUG NettyConnectListener:73 ? Using new Channel '[id: 0xffeb871c, L:/127.0.0.1:64936 - R:localhost/127.0.0.1:34322]' for 'POST' to '/session'
2023-04-27 18:38:00 DEBUG Recycler:96 ? -Dio.netty.recycler.maxCapacityPerThread: 4096
2023-04-27 18:38:00 DEBUG Recycler:97 ? -Dio.netty.recycler.ratio: 8
2023-04-27 18:38:00 DEBUG Recycler:98 ? -Dio.netty.recycler.chunkSize: 32
2023-04-27 18:38:00 DEBUG Recycler:99 ? -Dio.netty.recycler.blocking: false
2023-04-27 18:38:00 DEBUG Recycler:100 ? -Dio.netty.recycler.batchFastThreadLocalOnly: true
2023-04-27 18:38:01 DEBUG Brotli:38 ? brotli4j not in the classpath; Brotli support will be unavailable.
2023-04-27 18:38:01 DEBUG HttpHandler:70 ? 

Request DefaultHttpRequest(decodeResult: success, version: HTTP/1.1)
POST /session HTTP/1.1
User-Agent: selenium/4.9.0 (java windows)
Content-Length: 254
Content-Type: application/json; charset=utf-8
host: localhost:34322
accept: */*

Response DefaultHttpResponse(decodeResult: success, version: HTTP/1.1)
HTTP/1.1 200 OK
Content-Length: 860
Content-Type: application/json; charset=utf-8
cache-control: no-cache

2023-04-27 18:38:01 DEBUG ChannelManager:270 ? Adding key: http://localhost:34322 for channel [id: 0xffeb871c, L:/127.0.0.1:64936 - R:localhost/127.0.0.1:34322]
2023-04-27 18:38:01 DEBUG DefaultChannelPool:348 ? Entry count for : http://localhost:34322 : 1
2023-04-27 18:38:02 DEBUG NettyConnectListener:73 ? Using new Channel '[id: 0x1a06f68b, L:/127.0.0.1:64961 - R:localhost/127.0.0.1:64940]' for 'GET' to '/json/version'
2023-04-27 18:38:02 DEBUG HttpHandler:70 ? 

Request DefaultFullHttpRequest(decodeResult: success, version: HTTP/1.1, content: EmptyByteBufBE)
GET /json/version HTTP/1.1
User-Agent: selenium/4.9.0 (java windows)
host: localhost:64940
accept: */*

Response DefaultHttpResponse(decodeResult: success, version: HTTP/1.1)
HTTP/1.1 200 OK
Content-Security-Policy: frame-ancestors 'none'
Content-Length: 424
Content-Type: application/json; charset=UTF-8

2023-04-27 18:38:02 DEBUG ChannelManager:270 ? Adding key: http://localhost:64940 for channel [id: 0x1a06f68b, L:/127.0.0.1:64961 - R:localhost/127.0.0.1:64940]
2023-04-27 18:38:02 DEBUG ThreadLocalRandom:214 ? -Dio.netty.initialSeedUniquifier: 0xb1efcd28404ff170
2023-04-27 18:38:02 DEBUG NettyConnectListener:73 ? Using new Channel '[id: 0x6a0bda2c, L:/127.0.0.1:64964 - R:localhost/127.0.0.1:64940]' for 'GET' to '/devtools/browser/b3978b4c-e095-4a76-9dc9-21a1c579f43a'
2023-04-27 18:38:02 DEBUG WebSocketHandler:105 ? 

Request DefaultFullHttpRequest(decodeResult: success, version: HTTP/1.1, content: EmptyByteBufBE)
GET /devtools/browser/b3978b4c-e095-4a76-9dc9-21a1c579f43a HTTP/1.1
upgrade: websocket
connection: upgrade
sec-websocket-key: n9wNki2fIYhP3WV3Sy7MAg==
sec-websocket-version: 13
origin: http://localhost:64940
host: localhost:64940
accept: */*
user-agent: AHC/2.1

Response DefaultHttpResponse(decodeResult: success, version: HTTP/1.1)
HTTP/1.1 101 WebSocket Protocol Handshake
Upgrade: WebSocket
Connection: Upgrade
Sec-WebSocket-Accept: Fx0tujvX3+F5drkVqERf5HcG1TI=

2023-04-27 18:38:02 DEBUG NettyRequestSender:593 ? Using pooled Channel '[id: 0xffeb871c, L:/127.0.0.1:64936 - R:localhost/127.0.0.1:34322]' for 'POST' to 'http://localhost:34322/session/7e1b9fe200d6aa2c7f033cf5a245332b/window/maximize'
2023-04-27 18:38:02 DEBUG NettyRequestSender:251 ? Using open Channel [id: 0xffeb871c, L:/127.0.0.1:64936 - R:localhost/127.0.0.1:34322] for POST '/session/7e1b9fe200d6aa2c7f033cf5a245332b/window/maximize'
2023-04-27 18:38:02 DEBUG HttpHandler:70 ? 

Request DefaultHttpRequest(decodeResult: success, version: HTTP/1.1)
POST /session/7e1b9fe200d6aa2c7f033cf5a245332b/window/maximize HTTP/1.1
User-Agent: selenium/4.9.0 (java windows)
Content-Length: 3
Content-Type: application/json; charset=utf-8
host: localhost:34322
accept: */*

Response DefaultHttpResponse(decodeResult: success, version: HTTP/1.1)
HTTP/1.1 200 OK
Content-Length: 52
Content-Type: application/json; charset=utf-8
cache-control: no-cache

2023-04-27 18:38:02 DEBUG ChannelManager:270 ? Adding key: http://localhost:34322 for channel [id: 0xffeb871c, L:/127.0.0.1:64936 - R:localhost/127.0.0.1:34322]
2023-04-27 18:38:02 DEBUG NettyRequestSender:593 ? Using pooled Channel '[id: 0xffeb871c, L:/127.0.0.1:64936 - R:localhost/127.0.0.1:34322]' for 'POST' to 'http://localhost:34322/session/7e1b9fe200d6aa2c7f033cf5a245332b/timeouts'
2023-04-27 18:38:02 DEBUG NettyRequestSender:251 ? Using open Channel [id: 0xffeb871c, L:/127.0.0.1:64936 - R:localhost/127.0.0.1:34322] for POST '/session/7e1b9fe200d6aa2c7f033cf5a245332b/timeouts'
2023-04-27 18:38:02 DEBUG HttpHandler:70 ? 

Request DefaultHttpRequest(decodeResult: success, version: HTTP/1.1)
POST /session/7e1b9fe200d6aa2c7f033cf5a245332b/timeouts HTTP/1.1
User-Agent: selenium/4.9.0 (java windows)
Content-Length: 23
Content-Type: application/json; charset=utf-8
host: localhost:34322
accept: */*

Response DefaultHttpResponse(decodeResult: success, version: HTTP/1.1)
HTTP/1.1 200 OK
Content-Length: 14
Content-Type: application/json; charset=utf-8
cache-control: no-cache

2023-04-27 18:38:02 DEBUG ChannelManager:270 ? Adding key: http://localhost:34322 for channel [id: 0xffeb871c, L:/127.0.0.1:64936 - R:localhost/127.0.0.1:34322]
2023-04-27 18:38:02 DEBUG DefaultChannelPool:348 ? Entry count for : http://localhost:34322 : 1
2023-04-27 18:38:02 DEBUG DefaultChannelPool:348 ? Entry count for : http://localhost:64940 : 1
2023-04-27 18:38:02 DEBUG NettyRequestSender:593 ? Using pooled Channel '[id: 0xffeb871c, L:/127.0.0.1:64936 - R:localhost/127.0.0.1:34322]' for 'POST' to 'http://localhost:34322/session/7e1b9fe200d6aa2c7f033cf5a245332b/url'
2023-04-27 18:38:02 DEBUG NettyRequestSender:251 ? Using open Channel [id: 0xffeb871c, L:/127.0.0.1:64936 - R:localhost/127.0.0.1:34322] for POST '/session/7e1b9fe200d6aa2c7f033cf5a245332b/url'
2023-04-27 18:38:03 DEBUG HttpHandler:70 ? 

Request DefaultHttpRequest(decodeResult: success, version: HTTP/1.1)
POST /session/7e1b9fe200d6aa2c7f033cf5a245332b/url HTTP/1.1
User-Agent: selenium/4.9.0 (java windows)
Content-Length: 67
Content-Type: application/json; charset=utf-8
host: localhost:34322
accept: */*

Response DefaultHttpResponse(decodeResult: success, version: HTTP/1.1)
HTTP/1.1 200 OK
Content-Length: 14
Content-Type: application/json; charset=utf-8
cache-control: no-cache

2023-04-27 18:38:03 DEBUG ChannelManager:270 ? Adding key: http://localhost:34322 for channel [id: 0xffeb871c, L:/127.0.0.1:64936 - R:localhost/127.0.0.1:34322]
2023-04-27 18:38:03 DEBUG NettyRequestSender:593 ? Using pooled Channel '[id: 0xffeb871c, L:/127.0.0.1:64936 - R:localhost/127.0.0.1:34322]' for 'POST' to 'http://localhost:34322/session/7e1b9fe200d6aa2c7f033cf5a245332b/element'
2023-04-27 18:38:03 DEBUG NettyRequestSender:251 ? Using open Channel [id: 0xffeb871c, L:/127.0.0.1:64936 - R:localhost/127.0.0.1:34322] for POST '/session/7e1b9fe200d6aa2c7f033cf5a245332b/element'
2023-04-27 18:38:03 DEBUG HttpHandler:70 ? 

Request DefaultHttpRequest(decodeResult: success, version: HTTP/1.1)
POST /session/7e1b9fe200d6aa2c7f033cf5a245332b/element HTTP/1.1
User-Agent: selenium/4.9.0 (java windows)
Content-Length: 53
Content-Type: application/json; charset=utf-8
host: localhost:34322
accept: */*

Response DefaultHttpResponse(decodeResult: success, version: HTTP/1.1)
HTTP/1.1 200 OK
Content-Length: 88
Content-Type: application/json; charset=utf-8
cache-control: no-cache

2023-04-27 18:38:03 DEBUG ChannelManager:270 ? Adding key: http://localhost:34322 for channel [id: 0xffeb871c, L:/127.0.0.1:64936 - R:localhost/127.0.0.1:34322]
2023-04-27 18:38:03 DEBUG NettyRequestSender:593 ? Using pooled Channel '[id: 0xffeb871c, L:/127.0.0.1:64936 - R:localhost/127.0.0.1:34322]' for 'POST' to 'http://localhost:34322/session/7e1b9fe200d6aa2c7f033cf5a245332b/execute/sync'
2023-04-27 18:38:03 DEBUG NettyRequestSender:251 ? Using open Channel [id: 0xffeb871c, L:/127.0.0.1:64936 - R:localhost/127.0.0.1:34322] for POST '/session/7e1b9fe200d6aa2c7f033cf5a245332b/execute/sync'
2023-04-27 18:38:03 DEBUG HttpHandler:70 ? 

Request DefaultHttpRequest(decodeResult: success, version: HTTP/1.1)
POST /session/7e1b9fe200d6aa2c7f033cf5a245332b/execute/sync HTTP/1.1
User-Agent: selenium/4.9.0 (java windows)
Content-Length: 48807
Content-Type: application/json; charset=utf-8
host: localhost:34322
accept: */*

Response DefaultHttpResponse(decodeResult: success, version: HTTP/1.1)
HTTP/1.1 200 OK
Content-Length: 14
Content-Type: application/json; charset=utf-8
cache-control: no-cache

2023-04-27 18:38:03 DEBUG ChannelManager:270 ? Adding key: http://localhost:34322 for channel [id: 0xffeb871c, L:/127.0.0.1:64936 - R:localhost/127.0.0.1:34322]
2023-04-27 18:38:03 DEBUG NettyRequestSender:593 ? Using pooled Channel '[id: 0xffeb871c, L:/127.0.0.1:64936 - R:localhost/127.0.0.1:34322]' for 'POST' to 'http://localhost:34322/session/7e1b9fe200d6aa2c7f033cf5a245332b/element'
2023-04-27 18:38:03 DEBUG NettyRequestSender:251 ? Using open Channel [id: 0xffeb871c, L:/127.0.0.1:64936 - R:localhost/127.0.0.1:34322] for POST '/session/7e1b9fe200d6aa2c7f033cf5a245332b/element'
2023-04-27 18:38:03 DEBUG HttpHandler:70 ? 

Request DefaultHttpRequest(decodeResult: success, version: HTTP/1.1)
POST /session/7e1b9fe200d6aa2c7f033cf5a245332b/element HTTP/1.1
User-Agent: selenium/4.9.0 (java windows)
Content-Length: 54
Content-Type: application/json; charset=utf-8
host: localhost:34322
accept: */*

Response DefaultHttpResponse(decodeResult: success, version: HTTP/1.1)
HTTP/1.1 200 OK
Content-Length: 88
Content-Type: application/json; charset=utf-8
cache-control: no-cache

2023-04-27 18:38:03 DEBUG ChannelManager:270 ? Adding key: http://localhost:34322 for channel [id: 0xffeb871c, L:/127.0.0.1:64936 - R:localhost/127.0.0.1:34322]
2023-04-27 18:38:03 DEBUG NettyRequestSender:593 ? Using pooled Channel '[id: 0xffeb871c, L:/127.0.0.1:64936 - R:localhost/127.0.0.1:34322]' for 'POST' to 'http://localhost:34322/session/7e1b9fe200d6aa2c7f033cf5a245332b/execute/sync'
2023-04-27 18:38:03 DEBUG NettyRequestSender:251 ? Using open Channel [id: 0xffeb871c, L:/127.0.0.1:64936 - R:localhost/127.0.0.1:34322] for POST '/session/7e1b9fe200d6aa2c7f033cf5a245332b/execute/sync'
2023-04-27 18:38:03 DEBUG HttpHandler:70 ? 

Request DefaultHttpRequest(decodeResult: success, version: HTTP/1.1)
POST /session/7e1b9fe200d6aa2c7f033cf5a245332b/execute/sync HTTP/1.1
User-Agent: selenium/4.9.0 (java windows)
Content-Length: 48807
Content-Type: application/json; charset=utf-8
host: localhost:34322
accept: */*

Response DefaultHttpResponse(decodeResult: success, version: HTTP/1.1)
HTTP/1.1 200 OK
Content-Length: 14
Content-Type: application/json; charset=utf-8
cache-control: no-cache

2023-04-27 18:38:03 DEBUG ChannelManager:270 ? Adding key: http://localhost:34322 for channel [id: 0xffeb871c, L:/127.0.0.1:64936 - R:localhost/127.0.0.1:34322]
2023-04-27 18:38:03 DEBUG NettyRequestSender:593 ? Using pooled Channel '[id: 0xffeb871c, L:/127.0.0.1:64936 - R:localhost/127.0.0.1:34322]' for 'POST' to 'http://localhost:34322/session/7e1b9fe200d6aa2c7f033cf5a245332b/element'
2023-04-27 18:38:03 DEBUG NettyRequestSender:251 ? Using open Channel [id: 0xffeb871c, L:/127.0.0.1:64936 - R:localhost/127.0.0.1:34322] for POST '/session/7e1b9fe200d6aa2c7f033cf5a245332b/element'
2023-04-27 18:38:03 DEBUG HttpHandler:70 ? 

Request DefaultHttpRequest(decodeResult: success, version: HTTP/1.1)
POST /session/7e1b9fe200d6aa2c7f033cf5a245332b/element HTTP/1.1
User-Agent: selenium/4.9.0 (java windows)
Content-Length: 53
Content-Type: application/json; charset=utf-8
host: localhost:34322
accept: */*

Response DefaultHttpResponse(decodeResult: success, version: HTTP/1.1)
HTTP/1.1 200 OK
Content-Length: 88
Content-Type: application/json; charset=utf-8
cache-control: no-cache

2023-04-27 18:38:03 DEBUG ChannelManager:270 ? Adding key: http://localhost:34322 for channel [id: 0xffeb871c, L:/127.0.0.1:64936 - R:localhost/127.0.0.1:34322]
2023-04-27 18:38:03 DEBUG NettyRequestSender:593 ? Using pooled Channel '[id: 0xffeb871c, L:/127.0.0.1:64936 - R:localhost/127.0.0.1:34322]' for 'POST' to 'http://localhost:34322/session/7e1b9fe200d6aa2c7f033cf5a245332b/execute/sync'
2023-04-27 18:38:03 DEBUG NettyRequestSender:251 ? Using open Channel [id: 0xffeb871c, L:/127.0.0.1:64936 - R:localhost/127.0.0.1:34322] for POST '/session/7e1b9fe200d6aa2c7f033cf5a245332b/execute/sync'
2023-04-27 18:38:03 DEBUG DefaultChannelPool:348 ? Entry count for : http://localhost:64940 : 1
2023-04-27 18:38:03 DEBUG HttpHandler:70 ? 

Request DefaultHttpRequest(decodeResult: success, version: HTTP/1.1)
POST /session/7e1b9fe200d6aa2c7f033cf5a245332b/execute/sync HTTP/1.1
User-Agent: selenium/4.9.0 (java windows)
Content-Length: 48807
Content-Type: application/json; charset=utf-8
host: localhost:34322
accept: */*

Response DefaultHttpResponse(decodeResult: success, version: HTTP/1.1)
HTTP/1.1 200 OK
Content-Length: 14
Content-Type: application/json; charset=utf-8
cache-control: no-cache

2023-04-27 18:38:03 DEBUG ChannelManager:270 ? Adding key: http://localhost:34322 for channel [id: 0xffeb871c, L:/127.0.0.1:64936 - R:localhost/127.0.0.1:34322]
2023-04-27 18:38:03 DEBUG NettyRequestSender:593 ? Using pooled Channel '[id: 0xffeb871c, L:/127.0.0.1:64936 - R:localhost/127.0.0.1:34322]' for 'POST' to 'http://localhost:34322/session/7e1b9fe200d6aa2c7f033cf5a245332b/element'
2023-04-27 18:38:03 DEBUG NettyRequestSender:251 ? Using open Channel [id: 0xffeb871c, L:/127.0.0.1:64936 - R:localhost/127.0.0.1:34322] for POST '/session/7e1b9fe200d6aa2c7f033cf5a245332b/element'
2023-04-27 18:38:03 DEBUG HttpHandler:70 ? 

Request DefaultHttpRequest(decodeResult: success, version: HTTP/1.1)
POST /session/7e1b9fe200d6aa2c7f033cf5a245332b/element HTTP/1.1
User-Agent: selenium/4.9.0 (java windows)
Content-Length: 53
Content-Type: application/json; charset=utf-8
host: localhost:34322
accept: */*

Response DefaultHttpResponse(decodeResult: success, version: HTTP/1.1)
HTTP/1.1 200 OK
Content-Length: 88
Content-Type: application/json; charset=utf-8
cache-control: no-cache

2023-04-27 18:38:03 DEBUG ChannelManager:270 ? Adding key: http://localhost:34322 for channel [id: 0xffeb871c, L:/127.0.0.1:64936 - R:localhost/127.0.0.1:34322]
2023-04-27 18:38:03 DEBUG NettyRequestSender:593 ? Using pooled Channel '[id: 0xffeb871c, L:/127.0.0.1:64936 - R:localhost/127.0.0.1:34322]' for 'POST' to 'http://localhost:34322/session/7e1b9fe200d6aa2c7f033cf5a245332b/execute/sync'
2023-04-27 18:38:03 DEBUG NettyRequestSender:251 ? Using open Channel [id: 0xffeb871c, L:/127.0.0.1:64936 - R:localhost/127.0.0.1:34322] for POST '/session/7e1b9fe200d6aa2c7f033cf5a245332b/execute/sync'
2023-04-27 18:38:03 DEBUG HttpHandler:70 ? 

Request DefaultHttpRequest(decodeResult: success, version: HTTP/1.1)
POST /session/7e1b9fe200d6aa2c7f033cf5a245332b/execute/sync HTTP/1.1
User-Agent: selenium/4.9.0 (java windows)
Content-Length: 48807
Content-Type: application/json; charset=utf-8
host: localhost:34322
accept: */*

Response DefaultHttpResponse(decodeResult: success, version: HTTP/1.1)
HTTP/1.1 200 OK
Content-Length: 14
Content-Type: application/json; charset=utf-8
cache-control: no-cache

2023-04-27 18:38:03 DEBUG ChannelManager:270 ? Adding key: http://localhost:34322 for channel [id: 0xffeb871c, L:/127.0.0.1:64936 - R:localhost/127.0.0.1:34322]
2023-04-27 18:38:03 DEBUG NettyRequestSender:593 ? Using pooled Channel '[id: 0xffeb871c, L:/127.0.0.1:64936 - R:localhost/127.0.0.1:34322]' for 'POST' to 'http://localhost:34322/session/7e1b9fe200d6aa2c7f033cf5a245332b/element'
2023-04-27 18:38:03 DEBUG NettyRequestSender:251 ? Using open Channel [id: 0xffeb871c, L:/127.0.0.1:64936 - R:localhost/127.0.0.1:34322] for POST '/session/7e1b9fe200d6aa2c7f033cf5a245332b/element'
2023-04-27 18:38:03 DEBUG HttpHandler:70 ? 

Request DefaultHttpRequest(decodeResult: success, version: HTTP/1.1)
POST /session/7e1b9fe200d6aa2c7f033cf5a245332b/element HTTP/1.1
User-Agent: selenium/4.9.0 (java windows)
Content-Length: 60
Content-Type: application/json; charset=utf-8
host: localhost:34322
accept: */*

Response DefaultHttpResponse(decodeResult: success, version: HTTP/1.1)
HTTP/1.1 200 OK
Content-Length: 88
Content-Type: application/json; charset=utf-8
cache-control: no-cache

2023-04-27 18:38:03 DEBUG ChannelManager:270 ? Adding key: http://localhost:34322 for channel [id: 0xffeb871c, L:/127.0.0.1:64936 - R:localhost/127.0.0.1:34322]
2023-04-27 18:38:03 DEBUG NettyRequestSender:593 ? Using pooled Channel '[id: 0xffeb871c, L:/127.0.0.1:64936 - R:localhost/127.0.0.1:34322]' for 'POST' to 'http://localhost:34322/session/7e1b9fe200d6aa2c7f033cf5a245332b/execute/sync'
2023-04-27 18:38:03 DEBUG NettyRequestSender:251 ? Using open Channel [id: 0xffeb871c, L:/127.0.0.1:64936 - R:localhost/127.0.0.1:34322] for POST '/session/7e1b9fe200d6aa2c7f033cf5a245332b/execute/sync'
2023-04-27 18:38:04 DEBUG HttpHandler:70 ? 

Request DefaultHttpRequest(decodeResult: success, version: HTTP/1.1)
POST /session/7e1b9fe200d6aa2c7f033cf5a245332b/execute/sync HTTP/1.1
User-Agent: selenium/4.9.0 (java windows)
Content-Length: 48807
Content-Type: application/json; charset=utf-8
host: localhost:34322
accept: */*

Response DefaultHttpResponse(decodeResult: success, version: HTTP/1.1)
HTTP/1.1 200 OK
Content-Length: 14
Content-Type: application/json; charset=utf-8
cache-control: no-cache

2023-04-27 18:38:04 DEBUG ChannelManager:270 ? Adding key: http://localhost:34322 for channel [id: 0xffeb871c, L:/127.0.0.1:64936 - R:localhost/127.0.0.1:34322]
2023-04-27 18:38:04 DEBUG NettyRequestSender:593 ? Using pooled Channel '[id: 0xffeb871c, L:/127.0.0.1:64936 - R:localhost/127.0.0.1:34322]' for 'POST' to 'http://localhost:34322/session/7e1b9fe200d6aa2c7f033cf5a245332b/element'
2023-04-27 18:38:04 DEBUG NettyRequestSender:251 ? Using open Channel [id: 0xffeb871c, L:/127.0.0.1:64936 - R:localhost/127.0.0.1:34322] for POST '/session/7e1b9fe200d6aa2c7f033cf5a245332b/element'
2023-04-27 18:38:04 DEBUG HttpHandler:70 ? 

Request DefaultHttpRequest(decodeResult: success, version: HTTP/1.1)
POST /session/7e1b9fe200d6aa2c7f033cf5a245332b/element HTTP/1.1
User-Agent: selenium/4.9.0 (java windows)
Content-Length: 53
Content-Type: application/json; charset=utf-8
host: localhost:34322
accept: */*

Response DefaultHttpResponse(decodeResult: success, version: HTTP/1.1)
HTTP/1.1 200 OK
Content-Length: 88
Content-Type: application/json; charset=utf-8
cache-control: no-cache

2023-04-27 18:38:04 DEBUG ChannelManager:270 ? Adding key: http://localhost:34322 for channel [id: 0xffeb871c, L:/127.0.0.1:64936 - R:localhost/127.0.0.1:34322]
2023-04-27 18:38:04 DEBUG NettyRequestSender:593 ? Using pooled Channel '[id: 0xffeb871c, L:/127.0.0.1:64936 - R:localhost/127.0.0.1:34322]' for 'POST' to 'http://localhost:34322/session/7e1b9fe200d6aa2c7f033cf5a245332b/actions'
2023-04-27 18:38:04 DEBUG NettyRequestSender:251 ? Using open Channel [id: 0xffeb871c, L:/127.0.0.1:64936 - R:localhost/127.0.0.1:34322] for POST '/session/7e1b9fe200d6aa2c7f033cf5a245332b/actions'
2023-04-27 18:38:04 DEBUG HttpHandler:70 ? 

Request DefaultHttpRequest(decodeResult: success, version: HTTP/1.1)
POST /session/7e1b9fe200d6aa2c7f033cf5a245332b/actions HTTP/1.1
User-Agent: selenium/4.9.0 (java windows)
Content-Length: 2315
Content-Type: application/json; charset=utf-8
host: localhost:34322
accept: */*

Response DefaultHttpResponse(decodeResult: success, version: HTTP/1.1)
HTTP/1.1 200 OK
Content-Length: 14
Content-Type: application/json; charset=utf-8
cache-control: no-cache

2023-04-27 18:38:04 DEBUG ChannelManager:270 ? Adding key: http://localhost:34322 for channel [id: 0xffeb871c, L:/127.0.0.1:64936 - R:localhost/127.0.0.1:34322]
2023-04-27 18:41:38 DEBUG InternalLoggerFactory:63 ? Using SLF4J as the default logging framework
2023-04-27 18:41:38 DEBUG ResourceLeakDetector:129 ? -Dio.netty.leakDetection.level: simple
2023-04-27 18:41:38 DEBUG ResourceLeakDetector:130 ? -Dio.netty.leakDetection.targetRecords: 4
2023-04-27 18:41:38 DEBUG ResourceLeakDetectorFactory:196 ? Loaded default ResourceLeakDetector: io.netty.util.ResourceLeakDetector@53ab0286
2023-04-27 18:41:38 DEBUG PlatformDependent0:496 ? -Dio.netty.noUnsafe: false
2023-04-27 18:41:38 DEBUG PlatformDependent0:1000 ? Java version: 19
2023-04-27 18:41:38 DEBUG PlatformDependent0:137 ? sun.misc.Unsafe.theUnsafe: available
2023-04-27 18:41:38 DEBUG PlatformDependent0:161 ? sun.misc.Unsafe.copyMemory: available
2023-04-27 18:41:38 DEBUG PlatformDependent0:193 ? sun.misc.Unsafe.storeFence: available
2023-04-27 18:41:38 DEBUG PlatformDependent0:236 ? java.nio.Buffer.address: available
2023-04-27 18:41:38 DEBUG PlatformDependent0:320 ? direct buffer constructor: unavailable: Reflective setAccessible(true) disabled
2023-04-27 18:41:38 DEBUG PlatformDependent0:385 ? java.nio.Bits.unaligned: available, true
2023-04-27 18:41:38 DEBUG PlatformDependent0:452 ? jdk.internal.misc.Unsafe.allocateUninitializedArray(int): unavailable: class io.netty.util.internal.PlatformDependent0$7 cannot access class jdk.internal.misc.Unsafe (in module java.base) because module java.base does not export jdk.internal.misc to unnamed module @5679c6c6
2023-04-27 18:41:38 DEBUG PlatformDependent0:482 ? java.nio.DirectByteBuffer.<init>(long, int): unavailable
2023-04-27 18:41:38 DEBUG PlatformDependent:1159 ? sun.misc.Unsafe: available
2023-04-27 18:41:38 DEBUG PlatformDependent:1270 ? maxDirectMemory: 5339348992 bytes (maybe)
2023-04-27 18:41:38 DEBUG PlatformDependent:1289 ? -Dio.netty.tmpdir: C:\Users\rohit\AppData\Local\Temp (java.io.tmpdir)
2023-04-27 18:41:38 DEBUG PlatformDependent:1368 ? -Dio.netty.bitMode: 64 (sun.arch.data.model)
2023-04-27 18:41:38 DEBUG PlatformDependent:1119 ? Platform: Windows
2023-04-27 18:41:38 DEBUG PlatformDependent:178 ? -Dio.netty.maxDirectMemory: -1 bytes
2023-04-27 18:41:38 DEBUG PlatformDependent:185 ? -Dio.netty.uninitializedArrayAllocationThreshold: -1
2023-04-27 18:41:38 DEBUG CleanerJava9:71 ? java.nio.ByteBuffer.cleaner(): available
2023-04-27 18:41:38 DEBUG PlatformDependent:205 ? -Dio.netty.noPreferDirect: false
2023-04-27 18:41:38 DEBUG PlatformDependent:1010 ? org.jctools-core.MpscChunkedArrayQueue: available
2023-04-27 18:41:38 DEBUG InternalThreadLocalMap:100 ? -Dio.netty.threadLocalMap.stringBuilder.initialSize: 1024
2023-04-27 18:41:38 DEBUG InternalThreadLocalMap:101 ? -Dio.netty.threadLocalMap.stringBuilder.maxSize: 4096
2023-04-27 18:41:39 DEBUG JdkSslContext:83 ? Default protocols (JDK): [TLSv1.3, TLSv1.2] 
2023-04-27 18:41:39 DEBUG JdkSslContext:84 ? Default cipher suites (JDK): [TLS_ECDHE_ECDSA_WITH_AES_256_GCM_SHA384, TLS_ECDHE_ECDSA_WITH_AES_128_GCM_SHA256, TLS_ECDHE_RSA_WITH_AES_128_GCM_SHA256, TLS_ECDHE_RSA_WITH_AES_256_GCM_SHA384, TLS_ECDHE_RSA_WITH_AES_128_CBC_SHA, TLS_ECDHE_RSA_WITH_AES_256_CBC_SHA, TLS_RSA_WITH_AES_128_GCM_SHA256, TLS_RSA_WITH_AES_128_CBC_SHA, TLS_RSA_WITH_AES_256_CBC_SHA, TLS_AES_128_GCM_SHA256, TLS_AES_256_GCM_SHA384]
2023-04-27 18:41:39 DEBUG GlobalEventExecutor:53 ? -Dio.netty.globalEventExecutor.quietPeriodSeconds: 1
2023-04-27 18:41:39 DEBUG MultithreadEventLoopGroup:44 ? -Dio.netty.eventLoopThreads: 16
2023-04-27 18:41:39 DEBUG NioEventLoop:110 ? -Dio.netty.noKeySetOptimization: false
2023-04-27 18:41:39 DEBUG NioEventLoop:111 ? -Dio.netty.selectorAutoRebuildThreshold: 512
2023-04-27 18:41:39 DEBUG PooledByteBufAllocator:157 ? -Dio.netty.allocator.numHeapArenas: 16
2023-04-27 18:41:39 DEBUG PooledByteBufAllocator:158 ? -Dio.netty.allocator.numDirectArenas: 16
2023-04-27 18:41:39 DEBUG PooledByteBufAllocator:160 ? -Dio.netty.allocator.pageSize: 8192
2023-04-27 18:41:39 DEBUG PooledByteBufAllocator:165 ? -Dio.netty.allocator.maxOrder: 9
2023-04-27 18:41:39 DEBUG PooledByteBufAllocator:169 ? -Dio.netty.allocator.chunkSize: 4194304
2023-04-27 18:41:39 DEBUG PooledByteBufAllocator:170 ? -Dio.netty.allocator.smallCacheSize: 256
2023-04-27 18:41:39 DEBUG PooledByteBufAllocator:171 ? -Dio.netty.allocator.normalCacheSize: 64
2023-04-27 18:41:39 DEBUG PooledByteBufAllocator:172 ? -Dio.netty.allocator.maxCachedBufferCapacity: 32768
2023-04-27 18:41:39 DEBUG PooledByteBufAllocator:173 ? -Dio.netty.allocator.cacheTrimInterval: 8192
2023-04-27 18:41:39 DEBUG PooledByteBufAllocator:174 ? -Dio.netty.allocator.cacheTrimIntervalMillis: 0
2023-04-27 18:41:39 DEBUG PooledByteBufAllocator:175 ? -Dio.netty.allocator.useCacheForAllThreads: false
2023-04-27 18:41:39 DEBUG PooledByteBufAllocator:176 ? -Dio.netty.allocator.maxCachedByteBuffersPerChunk: 1023
2023-04-27 18:41:39 DEBUG ByteBufUtil:88 ? -Dio.netty.allocator.type: pooled
2023-04-27 18:41:39 DEBUG ByteBufUtil:97 ? -Dio.netty.threadLocalDirectBufferSize: 0
2023-04-27 18:41:39 DEBUG ByteBufUtil:100 ? -Dio.netty.maxThreadLocalCharBufferSize: 16384
2023-04-27 18:41:39 DEBUG DefaultChannelId:79 ? -Dio.netty.processId: 12048 (auto-detected)
2023-04-27 18:41:39 DEBUG NetUtil:148 ? -Djava.net.preferIPv4Stack: false
2023-04-27 18:41:39 DEBUG NetUtil:149 ? -Djava.net.preferIPv6Addresses: false
2023-04-27 18:41:39 DEBUG NetUtilInitializations:145 ? Loopback interface: lo (Software Loopback Interface 1, 127.0.0.1)
2023-04-27 18:41:39 DEBUG NetUtil:206 ? Failed to get SOMAXCONN from sysctl and file \proc\sys\net\core\somaxconn. Default: 200
2023-04-27 18:41:39 DEBUG DefaultChannelId:101 ? -Dio.netty.machineId: 70:c9:4e:ff:fe:a9:98:9d (auto-detected)
2023-04-27 18:41:39 DEBUG AbstractByteBuf:63 ? -Dio.netty.buffer.checkAccessible: true
2023-04-27 18:41:39 DEBUG AbstractByteBuf:64 ? -Dio.netty.buffer.checkBounds: true
2023-04-27 18:41:39 DEBUG ResourceLeakDetectorFactory:196 ? Loaded default ResourceLeakDetector: io.netty.util.ResourceLeakDetector@1707ada5
2023-04-27 18:41:40 DEBUG NettyConnectListener:73 ? Using new Channel '[id: 0x501d8391, L:/127.0.0.1:49171 - R:localhost/127.0.0.1:4927]' for 'POST' to '/session'
2023-04-27 18:41:40 DEBUG Recycler:96 ? -Dio.netty.recycler.maxCapacityPerThread: 4096
2023-04-27 18:41:40 DEBUG Recycler:97 ? -Dio.netty.recycler.ratio: 8
2023-04-27 18:41:40 DEBUG Recycler:98 ? -Dio.netty.recycler.chunkSize: 32
2023-04-27 18:41:40 DEBUG Recycler:99 ? -Dio.netty.recycler.blocking: false
2023-04-27 18:41:40 DEBUG Recycler:100 ? -Dio.netty.recycler.batchFastThreadLocalOnly: true
2023-04-27 18:41:41 DEBUG Brotli:38 ? brotli4j not in the classpath; Brotli support will be unavailable.
2023-04-27 18:41:41 DEBUG HttpHandler:70 ? 

Request DefaultHttpRequest(decodeResult: success, version: HTTP/1.1)
POST /session HTTP/1.1
User-Agent: selenium/4.9.0 (java windows)
Content-Length: 254
Content-Type: application/json; charset=utf-8
host: localhost:4927
accept: */*

Response DefaultHttpResponse(decodeResult: success, version: HTTP/1.1)
HTTP/1.1 200 OK
Content-Length: 859
Content-Type: application/json; charset=utf-8
cache-control: no-cache

2023-04-27 18:41:41 DEBUG ChannelManager:270 ? Adding key: http://localhost:4927 for channel [id: 0x501d8391, L:/127.0.0.1:49171 - R:localhost/127.0.0.1:4927]
2023-04-27 18:41:41 DEBUG NettyConnectListener:73 ? Using new Channel '[id: 0x65892f97, L:/127.0.0.1:49189 - R:localhost/127.0.0.1:49176]' for 'GET' to '/json/version'
2023-04-27 18:41:41 DEBUG HttpHandler:70 ? 

Request DefaultFullHttpRequest(decodeResult: success, version: HTTP/1.1, content: EmptyByteBufBE)
GET /json/version HTTP/1.1
User-Agent: selenium/4.9.0 (java windows)
host: localhost:49176
accept: */*

Response DefaultHttpResponse(decodeResult: success, version: HTTP/1.1)
HTTP/1.1 200 OK
Content-Security-Policy: frame-ancestors 'none'
Content-Length: 424
Content-Type: application/json; charset=UTF-8

2023-04-27 18:41:41 DEBUG ChannelManager:270 ? Adding key: http://localhost:49176 for channel [id: 0x65892f97, L:/127.0.0.1:49189 - R:localhost/127.0.0.1:49176]
2023-04-27 18:41:41 DEBUG ThreadLocalRandom:214 ? -Dio.netty.initialSeedUniquifier: 0xe6b5e22157d5f7d3
2023-04-27 18:41:41 DEBUG NettyConnectListener:73 ? Using new Channel '[id: 0x6dc02720, L:/127.0.0.1:49190 - R:localhost/127.0.0.1:49176]' for 'GET' to '/devtools/browser/37b2a35c-7444-481f-9846-a76f096583e5'
2023-04-27 18:41:41 DEBUG WebSocketHandler:105 ? 

Request DefaultFullHttpRequest(decodeResult: success, version: HTTP/1.1, content: EmptyByteBufBE)
GET /devtools/browser/37b2a35c-7444-481f-9846-a76f096583e5 HTTP/1.1
upgrade: websocket
connection: upgrade
sec-websocket-key: oMYPiPdjyqoex9oVhcX9TQ==
sec-websocket-version: 13
origin: http://localhost:49176
host: localhost:49176
accept: */*
user-agent: AHC/2.1

Response DefaultHttpResponse(decodeResult: success, version: HTTP/1.1)
HTTP/1.1 101 WebSocket Protocol Handshake
Upgrade: WebSocket
Connection: Upgrade
Sec-WebSocket-Accept: SB8lyt2EUpsvk8PMcM6YninG+Cw=

2023-04-27 18:41:41 DEBUG NettyRequestSender:593 ? Using pooled Channel '[id: 0x501d8391, L:/127.0.0.1:49171 - R:localhost/127.0.0.1:4927]' for 'POST' to 'http://localhost:4927/session/c06e9709842e619ebe17850e8d379353/window/maximize'
2023-04-27 18:41:41 DEBUG NettyRequestSender:251 ? Using open Channel [id: 0x501d8391, L:/127.0.0.1:49171 - R:localhost/127.0.0.1:4927] for POST '/session/c06e9709842e619ebe17850e8d379353/window/maximize'
2023-04-27 18:41:41 DEBUG HttpHandler:70 ? 

Request DefaultHttpRequest(decodeResult: success, version: HTTP/1.1)
POST /session/c06e9709842e619ebe17850e8d379353/window/maximize HTTP/1.1
User-Agent: selenium/4.9.0 (java windows)
Content-Length: 3
Content-Type: application/json; charset=utf-8
host: localhost:4927
accept: */*

Response DefaultHttpResponse(decodeResult: success, version: HTTP/1.1)
HTTP/1.1 200 OK
Content-Length: 52
Content-Type: application/json; charset=utf-8
cache-control: no-cache

2023-04-27 18:41:41 DEBUG ChannelManager:270 ? Adding key: http://localhost:4927 for channel [id: 0x501d8391, L:/127.0.0.1:49171 - R:localhost/127.0.0.1:4927]
2023-04-27 18:41:41 DEBUG NettyRequestSender:593 ? Using pooled Channel '[id: 0x501d8391, L:/127.0.0.1:49171 - R:localhost/127.0.0.1:4927]' for 'POST' to 'http://localhost:4927/session/c06e9709842e619ebe17850e8d379353/timeouts'
2023-04-27 18:41:41 DEBUG NettyRequestSender:251 ? Using open Channel [id: 0x501d8391, L:/127.0.0.1:49171 - R:localhost/127.0.0.1:4927] for POST '/session/c06e9709842e619ebe17850e8d379353/timeouts'
2023-04-27 18:41:41 DEBUG HttpHandler:70 ? 

Request DefaultHttpRequest(decodeResult: success, version: HTTP/1.1)
POST /session/c06e9709842e619ebe17850e8d379353/timeouts HTTP/1.1
User-Agent: selenium/4.9.0 (java windows)
Content-Length: 23
Content-Type: application/json; charset=utf-8
host: localhost:4927
accept: */*

Response DefaultHttpResponse(decodeResult: success, version: HTTP/1.1)
HTTP/1.1 200 OK
Content-Length: 14
Content-Type: application/json; charset=utf-8
cache-control: no-cache

2023-04-27 18:41:41 DEBUG ChannelManager:270 ? Adding key: http://localhost:4927 for channel [id: 0x501d8391, L:/127.0.0.1:49171 - R:localhost/127.0.0.1:4927]
2023-04-27 18:41:42 DEBUG NettyRequestSender:593 ? Using pooled Channel '[id: 0x501d8391, L:/127.0.0.1:49171 - R:localhost/127.0.0.1:4927]' for 'POST' to 'http://localhost:4927/session/c06e9709842e619ebe17850e8d379353/url'
2023-04-27 18:41:42 DEBUG NettyRequestSender:251 ? Using open Channel [id: 0x501d8391, L:/127.0.0.1:49171 - R:localhost/127.0.0.1:4927] for POST '/session/c06e9709842e619ebe17850e8d379353/url'
2023-04-27 18:41:42 DEBUG DefaultChannelPool:348 ? Entry count for : http://localhost:49176 : 1
2023-04-27 18:41:42 DEBUG HttpHandler:70 ? 

Request DefaultHttpRequest(decodeResult: success, version: HTTP/1.1)
POST /session/c06e9709842e619ebe17850e8d379353/url HTTP/1.1
User-Agent: selenium/4.9.0 (java windows)
Content-Length: 67
Content-Type: application/json; charset=utf-8
host: localhost:4927
accept: */*

Response DefaultHttpResponse(decodeResult: success, version: HTTP/1.1)
HTTP/1.1 200 OK
Content-Length: 14
Content-Type: application/json; charset=utf-8
cache-control: no-cache

2023-04-27 18:41:42 DEBUG ChannelManager:270 ? Adding key: http://localhost:4927 for channel [id: 0x501d8391, L:/127.0.0.1:49171 - R:localhost/127.0.0.1:4927]
2023-04-27 18:41:42 DEBUG NettyRequestSender:593 ? Using pooled Channel '[id: 0x501d8391, L:/127.0.0.1:49171 - R:localhost/127.0.0.1:4927]' for 'POST' to 'http://localhost:4927/session/c06e9709842e619ebe17850e8d379353/element'
2023-04-27 18:41:42 DEBUG NettyRequestSender:251 ? Using open Channel [id: 0x501d8391, L:/127.0.0.1:49171 - R:localhost/127.0.0.1:4927] for POST '/session/c06e9709842e619ebe17850e8d379353/element'
2023-04-27 18:41:42 DEBUG HttpHandler:70 ? 

Request DefaultHttpRequest(decodeResult: success, version: HTTP/1.1)
POST /session/c06e9709842e619ebe17850e8d379353/element HTTP/1.1
User-Agent: selenium/4.9.0 (java windows)
Content-Length: 53
Content-Type: application/json; charset=utf-8
host: localhost:4927
accept: */*

Response DefaultHttpResponse(decodeResult: success, version: HTTP/1.1)
HTTP/1.1 200 OK
Content-Length: 88
Content-Type: application/json; charset=utf-8
cache-control: no-cache

2023-04-27 18:41:42 DEBUG ChannelManager:270 ? Adding key: http://localhost:4927 for channel [id: 0x501d8391, L:/127.0.0.1:49171 - R:localhost/127.0.0.1:4927]
2023-04-27 18:41:42 DEBUG NettyRequestSender:593 ? Using pooled Channel '[id: 0x501d8391, L:/127.0.0.1:49171 - R:localhost/127.0.0.1:4927]' for 'POST' to 'http://localhost:4927/session/c06e9709842e619ebe17850e8d379353/execute/sync'
2023-04-27 18:41:42 DEBUG NettyRequestSender:251 ? Using open Channel [id: 0x501d8391, L:/127.0.0.1:49171 - R:localhost/127.0.0.1:4927] for POST '/session/c06e9709842e619ebe17850e8d379353/execute/sync'
2023-04-27 18:41:42 DEBUG HttpHandler:70 ? 

Request DefaultHttpRequest(decodeResult: success, version: HTTP/1.1)
POST /session/c06e9709842e619ebe17850e8d379353/execute/sync HTTP/1.1
User-Agent: selenium/4.9.0 (java windows)
Content-Length: 48807
Content-Type: application/json; charset=utf-8
host: localhost:4927
accept: */*

Response DefaultHttpResponse(decodeResult: success, version: HTTP/1.1)
HTTP/1.1 200 OK
Content-Length: 14
Content-Type: application/json; charset=utf-8
cache-control: no-cache

2023-04-27 18:41:42 DEBUG ChannelManager:270 ? Adding key: http://localhost:4927 for channel [id: 0x501d8391, L:/127.0.0.1:49171 - R:localhost/127.0.0.1:4927]
2023-04-27 18:41:42 DEBUG NettyRequestSender:593 ? Using pooled Channel '[id: 0x501d8391, L:/127.0.0.1:49171 - R:localhost/127.0.0.1:4927]' for 'POST' to 'http://localhost:4927/session/c06e9709842e619ebe17850e8d379353/element'
2023-04-27 18:41:42 DEBUG NettyRequestSender:251 ? Using open Channel [id: 0x501d8391, L:/127.0.0.1:49171 - R:localhost/127.0.0.1:4927] for POST '/session/c06e9709842e619ebe17850e8d379353/element'
2023-04-27 18:41:43 DEBUG HttpHandler:70 ? 

Request DefaultHttpRequest(decodeResult: success, version: HTTP/1.1)
POST /session/c06e9709842e619ebe17850e8d379353/element HTTP/1.1
User-Agent: selenium/4.9.0 (java windows)
Content-Length: 54
Content-Type: application/json; charset=utf-8
host: localhost:4927
accept: */*

Response DefaultHttpResponse(decodeResult: success, version: HTTP/1.1)
HTTP/1.1 200 OK
Content-Length: 88
Content-Type: application/json; charset=utf-8
cache-control: no-cache

2023-04-27 18:41:43 DEBUG ChannelManager:270 ? Adding key: http://localhost:4927 for channel [id: 0x501d8391, L:/127.0.0.1:49171 - R:localhost/127.0.0.1:4927]
2023-04-27 18:41:43 DEBUG NettyRequestSender:593 ? Using pooled Channel '[id: 0x501d8391, L:/127.0.0.1:49171 - R:localhost/127.0.0.1:4927]' for 'POST' to 'http://localhost:4927/session/c06e9709842e619ebe17850e8d379353/execute/sync'
2023-04-27 18:41:43 DEBUG NettyRequestSender:251 ? Using open Channel [id: 0x501d8391, L:/127.0.0.1:49171 - R:localhost/127.0.0.1:4927] for POST '/session/c06e9709842e619ebe17850e8d379353/execute/sync'
2023-04-27 18:41:43 DEBUG HttpHandler:70 ? 

Request DefaultHttpRequest(decodeResult: success, version: HTTP/1.1)
POST /session/c06e9709842e619ebe17850e8d379353/execute/sync HTTP/1.1
User-Agent: selenium/4.9.0 (java windows)
Content-Length: 48807
Content-Type: application/json; charset=utf-8
host: localhost:4927
accept: */*

Response DefaultHttpResponse(decodeResult: success, version: HTTP/1.1)
HTTP/1.1 200 OK
Content-Length: 14
Content-Type: application/json; charset=utf-8
cache-control: no-cache

2023-04-27 18:41:43 DEBUG ChannelManager:270 ? Adding key: http://localhost:4927 for channel [id: 0x501d8391, L:/127.0.0.1:49171 - R:localhost/127.0.0.1:4927]
2023-04-27 18:41:43 DEBUG NettyRequestSender:593 ? Using pooled Channel '[id: 0x501d8391, L:/127.0.0.1:49171 - R:localhost/127.0.0.1:4927]' for 'POST' to 'http://localhost:4927/session/c06e9709842e619ebe17850e8d379353/element'
2023-04-27 18:41:43 DEBUG NettyRequestSender:251 ? Using open Channel [id: 0x501d8391, L:/127.0.0.1:49171 - R:localhost/127.0.0.1:4927] for POST '/session/c06e9709842e619ebe17850e8d379353/element'
2023-04-27 18:41:43 DEBUG HttpHandler:70 ? 

Request DefaultHttpRequest(decodeResult: success, version: HTTP/1.1)
POST /session/c06e9709842e619ebe17850e8d379353/element HTTP/1.1
User-Agent: selenium/4.9.0 (java windows)
Content-Length: 53
Content-Type: application/json; charset=utf-8
host: localhost:4927
accept: */*

Response DefaultHttpResponse(decodeResult: success, version: HTTP/1.1)
HTTP/1.1 200 OK
Content-Length: 88
Content-Type: application/json; charset=utf-8
cache-control: no-cache

2023-04-27 18:41:43 DEBUG ChannelManager:270 ? Adding key: http://localhost:4927 for channel [id: 0x501d8391, L:/127.0.0.1:49171 - R:localhost/127.0.0.1:4927]
2023-04-27 18:41:43 DEBUG NettyRequestSender:593 ? Using pooled Channel '[id: 0x501d8391, L:/127.0.0.1:49171 - R:localhost/127.0.0.1:4927]' for 'POST' to 'http://localhost:4927/session/c06e9709842e619ebe17850e8d379353/execute/sync'
2023-04-27 18:41:43 DEBUG NettyRequestSender:251 ? Using open Channel [id: 0x501d8391, L:/127.0.0.1:49171 - R:localhost/127.0.0.1:4927] for POST '/session/c06e9709842e619ebe17850e8d379353/execute/sync'
2023-04-27 18:41:43 DEBUG HttpHandler:70 ? 

Request DefaultHttpRequest(decodeResult: success, version: HTTP/1.1)
POST /session/c06e9709842e619ebe17850e8d379353/execute/sync HTTP/1.1
User-Agent: selenium/4.9.0 (java windows)
Content-Length: 48807
Content-Type: application/json; charset=utf-8
host: localhost:4927
accept: */*

Response DefaultHttpResponse(decodeResult: success, version: HTTP/1.1)
HTTP/1.1 200 OK
Content-Length: 14
Content-Type: application/json; charset=utf-8
cache-control: no-cache

2023-04-27 18:41:43 DEBUG ChannelManager:270 ? Adding key: http://localhost:4927 for channel [id: 0x501d8391, L:/127.0.0.1:49171 - R:localhost/127.0.0.1:4927]
2023-04-27 18:41:43 DEBUG NettyRequestSender:593 ? Using pooled Channel '[id: 0x501d8391, L:/127.0.0.1:49171 - R:localhost/127.0.0.1:4927]' for 'POST' to 'http://localhost:4927/session/c06e9709842e619ebe17850e8d379353/element'
2023-04-27 18:41:43 DEBUG NettyRequestSender:251 ? Using open Channel [id: 0x501d8391, L:/127.0.0.1:49171 - R:localhost/127.0.0.1:4927] for POST '/session/c06e9709842e619ebe17850e8d379353/element'
2023-04-27 18:41:43 DEBUG HttpHandler:70 ? 

Request DefaultHttpRequest(decodeResult: success, version: HTTP/1.1)
POST /session/c06e9709842e619ebe17850e8d379353/element HTTP/1.1
User-Agent: selenium/4.9.0 (java windows)
Content-Length: 53
Content-Type: application/json; charset=utf-8
host: localhost:4927
accept: */*

Response DefaultHttpResponse(decodeResult: success, version: HTTP/1.1)
HTTP/1.1 200 OK
Content-Length: 88
Content-Type: application/json; charset=utf-8
cache-control: no-cache

2023-04-27 18:41:43 DEBUG ChannelManager:270 ? Adding key: http://localhost:4927 for channel [id: 0x501d8391, L:/127.0.0.1:49171 - R:localhost/127.0.0.1:4927]
2023-04-27 18:41:43 DEBUG NettyRequestSender:593 ? Using pooled Channel '[id: 0x501d8391, L:/127.0.0.1:49171 - R:localhost/127.0.0.1:4927]' for 'POST' to 'http://localhost:4927/session/c06e9709842e619ebe17850e8d379353/execute/sync'
2023-04-27 18:41:43 DEBUG NettyRequestSender:251 ? Using open Channel [id: 0x501d8391, L:/127.0.0.1:49171 - R:localhost/127.0.0.1:4927] for POST '/session/c06e9709842e619ebe17850e8d379353/execute/sync'
2023-04-27 18:41:43 DEBUG HttpHandler:70 ? 

Request DefaultHttpRequest(decodeResult: success, version: HTTP/1.1)
POST /session/c06e9709842e619ebe17850e8d379353/execute/sync HTTP/1.1
User-Agent: selenium/4.9.0 (java windows)
Content-Length: 48807
Content-Type: application/json; charset=utf-8
host: localhost:4927
accept: */*

Response DefaultHttpResponse(decodeResult: success, version: HTTP/1.1)
HTTP/1.1 200 OK
Content-Length: 14
Content-Type: application/json; charset=utf-8
cache-control: no-cache

2023-04-27 18:41:43 DEBUG ChannelManager:270 ? Adding key: http://localhost:4927 for channel [id: 0x501d8391, L:/127.0.0.1:49171 - R:localhost/127.0.0.1:4927]
2023-04-27 18:41:43 DEBUG NettyRequestSender:593 ? Using pooled Channel '[id: 0x501d8391, L:/127.0.0.1:49171 - R:localhost/127.0.0.1:4927]' for 'POST' to 'http://localhost:4927/session/c06e9709842e619ebe17850e8d379353/element'
2023-04-27 18:41:43 DEBUG NettyRequestSender:251 ? Using open Channel [id: 0x501d8391, L:/127.0.0.1:49171 - R:localhost/127.0.0.1:4927] for POST '/session/c06e9709842e619ebe17850e8d379353/element'
2023-04-27 18:41:43 DEBUG HttpHandler:70 ? 

Request DefaultHttpRequest(decodeResult: success, version: HTTP/1.1)
POST /session/c06e9709842e619ebe17850e8d379353/element HTTP/1.1
User-Agent: selenium/4.9.0 (java windows)
Content-Length: 60
Content-Type: application/json; charset=utf-8
host: localhost:4927
accept: */*

Response DefaultHttpResponse(decodeResult: success, version: HTTP/1.1)
HTTP/1.1 200 OK
Content-Length: 88
Content-Type: application/json; charset=utf-8
cache-control: no-cache

2023-04-27 18:41:43 DEBUG ChannelManager:270 ? Adding key: http://localhost:4927 for channel [id: 0x501d8391, L:/127.0.0.1:49171 - R:localhost/127.0.0.1:4927]
2023-04-27 18:41:43 DEBUG NettyRequestSender:593 ? Using pooled Channel '[id: 0x501d8391, L:/127.0.0.1:49171 - R:localhost/127.0.0.1:4927]' for 'POST' to 'http://localhost:4927/session/c06e9709842e619ebe17850e8d379353/execute/sync'
2023-04-27 18:41:43 DEBUG NettyRequestSender:251 ? Using open Channel [id: 0x501d8391, L:/127.0.0.1:49171 - R:localhost/127.0.0.1:4927] for POST '/session/c06e9709842e619ebe17850e8d379353/execute/sync'
2023-04-27 18:41:43 DEBUG HttpHandler:70 ? 

Request DefaultHttpRequest(decodeResult: success, version: HTTP/1.1)
POST /session/c06e9709842e619ebe17850e8d379353/execute/sync HTTP/1.1
User-Agent: selenium/4.9.0 (java windows)
Content-Length: 48807
Content-Type: application/json; charset=utf-8
host: localhost:4927
accept: */*

Response DefaultHttpResponse(decodeResult: success, version: HTTP/1.1)
HTTP/1.1 200 OK
Content-Length: 14
Content-Type: application/json; charset=utf-8
cache-control: no-cache

2023-04-27 18:41:43 DEBUG ChannelManager:270 ? Adding key: http://localhost:4927 for channel [id: 0x501d8391, L:/127.0.0.1:49171 - R:localhost/127.0.0.1:4927]
2023-04-27 18:41:43 DEBUG NettyRequestSender:593 ? Using pooled Channel '[id: 0x501d8391, L:/127.0.0.1:49171 - R:localhost/127.0.0.1:4927]' for 'POST' to 'http://localhost:4927/session/c06e9709842e619ebe17850e8d379353/element'
2023-04-27 18:41:43 DEBUG NettyRequestSender:251 ? Using open Channel [id: 0x501d8391, L:/127.0.0.1:49171 - R:localhost/127.0.0.1:4927] for POST '/session/c06e9709842e619ebe17850e8d379353/element'
2023-04-27 18:41:43 DEBUG HttpHandler:70 ? 

Request DefaultHttpRequest(decodeResult: success, version: HTTP/1.1)
POST /session/c06e9709842e619ebe17850e8d379353/element HTTP/1.1
User-Agent: selenium/4.9.0 (java windows)
Content-Length: 53
Content-Type: application/json; charset=utf-8
host: localhost:4927
accept: */*

Response DefaultHttpResponse(decodeResult: success, version: HTTP/1.1)
HTTP/1.1 200 OK
Content-Length: 88
Content-Type: application/json; charset=utf-8
cache-control: no-cache

2023-04-27 18:41:43 DEBUG ChannelManager:270 ? Adding key: http://localhost:4927 for channel [id: 0x501d8391, L:/127.0.0.1:49171 - R:localhost/127.0.0.1:4927]
2023-04-27 18:41:43 DEBUG NettyRequestSender:593 ? Using pooled Channel '[id: 0x501d8391, L:/127.0.0.1:49171 - R:localhost/127.0.0.1:4927]' for 'POST' to 'http://localhost:4927/session/c06e9709842e619ebe17850e8d379353/actions'
2023-04-27 18:41:43 DEBUG NettyRequestSender:251 ? Using open Channel [id: 0x501d8391, L:/127.0.0.1:49171 - R:localhost/127.0.0.1:4927] for POST '/session/c06e9709842e619ebe17850e8d379353/actions'
2023-04-27 18:41:43 DEBUG DefaultChannelPool:348 ? Entry count for : http://localhost:49176 : 1
2023-04-27 18:41:43 DEBUG HttpHandler:70 ? 

Request DefaultHttpRequest(decodeResult: success, version: HTTP/1.1)
POST /session/c06e9709842e619ebe17850e8d379353/actions HTTP/1.1
User-Agent: selenium/4.9.0 (java windows)
Content-Length: 2315
Content-Type: application/json; charset=utf-8
host: localhost:4927
accept: */*

Response DefaultHttpResponse(decodeResult: success, version: HTTP/1.1)
HTTP/1.1 200 OK
Content-Length: 14
Content-Type: application/json; charset=utf-8
cache-control: no-cache

2023-04-27 18:41:43 DEBUG ChannelManager:270 ? Adding key: http://localhost:4927 for channel [id: 0x501d8391, L:/127.0.0.1:49171 - R:localhost/127.0.0.1:4927]
2023-04-27 18:41:43 DEBUG NettyRequestSender:593 ? Using pooled Channel '[id: 0x501d8391, L:/127.0.0.1:49171 - R:localhost/127.0.0.1:4927]' for 'POST' to 'http://localhost:4927/session/c06e9709842e619ebe17850e8d379353/element'
2023-04-27 18:41:43 DEBUG NettyRequestSender:251 ? Using open Channel [id: 0x501d8391, L:/127.0.0.1:49171 - R:localhost/127.0.0.1:4927] for POST '/session/c06e9709842e619ebe17850e8d379353/element'
2023-04-27 18:41:43 DEBUG HttpHandler:70 ? 

Request DefaultHttpRequest(decodeResult: success, version: HTTP/1.1)
POST /session/c06e9709842e619ebe17850e8d379353/element HTTP/1.1
User-Agent: selenium/4.9.0 (java windows)
Content-Length: 54
Content-Type: application/json; charset=utf-8
host: localhost:4927
accept: */*

Response DefaultHttpResponse(decodeResult: success, version: HTTP/1.1)
HTTP/1.1 200 OK
Content-Length: 88
Content-Type: application/json; charset=utf-8
cache-control: no-cache

2023-04-27 18:41:43 DEBUG ChannelManager:270 ? Adding key: http://localhost:4927 for channel [id: 0x501d8391, L:/127.0.0.1:49171 - R:localhost/127.0.0.1:4927]
2023-04-27 18:41:43 DEBUG NettyRequestSender:593 ? Using pooled Channel '[id: 0x501d8391, L:/127.0.0.1:49171 - R:localhost/127.0.0.1:4927]' for 'POST' to 'http://localhost:4927/session/c06e9709842e619ebe17850e8d379353/actions'
2023-04-27 18:41:43 DEBUG NettyRequestSender:251 ? Using open Channel [id: 0x501d8391, L:/127.0.0.1:49171 - R:localhost/127.0.0.1:4927] for POST '/session/c06e9709842e619ebe17850e8d379353/actions'
2023-04-27 18:41:43 DEBUG HttpHandler:70 ? 

Request DefaultHttpRequest(decodeResult: success, version: HTTP/1.1)
POST /session/c06e9709842e619ebe17850e8d379353/actions HTTP/1.1
User-Agent: selenium/4.9.0 (java windows)
Content-Length: 3467
Content-Type: application/json; charset=utf-8
host: localhost:4927
accept: */*

Response DefaultHttpResponse(decodeResult: success, version: HTTP/1.1)
HTTP/1.1 200 OK
Content-Length: 14
Content-Type: application/json; charset=utf-8
cache-control: no-cache

2023-04-27 18:41:43 DEBUG ChannelManager:270 ? Adding key: http://localhost:4927 for channel [id: 0x501d8391, L:/127.0.0.1:49171 - R:localhost/127.0.0.1:4927]
2023-04-27 18:41:43 DEBUG NettyRequestSender:593 ? Using pooled Channel '[id: 0x501d8391, L:/127.0.0.1:49171 - R:localhost/127.0.0.1:4927]' for 'POST' to 'http://localhost:4927/session/c06e9709842e619ebe17850e8d379353/element'
2023-04-27 18:41:43 DEBUG NettyRequestSender:251 ? Using open Channel [id: 0x501d8391, L:/127.0.0.1:49171 - R:localhost/127.0.0.1:4927] for POST '/session/c06e9709842e619ebe17850e8d379353/element'
2023-04-27 18:41:43 DEBUG HttpHandler:70 ? 

Request DefaultHttpRequest(decodeResult: success, version: HTTP/1.1)
POST /session/c06e9709842e619ebe17850e8d379353/element HTTP/1.1
User-Agent: selenium/4.9.0 (java windows)
Content-Length: 53
Content-Type: application/json; charset=utf-8
host: localhost:4927
accept: */*

Response DefaultHttpResponse(decodeResult: success, version: HTTP/1.1)
HTTP/1.1 200 OK
Content-Length: 88
Content-Type: application/json; charset=utf-8
cache-control: no-cache

2023-04-27 18:41:43 DEBUG ChannelManager:270 ? Adding key: http://localhost:4927 for channel [id: 0x501d8391, L:/127.0.0.1:49171 - R:localhost/127.0.0.1:4927]
2023-04-27 18:41:43 DEBUG NettyRequestSender:593 ? Using pooled Channel '[id: 0x501d8391, L:/127.0.0.1:49171 - R:localhost/127.0.0.1:4927]' for 'POST' to 'http://localhost:4927/session/c06e9709842e619ebe17850e8d379353/actions'
2023-04-27 18:41:43 DEBUG NettyRequestSender:251 ? Using open Channel [id: 0x501d8391, L:/127.0.0.1:49171 - R:localhost/127.0.0.1:4927] for POST '/session/c06e9709842e619ebe17850e8d379353/actions'
2023-04-27 18:41:43 DEBUG HttpHandler:70 ? 

Request DefaultHttpRequest(decodeResult: success, version: HTTP/1.1)
POST /session/c06e9709842e619ebe17850e8d379353/actions HTTP/1.1
User-Agent: selenium/4.9.0 (java windows)
Content-Length: 3179
Content-Type: application/json; charset=utf-8
host: localhost:4927
accept: */*

Response DefaultHttpResponse(decodeResult: success, version: HTTP/1.1)
HTTP/1.1 200 OK
Content-Length: 14
Content-Type: application/json; charset=utf-8
cache-control: no-cache

2023-04-27 18:41:43 DEBUG ChannelManager:270 ? Adding key: http://localhost:4927 for channel [id: 0x501d8391, L:/127.0.0.1:49171 - R:localhost/127.0.0.1:4927]
2023-04-27 18:41:43 DEBUG NettyRequestSender:593 ? Using pooled Channel '[id: 0x501d8391, L:/127.0.0.1:49171 - R:localhost/127.0.0.1:4927]' for 'POST' to 'http://localhost:4927/session/c06e9709842e619ebe17850e8d379353/element'
2023-04-27 18:41:43 DEBUG NettyRequestSender:251 ? Using open Channel [id: 0x501d8391, L:/127.0.0.1:49171 - R:localhost/127.0.0.1:4927] for POST '/session/c06e9709842e619ebe17850e8d379353/element'
2023-04-27 18:41:43 DEBUG HttpHandler:70 ? 

Request DefaultHttpRequest(decodeResult: success, version: HTTP/1.1)
POST /session/c06e9709842e619ebe17850e8d379353/element HTTP/1.1
User-Agent: selenium/4.9.0 (java windows)
Content-Length: 53
Content-Type: application/json; charset=utf-8
host: localhost:4927
accept: */*

Response DefaultHttpResponse(decodeResult: success, version: HTTP/1.1)
HTTP/1.1 200 OK
Content-Length: 88
Content-Type: application/json; charset=utf-8
cache-control: no-cache

2023-04-27 18:41:43 DEBUG ChannelManager:270 ? Adding key: http://localhost:4927 for channel [id: 0x501d8391, L:/127.0.0.1:49171 - R:localhost/127.0.0.1:4927]
2023-04-27 18:41:43 DEBUG NettyRequestSender:593 ? Using pooled Channel '[id: 0x501d8391, L:/127.0.0.1:49171 - R:localhost/127.0.0.1:4927]' for 'POST' to 'http://localhost:4927/session/c06e9709842e619ebe17850e8d379353/actions'
2023-04-27 18:41:43 DEBUG NettyRequestSender:251 ? Using open Channel [id: 0x501d8391, L:/127.0.0.1:49171 - R:localhost/127.0.0.1:4927] for POST '/session/c06e9709842e619ebe17850e8d379353/actions'
2023-04-27 18:41:44 DEBUG HttpHandler:70 ? 

Request DefaultHttpRequest(decodeResult: success, version: HTTP/1.1)
POST /session/c06e9709842e619ebe17850e8d379353/actions HTTP/1.1
User-Agent: selenium/4.9.0 (java windows)
Content-Length: 3179
Content-Type: application/json; charset=utf-8
host: localhost:4927
accept: */*

Response DefaultHttpResponse(decodeResult: success, version: HTTP/1.1)
HTTP/1.1 200 OK
Content-Length: 14
Content-Type: application/json; charset=utf-8
cache-control: no-cache

2023-04-27 18:41:44 DEBUG ChannelManager:270 ? Adding key: http://localhost:4927 for channel [id: 0x501d8391, L:/127.0.0.1:49171 - R:localhost/127.0.0.1:4927]
2023-04-27 18:41:44 DEBUG NettyRequestSender:593 ? Using pooled Channel '[id: 0x501d8391, L:/127.0.0.1:49171 - R:localhost/127.0.0.1:4927]' for 'POST' to 'http://localhost:4927/session/c06e9709842e619ebe17850e8d379353/element'
2023-04-27 18:41:44 DEBUG NettyRequestSender:251 ? Using open Channel [id: 0x501d8391, L:/127.0.0.1:49171 - R:localhost/127.0.0.1:4927] for POST '/session/c06e9709842e619ebe17850e8d379353/element'
2023-04-27 18:41:44 DEBUG HttpHandler:70 ? 

Request DefaultHttpRequest(decodeResult: success, version: HTTP/1.1)
POST /session/c06e9709842e619ebe17850e8d379353/element HTTP/1.1
User-Agent: selenium/4.9.0 (java windows)
Content-Length: 60
Content-Type: application/json; charset=utf-8
host: localhost:4927
accept: */*

Response DefaultHttpResponse(decodeResult: success, version: HTTP/1.1)
HTTP/1.1 200 OK
Content-Length: 88
Content-Type: application/json; charset=utf-8
cache-control: no-cache

2023-04-27 18:41:44 DEBUG ChannelManager:270 ? Adding key: http://localhost:4927 for channel [id: 0x501d8391, L:/127.0.0.1:49171 - R:localhost/127.0.0.1:4927]
2023-04-27 18:41:44 DEBUG NettyRequestSender:593 ? Using pooled Channel '[id: 0x501d8391, L:/127.0.0.1:49171 - R:localhost/127.0.0.1:4927]' for 'POST' to 'http://localhost:4927/session/c06e9709842e619ebe17850e8d379353/actions'
2023-04-27 18:41:44 DEBUG NettyRequestSender:251 ? Using open Channel [id: 0x501d8391, L:/127.0.0.1:49171 - R:localhost/127.0.0.1:4927] for POST '/session/c06e9709842e619ebe17850e8d379353/actions'
2023-04-27 18:41:44 DEBUG HttpHandler:70 ? 

Request DefaultHttpRequest(decodeResult: success, version: HTTP/1.1)
POST /session/c06e9709842e619ebe17850e8d379353/actions HTTP/1.1
User-Agent: selenium/4.9.0 (java windows)
Content-Length: 5195
Content-Type: application/json; charset=utf-8
host: localhost:4927
accept: */*

Response DefaultHttpResponse(decodeResult: success, version: HTTP/1.1)
HTTP/1.1 200 OK
Content-Length: 14
Content-Type: application/json; charset=utf-8
cache-control: no-cache

2023-04-27 18:41:44 DEBUG ChannelManager:270 ? Adding key: http://localhost:4927 for channel [id: 0x501d8391, L:/127.0.0.1:49171 - R:localhost/127.0.0.1:4927]
2023-04-27 18:44:20 DEBUG InternalLoggerFactory:63 ? Using SLF4J as the default logging framework
2023-04-27 18:44:20 DEBUG ResourceLeakDetector:129 ? -Dio.netty.leakDetection.level: simple
2023-04-27 18:44:20 DEBUG ResourceLeakDetector:130 ? -Dio.netty.leakDetection.targetRecords: 4
2023-04-27 18:44:20 DEBUG ResourceLeakDetectorFactory:196 ? Loaded default ResourceLeakDetector: io.netty.util.ResourceLeakDetector@4204541c
2023-04-27 18:44:20 DEBUG PlatformDependent0:496 ? -Dio.netty.noUnsafe: false
2023-04-27 18:44:20 DEBUG PlatformDependent0:1000 ? Java version: 19
2023-04-27 18:44:20 DEBUG PlatformDependent0:137 ? sun.misc.Unsafe.theUnsafe: available
2023-04-27 18:44:20 DEBUG PlatformDependent0:161 ? sun.misc.Unsafe.copyMemory: available
2023-04-27 18:44:20 DEBUG PlatformDependent0:193 ? sun.misc.Unsafe.storeFence: available
2023-04-27 18:44:20 DEBUG PlatformDependent0:236 ? java.nio.Buffer.address: available
2023-04-27 18:44:20 DEBUG PlatformDependent0:320 ? direct buffer constructor: unavailable: Reflective setAccessible(true) disabled
2023-04-27 18:44:20 DEBUG PlatformDependent0:385 ? java.nio.Bits.unaligned: available, true
2023-04-27 18:44:20 DEBUG PlatformDependent0:452 ? jdk.internal.misc.Unsafe.allocateUninitializedArray(int): unavailable: class io.netty.util.internal.PlatformDependent0$7 cannot access class jdk.internal.misc.Unsafe (in module java.base) because module java.base does not export jdk.internal.misc to unnamed module @5679c6c6
2023-04-27 18:44:20 DEBUG PlatformDependent0:482 ? java.nio.DirectByteBuffer.<init>(long, int): unavailable
2023-04-27 18:44:20 DEBUG PlatformDependent:1159 ? sun.misc.Unsafe: available
2023-04-27 18:44:20 DEBUG PlatformDependent:1270 ? maxDirectMemory: 5339348992 bytes (maybe)
2023-04-27 18:44:20 DEBUG PlatformDependent:1289 ? -Dio.netty.tmpdir: C:\Users\rohit\AppData\Local\Temp (java.io.tmpdir)
2023-04-27 18:44:20 DEBUG PlatformDependent:1368 ? -Dio.netty.bitMode: 64 (sun.arch.data.model)
2023-04-27 18:44:20 DEBUG PlatformDependent:1119 ? Platform: Windows
2023-04-27 18:44:20 DEBUG PlatformDependent:178 ? -Dio.netty.maxDirectMemory: -1 bytes
2023-04-27 18:44:20 DEBUG PlatformDependent:185 ? -Dio.netty.uninitializedArrayAllocationThreshold: -1
2023-04-27 18:44:20 DEBUG CleanerJava9:71 ? java.nio.ByteBuffer.cleaner(): available
2023-04-27 18:44:20 DEBUG PlatformDependent:205 ? -Dio.netty.noPreferDirect: false
2023-04-27 18:44:20 DEBUG PlatformDependent:1010 ? org.jctools-core.MpscChunkedArrayQueue: available
2023-04-27 18:44:20 DEBUG InternalThreadLocalMap:100 ? -Dio.netty.threadLocalMap.stringBuilder.initialSize: 1024
2023-04-27 18:44:20 DEBUG InternalThreadLocalMap:101 ? -Dio.netty.threadLocalMap.stringBuilder.maxSize: 4096
2023-04-27 18:44:20 DEBUG JdkSslContext:83 ? Default protocols (JDK): [TLSv1.3, TLSv1.2] 
2023-04-27 18:44:20 DEBUG JdkSslContext:84 ? Default cipher suites (JDK): [TLS_ECDHE_ECDSA_WITH_AES_256_GCM_SHA384, TLS_ECDHE_ECDSA_WITH_AES_128_GCM_SHA256, TLS_ECDHE_RSA_WITH_AES_128_GCM_SHA256, TLS_ECDHE_RSA_WITH_AES_256_GCM_SHA384, TLS_ECDHE_RSA_WITH_AES_128_CBC_SHA, TLS_ECDHE_RSA_WITH_AES_256_CBC_SHA, TLS_RSA_WITH_AES_128_GCM_SHA256, TLS_RSA_WITH_AES_128_CBC_SHA, TLS_RSA_WITH_AES_256_CBC_SHA, TLS_AES_128_GCM_SHA256, TLS_AES_256_GCM_SHA384]
2023-04-27 18:44:20 DEBUG GlobalEventExecutor:53 ? -Dio.netty.globalEventExecutor.quietPeriodSeconds: 1
2023-04-27 18:44:20 DEBUG MultithreadEventLoopGroup:44 ? -Dio.netty.eventLoopThreads: 16
2023-04-27 18:44:20 DEBUG NioEventLoop:110 ? -Dio.netty.noKeySetOptimization: false
2023-04-27 18:44:20 DEBUG NioEventLoop:111 ? -Dio.netty.selectorAutoRebuildThreshold: 512
2023-04-27 18:44:20 DEBUG PooledByteBufAllocator:157 ? -Dio.netty.allocator.numHeapArenas: 16
2023-04-27 18:44:20 DEBUG PooledByteBufAllocator:158 ? -Dio.netty.allocator.numDirectArenas: 16
2023-04-27 18:44:20 DEBUG PooledByteBufAllocator:160 ? -Dio.netty.allocator.pageSize: 8192
2023-04-27 18:44:20 DEBUG PooledByteBufAllocator:165 ? -Dio.netty.allocator.maxOrder: 9
2023-04-27 18:44:20 DEBUG PooledByteBufAllocator:169 ? -Dio.netty.allocator.chunkSize: 4194304
2023-04-27 18:44:20 DEBUG PooledByteBufAllocator:170 ? -Dio.netty.allocator.smallCacheSize: 256
2023-04-27 18:44:20 DEBUG PooledByteBufAllocator:171 ? -Dio.netty.allocator.normalCacheSize: 64
2023-04-27 18:44:20 DEBUG PooledByteBufAllocator:172 ? -Dio.netty.allocator.maxCachedBufferCapacity: 32768
2023-04-27 18:44:20 DEBUG PooledByteBufAllocator:173 ? -Dio.netty.allocator.cacheTrimInterval: 8192
2023-04-27 18:44:20 DEBUG PooledByteBufAllocator:174 ? -Dio.netty.allocator.cacheTrimIntervalMillis: 0
2023-04-27 18:44:20 DEBUG PooledByteBufAllocator:175 ? -Dio.netty.allocator.useCacheForAllThreads: false
2023-04-27 18:44:20 DEBUG PooledByteBufAllocator:176 ? -Dio.netty.allocator.maxCachedByteBuffersPerChunk: 1023
2023-04-27 18:44:20 DEBUG ByteBufUtil:88 ? -Dio.netty.allocator.type: pooled
2023-04-27 18:44:20 DEBUG ByteBufUtil:97 ? -Dio.netty.threadLocalDirectBufferSize: 0
2023-04-27 18:44:20 DEBUG ByteBufUtil:100 ? -Dio.netty.maxThreadLocalCharBufferSize: 16384
2023-04-27 18:44:21 DEBUG DefaultChannelId:79 ? -Dio.netty.processId: 29712 (auto-detected)
2023-04-27 18:44:21 DEBUG NetUtil:148 ? -Djava.net.preferIPv4Stack: false
2023-04-27 18:44:21 DEBUG NetUtil:149 ? -Djava.net.preferIPv6Addresses: false
2023-04-27 18:44:21 DEBUG NetUtilInitializations:145 ? Loopback interface: lo (Software Loopback Interface 1, 127.0.0.1)
2023-04-27 18:44:21 DEBUG NetUtil:206 ? Failed to get SOMAXCONN from sysctl and file \proc\sys\net\core\somaxconn. Default: 200
2023-04-27 18:44:21 DEBUG DefaultChannelId:101 ? -Dio.netty.machineId: 70:c9:4e:ff:fe:a9:98:9d (auto-detected)
2023-04-27 18:44:21 DEBUG AbstractByteBuf:63 ? -Dio.netty.buffer.checkAccessible: true
2023-04-27 18:44:21 DEBUG AbstractByteBuf:64 ? -Dio.netty.buffer.checkBounds: true
2023-04-27 18:44:21 DEBUG ResourceLeakDetectorFactory:196 ? Loaded default ResourceLeakDetector: io.netty.util.ResourceLeakDetector@57d44733
2023-04-27 18:44:21 DEBUG NettyConnectListener:73 ? Using new Channel '[id: 0xa85f7eb7, L:/127.0.0.1:49535 - R:localhost/127.0.0.1:4405]' for 'POST' to '/session'
2023-04-27 18:44:21 DEBUG Recycler:96 ? -Dio.netty.recycler.maxCapacityPerThread: 4096
2023-04-27 18:44:21 DEBUG Recycler:97 ? -Dio.netty.recycler.ratio: 8
2023-04-27 18:44:21 DEBUG Recycler:98 ? -Dio.netty.recycler.chunkSize: 32
2023-04-27 18:44:21 DEBUG Recycler:99 ? -Dio.netty.recycler.blocking: false
2023-04-27 18:44:21 DEBUG Recycler:100 ? -Dio.netty.recycler.batchFastThreadLocalOnly: true
2023-04-27 18:44:22 DEBUG Brotli:38 ? brotli4j not in the classpath; Brotli support will be unavailable.
2023-04-27 18:44:22 DEBUG HttpHandler:70 ? 

Request DefaultHttpRequest(decodeResult: success, version: HTTP/1.1)
POST /session HTTP/1.1
User-Agent: selenium/4.9.0 (java windows)
Content-Length: 254
Content-Type: application/json; charset=utf-8
host: localhost:4405
accept: */*

Response DefaultHttpResponse(decodeResult: success, version: HTTP/1.1)
HTTP/1.1 200 OK
Content-Length: 859
Content-Type: application/json; charset=utf-8
cache-control: no-cache

2023-04-27 18:44:22 DEBUG ChannelManager:270 ? Adding key: http://localhost:4405 for channel [id: 0xa85f7eb7, L:/127.0.0.1:49535 - R:localhost/127.0.0.1:4405]
2023-04-27 18:44:22 DEBUG NettyConnectListener:73 ? Using new Channel '[id: 0x09e29839, L:/127.0.0.1:49552 - R:localhost/127.0.0.1:49540]' for 'GET' to '/json/version'
2023-04-27 18:44:22 DEBUG HttpHandler:70 ? 

Request DefaultFullHttpRequest(decodeResult: success, version: HTTP/1.1, content: EmptyByteBufBE)
GET /json/version HTTP/1.1
User-Agent: selenium/4.9.0 (java windows)
host: localhost:49540
accept: */*

Response DefaultHttpResponse(decodeResult: success, version: HTTP/1.1)
HTTP/1.1 200 OK
Content-Security-Policy: frame-ancestors 'none'
Content-Length: 424
Content-Type: application/json; charset=UTF-8

2023-04-27 18:44:22 DEBUG ChannelManager:270 ? Adding key: http://localhost:49540 for channel [id: 0x09e29839, L:/127.0.0.1:49552 - R:localhost/127.0.0.1:49540]
2023-04-27 18:44:22 DEBUG ThreadLocalRandom:214 ? -Dio.netty.initialSeedUniquifier: 0x929288e11b9ccf87
2023-04-27 18:44:22 DEBUG NettyConnectListener:73 ? Using new Channel '[id: 0x83701eff, L:/127.0.0.1:49553 - R:localhost/127.0.0.1:49540]' for 'GET' to '/devtools/browser/f9775762-775c-4911-ba45-791ae13705ee'
2023-04-27 18:44:22 DEBUG WebSocketHandler:105 ? 

Request DefaultFullHttpRequest(decodeResult: success, version: HTTP/1.1, content: EmptyByteBufBE)
GET /devtools/browser/f9775762-775c-4911-ba45-791ae13705ee HTTP/1.1
upgrade: websocket
connection: upgrade
sec-websocket-key: KCQM8VSsUsbcIBD/JaYBQg==
sec-websocket-version: 13
origin: http://localhost:49540
host: localhost:49540
accept: */*
user-agent: AHC/2.1

Response DefaultHttpResponse(decodeResult: success, version: HTTP/1.1)
HTTP/1.1 101 WebSocket Protocol Handshake
Upgrade: WebSocket
Connection: Upgrade
Sec-WebSocket-Accept: dL0yKAz9HHNBCz5GAJ9sFuoyWEs=

2023-04-27 18:44:22 DEBUG NettyRequestSender:593 ? Using pooled Channel '[id: 0xa85f7eb7, L:/127.0.0.1:49535 - R:localhost/127.0.0.1:4405]' for 'POST' to 'http://localhost:4405/session/bd186f9a5bc371f3f0d3168f574ff60b/window/maximize'
2023-04-27 18:44:22 DEBUG NettyRequestSender:251 ? Using open Channel [id: 0xa85f7eb7, L:/127.0.0.1:49535 - R:localhost/127.0.0.1:4405] for POST '/session/bd186f9a5bc371f3f0d3168f574ff60b/window/maximize'
2023-04-27 18:44:22 DEBUG DefaultChannelPool:348 ? Entry count for : http://localhost:49540 : 1
2023-04-27 18:44:22 DEBUG HttpHandler:70 ? 

Request DefaultHttpRequest(decodeResult: success, version: HTTP/1.1)
POST /session/bd186f9a5bc371f3f0d3168f574ff60b/window/maximize HTTP/1.1
User-Agent: selenium/4.9.0 (java windows)
Content-Length: 3
Content-Type: application/json; charset=utf-8
host: localhost:4405
accept: */*

Response DefaultHttpResponse(decodeResult: success, version: HTTP/1.1)
HTTP/1.1 200 OK
Content-Length: 52
Content-Type: application/json; charset=utf-8
cache-control: no-cache

2023-04-27 18:44:22 DEBUG ChannelManager:270 ? Adding key: http://localhost:4405 for channel [id: 0xa85f7eb7, L:/127.0.0.1:49535 - R:localhost/127.0.0.1:4405]
2023-04-27 18:44:22 DEBUG NettyRequestSender:593 ? Using pooled Channel '[id: 0xa85f7eb7, L:/127.0.0.1:49535 - R:localhost/127.0.0.1:4405]' for 'POST' to 'http://localhost:4405/session/bd186f9a5bc371f3f0d3168f574ff60b/timeouts'
2023-04-27 18:44:22 DEBUG NettyRequestSender:251 ? Using open Channel [id: 0xa85f7eb7, L:/127.0.0.1:49535 - R:localhost/127.0.0.1:4405] for POST '/session/bd186f9a5bc371f3f0d3168f574ff60b/timeouts'
2023-04-27 18:44:22 DEBUG HttpHandler:70 ? 

Request DefaultHttpRequest(decodeResult: success, version: HTTP/1.1)
POST /session/bd186f9a5bc371f3f0d3168f574ff60b/timeouts HTTP/1.1
User-Agent: selenium/4.9.0 (java windows)
Content-Length: 23
Content-Type: application/json; charset=utf-8
host: localhost:4405
accept: */*

Response DefaultHttpResponse(decodeResult: success, version: HTTP/1.1)
HTTP/1.1 200 OK
Content-Length: 14
Content-Type: application/json; charset=utf-8
cache-control: no-cache

2023-04-27 18:44:22 DEBUG ChannelManager:270 ? Adding key: http://localhost:4405 for channel [id: 0xa85f7eb7, L:/127.0.0.1:49535 - R:localhost/127.0.0.1:4405]
2023-04-27 18:44:22 DEBUG NettyRequestSender:593 ? Using pooled Channel '[id: 0xa85f7eb7, L:/127.0.0.1:49535 - R:localhost/127.0.0.1:4405]' for 'POST' to 'http://localhost:4405/session/bd186f9a5bc371f3f0d3168f574ff60b/url'
2023-04-27 18:44:22 DEBUG NettyRequestSender:251 ? Using open Channel [id: 0xa85f7eb7, L:/127.0.0.1:49535 - R:localhost/127.0.0.1:4405] for POST '/session/bd186f9a5bc371f3f0d3168f574ff60b/url'
2023-04-27 18:44:23 DEBUG HttpHandler:70 ? 

Request DefaultHttpRequest(decodeResult: success, version: HTTP/1.1)
POST /session/bd186f9a5bc371f3f0d3168f574ff60b/url HTTP/1.1
User-Agent: selenium/4.9.0 (java windows)
Content-Length: 67
Content-Type: application/json; charset=utf-8
host: localhost:4405
accept: */*

Response DefaultHttpResponse(decodeResult: success, version: HTTP/1.1)
HTTP/1.1 200 OK
Content-Length: 14
Content-Type: application/json; charset=utf-8
cache-control: no-cache

2023-04-27 18:44:23 DEBUG ChannelManager:270 ? Adding key: http://localhost:4405 for channel [id: 0xa85f7eb7, L:/127.0.0.1:49535 - R:localhost/127.0.0.1:4405]
2023-04-27 18:44:23 DEBUG NettyRequestSender:593 ? Using pooled Channel '[id: 0xa85f7eb7, L:/127.0.0.1:49535 - R:localhost/127.0.0.1:4405]' for 'POST' to 'http://localhost:4405/session/bd186f9a5bc371f3f0d3168f574ff60b/element'
2023-04-27 18:44:23 DEBUG NettyRequestSender:251 ? Using open Channel [id: 0xa85f7eb7, L:/127.0.0.1:49535 - R:localhost/127.0.0.1:4405] for POST '/session/bd186f9a5bc371f3f0d3168f574ff60b/element'
2023-04-27 18:44:23 DEBUG DefaultChannelPool:348 ? Entry count for : http://localhost:49540 : 1
2023-04-27 18:44:23 DEBUG HttpHandler:70 ? 

Request DefaultHttpRequest(decodeResult: success, version: HTTP/1.1)
POST /session/bd186f9a5bc371f3f0d3168f574ff60b/element HTTP/1.1
User-Agent: selenium/4.9.0 (java windows)
Content-Length: 53
Content-Type: application/json; charset=utf-8
host: localhost:4405
accept: */*

Response DefaultHttpResponse(decodeResult: success, version: HTTP/1.1)
HTTP/1.1 200 OK
Content-Length: 88
Content-Type: application/json; charset=utf-8
cache-control: no-cache

2023-04-27 18:44:23 DEBUG ChannelManager:270 ? Adding key: http://localhost:4405 for channel [id: 0xa85f7eb7, L:/127.0.0.1:49535 - R:localhost/127.0.0.1:4405]
2023-04-27 18:44:23 DEBUG NettyRequestSender:593 ? Using pooled Channel '[id: 0xa85f7eb7, L:/127.0.0.1:49535 - R:localhost/127.0.0.1:4405]' for 'POST' to 'http://localhost:4405/session/bd186f9a5bc371f3f0d3168f574ff60b/execute/sync'
2023-04-27 18:44:23 DEBUG NettyRequestSender:251 ? Using open Channel [id: 0xa85f7eb7, L:/127.0.0.1:49535 - R:localhost/127.0.0.1:4405] for POST '/session/bd186f9a5bc371f3f0d3168f574ff60b/execute/sync'
2023-04-27 18:44:23 DEBUG HttpHandler:70 ? 

Request DefaultHttpRequest(decodeResult: success, version: HTTP/1.1)
POST /session/bd186f9a5bc371f3f0d3168f574ff60b/execute/sync HTTP/1.1
User-Agent: selenium/4.9.0 (java windows)
Content-Length: 48807
Content-Type: application/json; charset=utf-8
host: localhost:4405
accept: */*

Response DefaultHttpResponse(decodeResult: success, version: HTTP/1.1)
HTTP/1.1 200 OK
Content-Length: 14
Content-Type: application/json; charset=utf-8
cache-control: no-cache

2023-04-27 18:44:23 DEBUG ChannelManager:270 ? Adding key: http://localhost:4405 for channel [id: 0xa85f7eb7, L:/127.0.0.1:49535 - R:localhost/127.0.0.1:4405]
2023-04-27 18:44:23 DEBUG NettyRequestSender:593 ? Using pooled Channel '[id: 0xa85f7eb7, L:/127.0.0.1:49535 - R:localhost/127.0.0.1:4405]' for 'POST' to 'http://localhost:4405/session/bd186f9a5bc371f3f0d3168f574ff60b/element'
2023-04-27 18:44:23 DEBUG NettyRequestSender:251 ? Using open Channel [id: 0xa85f7eb7, L:/127.0.0.1:49535 - R:localhost/127.0.0.1:4405] for POST '/session/bd186f9a5bc371f3f0d3168f574ff60b/element'
2023-04-27 18:44:23 DEBUG HttpHandler:70 ? 

Request DefaultHttpRequest(decodeResult: success, version: HTTP/1.1)
POST /session/bd186f9a5bc371f3f0d3168f574ff60b/element HTTP/1.1
User-Agent: selenium/4.9.0 (java windows)
Content-Length: 54
Content-Type: application/json; charset=utf-8
host: localhost:4405
accept: */*

Response DefaultHttpResponse(decodeResult: success, version: HTTP/1.1)
HTTP/1.1 200 OK
Content-Length: 88
Content-Type: application/json; charset=utf-8
cache-control: no-cache

2023-04-27 18:44:23 DEBUG ChannelManager:270 ? Adding key: http://localhost:4405 for channel [id: 0xa85f7eb7, L:/127.0.0.1:49535 - R:localhost/127.0.0.1:4405]
2023-04-27 18:44:23 DEBUG NettyRequestSender:593 ? Using pooled Channel '[id: 0xa85f7eb7, L:/127.0.0.1:49535 - R:localhost/127.0.0.1:4405]' for 'POST' to 'http://localhost:4405/session/bd186f9a5bc371f3f0d3168f574ff60b/execute/sync'
2023-04-27 18:44:23 DEBUG NettyRequestSender:251 ? Using open Channel [id: 0xa85f7eb7, L:/127.0.0.1:49535 - R:localhost/127.0.0.1:4405] for POST '/session/bd186f9a5bc371f3f0d3168f574ff60b/execute/sync'
2023-04-27 18:44:24 DEBUG HttpHandler:70 ? 

Request DefaultHttpRequest(decodeResult: success, version: HTTP/1.1)
POST /session/bd186f9a5bc371f3f0d3168f574ff60b/execute/sync HTTP/1.1
User-Agent: selenium/4.9.0 (java windows)
Content-Length: 48807
Content-Type: application/json; charset=utf-8
host: localhost:4405
accept: */*

Response DefaultHttpResponse(decodeResult: success, version: HTTP/1.1)
HTTP/1.1 200 OK
Content-Length: 14
Content-Type: application/json; charset=utf-8
cache-control: no-cache

2023-04-27 18:44:24 DEBUG ChannelManager:270 ? Adding key: http://localhost:4405 for channel [id: 0xa85f7eb7, L:/127.0.0.1:49535 - R:localhost/127.0.0.1:4405]
2023-04-27 18:44:24 DEBUG NettyRequestSender:593 ? Using pooled Channel '[id: 0xa85f7eb7, L:/127.0.0.1:49535 - R:localhost/127.0.0.1:4405]' for 'POST' to 'http://localhost:4405/session/bd186f9a5bc371f3f0d3168f574ff60b/element'
2023-04-27 18:44:24 DEBUG NettyRequestSender:251 ? Using open Channel [id: 0xa85f7eb7, L:/127.0.0.1:49535 - R:localhost/127.0.0.1:4405] for POST '/session/bd186f9a5bc371f3f0d3168f574ff60b/element'
2023-04-27 18:44:24 DEBUG HttpHandler:70 ? 

Request DefaultHttpRequest(decodeResult: success, version: HTTP/1.1)
POST /session/bd186f9a5bc371f3f0d3168f574ff60b/element HTTP/1.1
User-Agent: selenium/4.9.0 (java windows)
Content-Length: 53
Content-Type: application/json; charset=utf-8
host: localhost:4405
accept: */*

Response DefaultHttpResponse(decodeResult: success, version: HTTP/1.1)
HTTP/1.1 200 OK
Content-Length: 88
Content-Type: application/json; charset=utf-8
cache-control: no-cache

2023-04-27 18:44:24 DEBUG ChannelManager:270 ? Adding key: http://localhost:4405 for channel [id: 0xa85f7eb7, L:/127.0.0.1:49535 - R:localhost/127.0.0.1:4405]
2023-04-27 18:44:24 DEBUG NettyRequestSender:593 ? Using pooled Channel '[id: 0xa85f7eb7, L:/127.0.0.1:49535 - R:localhost/127.0.0.1:4405]' for 'POST' to 'http://localhost:4405/session/bd186f9a5bc371f3f0d3168f574ff60b/execute/sync'
2023-04-27 18:44:24 DEBUG NettyRequestSender:251 ? Using open Channel [id: 0xa85f7eb7, L:/127.0.0.1:49535 - R:localhost/127.0.0.1:4405] for POST '/session/bd186f9a5bc371f3f0d3168f574ff60b/execute/sync'
2023-04-27 18:44:24 DEBUG HttpHandler:70 ? 

Request DefaultHttpRequest(decodeResult: success, version: HTTP/1.1)
POST /session/bd186f9a5bc371f3f0d3168f574ff60b/execute/sync HTTP/1.1
User-Agent: selenium/4.9.0 (java windows)
Content-Length: 48807
Content-Type: application/json; charset=utf-8
host: localhost:4405
accept: */*

Response DefaultHttpResponse(decodeResult: success, version: HTTP/1.1)
HTTP/1.1 200 OK
Content-Length: 14
Content-Type: application/json; charset=utf-8
cache-control: no-cache

2023-04-27 18:44:24 DEBUG ChannelManager:270 ? Adding key: http://localhost:4405 for channel [id: 0xa85f7eb7, L:/127.0.0.1:49535 - R:localhost/127.0.0.1:4405]
2023-04-27 18:44:24 DEBUG NettyRequestSender:593 ? Using pooled Channel '[id: 0xa85f7eb7, L:/127.0.0.1:49535 - R:localhost/127.0.0.1:4405]' for 'POST' to 'http://localhost:4405/session/bd186f9a5bc371f3f0d3168f574ff60b/element'
2023-04-27 18:44:24 DEBUG NettyRequestSender:251 ? Using open Channel [id: 0xa85f7eb7, L:/127.0.0.1:49535 - R:localhost/127.0.0.1:4405] for POST '/session/bd186f9a5bc371f3f0d3168f574ff60b/element'
2023-04-27 18:44:24 DEBUG HttpHandler:70 ? 

Request DefaultHttpRequest(decodeResult: success, version: HTTP/1.1)
POST /session/bd186f9a5bc371f3f0d3168f574ff60b/element HTTP/1.1
User-Agent: selenium/4.9.0 (java windows)
Content-Length: 53
Content-Type: application/json; charset=utf-8
host: localhost:4405
accept: */*

Response DefaultHttpResponse(decodeResult: success, version: HTTP/1.1)
HTTP/1.1 200 OK
Content-Length: 88
Content-Type: application/json; charset=utf-8
cache-control: no-cache

2023-04-27 18:44:24 DEBUG ChannelManager:270 ? Adding key: http://localhost:4405 for channel [id: 0xa85f7eb7, L:/127.0.0.1:49535 - R:localhost/127.0.0.1:4405]
2023-04-27 18:44:24 DEBUG NettyRequestSender:593 ? Using pooled Channel '[id: 0xa85f7eb7, L:/127.0.0.1:49535 - R:localhost/127.0.0.1:4405]' for 'POST' to 'http://localhost:4405/session/bd186f9a5bc371f3f0d3168f574ff60b/execute/sync'
2023-04-27 18:44:24 DEBUG NettyRequestSender:251 ? Using open Channel [id: 0xa85f7eb7, L:/127.0.0.1:49535 - R:localhost/127.0.0.1:4405] for POST '/session/bd186f9a5bc371f3f0d3168f574ff60b/execute/sync'
2023-04-27 18:44:24 DEBUG HttpHandler:70 ? 

Request DefaultHttpRequest(decodeResult: success, version: HTTP/1.1)
POST /session/bd186f9a5bc371f3f0d3168f574ff60b/execute/sync HTTP/1.1
User-Agent: selenium/4.9.0 (java windows)
Content-Length: 48807
Content-Type: application/json; charset=utf-8
host: localhost:4405
accept: */*

Response DefaultHttpResponse(decodeResult: success, version: HTTP/1.1)
HTTP/1.1 200 OK
Content-Length: 14
Content-Type: application/json; charset=utf-8
cache-control: no-cache

2023-04-27 18:44:24 DEBUG ChannelManager:270 ? Adding key: http://localhost:4405 for channel [id: 0xa85f7eb7, L:/127.0.0.1:49535 - R:localhost/127.0.0.1:4405]
2023-04-27 18:44:24 DEBUG NettyRequestSender:593 ? Using pooled Channel '[id: 0xa85f7eb7, L:/127.0.0.1:49535 - R:localhost/127.0.0.1:4405]' for 'POST' to 'http://localhost:4405/session/bd186f9a5bc371f3f0d3168f574ff60b/element'
2023-04-27 18:44:24 DEBUG NettyRequestSender:251 ? Using open Channel [id: 0xa85f7eb7, L:/127.0.0.1:49535 - R:localhost/127.0.0.1:4405] for POST '/session/bd186f9a5bc371f3f0d3168f574ff60b/element'
2023-04-27 18:44:24 DEBUG HttpHandler:70 ? 

Request DefaultHttpRequest(decodeResult: success, version: HTTP/1.1)
POST /session/bd186f9a5bc371f3f0d3168f574ff60b/element HTTP/1.1
User-Agent: selenium/4.9.0 (java windows)
Content-Length: 60
Content-Type: application/json; charset=utf-8
host: localhost:4405
accept: */*

Response DefaultHttpResponse(decodeResult: success, version: HTTP/1.1)
HTTP/1.1 200 OK
Content-Length: 88
Content-Type: application/json; charset=utf-8
cache-control: no-cache

2023-04-27 18:44:24 DEBUG ChannelManager:270 ? Adding key: http://localhost:4405 for channel [id: 0xa85f7eb7, L:/127.0.0.1:49535 - R:localhost/127.0.0.1:4405]
2023-04-27 18:44:24 DEBUG NettyRequestSender:593 ? Using pooled Channel '[id: 0xa85f7eb7, L:/127.0.0.1:49535 - R:localhost/127.0.0.1:4405]' for 'POST' to 'http://localhost:4405/session/bd186f9a5bc371f3f0d3168f574ff60b/execute/sync'
2023-04-27 18:44:24 DEBUG NettyRequestSender:251 ? Using open Channel [id: 0xa85f7eb7, L:/127.0.0.1:49535 - R:localhost/127.0.0.1:4405] for POST '/session/bd186f9a5bc371f3f0d3168f574ff60b/execute/sync'
2023-04-27 18:44:24 DEBUG HttpHandler:70 ? 

Request DefaultHttpRequest(decodeResult: success, version: HTTP/1.1)
POST /session/bd186f9a5bc371f3f0d3168f574ff60b/execute/sync HTTP/1.1
User-Agent: selenium/4.9.0 (java windows)
Content-Length: 48807
Content-Type: application/json; charset=utf-8
host: localhost:4405
accept: */*

Response DefaultHttpResponse(decodeResult: success, version: HTTP/1.1)
HTTP/1.1 200 OK
Content-Length: 14
Content-Type: application/json; charset=utf-8
cache-control: no-cache

2023-04-27 18:44:24 DEBUG ChannelManager:270 ? Adding key: http://localhost:4405 for channel [id: 0xa85f7eb7, L:/127.0.0.1:49535 - R:localhost/127.0.0.1:4405]
2023-04-27 18:44:24 DEBUG NettyRequestSender:593 ? Using pooled Channel '[id: 0xa85f7eb7, L:/127.0.0.1:49535 - R:localhost/127.0.0.1:4405]' for 'POST' to 'http://localhost:4405/session/bd186f9a5bc371f3f0d3168f574ff60b/element'
2023-04-27 18:44:24 DEBUG NettyRequestSender:251 ? Using open Channel [id: 0xa85f7eb7, L:/127.0.0.1:49535 - R:localhost/127.0.0.1:4405] for POST '/session/bd186f9a5bc371f3f0d3168f574ff60b/element'
2023-04-27 18:44:24 DEBUG HttpHandler:70 ? 

Request DefaultHttpRequest(decodeResult: success, version: HTTP/1.1)
POST /session/bd186f9a5bc371f3f0d3168f574ff60b/element HTTP/1.1
User-Agent: selenium/4.9.0 (java windows)
Content-Length: 53
Content-Type: application/json; charset=utf-8
host: localhost:4405
accept: */*

Response DefaultHttpResponse(decodeResult: success, version: HTTP/1.1)
HTTP/1.1 200 OK
Content-Length: 88
Content-Type: application/json; charset=utf-8
cache-control: no-cache

2023-04-27 18:44:24 DEBUG ChannelManager:270 ? Adding key: http://localhost:4405 for channel [id: 0xa85f7eb7, L:/127.0.0.1:49535 - R:localhost/127.0.0.1:4405]
2023-04-27 18:44:24 DEBUG NettyRequestSender:593 ? Using pooled Channel '[id: 0xa85f7eb7, L:/127.0.0.1:49535 - R:localhost/127.0.0.1:4405]' for 'POST' to 'http://localhost:4405/session/bd186f9a5bc371f3f0d3168f574ff60b/actions'
2023-04-27 18:44:24 DEBUG NettyRequestSender:251 ? Using open Channel [id: 0xa85f7eb7, L:/127.0.0.1:49535 - R:localhost/127.0.0.1:4405] for POST '/session/bd186f9a5bc371f3f0d3168f574ff60b/actions'
2023-04-27 18:44:24 DEBUG HttpHandler:70 ? 

Request DefaultHttpRequest(decodeResult: success, version: HTTP/1.1)
POST /session/bd186f9a5bc371f3f0d3168f574ff60b/actions HTTP/1.1
User-Agent: selenium/4.9.0 (java windows)
Content-Length: 3755
Content-Type: application/json; charset=utf-8
host: localhost:4405
accept: */*

Response DefaultHttpResponse(decodeResult: success, version: HTTP/1.1)
HTTP/1.1 200 OK
Content-Length: 14
Content-Type: application/json; charset=utf-8
cache-control: no-cache

2023-04-27 18:44:24 DEBUG ChannelManager:270 ? Adding key: http://localhost:4405 for channel [id: 0xa85f7eb7, L:/127.0.0.1:49535 - R:localhost/127.0.0.1:4405]
2023-04-27 18:44:24 DEBUG NettyRequestSender:593 ? Using pooled Channel '[id: 0xa85f7eb7, L:/127.0.0.1:49535 - R:localhost/127.0.0.1:4405]' for 'POST' to 'http://localhost:4405/session/bd186f9a5bc371f3f0d3168f574ff60b/element'
2023-04-27 18:44:24 DEBUG NettyRequestSender:251 ? Using open Channel [id: 0xa85f7eb7, L:/127.0.0.1:49535 - R:localhost/127.0.0.1:4405] for POST '/session/bd186f9a5bc371f3f0d3168f574ff60b/element'
2023-04-27 18:44:24 DEBUG HttpHandler:70 ? 

Request DefaultHttpRequest(decodeResult: success, version: HTTP/1.1)
POST /session/bd186f9a5bc371f3f0d3168f574ff60b/element HTTP/1.1
User-Agent: selenium/4.9.0 (java windows)
Content-Length: 54
Content-Type: application/json; charset=utf-8
host: localhost:4405
accept: */*

Response DefaultHttpResponse(decodeResult: success, version: HTTP/1.1)
HTTP/1.1 200 OK
Content-Length: 88
Content-Type: application/json; charset=utf-8
cache-control: no-cache

2023-04-27 18:44:24 DEBUG ChannelManager:270 ? Adding key: http://localhost:4405 for channel [id: 0xa85f7eb7, L:/127.0.0.1:49535 - R:localhost/127.0.0.1:4405]
2023-04-27 18:44:24 DEBUG NettyRequestSender:593 ? Using pooled Channel '[id: 0xa85f7eb7, L:/127.0.0.1:49535 - R:localhost/127.0.0.1:4405]' for 'POST' to 'http://localhost:4405/session/bd186f9a5bc371f3f0d3168f574ff60b/actions'
2023-04-27 18:44:24 DEBUG NettyRequestSender:251 ? Using open Channel [id: 0xa85f7eb7, L:/127.0.0.1:49535 - R:localhost/127.0.0.1:4405] for POST '/session/bd186f9a5bc371f3f0d3168f574ff60b/actions'
2023-04-27 18:44:24 DEBUG HttpHandler:70 ? 

Request DefaultHttpRequest(decodeResult: success, version: HTTP/1.1)
POST /session/bd186f9a5bc371f3f0d3168f574ff60b/actions HTTP/1.1
User-Agent: selenium/4.9.0 (java windows)
Content-Length: 3467
Content-Type: application/json; charset=utf-8
host: localhost:4405
accept: */*

Response DefaultHttpResponse(decodeResult: success, version: HTTP/1.1)
HTTP/1.1 200 OK
Content-Length: 14
Content-Type: application/json; charset=utf-8
cache-control: no-cache

2023-04-27 18:44:24 DEBUG ChannelManager:270 ? Adding key: http://localhost:4405 for channel [id: 0xa85f7eb7, L:/127.0.0.1:49535 - R:localhost/127.0.0.1:4405]
2023-04-27 18:44:24 DEBUG NettyRequestSender:593 ? Using pooled Channel '[id: 0xa85f7eb7, L:/127.0.0.1:49535 - R:localhost/127.0.0.1:4405]' for 'POST' to 'http://localhost:4405/session/bd186f9a5bc371f3f0d3168f574ff60b/element'
2023-04-27 18:44:24 DEBUG NettyRequestSender:251 ? Using open Channel [id: 0xa85f7eb7, L:/127.0.0.1:49535 - R:localhost/127.0.0.1:4405] for POST '/session/bd186f9a5bc371f3f0d3168f574ff60b/element'
2023-04-27 18:44:24 DEBUG HttpHandler:70 ? 

Request DefaultHttpRequest(decodeResult: success, version: HTTP/1.1)
POST /session/bd186f9a5bc371f3f0d3168f574ff60b/element HTTP/1.1
User-Agent: selenium/4.9.0 (java windows)
Content-Length: 53
Content-Type: application/json; charset=utf-8
host: localhost:4405
accept: */*

Response DefaultHttpResponse(decodeResult: success, version: HTTP/1.1)
HTTP/1.1 200 OK
Content-Length: 88
Content-Type: application/json; charset=utf-8
cache-control: no-cache

2023-04-27 18:44:24 DEBUG ChannelManager:270 ? Adding key: http://localhost:4405 for channel [id: 0xa85f7eb7, L:/127.0.0.1:49535 - R:localhost/127.0.0.1:4405]
2023-04-27 18:44:24 DEBUG NettyRequestSender:593 ? Using pooled Channel '[id: 0xa85f7eb7, L:/127.0.0.1:49535 - R:localhost/127.0.0.1:4405]' for 'POST' to 'http://localhost:4405/session/bd186f9a5bc371f3f0d3168f574ff60b/actions'
2023-04-27 18:44:24 DEBUG NettyRequestSender:251 ? Using open Channel [id: 0xa85f7eb7, L:/127.0.0.1:49535 - R:localhost/127.0.0.1:4405] for POST '/session/bd186f9a5bc371f3f0d3168f574ff60b/actions'
2023-04-27 18:44:24 DEBUG HttpHandler:70 ? 

Request DefaultHttpRequest(decodeResult: success, version: HTTP/1.1)
POST /session/bd186f9a5bc371f3f0d3168f574ff60b/actions HTTP/1.1
User-Agent: selenium/4.9.0 (java windows)
Content-Length: 3179
Content-Type: application/json; charset=utf-8
host: localhost:4405
accept: */*

Response DefaultHttpResponse(decodeResult: success, version: HTTP/1.1)
HTTP/1.1 200 OK
Content-Length: 14
Content-Type: application/json; charset=utf-8
cache-control: no-cache

2023-04-27 18:44:24 DEBUG ChannelManager:270 ? Adding key: http://localhost:4405 for channel [id: 0xa85f7eb7, L:/127.0.0.1:49535 - R:localhost/127.0.0.1:4405]
2023-04-27 18:44:24 DEBUG NettyRequestSender:593 ? Using pooled Channel '[id: 0xa85f7eb7, L:/127.0.0.1:49535 - R:localhost/127.0.0.1:4405]' for 'POST' to 'http://localhost:4405/session/bd186f9a5bc371f3f0d3168f574ff60b/element'
2023-04-27 18:44:24 DEBUG NettyRequestSender:251 ? Using open Channel [id: 0xa85f7eb7, L:/127.0.0.1:49535 - R:localhost/127.0.0.1:4405] for POST '/session/bd186f9a5bc371f3f0d3168f574ff60b/element'
2023-04-27 18:44:24 DEBUG HttpHandler:70 ? 

Request DefaultHttpRequest(decodeResult: success, version: HTTP/1.1)
POST /session/bd186f9a5bc371f3f0d3168f574ff60b/element HTTP/1.1
User-Agent: selenium/4.9.0 (java windows)
Content-Length: 53
Content-Type: application/json; charset=utf-8
host: localhost:4405
accept: */*

Response DefaultHttpResponse(decodeResult: success, version: HTTP/1.1)
HTTP/1.1 200 OK
Content-Length: 88
Content-Type: application/json; charset=utf-8
cache-control: no-cache

2023-04-27 18:44:24 DEBUG ChannelManager:270 ? Adding key: http://localhost:4405 for channel [id: 0xa85f7eb7, L:/127.0.0.1:49535 - R:localhost/127.0.0.1:4405]
2023-04-27 18:44:24 DEBUG NettyRequestSender:593 ? Using pooled Channel '[id: 0xa85f7eb7, L:/127.0.0.1:49535 - R:localhost/127.0.0.1:4405]' for 'POST' to 'http://localhost:4405/session/bd186f9a5bc371f3f0d3168f574ff60b/actions'
2023-04-27 18:44:24 DEBUG NettyRequestSender:251 ? Using open Channel [id: 0xa85f7eb7, L:/127.0.0.1:49535 - R:localhost/127.0.0.1:4405] for POST '/session/bd186f9a5bc371f3f0d3168f574ff60b/actions'
2023-04-27 18:44:24 DEBUG DefaultChannelPool:348 ? Entry count for : http://localhost:49540 : 1
2023-04-27 18:44:25 DEBUG HttpHandler:70 ? 

Request DefaultHttpRequest(decodeResult: success, version: HTTP/1.1)
POST /session/bd186f9a5bc371f3f0d3168f574ff60b/actions HTTP/1.1
User-Agent: selenium/4.9.0 (java windows)
Content-Length: 3179
Content-Type: application/json; charset=utf-8
host: localhost:4405
accept: */*

Response DefaultHttpResponse(decodeResult: success, version: HTTP/1.1)
HTTP/1.1 200 OK
Content-Length: 14
Content-Type: application/json; charset=utf-8
cache-control: no-cache

2023-04-27 18:44:25 DEBUG ChannelManager:270 ? Adding key: http://localhost:4405 for channel [id: 0xa85f7eb7, L:/127.0.0.1:49535 - R:localhost/127.0.0.1:4405]
2023-04-27 18:44:25 DEBUG NettyRequestSender:593 ? Using pooled Channel '[id: 0xa85f7eb7, L:/127.0.0.1:49535 - R:localhost/127.0.0.1:4405]' for 'POST' to 'http://localhost:4405/session/bd186f9a5bc371f3f0d3168f574ff60b/element'
2023-04-27 18:44:25 DEBUG NettyRequestSender:251 ? Using open Channel [id: 0xa85f7eb7, L:/127.0.0.1:49535 - R:localhost/127.0.0.1:4405] for POST '/session/bd186f9a5bc371f3f0d3168f574ff60b/element'
2023-04-27 18:44:25 DEBUG HttpHandler:70 ? 

Request DefaultHttpRequest(decodeResult: success, version: HTTP/1.1)
POST /session/bd186f9a5bc371f3f0d3168f574ff60b/element HTTP/1.1
User-Agent: selenium/4.9.0 (java windows)
Content-Length: 60
Content-Type: application/json; charset=utf-8
host: localhost:4405
accept: */*

Response DefaultHttpResponse(decodeResult: success, version: HTTP/1.1)
HTTP/1.1 200 OK
Content-Length: 88
Content-Type: application/json; charset=utf-8
cache-control: no-cache

2023-04-27 18:44:25 DEBUG ChannelManager:270 ? Adding key: http://localhost:4405 for channel [id: 0xa85f7eb7, L:/127.0.0.1:49535 - R:localhost/127.0.0.1:4405]
2023-04-27 18:44:25 DEBUG NettyRequestSender:593 ? Using pooled Channel '[id: 0xa85f7eb7, L:/127.0.0.1:49535 - R:localhost/127.0.0.1:4405]' for 'POST' to 'http://localhost:4405/session/bd186f9a5bc371f3f0d3168f574ff60b/actions'
2023-04-27 18:44:25 DEBUG NettyRequestSender:251 ? Using open Channel [id: 0xa85f7eb7, L:/127.0.0.1:49535 - R:localhost/127.0.0.1:4405] for POST '/session/bd186f9a5bc371f3f0d3168f574ff60b/actions'
2023-04-27 18:44:25 DEBUG HttpHandler:70 ? 

Request DefaultHttpRequest(decodeResult: success, version: HTTP/1.1)
POST /session/bd186f9a5bc371f3f0d3168f574ff60b/actions HTTP/1.1
User-Agent: selenium/4.9.0 (java windows)
Content-Length: 5195
Content-Type: application/json; charset=utf-8
host: localhost:4405
accept: */*

Response DefaultHttpResponse(decodeResult: success, version: HTTP/1.1)
HTTP/1.1 200 OK
Content-Length: 14
Content-Type: application/json; charset=utf-8
cache-control: no-cache

2023-04-27 18:44:25 DEBUG ChannelManager:270 ? Adding key: http://localhost:4405 for channel [id: 0xa85f7eb7, L:/127.0.0.1:49535 - R:localhost/127.0.0.1:4405]
2023-04-27 18:46:40 DEBUG InternalLoggerFactory:63 ? Using SLF4J as the default logging framework
2023-04-27 18:46:40 DEBUG ResourceLeakDetector:129 ? -Dio.netty.leakDetection.level: simple
2023-04-27 18:46:40 DEBUG ResourceLeakDetector:130 ? -Dio.netty.leakDetection.targetRecords: 4
2023-04-27 18:46:40 DEBUG ResourceLeakDetectorFactory:196 ? Loaded default ResourceLeakDetector: io.netty.util.ResourceLeakDetector@53ab0286
2023-04-27 18:46:40 DEBUG PlatformDependent0:496 ? -Dio.netty.noUnsafe: false
2023-04-27 18:46:40 DEBUG PlatformDependent0:1000 ? Java version: 19
2023-04-27 18:46:40 DEBUG PlatformDependent0:137 ? sun.misc.Unsafe.theUnsafe: available
2023-04-27 18:46:40 DEBUG PlatformDependent0:161 ? sun.misc.Unsafe.copyMemory: available
2023-04-27 18:46:40 DEBUG PlatformDependent0:193 ? sun.misc.Unsafe.storeFence: available
2023-04-27 18:46:40 DEBUG PlatformDependent0:236 ? java.nio.Buffer.address: available
2023-04-27 18:46:40 DEBUG PlatformDependent0:320 ? direct buffer constructor: unavailable: Reflective setAccessible(true) disabled
2023-04-27 18:46:40 DEBUG PlatformDependent0:385 ? java.nio.Bits.unaligned: available, true
2023-04-27 18:46:40 DEBUG PlatformDependent0:452 ? jdk.internal.misc.Unsafe.allocateUninitializedArray(int): unavailable: class io.netty.util.internal.PlatformDependent0$7 cannot access class jdk.internal.misc.Unsafe (in module java.base) because module java.base does not export jdk.internal.misc to unnamed module @5679c6c6
2023-04-27 18:46:40 DEBUG PlatformDependent0:482 ? java.nio.DirectByteBuffer.<init>(long, int): unavailable
2023-04-27 18:46:40 DEBUG PlatformDependent:1159 ? sun.misc.Unsafe: available
2023-04-27 18:46:40 DEBUG PlatformDependent:1270 ? maxDirectMemory: 5339348992 bytes (maybe)
2023-04-27 18:46:40 DEBUG PlatformDependent:1289 ? -Dio.netty.tmpdir: C:\Users\rohit\AppData\Local\Temp (java.io.tmpdir)
2023-04-27 18:46:40 DEBUG PlatformDependent:1368 ? -Dio.netty.bitMode: 64 (sun.arch.data.model)
2023-04-27 18:46:40 DEBUG PlatformDependent:1119 ? Platform: Windows
2023-04-27 18:46:40 DEBUG PlatformDependent:178 ? -Dio.netty.maxDirectMemory: -1 bytes
2023-04-27 18:46:40 DEBUG PlatformDependent:185 ? -Dio.netty.uninitializedArrayAllocationThreshold: -1
2023-04-27 18:46:40 DEBUG CleanerJava9:71 ? java.nio.ByteBuffer.cleaner(): available
2023-04-27 18:46:40 DEBUG PlatformDependent:205 ? -Dio.netty.noPreferDirect: false
2023-04-27 18:46:40 DEBUG PlatformDependent:1010 ? org.jctools-core.MpscChunkedArrayQueue: available
2023-04-27 18:46:40 DEBUG InternalThreadLocalMap:100 ? -Dio.netty.threadLocalMap.stringBuilder.initialSize: 1024
2023-04-27 18:46:40 DEBUG InternalThreadLocalMap:101 ? -Dio.netty.threadLocalMap.stringBuilder.maxSize: 4096
2023-04-27 18:46:40 DEBUG JdkSslContext:83 ? Default protocols (JDK): [TLSv1.3, TLSv1.2] 
2023-04-27 18:46:40 DEBUG JdkSslContext:84 ? Default cipher suites (JDK): [TLS_ECDHE_ECDSA_WITH_AES_256_GCM_SHA384, TLS_ECDHE_ECDSA_WITH_AES_128_GCM_SHA256, TLS_ECDHE_RSA_WITH_AES_128_GCM_SHA256, TLS_ECDHE_RSA_WITH_AES_256_GCM_SHA384, TLS_ECDHE_RSA_WITH_AES_128_CBC_SHA, TLS_ECDHE_RSA_WITH_AES_256_CBC_SHA, TLS_RSA_WITH_AES_128_GCM_SHA256, TLS_RSA_WITH_AES_128_CBC_SHA, TLS_RSA_WITH_AES_256_CBC_SHA, TLS_AES_128_GCM_SHA256, TLS_AES_256_GCM_SHA384]
2023-04-27 18:46:40 DEBUG GlobalEventExecutor:53 ? -Dio.netty.globalEventExecutor.quietPeriodSeconds: 1
2023-04-27 18:46:40 DEBUG MultithreadEventLoopGroup:44 ? -Dio.netty.eventLoopThreads: 16
2023-04-27 18:46:40 DEBUG NioEventLoop:110 ? -Dio.netty.noKeySetOptimization: false
2023-04-27 18:46:40 DEBUG NioEventLoop:111 ? -Dio.netty.selectorAutoRebuildThreshold: 512
2023-04-27 18:46:40 DEBUG PooledByteBufAllocator:157 ? -Dio.netty.allocator.numHeapArenas: 16
2023-04-27 18:46:40 DEBUG PooledByteBufAllocator:158 ? -Dio.netty.allocator.numDirectArenas: 16
2023-04-27 18:46:40 DEBUG PooledByteBufAllocator:160 ? -Dio.netty.allocator.pageSize: 8192
2023-04-27 18:46:40 DEBUG PooledByteBufAllocator:165 ? -Dio.netty.allocator.maxOrder: 9
2023-04-27 18:46:40 DEBUG PooledByteBufAllocator:169 ? -Dio.netty.allocator.chunkSize: 4194304
2023-04-27 18:46:40 DEBUG PooledByteBufAllocator:170 ? -Dio.netty.allocator.smallCacheSize: 256
2023-04-27 18:46:40 DEBUG PooledByteBufAllocator:171 ? -Dio.netty.allocator.normalCacheSize: 64
2023-04-27 18:46:40 DEBUG PooledByteBufAllocator:172 ? -Dio.netty.allocator.maxCachedBufferCapacity: 32768
2023-04-27 18:46:40 DEBUG PooledByteBufAllocator:173 ? -Dio.netty.allocator.cacheTrimInterval: 8192
2023-04-27 18:46:40 DEBUG PooledByteBufAllocator:174 ? -Dio.netty.allocator.cacheTrimIntervalMillis: 0
2023-04-27 18:46:40 DEBUG PooledByteBufAllocator:175 ? -Dio.netty.allocator.useCacheForAllThreads: false
2023-04-27 18:46:40 DEBUG PooledByteBufAllocator:176 ? -Dio.netty.allocator.maxCachedByteBuffersPerChunk: 1023
2023-04-27 18:46:40 DEBUG ByteBufUtil:88 ? -Dio.netty.allocator.type: pooled
2023-04-27 18:46:40 DEBUG ByteBufUtil:97 ? -Dio.netty.threadLocalDirectBufferSize: 0
2023-04-27 18:46:40 DEBUG ByteBufUtil:100 ? -Dio.netty.maxThreadLocalCharBufferSize: 16384
2023-04-27 18:46:41 DEBUG DefaultChannelId:79 ? -Dio.netty.processId: 25136 (auto-detected)
2023-04-27 18:46:41 DEBUG NetUtil:148 ? -Djava.net.preferIPv4Stack: false
2023-04-27 18:46:41 DEBUG NetUtil:149 ? -Djava.net.preferIPv6Addresses: false
2023-04-27 18:46:41 DEBUG NetUtilInitializations:145 ? Loopback interface: lo (Software Loopback Interface 1, 127.0.0.1)
2023-04-27 18:46:41 DEBUG NetUtil:206 ? Failed to get SOMAXCONN from sysctl and file \proc\sys\net\core\somaxconn. Default: 200
2023-04-27 18:46:41 DEBUG DefaultChannelId:101 ? -Dio.netty.machineId: 70:c9:4e:ff:fe:a9:98:9d (auto-detected)
2023-04-27 18:46:41 DEBUG AbstractByteBuf:63 ? -Dio.netty.buffer.checkAccessible: true
2023-04-27 18:46:41 DEBUG AbstractByteBuf:64 ? -Dio.netty.buffer.checkBounds: true
2023-04-27 18:46:41 DEBUG ResourceLeakDetectorFactory:196 ? Loaded default ResourceLeakDetector: io.netty.util.ResourceLeakDetector@1712b8c3
2023-04-27 18:46:41 DEBUG NettyConnectListener:73 ? Using new Channel '[id: 0x895b4a12, L:/127.0.0.1:49883 - R:localhost/127.0.0.1:21191]' for 'POST' to '/session'
2023-04-27 18:46:41 DEBUG Recycler:96 ? -Dio.netty.recycler.maxCapacityPerThread: 4096
2023-04-27 18:46:41 DEBUG Recycler:97 ? -Dio.netty.recycler.ratio: 8
2023-04-27 18:46:41 DEBUG Recycler:98 ? -Dio.netty.recycler.chunkSize: 32
2023-04-27 18:46:41 DEBUG Recycler:99 ? -Dio.netty.recycler.blocking: false
2023-04-27 18:46:41 DEBUG Recycler:100 ? -Dio.netty.recycler.batchFastThreadLocalOnly: true
2023-04-27 18:46:42 DEBUG Brotli:38 ? brotli4j not in the classpath; Brotli support will be unavailable.
2023-04-27 18:46:42 DEBUG HttpHandler:70 ? 

Request DefaultHttpRequest(decodeResult: success, version: HTTP/1.1)
POST /session HTTP/1.1
User-Agent: selenium/4.9.0 (java windows)
Content-Length: 254
Content-Type: application/json; charset=utf-8
host: localhost:21191
accept: */*

Response DefaultHttpResponse(decodeResult: success, version: HTTP/1.1)
HTTP/1.1 200 OK
Content-Length: 860
Content-Type: application/json; charset=utf-8
cache-control: no-cache

2023-04-27 18:46:42 DEBUG ChannelManager:270 ? Adding key: http://localhost:21191 for channel [id: 0x895b4a12, L:/127.0.0.1:49883 - R:localhost/127.0.0.1:21191]
2023-04-27 18:46:42 DEBUG DefaultChannelPool:348 ? Entry count for : http://localhost:21191 : 1
2023-04-27 18:46:42 DEBUG NettyConnectListener:73 ? Using new Channel '[id: 0x66e741c4, L:/127.0.0.1:49902 - R:localhost/127.0.0.1:49886]' for 'GET' to '/json/version'
2023-04-27 18:46:42 DEBUG HttpHandler:70 ? 

Request DefaultFullHttpRequest(decodeResult: success, version: HTTP/1.1, content: EmptyByteBufBE)
GET /json/version HTTP/1.1
User-Agent: selenium/4.9.0 (java windows)
host: localhost:49886
accept: */*

Response DefaultHttpResponse(decodeResult: success, version: HTTP/1.1)
HTTP/1.1 200 OK
Content-Security-Policy: frame-ancestors 'none'
Content-Length: 424
Content-Type: application/json; charset=UTF-8

2023-04-27 18:46:42 DEBUG ChannelManager:270 ? Adding key: http://localhost:49886 for channel [id: 0x66e741c4, L:/127.0.0.1:49902 - R:localhost/127.0.0.1:49886]
2023-04-27 18:46:42 DEBUG ThreadLocalRandom:214 ? -Dio.netty.initialSeedUniquifier: 0x56345610304ab479
2023-04-27 18:46:42 DEBUG NettyConnectListener:73 ? Using new Channel '[id: 0x10fd644a, L:/127.0.0.1:49903 - R:localhost/127.0.0.1:49886]' for 'GET' to '/devtools/browser/4f944abb-a27a-4fae-b005-4831a6b281d5'
2023-04-27 18:46:42 DEBUG WebSocketHandler:105 ? 

Request DefaultFullHttpRequest(decodeResult: success, version: HTTP/1.1, content: EmptyByteBufBE)
GET /devtools/browser/4f944abb-a27a-4fae-b005-4831a6b281d5 HTTP/1.1
upgrade: websocket
connection: upgrade
sec-websocket-key: TntqbvK3Q4XViPXMicXDfg==
sec-websocket-version: 13
origin: http://localhost:49886
host: localhost:49886
accept: */*
user-agent: AHC/2.1

Response DefaultHttpResponse(decodeResult: success, version: HTTP/1.1)
HTTP/1.1 101 WebSocket Protocol Handshake
Upgrade: WebSocket
Connection: Upgrade
Sec-WebSocket-Accept: nzGkqEsXtbbsZaBVHtknq78Xulk=

2023-04-27 18:46:42 DEBUG NettyRequestSender:593 ? Using pooled Channel '[id: 0x895b4a12, L:/127.0.0.1:49883 - R:localhost/127.0.0.1:21191]' for 'POST' to 'http://localhost:21191/session/dcbee6ed31c8e49345e8a88c3822d8fd/window/maximize'
2023-04-27 18:46:42 DEBUG NettyRequestSender:251 ? Using open Channel [id: 0x895b4a12, L:/127.0.0.1:49883 - R:localhost/127.0.0.1:21191] for POST '/session/dcbee6ed31c8e49345e8a88c3822d8fd/window/maximize'
2023-04-27 18:46:43 DEBUG HttpHandler:70 ? 

Request DefaultHttpRequest(decodeResult: success, version: HTTP/1.1)
POST /session/dcbee6ed31c8e49345e8a88c3822d8fd/window/maximize HTTP/1.1
User-Agent: selenium/4.9.0 (java windows)
Content-Length: 3
Content-Type: application/json; charset=utf-8
host: localhost:21191
accept: */*

Response DefaultHttpResponse(decodeResult: success, version: HTTP/1.1)
HTTP/1.1 200 OK
Content-Length: 52
Content-Type: application/json; charset=utf-8
cache-control: no-cache

2023-04-27 18:46:43 DEBUG ChannelManager:270 ? Adding key: http://localhost:21191 for channel [id: 0x895b4a12, L:/127.0.0.1:49883 - R:localhost/127.0.0.1:21191]
2023-04-27 18:46:43 DEBUG NettyRequestSender:593 ? Using pooled Channel '[id: 0x895b4a12, L:/127.0.0.1:49883 - R:localhost/127.0.0.1:21191]' for 'POST' to 'http://localhost:21191/session/dcbee6ed31c8e49345e8a88c3822d8fd/timeouts'
2023-04-27 18:46:43 DEBUG NettyRequestSender:251 ? Using open Channel [id: 0x895b4a12, L:/127.0.0.1:49883 - R:localhost/127.0.0.1:21191] for POST '/session/dcbee6ed31c8e49345e8a88c3822d8fd/timeouts'
2023-04-27 18:46:43 DEBUG HttpHandler:70 ? 

Request DefaultHttpRequest(decodeResult: success, version: HTTP/1.1)
POST /session/dcbee6ed31c8e49345e8a88c3822d8fd/timeouts HTTP/1.1
User-Agent: selenium/4.9.0 (java windows)
Content-Length: 23
Content-Type: application/json; charset=utf-8
host: localhost:21191
accept: */*

Response DefaultHttpResponse(decodeResult: success, version: HTTP/1.1)
HTTP/1.1 200 OK
Content-Length: 14
Content-Type: application/json; charset=utf-8
cache-control: no-cache

2023-04-27 18:46:43 DEBUG ChannelManager:270 ? Adding key: http://localhost:21191 for channel [id: 0x895b4a12, L:/127.0.0.1:49883 - R:localhost/127.0.0.1:21191]
2023-04-27 18:46:43 DEBUG NettyRequestSender:593 ? Using pooled Channel '[id: 0x895b4a12, L:/127.0.0.1:49883 - R:localhost/127.0.0.1:21191]' for 'POST' to 'http://localhost:21191/session/dcbee6ed31c8e49345e8a88c3822d8fd/url'
2023-04-27 18:46:43 DEBUG NettyRequestSender:251 ? Using open Channel [id: 0x895b4a12, L:/127.0.0.1:49883 - R:localhost/127.0.0.1:21191] for POST '/session/dcbee6ed31c8e49345e8a88c3822d8fd/url'
2023-04-27 18:46:43 DEBUG DefaultChannelPool:348 ? Entry count for : http://localhost:49886 : 1
2023-04-27 18:46:44 DEBUG HttpHandler:70 ? 

Request DefaultHttpRequest(decodeResult: success, version: HTTP/1.1)
POST /session/dcbee6ed31c8e49345e8a88c3822d8fd/url HTTP/1.1
User-Agent: selenium/4.9.0 (java windows)
Content-Length: 67
Content-Type: application/json; charset=utf-8
host: localhost:21191
accept: */*

Response DefaultHttpResponse(decodeResult: success, version: HTTP/1.1)
HTTP/1.1 200 OK
Content-Length: 14
Content-Type: application/json; charset=utf-8
cache-control: no-cache

2023-04-27 18:46:44 DEBUG ChannelManager:270 ? Adding key: http://localhost:21191 for channel [id: 0x895b4a12, L:/127.0.0.1:49883 - R:localhost/127.0.0.1:21191]
2023-04-27 18:46:44 DEBUG NettyRequestSender:593 ? Using pooled Channel '[id: 0x895b4a12, L:/127.0.0.1:49883 - R:localhost/127.0.0.1:21191]' for 'POST' to 'http://localhost:21191/session/dcbee6ed31c8e49345e8a88c3822d8fd/element'
2023-04-27 18:46:44 DEBUG NettyRequestSender:251 ? Using open Channel [id: 0x895b4a12, L:/127.0.0.1:49883 - R:localhost/127.0.0.1:21191] for POST '/session/dcbee6ed31c8e49345e8a88c3822d8fd/element'
2023-04-27 18:46:44 DEBUG HttpHandler:70 ? 

Request DefaultHttpRequest(decodeResult: success, version: HTTP/1.1)
POST /session/dcbee6ed31c8e49345e8a88c3822d8fd/element HTTP/1.1
User-Agent: selenium/4.9.0 (java windows)
Content-Length: 53
Content-Type: application/json; charset=utf-8
host: localhost:21191
accept: */*

Response DefaultHttpResponse(decodeResult: success, version: HTTP/1.1)
HTTP/1.1 200 OK
Content-Length: 88
Content-Type: application/json; charset=utf-8
cache-control: no-cache

2023-04-27 18:46:44 DEBUG ChannelManager:270 ? Adding key: http://localhost:21191 for channel [id: 0x895b4a12, L:/127.0.0.1:49883 - R:localhost/127.0.0.1:21191]
2023-04-27 18:46:44 DEBUG NettyRequestSender:593 ? Using pooled Channel '[id: 0x895b4a12, L:/127.0.0.1:49883 - R:localhost/127.0.0.1:21191]' for 'POST' to 'http://localhost:21191/session/dcbee6ed31c8e49345e8a88c3822d8fd/execute/sync'
2023-04-27 18:46:44 DEBUG NettyRequestSender:251 ? Using open Channel [id: 0x895b4a12, L:/127.0.0.1:49883 - R:localhost/127.0.0.1:21191] for POST '/session/dcbee6ed31c8e49345e8a88c3822d8fd/execute/sync'
2023-04-27 18:46:44 DEBUG HttpHandler:70 ? 

Request DefaultHttpRequest(decodeResult: success, version: HTTP/1.1)
POST /session/dcbee6ed31c8e49345e8a88c3822d8fd/execute/sync HTTP/1.1
User-Agent: selenium/4.9.0 (java windows)
Content-Length: 48807
Content-Type: application/json; charset=utf-8
host: localhost:21191
accept: */*

Response DefaultHttpResponse(decodeResult: success, version: HTTP/1.1)
HTTP/1.1 200 OK
Content-Length: 14
Content-Type: application/json; charset=utf-8
cache-control: no-cache

2023-04-27 18:46:44 DEBUG ChannelManager:270 ? Adding key: http://localhost:21191 for channel [id: 0x895b4a12, L:/127.0.0.1:49883 - R:localhost/127.0.0.1:21191]
2023-04-27 18:46:44 DEBUG NettyRequestSender:593 ? Using pooled Channel '[id: 0x895b4a12, L:/127.0.0.1:49883 - R:localhost/127.0.0.1:21191]' for 'POST' to 'http://localhost:21191/session/dcbee6ed31c8e49345e8a88c3822d8fd/element'
2023-04-27 18:46:44 DEBUG NettyRequestSender:251 ? Using open Channel [id: 0x895b4a12, L:/127.0.0.1:49883 - R:localhost/127.0.0.1:21191] for POST '/session/dcbee6ed31c8e49345e8a88c3822d8fd/element'
2023-04-27 18:46:44 DEBUG HttpHandler:70 ? 

Request DefaultHttpRequest(decodeResult: success, version: HTTP/1.1)
POST /session/dcbee6ed31c8e49345e8a88c3822d8fd/element HTTP/1.1
User-Agent: selenium/4.9.0 (java windows)
Content-Length: 54
Content-Type: application/json; charset=utf-8
host: localhost:21191
accept: */*

Response DefaultHttpResponse(decodeResult: success, version: HTTP/1.1)
HTTP/1.1 200 OK
Content-Length: 88
Content-Type: application/json; charset=utf-8
cache-control: no-cache

2023-04-27 18:46:44 DEBUG ChannelManager:270 ? Adding key: http://localhost:21191 for channel [id: 0x895b4a12, L:/127.0.0.1:49883 - R:localhost/127.0.0.1:21191]
2023-04-27 18:46:44 DEBUG NettyRequestSender:593 ? Using pooled Channel '[id: 0x895b4a12, L:/127.0.0.1:49883 - R:localhost/127.0.0.1:21191]' for 'POST' to 'http://localhost:21191/session/dcbee6ed31c8e49345e8a88c3822d8fd/execute/sync'
2023-04-27 18:46:44 DEBUG NettyRequestSender:251 ? Using open Channel [id: 0x895b4a12, L:/127.0.0.1:49883 - R:localhost/127.0.0.1:21191] for POST '/session/dcbee6ed31c8e49345e8a88c3822d8fd/execute/sync'
2023-04-27 18:46:44 DEBUG HttpHandler:70 ? 

Request DefaultHttpRequest(decodeResult: success, version: HTTP/1.1)
POST /session/dcbee6ed31c8e49345e8a88c3822d8fd/execute/sync HTTP/1.1
User-Agent: selenium/4.9.0 (java windows)
Content-Length: 48807
Content-Type: application/json; charset=utf-8
host: localhost:21191
accept: */*

Response DefaultHttpResponse(decodeResult: success, version: HTTP/1.1)
HTTP/1.1 200 OK
Content-Length: 14
Content-Type: application/json; charset=utf-8
cache-control: no-cache

2023-04-27 18:46:44 DEBUG ChannelManager:270 ? Adding key: http://localhost:21191 for channel [id: 0x895b4a12, L:/127.0.0.1:49883 - R:localhost/127.0.0.1:21191]
2023-04-27 18:46:44 DEBUG NettyRequestSender:593 ? Using pooled Channel '[id: 0x895b4a12, L:/127.0.0.1:49883 - R:localhost/127.0.0.1:21191]' for 'POST' to 'http://localhost:21191/session/dcbee6ed31c8e49345e8a88c3822d8fd/element'
2023-04-27 18:46:44 DEBUG NettyRequestSender:251 ? Using open Channel [id: 0x895b4a12, L:/127.0.0.1:49883 - R:localhost/127.0.0.1:21191] for POST '/session/dcbee6ed31c8e49345e8a88c3822d8fd/element'
2023-04-27 18:46:44 DEBUG HttpHandler:70 ? 

Request DefaultHttpRequest(decodeResult: success, version: HTTP/1.1)
POST /session/dcbee6ed31c8e49345e8a88c3822d8fd/element HTTP/1.1
User-Agent: selenium/4.9.0 (java windows)
Content-Length: 53
Content-Type: application/json; charset=utf-8
host: localhost:21191
accept: */*

Response DefaultHttpResponse(decodeResult: success, version: HTTP/1.1)
HTTP/1.1 200 OK
Content-Length: 88
Content-Type: application/json; charset=utf-8
cache-control: no-cache

2023-04-27 18:46:44 DEBUG ChannelManager:270 ? Adding key: http://localhost:21191 for channel [id: 0x895b4a12, L:/127.0.0.1:49883 - R:localhost/127.0.0.1:21191]
2023-04-27 18:46:44 DEBUG NettyRequestSender:593 ? Using pooled Channel '[id: 0x895b4a12, L:/127.0.0.1:49883 - R:localhost/127.0.0.1:21191]' for 'POST' to 'http://localhost:21191/session/dcbee6ed31c8e49345e8a88c3822d8fd/execute/sync'
2023-04-27 18:46:44 DEBUG NettyRequestSender:251 ? Using open Channel [id: 0x895b4a12, L:/127.0.0.1:49883 - R:localhost/127.0.0.1:21191] for POST '/session/dcbee6ed31c8e49345e8a88c3822d8fd/execute/sync'
2023-04-27 18:46:44 DEBUG HttpHandler:70 ? 

Request DefaultHttpRequest(decodeResult: success, version: HTTP/1.1)
POST /session/dcbee6ed31c8e49345e8a88c3822d8fd/execute/sync HTTP/1.1
User-Agent: selenium/4.9.0 (java windows)
Content-Length: 48807
Content-Type: application/json; charset=utf-8
host: localhost:21191
accept: */*

Response DefaultHttpResponse(decodeResult: success, version: HTTP/1.1)
HTTP/1.1 200 OK
Content-Length: 14
Content-Type: application/json; charset=utf-8
cache-control: no-cache

2023-04-27 18:46:44 DEBUG ChannelManager:270 ? Adding key: http://localhost:21191 for channel [id: 0x895b4a12, L:/127.0.0.1:49883 - R:localhost/127.0.0.1:21191]
2023-04-27 18:46:44 DEBUG NettyRequestSender:593 ? Using pooled Channel '[id: 0x895b4a12, L:/127.0.0.1:49883 - R:localhost/127.0.0.1:21191]' for 'POST' to 'http://localhost:21191/session/dcbee6ed31c8e49345e8a88c3822d8fd/element'
2023-04-27 18:46:44 DEBUG NettyRequestSender:251 ? Using open Channel [id: 0x895b4a12, L:/127.0.0.1:49883 - R:localhost/127.0.0.1:21191] for POST '/session/dcbee6ed31c8e49345e8a88c3822d8fd/element'
2023-04-27 18:46:44 DEBUG HttpHandler:70 ? 

Request DefaultHttpRequest(decodeResult: success, version: HTTP/1.1)
POST /session/dcbee6ed31c8e49345e8a88c3822d8fd/element HTTP/1.1
User-Agent: selenium/4.9.0 (java windows)
Content-Length: 53
Content-Type: application/json; charset=utf-8
host: localhost:21191
accept: */*

Response DefaultHttpResponse(decodeResult: success, version: HTTP/1.1)
HTTP/1.1 200 OK
Content-Length: 88
Content-Type: application/json; charset=utf-8
cache-control: no-cache

2023-04-27 18:46:44 DEBUG ChannelManager:270 ? Adding key: http://localhost:21191 for channel [id: 0x895b4a12, L:/127.0.0.1:49883 - R:localhost/127.0.0.1:21191]
2023-04-27 18:46:44 DEBUG NettyRequestSender:593 ? Using pooled Channel '[id: 0x895b4a12, L:/127.0.0.1:49883 - R:localhost/127.0.0.1:21191]' for 'POST' to 'http://localhost:21191/session/dcbee6ed31c8e49345e8a88c3822d8fd/execute/sync'
2023-04-27 18:46:44 DEBUG NettyRequestSender:251 ? Using open Channel [id: 0x895b4a12, L:/127.0.0.1:49883 - R:localhost/127.0.0.1:21191] for POST '/session/dcbee6ed31c8e49345e8a88c3822d8fd/execute/sync'
2023-04-27 18:46:44 DEBUG HttpHandler:70 ? 

Request DefaultHttpRequest(decodeResult: success, version: HTTP/1.1)
POST /session/dcbee6ed31c8e49345e8a88c3822d8fd/execute/sync HTTP/1.1
User-Agent: selenium/4.9.0 (java windows)
Content-Length: 48807
Content-Type: application/json; charset=utf-8
host: localhost:21191
accept: */*

Response DefaultHttpResponse(decodeResult: success, version: HTTP/1.1)
HTTP/1.1 200 OK
Content-Length: 14
Content-Type: application/json; charset=utf-8
cache-control: no-cache

2023-04-27 18:46:44 DEBUG ChannelManager:270 ? Adding key: http://localhost:21191 for channel [id: 0x895b4a12, L:/127.0.0.1:49883 - R:localhost/127.0.0.1:21191]
2023-04-27 18:46:44 DEBUG NettyRequestSender:593 ? Using pooled Channel '[id: 0x895b4a12, L:/127.0.0.1:49883 - R:localhost/127.0.0.1:21191]' for 'POST' to 'http://localhost:21191/session/dcbee6ed31c8e49345e8a88c3822d8fd/element'
2023-04-27 18:46:44 DEBUG NettyRequestSender:251 ? Using open Channel [id: 0x895b4a12, L:/127.0.0.1:49883 - R:localhost/127.0.0.1:21191] for POST '/session/dcbee6ed31c8e49345e8a88c3822d8fd/element'
2023-04-27 18:46:44 DEBUG HttpHandler:70 ? 

Request DefaultHttpRequest(decodeResult: success, version: HTTP/1.1)
POST /session/dcbee6ed31c8e49345e8a88c3822d8fd/element HTTP/1.1
User-Agent: selenium/4.9.0 (java windows)
Content-Length: 60
Content-Type: application/json; charset=utf-8
host: localhost:21191
accept: */*

Response DefaultHttpResponse(decodeResult: success, version: HTTP/1.1)
HTTP/1.1 200 OK
Content-Length: 88
Content-Type: application/json; charset=utf-8
cache-control: no-cache

2023-04-27 18:46:44 DEBUG ChannelManager:270 ? Adding key: http://localhost:21191 for channel [id: 0x895b4a12, L:/127.0.0.1:49883 - R:localhost/127.0.0.1:21191]
2023-04-27 18:46:44 DEBUG NettyRequestSender:593 ? Using pooled Channel '[id: 0x895b4a12, L:/127.0.0.1:49883 - R:localhost/127.0.0.1:21191]' for 'POST' to 'http://localhost:21191/session/dcbee6ed31c8e49345e8a88c3822d8fd/execute/sync'
2023-04-27 18:46:44 DEBUG NettyRequestSender:251 ? Using open Channel [id: 0x895b4a12, L:/127.0.0.1:49883 - R:localhost/127.0.0.1:21191] for POST '/session/dcbee6ed31c8e49345e8a88c3822d8fd/execute/sync'
2023-04-27 18:46:44 DEBUG HttpHandler:70 ? 

Request DefaultHttpRequest(decodeResult: success, version: HTTP/1.1)
POST /session/dcbee6ed31c8e49345e8a88c3822d8fd/execute/sync HTTP/1.1
User-Agent: selenium/4.9.0 (java windows)
Content-Length: 48807
Content-Type: application/json; charset=utf-8
host: localhost:21191
accept: */*

Response DefaultHttpResponse(decodeResult: success, version: HTTP/1.1)
HTTP/1.1 200 OK
Content-Length: 14
Content-Type: application/json; charset=utf-8
cache-control: no-cache

2023-04-27 18:46:44 DEBUG ChannelManager:270 ? Adding key: http://localhost:21191 for channel [id: 0x895b4a12, L:/127.0.0.1:49883 - R:localhost/127.0.0.1:21191]
2023-04-27 18:46:44 DEBUG NettyRequestSender:593 ? Using pooled Channel '[id: 0x895b4a12, L:/127.0.0.1:49883 - R:localhost/127.0.0.1:21191]' for 'POST' to 'http://localhost:21191/session/dcbee6ed31c8e49345e8a88c3822d8fd/element'
2023-04-27 18:46:44 DEBUG NettyRequestSender:251 ? Using open Channel [id: 0x895b4a12, L:/127.0.0.1:49883 - R:localhost/127.0.0.1:21191] for POST '/session/dcbee6ed31c8e49345e8a88c3822d8fd/element'
2023-04-27 18:46:44 DEBUG HttpHandler:70 ? 

Request DefaultHttpRequest(decodeResult: success, version: HTTP/1.1)
POST /session/dcbee6ed31c8e49345e8a88c3822d8fd/element HTTP/1.1
User-Agent: selenium/4.9.0 (java windows)
Content-Length: 53
Content-Type: application/json; charset=utf-8
host: localhost:21191
accept: */*

Response DefaultHttpResponse(decodeResult: success, version: HTTP/1.1)
HTTP/1.1 200 OK
Content-Length: 88
Content-Type: application/json; charset=utf-8
cache-control: no-cache

2023-04-27 18:46:44 DEBUG ChannelManager:270 ? Adding key: http://localhost:21191 for channel [id: 0x895b4a12, L:/127.0.0.1:49883 - R:localhost/127.0.0.1:21191]
2023-04-27 18:46:44 DEBUG NettyRequestSender:593 ? Using pooled Channel '[id: 0x895b4a12, L:/127.0.0.1:49883 - R:localhost/127.0.0.1:21191]' for 'POST' to 'http://localhost:21191/session/dcbee6ed31c8e49345e8a88c3822d8fd/actions'
2023-04-27 18:46:44 DEBUG NettyRequestSender:251 ? Using open Channel [id: 0x895b4a12, L:/127.0.0.1:49883 - R:localhost/127.0.0.1:21191] for POST '/session/dcbee6ed31c8e49345e8a88c3822d8fd/actions'
2023-04-27 18:46:44 DEBUG HttpHandler:70 ? 

Request DefaultHttpRequest(decodeResult: success, version: HTTP/1.1)
POST /session/dcbee6ed31c8e49345e8a88c3822d8fd/actions HTTP/1.1
User-Agent: selenium/4.9.0 (java windows)
Content-Length: 3755
Content-Type: application/json; charset=utf-8
host: localhost:21191
accept: */*

Response DefaultHttpResponse(decodeResult: success, version: HTTP/1.1)
HTTP/1.1 200 OK
Content-Length: 14
Content-Type: application/json; charset=utf-8
cache-control: no-cache

2023-04-27 18:46:44 DEBUG ChannelManager:270 ? Adding key: http://localhost:21191 for channel [id: 0x895b4a12, L:/127.0.0.1:49883 - R:localhost/127.0.0.1:21191]
2023-04-27 18:46:44 DEBUG NettyRequestSender:593 ? Using pooled Channel '[id: 0x895b4a12, L:/127.0.0.1:49883 - R:localhost/127.0.0.1:21191]' for 'POST' to 'http://localhost:21191/session/dcbee6ed31c8e49345e8a88c3822d8fd/element'
2023-04-27 18:46:44 DEBUG NettyRequestSender:251 ? Using open Channel [id: 0x895b4a12, L:/127.0.0.1:49883 - R:localhost/127.0.0.1:21191] for POST '/session/dcbee6ed31c8e49345e8a88c3822d8fd/element'
2023-04-27 18:46:44 DEBUG HttpHandler:70 ? 

Request DefaultHttpRequest(decodeResult: success, version: HTTP/1.1)
POST /session/dcbee6ed31c8e49345e8a88c3822d8fd/element HTTP/1.1
User-Agent: selenium/4.9.0 (java windows)
Content-Length: 54
Content-Type: application/json; charset=utf-8
host: localhost:21191
accept: */*

Response DefaultHttpResponse(decodeResult: success, version: HTTP/1.1)
HTTP/1.1 200 OK
Content-Length: 88
Content-Type: application/json; charset=utf-8
cache-control: no-cache

2023-04-27 18:46:44 DEBUG ChannelManager:270 ? Adding key: http://localhost:21191 for channel [id: 0x895b4a12, L:/127.0.0.1:49883 - R:localhost/127.0.0.1:21191]
2023-04-27 18:46:44 DEBUG NettyRequestSender:593 ? Using pooled Channel '[id: 0x895b4a12, L:/127.0.0.1:49883 - R:localhost/127.0.0.1:21191]' for 'POST' to 'http://localhost:21191/session/dcbee6ed31c8e49345e8a88c3822d8fd/actions'
2023-04-27 18:46:44 DEBUG NettyRequestSender:251 ? Using open Channel [id: 0x895b4a12, L:/127.0.0.1:49883 - R:localhost/127.0.0.1:21191] for POST '/session/dcbee6ed31c8e49345e8a88c3822d8fd/actions'
2023-04-27 18:46:44 DEBUG DefaultChannelPool:348 ? Entry count for : http://localhost:49886 : 1
2023-04-27 18:46:44 DEBUG HttpHandler:70 ? 

Request DefaultHttpRequest(decodeResult: success, version: HTTP/1.1)
POST /session/dcbee6ed31c8e49345e8a88c3822d8fd/actions HTTP/1.1
User-Agent: selenium/4.9.0 (java windows)
Content-Length: 3755
Content-Type: application/json; charset=utf-8
host: localhost:21191
accept: */*

Response DefaultHttpResponse(decodeResult: success, version: HTTP/1.1)
HTTP/1.1 200 OK
Content-Length: 14
Content-Type: application/json; charset=utf-8
cache-control: no-cache

2023-04-27 18:46:44 DEBUG ChannelManager:270 ? Adding key: http://localhost:21191 for channel [id: 0x895b4a12, L:/127.0.0.1:49883 - R:localhost/127.0.0.1:21191]
2023-04-27 18:46:44 DEBUG NettyRequestSender:593 ? Using pooled Channel '[id: 0x895b4a12, L:/127.0.0.1:49883 - R:localhost/127.0.0.1:21191]' for 'POST' to 'http://localhost:21191/session/dcbee6ed31c8e49345e8a88c3822d8fd/element'
2023-04-27 18:46:44 DEBUG NettyRequestSender:251 ? Using open Channel [id: 0x895b4a12, L:/127.0.0.1:49883 - R:localhost/127.0.0.1:21191] for POST '/session/dcbee6ed31c8e49345e8a88c3822d8fd/element'
2023-04-27 18:46:44 DEBUG HttpHandler:70 ? 

Request DefaultHttpRequest(decodeResult: success, version: HTTP/1.1)
POST /session/dcbee6ed31c8e49345e8a88c3822d8fd/element HTTP/1.1
User-Agent: selenium/4.9.0 (java windows)
Content-Length: 53
Content-Type: application/json; charset=utf-8
host: localhost:21191
accept: */*

Response DefaultHttpResponse(decodeResult: success, version: HTTP/1.1)
HTTP/1.1 200 OK
Content-Length: 88
Content-Type: application/json; charset=utf-8
cache-control: no-cache

2023-04-27 18:46:44 DEBUG ChannelManager:270 ? Adding key: http://localhost:21191 for channel [id: 0x895b4a12, L:/127.0.0.1:49883 - R:localhost/127.0.0.1:21191]
2023-04-27 18:46:44 DEBUG NettyRequestSender:593 ? Using pooled Channel '[id: 0x895b4a12, L:/127.0.0.1:49883 - R:localhost/127.0.0.1:21191]' for 'POST' to 'http://localhost:21191/session/dcbee6ed31c8e49345e8a88c3822d8fd/actions'
2023-04-27 18:46:44 DEBUG NettyRequestSender:251 ? Using open Channel [id: 0x895b4a12, L:/127.0.0.1:49883 - R:localhost/127.0.0.1:21191] for POST '/session/dcbee6ed31c8e49345e8a88c3822d8fd/actions'
2023-04-27 18:46:45 DEBUG HttpHandler:70 ? 

Request DefaultHttpRequest(decodeResult: success, version: HTTP/1.1)
POST /session/dcbee6ed31c8e49345e8a88c3822d8fd/actions HTTP/1.1
User-Agent: selenium/4.9.0 (java windows)
Content-Length: 3755
Content-Type: application/json; charset=utf-8
host: localhost:21191
accept: */*

Response DefaultHttpResponse(decodeResult: success, version: HTTP/1.1)
HTTP/1.1 200 OK
Content-Length: 14
Content-Type: application/json; charset=utf-8
cache-control: no-cache

2023-04-27 18:46:45 DEBUG ChannelManager:270 ? Adding key: http://localhost:21191 for channel [id: 0x895b4a12, L:/127.0.0.1:49883 - R:localhost/127.0.0.1:21191]
2023-04-27 18:46:45 DEBUG NettyRequestSender:593 ? Using pooled Channel '[id: 0x895b4a12, L:/127.0.0.1:49883 - R:localhost/127.0.0.1:21191]' for 'POST' to 'http://localhost:21191/session/dcbee6ed31c8e49345e8a88c3822d8fd/element'
2023-04-27 18:46:45 DEBUG NettyRequestSender:251 ? Using open Channel [id: 0x895b4a12, L:/127.0.0.1:49883 - R:localhost/127.0.0.1:21191] for POST '/session/dcbee6ed31c8e49345e8a88c3822d8fd/element'
2023-04-27 18:46:45 DEBUG HttpHandler:70 ? 

Request DefaultHttpRequest(decodeResult: success, version: HTTP/1.1)
POST /session/dcbee6ed31c8e49345e8a88c3822d8fd/element HTTP/1.1
User-Agent: selenium/4.9.0 (java windows)
Content-Length: 53
Content-Type: application/json; charset=utf-8
host: localhost:21191
accept: */*

Response DefaultHttpResponse(decodeResult: success, version: HTTP/1.1)
HTTP/1.1 200 OK
Content-Length: 88
Content-Type: application/json; charset=utf-8
cache-control: no-cache

2023-04-27 18:46:45 DEBUG ChannelManager:270 ? Adding key: http://localhost:21191 for channel [id: 0x895b4a12, L:/127.0.0.1:49883 - R:localhost/127.0.0.1:21191]
2023-04-27 18:46:45 DEBUG NettyRequestSender:593 ? Using pooled Channel '[id: 0x895b4a12, L:/127.0.0.1:49883 - R:localhost/127.0.0.1:21191]' for 'POST' to 'http://localhost:21191/session/dcbee6ed31c8e49345e8a88c3822d8fd/actions'
2023-04-27 18:46:45 DEBUG NettyRequestSender:251 ? Using open Channel [id: 0x895b4a12, L:/127.0.0.1:49883 - R:localhost/127.0.0.1:21191] for POST '/session/dcbee6ed31c8e49345e8a88c3822d8fd/actions'
2023-04-27 18:46:45 DEBUG HttpHandler:70 ? 

Request DefaultHttpRequest(decodeResult: success, version: HTTP/1.1)
POST /session/dcbee6ed31c8e49345e8a88c3822d8fd/actions HTTP/1.1
User-Agent: selenium/4.9.0 (java windows)
Content-Length: 3755
Content-Type: application/json; charset=utf-8
host: localhost:21191
accept: */*

Response DefaultHttpResponse(decodeResult: success, version: HTTP/1.1)
HTTP/1.1 200 OK
Content-Length: 14
Content-Type: application/json; charset=utf-8
cache-control: no-cache

2023-04-27 18:46:45 DEBUG ChannelManager:270 ? Adding key: http://localhost:21191 for channel [id: 0x895b4a12, L:/127.0.0.1:49883 - R:localhost/127.0.0.1:21191]
2023-04-27 18:46:45 DEBUG NettyRequestSender:593 ? Using pooled Channel '[id: 0x895b4a12, L:/127.0.0.1:49883 - R:localhost/127.0.0.1:21191]' for 'POST' to 'http://localhost:21191/session/dcbee6ed31c8e49345e8a88c3822d8fd/element'
2023-04-27 18:46:45 DEBUG NettyRequestSender:251 ? Using open Channel [id: 0x895b4a12, L:/127.0.0.1:49883 - R:localhost/127.0.0.1:21191] for POST '/session/dcbee6ed31c8e49345e8a88c3822d8fd/element'
2023-04-27 18:46:45 DEBUG HttpHandler:70 ? 

Request DefaultHttpRequest(decodeResult: success, version: HTTP/1.1)
POST /session/dcbee6ed31c8e49345e8a88c3822d8fd/element HTTP/1.1
User-Agent: selenium/4.9.0 (java windows)
Content-Length: 60
Content-Type: application/json; charset=utf-8
host: localhost:21191
accept: */*

Response DefaultHttpResponse(decodeResult: success, version: HTTP/1.1)
HTTP/1.1 200 OK
Content-Length: 88
Content-Type: application/json; charset=utf-8
cache-control: no-cache

2023-04-27 18:46:45 DEBUG ChannelManager:270 ? Adding key: http://localhost:21191 for channel [id: 0x895b4a12, L:/127.0.0.1:49883 - R:localhost/127.0.0.1:21191]
2023-04-27 18:46:45 DEBUG NettyRequestSender:593 ? Using pooled Channel '[id: 0x895b4a12, L:/127.0.0.1:49883 - R:localhost/127.0.0.1:21191]' for 'POST' to 'http://localhost:21191/session/dcbee6ed31c8e49345e8a88c3822d8fd/actions'
2023-04-27 18:46:45 DEBUG NettyRequestSender:251 ? Using open Channel [id: 0x895b4a12, L:/127.0.0.1:49883 - R:localhost/127.0.0.1:21191] for POST '/session/dcbee6ed31c8e49345e8a88c3822d8fd/actions'
2023-04-27 18:46:45 DEBUG HttpHandler:70 ? 

Request DefaultHttpRequest(decodeResult: success, version: HTTP/1.1)
POST /session/dcbee6ed31c8e49345e8a88c3822d8fd/actions HTTP/1.1
User-Agent: selenium/4.9.0 (java windows)
Content-Length: 3755
Content-Type: application/json; charset=utf-8
host: localhost:21191
accept: */*

Response DefaultHttpResponse(decodeResult: success, version: HTTP/1.1)
HTTP/1.1 200 OK
Content-Length: 14
Content-Type: application/json; charset=utf-8
cache-control: no-cache

2023-04-27 18:46:45 DEBUG ChannelManager:270 ? Adding key: http://localhost:21191 for channel [id: 0x895b4a12, L:/127.0.0.1:49883 - R:localhost/127.0.0.1:21191]
2023-04-27 18:48:39 DEBUG InternalLoggerFactory:63 ? Using SLF4J as the default logging framework
2023-04-27 18:48:39 DEBUG ResourceLeakDetector:129 ? -Dio.netty.leakDetection.level: simple
2023-04-27 18:48:39 DEBUG ResourceLeakDetector:130 ? -Dio.netty.leakDetection.targetRecords: 4
2023-04-27 18:48:39 DEBUG ResourceLeakDetectorFactory:196 ? Loaded default ResourceLeakDetector: io.netty.util.ResourceLeakDetector@4204541c
2023-04-27 18:48:39 DEBUG PlatformDependent0:496 ? -Dio.netty.noUnsafe: false
2023-04-27 18:48:39 DEBUG PlatformDependent0:1000 ? Java version: 19
2023-04-27 18:48:39 DEBUG PlatformDependent0:137 ? sun.misc.Unsafe.theUnsafe: available
2023-04-27 18:48:39 DEBUG PlatformDependent0:161 ? sun.misc.Unsafe.copyMemory: available
2023-04-27 18:48:39 DEBUG PlatformDependent0:193 ? sun.misc.Unsafe.storeFence: available
2023-04-27 18:48:39 DEBUG PlatformDependent0:236 ? java.nio.Buffer.address: available
2023-04-27 18:48:39 DEBUG PlatformDependent0:320 ? direct buffer constructor: unavailable: Reflective setAccessible(true) disabled
2023-04-27 18:48:39 DEBUG PlatformDependent0:385 ? java.nio.Bits.unaligned: available, true
2023-04-27 18:48:39 DEBUG PlatformDependent0:452 ? jdk.internal.misc.Unsafe.allocateUninitializedArray(int): unavailable: class io.netty.util.internal.PlatformDependent0$7 cannot access class jdk.internal.misc.Unsafe (in module java.base) because module java.base does not export jdk.internal.misc to unnamed module @5679c6c6
2023-04-27 18:48:39 DEBUG PlatformDependent0:482 ? java.nio.DirectByteBuffer.<init>(long, int): unavailable
2023-04-27 18:48:39 DEBUG PlatformDependent:1159 ? sun.misc.Unsafe: available
2023-04-27 18:48:39 DEBUG PlatformDependent:1270 ? maxDirectMemory: 5339348992 bytes (maybe)
2023-04-27 18:48:39 DEBUG PlatformDependent:1289 ? -Dio.netty.tmpdir: C:\Users\rohit\AppData\Local\Temp (java.io.tmpdir)
2023-04-27 18:48:39 DEBUG PlatformDependent:1368 ? -Dio.netty.bitMode: 64 (sun.arch.data.model)
2023-04-27 18:48:39 DEBUG PlatformDependent:1119 ? Platform: Windows
2023-04-27 18:48:39 DEBUG PlatformDependent:178 ? -Dio.netty.maxDirectMemory: -1 bytes
2023-04-27 18:48:39 DEBUG PlatformDependent:185 ? -Dio.netty.uninitializedArrayAllocationThreshold: -1
2023-04-27 18:48:39 DEBUG CleanerJava9:71 ? java.nio.ByteBuffer.cleaner(): available
2023-04-27 18:48:39 DEBUG PlatformDependent:205 ? -Dio.netty.noPreferDirect: false
2023-04-27 18:48:39 DEBUG PlatformDependent:1010 ? org.jctools-core.MpscChunkedArrayQueue: available
2023-04-27 18:48:39 DEBUG InternalThreadLocalMap:100 ? -Dio.netty.threadLocalMap.stringBuilder.initialSize: 1024
2023-04-27 18:48:39 DEBUG InternalThreadLocalMap:101 ? -Dio.netty.threadLocalMap.stringBuilder.maxSize: 4096
2023-04-27 18:48:39 DEBUG JdkSslContext:83 ? Default protocols (JDK): [TLSv1.3, TLSv1.2] 
2023-04-27 18:48:39 DEBUG JdkSslContext:84 ? Default cipher suites (JDK): [TLS_ECDHE_ECDSA_WITH_AES_256_GCM_SHA384, TLS_ECDHE_ECDSA_WITH_AES_128_GCM_SHA256, TLS_ECDHE_RSA_WITH_AES_128_GCM_SHA256, TLS_ECDHE_RSA_WITH_AES_256_GCM_SHA384, TLS_ECDHE_RSA_WITH_AES_128_CBC_SHA, TLS_ECDHE_RSA_WITH_AES_256_CBC_SHA, TLS_RSA_WITH_AES_128_GCM_SHA256, TLS_RSA_WITH_AES_128_CBC_SHA, TLS_RSA_WITH_AES_256_CBC_SHA, TLS_AES_128_GCM_SHA256, TLS_AES_256_GCM_SHA384]
2023-04-27 18:48:39 DEBUG GlobalEventExecutor:53 ? -Dio.netty.globalEventExecutor.quietPeriodSeconds: 1
2023-04-27 18:48:39 DEBUG MultithreadEventLoopGroup:44 ? -Dio.netty.eventLoopThreads: 16
2023-04-27 18:48:39 DEBUG NioEventLoop:110 ? -Dio.netty.noKeySetOptimization: false
2023-04-27 18:48:39 DEBUG NioEventLoop:111 ? -Dio.netty.selectorAutoRebuildThreshold: 512
2023-04-27 18:48:39 DEBUG PooledByteBufAllocator:157 ? -Dio.netty.allocator.numHeapArenas: 16
2023-04-27 18:48:39 DEBUG PooledByteBufAllocator:158 ? -Dio.netty.allocator.numDirectArenas: 16
2023-04-27 18:48:39 DEBUG PooledByteBufAllocator:160 ? -Dio.netty.allocator.pageSize: 8192
2023-04-27 18:48:39 DEBUG PooledByteBufAllocator:165 ? -Dio.netty.allocator.maxOrder: 9
2023-04-27 18:48:39 DEBUG PooledByteBufAllocator:169 ? -Dio.netty.allocator.chunkSize: 4194304
2023-04-27 18:48:39 DEBUG PooledByteBufAllocator:170 ? -Dio.netty.allocator.smallCacheSize: 256
2023-04-27 18:48:39 DEBUG PooledByteBufAllocator:171 ? -Dio.netty.allocator.normalCacheSize: 64
2023-04-27 18:48:39 DEBUG PooledByteBufAllocator:172 ? -Dio.netty.allocator.maxCachedBufferCapacity: 32768
2023-04-27 18:48:39 DEBUG PooledByteBufAllocator:173 ? -Dio.netty.allocator.cacheTrimInterval: 8192
2023-04-27 18:48:39 DEBUG PooledByteBufAllocator:174 ? -Dio.netty.allocator.cacheTrimIntervalMillis: 0
2023-04-27 18:48:39 DEBUG PooledByteBufAllocator:175 ? -Dio.netty.allocator.useCacheForAllThreads: false
2023-04-27 18:48:39 DEBUG PooledByteBufAllocator:176 ? -Dio.netty.allocator.maxCachedByteBuffersPerChunk: 1023
2023-04-27 18:48:39 DEBUG ByteBufUtil:88 ? -Dio.netty.allocator.type: pooled
2023-04-27 18:48:39 DEBUG ByteBufUtil:97 ? -Dio.netty.threadLocalDirectBufferSize: 0
2023-04-27 18:48:39 DEBUG ByteBufUtil:100 ? -Dio.netty.maxThreadLocalCharBufferSize: 16384
2023-04-27 18:48:40 DEBUG DefaultChannelId:79 ? -Dio.netty.processId: 2568 (auto-detected)
2023-04-27 18:48:40 DEBUG NetUtil:148 ? -Djava.net.preferIPv4Stack: false
2023-04-27 18:48:40 DEBUG NetUtil:149 ? -Djava.net.preferIPv6Addresses: false
2023-04-27 18:48:40 DEBUG NetUtilInitializations:145 ? Loopback interface: lo (Software Loopback Interface 1, 127.0.0.1)
2023-04-27 18:48:40 DEBUG NetUtil:206 ? Failed to get SOMAXCONN from sysctl and file \proc\sys\net\core\somaxconn. Default: 200
2023-04-27 18:48:40 DEBUG DefaultChannelId:101 ? -Dio.netty.machineId: 70:c9:4e:ff:fe:a9:98:9d (auto-detected)
2023-04-27 18:48:40 DEBUG AbstractByteBuf:63 ? -Dio.netty.buffer.checkAccessible: true
2023-04-27 18:48:40 DEBUG AbstractByteBuf:64 ? -Dio.netty.buffer.checkBounds: true
2023-04-27 18:48:40 DEBUG ResourceLeakDetectorFactory:196 ? Loaded default ResourceLeakDetector: io.netty.util.ResourceLeakDetector@1707ada5
2023-04-27 18:48:40 DEBUG NettyConnectListener:73 ? Using new Channel '[id: 0x87b595ea, L:/127.0.0.1:50227 - R:localhost/127.0.0.1:31031]' for 'POST' to '/session'
2023-04-27 18:48:40 DEBUG Recycler:96 ? -Dio.netty.recycler.maxCapacityPerThread: 4096
2023-04-27 18:48:40 DEBUG Recycler:97 ? -Dio.netty.recycler.ratio: 8
2023-04-27 18:48:40 DEBUG Recycler:98 ? -Dio.netty.recycler.chunkSize: 32
2023-04-27 18:48:40 DEBUG Recycler:99 ? -Dio.netty.recycler.blocking: false
2023-04-27 18:48:40 DEBUG Recycler:100 ? -Dio.netty.recycler.batchFastThreadLocalOnly: true
2023-04-27 18:48:41 DEBUG Brotli:38 ? brotli4j not in the classpath; Brotli support will be unavailable.
2023-04-27 18:48:41 DEBUG HttpHandler:70 ? 

Request DefaultHttpRequest(decodeResult: success, version: HTTP/1.1)
POST /session HTTP/1.1
User-Agent: selenium/4.9.0 (java windows)
Content-Length: 254
Content-Type: application/json; charset=utf-8
host: localhost:31031
accept: */*

Response DefaultHttpResponse(decodeResult: success, version: HTTP/1.1)
HTTP/1.1 200 OK
Content-Length: 859
Content-Type: application/json; charset=utf-8
cache-control: no-cache

2023-04-27 18:48:41 DEBUG ChannelManager:270 ? Adding key: http://localhost:31031 for channel [id: 0x87b595ea, L:/127.0.0.1:50227 - R:localhost/127.0.0.1:31031]
2023-04-27 18:48:41 DEBUG NettyConnectListener:73 ? Using new Channel '[id: 0xca08ee4b, L:/127.0.0.1:50249 - R:localhost/127.0.0.1:50233]' for 'GET' to '/json/version'
2023-04-27 18:48:41 DEBUG HttpHandler:70 ? 

Request DefaultFullHttpRequest(decodeResult: success, version: HTTP/1.1, content: EmptyByteBufBE)
GET /json/version HTTP/1.1
User-Agent: selenium/4.9.0 (java windows)
host: localhost:50233
accept: */*

Response DefaultHttpResponse(decodeResult: success, version: HTTP/1.1)
HTTP/1.1 200 OK
Content-Security-Policy: frame-ancestors 'none'
Content-Length: 424
Content-Type: application/json; charset=UTF-8

2023-04-27 18:48:41 DEBUG ChannelManager:270 ? Adding key: http://localhost:50233 for channel [id: 0xca08ee4b, L:/127.0.0.1:50249 - R:localhost/127.0.0.1:50233]
2023-04-27 18:48:41 DEBUG ThreadLocalRandom:214 ? -Dio.netty.initialSeedUniquifier: 0x6376da6128157a34
2023-04-27 18:48:41 DEBUG NettyConnectListener:73 ? Using new Channel '[id: 0xf4479db6, L:/127.0.0.1:50250 - R:localhost/127.0.0.1:50233]' for 'GET' to '/devtools/browser/d4eb9037-2cb8-4ba7-8773-c0ff7a155345'
2023-04-27 18:48:41 DEBUG DefaultChannelPool:348 ? Entry count for : http://localhost:31031 : 1
2023-04-27 18:48:41 DEBUG DefaultChannelPool:348 ? Entry count for : http://localhost:50233 : 1
2023-04-27 18:48:41 DEBUG WebSocketHandler:105 ? 

Request DefaultFullHttpRequest(decodeResult: success, version: HTTP/1.1, content: EmptyByteBufBE)
GET /devtools/browser/d4eb9037-2cb8-4ba7-8773-c0ff7a155345 HTTP/1.1
upgrade: websocket
connection: upgrade
sec-websocket-key: Q+V+0JaKbgMM5Fm5mXsrxg==
sec-websocket-version: 13
origin: http://localhost:50233
host: localhost:50233
accept: */*
user-agent: AHC/2.1

Response DefaultHttpResponse(decodeResult: success, version: HTTP/1.1)
HTTP/1.1 101 WebSocket Protocol Handshake
Upgrade: WebSocket
Connection: Upgrade
Sec-WebSocket-Accept: WaZbqtsjXhQguOxMAufVM4N3Od4=

2023-04-27 18:48:42 DEBUG NettyRequestSender:593 ? Using pooled Channel '[id: 0x87b595ea, L:/127.0.0.1:50227 - R:localhost/127.0.0.1:31031]' for 'POST' to 'http://localhost:31031/session/46b1e5a027196e51012c27955e9afa46/window/maximize'
2023-04-27 18:48:42 DEBUG NettyRequestSender:251 ? Using open Channel [id: 0x87b595ea, L:/127.0.0.1:50227 - R:localhost/127.0.0.1:31031] for POST '/session/46b1e5a027196e51012c27955e9afa46/window/maximize'
2023-04-27 18:48:42 DEBUG HttpHandler:70 ? 

Request DefaultHttpRequest(decodeResult: success, version: HTTP/1.1)
POST /session/46b1e5a027196e51012c27955e9afa46/window/maximize HTTP/1.1
User-Agent: selenium/4.9.0 (java windows)
Content-Length: 3
Content-Type: application/json; charset=utf-8
host: localhost:31031
accept: */*

Response DefaultHttpResponse(decodeResult: success, version: HTTP/1.1)
HTTP/1.1 200 OK
Content-Length: 52
Content-Type: application/json; charset=utf-8
cache-control: no-cache

2023-04-27 18:48:42 DEBUG ChannelManager:270 ? Adding key: http://localhost:31031 for channel [id: 0x87b595ea, L:/127.0.0.1:50227 - R:localhost/127.0.0.1:31031]
2023-04-27 18:48:42 DEBUG NettyRequestSender:593 ? Using pooled Channel '[id: 0x87b595ea, L:/127.0.0.1:50227 - R:localhost/127.0.0.1:31031]' for 'POST' to 'http://localhost:31031/session/46b1e5a027196e51012c27955e9afa46/timeouts'
2023-04-27 18:48:42 DEBUG NettyRequestSender:251 ? Using open Channel [id: 0x87b595ea, L:/127.0.0.1:50227 - R:localhost/127.0.0.1:31031] for POST '/session/46b1e5a027196e51012c27955e9afa46/timeouts'
2023-04-27 18:48:42 DEBUG HttpHandler:70 ? 

Request DefaultHttpRequest(decodeResult: success, version: HTTP/1.1)
POST /session/46b1e5a027196e51012c27955e9afa46/timeouts HTTP/1.1
User-Agent: selenium/4.9.0 (java windows)
Content-Length: 23
Content-Type: application/json; charset=utf-8
host: localhost:31031
accept: */*

Response DefaultHttpResponse(decodeResult: success, version: HTTP/1.1)
HTTP/1.1 200 OK
Content-Length: 14
Content-Type: application/json; charset=utf-8
cache-control: no-cache

2023-04-27 18:48:42 DEBUG ChannelManager:270 ? Adding key: http://localhost:31031 for channel [id: 0x87b595ea, L:/127.0.0.1:50227 - R:localhost/127.0.0.1:31031]
2023-04-27 18:48:42 DEBUG NettyRequestSender:593 ? Using pooled Channel '[id: 0x87b595ea, L:/127.0.0.1:50227 - R:localhost/127.0.0.1:31031]' for 'POST' to 'http://localhost:31031/session/46b1e5a027196e51012c27955e9afa46/url'
2023-04-27 18:48:42 DEBUG NettyRequestSender:251 ? Using open Channel [id: 0x87b595ea, L:/127.0.0.1:50227 - R:localhost/127.0.0.1:31031] for POST '/session/46b1e5a027196e51012c27955e9afa46/url'
2023-04-27 18:48:43 DEBUG DefaultChannelPool:348 ? Entry count for : http://localhost:50233 : 1
2023-04-27 18:48:43 DEBUG HttpHandler:70 ? 

Request DefaultHttpRequest(decodeResult: success, version: HTTP/1.1)
POST /session/46b1e5a027196e51012c27955e9afa46/url HTTP/1.1
User-Agent: selenium/4.9.0 (java windows)
Content-Length: 67
Content-Type: application/json; charset=utf-8
host: localhost:31031
accept: */*

Response DefaultHttpResponse(decodeResult: success, version: HTTP/1.1)
HTTP/1.1 200 OK
Content-Length: 14
Content-Type: application/json; charset=utf-8
cache-control: no-cache

2023-04-27 18:48:43 DEBUG ChannelManager:270 ? Adding key: http://localhost:31031 for channel [id: 0x87b595ea, L:/127.0.0.1:50227 - R:localhost/127.0.0.1:31031]
2023-04-27 18:48:43 DEBUG NettyRequestSender:593 ? Using pooled Channel '[id: 0x87b595ea, L:/127.0.0.1:50227 - R:localhost/127.0.0.1:31031]' for 'POST' to 'http://localhost:31031/session/46b1e5a027196e51012c27955e9afa46/element'
2023-04-27 18:48:43 DEBUG NettyRequestSender:251 ? Using open Channel [id: 0x87b595ea, L:/127.0.0.1:50227 - R:localhost/127.0.0.1:31031] for POST '/session/46b1e5a027196e51012c27955e9afa46/element'
2023-04-27 18:48:43 DEBUG HttpHandler:70 ? 

Request DefaultHttpRequest(decodeResult: success, version: HTTP/1.1)
POST /session/46b1e5a027196e51012c27955e9afa46/element HTTP/1.1
User-Agent: selenium/4.9.0 (java windows)
Content-Length: 53
Content-Type: application/json; charset=utf-8
host: localhost:31031
accept: */*

Response DefaultHttpResponse(decodeResult: success, version: HTTP/1.1)
HTTP/1.1 200 OK
Content-Length: 88
Content-Type: application/json; charset=utf-8
cache-control: no-cache

2023-04-27 18:48:43 DEBUG ChannelManager:270 ? Adding key: http://localhost:31031 for channel [id: 0x87b595ea, L:/127.0.0.1:50227 - R:localhost/127.0.0.1:31031]
2023-04-27 18:48:43 DEBUG NettyRequestSender:593 ? Using pooled Channel '[id: 0x87b595ea, L:/127.0.0.1:50227 - R:localhost/127.0.0.1:31031]' for 'POST' to 'http://localhost:31031/session/46b1e5a027196e51012c27955e9afa46/execute/sync'
2023-04-27 18:48:43 DEBUG NettyRequestSender:251 ? Using open Channel [id: 0x87b595ea, L:/127.0.0.1:50227 - R:localhost/127.0.0.1:31031] for POST '/session/46b1e5a027196e51012c27955e9afa46/execute/sync'
2023-04-27 18:48:43 DEBUG HttpHandler:70 ? 

Request DefaultHttpRequest(decodeResult: success, version: HTTP/1.1)
POST /session/46b1e5a027196e51012c27955e9afa46/execute/sync HTTP/1.1
User-Agent: selenium/4.9.0 (java windows)
Content-Length: 48807
Content-Type: application/json; charset=utf-8
host: localhost:31031
accept: */*

Response DefaultHttpResponse(decodeResult: success, version: HTTP/1.1)
HTTP/1.1 200 OK
Content-Length: 14
Content-Type: application/json; charset=utf-8
cache-control: no-cache

2023-04-27 18:48:43 DEBUG ChannelManager:270 ? Adding key: http://localhost:31031 for channel [id: 0x87b595ea, L:/127.0.0.1:50227 - R:localhost/127.0.0.1:31031]
2023-04-27 18:48:43 DEBUG NettyRequestSender:593 ? Using pooled Channel '[id: 0x87b595ea, L:/127.0.0.1:50227 - R:localhost/127.0.0.1:31031]' for 'POST' to 'http://localhost:31031/session/46b1e5a027196e51012c27955e9afa46/element'
2023-04-27 18:48:43 DEBUG NettyRequestSender:251 ? Using open Channel [id: 0x87b595ea, L:/127.0.0.1:50227 - R:localhost/127.0.0.1:31031] for POST '/session/46b1e5a027196e51012c27955e9afa46/element'
2023-04-27 18:48:43 DEBUG HttpHandler:70 ? 

Request DefaultHttpRequest(decodeResult: success, version: HTTP/1.1)
POST /session/46b1e5a027196e51012c27955e9afa46/element HTTP/1.1
User-Agent: selenium/4.9.0 (java windows)
Content-Length: 54
Content-Type: application/json; charset=utf-8
host: localhost:31031
accept: */*

Response DefaultHttpResponse(decodeResult: success, version: HTTP/1.1)
HTTP/1.1 200 OK
Content-Length: 88
Content-Type: application/json; charset=utf-8
cache-control: no-cache

2023-04-27 18:48:43 DEBUG ChannelManager:270 ? Adding key: http://localhost:31031 for channel [id: 0x87b595ea, L:/127.0.0.1:50227 - R:localhost/127.0.0.1:31031]
2023-04-27 18:48:43 DEBUG NettyRequestSender:593 ? Using pooled Channel '[id: 0x87b595ea, L:/127.0.0.1:50227 - R:localhost/127.0.0.1:31031]' for 'POST' to 'http://localhost:31031/session/46b1e5a027196e51012c27955e9afa46/execute/sync'
2023-04-27 18:48:43 DEBUG NettyRequestSender:251 ? Using open Channel [id: 0x87b595ea, L:/127.0.0.1:50227 - R:localhost/127.0.0.1:31031] for POST '/session/46b1e5a027196e51012c27955e9afa46/execute/sync'
2023-04-27 18:48:43 DEBUG HttpHandler:70 ? 

Request DefaultHttpRequest(decodeResult: success, version: HTTP/1.1)
POST /session/46b1e5a027196e51012c27955e9afa46/execute/sync HTTP/1.1
User-Agent: selenium/4.9.0 (java windows)
Content-Length: 48807
Content-Type: application/json; charset=utf-8
host: localhost:31031
accept: */*

Response DefaultHttpResponse(decodeResult: success, version: HTTP/1.1)
HTTP/1.1 200 OK
Content-Length: 14
Content-Type: application/json; charset=utf-8
cache-control: no-cache

2023-04-27 18:48:43 DEBUG ChannelManager:270 ? Adding key: http://localhost:31031 for channel [id: 0x87b595ea, L:/127.0.0.1:50227 - R:localhost/127.0.0.1:31031]
2023-04-27 18:48:43 DEBUG NettyRequestSender:593 ? Using pooled Channel '[id: 0x87b595ea, L:/127.0.0.1:50227 - R:localhost/127.0.0.1:31031]' for 'POST' to 'http://localhost:31031/session/46b1e5a027196e51012c27955e9afa46/element'
2023-04-27 18:48:43 DEBUG NettyRequestSender:251 ? Using open Channel [id: 0x87b595ea, L:/127.0.0.1:50227 - R:localhost/127.0.0.1:31031] for POST '/session/46b1e5a027196e51012c27955e9afa46/element'
2023-04-27 18:48:43 DEBUG HttpHandler:70 ? 

Request DefaultHttpRequest(decodeResult: success, version: HTTP/1.1)
POST /session/46b1e5a027196e51012c27955e9afa46/element HTTP/1.1
User-Agent: selenium/4.9.0 (java windows)
Content-Length: 53
Content-Type: application/json; charset=utf-8
host: localhost:31031
accept: */*

Response DefaultHttpResponse(decodeResult: success, version: HTTP/1.1)
HTTP/1.1 200 OK
Content-Length: 88
Content-Type: application/json; charset=utf-8
cache-control: no-cache

2023-04-27 18:48:43 DEBUG ChannelManager:270 ? Adding key: http://localhost:31031 for channel [id: 0x87b595ea, L:/127.0.0.1:50227 - R:localhost/127.0.0.1:31031]
2023-04-27 18:48:43 DEBUG NettyRequestSender:593 ? Using pooled Channel '[id: 0x87b595ea, L:/127.0.0.1:50227 - R:localhost/127.0.0.1:31031]' for 'POST' to 'http://localhost:31031/session/46b1e5a027196e51012c27955e9afa46/execute/sync'
2023-04-27 18:48:43 DEBUG NettyRequestSender:251 ? Using open Channel [id: 0x87b595ea, L:/127.0.0.1:50227 - R:localhost/127.0.0.1:31031] for POST '/session/46b1e5a027196e51012c27955e9afa46/execute/sync'
2023-04-27 18:48:43 DEBUG HttpHandler:70 ? 

Request DefaultHttpRequest(decodeResult: success, version: HTTP/1.1)
POST /session/46b1e5a027196e51012c27955e9afa46/execute/sync HTTP/1.1
User-Agent: selenium/4.9.0 (java windows)
Content-Length: 48807
Content-Type: application/json; charset=utf-8
host: localhost:31031
accept: */*

Response DefaultHttpResponse(decodeResult: success, version: HTTP/1.1)
HTTP/1.1 200 OK
Content-Length: 14
Content-Type: application/json; charset=utf-8
cache-control: no-cache

2023-04-27 18:48:43 DEBUG ChannelManager:270 ? Adding key: http://localhost:31031 for channel [id: 0x87b595ea, L:/127.0.0.1:50227 - R:localhost/127.0.0.1:31031]
2023-04-27 18:48:43 DEBUG NettyRequestSender:593 ? Using pooled Channel '[id: 0x87b595ea, L:/127.0.0.1:50227 - R:localhost/127.0.0.1:31031]' for 'POST' to 'http://localhost:31031/session/46b1e5a027196e51012c27955e9afa46/element'
2023-04-27 18:48:43 DEBUG NettyRequestSender:251 ? Using open Channel [id: 0x87b595ea, L:/127.0.0.1:50227 - R:localhost/127.0.0.1:31031] for POST '/session/46b1e5a027196e51012c27955e9afa46/element'
2023-04-27 18:48:43 DEBUG HttpHandler:70 ? 

Request DefaultHttpRequest(decodeResult: success, version: HTTP/1.1)
POST /session/46b1e5a027196e51012c27955e9afa46/element HTTP/1.1
User-Agent: selenium/4.9.0 (java windows)
Content-Length: 53
Content-Type: application/json; charset=utf-8
host: localhost:31031
accept: */*

Response DefaultHttpResponse(decodeResult: success, version: HTTP/1.1)
HTTP/1.1 200 OK
Content-Length: 88
Content-Type: application/json; charset=utf-8
cache-control: no-cache

2023-04-27 18:48:43 DEBUG ChannelManager:270 ? Adding key: http://localhost:31031 for channel [id: 0x87b595ea, L:/127.0.0.1:50227 - R:localhost/127.0.0.1:31031]
2023-04-27 18:48:43 DEBUG NettyRequestSender:593 ? Using pooled Channel '[id: 0x87b595ea, L:/127.0.0.1:50227 - R:localhost/127.0.0.1:31031]' for 'POST' to 'http://localhost:31031/session/46b1e5a027196e51012c27955e9afa46/execute/sync'
2023-04-27 18:48:43 DEBUG NettyRequestSender:251 ? Using open Channel [id: 0x87b595ea, L:/127.0.0.1:50227 - R:localhost/127.0.0.1:31031] for POST '/session/46b1e5a027196e51012c27955e9afa46/execute/sync'
2023-04-27 18:48:43 DEBUG HttpHandler:70 ? 

Request DefaultHttpRequest(decodeResult: success, version: HTTP/1.1)
POST /session/46b1e5a027196e51012c27955e9afa46/execute/sync HTTP/1.1
User-Agent: selenium/4.9.0 (java windows)
Content-Length: 48807
Content-Type: application/json; charset=utf-8
host: localhost:31031
accept: */*

Response DefaultHttpResponse(decodeResult: success, version: HTTP/1.1)
HTTP/1.1 200 OK
Content-Length: 14
Content-Type: application/json; charset=utf-8
cache-control: no-cache

2023-04-27 18:48:43 DEBUG ChannelManager:270 ? Adding key: http://localhost:31031 for channel [id: 0x87b595ea, L:/127.0.0.1:50227 - R:localhost/127.0.0.1:31031]
2023-04-27 18:48:43 DEBUG NettyRequestSender:593 ? Using pooled Channel '[id: 0x87b595ea, L:/127.0.0.1:50227 - R:localhost/127.0.0.1:31031]' for 'POST' to 'http://localhost:31031/session/46b1e5a027196e51012c27955e9afa46/element'
2023-04-27 18:48:43 DEBUG NettyRequestSender:251 ? Using open Channel [id: 0x87b595ea, L:/127.0.0.1:50227 - R:localhost/127.0.0.1:31031] for POST '/session/46b1e5a027196e51012c27955e9afa46/element'
2023-04-27 18:48:43 DEBUG HttpHandler:70 ? 

Request DefaultHttpRequest(decodeResult: success, version: HTTP/1.1)
POST /session/46b1e5a027196e51012c27955e9afa46/element HTTP/1.1
User-Agent: selenium/4.9.0 (java windows)
Content-Length: 60
Content-Type: application/json; charset=utf-8
host: localhost:31031
accept: */*

Response DefaultHttpResponse(decodeResult: success, version: HTTP/1.1)
HTTP/1.1 200 OK
Content-Length: 88
Content-Type: application/json; charset=utf-8
cache-control: no-cache

2023-04-27 18:48:43 DEBUG ChannelManager:270 ? Adding key: http://localhost:31031 for channel [id: 0x87b595ea, L:/127.0.0.1:50227 - R:localhost/127.0.0.1:31031]
2023-04-27 18:48:43 DEBUG NettyRequestSender:593 ? Using pooled Channel '[id: 0x87b595ea, L:/127.0.0.1:50227 - R:localhost/127.0.0.1:31031]' for 'POST' to 'http://localhost:31031/session/46b1e5a027196e51012c27955e9afa46/execute/sync'
2023-04-27 18:48:43 DEBUG NettyRequestSender:251 ? Using open Channel [id: 0x87b595ea, L:/127.0.0.1:50227 - R:localhost/127.0.0.1:31031] for POST '/session/46b1e5a027196e51012c27955e9afa46/execute/sync'
2023-04-27 18:48:43 DEBUG HttpHandler:70 ? 

Request DefaultHttpRequest(decodeResult: success, version: HTTP/1.1)
POST /session/46b1e5a027196e51012c27955e9afa46/execute/sync HTTP/1.1
User-Agent: selenium/4.9.0 (java windows)
Content-Length: 48807
Content-Type: application/json; charset=utf-8
host: localhost:31031
accept: */*

Response DefaultHttpResponse(decodeResult: success, version: HTTP/1.1)
HTTP/1.1 200 OK
Content-Length: 14
Content-Type: application/json; charset=utf-8
cache-control: no-cache

2023-04-27 18:48:43 DEBUG ChannelManager:270 ? Adding key: http://localhost:31031 for channel [id: 0x87b595ea, L:/127.0.0.1:50227 - R:localhost/127.0.0.1:31031]
2023-04-27 18:48:43 DEBUG NettyRequestSender:593 ? Using pooled Channel '[id: 0x87b595ea, L:/127.0.0.1:50227 - R:localhost/127.0.0.1:31031]' for 'POST' to 'http://localhost:31031/session/46b1e5a027196e51012c27955e9afa46/element'
2023-04-27 18:48:43 DEBUG NettyRequestSender:251 ? Using open Channel [id: 0x87b595ea, L:/127.0.0.1:50227 - R:localhost/127.0.0.1:31031] for POST '/session/46b1e5a027196e51012c27955e9afa46/element'
2023-04-27 18:48:43 DEBUG HttpHandler:70 ? 

Request DefaultHttpRequest(decodeResult: success, version: HTTP/1.1)
POST /session/46b1e5a027196e51012c27955e9afa46/element HTTP/1.1
User-Agent: selenium/4.9.0 (java windows)
Content-Length: 53
Content-Type: application/json; charset=utf-8
host: localhost:31031
accept: */*

Response DefaultHttpResponse(decodeResult: success, version: HTTP/1.1)
HTTP/1.1 200 OK
Content-Length: 88
Content-Type: application/json; charset=utf-8
cache-control: no-cache

2023-04-27 18:48:43 DEBUG ChannelManager:270 ? Adding key: http://localhost:31031 for channel [id: 0x87b595ea, L:/127.0.0.1:50227 - R:localhost/127.0.0.1:31031]
2023-04-27 18:48:43 DEBUG NettyRequestSender:593 ? Using pooled Channel '[id: 0x87b595ea, L:/127.0.0.1:50227 - R:localhost/127.0.0.1:31031]' for 'POST' to 'http://localhost:31031/session/46b1e5a027196e51012c27955e9afa46/actions'
2023-04-27 18:48:43 DEBUG NettyRequestSender:251 ? Using open Channel [id: 0x87b595ea, L:/127.0.0.1:50227 - R:localhost/127.0.0.1:31031] for POST '/session/46b1e5a027196e51012c27955e9afa46/actions'
2023-04-27 18:48:43 DEBUG HttpHandler:70 ? 

Request DefaultHttpRequest(decodeResult: success, version: HTTP/1.1)
POST /session/46b1e5a027196e51012c27955e9afa46/actions HTTP/1.1
User-Agent: selenium/4.9.0 (java windows)
Content-Length: 3755
Content-Type: application/json; charset=utf-8
host: localhost:31031
accept: */*

Response DefaultHttpResponse(decodeResult: success, version: HTTP/1.1)
HTTP/1.1 200 OK
Content-Length: 14
Content-Type: application/json; charset=utf-8
cache-control: no-cache

2023-04-27 18:48:43 DEBUG ChannelManager:270 ? Adding key: http://localhost:31031 for channel [id: 0x87b595ea, L:/127.0.0.1:50227 - R:localhost/127.0.0.1:31031]
2023-04-27 18:48:43 DEBUG NettyRequestSender:593 ? Using pooled Channel '[id: 0x87b595ea, L:/127.0.0.1:50227 - R:localhost/127.0.0.1:31031]' for 'POST' to 'http://localhost:31031/session/46b1e5a027196e51012c27955e9afa46/element'
2023-04-27 18:48:43 DEBUG NettyRequestSender:251 ? Using open Channel [id: 0x87b595ea, L:/127.0.0.1:50227 - R:localhost/127.0.0.1:31031] for POST '/session/46b1e5a027196e51012c27955e9afa46/element'
2023-04-27 18:48:43 DEBUG HttpHandler:70 ? 

Request DefaultHttpRequest(decodeResult: success, version: HTTP/1.1)
POST /session/46b1e5a027196e51012c27955e9afa46/element HTTP/1.1
User-Agent: selenium/4.9.0 (java windows)
Content-Length: 54
Content-Type: application/json; charset=utf-8
host: localhost:31031
accept: */*

Response DefaultHttpResponse(decodeResult: success, version: HTTP/1.1)
HTTP/1.1 200 OK
Content-Length: 88
Content-Type: application/json; charset=utf-8
cache-control: no-cache

2023-04-27 18:48:43 DEBUG ChannelManager:270 ? Adding key: http://localhost:31031 for channel [id: 0x87b595ea, L:/127.0.0.1:50227 - R:localhost/127.0.0.1:31031]
2023-04-27 18:48:43 DEBUG NettyRequestSender:593 ? Using pooled Channel '[id: 0x87b595ea, L:/127.0.0.1:50227 - R:localhost/127.0.0.1:31031]' for 'POST' to 'http://localhost:31031/session/46b1e5a027196e51012c27955e9afa46/actions'
2023-04-27 18:48:43 DEBUG NettyRequestSender:251 ? Using open Channel [id: 0x87b595ea, L:/127.0.0.1:50227 - R:localhost/127.0.0.1:31031] for POST '/session/46b1e5a027196e51012c27955e9afa46/actions'
2023-04-27 18:48:43 DEBUG HttpHandler:70 ? 

Request DefaultHttpRequest(decodeResult: success, version: HTTP/1.1)
POST /session/46b1e5a027196e51012c27955e9afa46/actions HTTP/1.1
User-Agent: selenium/4.9.0 (java windows)
Content-Length: 3755
Content-Type: application/json; charset=utf-8
host: localhost:31031
accept: */*

Response DefaultHttpResponse(decodeResult: success, version: HTTP/1.1)
HTTP/1.1 200 OK
Content-Length: 14
Content-Type: application/json; charset=utf-8
cache-control: no-cache

2023-04-27 18:48:43 DEBUG ChannelManager:270 ? Adding key: http://localhost:31031 for channel [id: 0x87b595ea, L:/127.0.0.1:50227 - R:localhost/127.0.0.1:31031]
2023-04-27 18:48:43 DEBUG NettyRequestSender:593 ? Using pooled Channel '[id: 0x87b595ea, L:/127.0.0.1:50227 - R:localhost/127.0.0.1:31031]' for 'POST' to 'http://localhost:31031/session/46b1e5a027196e51012c27955e9afa46/element'
2023-04-27 18:48:43 DEBUG NettyRequestSender:251 ? Using open Channel [id: 0x87b595ea, L:/127.0.0.1:50227 - R:localhost/127.0.0.1:31031] for POST '/session/46b1e5a027196e51012c27955e9afa46/element'
2023-04-27 18:48:43 DEBUG HttpHandler:70 ? 

Request DefaultHttpRequest(decodeResult: success, version: HTTP/1.1)
POST /session/46b1e5a027196e51012c27955e9afa46/element HTTP/1.1
User-Agent: selenium/4.9.0 (java windows)
Content-Length: 53
Content-Type: application/json; charset=utf-8
host: localhost:31031
accept: */*

Response DefaultHttpResponse(decodeResult: success, version: HTTP/1.1)
HTTP/1.1 200 OK
Content-Length: 88
Content-Type: application/json; charset=utf-8
cache-control: no-cache

2023-04-27 18:48:43 DEBUG ChannelManager:270 ? Adding key: http://localhost:31031 for channel [id: 0x87b595ea, L:/127.0.0.1:50227 - R:localhost/127.0.0.1:31031]
2023-04-27 18:48:43 DEBUG NettyRequestSender:593 ? Using pooled Channel '[id: 0x87b595ea, L:/127.0.0.1:50227 - R:localhost/127.0.0.1:31031]' for 'POST' to 'http://localhost:31031/session/46b1e5a027196e51012c27955e9afa46/actions'
2023-04-27 18:48:43 DEBUG NettyRequestSender:251 ? Using open Channel [id: 0x87b595ea, L:/127.0.0.1:50227 - R:localhost/127.0.0.1:31031] for POST '/session/46b1e5a027196e51012c27955e9afa46/actions'
2023-04-27 18:48:44 DEBUG HttpHandler:70 ? 

Request DefaultHttpRequest(decodeResult: success, version: HTTP/1.1)
POST /session/46b1e5a027196e51012c27955e9afa46/actions HTTP/1.1
User-Agent: selenium/4.9.0 (java windows)
Content-Length: 3755
Content-Type: application/json; charset=utf-8
host: localhost:31031
accept: */*

Response DefaultHttpResponse(decodeResult: success, version: HTTP/1.1)
HTTP/1.1 200 OK
Content-Length: 14
Content-Type: application/json; charset=utf-8
cache-control: no-cache

2023-04-27 18:48:44 DEBUG ChannelManager:270 ? Adding key: http://localhost:31031 for channel [id: 0x87b595ea, L:/127.0.0.1:50227 - R:localhost/127.0.0.1:31031]
2023-04-27 18:48:44 DEBUG NettyRequestSender:593 ? Using pooled Channel '[id: 0x87b595ea, L:/127.0.0.1:50227 - R:localhost/127.0.0.1:31031]' for 'POST' to 'http://localhost:31031/session/46b1e5a027196e51012c27955e9afa46/element'
2023-04-27 18:48:44 DEBUG NettyRequestSender:251 ? Using open Channel [id: 0x87b595ea, L:/127.0.0.1:50227 - R:localhost/127.0.0.1:31031] for POST '/session/46b1e5a027196e51012c27955e9afa46/element'
2023-04-27 18:48:44 DEBUG HttpHandler:70 ? 

Request DefaultHttpRequest(decodeResult: success, version: HTTP/1.1)
POST /session/46b1e5a027196e51012c27955e9afa46/element HTTP/1.1
User-Agent: selenium/4.9.0 (java windows)
Content-Length: 53
Content-Type: application/json; charset=utf-8
host: localhost:31031
accept: */*

Response DefaultHttpResponse(decodeResult: success, version: HTTP/1.1)
HTTP/1.1 200 OK
Content-Length: 88
Content-Type: application/json; charset=utf-8
cache-control: no-cache

2023-04-27 18:48:44 DEBUG ChannelManager:270 ? Adding key: http://localhost:31031 for channel [id: 0x87b595ea, L:/127.0.0.1:50227 - R:localhost/127.0.0.1:31031]
2023-04-27 18:48:44 DEBUG NettyRequestSender:593 ? Using pooled Channel '[id: 0x87b595ea, L:/127.0.0.1:50227 - R:localhost/127.0.0.1:31031]' for 'POST' to 'http://localhost:31031/session/46b1e5a027196e51012c27955e9afa46/actions'
2023-04-27 18:48:44 DEBUG NettyRequestSender:251 ? Using open Channel [id: 0x87b595ea, L:/127.0.0.1:50227 - R:localhost/127.0.0.1:31031] for POST '/session/46b1e5a027196e51012c27955e9afa46/actions'
2023-04-27 18:48:44 DEBUG DefaultChannelPool:348 ? Entry count for : http://localhost:50233 : 1
2023-04-27 18:48:44 DEBUG HttpHandler:70 ? 

Request DefaultHttpRequest(decodeResult: success, version: HTTP/1.1)
POST /session/46b1e5a027196e51012c27955e9afa46/actions HTTP/1.1
User-Agent: selenium/4.9.0 (java windows)
Content-Length: 2635
Content-Type: application/json; charset=utf-8
host: localhost:31031
accept: */*

Response DefaultHttpResponse(decodeResult: success, version: HTTP/1.1)
HTTP/1.1 200 OK
Content-Length: 14
Content-Type: application/json; charset=utf-8
cache-control: no-cache

2023-04-27 18:48:44 DEBUG ChannelManager:270 ? Adding key: http://localhost:31031 for channel [id: 0x87b595ea, L:/127.0.0.1:50227 - R:localhost/127.0.0.1:31031]
2023-04-27 18:48:44 DEBUG NettyRequestSender:593 ? Using pooled Channel '[id: 0x87b595ea, L:/127.0.0.1:50227 - R:localhost/127.0.0.1:31031]' for 'POST' to 'http://localhost:31031/session/46b1e5a027196e51012c27955e9afa46/element'
2023-04-27 18:48:44 DEBUG NettyRequestSender:251 ? Using open Channel [id: 0x87b595ea, L:/127.0.0.1:50227 - R:localhost/127.0.0.1:31031] for POST '/session/46b1e5a027196e51012c27955e9afa46/element'
2023-04-27 18:48:44 DEBUG HttpHandler:70 ? 

Request DefaultHttpRequest(decodeResult: success, version: HTTP/1.1)
POST /session/46b1e5a027196e51012c27955e9afa46/element HTTP/1.1
User-Agent: selenium/4.9.0 (java windows)
Content-Length: 60
Content-Type: application/json; charset=utf-8
host: localhost:31031
accept: */*

Response DefaultHttpResponse(decodeResult: success, version: HTTP/1.1)
HTTP/1.1 200 OK
Content-Length: 88
Content-Type: application/json; charset=utf-8
cache-control: no-cache

2023-04-27 18:48:44 DEBUG ChannelManager:270 ? Adding key: http://localhost:31031 for channel [id: 0x87b595ea, L:/127.0.0.1:50227 - R:localhost/127.0.0.1:31031]
2023-04-27 18:48:44 DEBUG NettyRequestSender:593 ? Using pooled Channel '[id: 0x87b595ea, L:/127.0.0.1:50227 - R:localhost/127.0.0.1:31031]' for 'POST' to 'http://localhost:31031/session/46b1e5a027196e51012c27955e9afa46/actions'
2023-04-27 18:48:44 DEBUG NettyRequestSender:251 ? Using open Channel [id: 0x87b595ea, L:/127.0.0.1:50227 - R:localhost/127.0.0.1:31031] for POST '/session/46b1e5a027196e51012c27955e9afa46/actions'
2023-04-27 18:48:44 DEBUG HttpHandler:70 ? 

Request DefaultHttpRequest(decodeResult: success, version: HTTP/1.1)
POST /session/46b1e5a027196e51012c27955e9afa46/actions HTTP/1.1
User-Agent: selenium/4.9.0 (java windows)
Content-Length: 2635
Content-Type: application/json; charset=utf-8
host: localhost:31031
accept: */*

Response DefaultHttpResponse(decodeResult: success, version: HTTP/1.1)
HTTP/1.1 200 OK
Content-Length: 14
Content-Type: application/json; charset=utf-8
cache-control: no-cache

2023-04-27 18:48:44 DEBUG ChannelManager:270 ? Adding key: http://localhost:31031 for channel [id: 0x87b595ea, L:/127.0.0.1:50227 - R:localhost/127.0.0.1:31031]
2023-04-27 18:51:57 DEBUG InternalLoggerFactory:63 ? Using SLF4J as the default logging framework
2023-04-27 18:51:57 DEBUG ResourceLeakDetector:129 ? -Dio.netty.leakDetection.level: simple
2023-04-27 18:51:57 DEBUG ResourceLeakDetector:130 ? -Dio.netty.leakDetection.targetRecords: 4
2023-04-27 18:51:57 DEBUG ResourceLeakDetectorFactory:196 ? Loaded default ResourceLeakDetector: io.netty.util.ResourceLeakDetector@4204541c
2023-04-27 18:51:57 DEBUG PlatformDependent0:496 ? -Dio.netty.noUnsafe: false
2023-04-27 18:51:57 DEBUG PlatformDependent0:1000 ? Java version: 19
2023-04-27 18:51:57 DEBUG PlatformDependent0:137 ? sun.misc.Unsafe.theUnsafe: available
2023-04-27 18:51:57 DEBUG PlatformDependent0:161 ? sun.misc.Unsafe.copyMemory: available
2023-04-27 18:51:57 DEBUG PlatformDependent0:193 ? sun.misc.Unsafe.storeFence: available
2023-04-27 18:51:57 DEBUG PlatformDependent0:236 ? java.nio.Buffer.address: available
2023-04-27 18:51:57 DEBUG PlatformDependent0:320 ? direct buffer constructor: unavailable: Reflective setAccessible(true) disabled
2023-04-27 18:51:57 DEBUG PlatformDependent0:385 ? java.nio.Bits.unaligned: available, true
2023-04-27 18:51:57 DEBUG PlatformDependent0:452 ? jdk.internal.misc.Unsafe.allocateUninitializedArray(int): unavailable: class io.netty.util.internal.PlatformDependent0$7 cannot access class jdk.internal.misc.Unsafe (in module java.base) because module java.base does not export jdk.internal.misc to unnamed module @5679c6c6
2023-04-27 18:51:57 DEBUG PlatformDependent0:482 ? java.nio.DirectByteBuffer.<init>(long, int): unavailable
2023-04-27 18:51:57 DEBUG PlatformDependent:1159 ? sun.misc.Unsafe: available
2023-04-27 18:51:57 DEBUG PlatformDependent:1270 ? maxDirectMemory: 5339348992 bytes (maybe)
2023-04-27 18:51:57 DEBUG PlatformDependent:1289 ? -Dio.netty.tmpdir: C:\Users\rohit\AppData\Local\Temp (java.io.tmpdir)
2023-04-27 18:51:57 DEBUG PlatformDependent:1368 ? -Dio.netty.bitMode: 64 (sun.arch.data.model)
2023-04-27 18:51:57 DEBUG PlatformDependent:1119 ? Platform: Windows
2023-04-27 18:51:57 DEBUG PlatformDependent:178 ? -Dio.netty.maxDirectMemory: -1 bytes
2023-04-27 18:51:57 DEBUG PlatformDependent:185 ? -Dio.netty.uninitializedArrayAllocationThreshold: -1
2023-04-27 18:51:57 DEBUG CleanerJava9:71 ? java.nio.ByteBuffer.cleaner(): available
2023-04-27 18:51:57 DEBUG PlatformDependent:205 ? -Dio.netty.noPreferDirect: false
2023-04-27 18:51:57 DEBUG PlatformDependent:1010 ? org.jctools-core.MpscChunkedArrayQueue: available
2023-04-27 18:51:57 DEBUG InternalThreadLocalMap:100 ? -Dio.netty.threadLocalMap.stringBuilder.initialSize: 1024
2023-04-27 18:51:57 DEBUG InternalThreadLocalMap:101 ? -Dio.netty.threadLocalMap.stringBuilder.maxSize: 4096
2023-04-27 18:51:57 DEBUG JdkSslContext:83 ? Default protocols (JDK): [TLSv1.3, TLSv1.2] 
2023-04-27 18:51:57 DEBUG JdkSslContext:84 ? Default cipher suites (JDK): [TLS_ECDHE_ECDSA_WITH_AES_256_GCM_SHA384, TLS_ECDHE_ECDSA_WITH_AES_128_GCM_SHA256, TLS_ECDHE_RSA_WITH_AES_128_GCM_SHA256, TLS_ECDHE_RSA_WITH_AES_256_GCM_SHA384, TLS_ECDHE_RSA_WITH_AES_128_CBC_SHA, TLS_ECDHE_RSA_WITH_AES_256_CBC_SHA, TLS_RSA_WITH_AES_128_GCM_SHA256, TLS_RSA_WITH_AES_128_CBC_SHA, TLS_RSA_WITH_AES_256_CBC_SHA, TLS_AES_128_GCM_SHA256, TLS_AES_256_GCM_SHA384]
2023-04-27 18:51:57 DEBUG GlobalEventExecutor:53 ? -Dio.netty.globalEventExecutor.quietPeriodSeconds: 1
2023-04-27 18:51:57 DEBUG MultithreadEventLoopGroup:44 ? -Dio.netty.eventLoopThreads: 16
2023-04-27 18:51:57 DEBUG NioEventLoop:110 ? -Dio.netty.noKeySetOptimization: false
2023-04-27 18:51:57 DEBUG NioEventLoop:111 ? -Dio.netty.selectorAutoRebuildThreshold: 512
2023-04-27 18:51:57 DEBUG PooledByteBufAllocator:157 ? -Dio.netty.allocator.numHeapArenas: 16
2023-04-27 18:51:57 DEBUG PooledByteBufAllocator:158 ? -Dio.netty.allocator.numDirectArenas: 16
2023-04-27 18:51:57 DEBUG PooledByteBufAllocator:160 ? -Dio.netty.allocator.pageSize: 8192
2023-04-27 18:51:57 DEBUG PooledByteBufAllocator:165 ? -Dio.netty.allocator.maxOrder: 9
2023-04-27 18:51:57 DEBUG PooledByteBufAllocator:169 ? -Dio.netty.allocator.chunkSize: 4194304
2023-04-27 18:51:57 DEBUG PooledByteBufAllocator:170 ? -Dio.netty.allocator.smallCacheSize: 256
2023-04-27 18:51:57 DEBUG PooledByteBufAllocator:171 ? -Dio.netty.allocator.normalCacheSize: 64
2023-04-27 18:51:57 DEBUG PooledByteBufAllocator:172 ? -Dio.netty.allocator.maxCachedBufferCapacity: 32768
2023-04-27 18:51:57 DEBUG PooledByteBufAllocator:173 ? -Dio.netty.allocator.cacheTrimInterval: 8192
2023-04-27 18:51:57 DEBUG PooledByteBufAllocator:174 ? -Dio.netty.allocator.cacheTrimIntervalMillis: 0
2023-04-27 18:51:57 DEBUG PooledByteBufAllocator:175 ? -Dio.netty.allocator.useCacheForAllThreads: false
2023-04-27 18:51:57 DEBUG PooledByteBufAllocator:176 ? -Dio.netty.allocator.maxCachedByteBuffersPerChunk: 1023
2023-04-27 18:51:57 DEBUG ByteBufUtil:88 ? -Dio.netty.allocator.type: pooled
2023-04-27 18:51:57 DEBUG ByteBufUtil:97 ? -Dio.netty.threadLocalDirectBufferSize: 0
2023-04-27 18:51:57 DEBUG ByteBufUtil:100 ? -Dio.netty.maxThreadLocalCharBufferSize: 16384
2023-04-27 18:51:57 DEBUG DefaultChannelId:79 ? -Dio.netty.processId: 3676 (auto-detected)
2023-04-27 18:51:57 DEBUG NetUtil:148 ? -Djava.net.preferIPv4Stack: false
2023-04-27 18:51:57 DEBUG NetUtil:149 ? -Djava.net.preferIPv6Addresses: false
2023-04-27 18:51:57 DEBUG NetUtilInitializations:145 ? Loopback interface: lo (Software Loopback Interface 1, 127.0.0.1)
2023-04-27 18:51:57 DEBUG NetUtil:206 ? Failed to get SOMAXCONN from sysctl and file \proc\sys\net\core\somaxconn. Default: 200
2023-04-27 18:51:57 DEBUG DefaultChannelId:101 ? -Dio.netty.machineId: 70:c9:4e:ff:fe:a9:98:9d (auto-detected)
2023-04-27 18:51:58 DEBUG AbstractByteBuf:63 ? -Dio.netty.buffer.checkAccessible: true
2023-04-27 18:51:58 DEBUG AbstractByteBuf:64 ? -Dio.netty.buffer.checkBounds: true
2023-04-27 18:51:58 DEBUG ResourceLeakDetectorFactory:196 ? Loaded default ResourceLeakDetector: io.netty.util.ResourceLeakDetector@1712b8c3
2023-04-27 18:51:58 DEBUG NettyConnectListener:73 ? Using new Channel '[id: 0x8da24b38, L:/127.0.0.1:50644 - R:localhost/127.0.0.1:39994]' for 'POST' to '/session'
2023-04-27 18:51:58 DEBUG Recycler:96 ? -Dio.netty.recycler.maxCapacityPerThread: 4096
2023-04-27 18:51:58 DEBUG Recycler:97 ? -Dio.netty.recycler.ratio: 8
2023-04-27 18:51:58 DEBUG Recycler:98 ? -Dio.netty.recycler.chunkSize: 32
2023-04-27 18:51:58 DEBUG Recycler:99 ? -Dio.netty.recycler.blocking: false
2023-04-27 18:51:58 DEBUG Recycler:100 ? -Dio.netty.recycler.batchFastThreadLocalOnly: true
2023-04-27 18:51:59 DEBUG Brotli:38 ? brotli4j not in the classpath; Brotli support will be unavailable.
2023-04-27 18:51:59 DEBUG HttpHandler:70 ? 

Request DefaultHttpRequest(decodeResult: success, version: HTTP/1.1)
POST /session HTTP/1.1
User-Agent: selenium/4.9.0 (java windows)
Content-Length: 254
Content-Type: application/json; charset=utf-8
host: localhost:39994
accept: */*

Response DefaultHttpResponse(decodeResult: success, version: HTTP/1.1)
HTTP/1.1 200 OK
Content-Length: 860
Content-Type: application/json; charset=utf-8
cache-control: no-cache

2023-04-27 18:51:59 DEBUG ChannelManager:270 ? Adding key: http://localhost:39994 for channel [id: 0x8da24b38, L:/127.0.0.1:50644 - R:localhost/127.0.0.1:39994]
2023-04-27 18:51:59 DEBUG NettyConnectListener:73 ? Using new Channel '[id: 0x934399a8, L:/127.0.0.1:50664 - R:localhost/127.0.0.1:50649]' for 'GET' to '/json/version'
2023-04-27 18:51:59 DEBUG HttpHandler:70 ? 

Request DefaultFullHttpRequest(decodeResult: success, version: HTTP/1.1, content: EmptyByteBufBE)
GET /json/version HTTP/1.1
User-Agent: selenium/4.9.0 (java windows)
host: localhost:50649
accept: */*

Response DefaultHttpResponse(decodeResult: success, version: HTTP/1.1)
HTTP/1.1 200 OK
Content-Security-Policy: frame-ancestors 'none'
Content-Length: 424
Content-Type: application/json; charset=UTF-8

2023-04-27 18:51:59 DEBUG ChannelManager:270 ? Adding key: http://localhost:50649 for channel [id: 0x934399a8, L:/127.0.0.1:50664 - R:localhost/127.0.0.1:50649]
2023-04-27 18:51:59 DEBUG ThreadLocalRandom:214 ? -Dio.netty.initialSeedUniquifier: 0x0128599c4cea16ef
2023-04-27 18:51:59 DEBUG NettyConnectListener:73 ? Using new Channel '[id: 0xfe37a8bb, L:/127.0.0.1:50665 - R:localhost/127.0.0.1:50649]' for 'GET' to '/devtools/browser/dcdd4acf-518f-40bd-8edc-825910e1e72b'
2023-04-27 18:51:59 DEBUG WebSocketHandler:105 ? 

Request DefaultFullHttpRequest(decodeResult: success, version: HTTP/1.1, content: EmptyByteBufBE)
GET /devtools/browser/dcdd4acf-518f-40bd-8edc-825910e1e72b HTTP/1.1
upgrade: websocket
connection: upgrade
sec-websocket-key: ADADpXJyAbAiBiuGKD4OJQ==
sec-websocket-version: 13
origin: http://localhost:50649
host: localhost:50649
accept: */*
user-agent: AHC/2.1

Response DefaultHttpResponse(decodeResult: success, version: HTTP/1.1)
HTTP/1.1 101 WebSocket Protocol Handshake
Upgrade: WebSocket
Connection: Upgrade
Sec-WebSocket-Accept: U4rau3WGvlRBG1Q3lEzgk2aPj58=

2023-04-27 18:51:59 DEBUG DefaultChannelPool:348 ? Entry count for : http://localhost:50649 : 1
2023-04-27 18:51:59 DEBUG DefaultChannelPool:348 ? Entry count for : http://localhost:39994 : 1
2023-04-27 18:51:59 DEBUG NettyRequestSender:593 ? Using pooled Channel '[id: 0x8da24b38, L:/127.0.0.1:50644 - R:localhost/127.0.0.1:39994]' for 'POST' to 'http://localhost:39994/session/3780f9b700c8f22dd8a5adf078dd5370/window/maximize'
2023-04-27 18:51:59 DEBUG NettyRequestSender:251 ? Using open Channel [id: 0x8da24b38, L:/127.0.0.1:50644 - R:localhost/127.0.0.1:39994] for POST '/session/3780f9b700c8f22dd8a5adf078dd5370/window/maximize'
2023-04-27 18:51:59 DEBUG HttpHandler:70 ? 

Request DefaultHttpRequest(decodeResult: success, version: HTTP/1.1)
POST /session/3780f9b700c8f22dd8a5adf078dd5370/window/maximize HTTP/1.1
User-Agent: selenium/4.9.0 (java windows)
Content-Length: 3
Content-Type: application/json; charset=utf-8
host: localhost:39994
accept: */*

Response DefaultHttpResponse(decodeResult: success, version: HTTP/1.1)
HTTP/1.1 200 OK
Content-Length: 52
Content-Type: application/json; charset=utf-8
cache-control: no-cache

2023-04-27 18:51:59 DEBUG ChannelManager:270 ? Adding key: http://localhost:39994 for channel [id: 0x8da24b38, L:/127.0.0.1:50644 - R:localhost/127.0.0.1:39994]
2023-04-27 18:51:59 DEBUG NettyRequestSender:593 ? Using pooled Channel '[id: 0x8da24b38, L:/127.0.0.1:50644 - R:localhost/127.0.0.1:39994]' for 'POST' to 'http://localhost:39994/session/3780f9b700c8f22dd8a5adf078dd5370/timeouts'
2023-04-27 18:51:59 DEBUG NettyRequestSender:251 ? Using open Channel [id: 0x8da24b38, L:/127.0.0.1:50644 - R:localhost/127.0.0.1:39994] for POST '/session/3780f9b700c8f22dd8a5adf078dd5370/timeouts'
2023-04-27 18:51:59 DEBUG HttpHandler:70 ? 

Request DefaultHttpRequest(decodeResult: success, version: HTTP/1.1)
POST /session/3780f9b700c8f22dd8a5adf078dd5370/timeouts HTTP/1.1
User-Agent: selenium/4.9.0 (java windows)
Content-Length: 23
Content-Type: application/json; charset=utf-8
host: localhost:39994
accept: */*

Response DefaultHttpResponse(decodeResult: success, version: HTTP/1.1)
HTTP/1.1 200 OK
Content-Length: 14
Content-Type: application/json; charset=utf-8
cache-control: no-cache

2023-04-27 18:51:59 DEBUG ChannelManager:270 ? Adding key: http://localhost:39994 for channel [id: 0x8da24b38, L:/127.0.0.1:50644 - R:localhost/127.0.0.1:39994]
2023-04-27 18:51:59 DEBUG NettyRequestSender:593 ? Using pooled Channel '[id: 0x8da24b38, L:/127.0.0.1:50644 - R:localhost/127.0.0.1:39994]' for 'POST' to 'http://localhost:39994/session/3780f9b700c8f22dd8a5adf078dd5370/url'
2023-04-27 18:51:59 DEBUG NettyRequestSender:251 ? Using open Channel [id: 0x8da24b38, L:/127.0.0.1:50644 - R:localhost/127.0.0.1:39994] for POST '/session/3780f9b700c8f22dd8a5adf078dd5370/url'
2023-04-27 18:52:00 DEBUG DefaultChannelPool:348 ? Entry count for : http://localhost:50649 : 1
2023-04-27 18:52:00 DEBUG HttpHandler:70 ? 

Request DefaultHttpRequest(decodeResult: success, version: HTTP/1.1)
POST /session/3780f9b700c8f22dd8a5adf078dd5370/url HTTP/1.1
User-Agent: selenium/4.9.0 (java windows)
Content-Length: 67
Content-Type: application/json; charset=utf-8
host: localhost:39994
accept: */*

Response DefaultHttpResponse(decodeResult: success, version: HTTP/1.1)
HTTP/1.1 200 OK
Content-Length: 14
Content-Type: application/json; charset=utf-8
cache-control: no-cache

2023-04-27 18:52:00 DEBUG ChannelManager:270 ? Adding key: http://localhost:39994 for channel [id: 0x8da24b38, L:/127.0.0.1:50644 - R:localhost/127.0.0.1:39994]
2023-04-27 18:52:00 DEBUG NettyRequestSender:593 ? Using pooled Channel '[id: 0x8da24b38, L:/127.0.0.1:50644 - R:localhost/127.0.0.1:39994]' for 'POST' to 'http://localhost:39994/session/3780f9b700c8f22dd8a5adf078dd5370/element'
2023-04-27 18:52:00 DEBUG NettyRequestSender:251 ? Using open Channel [id: 0x8da24b38, L:/127.0.0.1:50644 - R:localhost/127.0.0.1:39994] for POST '/session/3780f9b700c8f22dd8a5adf078dd5370/element'
2023-04-27 18:52:00 DEBUG HttpHandler:70 ? 

Request DefaultHttpRequest(decodeResult: success, version: HTTP/1.1)
POST /session/3780f9b700c8f22dd8a5adf078dd5370/element HTTP/1.1
User-Agent: selenium/4.9.0 (java windows)
Content-Length: 53
Content-Type: application/json; charset=utf-8
host: localhost:39994
accept: */*

Response DefaultHttpResponse(decodeResult: success, version: HTTP/1.1)
HTTP/1.1 200 OK
Content-Length: 88
Content-Type: application/json; charset=utf-8
cache-control: no-cache

2023-04-27 18:52:00 DEBUG ChannelManager:270 ? Adding key: http://localhost:39994 for channel [id: 0x8da24b38, L:/127.0.0.1:50644 - R:localhost/127.0.0.1:39994]
2023-04-27 18:52:00 DEBUG NettyRequestSender:593 ? Using pooled Channel '[id: 0x8da24b38, L:/127.0.0.1:50644 - R:localhost/127.0.0.1:39994]' for 'POST' to 'http://localhost:39994/session/3780f9b700c8f22dd8a5adf078dd5370/execute/sync'
2023-04-27 18:52:00 DEBUG NettyRequestSender:251 ? Using open Channel [id: 0x8da24b38, L:/127.0.0.1:50644 - R:localhost/127.0.0.1:39994] for POST '/session/3780f9b700c8f22dd8a5adf078dd5370/execute/sync'
2023-04-27 18:52:00 DEBUG HttpHandler:70 ? 

Request DefaultHttpRequest(decodeResult: success, version: HTTP/1.1)
POST /session/3780f9b700c8f22dd8a5adf078dd5370/execute/sync HTTP/1.1
User-Agent: selenium/4.9.0 (java windows)
Content-Length: 48807
Content-Type: application/json; charset=utf-8
host: localhost:39994
accept: */*

Response DefaultHttpResponse(decodeResult: success, version: HTTP/1.1)
HTTP/1.1 200 OK
Content-Length: 14
Content-Type: application/json; charset=utf-8
cache-control: no-cache

2023-04-27 18:52:00 DEBUG ChannelManager:270 ? Adding key: http://localhost:39994 for channel [id: 0x8da24b38, L:/127.0.0.1:50644 - R:localhost/127.0.0.1:39994]
2023-04-27 18:52:00 DEBUG NettyRequestSender:593 ? Using pooled Channel '[id: 0x8da24b38, L:/127.0.0.1:50644 - R:localhost/127.0.0.1:39994]' for 'POST' to 'http://localhost:39994/session/3780f9b700c8f22dd8a5adf078dd5370/element'
2023-04-27 18:52:00 DEBUG NettyRequestSender:251 ? Using open Channel [id: 0x8da24b38, L:/127.0.0.1:50644 - R:localhost/127.0.0.1:39994] for POST '/session/3780f9b700c8f22dd8a5adf078dd5370/element'
2023-04-27 18:52:00 DEBUG HttpHandler:70 ? 

Request DefaultHttpRequest(decodeResult: success, version: HTTP/1.1)
POST /session/3780f9b700c8f22dd8a5adf078dd5370/element HTTP/1.1
User-Agent: selenium/4.9.0 (java windows)
Content-Length: 54
Content-Type: application/json; charset=utf-8
host: localhost:39994
accept: */*

Response DefaultHttpResponse(decodeResult: success, version: HTTP/1.1)
HTTP/1.1 200 OK
Content-Length: 88
Content-Type: application/json; charset=utf-8
cache-control: no-cache

2023-04-27 18:52:00 DEBUG ChannelManager:270 ? Adding key: http://localhost:39994 for channel [id: 0x8da24b38, L:/127.0.0.1:50644 - R:localhost/127.0.0.1:39994]
2023-04-27 18:52:00 DEBUG NettyRequestSender:593 ? Using pooled Channel '[id: 0x8da24b38, L:/127.0.0.1:50644 - R:localhost/127.0.0.1:39994]' for 'POST' to 'http://localhost:39994/session/3780f9b700c8f22dd8a5adf078dd5370/execute/sync'
2023-04-27 18:52:00 DEBUG NettyRequestSender:251 ? Using open Channel [id: 0x8da24b38, L:/127.0.0.1:50644 - R:localhost/127.0.0.1:39994] for POST '/session/3780f9b700c8f22dd8a5adf078dd5370/execute/sync'
2023-04-27 18:52:01 DEBUG HttpHandler:70 ? 

Request DefaultHttpRequest(decodeResult: success, version: HTTP/1.1)
POST /session/3780f9b700c8f22dd8a5adf078dd5370/execute/sync HTTP/1.1
User-Agent: selenium/4.9.0 (java windows)
Content-Length: 48807
Content-Type: application/json; charset=utf-8
host: localhost:39994
accept: */*

Response DefaultHttpResponse(decodeResult: success, version: HTTP/1.1)
HTTP/1.1 200 OK
Content-Length: 14
Content-Type: application/json; charset=utf-8
cache-control: no-cache

2023-04-27 18:52:01 DEBUG ChannelManager:270 ? Adding key: http://localhost:39994 for channel [id: 0x8da24b38, L:/127.0.0.1:50644 - R:localhost/127.0.0.1:39994]
2023-04-27 18:52:01 DEBUG NettyRequestSender:593 ? Using pooled Channel '[id: 0x8da24b38, L:/127.0.0.1:50644 - R:localhost/127.0.0.1:39994]' for 'POST' to 'http://localhost:39994/session/3780f9b700c8f22dd8a5adf078dd5370/element'
2023-04-27 18:52:01 DEBUG NettyRequestSender:251 ? Using open Channel [id: 0x8da24b38, L:/127.0.0.1:50644 - R:localhost/127.0.0.1:39994] for POST '/session/3780f9b700c8f22dd8a5adf078dd5370/element'
2023-04-27 18:52:01 DEBUG HttpHandler:70 ? 

Request DefaultHttpRequest(decodeResult: success, version: HTTP/1.1)
POST /session/3780f9b700c8f22dd8a5adf078dd5370/element HTTP/1.1
User-Agent: selenium/4.9.0 (java windows)
Content-Length: 53
Content-Type: application/json; charset=utf-8
host: localhost:39994
accept: */*

Response DefaultHttpResponse(decodeResult: success, version: HTTP/1.1)
HTTP/1.1 200 OK
Content-Length: 88
Content-Type: application/json; charset=utf-8
cache-control: no-cache

2023-04-27 18:52:01 DEBUG ChannelManager:270 ? Adding key: http://localhost:39994 for channel [id: 0x8da24b38, L:/127.0.0.1:50644 - R:localhost/127.0.0.1:39994]
2023-04-27 18:52:01 DEBUG NettyRequestSender:593 ? Using pooled Channel '[id: 0x8da24b38, L:/127.0.0.1:50644 - R:localhost/127.0.0.1:39994]' for 'POST' to 'http://localhost:39994/session/3780f9b700c8f22dd8a5adf078dd5370/execute/sync'
2023-04-27 18:52:01 DEBUG NettyRequestSender:251 ? Using open Channel [id: 0x8da24b38, L:/127.0.0.1:50644 - R:localhost/127.0.0.1:39994] for POST '/session/3780f9b700c8f22dd8a5adf078dd5370/execute/sync'
2023-04-27 18:52:01 DEBUG HttpHandler:70 ? 

Request DefaultHttpRequest(decodeResult: success, version: HTTP/1.1)
POST /session/3780f9b700c8f22dd8a5adf078dd5370/execute/sync HTTP/1.1
User-Agent: selenium/4.9.0 (java windows)
Content-Length: 48807
Content-Type: application/json; charset=utf-8
host: localhost:39994
accept: */*

Response DefaultHttpResponse(decodeResult: success, version: HTTP/1.1)
HTTP/1.1 200 OK
Content-Length: 14
Content-Type: application/json; charset=utf-8
cache-control: no-cache

2023-04-27 18:52:01 DEBUG ChannelManager:270 ? Adding key: http://localhost:39994 for channel [id: 0x8da24b38, L:/127.0.0.1:50644 - R:localhost/127.0.0.1:39994]
2023-04-27 18:52:01 DEBUG NettyRequestSender:593 ? Using pooled Channel '[id: 0x8da24b38, L:/127.0.0.1:50644 - R:localhost/127.0.0.1:39994]' for 'POST' to 'http://localhost:39994/session/3780f9b700c8f22dd8a5adf078dd5370/element'
2023-04-27 18:52:01 DEBUG NettyRequestSender:251 ? Using open Channel [id: 0x8da24b38, L:/127.0.0.1:50644 - R:localhost/127.0.0.1:39994] for POST '/session/3780f9b700c8f22dd8a5adf078dd5370/element'
2023-04-27 18:52:01 DEBUG HttpHandler:70 ? 

Request DefaultHttpRequest(decodeResult: success, version: HTTP/1.1)
POST /session/3780f9b700c8f22dd8a5adf078dd5370/element HTTP/1.1
User-Agent: selenium/4.9.0 (java windows)
Content-Length: 53
Content-Type: application/json; charset=utf-8
host: localhost:39994
accept: */*

Response DefaultHttpResponse(decodeResult: success, version: HTTP/1.1)
HTTP/1.1 200 OK
Content-Length: 88
Content-Type: application/json; charset=utf-8
cache-control: no-cache

2023-04-27 18:52:01 DEBUG ChannelManager:270 ? Adding key: http://localhost:39994 for channel [id: 0x8da24b38, L:/127.0.0.1:50644 - R:localhost/127.0.0.1:39994]
2023-04-27 18:52:01 DEBUG NettyRequestSender:593 ? Using pooled Channel '[id: 0x8da24b38, L:/127.0.0.1:50644 - R:localhost/127.0.0.1:39994]' for 'POST' to 'http://localhost:39994/session/3780f9b700c8f22dd8a5adf078dd5370/execute/sync'
2023-04-27 18:52:01 DEBUG NettyRequestSender:251 ? Using open Channel [id: 0x8da24b38, L:/127.0.0.1:50644 - R:localhost/127.0.0.1:39994] for POST '/session/3780f9b700c8f22dd8a5adf078dd5370/execute/sync'
2023-04-27 18:52:01 DEBUG HttpHandler:70 ? 

Request DefaultHttpRequest(decodeResult: success, version: HTTP/1.1)
POST /session/3780f9b700c8f22dd8a5adf078dd5370/execute/sync HTTP/1.1
User-Agent: selenium/4.9.0 (java windows)
Content-Length: 48807
Content-Type: application/json; charset=utf-8
host: localhost:39994
accept: */*

Response DefaultHttpResponse(decodeResult: success, version: HTTP/1.1)
HTTP/1.1 200 OK
Content-Length: 14
Content-Type: application/json; charset=utf-8
cache-control: no-cache

2023-04-27 18:52:01 DEBUG ChannelManager:270 ? Adding key: http://localhost:39994 for channel [id: 0x8da24b38, L:/127.0.0.1:50644 - R:localhost/127.0.0.1:39994]
2023-04-27 18:52:01 DEBUG NettyRequestSender:593 ? Using pooled Channel '[id: 0x8da24b38, L:/127.0.0.1:50644 - R:localhost/127.0.0.1:39994]' for 'POST' to 'http://localhost:39994/session/3780f9b700c8f22dd8a5adf078dd5370/element'
2023-04-27 18:52:01 DEBUG NettyRequestSender:251 ? Using open Channel [id: 0x8da24b38, L:/127.0.0.1:50644 - R:localhost/127.0.0.1:39994] for POST '/session/3780f9b700c8f22dd8a5adf078dd5370/element'
2023-04-27 18:52:01 DEBUG HttpHandler:70 ? 

Request DefaultHttpRequest(decodeResult: success, version: HTTP/1.1)
POST /session/3780f9b700c8f22dd8a5adf078dd5370/element HTTP/1.1
User-Agent: selenium/4.9.0 (java windows)
Content-Length: 60
Content-Type: application/json; charset=utf-8
host: localhost:39994
accept: */*

Response DefaultHttpResponse(decodeResult: success, version: HTTP/1.1)
HTTP/1.1 200 OK
Content-Length: 88
Content-Type: application/json; charset=utf-8
cache-control: no-cache

2023-04-27 18:52:01 DEBUG ChannelManager:270 ? Adding key: http://localhost:39994 for channel [id: 0x8da24b38, L:/127.0.0.1:50644 - R:localhost/127.0.0.1:39994]
2023-04-27 18:52:01 DEBUG NettyRequestSender:593 ? Using pooled Channel '[id: 0x8da24b38, L:/127.0.0.1:50644 - R:localhost/127.0.0.1:39994]' for 'POST' to 'http://localhost:39994/session/3780f9b700c8f22dd8a5adf078dd5370/execute/sync'
2023-04-27 18:52:01 DEBUG NettyRequestSender:251 ? Using open Channel [id: 0x8da24b38, L:/127.0.0.1:50644 - R:localhost/127.0.0.1:39994] for POST '/session/3780f9b700c8f22dd8a5adf078dd5370/execute/sync'
2023-04-27 18:52:01 DEBUG HttpHandler:70 ? 

Request DefaultHttpRequest(decodeResult: success, version: HTTP/1.1)
POST /session/3780f9b700c8f22dd8a5adf078dd5370/execute/sync HTTP/1.1
User-Agent: selenium/4.9.0 (java windows)
Content-Length: 48807
Content-Type: application/json; charset=utf-8
host: localhost:39994
accept: */*

Response DefaultHttpResponse(decodeResult: success, version: HTTP/1.1)
HTTP/1.1 200 OK
Content-Length: 14
Content-Type: application/json; charset=utf-8
cache-control: no-cache

2023-04-27 18:52:01 DEBUG ChannelManager:270 ? Adding key: http://localhost:39994 for channel [id: 0x8da24b38, L:/127.0.0.1:50644 - R:localhost/127.0.0.1:39994]
2023-04-27 18:52:01 DEBUG NettyRequestSender:593 ? Using pooled Channel '[id: 0x8da24b38, L:/127.0.0.1:50644 - R:localhost/127.0.0.1:39994]' for 'POST' to 'http://localhost:39994/session/3780f9b700c8f22dd8a5adf078dd5370/element'
2023-04-27 18:52:01 DEBUG NettyRequestSender:251 ? Using open Channel [id: 0x8da24b38, L:/127.0.0.1:50644 - R:localhost/127.0.0.1:39994] for POST '/session/3780f9b700c8f22dd8a5adf078dd5370/element'
2023-04-27 18:52:01 DEBUG HttpHandler:70 ? 

Request DefaultHttpRequest(decodeResult: success, version: HTTP/1.1)
POST /session/3780f9b700c8f22dd8a5adf078dd5370/element HTTP/1.1
User-Agent: selenium/4.9.0 (java windows)
Content-Length: 53
Content-Type: application/json; charset=utf-8
host: localhost:39994
accept: */*

Response DefaultHttpResponse(decodeResult: success, version: HTTP/1.1)
HTTP/1.1 200 OK
Content-Length: 88
Content-Type: application/json; charset=utf-8
cache-control: no-cache

2023-04-27 18:52:01 DEBUG ChannelManager:270 ? Adding key: http://localhost:39994 for channel [id: 0x8da24b38, L:/127.0.0.1:50644 - R:localhost/127.0.0.1:39994]
2023-04-27 18:52:01 DEBUG NettyRequestSender:593 ? Using pooled Channel '[id: 0x8da24b38, L:/127.0.0.1:50644 - R:localhost/127.0.0.1:39994]' for 'POST' to 'http://localhost:39994/session/3780f9b700c8f22dd8a5adf078dd5370/actions'
2023-04-27 18:52:01 DEBUG NettyRequestSender:251 ? Using open Channel [id: 0x8da24b38, L:/127.0.0.1:50644 - R:localhost/127.0.0.1:39994] for POST '/session/3780f9b700c8f22dd8a5adf078dd5370/actions'
2023-04-27 18:52:01 DEBUG HttpHandler:70 ? 

Request DefaultHttpRequest(decodeResult: success, version: HTTP/1.1)
POST /session/3780f9b700c8f22dd8a5adf078dd5370/actions HTTP/1.1
User-Agent: selenium/4.9.0 (java windows)
Content-Length: 3755
Content-Type: application/json; charset=utf-8
host: localhost:39994
accept: */*

Response DefaultHttpResponse(decodeResult: success, version: HTTP/1.1)
HTTP/1.1 200 OK
Content-Length: 14
Content-Type: application/json; charset=utf-8
cache-control: no-cache

2023-04-27 18:52:01 DEBUG ChannelManager:270 ? Adding key: http://localhost:39994 for channel [id: 0x8da24b38, L:/127.0.0.1:50644 - R:localhost/127.0.0.1:39994]
2023-04-27 18:52:01 DEBUG NettyRequestSender:593 ? Using pooled Channel '[id: 0x8da24b38, L:/127.0.0.1:50644 - R:localhost/127.0.0.1:39994]' for 'POST' to 'http://localhost:39994/session/3780f9b700c8f22dd8a5adf078dd5370/element'
2023-04-27 18:52:01 DEBUG NettyRequestSender:251 ? Using open Channel [id: 0x8da24b38, L:/127.0.0.1:50644 - R:localhost/127.0.0.1:39994] for POST '/session/3780f9b700c8f22dd8a5adf078dd5370/element'
2023-04-27 18:52:01 DEBUG HttpHandler:70 ? 

Request DefaultHttpRequest(decodeResult: success, version: HTTP/1.1)
POST /session/3780f9b700c8f22dd8a5adf078dd5370/element HTTP/1.1
User-Agent: selenium/4.9.0 (java windows)
Content-Length: 54
Content-Type: application/json; charset=utf-8
host: localhost:39994
accept: */*

Response DefaultHttpResponse(decodeResult: success, version: HTTP/1.1)
HTTP/1.1 200 OK
Content-Length: 88
Content-Type: application/json; charset=utf-8
cache-control: no-cache

2023-04-27 18:52:01 DEBUG ChannelManager:270 ? Adding key: http://localhost:39994 for channel [id: 0x8da24b38, L:/127.0.0.1:50644 - R:localhost/127.0.0.1:39994]
2023-04-27 18:52:01 DEBUG NettyRequestSender:593 ? Using pooled Channel '[id: 0x8da24b38, L:/127.0.0.1:50644 - R:localhost/127.0.0.1:39994]' for 'POST' to 'http://localhost:39994/session/3780f9b700c8f22dd8a5adf078dd5370/actions'
2023-04-27 18:52:01 DEBUG NettyRequestSender:251 ? Using open Channel [id: 0x8da24b38, L:/127.0.0.1:50644 - R:localhost/127.0.0.1:39994] for POST '/session/3780f9b700c8f22dd8a5adf078dd5370/actions'
2023-04-27 18:52:01 DEBUG HttpHandler:70 ? 

Request DefaultHttpRequest(decodeResult: success, version: HTTP/1.1)
POST /session/3780f9b700c8f22dd8a5adf078dd5370/actions HTTP/1.1
User-Agent: selenium/4.9.0 (java windows)
Content-Length: 3755
Content-Type: application/json; charset=utf-8
host: localhost:39994
accept: */*

Response DefaultHttpResponse(decodeResult: success, version: HTTP/1.1)
HTTP/1.1 200 OK
Content-Length: 14
Content-Type: application/json; charset=utf-8
cache-control: no-cache

2023-04-27 18:52:01 DEBUG ChannelManager:270 ? Adding key: http://localhost:39994 for channel [id: 0x8da24b38, L:/127.0.0.1:50644 - R:localhost/127.0.0.1:39994]
2023-04-27 18:52:01 DEBUG NettyRequestSender:593 ? Using pooled Channel '[id: 0x8da24b38, L:/127.0.0.1:50644 - R:localhost/127.0.0.1:39994]' for 'POST' to 'http://localhost:39994/session/3780f9b700c8f22dd8a5adf078dd5370/element'
2023-04-27 18:52:01 DEBUG NettyRequestSender:251 ? Using open Channel [id: 0x8da24b38, L:/127.0.0.1:50644 - R:localhost/127.0.0.1:39994] for POST '/session/3780f9b700c8f22dd8a5adf078dd5370/element'
2023-04-27 18:52:01 DEBUG HttpHandler:70 ? 

Request DefaultHttpRequest(decodeResult: success, version: HTTP/1.1)
POST /session/3780f9b700c8f22dd8a5adf078dd5370/element HTTP/1.1
User-Agent: selenium/4.9.0 (java windows)
Content-Length: 53
Content-Type: application/json; charset=utf-8
host: localhost:39994
accept: */*

Response DefaultHttpResponse(decodeResult: success, version: HTTP/1.1)
HTTP/1.1 200 OK
Content-Length: 88
Content-Type: application/json; charset=utf-8
cache-control: no-cache

2023-04-27 18:52:01 DEBUG ChannelManager:270 ? Adding key: http://localhost:39994 for channel [id: 0x8da24b38, L:/127.0.0.1:50644 - R:localhost/127.0.0.1:39994]
2023-04-27 18:52:01 DEBUG NettyRequestSender:593 ? Using pooled Channel '[id: 0x8da24b38, L:/127.0.0.1:50644 - R:localhost/127.0.0.1:39994]' for 'POST' to 'http://localhost:39994/session/3780f9b700c8f22dd8a5adf078dd5370/actions'
2023-04-27 18:52:01 DEBUG NettyRequestSender:251 ? Using open Channel [id: 0x8da24b38, L:/127.0.0.1:50644 - R:localhost/127.0.0.1:39994] for POST '/session/3780f9b700c8f22dd8a5adf078dd5370/actions'
2023-04-27 18:52:01 DEBUG DefaultChannelPool:348 ? Entry count for : http://localhost:50649 : 1
2023-04-27 18:52:01 DEBUG HttpHandler:70 ? 

Request DefaultHttpRequest(decodeResult: success, version: HTTP/1.1)
POST /session/3780f9b700c8f22dd8a5adf078dd5370/actions HTTP/1.1
User-Agent: selenium/4.9.0 (java windows)
Content-Length: 3755
Content-Type: application/json; charset=utf-8
host: localhost:39994
accept: */*

Response DefaultHttpResponse(decodeResult: success, version: HTTP/1.1)
HTTP/1.1 200 OK
Content-Length: 14
Content-Type: application/json; charset=utf-8
cache-control: no-cache

2023-04-27 18:52:01 DEBUG ChannelManager:270 ? Adding key: http://localhost:39994 for channel [id: 0x8da24b38, L:/127.0.0.1:50644 - R:localhost/127.0.0.1:39994]
2023-04-27 18:52:01 DEBUG NettyRequestSender:593 ? Using pooled Channel '[id: 0x8da24b38, L:/127.0.0.1:50644 - R:localhost/127.0.0.1:39994]' for 'POST' to 'http://localhost:39994/session/3780f9b700c8f22dd8a5adf078dd5370/element'
2023-04-27 18:52:01 DEBUG NettyRequestSender:251 ? Using open Channel [id: 0x8da24b38, L:/127.0.0.1:50644 - R:localhost/127.0.0.1:39994] for POST '/session/3780f9b700c8f22dd8a5adf078dd5370/element'
2023-04-27 18:52:01 DEBUG HttpHandler:70 ? 

Request DefaultHttpRequest(decodeResult: success, version: HTTP/1.1)
POST /session/3780f9b700c8f22dd8a5adf078dd5370/element HTTP/1.1
User-Agent: selenium/4.9.0 (java windows)
Content-Length: 53
Content-Type: application/json; charset=utf-8
host: localhost:39994
accept: */*

Response DefaultHttpResponse(decodeResult: success, version: HTTP/1.1)
HTTP/1.1 200 OK
Content-Length: 88
Content-Type: application/json; charset=utf-8
cache-control: no-cache

2023-04-27 18:52:01 DEBUG ChannelManager:270 ? Adding key: http://localhost:39994 for channel [id: 0x8da24b38, L:/127.0.0.1:50644 - R:localhost/127.0.0.1:39994]
2023-04-27 18:52:01 DEBUG NettyRequestSender:593 ? Using pooled Channel '[id: 0x8da24b38, L:/127.0.0.1:50644 - R:localhost/127.0.0.1:39994]' for 'POST' to 'http://localhost:39994/session/3780f9b700c8f22dd8a5adf078dd5370/actions'
2023-04-27 18:52:01 DEBUG NettyRequestSender:251 ? Using open Channel [id: 0x8da24b38, L:/127.0.0.1:50644 - R:localhost/127.0.0.1:39994] for POST '/session/3780f9b700c8f22dd8a5adf078dd5370/actions'
2023-04-27 18:52:02 DEBUG HttpHandler:70 ? 

Request DefaultHttpRequest(decodeResult: success, version: HTTP/1.1)
POST /session/3780f9b700c8f22dd8a5adf078dd5370/actions HTTP/1.1
User-Agent: selenium/4.9.0 (java windows)
Content-Length: 3755
Content-Type: application/json; charset=utf-8
host: localhost:39994
accept: */*

Response DefaultHttpResponse(decodeResult: success, version: HTTP/1.1)
HTTP/1.1 200 OK
Content-Length: 14
Content-Type: application/json; charset=utf-8
cache-control: no-cache

2023-04-27 18:52:02 DEBUG ChannelManager:270 ? Adding key: http://localhost:39994 for channel [id: 0x8da24b38, L:/127.0.0.1:50644 - R:localhost/127.0.0.1:39994]
2023-04-27 18:52:02 DEBUG NettyRequestSender:593 ? Using pooled Channel '[id: 0x8da24b38, L:/127.0.0.1:50644 - R:localhost/127.0.0.1:39994]' for 'POST' to 'http://localhost:39994/session/3780f9b700c8f22dd8a5adf078dd5370/element'
2023-04-27 18:52:02 DEBUG NettyRequestSender:251 ? Using open Channel [id: 0x8da24b38, L:/127.0.0.1:50644 - R:localhost/127.0.0.1:39994] for POST '/session/3780f9b700c8f22dd8a5adf078dd5370/element'
2023-04-27 18:52:02 DEBUG HttpHandler:70 ? 

Request DefaultHttpRequest(decodeResult: success, version: HTTP/1.1)
POST /session/3780f9b700c8f22dd8a5adf078dd5370/element HTTP/1.1
User-Agent: selenium/4.9.0 (java windows)
Content-Length: 60
Content-Type: application/json; charset=utf-8
host: localhost:39994
accept: */*

Response DefaultHttpResponse(decodeResult: success, version: HTTP/1.1)
HTTP/1.1 200 OK
Content-Length: 88
Content-Type: application/json; charset=utf-8
cache-control: no-cache

2023-04-27 18:52:02 DEBUG ChannelManager:270 ? Adding key: http://localhost:39994 for channel [id: 0x8da24b38, L:/127.0.0.1:50644 - R:localhost/127.0.0.1:39994]
2023-04-27 18:52:02 DEBUG NettyRequestSender:593 ? Using pooled Channel '[id: 0x8da24b38, L:/127.0.0.1:50644 - R:localhost/127.0.0.1:39994]' for 'POST' to 'http://localhost:39994/session/3780f9b700c8f22dd8a5adf078dd5370/actions'
2023-04-27 18:52:02 DEBUG NettyRequestSender:251 ? Using open Channel [id: 0x8da24b38, L:/127.0.0.1:50644 - R:localhost/127.0.0.1:39994] for POST '/session/3780f9b700c8f22dd8a5adf078dd5370/actions'
2023-04-27 18:52:02 DEBUG HttpHandler:70 ? 

Request DefaultHttpRequest(decodeResult: success, version: HTTP/1.1)
POST /session/3780f9b700c8f22dd8a5adf078dd5370/actions HTTP/1.1
User-Agent: selenium/4.9.0 (java windows)
Content-Length: 3755
Content-Type: application/json; charset=utf-8
host: localhost:39994
accept: */*

Response DefaultHttpResponse(decodeResult: success, version: HTTP/1.1)
HTTP/1.1 200 OK
Content-Length: 14
Content-Type: application/json; charset=utf-8
cache-control: no-cache

2023-04-27 18:52:02 DEBUG ChannelManager:270 ? Adding key: http://localhost:39994 for channel [id: 0x8da24b38, L:/127.0.0.1:50644 - R:localhost/127.0.0.1:39994]
2023-04-27 18:52:30 DEBUG InternalLoggerFactory:63 ? Using SLF4J as the default logging framework
2023-04-27 18:52:30 DEBUG ResourceLeakDetector:129 ? -Dio.netty.leakDetection.level: simple
2023-04-27 18:52:30 DEBUG ResourceLeakDetector:130 ? -Dio.netty.leakDetection.targetRecords: 4
2023-04-27 18:52:30 DEBUG ResourceLeakDetectorFactory:196 ? Loaded default ResourceLeakDetector: io.netty.util.ResourceLeakDetector@4204541c
2023-04-27 18:52:30 DEBUG PlatformDependent0:496 ? -Dio.netty.noUnsafe: false
2023-04-27 18:52:30 DEBUG PlatformDependent0:1000 ? Java version: 19
2023-04-27 18:52:30 DEBUG PlatformDependent0:137 ? sun.misc.Unsafe.theUnsafe: available
2023-04-27 18:52:30 DEBUG PlatformDependent0:161 ? sun.misc.Unsafe.copyMemory: available
2023-04-27 18:52:30 DEBUG PlatformDependent0:193 ? sun.misc.Unsafe.storeFence: available
2023-04-27 18:52:30 DEBUG PlatformDependent0:236 ? java.nio.Buffer.address: available
2023-04-27 18:52:30 DEBUG PlatformDependent0:320 ? direct buffer constructor: unavailable: Reflective setAccessible(true) disabled
2023-04-27 18:52:30 DEBUG PlatformDependent0:385 ? java.nio.Bits.unaligned: available, true
2023-04-27 18:52:30 DEBUG PlatformDependent0:452 ? jdk.internal.misc.Unsafe.allocateUninitializedArray(int): unavailable: class io.netty.util.internal.PlatformDependent0$7 cannot access class jdk.internal.misc.Unsafe (in module java.base) because module java.base does not export jdk.internal.misc to unnamed module @5679c6c6
2023-04-27 18:52:30 DEBUG PlatformDependent0:482 ? java.nio.DirectByteBuffer.<init>(long, int): unavailable
2023-04-27 18:52:30 DEBUG PlatformDependent:1159 ? sun.misc.Unsafe: available
2023-04-27 18:52:30 DEBUG PlatformDependent:1270 ? maxDirectMemory: 5339348992 bytes (maybe)
2023-04-27 18:52:30 DEBUG PlatformDependent:1289 ? -Dio.netty.tmpdir: C:\Users\rohit\AppData\Local\Temp (java.io.tmpdir)
2023-04-27 18:52:30 DEBUG PlatformDependent:1368 ? -Dio.netty.bitMode: 64 (sun.arch.data.model)
2023-04-27 18:52:30 DEBUG PlatformDependent:1119 ? Platform: Windows
2023-04-27 18:52:30 DEBUG PlatformDependent:178 ? -Dio.netty.maxDirectMemory: -1 bytes
2023-04-27 18:52:30 DEBUG PlatformDependent:185 ? -Dio.netty.uninitializedArrayAllocationThreshold: -1
2023-04-27 18:52:30 DEBUG CleanerJava9:71 ? java.nio.ByteBuffer.cleaner(): available
2023-04-27 18:52:30 DEBUG PlatformDependent:205 ? -Dio.netty.noPreferDirect: false
2023-04-27 18:52:30 DEBUG PlatformDependent:1010 ? org.jctools-core.MpscChunkedArrayQueue: available
2023-04-27 18:52:30 DEBUG InternalThreadLocalMap:100 ? -Dio.netty.threadLocalMap.stringBuilder.initialSize: 1024
2023-04-27 18:52:30 DEBUG InternalThreadLocalMap:101 ? -Dio.netty.threadLocalMap.stringBuilder.maxSize: 4096
2023-04-27 18:52:30 DEBUG JdkSslContext:83 ? Default protocols (JDK): [TLSv1.3, TLSv1.2] 
2023-04-27 18:52:30 DEBUG JdkSslContext:84 ? Default cipher suites (JDK): [TLS_ECDHE_ECDSA_WITH_AES_256_GCM_SHA384, TLS_ECDHE_ECDSA_WITH_AES_128_GCM_SHA256, TLS_ECDHE_RSA_WITH_AES_128_GCM_SHA256, TLS_ECDHE_RSA_WITH_AES_256_GCM_SHA384, TLS_ECDHE_RSA_WITH_AES_128_CBC_SHA, TLS_ECDHE_RSA_WITH_AES_256_CBC_SHA, TLS_RSA_WITH_AES_128_GCM_SHA256, TLS_RSA_WITH_AES_128_CBC_SHA, TLS_RSA_WITH_AES_256_CBC_SHA, TLS_AES_128_GCM_SHA256, TLS_AES_256_GCM_SHA384]
2023-04-27 18:52:30 DEBUG GlobalEventExecutor:53 ? -Dio.netty.globalEventExecutor.quietPeriodSeconds: 1
2023-04-27 18:52:30 DEBUG MultithreadEventLoopGroup:44 ? -Dio.netty.eventLoopThreads: 16
2023-04-27 18:52:30 DEBUG NioEventLoop:110 ? -Dio.netty.noKeySetOptimization: false
2023-04-27 18:52:30 DEBUG NioEventLoop:111 ? -Dio.netty.selectorAutoRebuildThreshold: 512
2023-04-27 18:52:30 DEBUG PooledByteBufAllocator:157 ? -Dio.netty.allocator.numHeapArenas: 16
2023-04-27 18:52:30 DEBUG PooledByteBufAllocator:158 ? -Dio.netty.allocator.numDirectArenas: 16
2023-04-27 18:52:30 DEBUG PooledByteBufAllocator:160 ? -Dio.netty.allocator.pageSize: 8192
2023-04-27 18:52:30 DEBUG PooledByteBufAllocator:165 ? -Dio.netty.allocator.maxOrder: 9
2023-04-27 18:52:30 DEBUG PooledByteBufAllocator:169 ? -Dio.netty.allocator.chunkSize: 4194304
2023-04-27 18:52:30 DEBUG PooledByteBufAllocator:170 ? -Dio.netty.allocator.smallCacheSize: 256
2023-04-27 18:52:30 DEBUG PooledByteBufAllocator:171 ? -Dio.netty.allocator.normalCacheSize: 64
2023-04-27 18:52:30 DEBUG PooledByteBufAllocator:172 ? -Dio.netty.allocator.maxCachedBufferCapacity: 32768
2023-04-27 18:52:30 DEBUG PooledByteBufAllocator:173 ? -Dio.netty.allocator.cacheTrimInterval: 8192
2023-04-27 18:52:30 DEBUG PooledByteBufAllocator:174 ? -Dio.netty.allocator.cacheTrimIntervalMillis: 0
2023-04-27 18:52:30 DEBUG PooledByteBufAllocator:175 ? -Dio.netty.allocator.useCacheForAllThreads: false
2023-04-27 18:52:30 DEBUG PooledByteBufAllocator:176 ? -Dio.netty.allocator.maxCachedByteBuffersPerChunk: 1023
2023-04-27 18:52:30 DEBUG ByteBufUtil:88 ? -Dio.netty.allocator.type: pooled
2023-04-27 18:52:30 DEBUG ByteBufUtil:97 ? -Dio.netty.threadLocalDirectBufferSize: 0
2023-04-27 18:52:30 DEBUG ByteBufUtil:100 ? -Dio.netty.maxThreadLocalCharBufferSize: 16384
2023-04-27 18:52:31 DEBUG DefaultChannelId:79 ? -Dio.netty.processId: 23684 (auto-detected)
2023-04-27 18:52:31 DEBUG NetUtil:148 ? -Djava.net.preferIPv4Stack: false
2023-04-27 18:52:31 DEBUG NetUtil:149 ? -Djava.net.preferIPv6Addresses: false
2023-04-27 18:52:31 DEBUG NetUtilInitializations:145 ? Loopback interface: lo (Software Loopback Interface 1, 127.0.0.1)
2023-04-27 18:52:31 DEBUG NetUtil:206 ? Failed to get SOMAXCONN from sysctl and file \proc\sys\net\core\somaxconn. Default: 200
2023-04-27 18:52:31 DEBUG DefaultChannelId:101 ? -Dio.netty.machineId: 70:c9:4e:ff:fe:a9:98:9d (auto-detected)
2023-04-27 18:52:31 DEBUG AbstractByteBuf:63 ? -Dio.netty.buffer.checkAccessible: true
2023-04-27 18:52:31 DEBUG AbstractByteBuf:64 ? -Dio.netty.buffer.checkBounds: true
2023-04-27 18:52:31 DEBUG ResourceLeakDetectorFactory:196 ? Loaded default ResourceLeakDetector: io.netty.util.ResourceLeakDetector@1712b8c3
2023-04-27 18:52:31 DEBUG NettyConnectListener:73 ? Using new Channel '[id: 0x5342d2af, L:/127.0.0.1:50767 - R:localhost/127.0.0.1:22042]' for 'POST' to '/session'
2023-04-27 18:52:31 DEBUG Recycler:96 ? -Dio.netty.recycler.maxCapacityPerThread: 4096
2023-04-27 18:52:31 DEBUG Recycler:97 ? -Dio.netty.recycler.ratio: 8
2023-04-27 18:52:31 DEBUG Recycler:98 ? -Dio.netty.recycler.chunkSize: 32
2023-04-27 18:52:31 DEBUG Recycler:99 ? -Dio.netty.recycler.blocking: false
2023-04-27 18:52:31 DEBUG Recycler:100 ? -Dio.netty.recycler.batchFastThreadLocalOnly: true
2023-04-27 18:52:33 DEBUG Brotli:38 ? brotli4j not in the classpath; Brotli support will be unavailable.
2023-04-27 18:52:33 DEBUG HttpHandler:70 ? 

Request DefaultHttpRequest(decodeResult: success, version: HTTP/1.1)
POST /session HTTP/1.1
User-Agent: selenium/4.9.0 (java windows)
Content-Length: 254
Content-Type: application/json; charset=utf-8
host: localhost:22042
accept: */*

Response DefaultHttpResponse(decodeResult: success, version: HTTP/1.1)
HTTP/1.1 200 OK
Content-Length: 859
Content-Type: application/json; charset=utf-8
cache-control: no-cache

2023-04-27 18:52:33 DEBUG ChannelManager:270 ? Adding key: http://localhost:22042 for channel [id: 0x5342d2af, L:/127.0.0.1:50767 - R:localhost/127.0.0.1:22042]
2023-04-27 18:52:33 DEBUG NettyConnectListener:73 ? Using new Channel '[id: 0xbb79c9ac, L:/127.0.0.1:50787 - R:localhost/127.0.0.1:50773]' for 'GET' to '/json/version'
2023-04-27 18:52:33 DEBUG HttpHandler:70 ? 

Request DefaultFullHttpRequest(decodeResult: success, version: HTTP/1.1, content: EmptyByteBufBE)
GET /json/version HTTP/1.1
User-Agent: selenium/4.9.0 (java windows)
host: localhost:50773
accept: */*

Response DefaultHttpResponse(decodeResult: success, version: HTTP/1.1)
HTTP/1.1 200 OK
Content-Security-Policy: frame-ancestors 'none'
Content-Length: 424
Content-Type: application/json; charset=UTF-8

2023-04-27 18:52:33 DEBUG ChannelManager:270 ? Adding key: http://localhost:50773 for channel [id: 0xbb79c9ac, L:/127.0.0.1:50787 - R:localhost/127.0.0.1:50773]
2023-04-27 18:52:33 DEBUG ThreadLocalRandom:214 ? -Dio.netty.initialSeedUniquifier: 0xfbd9a13ce1605c7d
2023-04-27 18:52:33 DEBUG NettyConnectListener:73 ? Using new Channel '[id: 0x396d9d66, L:/127.0.0.1:50790 - R:localhost/127.0.0.1:50773]' for 'GET' to '/devtools/browser/79ceac7e-0580-4d62-9e34-e676517a674c'
2023-04-27 18:52:33 DEBUG WebSocketHandler:105 ? 

Request DefaultFullHttpRequest(decodeResult: success, version: HTTP/1.1, content: EmptyByteBufBE)
GET /devtools/browser/79ceac7e-0580-4d62-9e34-e676517a674c HTTP/1.1
upgrade: websocket
connection: upgrade
sec-websocket-key: EPiqfRuLD/I598usx8XBVw==
sec-websocket-version: 13
origin: http://localhost:50773
host: localhost:50773
accept: */*
user-agent: AHC/2.1

Response DefaultHttpResponse(decodeResult: success, version: HTTP/1.1)
HTTP/1.1 101 WebSocket Protocol Handshake
Upgrade: WebSocket
Connection: Upgrade
Sec-WebSocket-Accept: IFJ3uWMxCrNIELED/lTViOKoBf0=

2023-04-27 18:52:33 DEBUG DefaultChannelPool:348 ? Entry count for : http://localhost:22042 : 1
2023-04-27 18:52:33 DEBUG DefaultChannelPool:348 ? Entry count for : http://localhost:50773 : 1
2023-04-27 18:52:33 DEBUG NettyRequestSender:593 ? Using pooled Channel '[id: 0x5342d2af, L:/127.0.0.1:50767 - R:localhost/127.0.0.1:22042]' for 'POST' to 'http://localhost:22042/session/0c6d8965110e3c9970b164c5d065b58c/window/maximize'
2023-04-27 18:52:33 DEBUG NettyRequestSender:251 ? Using open Channel [id: 0x5342d2af, L:/127.0.0.1:50767 - R:localhost/127.0.0.1:22042] for POST '/session/0c6d8965110e3c9970b164c5d065b58c/window/maximize'
2023-04-27 18:52:34 DEBUG HttpHandler:70 ? 

Request DefaultHttpRequest(decodeResult: success, version: HTTP/1.1)
POST /session/0c6d8965110e3c9970b164c5d065b58c/window/maximize HTTP/1.1
User-Agent: selenium/4.9.0 (java windows)
Content-Length: 3
Content-Type: application/json; charset=utf-8
host: localhost:22042
accept: */*

Response DefaultHttpResponse(decodeResult: success, version: HTTP/1.1)
HTTP/1.1 200 OK
Content-Length: 52
Content-Type: application/json; charset=utf-8
cache-control: no-cache

2023-04-27 18:52:34 DEBUG ChannelManager:270 ? Adding key: http://localhost:22042 for channel [id: 0x5342d2af, L:/127.0.0.1:50767 - R:localhost/127.0.0.1:22042]
2023-04-27 18:52:34 DEBUG NettyRequestSender:593 ? Using pooled Channel '[id: 0x5342d2af, L:/127.0.0.1:50767 - R:localhost/127.0.0.1:22042]' for 'POST' to 'http://localhost:22042/session/0c6d8965110e3c9970b164c5d065b58c/timeouts'
2023-04-27 18:52:34 DEBUG NettyRequestSender:251 ? Using open Channel [id: 0x5342d2af, L:/127.0.0.1:50767 - R:localhost/127.0.0.1:22042] for POST '/session/0c6d8965110e3c9970b164c5d065b58c/timeouts'
2023-04-27 18:52:34 DEBUG HttpHandler:70 ? 

Request DefaultHttpRequest(decodeResult: success, version: HTTP/1.1)
POST /session/0c6d8965110e3c9970b164c5d065b58c/timeouts HTTP/1.1
User-Agent: selenium/4.9.0 (java windows)
Content-Length: 23
Content-Type: application/json; charset=utf-8
host: localhost:22042
accept: */*

Response DefaultHttpResponse(decodeResult: success, version: HTTP/1.1)
HTTP/1.1 200 OK
Content-Length: 14
Content-Type: application/json; charset=utf-8
cache-control: no-cache

2023-04-27 18:52:34 DEBUG ChannelManager:270 ? Adding key: http://localhost:22042 for channel [id: 0x5342d2af, L:/127.0.0.1:50767 - R:localhost/127.0.0.1:22042]
2023-04-27 18:52:34 DEBUG NettyRequestSender:593 ? Using pooled Channel '[id: 0x5342d2af, L:/127.0.0.1:50767 - R:localhost/127.0.0.1:22042]' for 'POST' to 'http://localhost:22042/session/0c6d8965110e3c9970b164c5d065b58c/url'
2023-04-27 18:52:34 DEBUG NettyRequestSender:251 ? Using open Channel [id: 0x5342d2af, L:/127.0.0.1:50767 - R:localhost/127.0.0.1:22042] for POST '/session/0c6d8965110e3c9970b164c5d065b58c/url'
2023-04-27 18:52:34 DEBUG DefaultChannelPool:348 ? Entry count for : http://localhost:50773 : 1
2023-04-27 18:52:35 DEBUG HttpHandler:70 ? 

Request DefaultHttpRequest(decodeResult: success, version: HTTP/1.1)
POST /session/0c6d8965110e3c9970b164c5d065b58c/url HTTP/1.1
User-Agent: selenium/4.9.0 (java windows)
Content-Length: 67
Content-Type: application/json; charset=utf-8
host: localhost:22042
accept: */*

Response DefaultHttpResponse(decodeResult: success, version: HTTP/1.1)
HTTP/1.1 200 OK
Content-Length: 14
Content-Type: application/json; charset=utf-8
cache-control: no-cache

2023-04-27 18:52:35 DEBUG ChannelManager:270 ? Adding key: http://localhost:22042 for channel [id: 0x5342d2af, L:/127.0.0.1:50767 - R:localhost/127.0.0.1:22042]
2023-04-27 18:52:35 DEBUG NettyRequestSender:593 ? Using pooled Channel '[id: 0x5342d2af, L:/127.0.0.1:50767 - R:localhost/127.0.0.1:22042]' for 'POST' to 'http://localhost:22042/session/0c6d8965110e3c9970b164c5d065b58c/element'
2023-04-27 18:52:35 DEBUG NettyRequestSender:251 ? Using open Channel [id: 0x5342d2af, L:/127.0.0.1:50767 - R:localhost/127.0.0.1:22042] for POST '/session/0c6d8965110e3c9970b164c5d065b58c/element'
2023-04-27 18:52:35 DEBUG HttpHandler:70 ? 

Request DefaultHttpRequest(decodeResult: success, version: HTTP/1.1)
POST /session/0c6d8965110e3c9970b164c5d065b58c/element HTTP/1.1
User-Agent: selenium/4.9.0 (java windows)
Content-Length: 53
Content-Type: application/json; charset=utf-8
host: localhost:22042
accept: */*

Response DefaultHttpResponse(decodeResult: success, version: HTTP/1.1)
HTTP/1.1 200 OK
Content-Length: 88
Content-Type: application/json; charset=utf-8
cache-control: no-cache

2023-04-27 18:52:35 DEBUG ChannelManager:270 ? Adding key: http://localhost:22042 for channel [id: 0x5342d2af, L:/127.0.0.1:50767 - R:localhost/127.0.0.1:22042]
2023-04-27 18:52:35 DEBUG NettyRequestSender:593 ? Using pooled Channel '[id: 0x5342d2af, L:/127.0.0.1:50767 - R:localhost/127.0.0.1:22042]' for 'POST' to 'http://localhost:22042/session/0c6d8965110e3c9970b164c5d065b58c/execute/sync'
2023-04-27 18:52:35 DEBUG NettyRequestSender:251 ? Using open Channel [id: 0x5342d2af, L:/127.0.0.1:50767 - R:localhost/127.0.0.1:22042] for POST '/session/0c6d8965110e3c9970b164c5d065b58c/execute/sync'
2023-04-27 18:52:35 DEBUG HttpHandler:70 ? 

Request DefaultHttpRequest(decodeResult: success, version: HTTP/1.1)
POST /session/0c6d8965110e3c9970b164c5d065b58c/execute/sync HTTP/1.1
User-Agent: selenium/4.9.0 (java windows)
Content-Length: 48807
Content-Type: application/json; charset=utf-8
host: localhost:22042
accept: */*

Response DefaultHttpResponse(decodeResult: success, version: HTTP/1.1)
HTTP/1.1 200 OK
Content-Length: 14
Content-Type: application/json; charset=utf-8
cache-control: no-cache

2023-04-27 18:52:35 DEBUG ChannelManager:270 ? Adding key: http://localhost:22042 for channel [id: 0x5342d2af, L:/127.0.0.1:50767 - R:localhost/127.0.0.1:22042]
2023-04-27 18:52:35 DEBUG NettyRequestSender:593 ? Using pooled Channel '[id: 0x5342d2af, L:/127.0.0.1:50767 - R:localhost/127.0.0.1:22042]' for 'POST' to 'http://localhost:22042/session/0c6d8965110e3c9970b164c5d065b58c/element'
2023-04-27 18:52:35 DEBUG NettyRequestSender:251 ? Using open Channel [id: 0x5342d2af, L:/127.0.0.1:50767 - R:localhost/127.0.0.1:22042] for POST '/session/0c6d8965110e3c9970b164c5d065b58c/element'
2023-04-27 18:52:35 DEBUG HttpHandler:70 ? 

Request DefaultHttpRequest(decodeResult: success, version: HTTP/1.1)
POST /session/0c6d8965110e3c9970b164c5d065b58c/element HTTP/1.1
User-Agent: selenium/4.9.0 (java windows)
Content-Length: 54
Content-Type: application/json; charset=utf-8
host: localhost:22042
accept: */*

Response DefaultHttpResponse(decodeResult: success, version: HTTP/1.1)
HTTP/1.1 200 OK
Content-Length: 88
Content-Type: application/json; charset=utf-8
cache-control: no-cache

2023-04-27 18:52:35 DEBUG ChannelManager:270 ? Adding key: http://localhost:22042 for channel [id: 0x5342d2af, L:/127.0.0.1:50767 - R:localhost/127.0.0.1:22042]
2023-04-27 18:52:35 DEBUG NettyRequestSender:593 ? Using pooled Channel '[id: 0x5342d2af, L:/127.0.0.1:50767 - R:localhost/127.0.0.1:22042]' for 'POST' to 'http://localhost:22042/session/0c6d8965110e3c9970b164c5d065b58c/execute/sync'
2023-04-27 18:52:35 DEBUG NettyRequestSender:251 ? Using open Channel [id: 0x5342d2af, L:/127.0.0.1:50767 - R:localhost/127.0.0.1:22042] for POST '/session/0c6d8965110e3c9970b164c5d065b58c/execute/sync'
2023-04-27 18:52:35 DEBUG HttpHandler:70 ? 

Request DefaultHttpRequest(decodeResult: success, version: HTTP/1.1)
POST /session/0c6d8965110e3c9970b164c5d065b58c/execute/sync HTTP/1.1
User-Agent: selenium/4.9.0 (java windows)
Content-Length: 48807
Content-Type: application/json; charset=utf-8
host: localhost:22042
accept: */*

Response DefaultHttpResponse(decodeResult: success, version: HTTP/1.1)
HTTP/1.1 200 OK
Content-Length: 14
Content-Type: application/json; charset=utf-8
cache-control: no-cache

2023-04-27 18:52:35 DEBUG ChannelManager:270 ? Adding key: http://localhost:22042 for channel [id: 0x5342d2af, L:/127.0.0.1:50767 - R:localhost/127.0.0.1:22042]
2023-04-27 18:52:35 DEBUG NettyRequestSender:593 ? Using pooled Channel '[id: 0x5342d2af, L:/127.0.0.1:50767 - R:localhost/127.0.0.1:22042]' for 'POST' to 'http://localhost:22042/session/0c6d8965110e3c9970b164c5d065b58c/element'
2023-04-27 18:52:35 DEBUG NettyRequestSender:251 ? Using open Channel [id: 0x5342d2af, L:/127.0.0.1:50767 - R:localhost/127.0.0.1:22042] for POST '/session/0c6d8965110e3c9970b164c5d065b58c/element'
2023-04-27 18:52:35 DEBUG HttpHandler:70 ? 

Request DefaultHttpRequest(decodeResult: success, version: HTTP/1.1)
POST /session/0c6d8965110e3c9970b164c5d065b58c/element HTTP/1.1
User-Agent: selenium/4.9.0 (java windows)
Content-Length: 53
Content-Type: application/json; charset=utf-8
host: localhost:22042
accept: */*

Response DefaultHttpResponse(decodeResult: success, version: HTTP/1.1)
HTTP/1.1 200 OK
Content-Length: 88
Content-Type: application/json; charset=utf-8
cache-control: no-cache

2023-04-27 18:52:35 DEBUG ChannelManager:270 ? Adding key: http://localhost:22042 for channel [id: 0x5342d2af, L:/127.0.0.1:50767 - R:localhost/127.0.0.1:22042]
2023-04-27 18:52:35 DEBUG NettyRequestSender:593 ? Using pooled Channel '[id: 0x5342d2af, L:/127.0.0.1:50767 - R:localhost/127.0.0.1:22042]' for 'POST' to 'http://localhost:22042/session/0c6d8965110e3c9970b164c5d065b58c/execute/sync'
2023-04-27 18:52:35 DEBUG NettyRequestSender:251 ? Using open Channel [id: 0x5342d2af, L:/127.0.0.1:50767 - R:localhost/127.0.0.1:22042] for POST '/session/0c6d8965110e3c9970b164c5d065b58c/execute/sync'
2023-04-27 18:52:35 DEBUG HttpHandler:70 ? 

Request DefaultHttpRequest(decodeResult: success, version: HTTP/1.1)
POST /session/0c6d8965110e3c9970b164c5d065b58c/execute/sync HTTP/1.1
User-Agent: selenium/4.9.0 (java windows)
Content-Length: 48807
Content-Type: application/json; charset=utf-8
host: localhost:22042
accept: */*

Response DefaultHttpResponse(decodeResult: success, version: HTTP/1.1)
HTTP/1.1 200 OK
Content-Length: 14
Content-Type: application/json; charset=utf-8
cache-control: no-cache

2023-04-27 18:52:35 DEBUG ChannelManager:270 ? Adding key: http://localhost:22042 for channel [id: 0x5342d2af, L:/127.0.0.1:50767 - R:localhost/127.0.0.1:22042]
2023-04-27 18:52:35 DEBUG NettyRequestSender:593 ? Using pooled Channel '[id: 0x5342d2af, L:/127.0.0.1:50767 - R:localhost/127.0.0.1:22042]' for 'POST' to 'http://localhost:22042/session/0c6d8965110e3c9970b164c5d065b58c/element'
2023-04-27 18:52:35 DEBUG NettyRequestSender:251 ? Using open Channel [id: 0x5342d2af, L:/127.0.0.1:50767 - R:localhost/127.0.0.1:22042] for POST '/session/0c6d8965110e3c9970b164c5d065b58c/element'
2023-04-27 18:52:35 DEBUG HttpHandler:70 ? 

Request DefaultHttpRequest(decodeResult: success, version: HTTP/1.1)
POST /session/0c6d8965110e3c9970b164c5d065b58c/element HTTP/1.1
User-Agent: selenium/4.9.0 (java windows)
Content-Length: 53
Content-Type: application/json; charset=utf-8
host: localhost:22042
accept: */*

Response DefaultHttpResponse(decodeResult: success, version: HTTP/1.1)
HTTP/1.1 200 OK
Content-Length: 88
Content-Type: application/json; charset=utf-8
cache-control: no-cache

2023-04-27 18:52:35 DEBUG ChannelManager:270 ? Adding key: http://localhost:22042 for channel [id: 0x5342d2af, L:/127.0.0.1:50767 - R:localhost/127.0.0.1:22042]
2023-04-27 18:52:35 DEBUG NettyRequestSender:593 ? Using pooled Channel '[id: 0x5342d2af, L:/127.0.0.1:50767 - R:localhost/127.0.0.1:22042]' for 'POST' to 'http://localhost:22042/session/0c6d8965110e3c9970b164c5d065b58c/execute/sync'
2023-04-27 18:52:35 DEBUG NettyRequestSender:251 ? Using open Channel [id: 0x5342d2af, L:/127.0.0.1:50767 - R:localhost/127.0.0.1:22042] for POST '/session/0c6d8965110e3c9970b164c5d065b58c/execute/sync'
2023-04-27 18:52:35 DEBUG HttpHandler:70 ? 

Request DefaultHttpRequest(decodeResult: success, version: HTTP/1.1)
POST /session/0c6d8965110e3c9970b164c5d065b58c/execute/sync HTTP/1.1
User-Agent: selenium/4.9.0 (java windows)
Content-Length: 48807
Content-Type: application/json; charset=utf-8
host: localhost:22042
accept: */*

Response DefaultHttpResponse(decodeResult: success, version: HTTP/1.1)
HTTP/1.1 200 OK
Content-Length: 14
Content-Type: application/json; charset=utf-8
cache-control: no-cache

2023-04-27 18:52:35 DEBUG ChannelManager:270 ? Adding key: http://localhost:22042 for channel [id: 0x5342d2af, L:/127.0.0.1:50767 - R:localhost/127.0.0.1:22042]
2023-04-27 18:52:35 DEBUG NettyRequestSender:593 ? Using pooled Channel '[id: 0x5342d2af, L:/127.0.0.1:50767 - R:localhost/127.0.0.1:22042]' for 'POST' to 'http://localhost:22042/session/0c6d8965110e3c9970b164c5d065b58c/element'
2023-04-27 18:52:35 DEBUG NettyRequestSender:251 ? Using open Channel [id: 0x5342d2af, L:/127.0.0.1:50767 - R:localhost/127.0.0.1:22042] for POST '/session/0c6d8965110e3c9970b164c5d065b58c/element'
2023-04-27 18:52:35 DEBUG HttpHandler:70 ? 

Request DefaultHttpRequest(decodeResult: success, version: HTTP/1.1)
POST /session/0c6d8965110e3c9970b164c5d065b58c/element HTTP/1.1
User-Agent: selenium/4.9.0 (java windows)
Content-Length: 60
Content-Type: application/json; charset=utf-8
host: localhost:22042
accept: */*

Response DefaultHttpResponse(decodeResult: success, version: HTTP/1.1)
HTTP/1.1 200 OK
Content-Length: 88
Content-Type: application/json; charset=utf-8
cache-control: no-cache

2023-04-27 18:52:35 DEBUG ChannelManager:270 ? Adding key: http://localhost:22042 for channel [id: 0x5342d2af, L:/127.0.0.1:50767 - R:localhost/127.0.0.1:22042]
2023-04-27 18:52:35 DEBUG NettyRequestSender:593 ? Using pooled Channel '[id: 0x5342d2af, L:/127.0.0.1:50767 - R:localhost/127.0.0.1:22042]' for 'POST' to 'http://localhost:22042/session/0c6d8965110e3c9970b164c5d065b58c/execute/sync'
2023-04-27 18:52:35 DEBUG NettyRequestSender:251 ? Using open Channel [id: 0x5342d2af, L:/127.0.0.1:50767 - R:localhost/127.0.0.1:22042] for POST '/session/0c6d8965110e3c9970b164c5d065b58c/execute/sync'
2023-04-27 18:52:35 DEBUG HttpHandler:70 ? 

Request DefaultHttpRequest(decodeResult: success, version: HTTP/1.1)
POST /session/0c6d8965110e3c9970b164c5d065b58c/execute/sync HTTP/1.1
User-Agent: selenium/4.9.0 (java windows)
Content-Length: 48807
Content-Type: application/json; charset=utf-8
host: localhost:22042
accept: */*

Response DefaultHttpResponse(decodeResult: success, version: HTTP/1.1)
HTTP/1.1 200 OK
Content-Length: 14
Content-Type: application/json; charset=utf-8
cache-control: no-cache

2023-04-27 18:52:35 DEBUG ChannelManager:270 ? Adding key: http://localhost:22042 for channel [id: 0x5342d2af, L:/127.0.0.1:50767 - R:localhost/127.0.0.1:22042]
2023-04-27 18:52:35 DEBUG NettyRequestSender:593 ? Using pooled Channel '[id: 0x5342d2af, L:/127.0.0.1:50767 - R:localhost/127.0.0.1:22042]' for 'POST' to 'http://localhost:22042/session/0c6d8965110e3c9970b164c5d065b58c/element'
2023-04-27 18:52:35 DEBUG NettyRequestSender:251 ? Using open Channel [id: 0x5342d2af, L:/127.0.0.1:50767 - R:localhost/127.0.0.1:22042] for POST '/session/0c6d8965110e3c9970b164c5d065b58c/element'
2023-04-27 18:52:35 DEBUG HttpHandler:70 ? 

Request DefaultHttpRequest(decodeResult: success, version: HTTP/1.1)
POST /session/0c6d8965110e3c9970b164c5d065b58c/element HTTP/1.1
User-Agent: selenium/4.9.0 (java windows)
Content-Length: 53
Content-Type: application/json; charset=utf-8
host: localhost:22042
accept: */*

Response DefaultHttpResponse(decodeResult: success, version: HTTP/1.1)
HTTP/1.1 200 OK
Content-Length: 88
Content-Type: application/json; charset=utf-8
cache-control: no-cache

2023-04-27 18:52:35 DEBUG ChannelManager:270 ? Adding key: http://localhost:22042 for channel [id: 0x5342d2af, L:/127.0.0.1:50767 - R:localhost/127.0.0.1:22042]
2023-04-27 18:52:35 DEBUG NettyRequestSender:593 ? Using pooled Channel '[id: 0x5342d2af, L:/127.0.0.1:50767 - R:localhost/127.0.0.1:22042]' for 'POST' to 'http://localhost:22042/session/0c6d8965110e3c9970b164c5d065b58c/actions'
2023-04-27 18:52:35 DEBUG NettyRequestSender:251 ? Using open Channel [id: 0x5342d2af, L:/127.0.0.1:50767 - R:localhost/127.0.0.1:22042] for POST '/session/0c6d8965110e3c9970b164c5d065b58c/actions'
2023-04-27 18:52:35 DEBUG HttpHandler:70 ? 

Request DefaultHttpRequest(decodeResult: success, version: HTTP/1.1)
POST /session/0c6d8965110e3c9970b164c5d065b58c/actions HTTP/1.1
User-Agent: selenium/4.9.0 (java windows)
Content-Length: 3755
Content-Type: application/json; charset=utf-8
host: localhost:22042
accept: */*

Response DefaultHttpResponse(decodeResult: success, version: HTTP/1.1)
HTTP/1.1 200 OK
Content-Length: 14
Content-Type: application/json; charset=utf-8
cache-control: no-cache

2023-04-27 18:52:35 DEBUG ChannelManager:270 ? Adding key: http://localhost:22042 for channel [id: 0x5342d2af, L:/127.0.0.1:50767 - R:localhost/127.0.0.1:22042]
2023-04-27 18:52:35 DEBUG NettyRequestSender:593 ? Using pooled Channel '[id: 0x5342d2af, L:/127.0.0.1:50767 - R:localhost/127.0.0.1:22042]' for 'POST' to 'http://localhost:22042/session/0c6d8965110e3c9970b164c5d065b58c/element'
2023-04-27 18:52:35 DEBUG NettyRequestSender:251 ? Using open Channel [id: 0x5342d2af, L:/127.0.0.1:50767 - R:localhost/127.0.0.1:22042] for POST '/session/0c6d8965110e3c9970b164c5d065b58c/element'
2023-04-27 18:52:35 DEBUG HttpHandler:70 ? 

Request DefaultHttpRequest(decodeResult: success, version: HTTP/1.1)
POST /session/0c6d8965110e3c9970b164c5d065b58c/element HTTP/1.1
User-Agent: selenium/4.9.0 (java windows)
Content-Length: 54
Content-Type: application/json; charset=utf-8
host: localhost:22042
accept: */*

Response DefaultHttpResponse(decodeResult: success, version: HTTP/1.1)
HTTP/1.1 200 OK
Content-Length: 88
Content-Type: application/json; charset=utf-8
cache-control: no-cache

2023-04-27 18:52:35 DEBUG ChannelManager:270 ? Adding key: http://localhost:22042 for channel [id: 0x5342d2af, L:/127.0.0.1:50767 - R:localhost/127.0.0.1:22042]
2023-04-27 18:52:35 DEBUG NettyRequestSender:593 ? Using pooled Channel '[id: 0x5342d2af, L:/127.0.0.1:50767 - R:localhost/127.0.0.1:22042]' for 'POST' to 'http://localhost:22042/session/0c6d8965110e3c9970b164c5d065b58c/actions'
2023-04-27 18:52:35 DEBUG NettyRequestSender:251 ? Using open Channel [id: 0x5342d2af, L:/127.0.0.1:50767 - R:localhost/127.0.0.1:22042] for POST '/session/0c6d8965110e3c9970b164c5d065b58c/actions'
2023-04-27 18:52:36 DEBUG DefaultChannelPool:348 ? Entry count for : http://localhost:50773 : 1
2023-04-27 18:52:36 DEBUG HttpHandler:70 ? 

Request DefaultHttpRequest(decodeResult: success, version: HTTP/1.1)
POST /session/0c6d8965110e3c9970b164c5d065b58c/actions HTTP/1.1
User-Agent: selenium/4.9.0 (java windows)
Content-Length: 3755
Content-Type: application/json; charset=utf-8
host: localhost:22042
accept: */*

Response DefaultHttpResponse(decodeResult: success, version: HTTP/1.1)
HTTP/1.1 200 OK
Content-Length: 14
Content-Type: application/json; charset=utf-8
cache-control: no-cache

2023-04-27 18:52:36 DEBUG ChannelManager:270 ? Adding key: http://localhost:22042 for channel [id: 0x5342d2af, L:/127.0.0.1:50767 - R:localhost/127.0.0.1:22042]
2023-04-27 18:52:36 DEBUG NettyRequestSender:593 ? Using pooled Channel '[id: 0x5342d2af, L:/127.0.0.1:50767 - R:localhost/127.0.0.1:22042]' for 'POST' to 'http://localhost:22042/session/0c6d8965110e3c9970b164c5d065b58c/element'
2023-04-27 18:52:36 DEBUG NettyRequestSender:251 ? Using open Channel [id: 0x5342d2af, L:/127.0.0.1:50767 - R:localhost/127.0.0.1:22042] for POST '/session/0c6d8965110e3c9970b164c5d065b58c/element'
2023-04-27 18:52:36 DEBUG HttpHandler:70 ? 

Request DefaultHttpRequest(decodeResult: success, version: HTTP/1.1)
POST /session/0c6d8965110e3c9970b164c5d065b58c/element HTTP/1.1
User-Agent: selenium/4.9.0 (java windows)
Content-Length: 53
Content-Type: application/json; charset=utf-8
host: localhost:22042
accept: */*

Response DefaultHttpResponse(decodeResult: success, version: HTTP/1.1)
HTTP/1.1 200 OK
Content-Length: 88
Content-Type: application/json; charset=utf-8
cache-control: no-cache

2023-04-27 18:52:36 DEBUG ChannelManager:270 ? Adding key: http://localhost:22042 for channel [id: 0x5342d2af, L:/127.0.0.1:50767 - R:localhost/127.0.0.1:22042]
2023-04-27 18:52:36 DEBUG NettyRequestSender:593 ? Using pooled Channel '[id: 0x5342d2af, L:/127.0.0.1:50767 - R:localhost/127.0.0.1:22042]' for 'POST' to 'http://localhost:22042/session/0c6d8965110e3c9970b164c5d065b58c/actions'
2023-04-27 18:52:36 DEBUG NettyRequestSender:251 ? Using open Channel [id: 0x5342d2af, L:/127.0.0.1:50767 - R:localhost/127.0.0.1:22042] for POST '/session/0c6d8965110e3c9970b164c5d065b58c/actions'
2023-04-27 18:52:36 DEBUG HttpHandler:70 ? 

Request DefaultHttpRequest(decodeResult: success, version: HTTP/1.1)
POST /session/0c6d8965110e3c9970b164c5d065b58c/actions HTTP/1.1
User-Agent: selenium/4.9.0 (java windows)
Content-Length: 3755
Content-Type: application/json; charset=utf-8
host: localhost:22042
accept: */*

Response DefaultHttpResponse(decodeResult: success, version: HTTP/1.1)
HTTP/1.1 200 OK
Content-Length: 14
Content-Type: application/json; charset=utf-8
cache-control: no-cache

2023-04-27 18:52:36 DEBUG ChannelManager:270 ? Adding key: http://localhost:22042 for channel [id: 0x5342d2af, L:/127.0.0.1:50767 - R:localhost/127.0.0.1:22042]
2023-04-27 18:52:36 DEBUG NettyRequestSender:593 ? Using pooled Channel '[id: 0x5342d2af, L:/127.0.0.1:50767 - R:localhost/127.0.0.1:22042]' for 'POST' to 'http://localhost:22042/session/0c6d8965110e3c9970b164c5d065b58c/element'
2023-04-27 18:52:36 DEBUG NettyRequestSender:251 ? Using open Channel [id: 0x5342d2af, L:/127.0.0.1:50767 - R:localhost/127.0.0.1:22042] for POST '/session/0c6d8965110e3c9970b164c5d065b58c/element'
2023-04-27 18:52:36 DEBUG HttpHandler:70 ? 

Request DefaultHttpRequest(decodeResult: success, version: HTTP/1.1)
POST /session/0c6d8965110e3c9970b164c5d065b58c/element HTTP/1.1
User-Agent: selenium/4.9.0 (java windows)
Content-Length: 53
Content-Type: application/json; charset=utf-8
host: localhost:22042
accept: */*

Response DefaultHttpResponse(decodeResult: success, version: HTTP/1.1)
HTTP/1.1 200 OK
Content-Length: 88
Content-Type: application/json; charset=utf-8
cache-control: no-cache

2023-04-27 18:52:36 DEBUG ChannelManager:270 ? Adding key: http://localhost:22042 for channel [id: 0x5342d2af, L:/127.0.0.1:50767 - R:localhost/127.0.0.1:22042]
2023-04-27 18:52:36 DEBUG NettyRequestSender:593 ? Using pooled Channel '[id: 0x5342d2af, L:/127.0.0.1:50767 - R:localhost/127.0.0.1:22042]' for 'POST' to 'http://localhost:22042/session/0c6d8965110e3c9970b164c5d065b58c/actions'
2023-04-27 18:52:36 DEBUG NettyRequestSender:251 ? Using open Channel [id: 0x5342d2af, L:/127.0.0.1:50767 - R:localhost/127.0.0.1:22042] for POST '/session/0c6d8965110e3c9970b164c5d065b58c/actions'
2023-04-27 18:52:36 DEBUG HttpHandler:70 ? 

Request DefaultHttpRequest(decodeResult: success, version: HTTP/1.1)
POST /session/0c6d8965110e3c9970b164c5d065b58c/actions HTTP/1.1
User-Agent: selenium/4.9.0 (java windows)
Content-Length: 3755
Content-Type: application/json; charset=utf-8
host: localhost:22042
accept: */*

Response DefaultHttpResponse(decodeResult: success, version: HTTP/1.1)
HTTP/1.1 200 OK
Content-Length: 14
Content-Type: application/json; charset=utf-8
cache-control: no-cache

2023-04-27 18:52:36 DEBUG ChannelManager:270 ? Adding key: http://localhost:22042 for channel [id: 0x5342d2af, L:/127.0.0.1:50767 - R:localhost/127.0.0.1:22042]
2023-04-27 18:52:36 DEBUG NettyRequestSender:593 ? Using pooled Channel '[id: 0x5342d2af, L:/127.0.0.1:50767 - R:localhost/127.0.0.1:22042]' for 'POST' to 'http://localhost:22042/session/0c6d8965110e3c9970b164c5d065b58c/element'
2023-04-27 18:52:36 DEBUG NettyRequestSender:251 ? Using open Channel [id: 0x5342d2af, L:/127.0.0.1:50767 - R:localhost/127.0.0.1:22042] for POST '/session/0c6d8965110e3c9970b164c5d065b58c/element'
2023-04-27 18:52:36 DEBUG HttpHandler:70 ? 

Request DefaultHttpRequest(decodeResult: success, version: HTTP/1.1)
POST /session/0c6d8965110e3c9970b164c5d065b58c/element HTTP/1.1
User-Agent: selenium/4.9.0 (java windows)
Content-Length: 60
Content-Type: application/json; charset=utf-8
host: localhost:22042
accept: */*

Response DefaultHttpResponse(decodeResult: success, version: HTTP/1.1)
HTTP/1.1 200 OK
Content-Length: 88
Content-Type: application/json; charset=utf-8
cache-control: no-cache

2023-04-27 18:52:36 DEBUG ChannelManager:270 ? Adding key: http://localhost:22042 for channel [id: 0x5342d2af, L:/127.0.0.1:50767 - R:localhost/127.0.0.1:22042]
2023-04-27 18:52:36 DEBUG NettyRequestSender:593 ? Using pooled Channel '[id: 0x5342d2af, L:/127.0.0.1:50767 - R:localhost/127.0.0.1:22042]' for 'POST' to 'http://localhost:22042/session/0c6d8965110e3c9970b164c5d065b58c/actions'
2023-04-27 18:52:36 DEBUG NettyRequestSender:251 ? Using open Channel [id: 0x5342d2af, L:/127.0.0.1:50767 - R:localhost/127.0.0.1:22042] for POST '/session/0c6d8965110e3c9970b164c5d065b58c/actions'
2023-04-27 18:52:36 DEBUG HttpHandler:70 ? 

Request DefaultHttpRequest(decodeResult: success, version: HTTP/1.1)
POST /session/0c6d8965110e3c9970b164c5d065b58c/actions HTTP/1.1
User-Agent: selenium/4.9.0 (java windows)
Content-Length: 3755
Content-Type: application/json; charset=utf-8
host: localhost:22042
accept: */*

Response DefaultHttpResponse(decodeResult: success, version: HTTP/1.1)
HTTP/1.1 200 OK
Content-Length: 14
Content-Type: application/json; charset=utf-8
cache-control: no-cache

2023-04-27 18:52:36 DEBUG ChannelManager:270 ? Adding key: http://localhost:22042 for channel [id: 0x5342d2af, L:/127.0.0.1:50767 - R:localhost/127.0.0.1:22042]
2023-04-27 18:53:36 DEBUG InternalLoggerFactory:63 ? Using SLF4J as the default logging framework
2023-04-27 18:53:36 DEBUG ResourceLeakDetector:129 ? -Dio.netty.leakDetection.level: simple
2023-04-27 18:53:36 DEBUG ResourceLeakDetector:130 ? -Dio.netty.leakDetection.targetRecords: 4
2023-04-27 18:53:36 DEBUG ResourceLeakDetectorFactory:196 ? Loaded default ResourceLeakDetector: io.netty.util.ResourceLeakDetector@4204541c
2023-04-27 18:53:36 DEBUG PlatformDependent0:496 ? -Dio.netty.noUnsafe: false
2023-04-27 18:53:36 DEBUG PlatformDependent0:1000 ? Java version: 19
2023-04-27 18:53:36 DEBUG PlatformDependent0:137 ? sun.misc.Unsafe.theUnsafe: available
2023-04-27 18:53:36 DEBUG PlatformDependent0:161 ? sun.misc.Unsafe.copyMemory: available
2023-04-27 18:53:36 DEBUG PlatformDependent0:193 ? sun.misc.Unsafe.storeFence: available
2023-04-27 18:53:36 DEBUG PlatformDependent0:236 ? java.nio.Buffer.address: available
2023-04-27 18:53:36 DEBUG PlatformDependent0:320 ? direct buffer constructor: unavailable: Reflective setAccessible(true) disabled
2023-04-27 18:53:36 DEBUG PlatformDependent0:385 ? java.nio.Bits.unaligned: available, true
2023-04-27 18:53:36 DEBUG PlatformDependent0:452 ? jdk.internal.misc.Unsafe.allocateUninitializedArray(int): unavailable: class io.netty.util.internal.PlatformDependent0$7 cannot access class jdk.internal.misc.Unsafe (in module java.base) because module java.base does not export jdk.internal.misc to unnamed module @5679c6c6
2023-04-27 18:53:36 DEBUG PlatformDependent0:482 ? java.nio.DirectByteBuffer.<init>(long, int): unavailable
2023-04-27 18:53:36 DEBUG PlatformDependent:1159 ? sun.misc.Unsafe: available
2023-04-27 18:53:36 DEBUG PlatformDependent:1270 ? maxDirectMemory: 5339348992 bytes (maybe)
2023-04-27 18:53:36 DEBUG PlatformDependent:1289 ? -Dio.netty.tmpdir: C:\Users\rohit\AppData\Local\Temp (java.io.tmpdir)
2023-04-27 18:53:36 DEBUG PlatformDependent:1368 ? -Dio.netty.bitMode: 64 (sun.arch.data.model)
2023-04-27 18:53:36 DEBUG PlatformDependent:1119 ? Platform: Windows
2023-04-27 18:53:36 DEBUG PlatformDependent:178 ? -Dio.netty.maxDirectMemory: -1 bytes
2023-04-27 18:53:36 DEBUG PlatformDependent:185 ? -Dio.netty.uninitializedArrayAllocationThreshold: -1
2023-04-27 18:53:36 DEBUG CleanerJava9:71 ? java.nio.ByteBuffer.cleaner(): available
2023-04-27 18:53:36 DEBUG PlatformDependent:205 ? -Dio.netty.noPreferDirect: false
2023-04-27 18:53:36 DEBUG PlatformDependent:1010 ? org.jctools-core.MpscChunkedArrayQueue: available
2023-04-27 18:53:36 DEBUG InternalThreadLocalMap:100 ? -Dio.netty.threadLocalMap.stringBuilder.initialSize: 1024
2023-04-27 18:53:36 DEBUG InternalThreadLocalMap:101 ? -Dio.netty.threadLocalMap.stringBuilder.maxSize: 4096
2023-04-27 18:53:36 DEBUG JdkSslContext:83 ? Default protocols (JDK): [TLSv1.3, TLSv1.2] 
2023-04-27 18:53:36 DEBUG JdkSslContext:84 ? Default cipher suites (JDK): [TLS_ECDHE_ECDSA_WITH_AES_256_GCM_SHA384, TLS_ECDHE_ECDSA_WITH_AES_128_GCM_SHA256, TLS_ECDHE_RSA_WITH_AES_128_GCM_SHA256, TLS_ECDHE_RSA_WITH_AES_256_GCM_SHA384, TLS_ECDHE_RSA_WITH_AES_128_CBC_SHA, TLS_ECDHE_RSA_WITH_AES_256_CBC_SHA, TLS_RSA_WITH_AES_128_GCM_SHA256, TLS_RSA_WITH_AES_128_CBC_SHA, TLS_RSA_WITH_AES_256_CBC_SHA, TLS_AES_128_GCM_SHA256, TLS_AES_256_GCM_SHA384]
2023-04-27 18:53:36 DEBUG GlobalEventExecutor:53 ? -Dio.netty.globalEventExecutor.quietPeriodSeconds: 1
2023-04-27 18:53:36 DEBUG MultithreadEventLoopGroup:44 ? -Dio.netty.eventLoopThreads: 16
2023-04-27 18:53:36 DEBUG NioEventLoop:110 ? -Dio.netty.noKeySetOptimization: false
2023-04-27 18:53:36 DEBUG NioEventLoop:111 ? -Dio.netty.selectorAutoRebuildThreshold: 512
2023-04-27 18:53:36 DEBUG PooledByteBufAllocator:157 ? -Dio.netty.allocator.numHeapArenas: 16
2023-04-27 18:53:36 DEBUG PooledByteBufAllocator:158 ? -Dio.netty.allocator.numDirectArenas: 16
2023-04-27 18:53:36 DEBUG PooledByteBufAllocator:160 ? -Dio.netty.allocator.pageSize: 8192
2023-04-27 18:53:36 DEBUG PooledByteBufAllocator:165 ? -Dio.netty.allocator.maxOrder: 9
2023-04-27 18:53:36 DEBUG PooledByteBufAllocator:169 ? -Dio.netty.allocator.chunkSize: 4194304
2023-04-27 18:53:36 DEBUG PooledByteBufAllocator:170 ? -Dio.netty.allocator.smallCacheSize: 256
2023-04-27 18:53:36 DEBUG PooledByteBufAllocator:171 ? -Dio.netty.allocator.normalCacheSize: 64
2023-04-27 18:53:36 DEBUG PooledByteBufAllocator:172 ? -Dio.netty.allocator.maxCachedBufferCapacity: 32768
2023-04-27 18:53:36 DEBUG PooledByteBufAllocator:173 ? -Dio.netty.allocator.cacheTrimInterval: 8192
2023-04-27 18:53:36 DEBUG PooledByteBufAllocator:174 ? -Dio.netty.allocator.cacheTrimIntervalMillis: 0
2023-04-27 18:53:36 DEBUG PooledByteBufAllocator:175 ? -Dio.netty.allocator.useCacheForAllThreads: false
2023-04-27 18:53:36 DEBUG PooledByteBufAllocator:176 ? -Dio.netty.allocator.maxCachedByteBuffersPerChunk: 1023
2023-04-27 18:53:36 DEBUG ByteBufUtil:88 ? -Dio.netty.allocator.type: pooled
2023-04-27 18:53:36 DEBUG ByteBufUtil:97 ? -Dio.netty.threadLocalDirectBufferSize: 0
2023-04-27 18:53:36 DEBUG ByteBufUtil:100 ? -Dio.netty.maxThreadLocalCharBufferSize: 16384
2023-04-27 18:53:37 DEBUG DefaultChannelId:79 ? -Dio.netty.processId: 1108 (auto-detected)
2023-04-27 18:53:37 DEBUG NetUtil:148 ? -Djava.net.preferIPv4Stack: false
2023-04-27 18:53:37 DEBUG NetUtil:149 ? -Djava.net.preferIPv6Addresses: false
2023-04-27 18:53:37 DEBUG NetUtilInitializations:145 ? Loopback interface: lo (Software Loopback Interface 1, 127.0.0.1)
2023-04-27 18:53:37 DEBUG NetUtil:206 ? Failed to get SOMAXCONN from sysctl and file \proc\sys\net\core\somaxconn. Default: 200
2023-04-27 18:53:37 DEBUG DefaultChannelId:101 ? -Dio.netty.machineId: 70:c9:4e:ff:fe:a9:98:9d (auto-detected)
2023-04-27 18:53:37 DEBUG AbstractByteBuf:63 ? -Dio.netty.buffer.checkAccessible: true
2023-04-27 18:53:37 DEBUG AbstractByteBuf:64 ? -Dio.netty.buffer.checkBounds: true
2023-04-27 18:53:37 DEBUG ResourceLeakDetectorFactory:196 ? Loaded default ResourceLeakDetector: io.netty.util.ResourceLeakDetector@1712b8c3
2023-04-27 18:53:37 DEBUG NettyConnectListener:73 ? Using new Channel '[id: 0xe7fdfb9d, L:/127.0.0.1:50959 - R:localhost/127.0.0.1:23675]' for 'POST' to '/session'
2023-04-27 18:53:37 DEBUG Recycler:96 ? -Dio.netty.recycler.maxCapacityPerThread: 4096
2023-04-27 18:53:37 DEBUG Recycler:97 ? -Dio.netty.recycler.ratio: 8
2023-04-27 18:53:37 DEBUG Recycler:98 ? -Dio.netty.recycler.chunkSize: 32
2023-04-27 18:53:37 DEBUG Recycler:99 ? -Dio.netty.recycler.blocking: false
2023-04-27 18:53:37 DEBUG Recycler:100 ? -Dio.netty.recycler.batchFastThreadLocalOnly: true
2023-04-27 18:53:38 DEBUG Brotli:38 ? brotli4j not in the classpath; Brotli support will be unavailable.
2023-04-27 18:53:38 DEBUG HttpHandler:70 ? 

Request DefaultHttpRequest(decodeResult: success, version: HTTP/1.1)
POST /session HTTP/1.1
User-Agent: selenium/4.9.0 (java windows)
Content-Length: 254
Content-Type: application/json; charset=utf-8
host: localhost:23675
accept: */*

Response DefaultHttpResponse(decodeResult: success, version: HTTP/1.1)
HTTP/1.1 200 OK
Content-Length: 859
Content-Type: application/json; charset=utf-8
cache-control: no-cache

2023-04-27 18:53:38 DEBUG ChannelManager:270 ? Adding key: http://localhost:23675 for channel [id: 0xe7fdfb9d, L:/127.0.0.1:50959 - R:localhost/127.0.0.1:23675]
2023-04-27 18:53:38 DEBUG NettyConnectListener:73 ? Using new Channel '[id: 0x9127e0f8, L:/127.0.0.1:50982 - R:localhost/127.0.0.1:50966]' for 'GET' to '/json/version'
2023-04-27 18:53:38 DEBUG DefaultChannelPool:348 ? Entry count for : http://localhost:23675 : 1
2023-04-27 18:53:38 DEBUG HttpHandler:70 ? 

Request DefaultFullHttpRequest(decodeResult: success, version: HTTP/1.1, content: EmptyByteBufBE)
GET /json/version HTTP/1.1
User-Agent: selenium/4.9.0 (java windows)
host: localhost:50966
accept: */*

Response DefaultHttpResponse(decodeResult: success, version: HTTP/1.1)
HTTP/1.1 200 OK
Content-Security-Policy: frame-ancestors 'none'
Content-Length: 424
Content-Type: application/json; charset=UTF-8

2023-04-27 18:53:38 DEBUG ChannelManager:270 ? Adding key: http://localhost:50966 for channel [id: 0x9127e0f8, L:/127.0.0.1:50982 - R:localhost/127.0.0.1:50966]
2023-04-27 18:53:38 DEBUG ThreadLocalRandom:214 ? -Dio.netty.initialSeedUniquifier: 0x70ec696d1c2c95cb
2023-04-27 18:53:38 DEBUG NettyConnectListener:73 ? Using new Channel '[id: 0x2ed3d946, L:/127.0.0.1:50984 - R:localhost/127.0.0.1:50966]' for 'GET' to '/devtools/browser/f62378f0-96d2-4ca8-9602-6b03e4beee66'
2023-04-27 18:53:38 DEBUG WebSocketHandler:105 ? 

Request DefaultFullHttpRequest(decodeResult: success, version: HTTP/1.1, content: EmptyByteBufBE)
GET /devtools/browser/f62378f0-96d2-4ca8-9602-6b03e4beee66 HTTP/1.1
upgrade: websocket
connection: upgrade
sec-websocket-key: RszDEs211DTmTvkpBzsgtA==
sec-websocket-version: 13
origin: http://localhost:50966
host: localhost:50966
accept: */*
user-agent: AHC/2.1

Response DefaultHttpResponse(decodeResult: success, version: HTTP/1.1)
HTTP/1.1 101 WebSocket Protocol Handshake
Upgrade: WebSocket
Connection: Upgrade
Sec-WebSocket-Accept: e//0tkqGszsIcg268b9CbashKKE=

2023-04-27 18:53:38 DEBUG NettyRequestSender:593 ? Using pooled Channel '[id: 0xe7fdfb9d, L:/127.0.0.1:50959 - R:localhost/127.0.0.1:23675]' for 'POST' to 'http://localhost:23675/session/7e49e3ab923eb2df05cfec3ed3222432/window/maximize'
2023-04-27 18:53:38 DEBUG NettyRequestSender:251 ? Using open Channel [id: 0xe7fdfb9d, L:/127.0.0.1:50959 - R:localhost/127.0.0.1:23675] for POST '/session/7e49e3ab923eb2df05cfec3ed3222432/window/maximize'
2023-04-27 18:53:39 DEBUG HttpHandler:70 ? 

Request DefaultHttpRequest(decodeResult: success, version: HTTP/1.1)
POST /session/7e49e3ab923eb2df05cfec3ed3222432/window/maximize HTTP/1.1
User-Agent: selenium/4.9.0 (java windows)
Content-Length: 3
Content-Type: application/json; charset=utf-8
host: localhost:23675
accept: */*

Response DefaultHttpResponse(decodeResult: success, version: HTTP/1.1)
HTTP/1.1 200 OK
Content-Length: 52
Content-Type: application/json; charset=utf-8
cache-control: no-cache

2023-04-27 18:53:39 DEBUG ChannelManager:270 ? Adding key: http://localhost:23675 for channel [id: 0xe7fdfb9d, L:/127.0.0.1:50959 - R:localhost/127.0.0.1:23675]
2023-04-27 18:53:39 DEBUG NettyRequestSender:593 ? Using pooled Channel '[id: 0xe7fdfb9d, L:/127.0.0.1:50959 - R:localhost/127.0.0.1:23675]' for 'POST' to 'http://localhost:23675/session/7e49e3ab923eb2df05cfec3ed3222432/timeouts'
2023-04-27 18:53:39 DEBUG NettyRequestSender:251 ? Using open Channel [id: 0xe7fdfb9d, L:/127.0.0.1:50959 - R:localhost/127.0.0.1:23675] for POST '/session/7e49e3ab923eb2df05cfec3ed3222432/timeouts'
2023-04-27 18:53:39 DEBUG HttpHandler:70 ? 

Request DefaultHttpRequest(decodeResult: success, version: HTTP/1.1)
POST /session/7e49e3ab923eb2df05cfec3ed3222432/timeouts HTTP/1.1
User-Agent: selenium/4.9.0 (java windows)
Content-Length: 23
Content-Type: application/json; charset=utf-8
host: localhost:23675
accept: */*

Response DefaultHttpResponse(decodeResult: success, version: HTTP/1.1)
HTTP/1.1 200 OK
Content-Length: 14
Content-Type: application/json; charset=utf-8
cache-control: no-cache

2023-04-27 18:53:39 DEBUG ChannelManager:270 ? Adding key: http://localhost:23675 for channel [id: 0xe7fdfb9d, L:/127.0.0.1:50959 - R:localhost/127.0.0.1:23675]
2023-04-27 18:53:39 DEBUG NettyRequestSender:593 ? Using pooled Channel '[id: 0xe7fdfb9d, L:/127.0.0.1:50959 - R:localhost/127.0.0.1:23675]' for 'POST' to 'http://localhost:23675/session/7e49e3ab923eb2df05cfec3ed3222432/url'
2023-04-27 18:53:39 DEBUG NettyRequestSender:251 ? Using open Channel [id: 0xe7fdfb9d, L:/127.0.0.1:50959 - R:localhost/127.0.0.1:23675] for POST '/session/7e49e3ab923eb2df05cfec3ed3222432/url'
2023-04-27 18:53:39 DEBUG DefaultChannelPool:348 ? Entry count for : http://localhost:50966 : 1
2023-04-27 18:53:40 DEBUG HttpHandler:70 ? 

Request DefaultHttpRequest(decodeResult: success, version: HTTP/1.1)
POST /session/7e49e3ab923eb2df05cfec3ed3222432/url HTTP/1.1
User-Agent: selenium/4.9.0 (java windows)
Content-Length: 67
Content-Type: application/json; charset=utf-8
host: localhost:23675
accept: */*

Response DefaultHttpResponse(decodeResult: success, version: HTTP/1.1)
HTTP/1.1 200 OK
Content-Length: 14
Content-Type: application/json; charset=utf-8
cache-control: no-cache

2023-04-27 18:53:40 DEBUG ChannelManager:270 ? Adding key: http://localhost:23675 for channel [id: 0xe7fdfb9d, L:/127.0.0.1:50959 - R:localhost/127.0.0.1:23675]
2023-04-27 18:53:40 DEBUG NettyRequestSender:593 ? Using pooled Channel '[id: 0xe7fdfb9d, L:/127.0.0.1:50959 - R:localhost/127.0.0.1:23675]' for 'POST' to 'http://localhost:23675/session/7e49e3ab923eb2df05cfec3ed3222432/element'
2023-04-27 18:53:40 DEBUG NettyRequestSender:251 ? Using open Channel [id: 0xe7fdfb9d, L:/127.0.0.1:50959 - R:localhost/127.0.0.1:23675] for POST '/session/7e49e3ab923eb2df05cfec3ed3222432/element'
2023-04-27 18:53:40 DEBUG HttpHandler:70 ? 

Request DefaultHttpRequest(decodeResult: success, version: HTTP/1.1)
POST /session/7e49e3ab923eb2df05cfec3ed3222432/element HTTP/1.1
User-Agent: selenium/4.9.0 (java windows)
Content-Length: 53
Content-Type: application/json; charset=utf-8
host: localhost:23675
accept: */*

Response DefaultHttpResponse(decodeResult: success, version: HTTP/1.1)
HTTP/1.1 200 OK
Content-Length: 88
Content-Type: application/json; charset=utf-8
cache-control: no-cache

2023-04-27 18:53:40 DEBUG ChannelManager:270 ? Adding key: http://localhost:23675 for channel [id: 0xe7fdfb9d, L:/127.0.0.1:50959 - R:localhost/127.0.0.1:23675]
2023-04-27 18:53:40 DEBUG NettyRequestSender:593 ? Using pooled Channel '[id: 0xe7fdfb9d, L:/127.0.0.1:50959 - R:localhost/127.0.0.1:23675]' for 'POST' to 'http://localhost:23675/session/7e49e3ab923eb2df05cfec3ed3222432/execute/sync'
2023-04-27 18:53:40 DEBUG NettyRequestSender:251 ? Using open Channel [id: 0xe7fdfb9d, L:/127.0.0.1:50959 - R:localhost/127.0.0.1:23675] for POST '/session/7e49e3ab923eb2df05cfec3ed3222432/execute/sync'
2023-04-27 18:53:40 DEBUG HttpHandler:70 ? 

Request DefaultHttpRequest(decodeResult: success, version: HTTP/1.1)
POST /session/7e49e3ab923eb2df05cfec3ed3222432/execute/sync HTTP/1.1
User-Agent: selenium/4.9.0 (java windows)
Content-Length: 48807
Content-Type: application/json; charset=utf-8
host: localhost:23675
accept: */*

Response DefaultHttpResponse(decodeResult: success, version: HTTP/1.1)
HTTP/1.1 200 OK
Content-Length: 14
Content-Type: application/json; charset=utf-8
cache-control: no-cache

2023-04-27 18:53:40 DEBUG ChannelManager:270 ? Adding key: http://localhost:23675 for channel [id: 0xe7fdfb9d, L:/127.0.0.1:50959 - R:localhost/127.0.0.1:23675]
2023-04-27 18:53:40 DEBUG NettyRequestSender:593 ? Using pooled Channel '[id: 0xe7fdfb9d, L:/127.0.0.1:50959 - R:localhost/127.0.0.1:23675]' for 'POST' to 'http://localhost:23675/session/7e49e3ab923eb2df05cfec3ed3222432/element'
2023-04-27 18:53:40 DEBUG NettyRequestSender:251 ? Using open Channel [id: 0xe7fdfb9d, L:/127.0.0.1:50959 - R:localhost/127.0.0.1:23675] for POST '/session/7e49e3ab923eb2df05cfec3ed3222432/element'
2023-04-27 18:53:40 DEBUG HttpHandler:70 ? 

Request DefaultHttpRequest(decodeResult: success, version: HTTP/1.1)
POST /session/7e49e3ab923eb2df05cfec3ed3222432/element HTTP/1.1
User-Agent: selenium/4.9.0 (java windows)
Content-Length: 54
Content-Type: application/json; charset=utf-8
host: localhost:23675
accept: */*

Response DefaultHttpResponse(decodeResult: success, version: HTTP/1.1)
HTTP/1.1 200 OK
Content-Length: 88
Content-Type: application/json; charset=utf-8
cache-control: no-cache

2023-04-27 18:53:40 DEBUG ChannelManager:270 ? Adding key: http://localhost:23675 for channel [id: 0xe7fdfb9d, L:/127.0.0.1:50959 - R:localhost/127.0.0.1:23675]
2023-04-27 18:53:40 DEBUG NettyRequestSender:593 ? Using pooled Channel '[id: 0xe7fdfb9d, L:/127.0.0.1:50959 - R:localhost/127.0.0.1:23675]' for 'POST' to 'http://localhost:23675/session/7e49e3ab923eb2df05cfec3ed3222432/execute/sync'
2023-04-27 18:53:40 DEBUG NettyRequestSender:251 ? Using open Channel [id: 0xe7fdfb9d, L:/127.0.0.1:50959 - R:localhost/127.0.0.1:23675] for POST '/session/7e49e3ab923eb2df05cfec3ed3222432/execute/sync'
2023-04-27 18:53:40 DEBUG HttpHandler:70 ? 

Request DefaultHttpRequest(decodeResult: success, version: HTTP/1.1)
POST /session/7e49e3ab923eb2df05cfec3ed3222432/execute/sync HTTP/1.1
User-Agent: selenium/4.9.0 (java windows)
Content-Length: 48807
Content-Type: application/json; charset=utf-8
host: localhost:23675
accept: */*

Response DefaultHttpResponse(decodeResult: success, version: HTTP/1.1)
HTTP/1.1 200 OK
Content-Length: 14
Content-Type: application/json; charset=utf-8
cache-control: no-cache

2023-04-27 18:53:40 DEBUG ChannelManager:270 ? Adding key: http://localhost:23675 for channel [id: 0xe7fdfb9d, L:/127.0.0.1:50959 - R:localhost/127.0.0.1:23675]
2023-04-27 18:53:40 DEBUG NettyRequestSender:593 ? Using pooled Channel '[id: 0xe7fdfb9d, L:/127.0.0.1:50959 - R:localhost/127.0.0.1:23675]' for 'POST' to 'http://localhost:23675/session/7e49e3ab923eb2df05cfec3ed3222432/element'
2023-04-27 18:53:40 DEBUG NettyRequestSender:251 ? Using open Channel [id: 0xe7fdfb9d, L:/127.0.0.1:50959 - R:localhost/127.0.0.1:23675] for POST '/session/7e49e3ab923eb2df05cfec3ed3222432/element'
2023-04-27 18:53:40 DEBUG HttpHandler:70 ? 

Request DefaultHttpRequest(decodeResult: success, version: HTTP/1.1)
POST /session/7e49e3ab923eb2df05cfec3ed3222432/element HTTP/1.1
User-Agent: selenium/4.9.0 (java windows)
Content-Length: 53
Content-Type: application/json; charset=utf-8
host: localhost:23675
accept: */*

Response DefaultHttpResponse(decodeResult: success, version: HTTP/1.1)
HTTP/1.1 200 OK
Content-Length: 88
Content-Type: application/json; charset=utf-8
cache-control: no-cache

2023-04-27 18:53:40 DEBUG ChannelManager:270 ? Adding key: http://localhost:23675 for channel [id: 0xe7fdfb9d, L:/127.0.0.1:50959 - R:localhost/127.0.0.1:23675]
2023-04-27 18:53:40 DEBUG NettyRequestSender:593 ? Using pooled Channel '[id: 0xe7fdfb9d, L:/127.0.0.1:50959 - R:localhost/127.0.0.1:23675]' for 'POST' to 'http://localhost:23675/session/7e49e3ab923eb2df05cfec3ed3222432/execute/sync'
2023-04-27 18:53:40 DEBUG NettyRequestSender:251 ? Using open Channel [id: 0xe7fdfb9d, L:/127.0.0.1:50959 - R:localhost/127.0.0.1:23675] for POST '/session/7e49e3ab923eb2df05cfec3ed3222432/execute/sync'
2023-04-27 18:53:40 DEBUG HttpHandler:70 ? 

Request DefaultHttpRequest(decodeResult: success, version: HTTP/1.1)
POST /session/7e49e3ab923eb2df05cfec3ed3222432/execute/sync HTTP/1.1
User-Agent: selenium/4.9.0 (java windows)
Content-Length: 48807
Content-Type: application/json; charset=utf-8
host: localhost:23675
accept: */*

Response DefaultHttpResponse(decodeResult: success, version: HTTP/1.1)
HTTP/1.1 200 OK
Content-Length: 14
Content-Type: application/json; charset=utf-8
cache-control: no-cache

2023-04-27 18:53:40 DEBUG ChannelManager:270 ? Adding key: http://localhost:23675 for channel [id: 0xe7fdfb9d, L:/127.0.0.1:50959 - R:localhost/127.0.0.1:23675]
2023-04-27 18:53:40 DEBUG NettyRequestSender:593 ? Using pooled Channel '[id: 0xe7fdfb9d, L:/127.0.0.1:50959 - R:localhost/127.0.0.1:23675]' for 'POST' to 'http://localhost:23675/session/7e49e3ab923eb2df05cfec3ed3222432/element'
2023-04-27 18:53:40 DEBUG NettyRequestSender:251 ? Using open Channel [id: 0xe7fdfb9d, L:/127.0.0.1:50959 - R:localhost/127.0.0.1:23675] for POST '/session/7e49e3ab923eb2df05cfec3ed3222432/element'
2023-04-27 18:53:40 DEBUG HttpHandler:70 ? 

Request DefaultHttpRequest(decodeResult: success, version: HTTP/1.1)
POST /session/7e49e3ab923eb2df05cfec3ed3222432/element HTTP/1.1
User-Agent: selenium/4.9.0 (java windows)
Content-Length: 53
Content-Type: application/json; charset=utf-8
host: localhost:23675
accept: */*

Response DefaultHttpResponse(decodeResult: success, version: HTTP/1.1)
HTTP/1.1 200 OK
Content-Length: 88
Content-Type: application/json; charset=utf-8
cache-control: no-cache

2023-04-27 18:53:40 DEBUG ChannelManager:270 ? Adding key: http://localhost:23675 for channel [id: 0xe7fdfb9d, L:/127.0.0.1:50959 - R:localhost/127.0.0.1:23675]
2023-04-27 18:53:40 DEBUG NettyRequestSender:593 ? Using pooled Channel '[id: 0xe7fdfb9d, L:/127.0.0.1:50959 - R:localhost/127.0.0.1:23675]' for 'POST' to 'http://localhost:23675/session/7e49e3ab923eb2df05cfec3ed3222432/execute/sync'
2023-04-27 18:53:40 DEBUG NettyRequestSender:251 ? Using open Channel [id: 0xe7fdfb9d, L:/127.0.0.1:50959 - R:localhost/127.0.0.1:23675] for POST '/session/7e49e3ab923eb2df05cfec3ed3222432/execute/sync'
2023-04-27 18:53:40 DEBUG HttpHandler:70 ? 

Request DefaultHttpRequest(decodeResult: success, version: HTTP/1.1)
POST /session/7e49e3ab923eb2df05cfec3ed3222432/execute/sync HTTP/1.1
User-Agent: selenium/4.9.0 (java windows)
Content-Length: 48807
Content-Type: application/json; charset=utf-8
host: localhost:23675
accept: */*

Response DefaultHttpResponse(decodeResult: success, version: HTTP/1.1)
HTTP/1.1 200 OK
Content-Length: 14
Content-Type: application/json; charset=utf-8
cache-control: no-cache

2023-04-27 18:53:40 DEBUG ChannelManager:270 ? Adding key: http://localhost:23675 for channel [id: 0xe7fdfb9d, L:/127.0.0.1:50959 - R:localhost/127.0.0.1:23675]
2023-04-27 18:53:40 DEBUG NettyRequestSender:593 ? Using pooled Channel '[id: 0xe7fdfb9d, L:/127.0.0.1:50959 - R:localhost/127.0.0.1:23675]' for 'POST' to 'http://localhost:23675/session/7e49e3ab923eb2df05cfec3ed3222432/element'
2023-04-27 18:53:40 DEBUG NettyRequestSender:251 ? Using open Channel [id: 0xe7fdfb9d, L:/127.0.0.1:50959 - R:localhost/127.0.0.1:23675] for POST '/session/7e49e3ab923eb2df05cfec3ed3222432/element'
2023-04-27 18:53:40 DEBUG HttpHandler:70 ? 

Request DefaultHttpRequest(decodeResult: success, version: HTTP/1.1)
POST /session/7e49e3ab923eb2df05cfec3ed3222432/element HTTP/1.1
User-Agent: selenium/4.9.0 (java windows)
Content-Length: 60
Content-Type: application/json; charset=utf-8
host: localhost:23675
accept: */*

Response DefaultHttpResponse(decodeResult: success, version: HTTP/1.1)
HTTP/1.1 200 OK
Content-Length: 88
Content-Type: application/json; charset=utf-8
cache-control: no-cache

2023-04-27 18:53:40 DEBUG ChannelManager:270 ? Adding key: http://localhost:23675 for channel [id: 0xe7fdfb9d, L:/127.0.0.1:50959 - R:localhost/127.0.0.1:23675]
2023-04-27 18:53:40 DEBUG NettyRequestSender:593 ? Using pooled Channel '[id: 0xe7fdfb9d, L:/127.0.0.1:50959 - R:localhost/127.0.0.1:23675]' for 'POST' to 'http://localhost:23675/session/7e49e3ab923eb2df05cfec3ed3222432/execute/sync'
2023-04-27 18:53:40 DEBUG NettyRequestSender:251 ? Using open Channel [id: 0xe7fdfb9d, L:/127.0.0.1:50959 - R:localhost/127.0.0.1:23675] for POST '/session/7e49e3ab923eb2df05cfec3ed3222432/execute/sync'
2023-04-27 18:53:40 DEBUG HttpHandler:70 ? 

Request DefaultHttpRequest(decodeResult: success, version: HTTP/1.1)
POST /session/7e49e3ab923eb2df05cfec3ed3222432/execute/sync HTTP/1.1
User-Agent: selenium/4.9.0 (java windows)
Content-Length: 48807
Content-Type: application/json; charset=utf-8
host: localhost:23675
accept: */*

Response DefaultHttpResponse(decodeResult: success, version: HTTP/1.1)
HTTP/1.1 200 OK
Content-Length: 14
Content-Type: application/json; charset=utf-8
cache-control: no-cache

2023-04-27 18:53:40 DEBUG ChannelManager:270 ? Adding key: http://localhost:23675 for channel [id: 0xe7fdfb9d, L:/127.0.0.1:50959 - R:localhost/127.0.0.1:23675]
2023-04-27 18:53:40 DEBUG NettyRequestSender:593 ? Using pooled Channel '[id: 0xe7fdfb9d, L:/127.0.0.1:50959 - R:localhost/127.0.0.1:23675]' for 'POST' to 'http://localhost:23675/session/7e49e3ab923eb2df05cfec3ed3222432/element'
2023-04-27 18:53:40 DEBUG NettyRequestSender:251 ? Using open Channel [id: 0xe7fdfb9d, L:/127.0.0.1:50959 - R:localhost/127.0.0.1:23675] for POST '/session/7e49e3ab923eb2df05cfec3ed3222432/element'
2023-04-27 18:53:40 DEBUG HttpHandler:70 ? 

Request DefaultHttpRequest(decodeResult: success, version: HTTP/1.1)
POST /session/7e49e3ab923eb2df05cfec3ed3222432/element HTTP/1.1
User-Agent: selenium/4.9.0 (java windows)
Content-Length: 53
Content-Type: application/json; charset=utf-8
host: localhost:23675
accept: */*

Response DefaultHttpResponse(decodeResult: success, version: HTTP/1.1)
HTTP/1.1 200 OK
Content-Length: 88
Content-Type: application/json; charset=utf-8
cache-control: no-cache

2023-04-27 18:53:40 DEBUG ChannelManager:270 ? Adding key: http://localhost:23675 for channel [id: 0xe7fdfb9d, L:/127.0.0.1:50959 - R:localhost/127.0.0.1:23675]
2023-04-27 18:53:40 DEBUG NettyRequestSender:593 ? Using pooled Channel '[id: 0xe7fdfb9d, L:/127.0.0.1:50959 - R:localhost/127.0.0.1:23675]' for 'POST' to 'http://localhost:23675/session/7e49e3ab923eb2df05cfec3ed3222432/actions'
2023-04-27 18:53:40 DEBUG NettyRequestSender:251 ? Using open Channel [id: 0xe7fdfb9d, L:/127.0.0.1:50959 - R:localhost/127.0.0.1:23675] for POST '/session/7e49e3ab923eb2df05cfec3ed3222432/actions'
2023-04-27 18:53:40 DEBUG DefaultChannelPool:348 ? Entry count for : http://localhost:50966 : 1
2023-04-27 18:53:40 DEBUG HttpHandler:70 ? 

Request DefaultHttpRequest(decodeResult: success, version: HTTP/1.1)
POST /session/7e49e3ab923eb2df05cfec3ed3222432/actions HTTP/1.1
User-Agent: selenium/4.9.0 (java windows)
Content-Length: 3755
Content-Type: application/json; charset=utf-8
host: localhost:23675
accept: */*

Response DefaultHttpResponse(decodeResult: success, version: HTTP/1.1)
HTTP/1.1 200 OK
Content-Length: 14
Content-Type: application/json; charset=utf-8
cache-control: no-cache

2023-04-27 18:53:40 DEBUG ChannelManager:270 ? Adding key: http://localhost:23675 for channel [id: 0xe7fdfb9d, L:/127.0.0.1:50959 - R:localhost/127.0.0.1:23675]
2023-04-27 18:53:40 DEBUG NettyRequestSender:593 ? Using pooled Channel '[id: 0xe7fdfb9d, L:/127.0.0.1:50959 - R:localhost/127.0.0.1:23675]' for 'POST' to 'http://localhost:23675/session/7e49e3ab923eb2df05cfec3ed3222432/element'
2023-04-27 18:53:40 DEBUG NettyRequestSender:251 ? Using open Channel [id: 0xe7fdfb9d, L:/127.0.0.1:50959 - R:localhost/127.0.0.1:23675] for POST '/session/7e49e3ab923eb2df05cfec3ed3222432/element'
2023-04-27 18:53:40 DEBUG HttpHandler:70 ? 

Request DefaultHttpRequest(decodeResult: success, version: HTTP/1.1)
POST /session/7e49e3ab923eb2df05cfec3ed3222432/element HTTP/1.1
User-Agent: selenium/4.9.0 (java windows)
Content-Length: 54
Content-Type: application/json; charset=utf-8
host: localhost:23675
accept: */*

Response DefaultHttpResponse(decodeResult: success, version: HTTP/1.1)
HTTP/1.1 200 OK
Content-Length: 88
Content-Type: application/json; charset=utf-8
cache-control: no-cache

2023-04-27 18:53:40 DEBUG ChannelManager:270 ? Adding key: http://localhost:23675 for channel [id: 0xe7fdfb9d, L:/127.0.0.1:50959 - R:localhost/127.0.0.1:23675]
2023-04-27 18:53:40 DEBUG NettyRequestSender:593 ? Using pooled Channel '[id: 0xe7fdfb9d, L:/127.0.0.1:50959 - R:localhost/127.0.0.1:23675]' for 'POST' to 'http://localhost:23675/session/7e49e3ab923eb2df05cfec3ed3222432/actions'
2023-04-27 18:53:40 DEBUG NettyRequestSender:251 ? Using open Channel [id: 0xe7fdfb9d, L:/127.0.0.1:50959 - R:localhost/127.0.0.1:23675] for POST '/session/7e49e3ab923eb2df05cfec3ed3222432/actions'
2023-04-27 18:53:41 DEBUG HttpHandler:70 ? 

Request DefaultHttpRequest(decodeResult: success, version: HTTP/1.1)
POST /session/7e49e3ab923eb2df05cfec3ed3222432/actions HTTP/1.1
User-Agent: selenium/4.9.0 (java windows)
Content-Length: 3755
Content-Type: application/json; charset=utf-8
host: localhost:23675
accept: */*

Response DefaultHttpResponse(decodeResult: success, version: HTTP/1.1)
HTTP/1.1 200 OK
Content-Length: 14
Content-Type: application/json; charset=utf-8
cache-control: no-cache

2023-04-27 18:53:41 DEBUG ChannelManager:270 ? Adding key: http://localhost:23675 for channel [id: 0xe7fdfb9d, L:/127.0.0.1:50959 - R:localhost/127.0.0.1:23675]
2023-04-27 18:53:41 DEBUG NettyRequestSender:593 ? Using pooled Channel '[id: 0xe7fdfb9d, L:/127.0.0.1:50959 - R:localhost/127.0.0.1:23675]' for 'POST' to 'http://localhost:23675/session/7e49e3ab923eb2df05cfec3ed3222432/element'
2023-04-27 18:53:41 DEBUG NettyRequestSender:251 ? Using open Channel [id: 0xe7fdfb9d, L:/127.0.0.1:50959 - R:localhost/127.0.0.1:23675] for POST '/session/7e49e3ab923eb2df05cfec3ed3222432/element'
2023-04-27 18:53:41 DEBUG HttpHandler:70 ? 

Request DefaultHttpRequest(decodeResult: success, version: HTTP/1.1)
POST /session/7e49e3ab923eb2df05cfec3ed3222432/element HTTP/1.1
User-Agent: selenium/4.9.0 (java windows)
Content-Length: 53
Content-Type: application/json; charset=utf-8
host: localhost:23675
accept: */*

Response DefaultHttpResponse(decodeResult: success, version: HTTP/1.1)
HTTP/1.1 200 OK
Content-Length: 88
Content-Type: application/json; charset=utf-8
cache-control: no-cache

2023-04-27 18:53:41 DEBUG ChannelManager:270 ? Adding key: http://localhost:23675 for channel [id: 0xe7fdfb9d, L:/127.0.0.1:50959 - R:localhost/127.0.0.1:23675]
2023-04-27 18:53:41 DEBUG NettyRequestSender:593 ? Using pooled Channel '[id: 0xe7fdfb9d, L:/127.0.0.1:50959 - R:localhost/127.0.0.1:23675]' for 'POST' to 'http://localhost:23675/session/7e49e3ab923eb2df05cfec3ed3222432/actions'
2023-04-27 18:53:41 DEBUG NettyRequestSender:251 ? Using open Channel [id: 0xe7fdfb9d, L:/127.0.0.1:50959 - R:localhost/127.0.0.1:23675] for POST '/session/7e49e3ab923eb2df05cfec3ed3222432/actions'
2023-04-27 18:53:41 DEBUG HttpHandler:70 ? 

Request DefaultHttpRequest(decodeResult: success, version: HTTP/1.1)
POST /session/7e49e3ab923eb2df05cfec3ed3222432/actions HTTP/1.1
User-Agent: selenium/4.9.0 (java windows)
Content-Length: 3755
Content-Type: application/json; charset=utf-8
host: localhost:23675
accept: */*

Response DefaultHttpResponse(decodeResult: success, version: HTTP/1.1)
HTTP/1.1 200 OK
Content-Length: 14
Content-Type: application/json; charset=utf-8
cache-control: no-cache

2023-04-27 18:53:41 DEBUG ChannelManager:270 ? Adding key: http://localhost:23675 for channel [id: 0xe7fdfb9d, L:/127.0.0.1:50959 - R:localhost/127.0.0.1:23675]
2023-04-27 18:53:41 DEBUG NettyRequestSender:593 ? Using pooled Channel '[id: 0xe7fdfb9d, L:/127.0.0.1:50959 - R:localhost/127.0.0.1:23675]' for 'POST' to 'http://localhost:23675/session/7e49e3ab923eb2df05cfec3ed3222432/element'
2023-04-27 18:53:41 DEBUG NettyRequestSender:251 ? Using open Channel [id: 0xe7fdfb9d, L:/127.0.0.1:50959 - R:localhost/127.0.0.1:23675] for POST '/session/7e49e3ab923eb2df05cfec3ed3222432/element'
2023-04-27 18:53:41 DEBUG HttpHandler:70 ? 

Request DefaultHttpRequest(decodeResult: success, version: HTTP/1.1)
POST /session/7e49e3ab923eb2df05cfec3ed3222432/element HTTP/1.1
User-Agent: selenium/4.9.0 (java windows)
Content-Length: 53
Content-Type: application/json; charset=utf-8
host: localhost:23675
accept: */*

Response DefaultHttpResponse(decodeResult: success, version: HTTP/1.1)
HTTP/1.1 200 OK
Content-Length: 88
Content-Type: application/json; charset=utf-8
cache-control: no-cache

2023-04-27 18:53:41 DEBUG ChannelManager:270 ? Adding key: http://localhost:23675 for channel [id: 0xe7fdfb9d, L:/127.0.0.1:50959 - R:localhost/127.0.0.1:23675]
2023-04-27 18:53:41 DEBUG NettyRequestSender:593 ? Using pooled Channel '[id: 0xe7fdfb9d, L:/127.0.0.1:50959 - R:localhost/127.0.0.1:23675]' for 'POST' to 'http://localhost:23675/session/7e49e3ab923eb2df05cfec3ed3222432/actions'
2023-04-27 18:53:41 DEBUG NettyRequestSender:251 ? Using open Channel [id: 0xe7fdfb9d, L:/127.0.0.1:50959 - R:localhost/127.0.0.1:23675] for POST '/session/7e49e3ab923eb2df05cfec3ed3222432/actions'
2023-04-27 18:53:41 DEBUG HttpHandler:70 ? 

Request DefaultHttpRequest(decodeResult: success, version: HTTP/1.1)
POST /session/7e49e3ab923eb2df05cfec3ed3222432/actions HTTP/1.1
User-Agent: selenium/4.9.0 (java windows)
Content-Length: 3755
Content-Type: application/json; charset=utf-8
host: localhost:23675
accept: */*

Response DefaultHttpResponse(decodeResult: success, version: HTTP/1.1)
HTTP/1.1 200 OK
Content-Length: 14
Content-Type: application/json; charset=utf-8
cache-control: no-cache

2023-04-27 18:53:41 DEBUG ChannelManager:270 ? Adding key: http://localhost:23675 for channel [id: 0xe7fdfb9d, L:/127.0.0.1:50959 - R:localhost/127.0.0.1:23675]
2023-04-27 18:53:41 DEBUG NettyRequestSender:593 ? Using pooled Channel '[id: 0xe7fdfb9d, L:/127.0.0.1:50959 - R:localhost/127.0.0.1:23675]' for 'POST' to 'http://localhost:23675/session/7e49e3ab923eb2df05cfec3ed3222432/element'
2023-04-27 18:53:41 DEBUG NettyRequestSender:251 ? Using open Channel [id: 0xe7fdfb9d, L:/127.0.0.1:50959 - R:localhost/127.0.0.1:23675] for POST '/session/7e49e3ab923eb2df05cfec3ed3222432/element'
2023-04-27 18:53:41 DEBUG HttpHandler:70 ? 

Request DefaultHttpRequest(decodeResult: success, version: HTTP/1.1)
POST /session/7e49e3ab923eb2df05cfec3ed3222432/element HTTP/1.1
User-Agent: selenium/4.9.0 (java windows)
Content-Length: 60
Content-Type: application/json; charset=utf-8
host: localhost:23675
accept: */*

Response DefaultHttpResponse(decodeResult: success, version: HTTP/1.1)
HTTP/1.1 200 OK
Content-Length: 88
Content-Type: application/json; charset=utf-8
cache-control: no-cache

2023-04-27 18:53:41 DEBUG ChannelManager:270 ? Adding key: http://localhost:23675 for channel [id: 0xe7fdfb9d, L:/127.0.0.1:50959 - R:localhost/127.0.0.1:23675]
2023-04-27 18:53:41 DEBUG NettyRequestSender:593 ? Using pooled Channel '[id: 0xe7fdfb9d, L:/127.0.0.1:50959 - R:localhost/127.0.0.1:23675]' for 'POST' to 'http://localhost:23675/session/7e49e3ab923eb2df05cfec3ed3222432/actions'
2023-04-27 18:53:41 DEBUG NettyRequestSender:251 ? Using open Channel [id: 0xe7fdfb9d, L:/127.0.0.1:50959 - R:localhost/127.0.0.1:23675] for POST '/session/7e49e3ab923eb2df05cfec3ed3222432/actions'
2023-04-27 18:53:41 DEBUG HttpHandler:70 ? 

Request DefaultHttpRequest(decodeResult: success, version: HTTP/1.1)
POST /session/7e49e3ab923eb2df05cfec3ed3222432/actions HTTP/1.1
User-Agent: selenium/4.9.0 (java windows)
Content-Length: 3755
Content-Type: application/json; charset=utf-8
host: localhost:23675
accept: */*

Response DefaultHttpResponse(decodeResult: success, version: HTTP/1.1)
HTTP/1.1 200 OK
Content-Length: 14
Content-Type: application/json; charset=utf-8
cache-control: no-cache

2023-04-27 18:53:41 DEBUG ChannelManager:270 ? Adding key: http://localhost:23675 for channel [id: 0xe7fdfb9d, L:/127.0.0.1:50959 - R:localhost/127.0.0.1:23675]
2023-04-27 18:54:59 DEBUG InternalLoggerFactory:63 ? Using SLF4J as the default logging framework
2023-04-27 18:54:59 DEBUG ResourceLeakDetector:129 ? -Dio.netty.leakDetection.level: simple
2023-04-27 18:54:59 DEBUG ResourceLeakDetector:130 ? -Dio.netty.leakDetection.targetRecords: 4
2023-04-27 18:54:59 DEBUG ResourceLeakDetectorFactory:196 ? Loaded default ResourceLeakDetector: io.netty.util.ResourceLeakDetector@4204541c
2023-04-27 18:54:59 DEBUG PlatformDependent0:496 ? -Dio.netty.noUnsafe: false
2023-04-27 18:54:59 DEBUG PlatformDependent0:1000 ? Java version: 19
2023-04-27 18:54:59 DEBUG PlatformDependent0:137 ? sun.misc.Unsafe.theUnsafe: available
2023-04-27 18:54:59 DEBUG PlatformDependent0:161 ? sun.misc.Unsafe.copyMemory: available
2023-04-27 18:54:59 DEBUG PlatformDependent0:193 ? sun.misc.Unsafe.storeFence: available
2023-04-27 18:54:59 DEBUG PlatformDependent0:236 ? java.nio.Buffer.address: available
2023-04-27 18:54:59 DEBUG PlatformDependent0:320 ? direct buffer constructor: unavailable: Reflective setAccessible(true) disabled
2023-04-27 18:54:59 DEBUG PlatformDependent0:385 ? java.nio.Bits.unaligned: available, true
2023-04-27 18:54:59 DEBUG PlatformDependent0:452 ? jdk.internal.misc.Unsafe.allocateUninitializedArray(int): unavailable: class io.netty.util.internal.PlatformDependent0$7 cannot access class jdk.internal.misc.Unsafe (in module java.base) because module java.base does not export jdk.internal.misc to unnamed module @5679c6c6
2023-04-27 18:54:59 DEBUG PlatformDependent0:482 ? java.nio.DirectByteBuffer.<init>(long, int): unavailable
2023-04-27 18:54:59 DEBUG PlatformDependent:1159 ? sun.misc.Unsafe: available
2023-04-27 18:54:59 DEBUG PlatformDependent:1270 ? maxDirectMemory: 5339348992 bytes (maybe)
2023-04-27 18:54:59 DEBUG PlatformDependent:1289 ? -Dio.netty.tmpdir: C:\Users\rohit\AppData\Local\Temp (java.io.tmpdir)
2023-04-27 18:54:59 DEBUG PlatformDependent:1368 ? -Dio.netty.bitMode: 64 (sun.arch.data.model)
2023-04-27 18:54:59 DEBUG PlatformDependent:1119 ? Platform: Windows
2023-04-27 18:54:59 DEBUG PlatformDependent:178 ? -Dio.netty.maxDirectMemory: -1 bytes
2023-04-27 18:54:59 DEBUG PlatformDependent:185 ? -Dio.netty.uninitializedArrayAllocationThreshold: -1
2023-04-27 18:54:59 DEBUG CleanerJava9:71 ? java.nio.ByteBuffer.cleaner(): available
2023-04-27 18:54:59 DEBUG PlatformDependent:205 ? -Dio.netty.noPreferDirect: false
2023-04-27 18:54:59 DEBUG PlatformDependent:1010 ? org.jctools-core.MpscChunkedArrayQueue: available
2023-04-27 18:54:59 DEBUG InternalThreadLocalMap:100 ? -Dio.netty.threadLocalMap.stringBuilder.initialSize: 1024
2023-04-27 18:54:59 DEBUG InternalThreadLocalMap:101 ? -Dio.netty.threadLocalMap.stringBuilder.maxSize: 4096
2023-04-27 18:54:59 DEBUG JdkSslContext:83 ? Default protocols (JDK): [TLSv1.3, TLSv1.2] 
2023-04-27 18:54:59 DEBUG JdkSslContext:84 ? Default cipher suites (JDK): [TLS_ECDHE_ECDSA_WITH_AES_256_GCM_SHA384, TLS_ECDHE_ECDSA_WITH_AES_128_GCM_SHA256, TLS_ECDHE_RSA_WITH_AES_128_GCM_SHA256, TLS_ECDHE_RSA_WITH_AES_256_GCM_SHA384, TLS_ECDHE_RSA_WITH_AES_128_CBC_SHA, TLS_ECDHE_RSA_WITH_AES_256_CBC_SHA, TLS_RSA_WITH_AES_128_GCM_SHA256, TLS_RSA_WITH_AES_128_CBC_SHA, TLS_RSA_WITH_AES_256_CBC_SHA, TLS_AES_128_GCM_SHA256, TLS_AES_256_GCM_SHA384]
2023-04-27 18:54:59 DEBUG GlobalEventExecutor:53 ? -Dio.netty.globalEventExecutor.quietPeriodSeconds: 1
2023-04-27 18:54:59 DEBUG MultithreadEventLoopGroup:44 ? -Dio.netty.eventLoopThreads: 16
2023-04-27 18:54:59 DEBUG NioEventLoop:110 ? -Dio.netty.noKeySetOptimization: false
2023-04-27 18:54:59 DEBUG NioEventLoop:111 ? -Dio.netty.selectorAutoRebuildThreshold: 512
2023-04-27 18:54:59 DEBUG PooledByteBufAllocator:157 ? -Dio.netty.allocator.numHeapArenas: 16
2023-04-27 18:54:59 DEBUG PooledByteBufAllocator:158 ? -Dio.netty.allocator.numDirectArenas: 16
2023-04-27 18:54:59 DEBUG PooledByteBufAllocator:160 ? -Dio.netty.allocator.pageSize: 8192
2023-04-27 18:54:59 DEBUG PooledByteBufAllocator:165 ? -Dio.netty.allocator.maxOrder: 9
2023-04-27 18:54:59 DEBUG PooledByteBufAllocator:169 ? -Dio.netty.allocator.chunkSize: 4194304
2023-04-27 18:54:59 DEBUG PooledByteBufAllocator:170 ? -Dio.netty.allocator.smallCacheSize: 256
2023-04-27 18:54:59 DEBUG PooledByteBufAllocator:171 ? -Dio.netty.allocator.normalCacheSize: 64
2023-04-27 18:54:59 DEBUG PooledByteBufAllocator:172 ? -Dio.netty.allocator.maxCachedBufferCapacity: 32768
2023-04-27 18:54:59 DEBUG PooledByteBufAllocator:173 ? -Dio.netty.allocator.cacheTrimInterval: 8192
2023-04-27 18:54:59 DEBUG PooledByteBufAllocator:174 ? -Dio.netty.allocator.cacheTrimIntervalMillis: 0
2023-04-27 18:54:59 DEBUG PooledByteBufAllocator:175 ? -Dio.netty.allocator.useCacheForAllThreads: false
2023-04-27 18:54:59 DEBUG PooledByteBufAllocator:176 ? -Dio.netty.allocator.maxCachedByteBuffersPerChunk: 1023
2023-04-27 18:54:59 DEBUG ByteBufUtil:88 ? -Dio.netty.allocator.type: pooled
2023-04-27 18:54:59 DEBUG ByteBufUtil:97 ? -Dio.netty.threadLocalDirectBufferSize: 0
2023-04-27 18:54:59 DEBUG ByteBufUtil:100 ? -Dio.netty.maxThreadLocalCharBufferSize: 16384
2023-04-27 18:55:00 DEBUG DefaultChannelId:79 ? -Dio.netty.processId: 32232 (auto-detected)
2023-04-27 18:55:00 DEBUG NetUtil:148 ? -Djava.net.preferIPv4Stack: false
2023-04-27 18:55:00 DEBUG NetUtil:149 ? -Djava.net.preferIPv6Addresses: false
2023-04-27 18:55:00 DEBUG NetUtilInitializations:145 ? Loopback interface: lo (Software Loopback Interface 1, 127.0.0.1)
2023-04-27 18:55:00 DEBUG NetUtil:206 ? Failed to get SOMAXCONN from sysctl and file \proc\sys\net\core\somaxconn. Default: 200
2023-04-27 18:55:00 DEBUG DefaultChannelId:101 ? -Dio.netty.machineId: 70:c9:4e:ff:fe:a9:98:9d (auto-detected)
2023-04-27 18:55:00 DEBUG AbstractByteBuf:63 ? -Dio.netty.buffer.checkAccessible: true
2023-04-27 18:55:00 DEBUG AbstractByteBuf:64 ? -Dio.netty.buffer.checkBounds: true
2023-04-27 18:55:00 DEBUG ResourceLeakDetectorFactory:196 ? Loaded default ResourceLeakDetector: io.netty.util.ResourceLeakDetector@1712b8c3
2023-04-27 18:55:00 DEBUG NettyConnectListener:73 ? Using new Channel '[id: 0x9cf81f77, L:/127.0.0.1:51212 - R:localhost/127.0.0.1:10211]' for 'POST' to '/session'
2023-04-27 18:55:00 DEBUG Recycler:96 ? -Dio.netty.recycler.maxCapacityPerThread: 4096
2023-04-27 18:55:00 DEBUG Recycler:97 ? -Dio.netty.recycler.ratio: 8
2023-04-27 18:55:00 DEBUG Recycler:98 ? -Dio.netty.recycler.chunkSize: 32
2023-04-27 18:55:00 DEBUG Recycler:99 ? -Dio.netty.recycler.blocking: false
2023-04-27 18:55:00 DEBUG Recycler:100 ? -Dio.netty.recycler.batchFastThreadLocalOnly: true
2023-04-27 18:55:01 DEBUG Brotli:38 ? brotli4j not in the classpath; Brotli support will be unavailable.
2023-04-27 18:55:01 DEBUG HttpHandler:70 ? 

Request DefaultHttpRequest(decodeResult: success, version: HTTP/1.1)
POST /session HTTP/1.1
User-Agent: selenium/4.9.0 (java windows)
Content-Length: 254
Content-Type: application/json; charset=utf-8
host: localhost:10211
accept: */*

Response DefaultHttpResponse(decodeResult: success, version: HTTP/1.1)
HTTP/1.1 200 OK
Content-Length: 860
Content-Type: application/json; charset=utf-8
cache-control: no-cache

2023-04-27 18:55:01 DEBUG ChannelManager:270 ? Adding key: http://localhost:10211 for channel [id: 0x9cf81f77, L:/127.0.0.1:51212 - R:localhost/127.0.0.1:10211]
2023-04-27 18:55:01 DEBUG NettyConnectListener:73 ? Using new Channel '[id: 0xd3968d9d, L:/127.0.0.1:51232 - R:localhost/127.0.0.1:51216]' for 'GET' to '/json/version'
2023-04-27 18:55:01 DEBUG HttpHandler:70 ? 

Request DefaultFullHttpRequest(decodeResult: success, version: HTTP/1.1, content: EmptyByteBufBE)
GET /json/version HTTP/1.1
User-Agent: selenium/4.9.0 (java windows)
host: localhost:51216
accept: */*

Response DefaultHttpResponse(decodeResult: success, version: HTTP/1.1)
HTTP/1.1 200 OK
Content-Security-Policy: frame-ancestors 'none'
Content-Length: 424
Content-Type: application/json; charset=UTF-8

2023-04-27 18:55:01 DEBUG ChannelManager:270 ? Adding key: http://localhost:51216 for channel [id: 0xd3968d9d, L:/127.0.0.1:51232 - R:localhost/127.0.0.1:51216]
2023-04-27 18:55:01 DEBUG ThreadLocalRandom:214 ? -Dio.netty.initialSeedUniquifier: 0xd8f807f2cc7c24dd
2023-04-27 18:55:01 DEBUG NettyConnectListener:73 ? Using new Channel '[id: 0x55bca1c3, L:/127.0.0.1:51233 - R:localhost/127.0.0.1:51216]' for 'GET' to '/devtools/browser/869609be-f66b-45d2-985f-8dc022fb57cd'
2023-04-27 18:55:01 DEBUG WebSocketHandler:105 ? 

Request DefaultFullHttpRequest(decodeResult: success, version: HTTP/1.1, content: EmptyByteBufBE)
GET /devtools/browser/869609be-f66b-45d2-985f-8dc022fb57cd HTTP/1.1
upgrade: websocket
connection: upgrade
sec-websocket-key: ZOkqMC0UNyKHf+JJEo9EkQ==
sec-websocket-version: 13
origin: http://localhost:51216
host: localhost:51216
accept: */*
user-agent: AHC/2.1

Response DefaultHttpResponse(decodeResult: success, version: HTTP/1.1)
HTTP/1.1 101 WebSocket Protocol Handshake
Upgrade: WebSocket
Connection: Upgrade
Sec-WebSocket-Accept: E9Plqm+5tFMssiEMSLfQCyNNJVY=

2023-04-27 18:55:01 DEBUG NettyRequestSender:593 ? Using pooled Channel '[id: 0x9cf81f77, L:/127.0.0.1:51212 - R:localhost/127.0.0.1:10211]' for 'POST' to 'http://localhost:10211/session/bd6c71d74086a8baa382f263e42e9e42/window/maximize'
2023-04-27 18:55:01 DEBUG NettyRequestSender:251 ? Using open Channel [id: 0x9cf81f77, L:/127.0.0.1:51212 - R:localhost/127.0.0.1:10211] for POST '/session/bd6c71d74086a8baa382f263e42e9e42/window/maximize'
2023-04-27 18:55:01 DEBUG DefaultChannelPool:348 ? Entry count for : http://localhost:51216 : 1
2023-04-27 18:55:02 DEBUG HttpHandler:70 ? 

Request DefaultHttpRequest(decodeResult: success, version: HTTP/1.1)
POST /session/bd6c71d74086a8baa382f263e42e9e42/window/maximize HTTP/1.1
User-Agent: selenium/4.9.0 (java windows)
Content-Length: 3
Content-Type: application/json; charset=utf-8
host: localhost:10211
accept: */*

Response DefaultHttpResponse(decodeResult: success, version: HTTP/1.1)
HTTP/1.1 200 OK
Content-Length: 52
Content-Type: application/json; charset=utf-8
cache-control: no-cache

2023-04-27 18:55:02 DEBUG ChannelManager:270 ? Adding key: http://localhost:10211 for channel [id: 0x9cf81f77, L:/127.0.0.1:51212 - R:localhost/127.0.0.1:10211]
2023-04-27 18:55:02 DEBUG NettyRequestSender:593 ? Using pooled Channel '[id: 0x9cf81f77, L:/127.0.0.1:51212 - R:localhost/127.0.0.1:10211]' for 'POST' to 'http://localhost:10211/session/bd6c71d74086a8baa382f263e42e9e42/timeouts'
2023-04-27 18:55:02 DEBUG NettyRequestSender:251 ? Using open Channel [id: 0x9cf81f77, L:/127.0.0.1:51212 - R:localhost/127.0.0.1:10211] for POST '/session/bd6c71d74086a8baa382f263e42e9e42/timeouts'
2023-04-27 18:55:02 DEBUG HttpHandler:70 ? 

Request DefaultHttpRequest(decodeResult: success, version: HTTP/1.1)
POST /session/bd6c71d74086a8baa382f263e42e9e42/timeouts HTTP/1.1
User-Agent: selenium/4.9.0 (java windows)
Content-Length: 23
Content-Type: application/json; charset=utf-8
host: localhost:10211
accept: */*

Response DefaultHttpResponse(decodeResult: success, version: HTTP/1.1)
HTTP/1.1 200 OK
Content-Length: 14
Content-Type: application/json; charset=utf-8
cache-control: no-cache

2023-04-27 18:55:02 DEBUG ChannelManager:270 ? Adding key: http://localhost:10211 for channel [id: 0x9cf81f77, L:/127.0.0.1:51212 - R:localhost/127.0.0.1:10211]
2023-04-27 18:55:02 DEBUG NettyRequestSender:593 ? Using pooled Channel '[id: 0x9cf81f77, L:/127.0.0.1:51212 - R:localhost/127.0.0.1:10211]' for 'POST' to 'http://localhost:10211/session/bd6c71d74086a8baa382f263e42e9e42/url'
2023-04-27 18:55:02 DEBUG NettyRequestSender:251 ? Using open Channel [id: 0x9cf81f77, L:/127.0.0.1:51212 - R:localhost/127.0.0.1:10211] for POST '/session/bd6c71d74086a8baa382f263e42e9e42/url'
2023-04-27 18:55:03 DEBUG DefaultChannelPool:348 ? Entry count for : http://localhost:51216 : 1
2023-04-27 18:55:03 DEBUG HttpHandler:70 ? 

Request DefaultHttpRequest(decodeResult: success, version: HTTP/1.1)
POST /session/bd6c71d74086a8baa382f263e42e9e42/url HTTP/1.1
User-Agent: selenium/4.9.0 (java windows)
Content-Length: 67
Content-Type: application/json; charset=utf-8
host: localhost:10211
accept: */*

Response DefaultHttpResponse(decodeResult: success, version: HTTP/1.1)
HTTP/1.1 200 OK
Content-Length: 14
Content-Type: application/json; charset=utf-8
cache-control: no-cache

2023-04-27 18:55:03 DEBUG ChannelManager:270 ? Adding key: http://localhost:10211 for channel [id: 0x9cf81f77, L:/127.0.0.1:51212 - R:localhost/127.0.0.1:10211]
2023-04-27 18:55:03 DEBUG NettyRequestSender:593 ? Using pooled Channel '[id: 0x9cf81f77, L:/127.0.0.1:51212 - R:localhost/127.0.0.1:10211]' for 'POST' to 'http://localhost:10211/session/bd6c71d74086a8baa382f263e42e9e42/element'
2023-04-27 18:55:03 DEBUG NettyRequestSender:251 ? Using open Channel [id: 0x9cf81f77, L:/127.0.0.1:51212 - R:localhost/127.0.0.1:10211] for POST '/session/bd6c71d74086a8baa382f263e42e9e42/element'
2023-04-27 18:55:03 DEBUG HttpHandler:70 ? 

Request DefaultHttpRequest(decodeResult: success, version: HTTP/1.1)
POST /session/bd6c71d74086a8baa382f263e42e9e42/element HTTP/1.1
User-Agent: selenium/4.9.0 (java windows)
Content-Length: 53
Content-Type: application/json; charset=utf-8
host: localhost:10211
accept: */*

Response DefaultHttpResponse(decodeResult: success, version: HTTP/1.1)
HTTP/1.1 200 OK
Content-Length: 88
Content-Type: application/json; charset=utf-8
cache-control: no-cache

2023-04-27 18:55:03 DEBUG ChannelManager:270 ? Adding key: http://localhost:10211 for channel [id: 0x9cf81f77, L:/127.0.0.1:51212 - R:localhost/127.0.0.1:10211]
2023-04-27 18:55:03 DEBUG NettyRequestSender:593 ? Using pooled Channel '[id: 0x9cf81f77, L:/127.0.0.1:51212 - R:localhost/127.0.0.1:10211]' for 'POST' to 'http://localhost:10211/session/bd6c71d74086a8baa382f263e42e9e42/execute/sync'
2023-04-27 18:55:03 DEBUG NettyRequestSender:251 ? Using open Channel [id: 0x9cf81f77, L:/127.0.0.1:51212 - R:localhost/127.0.0.1:10211] for POST '/session/bd6c71d74086a8baa382f263e42e9e42/execute/sync'
2023-04-27 18:55:03 DEBUG HttpHandler:70 ? 

Request DefaultHttpRequest(decodeResult: success, version: HTTP/1.1)
POST /session/bd6c71d74086a8baa382f263e42e9e42/execute/sync HTTP/1.1
User-Agent: selenium/4.9.0 (java windows)
Content-Length: 48807
Content-Type: application/json; charset=utf-8
host: localhost:10211
accept: */*

Response DefaultHttpResponse(decodeResult: success, version: HTTP/1.1)
HTTP/1.1 200 OK
Content-Length: 14
Content-Type: application/json; charset=utf-8
cache-control: no-cache

2023-04-27 18:55:03 DEBUG ChannelManager:270 ? Adding key: http://localhost:10211 for channel [id: 0x9cf81f77, L:/127.0.0.1:51212 - R:localhost/127.0.0.1:10211]
2023-04-27 18:55:03 DEBUG NettyRequestSender:593 ? Using pooled Channel '[id: 0x9cf81f77, L:/127.0.0.1:51212 - R:localhost/127.0.0.1:10211]' for 'POST' to 'http://localhost:10211/session/bd6c71d74086a8baa382f263e42e9e42/element'
2023-04-27 18:55:03 DEBUG NettyRequestSender:251 ? Using open Channel [id: 0x9cf81f77, L:/127.0.0.1:51212 - R:localhost/127.0.0.1:10211] for POST '/session/bd6c71d74086a8baa382f263e42e9e42/element'
2023-04-27 18:55:03 DEBUG HttpHandler:70 ? 

Request DefaultHttpRequest(decodeResult: success, version: HTTP/1.1)
POST /session/bd6c71d74086a8baa382f263e42e9e42/element HTTP/1.1
User-Agent: selenium/4.9.0 (java windows)
Content-Length: 54
Content-Type: application/json; charset=utf-8
host: localhost:10211
accept: */*

Response DefaultHttpResponse(decodeResult: success, version: HTTP/1.1)
HTTP/1.1 200 OK
Content-Length: 88
Content-Type: application/json; charset=utf-8
cache-control: no-cache

2023-04-27 18:55:03 DEBUG ChannelManager:270 ? Adding key: http://localhost:10211 for channel [id: 0x9cf81f77, L:/127.0.0.1:51212 - R:localhost/127.0.0.1:10211]
2023-04-27 18:55:03 DEBUG NettyRequestSender:593 ? Using pooled Channel '[id: 0x9cf81f77, L:/127.0.0.1:51212 - R:localhost/127.0.0.1:10211]' for 'POST' to 'http://localhost:10211/session/bd6c71d74086a8baa382f263e42e9e42/execute/sync'
2023-04-27 18:55:03 DEBUG NettyRequestSender:251 ? Using open Channel [id: 0x9cf81f77, L:/127.0.0.1:51212 - R:localhost/127.0.0.1:10211] for POST '/session/bd6c71d74086a8baa382f263e42e9e42/execute/sync'
2023-04-27 18:55:03 DEBUG HttpHandler:70 ? 

Request DefaultHttpRequest(decodeResult: success, version: HTTP/1.1)
POST /session/bd6c71d74086a8baa382f263e42e9e42/execute/sync HTTP/1.1
User-Agent: selenium/4.9.0 (java windows)
Content-Length: 48807
Content-Type: application/json; charset=utf-8
host: localhost:10211
accept: */*

Response DefaultHttpResponse(decodeResult: success, version: HTTP/1.1)
HTTP/1.1 200 OK
Content-Length: 14
Content-Type: application/json; charset=utf-8
cache-control: no-cache

2023-04-27 18:55:03 DEBUG ChannelManager:270 ? Adding key: http://localhost:10211 for channel [id: 0x9cf81f77, L:/127.0.0.1:51212 - R:localhost/127.0.0.1:10211]
2023-04-27 18:55:03 DEBUG NettyRequestSender:593 ? Using pooled Channel '[id: 0x9cf81f77, L:/127.0.0.1:51212 - R:localhost/127.0.0.1:10211]' for 'POST' to 'http://localhost:10211/session/bd6c71d74086a8baa382f263e42e9e42/element'
2023-04-27 18:55:03 DEBUG NettyRequestSender:251 ? Using open Channel [id: 0x9cf81f77, L:/127.0.0.1:51212 - R:localhost/127.0.0.1:10211] for POST '/session/bd6c71d74086a8baa382f263e42e9e42/element'
2023-04-27 18:55:03 DEBUG HttpHandler:70 ? 

Request DefaultHttpRequest(decodeResult: success, version: HTTP/1.1)
POST /session/bd6c71d74086a8baa382f263e42e9e42/element HTTP/1.1
User-Agent: selenium/4.9.0 (java windows)
Content-Length: 53
Content-Type: application/json; charset=utf-8
host: localhost:10211
accept: */*

Response DefaultHttpResponse(decodeResult: success, version: HTTP/1.1)
HTTP/1.1 200 OK
Content-Length: 88
Content-Type: application/json; charset=utf-8
cache-control: no-cache

2023-04-27 18:55:03 DEBUG ChannelManager:270 ? Adding key: http://localhost:10211 for channel [id: 0x9cf81f77, L:/127.0.0.1:51212 - R:localhost/127.0.0.1:10211]
2023-04-27 18:55:03 DEBUG NettyRequestSender:593 ? Using pooled Channel '[id: 0x9cf81f77, L:/127.0.0.1:51212 - R:localhost/127.0.0.1:10211]' for 'POST' to 'http://localhost:10211/session/bd6c71d74086a8baa382f263e42e9e42/execute/sync'
2023-04-27 18:55:03 DEBUG NettyRequestSender:251 ? Using open Channel [id: 0x9cf81f77, L:/127.0.0.1:51212 - R:localhost/127.0.0.1:10211] for POST '/session/bd6c71d74086a8baa382f263e42e9e42/execute/sync'
2023-04-27 18:55:03 DEBUG HttpHandler:70 ? 

Request DefaultHttpRequest(decodeResult: success, version: HTTP/1.1)
POST /session/bd6c71d74086a8baa382f263e42e9e42/execute/sync HTTP/1.1
User-Agent: selenium/4.9.0 (java windows)
Content-Length: 48807
Content-Type: application/json; charset=utf-8
host: localhost:10211
accept: */*

Response DefaultHttpResponse(decodeResult: success, version: HTTP/1.1)
HTTP/1.1 200 OK
Content-Length: 14
Content-Type: application/json; charset=utf-8
cache-control: no-cache

2023-04-27 18:55:03 DEBUG ChannelManager:270 ? Adding key: http://localhost:10211 for channel [id: 0x9cf81f77, L:/127.0.0.1:51212 - R:localhost/127.0.0.1:10211]
2023-04-27 18:55:03 DEBUG NettyRequestSender:593 ? Using pooled Channel '[id: 0x9cf81f77, L:/127.0.0.1:51212 - R:localhost/127.0.0.1:10211]' for 'POST' to 'http://localhost:10211/session/bd6c71d74086a8baa382f263e42e9e42/element'
2023-04-27 18:55:03 DEBUG NettyRequestSender:251 ? Using open Channel [id: 0x9cf81f77, L:/127.0.0.1:51212 - R:localhost/127.0.0.1:10211] for POST '/session/bd6c71d74086a8baa382f263e42e9e42/element'
2023-04-27 18:55:03 DEBUG HttpHandler:70 ? 

Request DefaultHttpRequest(decodeResult: success, version: HTTP/1.1)
POST /session/bd6c71d74086a8baa382f263e42e9e42/element HTTP/1.1
User-Agent: selenium/4.9.0 (java windows)
Content-Length: 53
Content-Type: application/json; charset=utf-8
host: localhost:10211
accept: */*

Response DefaultHttpResponse(decodeResult: success, version: HTTP/1.1)
HTTP/1.1 200 OK
Content-Length: 88
Content-Type: application/json; charset=utf-8
cache-control: no-cache

2023-04-27 18:55:03 DEBUG ChannelManager:270 ? Adding key: http://localhost:10211 for channel [id: 0x9cf81f77, L:/127.0.0.1:51212 - R:localhost/127.0.0.1:10211]
2023-04-27 18:55:03 DEBUG NettyRequestSender:593 ? Using pooled Channel '[id: 0x9cf81f77, L:/127.0.0.1:51212 - R:localhost/127.0.0.1:10211]' for 'POST' to 'http://localhost:10211/session/bd6c71d74086a8baa382f263e42e9e42/execute/sync'
2023-04-27 18:55:03 DEBUG NettyRequestSender:251 ? Using open Channel [id: 0x9cf81f77, L:/127.0.0.1:51212 - R:localhost/127.0.0.1:10211] for POST '/session/bd6c71d74086a8baa382f263e42e9e42/execute/sync'
2023-04-27 18:55:03 DEBUG HttpHandler:70 ? 

Request DefaultHttpRequest(decodeResult: success, version: HTTP/1.1)
POST /session/bd6c71d74086a8baa382f263e42e9e42/execute/sync HTTP/1.1
User-Agent: selenium/4.9.0 (java windows)
Content-Length: 48807
Content-Type: application/json; charset=utf-8
host: localhost:10211
accept: */*

Response DefaultHttpResponse(decodeResult: success, version: HTTP/1.1)
HTTP/1.1 200 OK
Content-Length: 14
Content-Type: application/json; charset=utf-8
cache-control: no-cache

2023-04-27 18:55:03 DEBUG ChannelManager:270 ? Adding key: http://localhost:10211 for channel [id: 0x9cf81f77, L:/127.0.0.1:51212 - R:localhost/127.0.0.1:10211]
2023-04-27 18:55:03 DEBUG NettyRequestSender:593 ? Using pooled Channel '[id: 0x9cf81f77, L:/127.0.0.1:51212 - R:localhost/127.0.0.1:10211]' for 'POST' to 'http://localhost:10211/session/bd6c71d74086a8baa382f263e42e9e42/element'
2023-04-27 18:55:03 DEBUG NettyRequestSender:251 ? Using open Channel [id: 0x9cf81f77, L:/127.0.0.1:51212 - R:localhost/127.0.0.1:10211] for POST '/session/bd6c71d74086a8baa382f263e42e9e42/element'
2023-04-27 18:55:03 DEBUG HttpHandler:70 ? 

Request DefaultHttpRequest(decodeResult: success, version: HTTP/1.1)
POST /session/bd6c71d74086a8baa382f263e42e9e42/element HTTP/1.1
User-Agent: selenium/4.9.0 (java windows)
Content-Length: 60
Content-Type: application/json; charset=utf-8
host: localhost:10211
accept: */*

Response DefaultHttpResponse(decodeResult: success, version: HTTP/1.1)
HTTP/1.1 200 OK
Content-Length: 88
Content-Type: application/json; charset=utf-8
cache-control: no-cache

2023-04-27 18:55:03 DEBUG ChannelManager:270 ? Adding key: http://localhost:10211 for channel [id: 0x9cf81f77, L:/127.0.0.1:51212 - R:localhost/127.0.0.1:10211]
2023-04-27 18:55:03 DEBUG NettyRequestSender:593 ? Using pooled Channel '[id: 0x9cf81f77, L:/127.0.0.1:51212 - R:localhost/127.0.0.1:10211]' for 'POST' to 'http://localhost:10211/session/bd6c71d74086a8baa382f263e42e9e42/execute/sync'
2023-04-27 18:55:03 DEBUG NettyRequestSender:251 ? Using open Channel [id: 0x9cf81f77, L:/127.0.0.1:51212 - R:localhost/127.0.0.1:10211] for POST '/session/bd6c71d74086a8baa382f263e42e9e42/execute/sync'
2023-04-27 18:55:03 DEBUG HttpHandler:70 ? 

Request DefaultHttpRequest(decodeResult: success, version: HTTP/1.1)
POST /session/bd6c71d74086a8baa382f263e42e9e42/execute/sync HTTP/1.1
User-Agent: selenium/4.9.0 (java windows)
Content-Length: 48807
Content-Type: application/json; charset=utf-8
host: localhost:10211
accept: */*

Response DefaultHttpResponse(decodeResult: success, version: HTTP/1.1)
HTTP/1.1 200 OK
Content-Length: 14
Content-Type: application/json; charset=utf-8
cache-control: no-cache

2023-04-27 18:55:03 DEBUG ChannelManager:270 ? Adding key: http://localhost:10211 for channel [id: 0x9cf81f77, L:/127.0.0.1:51212 - R:localhost/127.0.0.1:10211]
2023-04-27 18:55:03 DEBUG NettyRequestSender:593 ? Using pooled Channel '[id: 0x9cf81f77, L:/127.0.0.1:51212 - R:localhost/127.0.0.1:10211]' for 'POST' to 'http://localhost:10211/session/bd6c71d74086a8baa382f263e42e9e42/element'
2023-04-27 18:55:03 DEBUG NettyRequestSender:251 ? Using open Channel [id: 0x9cf81f77, L:/127.0.0.1:51212 - R:localhost/127.0.0.1:10211] for POST '/session/bd6c71d74086a8baa382f263e42e9e42/element'
2023-04-27 18:55:03 DEBUG HttpHandler:70 ? 

Request DefaultHttpRequest(decodeResult: success, version: HTTP/1.1)
POST /session/bd6c71d74086a8baa382f263e42e9e42/element HTTP/1.1
User-Agent: selenium/4.9.0 (java windows)
Content-Length: 53
Content-Type: application/json; charset=utf-8
host: localhost:10211
accept: */*

Response DefaultHttpResponse(decodeResult: success, version: HTTP/1.1)
HTTP/1.1 200 OK
Content-Length: 88
Content-Type: application/json; charset=utf-8
cache-control: no-cache

2023-04-27 18:55:03 DEBUG ChannelManager:270 ? Adding key: http://localhost:10211 for channel [id: 0x9cf81f77, L:/127.0.0.1:51212 - R:localhost/127.0.0.1:10211]
2023-04-27 18:55:03 DEBUG NettyRequestSender:593 ? Using pooled Channel '[id: 0x9cf81f77, L:/127.0.0.1:51212 - R:localhost/127.0.0.1:10211]' for 'POST' to 'http://localhost:10211/session/bd6c71d74086a8baa382f263e42e9e42/actions'
2023-04-27 18:55:03 DEBUG NettyRequestSender:251 ? Using open Channel [id: 0x9cf81f77, L:/127.0.0.1:51212 - R:localhost/127.0.0.1:10211] for POST '/session/bd6c71d74086a8baa382f263e42e9e42/actions'
2023-04-27 18:55:03 DEBUG HttpHandler:70 ? 

Request DefaultHttpRequest(decodeResult: success, version: HTTP/1.1)
POST /session/bd6c71d74086a8baa382f263e42e9e42/actions HTTP/1.1
User-Agent: selenium/4.9.0 (java windows)
Content-Length: 3755
Content-Type: application/json; charset=utf-8
host: localhost:10211
accept: */*

Response DefaultHttpResponse(decodeResult: success, version: HTTP/1.1)
HTTP/1.1 200 OK
Content-Length: 14
Content-Type: application/json; charset=utf-8
cache-control: no-cache

2023-04-27 18:55:03 DEBUG ChannelManager:270 ? Adding key: http://localhost:10211 for channel [id: 0x9cf81f77, L:/127.0.0.1:51212 - R:localhost/127.0.0.1:10211]
2023-04-27 18:55:03 DEBUG NettyRequestSender:593 ? Using pooled Channel '[id: 0x9cf81f77, L:/127.0.0.1:51212 - R:localhost/127.0.0.1:10211]' for 'POST' to 'http://localhost:10211/session/bd6c71d74086a8baa382f263e42e9e42/element'
2023-04-27 18:55:03 DEBUG NettyRequestSender:251 ? Using open Channel [id: 0x9cf81f77, L:/127.0.0.1:51212 - R:localhost/127.0.0.1:10211] for POST '/session/bd6c71d74086a8baa382f263e42e9e42/element'
2023-04-27 18:55:03 DEBUG HttpHandler:70 ? 

Request DefaultHttpRequest(decodeResult: success, version: HTTP/1.1)
POST /session/bd6c71d74086a8baa382f263e42e9e42/element HTTP/1.1
User-Agent: selenium/4.9.0 (java windows)
Content-Length: 54
Content-Type: application/json; charset=utf-8
host: localhost:10211
accept: */*

Response DefaultHttpResponse(decodeResult: success, version: HTTP/1.1)
HTTP/1.1 200 OK
Content-Length: 88
Content-Type: application/json; charset=utf-8
cache-control: no-cache

2023-04-27 18:55:03 DEBUG ChannelManager:270 ? Adding key: http://localhost:10211 for channel [id: 0x9cf81f77, L:/127.0.0.1:51212 - R:localhost/127.0.0.1:10211]
2023-04-27 18:55:03 DEBUG NettyRequestSender:593 ? Using pooled Channel '[id: 0x9cf81f77, L:/127.0.0.1:51212 - R:localhost/127.0.0.1:10211]' for 'POST' to 'http://localhost:10211/session/bd6c71d74086a8baa382f263e42e9e42/actions'
2023-04-27 18:55:03 DEBUG NettyRequestSender:251 ? Using open Channel [id: 0x9cf81f77, L:/127.0.0.1:51212 - R:localhost/127.0.0.1:10211] for POST '/session/bd6c71d74086a8baa382f263e42e9e42/actions'
2023-04-27 18:55:03 DEBUG HttpHandler:70 ? 

Request DefaultHttpRequest(decodeResult: success, version: HTTP/1.1)
POST /session/bd6c71d74086a8baa382f263e42e9e42/actions HTTP/1.1
User-Agent: selenium/4.9.0 (java windows)
Content-Length: 3755
Content-Type: application/json; charset=utf-8
host: localhost:10211
accept: */*

Response DefaultHttpResponse(decodeResult: success, version: HTTP/1.1)
HTTP/1.1 200 OK
Content-Length: 14
Content-Type: application/json; charset=utf-8
cache-control: no-cache

2023-04-27 18:55:03 DEBUG ChannelManager:270 ? Adding key: http://localhost:10211 for channel [id: 0x9cf81f77, L:/127.0.0.1:51212 - R:localhost/127.0.0.1:10211]
2023-04-27 18:55:03 DEBUG NettyRequestSender:593 ? Using pooled Channel '[id: 0x9cf81f77, L:/127.0.0.1:51212 - R:localhost/127.0.0.1:10211]' for 'POST' to 'http://localhost:10211/session/bd6c71d74086a8baa382f263e42e9e42/element'
2023-04-27 18:55:03 DEBUG NettyRequestSender:251 ? Using open Channel [id: 0x9cf81f77, L:/127.0.0.1:51212 - R:localhost/127.0.0.1:10211] for POST '/session/bd6c71d74086a8baa382f263e42e9e42/element'
2023-04-27 18:55:03 DEBUG HttpHandler:70 ? 

Request DefaultHttpRequest(decodeResult: success, version: HTTP/1.1)
POST /session/bd6c71d74086a8baa382f263e42e9e42/element HTTP/1.1
User-Agent: selenium/4.9.0 (java windows)
Content-Length: 53
Content-Type: application/json; charset=utf-8
host: localhost:10211
accept: */*

Response DefaultHttpResponse(decodeResult: success, version: HTTP/1.1)
HTTP/1.1 200 OK
Content-Length: 88
Content-Type: application/json; charset=utf-8
cache-control: no-cache

2023-04-27 18:55:03 DEBUG ChannelManager:270 ? Adding key: http://localhost:10211 for channel [id: 0x9cf81f77, L:/127.0.0.1:51212 - R:localhost/127.0.0.1:10211]
2023-04-27 18:55:03 DEBUG NettyRequestSender:593 ? Using pooled Channel '[id: 0x9cf81f77, L:/127.0.0.1:51212 - R:localhost/127.0.0.1:10211]' for 'POST' to 'http://localhost:10211/session/bd6c71d74086a8baa382f263e42e9e42/actions'
2023-04-27 18:55:03 DEBUG NettyRequestSender:251 ? Using open Channel [id: 0x9cf81f77, L:/127.0.0.1:51212 - R:localhost/127.0.0.1:10211] for POST '/session/bd6c71d74086a8baa382f263e42e9e42/actions'
2023-04-27 18:55:04 DEBUG HttpHandler:70 ? 

Request DefaultHttpRequest(decodeResult: success, version: HTTP/1.1)
POST /session/bd6c71d74086a8baa382f263e42e9e42/actions HTTP/1.1
User-Agent: selenium/4.9.0 (java windows)
Content-Length: 3755
Content-Type: application/json; charset=utf-8
host: localhost:10211
accept: */*

Response DefaultHttpResponse(decodeResult: success, version: HTTP/1.1)
HTTP/1.1 200 OK
Content-Length: 14
Content-Type: application/json; charset=utf-8
cache-control: no-cache

2023-04-27 18:55:04 DEBUG ChannelManager:270 ? Adding key: http://localhost:10211 for channel [id: 0x9cf81f77, L:/127.0.0.1:51212 - R:localhost/127.0.0.1:10211]
2023-04-27 18:55:04 DEBUG NettyRequestSender:593 ? Using pooled Channel '[id: 0x9cf81f77, L:/127.0.0.1:51212 - R:localhost/127.0.0.1:10211]' for 'POST' to 'http://localhost:10211/session/bd6c71d74086a8baa382f263e42e9e42/element'
2023-04-27 18:55:04 DEBUG NettyRequestSender:251 ? Using open Channel [id: 0x9cf81f77, L:/127.0.0.1:51212 - R:localhost/127.0.0.1:10211] for POST '/session/bd6c71d74086a8baa382f263e42e9e42/element'
2023-04-27 18:55:04 DEBUG HttpHandler:70 ? 

Request DefaultHttpRequest(decodeResult: success, version: HTTP/1.1)
POST /session/bd6c71d74086a8baa382f263e42e9e42/element HTTP/1.1
User-Agent: selenium/4.9.0 (java windows)
Content-Length: 53
Content-Type: application/json; charset=utf-8
host: localhost:10211
accept: */*

Response DefaultHttpResponse(decodeResult: success, version: HTTP/1.1)
HTTP/1.1 200 OK
Content-Length: 88
Content-Type: application/json; charset=utf-8
cache-control: no-cache

2023-04-27 18:55:04 DEBUG ChannelManager:270 ? Adding key: http://localhost:10211 for channel [id: 0x9cf81f77, L:/127.0.0.1:51212 - R:localhost/127.0.0.1:10211]
2023-04-27 18:55:04 DEBUG NettyRequestSender:593 ? Using pooled Channel '[id: 0x9cf81f77, L:/127.0.0.1:51212 - R:localhost/127.0.0.1:10211]' for 'POST' to 'http://localhost:10211/session/bd6c71d74086a8baa382f263e42e9e42/actions'
2023-04-27 18:55:04 DEBUG NettyRequestSender:251 ? Using open Channel [id: 0x9cf81f77, L:/127.0.0.1:51212 - R:localhost/127.0.0.1:10211] for POST '/session/bd6c71d74086a8baa382f263e42e9e42/actions'
2023-04-27 18:55:04 DEBUG DefaultChannelPool:348 ? Entry count for : http://localhost:51216 : 1
2023-04-27 18:55:04 DEBUG HttpHandler:70 ? 

Request DefaultHttpRequest(decodeResult: success, version: HTTP/1.1)
POST /session/bd6c71d74086a8baa382f263e42e9e42/actions HTTP/1.1
User-Agent: selenium/4.9.0 (java windows)
Content-Length: 3755
Content-Type: application/json; charset=utf-8
host: localhost:10211
accept: */*

Response DefaultHttpResponse(decodeResult: success, version: HTTP/1.1)
HTTP/1.1 200 OK
Content-Length: 14
Content-Type: application/json; charset=utf-8
cache-control: no-cache

2023-04-27 18:55:04 DEBUG ChannelManager:270 ? Adding key: http://localhost:10211 for channel [id: 0x9cf81f77, L:/127.0.0.1:51212 - R:localhost/127.0.0.1:10211]
2023-04-27 18:55:04 DEBUG NettyRequestSender:593 ? Using pooled Channel '[id: 0x9cf81f77, L:/127.0.0.1:51212 - R:localhost/127.0.0.1:10211]' for 'POST' to 'http://localhost:10211/session/bd6c71d74086a8baa382f263e42e9e42/element'
2023-04-27 18:55:04 DEBUG NettyRequestSender:251 ? Using open Channel [id: 0x9cf81f77, L:/127.0.0.1:51212 - R:localhost/127.0.0.1:10211] for POST '/session/bd6c71d74086a8baa382f263e42e9e42/element'
2023-04-27 18:55:04 DEBUG HttpHandler:70 ? 

Request DefaultHttpRequest(decodeResult: success, version: HTTP/1.1)
POST /session/bd6c71d74086a8baa382f263e42e9e42/element HTTP/1.1
User-Agent: selenium/4.9.0 (java windows)
Content-Length: 60
Content-Type: application/json; charset=utf-8
host: localhost:10211
accept: */*

Response DefaultHttpResponse(decodeResult: success, version: HTTP/1.1)
HTTP/1.1 200 OK
Content-Length: 88
Content-Type: application/json; charset=utf-8
cache-control: no-cache

2023-04-27 18:55:04 DEBUG ChannelManager:270 ? Adding key: http://localhost:10211 for channel [id: 0x9cf81f77, L:/127.0.0.1:51212 - R:localhost/127.0.0.1:10211]
2023-04-27 18:55:04 DEBUG NettyRequestSender:593 ? Using pooled Channel '[id: 0x9cf81f77, L:/127.0.0.1:51212 - R:localhost/127.0.0.1:10211]' for 'POST' to 'http://localhost:10211/session/bd6c71d74086a8baa382f263e42e9e42/actions'
2023-04-27 18:55:04 DEBUG NettyRequestSender:251 ? Using open Channel [id: 0x9cf81f77, L:/127.0.0.1:51212 - R:localhost/127.0.0.1:10211] for POST '/session/bd6c71d74086a8baa382f263e42e9e42/actions'
2023-04-27 18:55:04 DEBUG HttpHandler:70 ? 

Request DefaultHttpRequest(decodeResult: success, version: HTTP/1.1)
POST /session/bd6c71d74086a8baa382f263e42e9e42/actions HTTP/1.1
User-Agent: selenium/4.9.0 (java windows)
Content-Length: 3755
Content-Type: application/json; charset=utf-8
host: localhost:10211
accept: */*

Response DefaultHttpResponse(decodeResult: success, version: HTTP/1.1)
HTTP/1.1 200 OK
Content-Length: 14
Content-Type: application/json; charset=utf-8
cache-control: no-cache

2023-04-27 18:55:04 DEBUG ChannelManager:270 ? Adding key: http://localhost:10211 for channel [id: 0x9cf81f77, L:/127.0.0.1:51212 - R:localhost/127.0.0.1:10211]
2023-04-27 19:09:48 DEBUG InternalLoggerFactory:63 ? Using SLF4J as the default logging framework
2023-04-27 19:09:48 DEBUG ResourceLeakDetector:129 ? -Dio.netty.leakDetection.level: simple
2023-04-27 19:09:48 DEBUG ResourceLeakDetector:130 ? -Dio.netty.leakDetection.targetRecords: 4
2023-04-27 19:09:48 DEBUG ResourceLeakDetectorFactory:196 ? Loaded default ResourceLeakDetector: io.netty.util.ResourceLeakDetector@63c5efee
2023-04-27 19:09:48 DEBUG PlatformDependent0:496 ? -Dio.netty.noUnsafe: false
2023-04-27 19:09:48 DEBUG PlatformDependent0:1000 ? Java version: 19
2023-04-27 19:09:48 DEBUG PlatformDependent0:137 ? sun.misc.Unsafe.theUnsafe: available
2023-04-27 19:09:48 DEBUG PlatformDependent0:161 ? sun.misc.Unsafe.copyMemory: available
2023-04-27 19:09:48 DEBUG PlatformDependent0:193 ? sun.misc.Unsafe.storeFence: available
2023-04-27 19:09:48 DEBUG PlatformDependent0:236 ? java.nio.Buffer.address: available
2023-04-27 19:09:48 DEBUG PlatformDependent0:320 ? direct buffer constructor: unavailable: Reflective setAccessible(true) disabled
2023-04-27 19:09:48 DEBUG PlatformDependent0:385 ? java.nio.Bits.unaligned: available, true
2023-04-27 19:09:48 DEBUG PlatformDependent0:452 ? jdk.internal.misc.Unsafe.allocateUninitializedArray(int): unavailable: class io.netty.util.internal.PlatformDependent0$7 cannot access class jdk.internal.misc.Unsafe (in module java.base) because module java.base does not export jdk.internal.misc to unnamed module @5679c6c6
2023-04-27 19:09:48 DEBUG PlatformDependent0:482 ? java.nio.DirectByteBuffer.<init>(long, int): unavailable
2023-04-27 19:09:48 DEBUG PlatformDependent:1159 ? sun.misc.Unsafe: available
2023-04-27 19:09:48 DEBUG PlatformDependent:1270 ? maxDirectMemory: 5339348992 bytes (maybe)
2023-04-27 19:09:48 DEBUG PlatformDependent:1289 ? -Dio.netty.tmpdir: C:\Users\rohit\AppData\Local\Temp (java.io.tmpdir)
2023-04-27 19:09:48 DEBUG PlatformDependent:1368 ? -Dio.netty.bitMode: 64 (sun.arch.data.model)
2023-04-27 19:09:48 DEBUG PlatformDependent:1119 ? Platform: Windows
2023-04-27 19:09:48 DEBUG PlatformDependent:178 ? -Dio.netty.maxDirectMemory: -1 bytes
2023-04-27 19:09:48 DEBUG PlatformDependent:185 ? -Dio.netty.uninitializedArrayAllocationThreshold: -1
2023-04-27 19:09:48 DEBUG CleanerJava9:71 ? java.nio.ByteBuffer.cleaner(): available
2023-04-27 19:09:48 DEBUG PlatformDependent:205 ? -Dio.netty.noPreferDirect: false
2023-04-27 19:09:48 DEBUG PlatformDependent:1010 ? org.jctools-core.MpscChunkedArrayQueue: available
2023-04-27 19:09:48 DEBUG InternalThreadLocalMap:100 ? -Dio.netty.threadLocalMap.stringBuilder.initialSize: 1024
2023-04-27 19:09:48 DEBUG InternalThreadLocalMap:101 ? -Dio.netty.threadLocalMap.stringBuilder.maxSize: 4096
2023-04-27 19:09:48 DEBUG JdkSslContext:83 ? Default protocols (JDK): [TLSv1.3, TLSv1.2] 
2023-04-27 19:09:48 DEBUG JdkSslContext:84 ? Default cipher suites (JDK): [TLS_ECDHE_ECDSA_WITH_AES_256_GCM_SHA384, TLS_ECDHE_ECDSA_WITH_AES_128_GCM_SHA256, TLS_ECDHE_RSA_WITH_AES_128_GCM_SHA256, TLS_ECDHE_RSA_WITH_AES_256_GCM_SHA384, TLS_ECDHE_RSA_WITH_AES_128_CBC_SHA, TLS_ECDHE_RSA_WITH_AES_256_CBC_SHA, TLS_RSA_WITH_AES_128_GCM_SHA256, TLS_RSA_WITH_AES_128_CBC_SHA, TLS_RSA_WITH_AES_256_CBC_SHA, TLS_AES_128_GCM_SHA256, TLS_AES_256_GCM_SHA384]
2023-04-27 19:09:48 DEBUG GlobalEventExecutor:53 ? -Dio.netty.globalEventExecutor.quietPeriodSeconds: 1
2023-04-27 19:09:48 DEBUG MultithreadEventLoopGroup:44 ? -Dio.netty.eventLoopThreads: 16
2023-04-27 19:09:49 DEBUG NioEventLoop:110 ? -Dio.netty.noKeySetOptimization: false
2023-04-27 19:09:49 DEBUG NioEventLoop:111 ? -Dio.netty.selectorAutoRebuildThreshold: 512
2023-04-27 19:09:49 DEBUG PooledByteBufAllocator:157 ? -Dio.netty.allocator.numHeapArenas: 16
2023-04-27 19:09:49 DEBUG PooledByteBufAllocator:158 ? -Dio.netty.allocator.numDirectArenas: 16
2023-04-27 19:09:49 DEBUG PooledByteBufAllocator:160 ? -Dio.netty.allocator.pageSize: 8192
2023-04-27 19:09:49 DEBUG PooledByteBufAllocator:165 ? -Dio.netty.allocator.maxOrder: 9
2023-04-27 19:09:49 DEBUG PooledByteBufAllocator:169 ? -Dio.netty.allocator.chunkSize: 4194304
2023-04-27 19:09:49 DEBUG PooledByteBufAllocator:170 ? -Dio.netty.allocator.smallCacheSize: 256
2023-04-27 19:09:49 DEBUG PooledByteBufAllocator:171 ? -Dio.netty.allocator.normalCacheSize: 64
2023-04-27 19:09:49 DEBUG PooledByteBufAllocator:172 ? -Dio.netty.allocator.maxCachedBufferCapacity: 32768
2023-04-27 19:09:49 DEBUG PooledByteBufAllocator:173 ? -Dio.netty.allocator.cacheTrimInterval: 8192
2023-04-27 19:09:49 DEBUG PooledByteBufAllocator:174 ? -Dio.netty.allocator.cacheTrimIntervalMillis: 0
2023-04-27 19:09:49 DEBUG PooledByteBufAllocator:175 ? -Dio.netty.allocator.useCacheForAllThreads: false
2023-04-27 19:09:49 DEBUG PooledByteBufAllocator:176 ? -Dio.netty.allocator.maxCachedByteBuffersPerChunk: 1023
2023-04-27 19:09:49 DEBUG ByteBufUtil:88 ? -Dio.netty.allocator.type: pooled
2023-04-27 19:09:49 DEBUG ByteBufUtil:97 ? -Dio.netty.threadLocalDirectBufferSize: 0
2023-04-27 19:09:49 DEBUG ByteBufUtil:100 ? -Dio.netty.maxThreadLocalCharBufferSize: 16384
2023-04-27 19:09:49 DEBUG DefaultChannelId:79 ? -Dio.netty.processId: 22044 (auto-detected)
2023-04-27 19:09:49 DEBUG NetUtil:148 ? -Djava.net.preferIPv4Stack: false
2023-04-27 19:09:49 DEBUG NetUtil:149 ? -Djava.net.preferIPv6Addresses: false
2023-04-27 19:09:49 DEBUG NetUtilInitializations:145 ? Loopback interface: lo (Software Loopback Interface 1, 127.0.0.1)
2023-04-27 19:09:49 DEBUG NetUtil:206 ? Failed to get SOMAXCONN from sysctl and file \proc\sys\net\core\somaxconn. Default: 200
2023-04-27 19:09:49 DEBUG DefaultChannelId:101 ? -Dio.netty.machineId: 70:c9:4e:ff:fe:a9:98:9d (auto-detected)
2023-04-27 19:09:49 DEBUG AbstractByteBuf:63 ? -Dio.netty.buffer.checkAccessible: true
2023-04-27 19:09:49 DEBUG AbstractByteBuf:64 ? -Dio.netty.buffer.checkBounds: true
2023-04-27 19:09:49 DEBUG ResourceLeakDetectorFactory:196 ? Loaded default ResourceLeakDetector: io.netty.util.ResourceLeakDetector@4ddd2233
2023-04-27 19:09:49 DEBUG NettyConnectListener:73 ? Using new Channel '[id: 0x1bca5027, L:/127.0.0.1:52903 - R:localhost/127.0.0.1:5954]' for 'POST' to '/session'
2023-04-27 19:09:49 DEBUG Recycler:96 ? -Dio.netty.recycler.maxCapacityPerThread: 4096
2023-04-27 19:09:49 DEBUG Recycler:97 ? -Dio.netty.recycler.ratio: 8
2023-04-27 19:09:49 DEBUG Recycler:98 ? -Dio.netty.recycler.chunkSize: 32
2023-04-27 19:09:49 DEBUG Recycler:99 ? -Dio.netty.recycler.blocking: false
2023-04-27 19:09:49 DEBUG Recycler:100 ? -Dio.netty.recycler.batchFastThreadLocalOnly: true
2023-04-27 19:09:50 DEBUG Brotli:38 ? brotli4j not in the classpath; Brotli support will be unavailable.
2023-04-27 19:09:50 DEBUG HttpHandler:70 ? 

Request DefaultHttpRequest(decodeResult: success, version: HTTP/1.1)
POST /session HTTP/1.1
User-Agent: selenium/4.9.0 (java windows)
Content-Length: 254
Content-Type: application/json; charset=utf-8
host: localhost:5954
accept: */*

Response DefaultHttpResponse(decodeResult: success, version: HTTP/1.1)
HTTP/1.1 200 OK
Content-Length: 860
Content-Type: application/json; charset=utf-8
cache-control: no-cache

2023-04-27 19:09:50 DEBUG ChannelManager:270 ? Adding key: http://localhost:5954 for channel [id: 0x1bca5027, L:/127.0.0.1:52903 - R:localhost/127.0.0.1:5954]
2023-04-27 19:09:51 DEBUG DefaultChannelPool:348 ? Entry count for : http://localhost:5954 : 1
2023-04-27 19:09:51 DEBUG NettyConnectListener:73 ? Using new Channel '[id: 0xdf249efc, L:/127.0.0.1:52922 - R:localhost/127.0.0.1:52906]' for 'GET' to '/json/version'
2023-04-27 19:09:51 DEBUG HttpHandler:70 ? 

Request DefaultFullHttpRequest(decodeResult: success, version: HTTP/1.1, content: EmptyByteBufBE)
GET /json/version HTTP/1.1
User-Agent: selenium/4.9.0 (java windows)
host: localhost:52906
accept: */*

Response DefaultHttpResponse(decodeResult: success, version: HTTP/1.1)
HTTP/1.1 200 OK
Content-Security-Policy: frame-ancestors 'none'
Content-Length: 424
Content-Type: application/json; charset=UTF-8

2023-04-27 19:09:51 DEBUG ChannelManager:270 ? Adding key: http://localhost:52906 for channel [id: 0xdf249efc, L:/127.0.0.1:52922 - R:localhost/127.0.0.1:52906]
2023-04-27 19:09:51 DEBUG ThreadLocalRandom:214 ? -Dio.netty.initialSeedUniquifier: 0xb0eb089cfe7619c1
2023-04-27 19:09:51 DEBUG NettyConnectListener:73 ? Using new Channel '[id: 0x73cf5aec, L:/127.0.0.1:52923 - R:localhost/127.0.0.1:52906]' for 'GET' to '/devtools/browser/b36178cf-3115-400a-9f80-e7fbd929a7a4'
2023-04-27 19:09:51 DEBUG WebSocketHandler:105 ? 

Request DefaultFullHttpRequest(decodeResult: success, version: HTTP/1.1, content: EmptyByteBufBE)
GET /devtools/browser/b36178cf-3115-400a-9f80-e7fbd929a7a4 HTTP/1.1
upgrade: websocket
connection: upgrade
sec-websocket-key: VtuizK3hMmmPWR8M+MhbjQ==
sec-websocket-version: 13
origin: http://localhost:52906
host: localhost:52906
accept: */*
user-agent: AHC/2.1

Response DefaultHttpResponse(decodeResult: success, version: HTTP/1.1)
HTTP/1.1 101 WebSocket Protocol Handshake
Upgrade: WebSocket
Connection: Upgrade
Sec-WebSocket-Accept: bqPDLaisAIAE27hplJCf4q7UhTc=

2023-04-27 19:09:51 DEBUG NettyRequestSender:593 ? Using pooled Channel '[id: 0x1bca5027, L:/127.0.0.1:52903 - R:localhost/127.0.0.1:5954]' for 'POST' to 'http://localhost:5954/session/6b5c05b03652bbfe3ae6b4079778dc7a/window/maximize'
2023-04-27 19:09:51 DEBUG NettyRequestSender:251 ? Using open Channel [id: 0x1bca5027, L:/127.0.0.1:52903 - R:localhost/127.0.0.1:5954] for POST '/session/6b5c05b03652bbfe3ae6b4079778dc7a/window/maximize'
2023-04-27 19:09:51 DEBUG HttpHandler:70 ? 

Request DefaultHttpRequest(decodeResult: success, version: HTTP/1.1)
POST /session/6b5c05b03652bbfe3ae6b4079778dc7a/window/maximize HTTP/1.1
User-Agent: selenium/4.9.0 (java windows)
Content-Length: 3
Content-Type: application/json; charset=utf-8
host: localhost:5954
accept: */*

Response DefaultHttpResponse(decodeResult: success, version: HTTP/1.1)
HTTP/1.1 200 OK
Content-Length: 52
Content-Type: application/json; charset=utf-8
cache-control: no-cache

2023-04-27 19:09:51 DEBUG ChannelManager:270 ? Adding key: http://localhost:5954 for channel [id: 0x1bca5027, L:/127.0.0.1:52903 - R:localhost/127.0.0.1:5954]
2023-04-27 19:09:51 DEBUG NettyRequestSender:593 ? Using pooled Channel '[id: 0x1bca5027, L:/127.0.0.1:52903 - R:localhost/127.0.0.1:5954]' for 'POST' to 'http://localhost:5954/session/6b5c05b03652bbfe3ae6b4079778dc7a/timeouts'
2023-04-27 19:09:51 DEBUG NettyRequestSender:251 ? Using open Channel [id: 0x1bca5027, L:/127.0.0.1:52903 - R:localhost/127.0.0.1:5954] for POST '/session/6b5c05b03652bbfe3ae6b4079778dc7a/timeouts'
2023-04-27 19:09:51 DEBUG HttpHandler:70 ? 

Request DefaultHttpRequest(decodeResult: success, version: HTTP/1.1)
POST /session/6b5c05b03652bbfe3ae6b4079778dc7a/timeouts HTTP/1.1
User-Agent: selenium/4.9.0 (java windows)
Content-Length: 23
Content-Type: application/json; charset=utf-8
host: localhost:5954
accept: */*

Response DefaultHttpResponse(decodeResult: success, version: HTTP/1.1)
HTTP/1.1 200 OK
Content-Length: 14
Content-Type: application/json; charset=utf-8
cache-control: no-cache

2023-04-27 19:09:51 DEBUG ChannelManager:270 ? Adding key: http://localhost:5954 for channel [id: 0x1bca5027, L:/127.0.0.1:52903 - R:localhost/127.0.0.1:5954]
2023-04-27 19:09:51 DEBUG NettyRequestSender:593 ? Using pooled Channel '[id: 0x1bca5027, L:/127.0.0.1:52903 - R:localhost/127.0.0.1:5954]' for 'POST' to 'http://localhost:5954/session/6b5c05b03652bbfe3ae6b4079778dc7a/url'
2023-04-27 19:09:51 DEBUG NettyRequestSender:251 ? Using open Channel [id: 0x1bca5027, L:/127.0.0.1:52903 - R:localhost/127.0.0.1:5954] for POST '/session/6b5c05b03652bbfe3ae6b4079778dc7a/url'
2023-04-27 19:09:52 DEBUG DefaultChannelPool:348 ? Entry count for : http://localhost:52906 : 1
2023-04-27 19:09:52 DEBUG HttpHandler:70 ? 

Request DefaultHttpRequest(decodeResult: success, version: HTTP/1.1)
POST /session/6b5c05b03652bbfe3ae6b4079778dc7a/url HTTP/1.1
User-Agent: selenium/4.9.0 (java windows)
Content-Length: 67
Content-Type: application/json; charset=utf-8
host: localhost:5954
accept: */*

Response DefaultHttpResponse(decodeResult: success, version: HTTP/1.1)
HTTP/1.1 200 OK
Content-Length: 14
Content-Type: application/json; charset=utf-8
cache-control: no-cache

2023-04-27 19:09:52 DEBUG ChannelManager:270 ? Adding key: http://localhost:5954 for channel [id: 0x1bca5027, L:/127.0.0.1:52903 - R:localhost/127.0.0.1:5954]
2023-04-27 19:09:52 DEBUG NettyRequestSender:593 ? Using pooled Channel '[id: 0x1bca5027, L:/127.0.0.1:52903 - R:localhost/127.0.0.1:5954]' for 'POST' to 'http://localhost:5954/session/6b5c05b03652bbfe3ae6b4079778dc7a/element'
2023-04-27 19:09:52 DEBUG NettyRequestSender:251 ? Using open Channel [id: 0x1bca5027, L:/127.0.0.1:52903 - R:localhost/127.0.0.1:5954] for POST '/session/6b5c05b03652bbfe3ae6b4079778dc7a/element'
2023-04-27 19:09:52 DEBUG HttpHandler:70 ? 

Request DefaultHttpRequest(decodeResult: success, version: HTTP/1.1)
POST /session/6b5c05b03652bbfe3ae6b4079778dc7a/element HTTP/1.1
User-Agent: selenium/4.9.0 (java windows)
Content-Length: 53
Content-Type: application/json; charset=utf-8
host: localhost:5954
accept: */*

Response DefaultHttpResponse(decodeResult: success, version: HTTP/1.1)
HTTP/1.1 200 OK
Content-Length: 88
Content-Type: application/json; charset=utf-8
cache-control: no-cache

2023-04-27 19:09:52 DEBUG ChannelManager:270 ? Adding key: http://localhost:5954 for channel [id: 0x1bca5027, L:/127.0.0.1:52903 - R:localhost/127.0.0.1:5954]
2023-04-27 19:09:52 DEBUG NettyRequestSender:593 ? Using pooled Channel '[id: 0x1bca5027, L:/127.0.0.1:52903 - R:localhost/127.0.0.1:5954]' for 'POST' to 'http://localhost:5954/session/6b5c05b03652bbfe3ae6b4079778dc7a/execute/sync'
2023-04-27 19:09:52 DEBUG NettyRequestSender:251 ? Using open Channel [id: 0x1bca5027, L:/127.0.0.1:52903 - R:localhost/127.0.0.1:5954] for POST '/session/6b5c05b03652bbfe3ae6b4079778dc7a/execute/sync'
2023-04-27 19:09:52 DEBUG HttpHandler:70 ? 

Request DefaultHttpRequest(decodeResult: success, version: HTTP/1.1)
POST /session/6b5c05b03652bbfe3ae6b4079778dc7a/execute/sync HTTP/1.1
User-Agent: selenium/4.9.0 (java windows)
Content-Length: 48807
Content-Type: application/json; charset=utf-8
host: localhost:5954
accept: */*

Response DefaultHttpResponse(decodeResult: success, version: HTTP/1.1)
HTTP/1.1 200 OK
Content-Length: 14
Content-Type: application/json; charset=utf-8
cache-control: no-cache

2023-04-27 19:09:52 DEBUG ChannelManager:270 ? Adding key: http://localhost:5954 for channel [id: 0x1bca5027, L:/127.0.0.1:52903 - R:localhost/127.0.0.1:5954]
2023-04-27 19:09:52 DEBUG NettyRequestSender:593 ? Using pooled Channel '[id: 0x1bca5027, L:/127.0.0.1:52903 - R:localhost/127.0.0.1:5954]' for 'POST' to 'http://localhost:5954/session/6b5c05b03652bbfe3ae6b4079778dc7a/element'
2023-04-27 19:09:52 DEBUG NettyRequestSender:251 ? Using open Channel [id: 0x1bca5027, L:/127.0.0.1:52903 - R:localhost/127.0.0.1:5954] for POST '/session/6b5c05b03652bbfe3ae6b4079778dc7a/element'
2023-04-27 19:09:52 DEBUG HttpHandler:70 ? 

Request DefaultHttpRequest(decodeResult: success, version: HTTP/1.1)
POST /session/6b5c05b03652bbfe3ae6b4079778dc7a/element HTTP/1.1
User-Agent: selenium/4.9.0 (java windows)
Content-Length: 54
Content-Type: application/json; charset=utf-8
host: localhost:5954
accept: */*

Response DefaultHttpResponse(decodeResult: success, version: HTTP/1.1)
HTTP/1.1 200 OK
Content-Length: 88
Content-Type: application/json; charset=utf-8
cache-control: no-cache

2023-04-27 19:09:52 DEBUG ChannelManager:270 ? Adding key: http://localhost:5954 for channel [id: 0x1bca5027, L:/127.0.0.1:52903 - R:localhost/127.0.0.1:5954]
2023-04-27 19:09:52 DEBUG NettyRequestSender:593 ? Using pooled Channel '[id: 0x1bca5027, L:/127.0.0.1:52903 - R:localhost/127.0.0.1:5954]' for 'POST' to 'http://localhost:5954/session/6b5c05b03652bbfe3ae6b4079778dc7a/execute/sync'
2023-04-27 19:09:52 DEBUG NettyRequestSender:251 ? Using open Channel [id: 0x1bca5027, L:/127.0.0.1:52903 - R:localhost/127.0.0.1:5954] for POST '/session/6b5c05b03652bbfe3ae6b4079778dc7a/execute/sync'
2023-04-27 19:09:52 DEBUG HttpHandler:70 ? 

Request DefaultHttpRequest(decodeResult: success, version: HTTP/1.1)
POST /session/6b5c05b03652bbfe3ae6b4079778dc7a/execute/sync HTTP/1.1
User-Agent: selenium/4.9.0 (java windows)
Content-Length: 48807
Content-Type: application/json; charset=utf-8
host: localhost:5954
accept: */*

Response DefaultHttpResponse(decodeResult: success, version: HTTP/1.1)
HTTP/1.1 200 OK
Content-Length: 14
Content-Type: application/json; charset=utf-8
cache-control: no-cache

2023-04-27 19:09:52 DEBUG ChannelManager:270 ? Adding key: http://localhost:5954 for channel [id: 0x1bca5027, L:/127.0.0.1:52903 - R:localhost/127.0.0.1:5954]
2023-04-27 19:09:52 DEBUG NettyRequestSender:593 ? Using pooled Channel '[id: 0x1bca5027, L:/127.0.0.1:52903 - R:localhost/127.0.0.1:5954]' for 'POST' to 'http://localhost:5954/session/6b5c05b03652bbfe3ae6b4079778dc7a/element'
2023-04-27 19:09:52 DEBUG NettyRequestSender:251 ? Using open Channel [id: 0x1bca5027, L:/127.0.0.1:52903 - R:localhost/127.0.0.1:5954] for POST '/session/6b5c05b03652bbfe3ae6b4079778dc7a/element'
2023-04-27 19:09:52 DEBUG HttpHandler:70 ? 

Request DefaultHttpRequest(decodeResult: success, version: HTTP/1.1)
POST /session/6b5c05b03652bbfe3ae6b4079778dc7a/element HTTP/1.1
User-Agent: selenium/4.9.0 (java windows)
Content-Length: 53
Content-Type: application/json; charset=utf-8
host: localhost:5954
accept: */*

Response DefaultHttpResponse(decodeResult: success, version: HTTP/1.1)
HTTP/1.1 200 OK
Content-Length: 88
Content-Type: application/json; charset=utf-8
cache-control: no-cache

2023-04-27 19:09:52 DEBUG ChannelManager:270 ? Adding key: http://localhost:5954 for channel [id: 0x1bca5027, L:/127.0.0.1:52903 - R:localhost/127.0.0.1:5954]
2023-04-27 19:09:52 DEBUG NettyRequestSender:593 ? Using pooled Channel '[id: 0x1bca5027, L:/127.0.0.1:52903 - R:localhost/127.0.0.1:5954]' for 'POST' to 'http://localhost:5954/session/6b5c05b03652bbfe3ae6b4079778dc7a/execute/sync'
2023-04-27 19:09:52 DEBUG NettyRequestSender:251 ? Using open Channel [id: 0x1bca5027, L:/127.0.0.1:52903 - R:localhost/127.0.0.1:5954] for POST '/session/6b5c05b03652bbfe3ae6b4079778dc7a/execute/sync'
2023-04-27 19:09:52 DEBUG HttpHandler:70 ? 

Request DefaultHttpRequest(decodeResult: success, version: HTTP/1.1)
POST /session/6b5c05b03652bbfe3ae6b4079778dc7a/execute/sync HTTP/1.1
User-Agent: selenium/4.9.0 (java windows)
Content-Length: 48807
Content-Type: application/json; charset=utf-8
host: localhost:5954
accept: */*

Response DefaultHttpResponse(decodeResult: success, version: HTTP/1.1)
HTTP/1.1 200 OK
Content-Length: 14
Content-Type: application/json; charset=utf-8
cache-control: no-cache

2023-04-27 19:09:52 DEBUG ChannelManager:270 ? Adding key: http://localhost:5954 for channel [id: 0x1bca5027, L:/127.0.0.1:52903 - R:localhost/127.0.0.1:5954]
2023-04-27 19:09:52 DEBUG NettyRequestSender:593 ? Using pooled Channel '[id: 0x1bca5027, L:/127.0.0.1:52903 - R:localhost/127.0.0.1:5954]' for 'POST' to 'http://localhost:5954/session/6b5c05b03652bbfe3ae6b4079778dc7a/element'
2023-04-27 19:09:52 DEBUG NettyRequestSender:251 ? Using open Channel [id: 0x1bca5027, L:/127.0.0.1:52903 - R:localhost/127.0.0.1:5954] for POST '/session/6b5c05b03652bbfe3ae6b4079778dc7a/element'
2023-04-27 19:09:52 DEBUG HttpHandler:70 ? 

Request DefaultHttpRequest(decodeResult: success, version: HTTP/1.1)
POST /session/6b5c05b03652bbfe3ae6b4079778dc7a/element HTTP/1.1
User-Agent: selenium/4.9.0 (java windows)
Content-Length: 53
Content-Type: application/json; charset=utf-8
host: localhost:5954
accept: */*

Response DefaultHttpResponse(decodeResult: success, version: HTTP/1.1)
HTTP/1.1 200 OK
Content-Length: 88
Content-Type: application/json; charset=utf-8
cache-control: no-cache

2023-04-27 19:09:52 DEBUG ChannelManager:270 ? Adding key: http://localhost:5954 for channel [id: 0x1bca5027, L:/127.0.0.1:52903 - R:localhost/127.0.0.1:5954]
2023-04-27 19:09:52 DEBUG NettyRequestSender:593 ? Using pooled Channel '[id: 0x1bca5027, L:/127.0.0.1:52903 - R:localhost/127.0.0.1:5954]' for 'POST' to 'http://localhost:5954/session/6b5c05b03652bbfe3ae6b4079778dc7a/execute/sync'
2023-04-27 19:09:52 DEBUG NettyRequestSender:251 ? Using open Channel [id: 0x1bca5027, L:/127.0.0.1:52903 - R:localhost/127.0.0.1:5954] for POST '/session/6b5c05b03652bbfe3ae6b4079778dc7a/execute/sync'
2023-04-27 19:09:52 DEBUG HttpHandler:70 ? 

Request DefaultHttpRequest(decodeResult: success, version: HTTP/1.1)
POST /session/6b5c05b03652bbfe3ae6b4079778dc7a/execute/sync HTTP/1.1
User-Agent: selenium/4.9.0 (java windows)
Content-Length: 48807
Content-Type: application/json; charset=utf-8
host: localhost:5954
accept: */*

Response DefaultHttpResponse(decodeResult: success, version: HTTP/1.1)
HTTP/1.1 200 OK
Content-Length: 14
Content-Type: application/json; charset=utf-8
cache-control: no-cache

2023-04-27 19:09:52 DEBUG ChannelManager:270 ? Adding key: http://localhost:5954 for channel [id: 0x1bca5027, L:/127.0.0.1:52903 - R:localhost/127.0.0.1:5954]
2023-04-27 19:09:52 DEBUG NettyRequestSender:593 ? Using pooled Channel '[id: 0x1bca5027, L:/127.0.0.1:52903 - R:localhost/127.0.0.1:5954]' for 'POST' to 'http://localhost:5954/session/6b5c05b03652bbfe3ae6b4079778dc7a/element'
2023-04-27 19:09:52 DEBUG NettyRequestSender:251 ? Using open Channel [id: 0x1bca5027, L:/127.0.0.1:52903 - R:localhost/127.0.0.1:5954] for POST '/session/6b5c05b03652bbfe3ae6b4079778dc7a/element'
2023-04-27 19:09:52 DEBUG HttpHandler:70 ? 

Request DefaultHttpRequest(decodeResult: success, version: HTTP/1.1)
POST /session/6b5c05b03652bbfe3ae6b4079778dc7a/element HTTP/1.1
User-Agent: selenium/4.9.0 (java windows)
Content-Length: 60
Content-Type: application/json; charset=utf-8
host: localhost:5954
accept: */*

Response DefaultHttpResponse(decodeResult: success, version: HTTP/1.1)
HTTP/1.1 200 OK
Content-Length: 88
Content-Type: application/json; charset=utf-8
cache-control: no-cache

2023-04-27 19:09:52 DEBUG ChannelManager:270 ? Adding key: http://localhost:5954 for channel [id: 0x1bca5027, L:/127.0.0.1:52903 - R:localhost/127.0.0.1:5954]
2023-04-27 19:09:52 DEBUG NettyRequestSender:593 ? Using pooled Channel '[id: 0x1bca5027, L:/127.0.0.1:52903 - R:localhost/127.0.0.1:5954]' for 'POST' to 'http://localhost:5954/session/6b5c05b03652bbfe3ae6b4079778dc7a/execute/sync'
2023-04-27 19:09:52 DEBUG NettyRequestSender:251 ? Using open Channel [id: 0x1bca5027, L:/127.0.0.1:52903 - R:localhost/127.0.0.1:5954] for POST '/session/6b5c05b03652bbfe3ae6b4079778dc7a/execute/sync'
2023-04-27 19:09:52 DEBUG HttpHandler:70 ? 

Request DefaultHttpRequest(decodeResult: success, version: HTTP/1.1)
POST /session/6b5c05b03652bbfe3ae6b4079778dc7a/execute/sync HTTP/1.1
User-Agent: selenium/4.9.0 (java windows)
Content-Length: 48807
Content-Type: application/json; charset=utf-8
host: localhost:5954
accept: */*

Response DefaultHttpResponse(decodeResult: success, version: HTTP/1.1)
HTTP/1.1 200 OK
Content-Length: 14
Content-Type: application/json; charset=utf-8
cache-control: no-cache

2023-04-27 19:09:52 DEBUG ChannelManager:270 ? Adding key: http://localhost:5954 for channel [id: 0x1bca5027, L:/127.0.0.1:52903 - R:localhost/127.0.0.1:5954]
2023-04-27 19:09:52 DEBUG NettyRequestSender:593 ? Using pooled Channel '[id: 0x1bca5027, L:/127.0.0.1:52903 - R:localhost/127.0.0.1:5954]' for 'POST' to 'http://localhost:5954/session/6b5c05b03652bbfe3ae6b4079778dc7a/element'
2023-04-27 19:09:52 DEBUG NettyRequestSender:251 ? Using open Channel [id: 0x1bca5027, L:/127.0.0.1:52903 - R:localhost/127.0.0.1:5954] for POST '/session/6b5c05b03652bbfe3ae6b4079778dc7a/element'
2023-04-27 19:09:52 DEBUG HttpHandler:70 ? 

Request DefaultHttpRequest(decodeResult: success, version: HTTP/1.1)
POST /session/6b5c05b03652bbfe3ae6b4079778dc7a/element HTTP/1.1
User-Agent: selenium/4.9.0 (java windows)
Content-Length: 53
Content-Type: application/json; charset=utf-8
host: localhost:5954
accept: */*

Response DefaultHttpResponse(decodeResult: success, version: HTTP/1.1)
HTTP/1.1 200 OK
Content-Length: 88
Content-Type: application/json; charset=utf-8
cache-control: no-cache

2023-04-27 19:09:52 DEBUG ChannelManager:270 ? Adding key: http://localhost:5954 for channel [id: 0x1bca5027, L:/127.0.0.1:52903 - R:localhost/127.0.0.1:5954]
2023-04-27 19:09:52 DEBUG NettyRequestSender:593 ? Using pooled Channel '[id: 0x1bca5027, L:/127.0.0.1:52903 - R:localhost/127.0.0.1:5954]' for 'POST' to 'http://localhost:5954/session/6b5c05b03652bbfe3ae6b4079778dc7a/actions'
2023-04-27 19:09:52 DEBUG NettyRequestSender:251 ? Using open Channel [id: 0x1bca5027, L:/127.0.0.1:52903 - R:localhost/127.0.0.1:5954] for POST '/session/6b5c05b03652bbfe3ae6b4079778dc7a/actions'
2023-04-27 19:09:53 DEBUG HttpHandler:70 ? 

Request DefaultHttpRequest(decodeResult: success, version: HTTP/1.1)
POST /session/6b5c05b03652bbfe3ae6b4079778dc7a/actions HTTP/1.1
User-Agent: selenium/4.9.0 (java windows)
Content-Length: 3755
Content-Type: application/json; charset=utf-8
host: localhost:5954
accept: */*

Response DefaultHttpResponse(decodeResult: success, version: HTTP/1.1)
HTTP/1.1 200 OK
Content-Length: 14
Content-Type: application/json; charset=utf-8
cache-control: no-cache

2023-04-27 19:09:53 DEBUG ChannelManager:270 ? Adding key: http://localhost:5954 for channel [id: 0x1bca5027, L:/127.0.0.1:52903 - R:localhost/127.0.0.1:5954]
2023-04-27 19:09:53 DEBUG NettyRequestSender:593 ? Using pooled Channel '[id: 0x1bca5027, L:/127.0.0.1:52903 - R:localhost/127.0.0.1:5954]' for 'POST' to 'http://localhost:5954/session/6b5c05b03652bbfe3ae6b4079778dc7a/element'
2023-04-27 19:09:53 DEBUG NettyRequestSender:251 ? Using open Channel [id: 0x1bca5027, L:/127.0.0.1:52903 - R:localhost/127.0.0.1:5954] for POST '/session/6b5c05b03652bbfe3ae6b4079778dc7a/element'
2023-04-27 19:09:53 DEBUG HttpHandler:70 ? 

Request DefaultHttpRequest(decodeResult: success, version: HTTP/1.1)
POST /session/6b5c05b03652bbfe3ae6b4079778dc7a/element HTTP/1.1
User-Agent: selenium/4.9.0 (java windows)
Content-Length: 54
Content-Type: application/json; charset=utf-8
host: localhost:5954
accept: */*

Response DefaultHttpResponse(decodeResult: success, version: HTTP/1.1)
HTTP/1.1 200 OK
Content-Length: 88
Content-Type: application/json; charset=utf-8
cache-control: no-cache

2023-04-27 19:09:53 DEBUG ChannelManager:270 ? Adding key: http://localhost:5954 for channel [id: 0x1bca5027, L:/127.0.0.1:52903 - R:localhost/127.0.0.1:5954]
2023-04-27 19:09:53 DEBUG NettyRequestSender:593 ? Using pooled Channel '[id: 0x1bca5027, L:/127.0.0.1:52903 - R:localhost/127.0.0.1:5954]' for 'POST' to 'http://localhost:5954/session/6b5c05b03652bbfe3ae6b4079778dc7a/actions'
2023-04-27 19:09:53 DEBUG NettyRequestSender:251 ? Using open Channel [id: 0x1bca5027, L:/127.0.0.1:52903 - R:localhost/127.0.0.1:5954] for POST '/session/6b5c05b03652bbfe3ae6b4079778dc7a/actions'
2023-04-27 19:09:53 DEBUG DefaultChannelPool:348 ? Entry count for : http://localhost:52906 : 1
2023-04-27 19:09:53 DEBUG HttpHandler:70 ? 

Request DefaultHttpRequest(decodeResult: success, version: HTTP/1.1)
POST /session/6b5c05b03652bbfe3ae6b4079778dc7a/actions HTTP/1.1
User-Agent: selenium/4.9.0 (java windows)
Content-Length: 3755
Content-Type: application/json; charset=utf-8
host: localhost:5954
accept: */*

Response DefaultHttpResponse(decodeResult: success, version: HTTP/1.1)
HTTP/1.1 200 OK
Content-Length: 14
Content-Type: application/json; charset=utf-8
cache-control: no-cache

2023-04-27 19:09:53 DEBUG ChannelManager:270 ? Adding key: http://localhost:5954 for channel [id: 0x1bca5027, L:/127.0.0.1:52903 - R:localhost/127.0.0.1:5954]
2023-04-27 19:09:53 DEBUG NettyRequestSender:593 ? Using pooled Channel '[id: 0x1bca5027, L:/127.0.0.1:52903 - R:localhost/127.0.0.1:5954]' for 'POST' to 'http://localhost:5954/session/6b5c05b03652bbfe3ae6b4079778dc7a/element'
2023-04-27 19:09:53 DEBUG NettyRequestSender:251 ? Using open Channel [id: 0x1bca5027, L:/127.0.0.1:52903 - R:localhost/127.0.0.1:5954] for POST '/session/6b5c05b03652bbfe3ae6b4079778dc7a/element'
2023-04-27 19:09:53 DEBUG HttpHandler:70 ? 

Request DefaultHttpRequest(decodeResult: success, version: HTTP/1.1)
POST /session/6b5c05b03652bbfe3ae6b4079778dc7a/element HTTP/1.1
User-Agent: selenium/4.9.0 (java windows)
Content-Length: 53
Content-Type: application/json; charset=utf-8
host: localhost:5954
accept: */*

Response DefaultHttpResponse(decodeResult: success, version: HTTP/1.1)
HTTP/1.1 200 OK
Content-Length: 88
Content-Type: application/json; charset=utf-8
cache-control: no-cache

2023-04-27 19:09:53 DEBUG ChannelManager:270 ? Adding key: http://localhost:5954 for channel [id: 0x1bca5027, L:/127.0.0.1:52903 - R:localhost/127.0.0.1:5954]
2023-04-27 19:09:53 DEBUG NettyRequestSender:593 ? Using pooled Channel '[id: 0x1bca5027, L:/127.0.0.1:52903 - R:localhost/127.0.0.1:5954]' for 'POST' to 'http://localhost:5954/session/6b5c05b03652bbfe3ae6b4079778dc7a/actions'
2023-04-27 19:09:53 DEBUG NettyRequestSender:251 ? Using open Channel [id: 0x1bca5027, L:/127.0.0.1:52903 - R:localhost/127.0.0.1:5954] for POST '/session/6b5c05b03652bbfe3ae6b4079778dc7a/actions'
2023-04-27 19:09:53 DEBUG HttpHandler:70 ? 

Request DefaultHttpRequest(decodeResult: success, version: HTTP/1.1)
POST /session/6b5c05b03652bbfe3ae6b4079778dc7a/actions HTTP/1.1
User-Agent: selenium/4.9.0 (java windows)
Content-Length: 3755
Content-Type: application/json; charset=utf-8
host: localhost:5954
accept: */*

Response DefaultHttpResponse(decodeResult: success, version: HTTP/1.1)
HTTP/1.1 200 OK
Content-Length: 14
Content-Type: application/json; charset=utf-8
cache-control: no-cache

2023-04-27 19:09:53 DEBUG ChannelManager:270 ? Adding key: http://localhost:5954 for channel [id: 0x1bca5027, L:/127.0.0.1:52903 - R:localhost/127.0.0.1:5954]
2023-04-27 19:09:53 DEBUG NettyRequestSender:593 ? Using pooled Channel '[id: 0x1bca5027, L:/127.0.0.1:52903 - R:localhost/127.0.0.1:5954]' for 'POST' to 'http://localhost:5954/session/6b5c05b03652bbfe3ae6b4079778dc7a/element'
2023-04-27 19:09:53 DEBUG NettyRequestSender:251 ? Using open Channel [id: 0x1bca5027, L:/127.0.0.1:52903 - R:localhost/127.0.0.1:5954] for POST '/session/6b5c05b03652bbfe3ae6b4079778dc7a/element'
2023-04-27 19:09:53 DEBUG HttpHandler:70 ? 

Request DefaultHttpRequest(decodeResult: success, version: HTTP/1.1)
POST /session/6b5c05b03652bbfe3ae6b4079778dc7a/element HTTP/1.1
User-Agent: selenium/4.9.0 (java windows)
Content-Length: 53
Content-Type: application/json; charset=utf-8
host: localhost:5954
accept: */*

Response DefaultHttpResponse(decodeResult: success, version: HTTP/1.1)
HTTP/1.1 200 OK
Content-Length: 88
Content-Type: application/json; charset=utf-8
cache-control: no-cache

2023-04-27 19:09:53 DEBUG ChannelManager:270 ? Adding key: http://localhost:5954 for channel [id: 0x1bca5027, L:/127.0.0.1:52903 - R:localhost/127.0.0.1:5954]
2023-04-27 19:09:53 DEBUG NettyRequestSender:593 ? Using pooled Channel '[id: 0x1bca5027, L:/127.0.0.1:52903 - R:localhost/127.0.0.1:5954]' for 'POST' to 'http://localhost:5954/session/6b5c05b03652bbfe3ae6b4079778dc7a/actions'
2023-04-27 19:09:53 DEBUG NettyRequestSender:251 ? Using open Channel [id: 0x1bca5027, L:/127.0.0.1:52903 - R:localhost/127.0.0.1:5954] for POST '/session/6b5c05b03652bbfe3ae6b4079778dc7a/actions'
2023-04-27 19:09:53 DEBUG HttpHandler:70 ? 

Request DefaultHttpRequest(decodeResult: success, version: HTTP/1.1)
POST /session/6b5c05b03652bbfe3ae6b4079778dc7a/actions HTTP/1.1
User-Agent: selenium/4.9.0 (java windows)
Content-Length: 3755
Content-Type: application/json; charset=utf-8
host: localhost:5954
accept: */*

Response DefaultHttpResponse(decodeResult: success, version: HTTP/1.1)
HTTP/1.1 200 OK
Content-Length: 14
Content-Type: application/json; charset=utf-8
cache-control: no-cache

2023-04-27 19:09:53 DEBUG ChannelManager:270 ? Adding key: http://localhost:5954 for channel [id: 0x1bca5027, L:/127.0.0.1:52903 - R:localhost/127.0.0.1:5954]
2023-04-27 19:09:53 DEBUG NettyRequestSender:593 ? Using pooled Channel '[id: 0x1bca5027, L:/127.0.0.1:52903 - R:localhost/127.0.0.1:5954]' for 'POST' to 'http://localhost:5954/session/6b5c05b03652bbfe3ae6b4079778dc7a/element'
2023-04-27 19:09:53 DEBUG NettyRequestSender:251 ? Using open Channel [id: 0x1bca5027, L:/127.0.0.1:52903 - R:localhost/127.0.0.1:5954] for POST '/session/6b5c05b03652bbfe3ae6b4079778dc7a/element'
2023-04-27 19:09:53 DEBUG HttpHandler:70 ? 

Request DefaultHttpRequest(decodeResult: success, version: HTTP/1.1)
POST /session/6b5c05b03652bbfe3ae6b4079778dc7a/element HTTP/1.1
User-Agent: selenium/4.9.0 (java windows)
Content-Length: 60
Content-Type: application/json; charset=utf-8
host: localhost:5954
accept: */*

Response DefaultHttpResponse(decodeResult: success, version: HTTP/1.1)
HTTP/1.1 200 OK
Content-Length: 88
Content-Type: application/json; charset=utf-8
cache-control: no-cache

2023-04-27 19:09:53 DEBUG ChannelManager:270 ? Adding key: http://localhost:5954 for channel [id: 0x1bca5027, L:/127.0.0.1:52903 - R:localhost/127.0.0.1:5954]
2023-04-27 19:09:53 DEBUG NettyRequestSender:593 ? Using pooled Channel '[id: 0x1bca5027, L:/127.0.0.1:52903 - R:localhost/127.0.0.1:5954]' for 'POST' to 'http://localhost:5954/session/6b5c05b03652bbfe3ae6b4079778dc7a/actions'
2023-04-27 19:09:53 DEBUG NettyRequestSender:251 ? Using open Channel [id: 0x1bca5027, L:/127.0.0.1:52903 - R:localhost/127.0.0.1:5954] for POST '/session/6b5c05b03652bbfe3ae6b4079778dc7a/actions'
2023-04-27 19:09:54 DEBUG HttpHandler:70 ? 

Request DefaultHttpRequest(decodeResult: success, version: HTTP/1.1)
POST /session/6b5c05b03652bbfe3ae6b4079778dc7a/actions HTTP/1.1
User-Agent: selenium/4.9.0 (java windows)
Content-Length: 3755
Content-Type: application/json; charset=utf-8
host: localhost:5954
accept: */*

Response DefaultHttpResponse(decodeResult: success, version: HTTP/1.1)
HTTP/1.1 200 OK
Content-Length: 14
Content-Type: application/json; charset=utf-8
cache-control: no-cache

2023-04-27 19:09:54 DEBUG ChannelManager:270 ? Adding key: http://localhost:5954 for channel [id: 0x1bca5027, L:/127.0.0.1:52903 - R:localhost/127.0.0.1:5954]
2023-04-27 19:09:54 DEBUG NettyRequestSender:593 ? Using pooled Channel '[id: 0x1bca5027, L:/127.0.0.1:52903 - R:localhost/127.0.0.1:5954]' for 'POST' to 'http://localhost:5954/session/6b5c05b03652bbfe3ae6b4079778dc7a/element'
2023-04-27 19:09:54 DEBUG NettyRequestSender:251 ? Using open Channel [id: 0x1bca5027, L:/127.0.0.1:52903 - R:localhost/127.0.0.1:5954] for POST '/session/6b5c05b03652bbfe3ae6b4079778dc7a/element'
2023-04-27 19:09:54 DEBUG HttpHandler:70 ? 

Request DefaultHttpRequest(decodeResult: success, version: HTTP/1.1)
POST /session/6b5c05b03652bbfe3ae6b4079778dc7a/element HTTP/1.1
User-Agent: selenium/4.9.0 (java windows)
Content-Length: 74
Content-Type: application/json; charset=utf-8
host: localhost:5954
accept: */*

Response DefaultHttpResponse(decodeResult: success, version: HTTP/1.1)
HTTP/1.1 200 OK
Content-Length: 88
Content-Type: application/json; charset=utf-8
cache-control: no-cache

2023-04-27 19:09:54 DEBUG ChannelManager:270 ? Adding key: http://localhost:5954 for channel [id: 0x1bca5027, L:/127.0.0.1:52903 - R:localhost/127.0.0.1:5954]
2023-04-27 19:09:54 DEBUG NettyRequestSender:593 ? Using pooled Channel '[id: 0x1bca5027, L:/127.0.0.1:52903 - R:localhost/127.0.0.1:5954]' for 'POST' to 'http://localhost:5954/session/6b5c05b03652bbfe3ae6b4079778dc7a/actions'
2023-04-27 19:09:54 DEBUG NettyRequestSender:251 ? Using open Channel [id: 0x1bca5027, L:/127.0.0.1:52903 - R:localhost/127.0.0.1:5954] for POST '/session/6b5c05b03652bbfe3ae6b4079778dc7a/actions'
2023-04-27 19:09:54 DEBUG HttpHandler:70 ? 

Request DefaultHttpRequest(decodeResult: success, version: HTTP/1.1)
POST /session/6b5c05b03652bbfe3ae6b4079778dc7a/actions HTTP/1.1
User-Agent: selenium/4.9.0 (java windows)
Content-Length: 567
Content-Type: application/json; charset=utf-8
host: localhost:5954
accept: */*

Response DefaultHttpResponse(decodeResult: success, version: HTTP/1.1)
HTTP/1.1 200 OK
Content-Length: 14
Content-Type: application/json; charset=utf-8
cache-control: no-cache

2023-04-27 19:09:54 DEBUG ChannelManager:270 ? Adding key: http://localhost:5954 for channel [id: 0x1bca5027, L:/127.0.0.1:52903 - R:localhost/127.0.0.1:5954]
2023-04-27 19:09:54 DEBUG NettyRequestSender:593 ? Using pooled Channel '[id: 0x1bca5027, L:/127.0.0.1:52903 - R:localhost/127.0.0.1:5954]' for 'POST' to 'http://localhost:5954/session/6b5c05b03652bbfe3ae6b4079778dc7a/element'
2023-04-27 19:09:54 DEBUG NettyRequestSender:251 ? Using open Channel [id: 0x1bca5027, L:/127.0.0.1:52903 - R:localhost/127.0.0.1:5954] for POST '/session/6b5c05b03652bbfe3ae6b4079778dc7a/element'
2023-04-27 19:09:54 DEBUG DefaultChannelPool:348 ? Entry count for : http://localhost:52906 : 1
2023-04-27 19:09:55 DEBUG HttpHandler:70 ? 

Request DefaultHttpRequest(decodeResult: success, version: HTTP/1.1)
POST /session/6b5c05b03652bbfe3ae6b4079778dc7a/element HTTP/1.1
User-Agent: selenium/4.9.0 (java windows)
Content-Length: 109
Content-Type: application/json; charset=utf-8
host: localhost:5954
accept: */*

Response DefaultHttpResponse(decodeResult: success, version: HTTP/1.1)
HTTP/1.1 200 OK
Content-Length: 88
Content-Type: application/json; charset=utf-8
cache-control: no-cache

2023-04-27 19:09:55 DEBUG ChannelManager:270 ? Adding key: http://localhost:5954 for channel [id: 0x1bca5027, L:/127.0.0.1:52903 - R:localhost/127.0.0.1:5954]
2023-04-27 19:09:55 DEBUG NettyRequestSender:593 ? Using pooled Channel '[id: 0x1bca5027, L:/127.0.0.1:52903 - R:localhost/127.0.0.1:5954]' for 'GET' to 'http://localhost:5954/session/6b5c05b03652bbfe3ae6b4079778dc7a/element/f113cc05-46c5-4d3d-9906-f9f601d07fc4/text'
2023-04-27 19:09:55 DEBUG NettyRequestSender:251 ? Using open Channel [id: 0x1bca5027, L:/127.0.0.1:52903 - R:localhost/127.0.0.1:5954] for GET '/session/6b5c05b03652bbfe3ae6b4079778dc7a/element/f113cc05-46c5-4d3d-9906-f9f601d07fc4/text'
2023-04-27 19:09:55 DEBUG HttpHandler:70 ? 

Request DefaultFullHttpRequest(decodeResult: success, version: HTTP/1.1, content: EmptyByteBufBE)
GET /session/6b5c05b03652bbfe3ae6b4079778dc7a/element/f113cc05-46c5-4d3d-9906-f9f601d07fc4/text HTTP/1.1
User-Agent: selenium/4.9.0 (java windows)
Cache-Control: no-cache
Content-Type: application/json; charset=utf-8
host: localhost:5954
accept: */*

Response DefaultHttpResponse(decodeResult: success, version: HTTP/1.1)
HTTP/1.1 200 OK
Content-Length: 38
Content-Type: application/json; charset=utf-8
cache-control: no-cache

2023-04-27 19:09:55 DEBUG ChannelManager:270 ? Adding key: http://localhost:5954 for channel [id: 0x1bca5027, L:/127.0.0.1:52903 - R:localhost/127.0.0.1:5954]
2023-04-27 19:31:12 DEBUG InternalLoggerFactory:63 ? Using SLF4J as the default logging framework
2023-04-27 19:31:12 DEBUG ResourceLeakDetector:129 ? -Dio.netty.leakDetection.level: simple
2023-04-27 19:31:12 DEBUG ResourceLeakDetector:130 ? -Dio.netty.leakDetection.targetRecords: 4
2023-04-27 19:31:12 DEBUG ResourceLeakDetectorFactory:196 ? Loaded default ResourceLeakDetector: io.netty.util.ResourceLeakDetector@63c5efee
2023-04-27 19:31:12 DEBUG PlatformDependent0:496 ? -Dio.netty.noUnsafe: false
2023-04-27 19:31:12 DEBUG PlatformDependent0:1000 ? Java version: 19
2023-04-27 19:31:12 DEBUG PlatformDependent0:137 ? sun.misc.Unsafe.theUnsafe: available
2023-04-27 19:31:12 DEBUG PlatformDependent0:161 ? sun.misc.Unsafe.copyMemory: available
2023-04-27 19:31:12 DEBUG PlatformDependent0:193 ? sun.misc.Unsafe.storeFence: available
2023-04-27 19:31:12 DEBUG PlatformDependent0:236 ? java.nio.Buffer.address: available
2023-04-27 19:31:12 DEBUG PlatformDependent0:320 ? direct buffer constructor: unavailable: Reflective setAccessible(true) disabled
2023-04-27 19:31:12 DEBUG PlatformDependent0:385 ? java.nio.Bits.unaligned: available, true
2023-04-27 19:31:12 DEBUG PlatformDependent0:452 ? jdk.internal.misc.Unsafe.allocateUninitializedArray(int): unavailable: class io.netty.util.internal.PlatformDependent0$7 cannot access class jdk.internal.misc.Unsafe (in module java.base) because module java.base does not export jdk.internal.misc to unnamed module @5679c6c6
2023-04-27 19:31:12 DEBUG PlatformDependent0:482 ? java.nio.DirectByteBuffer.<init>(long, int): unavailable
2023-04-27 19:31:12 DEBUG PlatformDependent:1159 ? sun.misc.Unsafe: available
2023-04-27 19:31:12 DEBUG PlatformDependent:1270 ? maxDirectMemory: 5339348992 bytes (maybe)
2023-04-27 19:31:12 DEBUG PlatformDependent:1289 ? -Dio.netty.tmpdir: C:\Users\rohit\AppData\Local\Temp (java.io.tmpdir)
2023-04-27 19:31:12 DEBUG PlatformDependent:1368 ? -Dio.netty.bitMode: 64 (sun.arch.data.model)
2023-04-27 19:31:12 DEBUG PlatformDependent:1119 ? Platform: Windows
2023-04-27 19:31:12 DEBUG PlatformDependent:178 ? -Dio.netty.maxDirectMemory: -1 bytes
2023-04-27 19:31:12 DEBUG PlatformDependent:185 ? -Dio.netty.uninitializedArrayAllocationThreshold: -1
2023-04-27 19:31:12 DEBUG CleanerJava9:71 ? java.nio.ByteBuffer.cleaner(): available
2023-04-27 19:31:12 DEBUG PlatformDependent:205 ? -Dio.netty.noPreferDirect: false
2023-04-27 19:31:12 DEBUG PlatformDependent:1010 ? org.jctools-core.MpscChunkedArrayQueue: available
2023-04-27 19:31:12 DEBUG InternalThreadLocalMap:100 ? -Dio.netty.threadLocalMap.stringBuilder.initialSize: 1024
2023-04-27 19:31:12 DEBUG InternalThreadLocalMap:101 ? -Dio.netty.threadLocalMap.stringBuilder.maxSize: 4096
2023-04-27 19:31:13 DEBUG JdkSslContext:83 ? Default protocols (JDK): [TLSv1.3, TLSv1.2] 
2023-04-27 19:31:13 DEBUG JdkSslContext:84 ? Default cipher suites (JDK): [TLS_ECDHE_ECDSA_WITH_AES_256_GCM_SHA384, TLS_ECDHE_ECDSA_WITH_AES_128_GCM_SHA256, TLS_ECDHE_RSA_WITH_AES_128_GCM_SHA256, TLS_ECDHE_RSA_WITH_AES_256_GCM_SHA384, TLS_ECDHE_RSA_WITH_AES_128_CBC_SHA, TLS_ECDHE_RSA_WITH_AES_256_CBC_SHA, TLS_RSA_WITH_AES_128_GCM_SHA256, TLS_RSA_WITH_AES_128_CBC_SHA, TLS_RSA_WITH_AES_256_CBC_SHA, TLS_AES_128_GCM_SHA256, TLS_AES_256_GCM_SHA384]
2023-04-27 19:31:13 DEBUG GlobalEventExecutor:53 ? -Dio.netty.globalEventExecutor.quietPeriodSeconds: 1
2023-04-27 19:31:13 DEBUG MultithreadEventLoopGroup:44 ? -Dio.netty.eventLoopThreads: 16
2023-04-27 19:31:13 DEBUG NioEventLoop:110 ? -Dio.netty.noKeySetOptimization: false
2023-04-27 19:31:13 DEBUG NioEventLoop:111 ? -Dio.netty.selectorAutoRebuildThreshold: 512
2023-04-27 19:31:13 DEBUG PooledByteBufAllocator:157 ? -Dio.netty.allocator.numHeapArenas: 16
2023-04-27 19:31:13 DEBUG PooledByteBufAllocator:158 ? -Dio.netty.allocator.numDirectArenas: 16
2023-04-27 19:31:13 DEBUG PooledByteBufAllocator:160 ? -Dio.netty.allocator.pageSize: 8192
2023-04-27 19:31:13 DEBUG PooledByteBufAllocator:165 ? -Dio.netty.allocator.maxOrder: 9
2023-04-27 19:31:13 DEBUG PooledByteBufAllocator:169 ? -Dio.netty.allocator.chunkSize: 4194304
2023-04-27 19:31:13 DEBUG PooledByteBufAllocator:170 ? -Dio.netty.allocator.smallCacheSize: 256
2023-04-27 19:31:13 DEBUG PooledByteBufAllocator:171 ? -Dio.netty.allocator.normalCacheSize: 64
2023-04-27 19:31:13 DEBUG PooledByteBufAllocator:172 ? -Dio.netty.allocator.maxCachedBufferCapacity: 32768
2023-04-27 19:31:13 DEBUG PooledByteBufAllocator:173 ? -Dio.netty.allocator.cacheTrimInterval: 8192
2023-04-27 19:31:13 DEBUG PooledByteBufAllocator:174 ? -Dio.netty.allocator.cacheTrimIntervalMillis: 0
2023-04-27 19:31:13 DEBUG PooledByteBufAllocator:175 ? -Dio.netty.allocator.useCacheForAllThreads: false
2023-04-27 19:31:13 DEBUG PooledByteBufAllocator:176 ? -Dio.netty.allocator.maxCachedByteBuffersPerChunk: 1023
2023-04-27 19:31:13 DEBUG ByteBufUtil:88 ? -Dio.netty.allocator.type: pooled
2023-04-27 19:31:13 DEBUG ByteBufUtil:97 ? -Dio.netty.threadLocalDirectBufferSize: 0
2023-04-27 19:31:13 DEBUG ByteBufUtil:100 ? -Dio.netty.maxThreadLocalCharBufferSize: 16384
2023-04-27 19:31:13 DEBUG DefaultChannelId:79 ? -Dio.netty.processId: 14672 (auto-detected)
2023-04-27 19:31:13 DEBUG NetUtil:148 ? -Djava.net.preferIPv4Stack: false
2023-04-27 19:31:13 DEBUG NetUtil:149 ? -Djava.net.preferIPv6Addresses: false
2023-04-27 19:31:13 DEBUG NetUtilInitializations:145 ? Loopback interface: lo (Software Loopback Interface 1, 127.0.0.1)
2023-04-27 19:31:13 DEBUG NetUtil:206 ? Failed to get SOMAXCONN from sysctl and file \proc\sys\net\core\somaxconn. Default: 200
2023-04-27 19:31:13 DEBUG DefaultChannelId:101 ? -Dio.netty.machineId: 70:c9:4e:ff:fe:a9:98:9d (auto-detected)
2023-04-27 19:31:13 DEBUG AbstractByteBuf:63 ? -Dio.netty.buffer.checkAccessible: true
2023-04-27 19:31:13 DEBUG AbstractByteBuf:64 ? -Dio.netty.buffer.checkBounds: true
2023-04-27 19:31:13 DEBUG ResourceLeakDetectorFactory:196 ? Loaded default ResourceLeakDetector: io.netty.util.ResourceLeakDetector@390fc557
2023-04-27 19:31:13 DEBUG NettyConnectListener:73 ? Using new Channel '[id: 0x7c0e8567, L:/127.0.0.1:55307 - R:localhost/127.0.0.1:38522]' for 'POST' to '/session'
2023-04-27 19:31:13 DEBUG Recycler:96 ? -Dio.netty.recycler.maxCapacityPerThread: 4096
2023-04-27 19:31:13 DEBUG Recycler:97 ? -Dio.netty.recycler.ratio: 8
2023-04-27 19:31:13 DEBUG Recycler:98 ? -Dio.netty.recycler.chunkSize: 32
2023-04-27 19:31:13 DEBUG Recycler:99 ? -Dio.netty.recycler.blocking: false
2023-04-27 19:31:13 DEBUG Recycler:100 ? -Dio.netty.recycler.batchFastThreadLocalOnly: true
2023-04-27 19:31:15 DEBUG Brotli:38 ? brotli4j not in the classpath; Brotli support will be unavailable.
2023-04-27 19:31:15 DEBUG HttpHandler:70 ? 

Request DefaultHttpRequest(decodeResult: success, version: HTTP/1.1)
POST /session HTTP/1.1
User-Agent: selenium/4.9.0 (java windows)
Content-Length: 254
Content-Type: application/json; charset=utf-8
host: localhost:38522
accept: */*

Response DefaultHttpResponse(decodeResult: success, version: HTTP/1.1)
HTTP/1.1 200 OK
Content-Length: 857
Content-Type: application/json; charset=utf-8
cache-control: no-cache

2023-04-27 19:31:15 DEBUG ChannelManager:270 ? Adding key: http://localhost:38522 for channel [id: 0x7c0e8567, L:/127.0.0.1:55307 - R:localhost/127.0.0.1:38522]
2023-04-27 19:31:15 DEBUG DefaultChannelPool:348 ? Entry count for : http://localhost:38522 : 1
2023-04-27 19:31:15 DEBUG NettyConnectListener:73 ? Using new Channel '[id: 0x80fb0820, L:/127.0.0.1:55329 - R:localhost/127.0.0.1:55314]' for 'GET' to '/json/version'
2023-04-27 19:31:15 DEBUG HttpHandler:70 ? 

Request DefaultFullHttpRequest(decodeResult: success, version: HTTP/1.1, content: EmptyByteBufBE)
GET /json/version HTTP/1.1
User-Agent: selenium/4.9.0 (java windows)
host: localhost:55314
accept: */*

Response DefaultHttpResponse(decodeResult: success, version: HTTP/1.1)
HTTP/1.1 200 OK
Content-Security-Policy: frame-ancestors 'none'
Content-Length: 424
Content-Type: application/json; charset=UTF-8

2023-04-27 19:31:15 DEBUG ChannelManager:270 ? Adding key: http://localhost:55314 for channel [id: 0x80fb0820, L:/127.0.0.1:55329 - R:localhost/127.0.0.1:55314]
2023-04-27 19:31:15 DEBUG ThreadLocalRandom:214 ? -Dio.netty.initialSeedUniquifier: 0xb4e24245f3f84ffb
2023-04-27 19:31:15 DEBUG NettyConnectListener:73 ? Using new Channel '[id: 0x503b17aa, L:/127.0.0.1:55330 - R:localhost/127.0.0.1:55314]' for 'GET' to '/devtools/browser/de85e469-cc9b-428e-8b36-9125682e88f8'
2023-04-27 19:31:15 DEBUG WebSocketHandler:105 ? 

Request DefaultFullHttpRequest(decodeResult: success, version: HTTP/1.1, content: EmptyByteBufBE)
GET /devtools/browser/de85e469-cc9b-428e-8b36-9125682e88f8 HTTP/1.1
upgrade: websocket
connection: upgrade
sec-websocket-key: JVZitUDEJjvzAnMWb6ykyA==
sec-websocket-version: 13
origin: http://localhost:55314
host: localhost:55314
accept: */*
user-agent: AHC/2.1

Response DefaultHttpResponse(decodeResult: success, version: HTTP/1.1)
HTTP/1.1 101 WebSocket Protocol Handshake
Upgrade: WebSocket
Connection: Upgrade
Sec-WebSocket-Accept: wonw+jA8J8ajUMwiMRjeWN6WSFs=

2023-04-27 19:31:15 DEBUG NettyRequestSender:593 ? Using pooled Channel '[id: 0x7c0e8567, L:/127.0.0.1:55307 - R:localhost/127.0.0.1:38522]' for 'POST' to 'http://localhost:38522/session/4d4c971776e5395609ab987a9a984585/window/maximize'
2023-04-27 19:31:15 DEBUG NettyRequestSender:251 ? Using open Channel [id: 0x7c0e8567, L:/127.0.0.1:55307 - R:localhost/127.0.0.1:38522] for POST '/session/4d4c971776e5395609ab987a9a984585/window/maximize'
2023-04-27 19:31:15 DEBUG HttpHandler:70 ? 

Request DefaultHttpRequest(decodeResult: success, version: HTTP/1.1)
POST /session/4d4c971776e5395609ab987a9a984585/window/maximize HTTP/1.1
User-Agent: selenium/4.9.0 (java windows)
Content-Length: 3
Content-Type: application/json; charset=utf-8
host: localhost:38522
accept: */*

Response DefaultHttpResponse(decodeResult: success, version: HTTP/1.1)
HTTP/1.1 200 OK
Content-Length: 52
Content-Type: application/json; charset=utf-8
cache-control: no-cache

2023-04-27 19:31:15 DEBUG ChannelManager:270 ? Adding key: http://localhost:38522 for channel [id: 0x7c0e8567, L:/127.0.0.1:55307 - R:localhost/127.0.0.1:38522]
2023-04-27 19:31:15 DEBUG NettyRequestSender:593 ? Using pooled Channel '[id: 0x7c0e8567, L:/127.0.0.1:55307 - R:localhost/127.0.0.1:38522]' for 'POST' to 'http://localhost:38522/session/4d4c971776e5395609ab987a9a984585/timeouts'
2023-04-27 19:31:15 DEBUG NettyRequestSender:251 ? Using open Channel [id: 0x7c0e8567, L:/127.0.0.1:55307 - R:localhost/127.0.0.1:38522] for POST '/session/4d4c971776e5395609ab987a9a984585/timeouts'
2023-04-27 19:31:15 DEBUG HttpHandler:70 ? 

Request DefaultHttpRequest(decodeResult: success, version: HTTP/1.1)
POST /session/4d4c971776e5395609ab987a9a984585/timeouts HTTP/1.1
User-Agent: selenium/4.9.0 (java windows)
Content-Length: 23
Content-Type: application/json; charset=utf-8
host: localhost:38522
accept: */*

Response DefaultHttpResponse(decodeResult: success, version: HTTP/1.1)
HTTP/1.1 200 OK
Content-Length: 14
Content-Type: application/json; charset=utf-8
cache-control: no-cache

2023-04-27 19:31:15 DEBUG ChannelManager:270 ? Adding key: http://localhost:38522 for channel [id: 0x7c0e8567, L:/127.0.0.1:55307 - R:localhost/127.0.0.1:38522]
2023-04-27 19:31:15 DEBUG NettyRequestSender:593 ? Using pooled Channel '[id: 0x7c0e8567, L:/127.0.0.1:55307 - R:localhost/127.0.0.1:38522]' for 'POST' to 'http://localhost:38522/session/4d4c971776e5395609ab987a9a984585/url'
2023-04-27 19:31:15 DEBUG NettyRequestSender:251 ? Using open Channel [id: 0x7c0e8567, L:/127.0.0.1:55307 - R:localhost/127.0.0.1:38522] for POST '/session/4d4c971776e5395609ab987a9a984585/url'
2023-04-27 19:31:16 DEBUG DefaultChannelPool:348 ? Entry count for : http://localhost:55314 : 1
2023-04-27 19:31:17 DEBUG HttpHandler:70 ? 

Request DefaultHttpRequest(decodeResult: success, version: HTTP/1.1)
POST /session/4d4c971776e5395609ab987a9a984585/url HTTP/1.1
User-Agent: selenium/4.9.0 (java windows)
Content-Length: 67
Content-Type: application/json; charset=utf-8
host: localhost:38522
accept: */*

Response DefaultHttpResponse(decodeResult: success, version: HTTP/1.1)
HTTP/1.1 200 OK
Content-Length: 14
Content-Type: application/json; charset=utf-8
cache-control: no-cache

2023-04-27 19:31:17 DEBUG ChannelManager:270 ? Adding key: http://localhost:38522 for channel [id: 0x7c0e8567, L:/127.0.0.1:55307 - R:localhost/127.0.0.1:38522]
2023-04-27 19:31:17 DEBUG NettyRequestSender:593 ? Using pooled Channel '[id: 0x7c0e8567, L:/127.0.0.1:55307 - R:localhost/127.0.0.1:38522]' for 'POST' to 'http://localhost:38522/session/4d4c971776e5395609ab987a9a984585/element'
2023-04-27 19:31:17 DEBUG NettyRequestSender:251 ? Using open Channel [id: 0x7c0e8567, L:/127.0.0.1:55307 - R:localhost/127.0.0.1:38522] for POST '/session/4d4c971776e5395609ab987a9a984585/element'
2023-04-27 19:31:17 DEBUG HttpHandler:70 ? 

Request DefaultHttpRequest(decodeResult: success, version: HTTP/1.1)
POST /session/4d4c971776e5395609ab987a9a984585/element HTTP/1.1
User-Agent: selenium/4.9.0 (java windows)
Content-Length: 53
Content-Type: application/json; charset=utf-8
host: localhost:38522
accept: */*

Response DefaultHttpResponse(decodeResult: success, version: HTTP/1.1)
HTTP/1.1 200 OK
Content-Length: 88
Content-Type: application/json; charset=utf-8
cache-control: no-cache

2023-04-27 19:31:17 DEBUG ChannelManager:270 ? Adding key: http://localhost:38522 for channel [id: 0x7c0e8567, L:/127.0.0.1:55307 - R:localhost/127.0.0.1:38522]
2023-04-27 19:31:17 DEBUG NettyRequestSender:593 ? Using pooled Channel '[id: 0x7c0e8567, L:/127.0.0.1:55307 - R:localhost/127.0.0.1:38522]' for 'POST' to 'http://localhost:38522/session/4d4c971776e5395609ab987a9a984585/execute/sync'
2023-04-27 19:31:17 DEBUG NettyRequestSender:251 ? Using open Channel [id: 0x7c0e8567, L:/127.0.0.1:55307 - R:localhost/127.0.0.1:38522] for POST '/session/4d4c971776e5395609ab987a9a984585/execute/sync'
2023-04-27 19:31:17 DEBUG HttpHandler:70 ? 

Request DefaultHttpRequest(decodeResult: success, version: HTTP/1.1)
POST /session/4d4c971776e5395609ab987a9a984585/execute/sync HTTP/1.1
User-Agent: selenium/4.9.0 (java windows)
Content-Length: 48807
Content-Type: application/json; charset=utf-8
host: localhost:38522
accept: */*

Response DefaultHttpResponse(decodeResult: success, version: HTTP/1.1)
HTTP/1.1 200 OK
Content-Length: 14
Content-Type: application/json; charset=utf-8
cache-control: no-cache

2023-04-27 19:31:17 DEBUG ChannelManager:270 ? Adding key: http://localhost:38522 for channel [id: 0x7c0e8567, L:/127.0.0.1:55307 - R:localhost/127.0.0.1:38522]
2023-04-27 19:31:17 DEBUG NettyRequestSender:593 ? Using pooled Channel '[id: 0x7c0e8567, L:/127.0.0.1:55307 - R:localhost/127.0.0.1:38522]' for 'POST' to 'http://localhost:38522/session/4d4c971776e5395609ab987a9a984585/element'
2023-04-27 19:31:17 DEBUG NettyRequestSender:251 ? Using open Channel [id: 0x7c0e8567, L:/127.0.0.1:55307 - R:localhost/127.0.0.1:38522] for POST '/session/4d4c971776e5395609ab987a9a984585/element'
2023-04-27 19:31:17 DEBUG HttpHandler:70 ? 

Request DefaultHttpRequest(decodeResult: success, version: HTTP/1.1)
POST /session/4d4c971776e5395609ab987a9a984585/element HTTP/1.1
User-Agent: selenium/4.9.0 (java windows)
Content-Length: 54
Content-Type: application/json; charset=utf-8
host: localhost:38522
accept: */*

Response DefaultHttpResponse(decodeResult: success, version: HTTP/1.1)
HTTP/1.1 200 OK
Content-Length: 88
Content-Type: application/json; charset=utf-8
cache-control: no-cache

2023-04-27 19:31:17 DEBUG ChannelManager:270 ? Adding key: http://localhost:38522 for channel [id: 0x7c0e8567, L:/127.0.0.1:55307 - R:localhost/127.0.0.1:38522]
2023-04-27 19:31:17 DEBUG NettyRequestSender:593 ? Using pooled Channel '[id: 0x7c0e8567, L:/127.0.0.1:55307 - R:localhost/127.0.0.1:38522]' for 'POST' to 'http://localhost:38522/session/4d4c971776e5395609ab987a9a984585/execute/sync'
2023-04-27 19:31:17 DEBUG NettyRequestSender:251 ? Using open Channel [id: 0x7c0e8567, L:/127.0.0.1:55307 - R:localhost/127.0.0.1:38522] for POST '/session/4d4c971776e5395609ab987a9a984585/execute/sync'
2023-04-27 19:31:17 DEBUG HttpHandler:70 ? 

Request DefaultHttpRequest(decodeResult: success, version: HTTP/1.1)
POST /session/4d4c971776e5395609ab987a9a984585/execute/sync HTTP/1.1
User-Agent: selenium/4.9.0 (java windows)
Content-Length: 48807
Content-Type: application/json; charset=utf-8
host: localhost:38522
accept: */*

Response DefaultHttpResponse(decodeResult: success, version: HTTP/1.1)
HTTP/1.1 200 OK
Content-Length: 14
Content-Type: application/json; charset=utf-8
cache-control: no-cache

2023-04-27 19:31:17 DEBUG ChannelManager:270 ? Adding key: http://localhost:38522 for channel [id: 0x7c0e8567, L:/127.0.0.1:55307 - R:localhost/127.0.0.1:38522]
2023-04-27 19:31:17 DEBUG NettyRequestSender:593 ? Using pooled Channel '[id: 0x7c0e8567, L:/127.0.0.1:55307 - R:localhost/127.0.0.1:38522]' for 'POST' to 'http://localhost:38522/session/4d4c971776e5395609ab987a9a984585/element'
2023-04-27 19:31:17 DEBUG NettyRequestSender:251 ? Using open Channel [id: 0x7c0e8567, L:/127.0.0.1:55307 - R:localhost/127.0.0.1:38522] for POST '/session/4d4c971776e5395609ab987a9a984585/element'
2023-04-27 19:31:17 DEBUG HttpHandler:70 ? 

Request DefaultHttpRequest(decodeResult: success, version: HTTP/1.1)
POST /session/4d4c971776e5395609ab987a9a984585/element HTTP/1.1
User-Agent: selenium/4.9.0 (java windows)
Content-Length: 53
Content-Type: application/json; charset=utf-8
host: localhost:38522
accept: */*

Response DefaultHttpResponse(decodeResult: success, version: HTTP/1.1)
HTTP/1.1 200 OK
Content-Length: 88
Content-Type: application/json; charset=utf-8
cache-control: no-cache

2023-04-27 19:31:17 DEBUG ChannelManager:270 ? Adding key: http://localhost:38522 for channel [id: 0x7c0e8567, L:/127.0.0.1:55307 - R:localhost/127.0.0.1:38522]
2023-04-27 19:31:17 DEBUG NettyRequestSender:593 ? Using pooled Channel '[id: 0x7c0e8567, L:/127.0.0.1:55307 - R:localhost/127.0.0.1:38522]' for 'POST' to 'http://localhost:38522/session/4d4c971776e5395609ab987a9a984585/execute/sync'
2023-04-27 19:31:17 DEBUG NettyRequestSender:251 ? Using open Channel [id: 0x7c0e8567, L:/127.0.0.1:55307 - R:localhost/127.0.0.1:38522] for POST '/session/4d4c971776e5395609ab987a9a984585/execute/sync'
2023-04-27 19:31:17 DEBUG HttpHandler:70 ? 

Request DefaultHttpRequest(decodeResult: success, version: HTTP/1.1)
POST /session/4d4c971776e5395609ab987a9a984585/execute/sync HTTP/1.1
User-Agent: selenium/4.9.0 (java windows)
Content-Length: 48807
Content-Type: application/json; charset=utf-8
host: localhost:38522
accept: */*

Response DefaultHttpResponse(decodeResult: success, version: HTTP/1.1)
HTTP/1.1 200 OK
Content-Length: 14
Content-Type: application/json; charset=utf-8
cache-control: no-cache

2023-04-27 19:31:17 DEBUG ChannelManager:270 ? Adding key: http://localhost:38522 for channel [id: 0x7c0e8567, L:/127.0.0.1:55307 - R:localhost/127.0.0.1:38522]
2023-04-27 19:31:17 DEBUG NettyRequestSender:593 ? Using pooled Channel '[id: 0x7c0e8567, L:/127.0.0.1:55307 - R:localhost/127.0.0.1:38522]' for 'POST' to 'http://localhost:38522/session/4d4c971776e5395609ab987a9a984585/element'
2023-04-27 19:31:17 DEBUG NettyRequestSender:251 ? Using open Channel [id: 0x7c0e8567, L:/127.0.0.1:55307 - R:localhost/127.0.0.1:38522] for POST '/session/4d4c971776e5395609ab987a9a984585/element'
2023-04-27 19:31:17 DEBUG HttpHandler:70 ? 

Request DefaultHttpRequest(decodeResult: success, version: HTTP/1.1)
POST /session/4d4c971776e5395609ab987a9a984585/element HTTP/1.1
User-Agent: selenium/4.9.0 (java windows)
Content-Length: 53
Content-Type: application/json; charset=utf-8
host: localhost:38522
accept: */*

Response DefaultHttpResponse(decodeResult: success, version: HTTP/1.1)
HTTP/1.1 200 OK
Content-Length: 88
Content-Type: application/json; charset=utf-8
cache-control: no-cache

2023-04-27 19:31:17 DEBUG ChannelManager:270 ? Adding key: http://localhost:38522 for channel [id: 0x7c0e8567, L:/127.0.0.1:55307 - R:localhost/127.0.0.1:38522]
2023-04-27 19:31:17 DEBUG NettyRequestSender:593 ? Using pooled Channel '[id: 0x7c0e8567, L:/127.0.0.1:55307 - R:localhost/127.0.0.1:38522]' for 'POST' to 'http://localhost:38522/session/4d4c971776e5395609ab987a9a984585/execute/sync'
2023-04-27 19:31:17 DEBUG NettyRequestSender:251 ? Using open Channel [id: 0x7c0e8567, L:/127.0.0.1:55307 - R:localhost/127.0.0.1:38522] for POST '/session/4d4c971776e5395609ab987a9a984585/execute/sync'
2023-04-27 19:31:17 DEBUG HttpHandler:70 ? 

Request DefaultHttpRequest(decodeResult: success, version: HTTP/1.1)
POST /session/4d4c971776e5395609ab987a9a984585/execute/sync HTTP/1.1
User-Agent: selenium/4.9.0 (java windows)
Content-Length: 48807
Content-Type: application/json; charset=utf-8
host: localhost:38522
accept: */*

Response DefaultHttpResponse(decodeResult: success, version: HTTP/1.1)
HTTP/1.1 200 OK
Content-Length: 14
Content-Type: application/json; charset=utf-8
cache-control: no-cache

2023-04-27 19:31:17 DEBUG ChannelManager:270 ? Adding key: http://localhost:38522 for channel [id: 0x7c0e8567, L:/127.0.0.1:55307 - R:localhost/127.0.0.1:38522]
2023-04-27 19:31:17 DEBUG NettyRequestSender:593 ? Using pooled Channel '[id: 0x7c0e8567, L:/127.0.0.1:55307 - R:localhost/127.0.0.1:38522]' for 'POST' to 'http://localhost:38522/session/4d4c971776e5395609ab987a9a984585/element'
2023-04-27 19:31:17 DEBUG NettyRequestSender:251 ? Using open Channel [id: 0x7c0e8567, L:/127.0.0.1:55307 - R:localhost/127.0.0.1:38522] for POST '/session/4d4c971776e5395609ab987a9a984585/element'
2023-04-27 19:31:17 DEBUG HttpHandler:70 ? 

Request DefaultHttpRequest(decodeResult: success, version: HTTP/1.1)
POST /session/4d4c971776e5395609ab987a9a984585/element HTTP/1.1
User-Agent: selenium/4.9.0 (java windows)
Content-Length: 60
Content-Type: application/json; charset=utf-8
host: localhost:38522
accept: */*

Response DefaultHttpResponse(decodeResult: success, version: HTTP/1.1)
HTTP/1.1 200 OK
Content-Length: 88
Content-Type: application/json; charset=utf-8
cache-control: no-cache

2023-04-27 19:31:17 DEBUG ChannelManager:270 ? Adding key: http://localhost:38522 for channel [id: 0x7c0e8567, L:/127.0.0.1:55307 - R:localhost/127.0.0.1:38522]
2023-04-27 19:31:17 DEBUG NettyRequestSender:593 ? Using pooled Channel '[id: 0x7c0e8567, L:/127.0.0.1:55307 - R:localhost/127.0.0.1:38522]' for 'POST' to 'http://localhost:38522/session/4d4c971776e5395609ab987a9a984585/execute/sync'
2023-04-27 19:31:17 DEBUG NettyRequestSender:251 ? Using open Channel [id: 0x7c0e8567, L:/127.0.0.1:55307 - R:localhost/127.0.0.1:38522] for POST '/session/4d4c971776e5395609ab987a9a984585/execute/sync'
2023-04-27 19:31:17 DEBUG HttpHandler:70 ? 

Request DefaultHttpRequest(decodeResult: success, version: HTTP/1.1)
POST /session/4d4c971776e5395609ab987a9a984585/execute/sync HTTP/1.1
User-Agent: selenium/4.9.0 (java windows)
Content-Length: 48807
Content-Type: application/json; charset=utf-8
host: localhost:38522
accept: */*

Response DefaultHttpResponse(decodeResult: success, version: HTTP/1.1)
HTTP/1.1 200 OK
Content-Length: 14
Content-Type: application/json; charset=utf-8
cache-control: no-cache

2023-04-27 19:31:17 DEBUG DefaultChannelPool:348 ? Entry count for : http://localhost:55314 : 1
2023-04-27 19:31:17 DEBUG ChannelManager:270 ? Adding key: http://localhost:38522 for channel [id: 0x7c0e8567, L:/127.0.0.1:55307 - R:localhost/127.0.0.1:38522]
2023-04-27 19:31:17 DEBUG NettyRequestSender:593 ? Using pooled Channel '[id: 0x7c0e8567, L:/127.0.0.1:55307 - R:localhost/127.0.0.1:38522]' for 'POST' to 'http://localhost:38522/session/4d4c971776e5395609ab987a9a984585/element'
2023-04-27 19:31:17 DEBUG NettyRequestSender:251 ? Using open Channel [id: 0x7c0e8567, L:/127.0.0.1:55307 - R:localhost/127.0.0.1:38522] for POST '/session/4d4c971776e5395609ab987a9a984585/element'
2023-04-27 19:31:17 DEBUG HttpHandler:70 ? 

Request DefaultHttpRequest(decodeResult: success, version: HTTP/1.1)
POST /session/4d4c971776e5395609ab987a9a984585/element HTTP/1.1
User-Agent: selenium/4.9.0 (java windows)
Content-Length: 53
Content-Type: application/json; charset=utf-8
host: localhost:38522
accept: */*

Response DefaultHttpResponse(decodeResult: success, version: HTTP/1.1)
HTTP/1.1 200 OK
Content-Length: 88
Content-Type: application/json; charset=utf-8
cache-control: no-cache

2023-04-27 19:31:17 DEBUG ChannelManager:270 ? Adding key: http://localhost:38522 for channel [id: 0x7c0e8567, L:/127.0.0.1:55307 - R:localhost/127.0.0.1:38522]
2023-04-27 19:31:17 DEBUG NettyRequestSender:593 ? Using pooled Channel '[id: 0x7c0e8567, L:/127.0.0.1:55307 - R:localhost/127.0.0.1:38522]' for 'POST' to 'http://localhost:38522/session/4d4c971776e5395609ab987a9a984585/actions'
2023-04-27 19:31:17 DEBUG NettyRequestSender:251 ? Using open Channel [id: 0x7c0e8567, L:/127.0.0.1:55307 - R:localhost/127.0.0.1:38522] for POST '/session/4d4c971776e5395609ab987a9a984585/actions'
2023-04-27 19:31:17 DEBUG HttpHandler:70 ? 

Request DefaultHttpRequest(decodeResult: success, version: HTTP/1.1)
POST /session/4d4c971776e5395609ab987a9a984585/actions HTTP/1.1
User-Agent: selenium/4.9.0 (java windows)
Content-Length: 3755
Content-Type: application/json; charset=utf-8
host: localhost:38522
accept: */*

Response DefaultHttpResponse(decodeResult: success, version: HTTP/1.1)
HTTP/1.1 200 OK
Content-Length: 14
Content-Type: application/json; charset=utf-8
cache-control: no-cache

2023-04-27 19:31:17 DEBUG ChannelManager:270 ? Adding key: http://localhost:38522 for channel [id: 0x7c0e8567, L:/127.0.0.1:55307 - R:localhost/127.0.0.1:38522]
2023-04-27 19:31:17 DEBUG NettyRequestSender:593 ? Using pooled Channel '[id: 0x7c0e8567, L:/127.0.0.1:55307 - R:localhost/127.0.0.1:38522]' for 'POST' to 'http://localhost:38522/session/4d4c971776e5395609ab987a9a984585/element'
2023-04-27 19:31:17 DEBUG NettyRequestSender:251 ? Using open Channel [id: 0x7c0e8567, L:/127.0.0.1:55307 - R:localhost/127.0.0.1:38522] for POST '/session/4d4c971776e5395609ab987a9a984585/element'
2023-04-27 19:31:17 DEBUG HttpHandler:70 ? 

Request DefaultHttpRequest(decodeResult: success, version: HTTP/1.1)
POST /session/4d4c971776e5395609ab987a9a984585/element HTTP/1.1
User-Agent: selenium/4.9.0 (java windows)
Content-Length: 54
Content-Type: application/json; charset=utf-8
host: localhost:38522
accept: */*

Response DefaultHttpResponse(decodeResult: success, version: HTTP/1.1)
HTTP/1.1 200 OK
Content-Length: 88
Content-Type: application/json; charset=utf-8
cache-control: no-cache

2023-04-27 19:31:17 DEBUG ChannelManager:270 ? Adding key: http://localhost:38522 for channel [id: 0x7c0e8567, L:/127.0.0.1:55307 - R:localhost/127.0.0.1:38522]
2023-04-27 19:31:17 DEBUG NettyRequestSender:593 ? Using pooled Channel '[id: 0x7c0e8567, L:/127.0.0.1:55307 - R:localhost/127.0.0.1:38522]' for 'POST' to 'http://localhost:38522/session/4d4c971776e5395609ab987a9a984585/actions'
2023-04-27 19:31:17 DEBUG NettyRequestSender:251 ? Using open Channel [id: 0x7c0e8567, L:/127.0.0.1:55307 - R:localhost/127.0.0.1:38522] for POST '/session/4d4c971776e5395609ab987a9a984585/actions'
2023-04-27 19:31:17 DEBUG HttpHandler:70 ? 

Request DefaultHttpRequest(decodeResult: success, version: HTTP/1.1)
POST /session/4d4c971776e5395609ab987a9a984585/actions HTTP/1.1
User-Agent: selenium/4.9.0 (java windows)
Content-Length: 3755
Content-Type: application/json; charset=utf-8
host: localhost:38522
accept: */*

Response DefaultHttpResponse(decodeResult: success, version: HTTP/1.1)
HTTP/1.1 200 OK
Content-Length: 14
Content-Type: application/json; charset=utf-8
cache-control: no-cache

2023-04-27 19:31:17 DEBUG ChannelManager:270 ? Adding key: http://localhost:38522 for channel [id: 0x7c0e8567, L:/127.0.0.1:55307 - R:localhost/127.0.0.1:38522]
2023-04-27 19:31:17 DEBUG NettyRequestSender:593 ? Using pooled Channel '[id: 0x7c0e8567, L:/127.0.0.1:55307 - R:localhost/127.0.0.1:38522]' for 'POST' to 'http://localhost:38522/session/4d4c971776e5395609ab987a9a984585/element'
2023-04-27 19:31:17 DEBUG NettyRequestSender:251 ? Using open Channel [id: 0x7c0e8567, L:/127.0.0.1:55307 - R:localhost/127.0.0.1:38522] for POST '/session/4d4c971776e5395609ab987a9a984585/element'
2023-04-27 19:31:17 DEBUG HttpHandler:70 ? 

Request DefaultHttpRequest(decodeResult: success, version: HTTP/1.1)
POST /session/4d4c971776e5395609ab987a9a984585/element HTTP/1.1
User-Agent: selenium/4.9.0 (java windows)
Content-Length: 53
Content-Type: application/json; charset=utf-8
host: localhost:38522
accept: */*

Response DefaultHttpResponse(decodeResult: success, version: HTTP/1.1)
HTTP/1.1 200 OK
Content-Length: 88
Content-Type: application/json; charset=utf-8
cache-control: no-cache

2023-04-27 19:31:17 DEBUG ChannelManager:270 ? Adding key: http://localhost:38522 for channel [id: 0x7c0e8567, L:/127.0.0.1:55307 - R:localhost/127.0.0.1:38522]
2023-04-27 19:31:17 DEBUG NettyRequestSender:593 ? Using pooled Channel '[id: 0x7c0e8567, L:/127.0.0.1:55307 - R:localhost/127.0.0.1:38522]' for 'POST' to 'http://localhost:38522/session/4d4c971776e5395609ab987a9a984585/actions'
2023-04-27 19:31:17 DEBUG NettyRequestSender:251 ? Using open Channel [id: 0x7c0e8567, L:/127.0.0.1:55307 - R:localhost/127.0.0.1:38522] for POST '/session/4d4c971776e5395609ab987a9a984585/actions'
2023-04-27 19:31:18 DEBUG HttpHandler:70 ? 

Request DefaultHttpRequest(decodeResult: success, version: HTTP/1.1)
POST /session/4d4c971776e5395609ab987a9a984585/actions HTTP/1.1
User-Agent: selenium/4.9.0 (java windows)
Content-Length: 3755
Content-Type: application/json; charset=utf-8
host: localhost:38522
accept: */*

Response DefaultHttpResponse(decodeResult: success, version: HTTP/1.1)
HTTP/1.1 200 OK
Content-Length: 14
Content-Type: application/json; charset=utf-8
cache-control: no-cache

2023-04-27 19:31:18 DEBUG ChannelManager:270 ? Adding key: http://localhost:38522 for channel [id: 0x7c0e8567, L:/127.0.0.1:55307 - R:localhost/127.0.0.1:38522]
2023-04-27 19:31:18 DEBUG NettyRequestSender:593 ? Using pooled Channel '[id: 0x7c0e8567, L:/127.0.0.1:55307 - R:localhost/127.0.0.1:38522]' for 'POST' to 'http://localhost:38522/session/4d4c971776e5395609ab987a9a984585/element'
2023-04-27 19:31:18 DEBUG NettyRequestSender:251 ? Using open Channel [id: 0x7c0e8567, L:/127.0.0.1:55307 - R:localhost/127.0.0.1:38522] for POST '/session/4d4c971776e5395609ab987a9a984585/element'
2023-04-27 19:31:18 DEBUG HttpHandler:70 ? 

Request DefaultHttpRequest(decodeResult: success, version: HTTP/1.1)
POST /session/4d4c971776e5395609ab987a9a984585/element HTTP/1.1
User-Agent: selenium/4.9.0 (java windows)
Content-Length: 53
Content-Type: application/json; charset=utf-8
host: localhost:38522
accept: */*

Response DefaultHttpResponse(decodeResult: success, version: HTTP/1.1)
HTTP/1.1 200 OK
Content-Length: 88
Content-Type: application/json; charset=utf-8
cache-control: no-cache

2023-04-27 19:31:18 DEBUG ChannelManager:270 ? Adding key: http://localhost:38522 for channel [id: 0x7c0e8567, L:/127.0.0.1:55307 - R:localhost/127.0.0.1:38522]
2023-04-27 19:31:18 DEBUG NettyRequestSender:593 ? Using pooled Channel '[id: 0x7c0e8567, L:/127.0.0.1:55307 - R:localhost/127.0.0.1:38522]' for 'POST' to 'http://localhost:38522/session/4d4c971776e5395609ab987a9a984585/actions'
2023-04-27 19:31:18 DEBUG NettyRequestSender:251 ? Using open Channel [id: 0x7c0e8567, L:/127.0.0.1:55307 - R:localhost/127.0.0.1:38522] for POST '/session/4d4c971776e5395609ab987a9a984585/actions'
2023-04-27 19:31:18 DEBUG HttpHandler:70 ? 

Request DefaultHttpRequest(decodeResult: success, version: HTTP/1.1)
POST /session/4d4c971776e5395609ab987a9a984585/actions HTTP/1.1
User-Agent: selenium/4.9.0 (java windows)
Content-Length: 3755
Content-Type: application/json; charset=utf-8
host: localhost:38522
accept: */*

Response DefaultHttpResponse(decodeResult: success, version: HTTP/1.1)
HTTP/1.1 200 OK
Content-Length: 14
Content-Type: application/json; charset=utf-8
cache-control: no-cache

2023-04-27 19:31:18 DEBUG ChannelManager:270 ? Adding key: http://localhost:38522 for channel [id: 0x7c0e8567, L:/127.0.0.1:55307 - R:localhost/127.0.0.1:38522]
2023-04-27 19:31:18 DEBUG NettyRequestSender:593 ? Using pooled Channel '[id: 0x7c0e8567, L:/127.0.0.1:55307 - R:localhost/127.0.0.1:38522]' for 'POST' to 'http://localhost:38522/session/4d4c971776e5395609ab987a9a984585/element'
2023-04-27 19:31:18 DEBUG NettyRequestSender:251 ? Using open Channel [id: 0x7c0e8567, L:/127.0.0.1:55307 - R:localhost/127.0.0.1:38522] for POST '/session/4d4c971776e5395609ab987a9a984585/element'
2023-04-27 19:31:18 DEBUG HttpHandler:70 ? 

Request DefaultHttpRequest(decodeResult: success, version: HTTP/1.1)
POST /session/4d4c971776e5395609ab987a9a984585/element HTTP/1.1
User-Agent: selenium/4.9.0 (java windows)
Content-Length: 60
Content-Type: application/json; charset=utf-8
host: localhost:38522
accept: */*

Response DefaultHttpResponse(decodeResult: success, version: HTTP/1.1)
HTTP/1.1 200 OK
Content-Length: 88
Content-Type: application/json; charset=utf-8
cache-control: no-cache

2023-04-27 19:31:18 DEBUG ChannelManager:270 ? Adding key: http://localhost:38522 for channel [id: 0x7c0e8567, L:/127.0.0.1:55307 - R:localhost/127.0.0.1:38522]
2023-04-27 19:31:18 DEBUG NettyRequestSender:593 ? Using pooled Channel '[id: 0x7c0e8567, L:/127.0.0.1:55307 - R:localhost/127.0.0.1:38522]' for 'POST' to 'http://localhost:38522/session/4d4c971776e5395609ab987a9a984585/actions'
2023-04-27 19:31:18 DEBUG NettyRequestSender:251 ? Using open Channel [id: 0x7c0e8567, L:/127.0.0.1:55307 - R:localhost/127.0.0.1:38522] for POST '/session/4d4c971776e5395609ab987a9a984585/actions'
2023-04-27 19:31:18 DEBUG HttpHandler:70 ? 

Request DefaultHttpRequest(decodeResult: success, version: HTTP/1.1)
POST /session/4d4c971776e5395609ab987a9a984585/actions HTTP/1.1
User-Agent: selenium/4.9.0 (java windows)
Content-Length: 3755
Content-Type: application/json; charset=utf-8
host: localhost:38522
accept: */*

Response DefaultHttpResponse(decodeResult: success, version: HTTP/1.1)
HTTP/1.1 200 OK
Content-Length: 14
Content-Type: application/json; charset=utf-8
cache-control: no-cache

2023-04-27 19:31:18 DEBUG ChannelManager:270 ? Adding key: http://localhost:38522 for channel [id: 0x7c0e8567, L:/127.0.0.1:55307 - R:localhost/127.0.0.1:38522]
2023-04-27 19:31:18 DEBUG NettyRequestSender:593 ? Using pooled Channel '[id: 0x7c0e8567, L:/127.0.0.1:55307 - R:localhost/127.0.0.1:38522]' for 'POST' to 'http://localhost:38522/session/4d4c971776e5395609ab987a9a984585/element'
2023-04-27 19:31:18 DEBUG NettyRequestSender:251 ? Using open Channel [id: 0x7c0e8567, L:/127.0.0.1:55307 - R:localhost/127.0.0.1:38522] for POST '/session/4d4c971776e5395609ab987a9a984585/element'
2023-04-27 19:31:18 DEBUG DefaultChannelPool:348 ? Entry count for : http://localhost:55314 : 1
2023-04-27 19:31:18 DEBUG HttpHandler:70 ? 

Request DefaultHttpRequest(decodeResult: success, version: HTTP/1.1)
POST /session/4d4c971776e5395609ab987a9a984585/element HTTP/1.1
User-Agent: selenium/4.9.0 (java windows)
Content-Length: 74
Content-Type: application/json; charset=utf-8
host: localhost:38522
accept: */*

Response DefaultHttpResponse(decodeResult: success, version: HTTP/1.1)
HTTP/1.1 200 OK
Content-Length: 88
Content-Type: application/json; charset=utf-8
cache-control: no-cache

2023-04-27 19:31:18 DEBUG ChannelManager:270 ? Adding key: http://localhost:38522 for channel [id: 0x7c0e8567, L:/127.0.0.1:55307 - R:localhost/127.0.0.1:38522]
2023-04-27 19:31:18 DEBUG NettyRequestSender:593 ? Using pooled Channel '[id: 0x7c0e8567, L:/127.0.0.1:55307 - R:localhost/127.0.0.1:38522]' for 'POST' to 'http://localhost:38522/session/4d4c971776e5395609ab987a9a984585/actions'
2023-04-27 19:31:18 DEBUG NettyRequestSender:251 ? Using open Channel [id: 0x7c0e8567, L:/127.0.0.1:55307 - R:localhost/127.0.0.1:38522] for POST '/session/4d4c971776e5395609ab987a9a984585/actions'
2023-04-27 19:31:18 DEBUG HttpHandler:70 ? 

Request DefaultHttpRequest(decodeResult: success, version: HTTP/1.1)
POST /session/4d4c971776e5395609ab987a9a984585/actions HTTP/1.1
User-Agent: selenium/4.9.0 (java windows)
Content-Length: 567
Content-Type: application/json; charset=utf-8
host: localhost:38522
accept: */*

Response DefaultHttpResponse(decodeResult: success, version: HTTP/1.1)
HTTP/1.1 200 OK
Content-Length: 14
Content-Type: application/json; charset=utf-8
cache-control: no-cache

2023-04-27 19:31:18 DEBUG ChannelManager:270 ? Adding key: http://localhost:38522 for channel [id: 0x7c0e8567, L:/127.0.0.1:55307 - R:localhost/127.0.0.1:38522]
2023-04-27 19:32:24 DEBUG InternalLoggerFactory:63 ? Using SLF4J as the default logging framework
2023-04-27 19:32:24 DEBUG ResourceLeakDetector:129 ? -Dio.netty.leakDetection.level: simple
2023-04-27 19:32:24 DEBUG ResourceLeakDetector:130 ? -Dio.netty.leakDetection.targetRecords: 4
2023-04-27 19:32:24 DEBUG ResourceLeakDetectorFactory:196 ? Loaded default ResourceLeakDetector: io.netty.util.ResourceLeakDetector@63c5efee
2023-04-27 19:32:24 DEBUG PlatformDependent0:496 ? -Dio.netty.noUnsafe: false
2023-04-27 19:32:24 DEBUG PlatformDependent0:1000 ? Java version: 19
2023-04-27 19:32:24 DEBUG PlatformDependent0:137 ? sun.misc.Unsafe.theUnsafe: available
2023-04-27 19:32:24 DEBUG PlatformDependent0:161 ? sun.misc.Unsafe.copyMemory: available
2023-04-27 19:32:24 DEBUG PlatformDependent0:193 ? sun.misc.Unsafe.storeFence: available
2023-04-27 19:32:24 DEBUG PlatformDependent0:236 ? java.nio.Buffer.address: available
2023-04-27 19:32:24 DEBUG PlatformDependent0:320 ? direct buffer constructor: unavailable: Reflective setAccessible(true) disabled
2023-04-27 19:32:24 DEBUG PlatformDependent0:385 ? java.nio.Bits.unaligned: available, true
2023-04-27 19:32:24 DEBUG PlatformDependent0:452 ? jdk.internal.misc.Unsafe.allocateUninitializedArray(int): unavailable: class io.netty.util.internal.PlatformDependent0$7 cannot access class jdk.internal.misc.Unsafe (in module java.base) because module java.base does not export jdk.internal.misc to unnamed module @5679c6c6
2023-04-27 19:32:24 DEBUG PlatformDependent0:482 ? java.nio.DirectByteBuffer.<init>(long, int): unavailable
2023-04-27 19:32:24 DEBUG PlatformDependent:1159 ? sun.misc.Unsafe: available
2023-04-27 19:32:24 DEBUG PlatformDependent:1270 ? maxDirectMemory: 5339348992 bytes (maybe)
2023-04-27 19:32:24 DEBUG PlatformDependent:1289 ? -Dio.netty.tmpdir: C:\Users\rohit\AppData\Local\Temp (java.io.tmpdir)
2023-04-27 19:32:24 DEBUG PlatformDependent:1368 ? -Dio.netty.bitMode: 64 (sun.arch.data.model)
2023-04-27 19:32:24 DEBUG PlatformDependent:1119 ? Platform: Windows
2023-04-27 19:32:24 DEBUG PlatformDependent:178 ? -Dio.netty.maxDirectMemory: -1 bytes
2023-04-27 19:32:24 DEBUG PlatformDependent:185 ? -Dio.netty.uninitializedArrayAllocationThreshold: -1
2023-04-27 19:32:24 DEBUG CleanerJava9:71 ? java.nio.ByteBuffer.cleaner(): available
2023-04-27 19:32:24 DEBUG PlatformDependent:205 ? -Dio.netty.noPreferDirect: false
2023-04-27 19:32:24 DEBUG PlatformDependent:1010 ? org.jctools-core.MpscChunkedArrayQueue: available
2023-04-27 19:32:24 DEBUG InternalThreadLocalMap:100 ? -Dio.netty.threadLocalMap.stringBuilder.initialSize: 1024
2023-04-27 19:32:24 DEBUG InternalThreadLocalMap:101 ? -Dio.netty.threadLocalMap.stringBuilder.maxSize: 4096
2023-04-27 19:32:24 DEBUG JdkSslContext:83 ? Default protocols (JDK): [TLSv1.3, TLSv1.2] 
2023-04-27 19:32:24 DEBUG JdkSslContext:84 ? Default cipher suites (JDK): [TLS_ECDHE_ECDSA_WITH_AES_256_GCM_SHA384, TLS_ECDHE_ECDSA_WITH_AES_128_GCM_SHA256, TLS_ECDHE_RSA_WITH_AES_128_GCM_SHA256, TLS_ECDHE_RSA_WITH_AES_256_GCM_SHA384, TLS_ECDHE_RSA_WITH_AES_128_CBC_SHA, TLS_ECDHE_RSA_WITH_AES_256_CBC_SHA, TLS_RSA_WITH_AES_128_GCM_SHA256, TLS_RSA_WITH_AES_128_CBC_SHA, TLS_RSA_WITH_AES_256_CBC_SHA, TLS_AES_128_GCM_SHA256, TLS_AES_256_GCM_SHA384]
2023-04-27 19:32:24 DEBUG GlobalEventExecutor:53 ? -Dio.netty.globalEventExecutor.quietPeriodSeconds: 1
2023-04-27 19:32:24 DEBUG MultithreadEventLoopGroup:44 ? -Dio.netty.eventLoopThreads: 16
2023-04-27 19:32:24 DEBUG NioEventLoop:110 ? -Dio.netty.noKeySetOptimization: false
2023-04-27 19:32:24 DEBUG NioEventLoop:111 ? -Dio.netty.selectorAutoRebuildThreshold: 512
2023-04-27 19:32:24 DEBUG PooledByteBufAllocator:157 ? -Dio.netty.allocator.numHeapArenas: 16
2023-04-27 19:32:24 DEBUG PooledByteBufAllocator:158 ? -Dio.netty.allocator.numDirectArenas: 16
2023-04-27 19:32:24 DEBUG PooledByteBufAllocator:160 ? -Dio.netty.allocator.pageSize: 8192
2023-04-27 19:32:24 DEBUG PooledByteBufAllocator:165 ? -Dio.netty.allocator.maxOrder: 9
2023-04-27 19:32:24 DEBUG PooledByteBufAllocator:169 ? -Dio.netty.allocator.chunkSize: 4194304
2023-04-27 19:32:24 DEBUG PooledByteBufAllocator:170 ? -Dio.netty.allocator.smallCacheSize: 256
2023-04-27 19:32:24 DEBUG PooledByteBufAllocator:171 ? -Dio.netty.allocator.normalCacheSize: 64
2023-04-27 19:32:24 DEBUG PooledByteBufAllocator:172 ? -Dio.netty.allocator.maxCachedBufferCapacity: 32768
2023-04-27 19:32:24 DEBUG PooledByteBufAllocator:173 ? -Dio.netty.allocator.cacheTrimInterval: 8192
2023-04-27 19:32:24 DEBUG PooledByteBufAllocator:174 ? -Dio.netty.allocator.cacheTrimIntervalMillis: 0
2023-04-27 19:32:24 DEBUG PooledByteBufAllocator:175 ? -Dio.netty.allocator.useCacheForAllThreads: false
2023-04-27 19:32:24 DEBUG PooledByteBufAllocator:176 ? -Dio.netty.allocator.maxCachedByteBuffersPerChunk: 1023
2023-04-27 19:32:24 DEBUG ByteBufUtil:88 ? -Dio.netty.allocator.type: pooled
2023-04-27 19:32:24 DEBUG ByteBufUtil:97 ? -Dio.netty.threadLocalDirectBufferSize: 0
2023-04-27 19:32:24 DEBUG ByteBufUtil:100 ? -Dio.netty.maxThreadLocalCharBufferSize: 16384
2023-04-27 19:32:25 DEBUG DefaultChannelId:79 ? -Dio.netty.processId: 28596 (auto-detected)
2023-04-27 19:32:25 DEBUG NetUtil:148 ? -Djava.net.preferIPv4Stack: false
2023-04-27 19:32:25 DEBUG NetUtil:149 ? -Djava.net.preferIPv6Addresses: false
2023-04-27 19:32:25 DEBUG NetUtilInitializations:145 ? Loopback interface: lo (Software Loopback Interface 1, 127.0.0.1)
2023-04-27 19:32:25 DEBUG NetUtil:206 ? Failed to get SOMAXCONN from sysctl and file \proc\sys\net\core\somaxconn. Default: 200
2023-04-27 19:32:25 DEBUG DefaultChannelId:101 ? -Dio.netty.machineId: 70:c9:4e:ff:fe:a9:98:9d (auto-detected)
2023-04-27 19:32:25 DEBUG AbstractByteBuf:63 ? -Dio.netty.buffer.checkAccessible: true
2023-04-27 19:32:25 DEBUG AbstractByteBuf:64 ? -Dio.netty.buffer.checkBounds: true
2023-04-27 19:32:25 DEBUG ResourceLeakDetectorFactory:196 ? Loaded default ResourceLeakDetector: io.netty.util.ResourceLeakDetector@335450f4
2023-04-27 19:32:25 DEBUG NettyConnectListener:73 ? Using new Channel '[id: 0xa9ee54ad, L:/127.0.0.1:55529 - R:localhost/127.0.0.1:1553]' for 'POST' to '/session'
2023-04-27 19:32:25 DEBUG Recycler:96 ? -Dio.netty.recycler.maxCapacityPerThread: 4096
2023-04-27 19:32:25 DEBUG Recycler:97 ? -Dio.netty.recycler.ratio: 8
2023-04-27 19:32:25 DEBUG Recycler:98 ? -Dio.netty.recycler.chunkSize: 32
2023-04-27 19:32:25 DEBUG Recycler:99 ? -Dio.netty.recycler.blocking: false
2023-04-27 19:32:25 DEBUG Recycler:100 ? -Dio.netty.recycler.batchFastThreadLocalOnly: true
2023-04-27 19:32:26 DEBUG Brotli:38 ? brotli4j not in the classpath; Brotli support will be unavailable.
2023-04-27 19:32:26 DEBUG HttpHandler:70 ? 

Request DefaultHttpRequest(decodeResult: success, version: HTTP/1.1)
POST /session HTTP/1.1
User-Agent: selenium/4.9.0 (java windows)
Content-Length: 254
Content-Type: application/json; charset=utf-8
host: localhost:1553
accept: */*

Response DefaultHttpResponse(decodeResult: success, version: HTTP/1.1)
HTTP/1.1 200 OK
Content-Length: 860
Content-Type: application/json; charset=utf-8
cache-control: no-cache

2023-04-27 19:32:26 DEBUG ChannelManager:270 ? Adding key: http://localhost:1553 for channel [id: 0xa9ee54ad, L:/127.0.0.1:55529 - R:localhost/127.0.0.1:1553]
2023-04-27 19:32:26 DEBUG NettyConnectListener:73 ? Using new Channel '[id: 0xa4d738d2, L:/127.0.0.1:55550 - R:localhost/127.0.0.1:55534]' for 'GET' to '/json/version'
2023-04-27 19:32:26 DEBUG HttpHandler:70 ? 

Request DefaultFullHttpRequest(decodeResult: success, version: HTTP/1.1, content: EmptyByteBufBE)
GET /json/version HTTP/1.1
User-Agent: selenium/4.9.0 (java windows)
host: localhost:55534
accept: */*

Response DefaultHttpResponse(decodeResult: success, version: HTTP/1.1)
HTTP/1.1 200 OK
Content-Security-Policy: frame-ancestors 'none'
Content-Length: 424
Content-Type: application/json; charset=UTF-8

2023-04-27 19:32:26 DEBUG ChannelManager:270 ? Adding key: http://localhost:55534 for channel [id: 0xa4d738d2, L:/127.0.0.1:55550 - R:localhost/127.0.0.1:55534]
2023-04-27 19:32:26 DEBUG ThreadLocalRandom:214 ? -Dio.netty.initialSeedUniquifier: 0x06b12614ae49eda6
2023-04-27 19:32:26 DEBUG NettyConnectListener:73 ? Using new Channel '[id: 0x5ccaff89, L:/127.0.0.1:55551 - R:localhost/127.0.0.1:55534]' for 'GET' to '/devtools/browser/33f74250-89c0-4dad-8070-e2509b0f6a1b'
2023-04-27 19:32:26 DEBUG WebSocketHandler:105 ? 

Request DefaultFullHttpRequest(decodeResult: success, version: HTTP/1.1, content: EmptyByteBufBE)
GET /devtools/browser/33f74250-89c0-4dad-8070-e2509b0f6a1b HTTP/1.1
upgrade: websocket
connection: upgrade
sec-websocket-key: WNSeltGsfTXwvgi7IgiEaQ==
sec-websocket-version: 13
origin: http://localhost:55534
host: localhost:55534
accept: */*
user-agent: AHC/2.1

Response DefaultHttpResponse(decodeResult: success, version: HTTP/1.1)
HTTP/1.1 101 WebSocket Protocol Handshake
Upgrade: WebSocket
Connection: Upgrade
Sec-WebSocket-Accept: qgwmbTVbmDDp9nskvhiMaS/Zg2k=

2023-04-27 19:32:26 DEBUG DefaultChannelPool:348 ? Entry count for : http://localhost:1553 : 1
2023-04-27 19:32:26 DEBUG DefaultChannelPool:348 ? Entry count for : http://localhost:55534 : 1
2023-04-27 19:32:26 DEBUG NettyRequestSender:593 ? Using pooled Channel '[id: 0xa9ee54ad, L:/127.0.0.1:55529 - R:localhost/127.0.0.1:1553]' for 'POST' to 'http://localhost:1553/session/9ef3df7ba9d58007fe21497d858441b3/window/maximize'
2023-04-27 19:32:26 DEBUG NettyRequestSender:251 ? Using open Channel [id: 0xa9ee54ad, L:/127.0.0.1:55529 - R:localhost/127.0.0.1:1553] for POST '/session/9ef3df7ba9d58007fe21497d858441b3/window/maximize'
2023-04-27 19:32:27 DEBUG HttpHandler:70 ? 

Request DefaultHttpRequest(decodeResult: success, version: HTTP/1.1)
POST /session/9ef3df7ba9d58007fe21497d858441b3/window/maximize HTTP/1.1
User-Agent: selenium/4.9.0 (java windows)
Content-Length: 3
Content-Type: application/json; charset=utf-8
host: localhost:1553
accept: */*

Response DefaultHttpResponse(decodeResult: success, version: HTTP/1.1)
HTTP/1.1 200 OK
Content-Length: 52
Content-Type: application/json; charset=utf-8
cache-control: no-cache

2023-04-27 19:32:27 DEBUG ChannelManager:270 ? Adding key: http://localhost:1553 for channel [id: 0xa9ee54ad, L:/127.0.0.1:55529 - R:localhost/127.0.0.1:1553]
2023-04-27 19:32:27 DEBUG NettyRequestSender:593 ? Using pooled Channel '[id: 0xa9ee54ad, L:/127.0.0.1:55529 - R:localhost/127.0.0.1:1553]' for 'POST' to 'http://localhost:1553/session/9ef3df7ba9d58007fe21497d858441b3/timeouts'
2023-04-27 19:32:27 DEBUG NettyRequestSender:251 ? Using open Channel [id: 0xa9ee54ad, L:/127.0.0.1:55529 - R:localhost/127.0.0.1:1553] for POST '/session/9ef3df7ba9d58007fe21497d858441b3/timeouts'
2023-04-27 19:32:27 DEBUG HttpHandler:70 ? 

Request DefaultHttpRequest(decodeResult: success, version: HTTP/1.1)
POST /session/9ef3df7ba9d58007fe21497d858441b3/timeouts HTTP/1.1
User-Agent: selenium/4.9.0 (java windows)
Content-Length: 23
Content-Type: application/json; charset=utf-8
host: localhost:1553
accept: */*

Response DefaultHttpResponse(decodeResult: success, version: HTTP/1.1)
HTTP/1.1 200 OK
Content-Length: 14
Content-Type: application/json; charset=utf-8
cache-control: no-cache

2023-04-27 19:32:27 DEBUG ChannelManager:270 ? Adding key: http://localhost:1553 for channel [id: 0xa9ee54ad, L:/127.0.0.1:55529 - R:localhost/127.0.0.1:1553]
2023-04-27 19:32:27 DEBUG NettyRequestSender:593 ? Using pooled Channel '[id: 0xa9ee54ad, L:/127.0.0.1:55529 - R:localhost/127.0.0.1:1553]' for 'POST' to 'http://localhost:1553/session/9ef3df7ba9d58007fe21497d858441b3/url'
2023-04-27 19:32:27 DEBUG NettyRequestSender:251 ? Using open Channel [id: 0xa9ee54ad, L:/127.0.0.1:55529 - R:localhost/127.0.0.1:1553] for POST '/session/9ef3df7ba9d58007fe21497d858441b3/url'
2023-04-27 19:32:28 DEBUG DefaultChannelPool:348 ? Entry count for : http://localhost:55534 : 1
2023-04-27 19:32:28 DEBUG HttpHandler:70 ? 

Request DefaultHttpRequest(decodeResult: success, version: HTTP/1.1)
POST /session/9ef3df7ba9d58007fe21497d858441b3/url HTTP/1.1
User-Agent: selenium/4.9.0 (java windows)
Content-Length: 67
Content-Type: application/json; charset=utf-8
host: localhost:1553
accept: */*

Response DefaultHttpResponse(decodeResult: success, version: HTTP/1.1)
HTTP/1.1 200 OK
Content-Length: 14
Content-Type: application/json; charset=utf-8
cache-control: no-cache

2023-04-27 19:32:28 DEBUG ChannelManager:270 ? Adding key: http://localhost:1553 for channel [id: 0xa9ee54ad, L:/127.0.0.1:55529 - R:localhost/127.0.0.1:1553]
2023-04-27 19:32:28 DEBUG NettyRequestSender:593 ? Using pooled Channel '[id: 0xa9ee54ad, L:/127.0.0.1:55529 - R:localhost/127.0.0.1:1553]' for 'POST' to 'http://localhost:1553/session/9ef3df7ba9d58007fe21497d858441b3/element'
2023-04-27 19:32:28 DEBUG NettyRequestSender:251 ? Using open Channel [id: 0xa9ee54ad, L:/127.0.0.1:55529 - R:localhost/127.0.0.1:1553] for POST '/session/9ef3df7ba9d58007fe21497d858441b3/element'
2023-04-27 19:32:28 DEBUG HttpHandler:70 ? 

Request DefaultHttpRequest(decodeResult: success, version: HTTP/1.1)
POST /session/9ef3df7ba9d58007fe21497d858441b3/element HTTP/1.1
User-Agent: selenium/4.9.0 (java windows)
Content-Length: 53
Content-Type: application/json; charset=utf-8
host: localhost:1553
accept: */*

Response DefaultHttpResponse(decodeResult: success, version: HTTP/1.1)
HTTP/1.1 200 OK
Content-Length: 88
Content-Type: application/json; charset=utf-8
cache-control: no-cache

2023-04-27 19:32:28 DEBUG ChannelManager:270 ? Adding key: http://localhost:1553 for channel [id: 0xa9ee54ad, L:/127.0.0.1:55529 - R:localhost/127.0.0.1:1553]
2023-04-27 19:32:28 DEBUG NettyRequestSender:593 ? Using pooled Channel '[id: 0xa9ee54ad, L:/127.0.0.1:55529 - R:localhost/127.0.0.1:1553]' for 'POST' to 'http://localhost:1553/session/9ef3df7ba9d58007fe21497d858441b3/execute/sync'
2023-04-27 19:32:28 DEBUG NettyRequestSender:251 ? Using open Channel [id: 0xa9ee54ad, L:/127.0.0.1:55529 - R:localhost/127.0.0.1:1553] for POST '/session/9ef3df7ba9d58007fe21497d858441b3/execute/sync'
2023-04-27 19:32:28 DEBUG HttpHandler:70 ? 

Request DefaultHttpRequest(decodeResult: success, version: HTTP/1.1)
POST /session/9ef3df7ba9d58007fe21497d858441b3/execute/sync HTTP/1.1
User-Agent: selenium/4.9.0 (java windows)
Content-Length: 48807
Content-Type: application/json; charset=utf-8
host: localhost:1553
accept: */*

Response DefaultHttpResponse(decodeResult: success, version: HTTP/1.1)
HTTP/1.1 200 OK
Content-Length: 14
Content-Type: application/json; charset=utf-8
cache-control: no-cache

2023-04-27 19:32:28 DEBUG ChannelManager:270 ? Adding key: http://localhost:1553 for channel [id: 0xa9ee54ad, L:/127.0.0.1:55529 - R:localhost/127.0.0.1:1553]
2023-04-27 19:32:28 DEBUG NettyRequestSender:593 ? Using pooled Channel '[id: 0xa9ee54ad, L:/127.0.0.1:55529 - R:localhost/127.0.0.1:1553]' for 'POST' to 'http://localhost:1553/session/9ef3df7ba9d58007fe21497d858441b3/element'
2023-04-27 19:32:28 DEBUG NettyRequestSender:251 ? Using open Channel [id: 0xa9ee54ad, L:/127.0.0.1:55529 - R:localhost/127.0.0.1:1553] for POST '/session/9ef3df7ba9d58007fe21497d858441b3/element'
2023-04-27 19:32:28 DEBUG HttpHandler:70 ? 

Request DefaultHttpRequest(decodeResult: success, version: HTTP/1.1)
POST /session/9ef3df7ba9d58007fe21497d858441b3/element HTTP/1.1
User-Agent: selenium/4.9.0 (java windows)
Content-Length: 54
Content-Type: application/json; charset=utf-8
host: localhost:1553
accept: */*

Response DefaultHttpResponse(decodeResult: success, version: HTTP/1.1)
HTTP/1.1 200 OK
Content-Length: 88
Content-Type: application/json; charset=utf-8
cache-control: no-cache

2023-04-27 19:32:28 DEBUG ChannelManager:270 ? Adding key: http://localhost:1553 for channel [id: 0xa9ee54ad, L:/127.0.0.1:55529 - R:localhost/127.0.0.1:1553]
2023-04-27 19:32:28 DEBUG NettyRequestSender:593 ? Using pooled Channel '[id: 0xa9ee54ad, L:/127.0.0.1:55529 - R:localhost/127.0.0.1:1553]' for 'POST' to 'http://localhost:1553/session/9ef3df7ba9d58007fe21497d858441b3/execute/sync'
2023-04-27 19:32:28 DEBUG NettyRequestSender:251 ? Using open Channel [id: 0xa9ee54ad, L:/127.0.0.1:55529 - R:localhost/127.0.0.1:1553] for POST '/session/9ef3df7ba9d58007fe21497d858441b3/execute/sync'
2023-04-27 19:32:28 DEBUG HttpHandler:70 ? 

Request DefaultHttpRequest(decodeResult: success, version: HTTP/1.1)
POST /session/9ef3df7ba9d58007fe21497d858441b3/execute/sync HTTP/1.1
User-Agent: selenium/4.9.0 (java windows)
Content-Length: 48807
Content-Type: application/json; charset=utf-8
host: localhost:1553
accept: */*

Response DefaultHttpResponse(decodeResult: success, version: HTTP/1.1)
HTTP/1.1 200 OK
Content-Length: 14
Content-Type: application/json; charset=utf-8
cache-control: no-cache

2023-04-27 19:32:28 DEBUG ChannelManager:270 ? Adding key: http://localhost:1553 for channel [id: 0xa9ee54ad, L:/127.0.0.1:55529 - R:localhost/127.0.0.1:1553]
2023-04-27 19:32:28 DEBUG NettyRequestSender:593 ? Using pooled Channel '[id: 0xa9ee54ad, L:/127.0.0.1:55529 - R:localhost/127.0.0.1:1553]' for 'POST' to 'http://localhost:1553/session/9ef3df7ba9d58007fe21497d858441b3/element'
2023-04-27 19:32:28 DEBUG NettyRequestSender:251 ? Using open Channel [id: 0xa9ee54ad, L:/127.0.0.1:55529 - R:localhost/127.0.0.1:1553] for POST '/session/9ef3df7ba9d58007fe21497d858441b3/element'
2023-04-27 19:32:28 DEBUG HttpHandler:70 ? 

Request DefaultHttpRequest(decodeResult: success, version: HTTP/1.1)
POST /session/9ef3df7ba9d58007fe21497d858441b3/element HTTP/1.1
User-Agent: selenium/4.9.0 (java windows)
Content-Length: 53
Content-Type: application/json; charset=utf-8
host: localhost:1553
accept: */*

Response DefaultHttpResponse(decodeResult: success, version: HTTP/1.1)
HTTP/1.1 200 OK
Content-Length: 88
Content-Type: application/json; charset=utf-8
cache-control: no-cache

2023-04-27 19:32:28 DEBUG ChannelManager:270 ? Adding key: http://localhost:1553 for channel [id: 0xa9ee54ad, L:/127.0.0.1:55529 - R:localhost/127.0.0.1:1553]
2023-04-27 19:32:28 DEBUG NettyRequestSender:593 ? Using pooled Channel '[id: 0xa9ee54ad, L:/127.0.0.1:55529 - R:localhost/127.0.0.1:1553]' for 'POST' to 'http://localhost:1553/session/9ef3df7ba9d58007fe21497d858441b3/execute/sync'
2023-04-27 19:32:28 DEBUG NettyRequestSender:251 ? Using open Channel [id: 0xa9ee54ad, L:/127.0.0.1:55529 - R:localhost/127.0.0.1:1553] for POST '/session/9ef3df7ba9d58007fe21497d858441b3/execute/sync'
2023-04-27 19:32:28 DEBUG HttpHandler:70 ? 

Request DefaultHttpRequest(decodeResult: success, version: HTTP/1.1)
POST /session/9ef3df7ba9d58007fe21497d858441b3/execute/sync HTTP/1.1
User-Agent: selenium/4.9.0 (java windows)
Content-Length: 48807
Content-Type: application/json; charset=utf-8
host: localhost:1553
accept: */*

Response DefaultHttpResponse(decodeResult: success, version: HTTP/1.1)
HTTP/1.1 200 OK
Content-Length: 14
Content-Type: application/json; charset=utf-8
cache-control: no-cache

2023-04-27 19:32:28 DEBUG ChannelManager:270 ? Adding key: http://localhost:1553 for channel [id: 0xa9ee54ad, L:/127.0.0.1:55529 - R:localhost/127.0.0.1:1553]
2023-04-27 19:32:28 DEBUG NettyRequestSender:593 ? Using pooled Channel '[id: 0xa9ee54ad, L:/127.0.0.1:55529 - R:localhost/127.0.0.1:1553]' for 'POST' to 'http://localhost:1553/session/9ef3df7ba9d58007fe21497d858441b3/element'
2023-04-27 19:32:28 DEBUG NettyRequestSender:251 ? Using open Channel [id: 0xa9ee54ad, L:/127.0.0.1:55529 - R:localhost/127.0.0.1:1553] for POST '/session/9ef3df7ba9d58007fe21497d858441b3/element'
2023-04-27 19:32:28 DEBUG HttpHandler:70 ? 

Request DefaultHttpRequest(decodeResult: success, version: HTTP/1.1)
POST /session/9ef3df7ba9d58007fe21497d858441b3/element HTTP/1.1
User-Agent: selenium/4.9.0 (java windows)
Content-Length: 53
Content-Type: application/json; charset=utf-8
host: localhost:1553
accept: */*

Response DefaultHttpResponse(decodeResult: success, version: HTTP/1.1)
HTTP/1.1 200 OK
Content-Length: 88
Content-Type: application/json; charset=utf-8
cache-control: no-cache

2023-04-27 19:32:28 DEBUG ChannelManager:270 ? Adding key: http://localhost:1553 for channel [id: 0xa9ee54ad, L:/127.0.0.1:55529 - R:localhost/127.0.0.1:1553]
2023-04-27 19:32:28 DEBUG NettyRequestSender:593 ? Using pooled Channel '[id: 0xa9ee54ad, L:/127.0.0.1:55529 - R:localhost/127.0.0.1:1553]' for 'POST' to 'http://localhost:1553/session/9ef3df7ba9d58007fe21497d858441b3/execute/sync'
2023-04-27 19:32:28 DEBUG NettyRequestSender:251 ? Using open Channel [id: 0xa9ee54ad, L:/127.0.0.1:55529 - R:localhost/127.0.0.1:1553] for POST '/session/9ef3df7ba9d58007fe21497d858441b3/execute/sync'
2023-04-27 19:32:28 DEBUG HttpHandler:70 ? 

Request DefaultHttpRequest(decodeResult: success, version: HTTP/1.1)
POST /session/9ef3df7ba9d58007fe21497d858441b3/execute/sync HTTP/1.1
User-Agent: selenium/4.9.0 (java windows)
Content-Length: 48807
Content-Type: application/json; charset=utf-8
host: localhost:1553
accept: */*

Response DefaultHttpResponse(decodeResult: success, version: HTTP/1.1)
HTTP/1.1 200 OK
Content-Length: 14
Content-Type: application/json; charset=utf-8
cache-control: no-cache

2023-04-27 19:32:28 DEBUG ChannelManager:270 ? Adding key: http://localhost:1553 for channel [id: 0xa9ee54ad, L:/127.0.0.1:55529 - R:localhost/127.0.0.1:1553]
2023-04-27 19:32:28 DEBUG NettyRequestSender:593 ? Using pooled Channel '[id: 0xa9ee54ad, L:/127.0.0.1:55529 - R:localhost/127.0.0.1:1553]' for 'POST' to 'http://localhost:1553/session/9ef3df7ba9d58007fe21497d858441b3/element'
2023-04-27 19:32:28 DEBUG NettyRequestSender:251 ? Using open Channel [id: 0xa9ee54ad, L:/127.0.0.1:55529 - R:localhost/127.0.0.1:1553] for POST '/session/9ef3df7ba9d58007fe21497d858441b3/element'
2023-04-27 19:32:28 DEBUG HttpHandler:70 ? 

Request DefaultHttpRequest(decodeResult: success, version: HTTP/1.1)
POST /session/9ef3df7ba9d58007fe21497d858441b3/element HTTP/1.1
User-Agent: selenium/4.9.0 (java windows)
Content-Length: 60
Content-Type: application/json; charset=utf-8
host: localhost:1553
accept: */*

Response DefaultHttpResponse(decodeResult: success, version: HTTP/1.1)
HTTP/1.1 200 OK
Content-Length: 88
Content-Type: application/json; charset=utf-8
cache-control: no-cache

2023-04-27 19:32:28 DEBUG ChannelManager:270 ? Adding key: http://localhost:1553 for channel [id: 0xa9ee54ad, L:/127.0.0.1:55529 - R:localhost/127.0.0.1:1553]
2023-04-27 19:32:28 DEBUG NettyRequestSender:593 ? Using pooled Channel '[id: 0xa9ee54ad, L:/127.0.0.1:55529 - R:localhost/127.0.0.1:1553]' for 'POST' to 'http://localhost:1553/session/9ef3df7ba9d58007fe21497d858441b3/execute/sync'
2023-04-27 19:32:28 DEBUG NettyRequestSender:251 ? Using open Channel [id: 0xa9ee54ad, L:/127.0.0.1:55529 - R:localhost/127.0.0.1:1553] for POST '/session/9ef3df7ba9d58007fe21497d858441b3/execute/sync'
2023-04-27 19:32:28 DEBUG HttpHandler:70 ? 

Request DefaultHttpRequest(decodeResult: success, version: HTTP/1.1)
POST /session/9ef3df7ba9d58007fe21497d858441b3/execute/sync HTTP/1.1
User-Agent: selenium/4.9.0 (java windows)
Content-Length: 48807
Content-Type: application/json; charset=utf-8
host: localhost:1553
accept: */*

Response DefaultHttpResponse(decodeResult: success, version: HTTP/1.1)
HTTP/1.1 200 OK
Content-Length: 14
Content-Type: application/json; charset=utf-8
cache-control: no-cache

2023-04-27 19:32:28 DEBUG ChannelManager:270 ? Adding key: http://localhost:1553 for channel [id: 0xa9ee54ad, L:/127.0.0.1:55529 - R:localhost/127.0.0.1:1553]
2023-04-27 19:32:28 DEBUG NettyRequestSender:593 ? Using pooled Channel '[id: 0xa9ee54ad, L:/127.0.0.1:55529 - R:localhost/127.0.0.1:1553]' for 'POST' to 'http://localhost:1553/session/9ef3df7ba9d58007fe21497d858441b3/element'
2023-04-27 19:32:28 DEBUG NettyRequestSender:251 ? Using open Channel [id: 0xa9ee54ad, L:/127.0.0.1:55529 - R:localhost/127.0.0.1:1553] for POST '/session/9ef3df7ba9d58007fe21497d858441b3/element'
2023-04-27 19:32:28 DEBUG HttpHandler:70 ? 

Request DefaultHttpRequest(decodeResult: success, version: HTTP/1.1)
POST /session/9ef3df7ba9d58007fe21497d858441b3/element HTTP/1.1
User-Agent: selenium/4.9.0 (java windows)
Content-Length: 53
Content-Type: application/json; charset=utf-8
host: localhost:1553
accept: */*

Response DefaultHttpResponse(decodeResult: success, version: HTTP/1.1)
HTTP/1.1 200 OK
Content-Length: 88
Content-Type: application/json; charset=utf-8
cache-control: no-cache

2023-04-27 19:32:28 DEBUG ChannelManager:270 ? Adding key: http://localhost:1553 for channel [id: 0xa9ee54ad, L:/127.0.0.1:55529 - R:localhost/127.0.0.1:1553]
2023-04-27 19:32:28 DEBUG NettyRequestSender:593 ? Using pooled Channel '[id: 0xa9ee54ad, L:/127.0.0.1:55529 - R:localhost/127.0.0.1:1553]' for 'POST' to 'http://localhost:1553/session/9ef3df7ba9d58007fe21497d858441b3/actions'
2023-04-27 19:32:28 DEBUG NettyRequestSender:251 ? Using open Channel [id: 0xa9ee54ad, L:/127.0.0.1:55529 - R:localhost/127.0.0.1:1553] for POST '/session/9ef3df7ba9d58007fe21497d858441b3/actions'
2023-04-27 19:32:28 DEBUG HttpHandler:70 ? 

Request DefaultHttpRequest(decodeResult: success, version: HTTP/1.1)
POST /session/9ef3df7ba9d58007fe21497d858441b3/actions HTTP/1.1
User-Agent: selenium/4.9.0 (java windows)
Content-Length: 3755
Content-Type: application/json; charset=utf-8
host: localhost:1553
accept: */*

Response DefaultHttpResponse(decodeResult: success, version: HTTP/1.1)
HTTP/1.1 200 OK
Content-Length: 14
Content-Type: application/json; charset=utf-8
cache-control: no-cache

2023-04-27 19:32:28 DEBUG ChannelManager:270 ? Adding key: http://localhost:1553 for channel [id: 0xa9ee54ad, L:/127.0.0.1:55529 - R:localhost/127.0.0.1:1553]
2023-04-27 19:32:28 DEBUG NettyRequestSender:593 ? Using pooled Channel '[id: 0xa9ee54ad, L:/127.0.0.1:55529 - R:localhost/127.0.0.1:1553]' for 'POST' to 'http://localhost:1553/session/9ef3df7ba9d58007fe21497d858441b3/element'
2023-04-27 19:32:28 DEBUG NettyRequestSender:251 ? Using open Channel [id: 0xa9ee54ad, L:/127.0.0.1:55529 - R:localhost/127.0.0.1:1553] for POST '/session/9ef3df7ba9d58007fe21497d858441b3/element'
2023-04-27 19:32:28 DEBUG HttpHandler:70 ? 

Request DefaultHttpRequest(decodeResult: success, version: HTTP/1.1)
POST /session/9ef3df7ba9d58007fe21497d858441b3/element HTTP/1.1
User-Agent: selenium/4.9.0 (java windows)
Content-Length: 54
Content-Type: application/json; charset=utf-8
host: localhost:1553
accept: */*

Response DefaultHttpResponse(decodeResult: success, version: HTTP/1.1)
HTTP/1.1 200 OK
Content-Length: 88
Content-Type: application/json; charset=utf-8
cache-control: no-cache

2023-04-27 19:32:28 DEBUG ChannelManager:270 ? Adding key: http://localhost:1553 for channel [id: 0xa9ee54ad, L:/127.0.0.1:55529 - R:localhost/127.0.0.1:1553]
2023-04-27 19:32:28 DEBUG NettyRequestSender:593 ? Using pooled Channel '[id: 0xa9ee54ad, L:/127.0.0.1:55529 - R:localhost/127.0.0.1:1553]' for 'POST' to 'http://localhost:1553/session/9ef3df7ba9d58007fe21497d858441b3/actions'
2023-04-27 19:32:28 DEBUG NettyRequestSender:251 ? Using open Channel [id: 0xa9ee54ad, L:/127.0.0.1:55529 - R:localhost/127.0.0.1:1553] for POST '/session/9ef3df7ba9d58007fe21497d858441b3/actions'
2023-04-27 19:32:28 DEBUG HttpHandler:70 ? 

Request DefaultHttpRequest(decodeResult: success, version: HTTP/1.1)
POST /session/9ef3df7ba9d58007fe21497d858441b3/actions HTTP/1.1
User-Agent: selenium/4.9.0 (java windows)
Content-Length: 3755
Content-Type: application/json; charset=utf-8
host: localhost:1553
accept: */*

Response DefaultHttpResponse(decodeResult: success, version: HTTP/1.1)
HTTP/1.1 200 OK
Content-Length: 14
Content-Type: application/json; charset=utf-8
cache-control: no-cache

2023-04-27 19:32:28 DEBUG ChannelManager:270 ? Adding key: http://localhost:1553 for channel [id: 0xa9ee54ad, L:/127.0.0.1:55529 - R:localhost/127.0.0.1:1553]
2023-04-27 19:32:28 DEBUG NettyRequestSender:593 ? Using pooled Channel '[id: 0xa9ee54ad, L:/127.0.0.1:55529 - R:localhost/127.0.0.1:1553]' for 'POST' to 'http://localhost:1553/session/9ef3df7ba9d58007fe21497d858441b3/element'
2023-04-27 19:32:28 DEBUG NettyRequestSender:251 ? Using open Channel [id: 0xa9ee54ad, L:/127.0.0.1:55529 - R:localhost/127.0.0.1:1553] for POST '/session/9ef3df7ba9d58007fe21497d858441b3/element'
2023-04-27 19:32:28 DEBUG HttpHandler:70 ? 

Request DefaultHttpRequest(decodeResult: success, version: HTTP/1.1)
POST /session/9ef3df7ba9d58007fe21497d858441b3/element HTTP/1.1
User-Agent: selenium/4.9.0 (java windows)
Content-Length: 53
Content-Type: application/json; charset=utf-8
host: localhost:1553
accept: */*

Response DefaultHttpResponse(decodeResult: success, version: HTTP/1.1)
HTTP/1.1 200 OK
Content-Length: 88
Content-Type: application/json; charset=utf-8
cache-control: no-cache

2023-04-27 19:32:28 DEBUG ChannelManager:270 ? Adding key: http://localhost:1553 for channel [id: 0xa9ee54ad, L:/127.0.0.1:55529 - R:localhost/127.0.0.1:1553]
2023-04-27 19:32:28 DEBUG NettyRequestSender:593 ? Using pooled Channel '[id: 0xa9ee54ad, L:/127.0.0.1:55529 - R:localhost/127.0.0.1:1553]' for 'POST' to 'http://localhost:1553/session/9ef3df7ba9d58007fe21497d858441b3/actions'
2023-04-27 19:32:28 DEBUG NettyRequestSender:251 ? Using open Channel [id: 0xa9ee54ad, L:/127.0.0.1:55529 - R:localhost/127.0.0.1:1553] for POST '/session/9ef3df7ba9d58007fe21497d858441b3/actions'
2023-04-27 19:32:29 DEBUG DefaultChannelPool:348 ? Entry count for : http://localhost:55534 : 1
2023-04-27 19:32:29 DEBUG HttpHandler:70 ? 

Request DefaultHttpRequest(decodeResult: success, version: HTTP/1.1)
POST /session/9ef3df7ba9d58007fe21497d858441b3/actions HTTP/1.1
User-Agent: selenium/4.9.0 (java windows)
Content-Length: 3755
Content-Type: application/json; charset=utf-8
host: localhost:1553
accept: */*

Response DefaultHttpResponse(decodeResult: success, version: HTTP/1.1)
HTTP/1.1 200 OK
Content-Length: 14
Content-Type: application/json; charset=utf-8
cache-control: no-cache

2023-04-27 19:32:29 DEBUG ChannelManager:270 ? Adding key: http://localhost:1553 for channel [id: 0xa9ee54ad, L:/127.0.0.1:55529 - R:localhost/127.0.0.1:1553]
2023-04-27 19:32:29 DEBUG NettyRequestSender:593 ? Using pooled Channel '[id: 0xa9ee54ad, L:/127.0.0.1:55529 - R:localhost/127.0.0.1:1553]' for 'POST' to 'http://localhost:1553/session/9ef3df7ba9d58007fe21497d858441b3/element'
2023-04-27 19:32:29 DEBUG NettyRequestSender:251 ? Using open Channel [id: 0xa9ee54ad, L:/127.0.0.1:55529 - R:localhost/127.0.0.1:1553] for POST '/session/9ef3df7ba9d58007fe21497d858441b3/element'
2023-04-27 19:32:29 DEBUG HttpHandler:70 ? 

Request DefaultHttpRequest(decodeResult: success, version: HTTP/1.1)
POST /session/9ef3df7ba9d58007fe21497d858441b3/element HTTP/1.1
User-Agent: selenium/4.9.0 (java windows)
Content-Length: 53
Content-Type: application/json; charset=utf-8
host: localhost:1553
accept: */*

Response DefaultHttpResponse(decodeResult: success, version: HTTP/1.1)
HTTP/1.1 200 OK
Content-Length: 88
Content-Type: application/json; charset=utf-8
cache-control: no-cache

2023-04-27 19:32:29 DEBUG ChannelManager:270 ? Adding key: http://localhost:1553 for channel [id: 0xa9ee54ad, L:/127.0.0.1:55529 - R:localhost/127.0.0.1:1553]
2023-04-27 19:32:29 DEBUG NettyRequestSender:593 ? Using pooled Channel '[id: 0xa9ee54ad, L:/127.0.0.1:55529 - R:localhost/127.0.0.1:1553]' for 'POST' to 'http://localhost:1553/session/9ef3df7ba9d58007fe21497d858441b3/actions'
2023-04-27 19:32:29 DEBUG NettyRequestSender:251 ? Using open Channel [id: 0xa9ee54ad, L:/127.0.0.1:55529 - R:localhost/127.0.0.1:1553] for POST '/session/9ef3df7ba9d58007fe21497d858441b3/actions'
2023-04-27 19:32:29 DEBUG HttpHandler:70 ? 

Request DefaultHttpRequest(decodeResult: success, version: HTTP/1.1)
POST /session/9ef3df7ba9d58007fe21497d858441b3/actions HTTP/1.1
User-Agent: selenium/4.9.0 (java windows)
Content-Length: 3755
Content-Type: application/json; charset=utf-8
host: localhost:1553
accept: */*

Response DefaultHttpResponse(decodeResult: success, version: HTTP/1.1)
HTTP/1.1 200 OK
Content-Length: 14
Content-Type: application/json; charset=utf-8
cache-control: no-cache

2023-04-27 19:32:29 DEBUG ChannelManager:270 ? Adding key: http://localhost:1553 for channel [id: 0xa9ee54ad, L:/127.0.0.1:55529 - R:localhost/127.0.0.1:1553]
2023-04-27 19:32:29 DEBUG NettyRequestSender:593 ? Using pooled Channel '[id: 0xa9ee54ad, L:/127.0.0.1:55529 - R:localhost/127.0.0.1:1553]' for 'POST' to 'http://localhost:1553/session/9ef3df7ba9d58007fe21497d858441b3/element'
2023-04-27 19:32:29 DEBUG NettyRequestSender:251 ? Using open Channel [id: 0xa9ee54ad, L:/127.0.0.1:55529 - R:localhost/127.0.0.1:1553] for POST '/session/9ef3df7ba9d58007fe21497d858441b3/element'
2023-04-27 19:32:29 DEBUG HttpHandler:70 ? 

Request DefaultHttpRequest(decodeResult: success, version: HTTP/1.1)
POST /session/9ef3df7ba9d58007fe21497d858441b3/element HTTP/1.1
User-Agent: selenium/4.9.0 (java windows)
Content-Length: 60
Content-Type: application/json; charset=utf-8
host: localhost:1553
accept: */*

Response DefaultHttpResponse(decodeResult: success, version: HTTP/1.1)
HTTP/1.1 200 OK
Content-Length: 88
Content-Type: application/json; charset=utf-8
cache-control: no-cache

2023-04-27 19:32:29 DEBUG ChannelManager:270 ? Adding key: http://localhost:1553 for channel [id: 0xa9ee54ad, L:/127.0.0.1:55529 - R:localhost/127.0.0.1:1553]
2023-04-27 19:32:29 DEBUG NettyRequestSender:593 ? Using pooled Channel '[id: 0xa9ee54ad, L:/127.0.0.1:55529 - R:localhost/127.0.0.1:1553]' for 'POST' to 'http://localhost:1553/session/9ef3df7ba9d58007fe21497d858441b3/actions'
2023-04-27 19:32:29 DEBUG NettyRequestSender:251 ? Using open Channel [id: 0xa9ee54ad, L:/127.0.0.1:55529 - R:localhost/127.0.0.1:1553] for POST '/session/9ef3df7ba9d58007fe21497d858441b3/actions'
2023-04-27 19:32:29 DEBUG HttpHandler:70 ? 

Request DefaultHttpRequest(decodeResult: success, version: HTTP/1.1)
POST /session/9ef3df7ba9d58007fe21497d858441b3/actions HTTP/1.1
User-Agent: selenium/4.9.0 (java windows)
Content-Length: 3755
Content-Type: application/json; charset=utf-8
host: localhost:1553
accept: */*

Response DefaultHttpResponse(decodeResult: success, version: HTTP/1.1)
HTTP/1.1 200 OK
Content-Length: 14
Content-Type: application/json; charset=utf-8
cache-control: no-cache

2023-04-27 19:32:29 DEBUG ChannelManager:270 ? Adding key: http://localhost:1553 for channel [id: 0xa9ee54ad, L:/127.0.0.1:55529 - R:localhost/127.0.0.1:1553]
2023-04-27 19:32:29 DEBUG NettyRequestSender:593 ? Using pooled Channel '[id: 0xa9ee54ad, L:/127.0.0.1:55529 - R:localhost/127.0.0.1:1553]' for 'POST' to 'http://localhost:1553/session/9ef3df7ba9d58007fe21497d858441b3/element'
2023-04-27 19:32:29 DEBUG NettyRequestSender:251 ? Using open Channel [id: 0xa9ee54ad, L:/127.0.0.1:55529 - R:localhost/127.0.0.1:1553] for POST '/session/9ef3df7ba9d58007fe21497d858441b3/element'
2023-04-27 19:32:29 DEBUG HttpHandler:70 ? 

Request DefaultHttpRequest(decodeResult: success, version: HTTP/1.1)
POST /session/9ef3df7ba9d58007fe21497d858441b3/element HTTP/1.1
User-Agent: selenium/4.9.0 (java windows)
Content-Length: 74
Content-Type: application/json; charset=utf-8
host: localhost:1553
accept: */*

Response DefaultHttpResponse(decodeResult: success, version: HTTP/1.1)
HTTP/1.1 200 OK
Content-Length: 88
Content-Type: application/json; charset=utf-8
cache-control: no-cache

2023-04-27 19:32:29 DEBUG ChannelManager:270 ? Adding key: http://localhost:1553 for channel [id: 0xa9ee54ad, L:/127.0.0.1:55529 - R:localhost/127.0.0.1:1553]
2023-04-27 19:32:29 DEBUG NettyRequestSender:593 ? Using pooled Channel '[id: 0xa9ee54ad, L:/127.0.0.1:55529 - R:localhost/127.0.0.1:1553]' for 'POST' to 'http://localhost:1553/session/9ef3df7ba9d58007fe21497d858441b3/actions'
2023-04-27 19:32:29 DEBUG NettyRequestSender:251 ? Using open Channel [id: 0xa9ee54ad, L:/127.0.0.1:55529 - R:localhost/127.0.0.1:1553] for POST '/session/9ef3df7ba9d58007fe21497d858441b3/actions'
2023-04-27 19:32:29 DEBUG HttpHandler:70 ? 

Request DefaultHttpRequest(decodeResult: success, version: HTTP/1.1)
POST /session/9ef3df7ba9d58007fe21497d858441b3/actions HTTP/1.1
User-Agent: selenium/4.9.0 (java windows)
Content-Length: 567
Content-Type: application/json; charset=utf-8
host: localhost:1553
accept: */*

Response DefaultHttpResponse(decodeResult: success, version: HTTP/1.1)
HTTP/1.1 200 OK
Content-Length: 14
Content-Type: application/json; charset=utf-8
cache-control: no-cache

2023-04-27 19:32:29 DEBUG ChannelManager:270 ? Adding key: http://localhost:1553 for channel [id: 0xa9ee54ad, L:/127.0.0.1:55529 - R:localhost/127.0.0.1:1553]
2023-04-27 19:39:30 DEBUG InternalLoggerFactory:63 ? Using SLF4J as the default logging framework
2023-04-27 19:39:30 DEBUG ResourceLeakDetector:129 ? -Dio.netty.leakDetection.level: simple
2023-04-27 19:39:30 DEBUG ResourceLeakDetector:130 ? -Dio.netty.leakDetection.targetRecords: 4
2023-04-27 19:39:30 DEBUG ResourceLeakDetectorFactory:196 ? Loaded default ResourceLeakDetector: io.netty.util.ResourceLeakDetector@6a62689d
2023-04-27 19:39:30 DEBUG PlatformDependent0:496 ? -Dio.netty.noUnsafe: false
2023-04-27 19:39:30 DEBUG PlatformDependent0:1000 ? Java version: 19
2023-04-27 19:39:30 DEBUG PlatformDependent0:137 ? sun.misc.Unsafe.theUnsafe: available
2023-04-27 19:39:30 DEBUG PlatformDependent0:161 ? sun.misc.Unsafe.copyMemory: available
2023-04-27 19:39:30 DEBUG PlatformDependent0:193 ? sun.misc.Unsafe.storeFence: available
2023-04-27 19:39:30 DEBUG PlatformDependent0:236 ? java.nio.Buffer.address: available
2023-04-27 19:39:30 DEBUG PlatformDependent0:320 ? direct buffer constructor: unavailable: Reflective setAccessible(true) disabled
2023-04-27 19:39:30 DEBUG PlatformDependent0:385 ? java.nio.Bits.unaligned: available, true
2023-04-27 19:39:30 DEBUG PlatformDependent0:452 ? jdk.internal.misc.Unsafe.allocateUninitializedArray(int): unavailable: class io.netty.util.internal.PlatformDependent0$7 cannot access class jdk.internal.misc.Unsafe (in module java.base) because module java.base does not export jdk.internal.misc to unnamed module @5679c6c6
2023-04-27 19:39:30 DEBUG PlatformDependent0:482 ? java.nio.DirectByteBuffer.<init>(long, int): unavailable
2023-04-27 19:39:30 DEBUG PlatformDependent:1159 ? sun.misc.Unsafe: available
2023-04-27 19:39:30 DEBUG PlatformDependent:1270 ? maxDirectMemory: 5339348992 bytes (maybe)
2023-04-27 19:39:30 DEBUG PlatformDependent:1289 ? -Dio.netty.tmpdir: C:\Users\rohit\AppData\Local\Temp (java.io.tmpdir)
2023-04-27 19:39:30 DEBUG PlatformDependent:1368 ? -Dio.netty.bitMode: 64 (sun.arch.data.model)
2023-04-27 19:39:30 DEBUG PlatformDependent:1119 ? Platform: Windows
2023-04-27 19:39:30 DEBUG PlatformDependent:178 ? -Dio.netty.maxDirectMemory: -1 bytes
2023-04-27 19:39:30 DEBUG PlatformDependent:185 ? -Dio.netty.uninitializedArrayAllocationThreshold: -1
2023-04-27 19:39:30 DEBUG CleanerJava9:71 ? java.nio.ByteBuffer.cleaner(): available
2023-04-27 19:39:30 DEBUG PlatformDependent:205 ? -Dio.netty.noPreferDirect: false
2023-04-27 19:39:30 DEBUG PlatformDependent:1010 ? org.jctools-core.MpscChunkedArrayQueue: available
2023-04-27 19:39:30 DEBUG InternalThreadLocalMap:100 ? -Dio.netty.threadLocalMap.stringBuilder.initialSize: 1024
2023-04-27 19:39:30 DEBUG InternalThreadLocalMap:101 ? -Dio.netty.threadLocalMap.stringBuilder.maxSize: 4096
2023-04-27 19:39:30 DEBUG JdkSslContext:83 ? Default protocols (JDK): [TLSv1.3, TLSv1.2] 
2023-04-27 19:39:30 DEBUG JdkSslContext:84 ? Default cipher suites (JDK): [TLS_ECDHE_ECDSA_WITH_AES_256_GCM_SHA384, TLS_ECDHE_ECDSA_WITH_AES_128_GCM_SHA256, TLS_ECDHE_RSA_WITH_AES_128_GCM_SHA256, TLS_ECDHE_RSA_WITH_AES_256_GCM_SHA384, TLS_ECDHE_RSA_WITH_AES_128_CBC_SHA, TLS_ECDHE_RSA_WITH_AES_256_CBC_SHA, TLS_RSA_WITH_AES_128_GCM_SHA256, TLS_RSA_WITH_AES_128_CBC_SHA, TLS_RSA_WITH_AES_256_CBC_SHA, TLS_AES_128_GCM_SHA256, TLS_AES_256_GCM_SHA384]
2023-04-27 19:39:30 DEBUG GlobalEventExecutor:53 ? -Dio.netty.globalEventExecutor.quietPeriodSeconds: 1
2023-04-27 19:39:30 DEBUG MultithreadEventLoopGroup:44 ? -Dio.netty.eventLoopThreads: 16
2023-04-27 19:39:30 DEBUG NioEventLoop:110 ? -Dio.netty.noKeySetOptimization: false
2023-04-27 19:39:30 DEBUG NioEventLoop:111 ? -Dio.netty.selectorAutoRebuildThreshold: 512
2023-04-27 19:39:30 DEBUG PooledByteBufAllocator:157 ? -Dio.netty.allocator.numHeapArenas: 16
2023-04-27 19:39:30 DEBUG PooledByteBufAllocator:158 ? -Dio.netty.allocator.numDirectArenas: 16
2023-04-27 19:39:30 DEBUG PooledByteBufAllocator:160 ? -Dio.netty.allocator.pageSize: 8192
2023-04-27 19:39:30 DEBUG PooledByteBufAllocator:165 ? -Dio.netty.allocator.maxOrder: 9
2023-04-27 19:39:30 DEBUG PooledByteBufAllocator:169 ? -Dio.netty.allocator.chunkSize: 4194304
2023-04-27 19:39:30 DEBUG PooledByteBufAllocator:170 ? -Dio.netty.allocator.smallCacheSize: 256
2023-04-27 19:39:30 DEBUG PooledByteBufAllocator:171 ? -Dio.netty.allocator.normalCacheSize: 64
2023-04-27 19:39:30 DEBUG PooledByteBufAllocator:172 ? -Dio.netty.allocator.maxCachedBufferCapacity: 32768
2023-04-27 19:39:30 DEBUG PooledByteBufAllocator:173 ? -Dio.netty.allocator.cacheTrimInterval: 8192
2023-04-27 19:39:30 DEBUG PooledByteBufAllocator:174 ? -Dio.netty.allocator.cacheTrimIntervalMillis: 0
2023-04-27 19:39:30 DEBUG PooledByteBufAllocator:175 ? -Dio.netty.allocator.useCacheForAllThreads: false
2023-04-27 19:39:30 DEBUG PooledByteBufAllocator:176 ? -Dio.netty.allocator.maxCachedByteBuffersPerChunk: 1023
2023-04-27 19:39:30 DEBUG ByteBufUtil:88 ? -Dio.netty.allocator.type: pooled
2023-04-27 19:39:30 DEBUG ByteBufUtil:97 ? -Dio.netty.threadLocalDirectBufferSize: 0
2023-04-27 19:39:30 DEBUG ByteBufUtil:100 ? -Dio.netty.maxThreadLocalCharBufferSize: 16384
2023-04-27 19:39:31 DEBUG DefaultChannelId:79 ? -Dio.netty.processId: 27784 (auto-detected)
2023-04-27 19:39:31 DEBUG NetUtil:148 ? -Djava.net.preferIPv4Stack: false
2023-04-27 19:39:31 DEBUG NetUtil:149 ? -Djava.net.preferIPv6Addresses: false
2023-04-27 19:39:31 DEBUG NetUtilInitializations:145 ? Loopback interface: lo (Software Loopback Interface 1, 127.0.0.1)
2023-04-27 19:39:31 DEBUG NetUtil:206 ? Failed to get SOMAXCONN from sysctl and file \proc\sys\net\core\somaxconn. Default: 200
2023-04-27 19:39:31 DEBUG DefaultChannelId:101 ? -Dio.netty.machineId: 70:c9:4e:ff:fe:a9:98:9d (auto-detected)
2023-04-27 19:39:31 DEBUG AbstractByteBuf:63 ? -Dio.netty.buffer.checkAccessible: true
2023-04-27 19:39:31 DEBUG AbstractByteBuf:64 ? -Dio.netty.buffer.checkBounds: true
2023-04-27 19:39:31 DEBUG ResourceLeakDetectorFactory:196 ? Loaded default ResourceLeakDetector: io.netty.util.ResourceLeakDetector@390fc557
2023-04-27 19:39:31 DEBUG NettyConnectListener:73 ? Using new Channel '[id: 0xe619089e, L:/127.0.0.1:56432 - R:localhost/127.0.0.1:2790]' for 'POST' to '/session'
2023-04-27 19:39:31 DEBUG Recycler:96 ? -Dio.netty.recycler.maxCapacityPerThread: 4096
2023-04-27 19:39:31 DEBUG Recycler:97 ? -Dio.netty.recycler.ratio: 8
2023-04-27 19:39:31 DEBUG Recycler:98 ? -Dio.netty.recycler.chunkSize: 32
2023-04-27 19:39:31 DEBUG Recycler:99 ? -Dio.netty.recycler.blocking: false
2023-04-27 19:39:31 DEBUG Recycler:100 ? -Dio.netty.recycler.batchFastThreadLocalOnly: true
2023-04-27 19:39:32 DEBUG Brotli:38 ? brotli4j not in the classpath; Brotli support will be unavailable.
2023-04-27 19:39:32 DEBUG HttpHandler:70 ? 

Request DefaultHttpRequest(decodeResult: success, version: HTTP/1.1)
POST /session HTTP/1.1
User-Agent: selenium/4.9.0 (java windows)
Content-Length: 254
Content-Type: application/json; charset=utf-8
host: localhost:2790
accept: */*

Response DefaultHttpResponse(decodeResult: success, version: HTTP/1.1)
HTTP/1.1 200 OK
Content-Length: 860
Content-Type: application/json; charset=utf-8
cache-control: no-cache

2023-04-27 19:39:32 DEBUG ChannelManager:270 ? Adding key: http://localhost:2790 for channel [id: 0xe619089e, L:/127.0.0.1:56432 - R:localhost/127.0.0.1:2790]
2023-04-27 19:39:32 DEBUG DefaultChannelPool:348 ? Entry count for : http://localhost:2790 : 1
2023-04-27 19:39:32 DEBUG NettyConnectListener:73 ? Using new Channel '[id: 0xac73a257, L:/127.0.0.1:56452 - R:localhost/127.0.0.1:56438]' for 'GET' to '/json/version'
2023-04-27 19:39:32 DEBUG HttpHandler:70 ? 

Request DefaultFullHttpRequest(decodeResult: success, version: HTTP/1.1, content: EmptyByteBufBE)
GET /json/version HTTP/1.1
User-Agent: selenium/4.9.0 (java windows)
host: localhost:56438
accept: */*

Response DefaultHttpResponse(decodeResult: success, version: HTTP/1.1)
HTTP/1.1 200 OK
Content-Security-Policy: frame-ancestors 'none'
Content-Length: 424
Content-Type: application/json; charset=UTF-8

2023-04-27 19:39:32 DEBUG ChannelManager:270 ? Adding key: http://localhost:56438 for channel [id: 0xac73a257, L:/127.0.0.1:56452 - R:localhost/127.0.0.1:56438]
2023-04-27 19:39:32 DEBUG ThreadLocalRandom:214 ? -Dio.netty.initialSeedUniquifier: 0xc79a2f2ee4e6b693
2023-04-27 19:39:32 DEBUG NettyConnectListener:73 ? Using new Channel '[id: 0x1bb8ad6d, L:/127.0.0.1:56453 - R:localhost/127.0.0.1:56438]' for 'GET' to '/devtools/browser/456d5229-d02c-46c2-9381-98dfc7cf53af'
2023-04-27 19:39:32 DEBUG WebSocketHandler:105 ? 

Request DefaultFullHttpRequest(decodeResult: success, version: HTTP/1.1, content: EmptyByteBufBE)
GET /devtools/browser/456d5229-d02c-46c2-9381-98dfc7cf53af HTTP/1.1
upgrade: websocket
connection: upgrade
sec-websocket-key: bNI3DJSZZVb1n35MlAxnWQ==
sec-websocket-version: 13
origin: http://localhost:56438
host: localhost:56438
accept: */*
user-agent: AHC/2.1

Response DefaultHttpResponse(decodeResult: success, version: HTTP/1.1)
HTTP/1.1 101 WebSocket Protocol Handshake
Upgrade: WebSocket
Connection: Upgrade
Sec-WebSocket-Accept: Q+B+63kgNP5tMHoSleG8qDCdrmE=

2023-04-27 19:39:32 DEBUG NettyRequestSender:593 ? Using pooled Channel '[id: 0xe619089e, L:/127.0.0.1:56432 - R:localhost/127.0.0.1:2790]' for 'POST' to 'http://localhost:2790/session/d3b635a6d0eb87dd84bfa6f1d7ca02c3/window/maximize'
2023-04-27 19:39:32 DEBUG NettyRequestSender:251 ? Using open Channel [id: 0xe619089e, L:/127.0.0.1:56432 - R:localhost/127.0.0.1:2790] for POST '/session/d3b635a6d0eb87dd84bfa6f1d7ca02c3/window/maximize'
2023-04-27 19:39:33 DEBUG HttpHandler:70 ? 

Request DefaultHttpRequest(decodeResult: success, version: HTTP/1.1)
POST /session/d3b635a6d0eb87dd84bfa6f1d7ca02c3/window/maximize HTTP/1.1
User-Agent: selenium/4.9.0 (java windows)
Content-Length: 3
Content-Type: application/json; charset=utf-8
host: localhost:2790
accept: */*

Response DefaultHttpResponse(decodeResult: success, version: HTTP/1.1)
HTTP/1.1 200 OK
Content-Length: 52
Content-Type: application/json; charset=utf-8
cache-control: no-cache

2023-04-27 19:39:33 DEBUG ChannelManager:270 ? Adding key: http://localhost:2790 for channel [id: 0xe619089e, L:/127.0.0.1:56432 - R:localhost/127.0.0.1:2790]
2023-04-27 19:39:33 DEBUG NettyRequestSender:593 ? Using pooled Channel '[id: 0xe619089e, L:/127.0.0.1:56432 - R:localhost/127.0.0.1:2790]' for 'POST' to 'http://localhost:2790/session/d3b635a6d0eb87dd84bfa6f1d7ca02c3/timeouts'
2023-04-27 19:39:33 DEBUG NettyRequestSender:251 ? Using open Channel [id: 0xe619089e, L:/127.0.0.1:56432 - R:localhost/127.0.0.1:2790] for POST '/session/d3b635a6d0eb87dd84bfa6f1d7ca02c3/timeouts'
2023-04-27 19:39:33 DEBUG HttpHandler:70 ? 

Request DefaultHttpRequest(decodeResult: success, version: HTTP/1.1)
POST /session/d3b635a6d0eb87dd84bfa6f1d7ca02c3/timeouts HTTP/1.1
User-Agent: selenium/4.9.0 (java windows)
Content-Length: 23
Content-Type: application/json; charset=utf-8
host: localhost:2790
accept: */*

Response DefaultHttpResponse(decodeResult: success, version: HTTP/1.1)
HTTP/1.1 200 OK
Content-Length: 14
Content-Type: application/json; charset=utf-8
cache-control: no-cache

2023-04-27 19:39:33 DEBUG ChannelManager:270 ? Adding key: http://localhost:2790 for channel [id: 0xe619089e, L:/127.0.0.1:56432 - R:localhost/127.0.0.1:2790]
2023-04-27 19:39:33 DEBUG NettyRequestSender:593 ? Using pooled Channel '[id: 0xe619089e, L:/127.0.0.1:56432 - R:localhost/127.0.0.1:2790]' for 'POST' to 'http://localhost:2790/session/d3b635a6d0eb87dd84bfa6f1d7ca02c3/url'
2023-04-27 19:39:33 DEBUG NettyRequestSender:251 ? Using open Channel [id: 0xe619089e, L:/127.0.0.1:56432 - R:localhost/127.0.0.1:2790] for POST '/session/d3b635a6d0eb87dd84bfa6f1d7ca02c3/url'
2023-04-27 19:39:33 DEBUG DefaultChannelPool:348 ? Entry count for : http://localhost:56438 : 1
2023-04-27 19:39:34 DEBUG HttpHandler:70 ? 

Request DefaultHttpRequest(decodeResult: success, version: HTTP/1.1)
POST /session/d3b635a6d0eb87dd84bfa6f1d7ca02c3/url HTTP/1.1
User-Agent: selenium/4.9.0 (java windows)
Content-Length: 67
Content-Type: application/json; charset=utf-8
host: localhost:2790
accept: */*

Response DefaultHttpResponse(decodeResult: success, version: HTTP/1.1)
HTTP/1.1 200 OK
Content-Length: 14
Content-Type: application/json; charset=utf-8
cache-control: no-cache

2023-04-27 19:39:34 DEBUG ChannelManager:270 ? Adding key: http://localhost:2790 for channel [id: 0xe619089e, L:/127.0.0.1:56432 - R:localhost/127.0.0.1:2790]
2023-04-27 19:39:34 DEBUG NettyRequestSender:593 ? Using pooled Channel '[id: 0xe619089e, L:/127.0.0.1:56432 - R:localhost/127.0.0.1:2790]' for 'POST' to 'http://localhost:2790/session/d3b635a6d0eb87dd84bfa6f1d7ca02c3/element'
2023-04-27 19:39:34 DEBUG NettyRequestSender:251 ? Using open Channel [id: 0xe619089e, L:/127.0.0.1:56432 - R:localhost/127.0.0.1:2790] for POST '/session/d3b635a6d0eb87dd84bfa6f1d7ca02c3/element'
2023-04-27 19:39:34 DEBUG HttpHandler:70 ? 

Request DefaultHttpRequest(decodeResult: success, version: HTTP/1.1)
POST /session/d3b635a6d0eb87dd84bfa6f1d7ca02c3/element HTTP/1.1
User-Agent: selenium/4.9.0 (java windows)
Content-Length: 53
Content-Type: application/json; charset=utf-8
host: localhost:2790
accept: */*

Response DefaultHttpResponse(decodeResult: success, version: HTTP/1.1)
HTTP/1.1 200 OK
Content-Length: 88
Content-Type: application/json; charset=utf-8
cache-control: no-cache

2023-04-27 19:39:34 DEBUG ChannelManager:270 ? Adding key: http://localhost:2790 for channel [id: 0xe619089e, L:/127.0.0.1:56432 - R:localhost/127.0.0.1:2790]
2023-04-27 19:39:34 DEBUG NettyRequestSender:593 ? Using pooled Channel '[id: 0xe619089e, L:/127.0.0.1:56432 - R:localhost/127.0.0.1:2790]' for 'POST' to 'http://localhost:2790/session/d3b635a6d0eb87dd84bfa6f1d7ca02c3/execute/sync'
2023-04-27 19:39:34 DEBUG NettyRequestSender:251 ? Using open Channel [id: 0xe619089e, L:/127.0.0.1:56432 - R:localhost/127.0.0.1:2790] for POST '/session/d3b635a6d0eb87dd84bfa6f1d7ca02c3/execute/sync'
2023-04-27 19:39:34 DEBUG HttpHandler:70 ? 

Request DefaultHttpRequest(decodeResult: success, version: HTTP/1.1)
POST /session/d3b635a6d0eb87dd84bfa6f1d7ca02c3/execute/sync HTTP/1.1
User-Agent: selenium/4.9.0 (java windows)
Content-Length: 48807
Content-Type: application/json; charset=utf-8
host: localhost:2790
accept: */*

Response DefaultHttpResponse(decodeResult: success, version: HTTP/1.1)
HTTP/1.1 200 OK
Content-Length: 14
Content-Type: application/json; charset=utf-8
cache-control: no-cache

2023-04-27 19:39:34 DEBUG ChannelManager:270 ? Adding key: http://localhost:2790 for channel [id: 0xe619089e, L:/127.0.0.1:56432 - R:localhost/127.0.0.1:2790]
2023-04-27 19:39:34 DEBUG NettyRequestSender:593 ? Using pooled Channel '[id: 0xe619089e, L:/127.0.0.1:56432 - R:localhost/127.0.0.1:2790]' for 'POST' to 'http://localhost:2790/session/d3b635a6d0eb87dd84bfa6f1d7ca02c3/element'
2023-04-27 19:39:34 DEBUG NettyRequestSender:251 ? Using open Channel [id: 0xe619089e, L:/127.0.0.1:56432 - R:localhost/127.0.0.1:2790] for POST '/session/d3b635a6d0eb87dd84bfa6f1d7ca02c3/element'
2023-04-27 19:39:34 DEBUG HttpHandler:70 ? 

Request DefaultHttpRequest(decodeResult: success, version: HTTP/1.1)
POST /session/d3b635a6d0eb87dd84bfa6f1d7ca02c3/element HTTP/1.1
User-Agent: selenium/4.9.0 (java windows)
Content-Length: 54
Content-Type: application/json; charset=utf-8
host: localhost:2790
accept: */*

Response DefaultHttpResponse(decodeResult: success, version: HTTP/1.1)
HTTP/1.1 200 OK
Content-Length: 88
Content-Type: application/json; charset=utf-8
cache-control: no-cache

2023-04-27 19:39:34 DEBUG ChannelManager:270 ? Adding key: http://localhost:2790 for channel [id: 0xe619089e, L:/127.0.0.1:56432 - R:localhost/127.0.0.1:2790]
2023-04-27 19:39:34 DEBUG NettyRequestSender:593 ? Using pooled Channel '[id: 0xe619089e, L:/127.0.0.1:56432 - R:localhost/127.0.0.1:2790]' for 'POST' to 'http://localhost:2790/session/d3b635a6d0eb87dd84bfa6f1d7ca02c3/execute/sync'
2023-04-27 19:39:34 DEBUG NettyRequestSender:251 ? Using open Channel [id: 0xe619089e, L:/127.0.0.1:56432 - R:localhost/127.0.0.1:2790] for POST '/session/d3b635a6d0eb87dd84bfa6f1d7ca02c3/execute/sync'
2023-04-27 19:39:34 DEBUG HttpHandler:70 ? 

Request DefaultHttpRequest(decodeResult: success, version: HTTP/1.1)
POST /session/d3b635a6d0eb87dd84bfa6f1d7ca02c3/execute/sync HTTP/1.1
User-Agent: selenium/4.9.0 (java windows)
Content-Length: 48807
Content-Type: application/json; charset=utf-8
host: localhost:2790
accept: */*

Response DefaultHttpResponse(decodeResult: success, version: HTTP/1.1)
HTTP/1.1 200 OK
Content-Length: 14
Content-Type: application/json; charset=utf-8
cache-control: no-cache

2023-04-27 19:39:34 DEBUG ChannelManager:270 ? Adding key: http://localhost:2790 for channel [id: 0xe619089e, L:/127.0.0.1:56432 - R:localhost/127.0.0.1:2790]
2023-04-27 19:39:34 DEBUG NettyRequestSender:593 ? Using pooled Channel '[id: 0xe619089e, L:/127.0.0.1:56432 - R:localhost/127.0.0.1:2790]' for 'POST' to 'http://localhost:2790/session/d3b635a6d0eb87dd84bfa6f1d7ca02c3/element'
2023-04-27 19:39:34 DEBUG NettyRequestSender:251 ? Using open Channel [id: 0xe619089e, L:/127.0.0.1:56432 - R:localhost/127.0.0.1:2790] for POST '/session/d3b635a6d0eb87dd84bfa6f1d7ca02c3/element'
2023-04-27 19:39:34 DEBUG HttpHandler:70 ? 

Request DefaultHttpRequest(decodeResult: success, version: HTTP/1.1)
POST /session/d3b635a6d0eb87dd84bfa6f1d7ca02c3/element HTTP/1.1
User-Agent: selenium/4.9.0 (java windows)
Content-Length: 53
Content-Type: application/json; charset=utf-8
host: localhost:2790
accept: */*

Response DefaultHttpResponse(decodeResult: success, version: HTTP/1.1)
HTTP/1.1 200 OK
Content-Length: 88
Content-Type: application/json; charset=utf-8
cache-control: no-cache

2023-04-27 19:39:34 DEBUG ChannelManager:270 ? Adding key: http://localhost:2790 for channel [id: 0xe619089e, L:/127.0.0.1:56432 - R:localhost/127.0.0.1:2790]
2023-04-27 19:39:34 DEBUG NettyRequestSender:593 ? Using pooled Channel '[id: 0xe619089e, L:/127.0.0.1:56432 - R:localhost/127.0.0.1:2790]' for 'POST' to 'http://localhost:2790/session/d3b635a6d0eb87dd84bfa6f1d7ca02c3/execute/sync'
2023-04-27 19:39:34 DEBUG NettyRequestSender:251 ? Using open Channel [id: 0xe619089e, L:/127.0.0.1:56432 - R:localhost/127.0.0.1:2790] for POST '/session/d3b635a6d0eb87dd84bfa6f1d7ca02c3/execute/sync'
2023-04-27 19:39:34 DEBUG HttpHandler:70 ? 

Request DefaultHttpRequest(decodeResult: success, version: HTTP/1.1)
POST /session/d3b635a6d0eb87dd84bfa6f1d7ca02c3/execute/sync HTTP/1.1
User-Agent: selenium/4.9.0 (java windows)
Content-Length: 48807
Content-Type: application/json; charset=utf-8
host: localhost:2790
accept: */*

Response DefaultHttpResponse(decodeResult: success, version: HTTP/1.1)
HTTP/1.1 200 OK
Content-Length: 14
Content-Type: application/json; charset=utf-8
cache-control: no-cache

2023-04-27 19:39:34 DEBUG ChannelManager:270 ? Adding key: http://localhost:2790 for channel [id: 0xe619089e, L:/127.0.0.1:56432 - R:localhost/127.0.0.1:2790]
2023-04-27 19:39:34 DEBUG NettyRequestSender:593 ? Using pooled Channel '[id: 0xe619089e, L:/127.0.0.1:56432 - R:localhost/127.0.0.1:2790]' for 'POST' to 'http://localhost:2790/session/d3b635a6d0eb87dd84bfa6f1d7ca02c3/element'
2023-04-27 19:39:34 DEBUG NettyRequestSender:251 ? Using open Channel [id: 0xe619089e, L:/127.0.0.1:56432 - R:localhost/127.0.0.1:2790] for POST '/session/d3b635a6d0eb87dd84bfa6f1d7ca02c3/element'
2023-04-27 19:39:34 DEBUG HttpHandler:70 ? 

Request DefaultHttpRequest(decodeResult: success, version: HTTP/1.1)
POST /session/d3b635a6d0eb87dd84bfa6f1d7ca02c3/element HTTP/1.1
User-Agent: selenium/4.9.0 (java windows)
Content-Length: 53
Content-Type: application/json; charset=utf-8
host: localhost:2790
accept: */*

Response DefaultHttpResponse(decodeResult: success, version: HTTP/1.1)
HTTP/1.1 200 OK
Content-Length: 88
Content-Type: application/json; charset=utf-8
cache-control: no-cache

2023-04-27 19:39:34 DEBUG ChannelManager:270 ? Adding key: http://localhost:2790 for channel [id: 0xe619089e, L:/127.0.0.1:56432 - R:localhost/127.0.0.1:2790]
2023-04-27 19:39:34 DEBUG NettyRequestSender:593 ? Using pooled Channel '[id: 0xe619089e, L:/127.0.0.1:56432 - R:localhost/127.0.0.1:2790]' for 'POST' to 'http://localhost:2790/session/d3b635a6d0eb87dd84bfa6f1d7ca02c3/execute/sync'
2023-04-27 19:39:34 DEBUG NettyRequestSender:251 ? Using open Channel [id: 0xe619089e, L:/127.0.0.1:56432 - R:localhost/127.0.0.1:2790] for POST '/session/d3b635a6d0eb87dd84bfa6f1d7ca02c3/execute/sync'
2023-04-27 19:39:34 DEBUG HttpHandler:70 ? 

Request DefaultHttpRequest(decodeResult: success, version: HTTP/1.1)
POST /session/d3b635a6d0eb87dd84bfa6f1d7ca02c3/execute/sync HTTP/1.1
User-Agent: selenium/4.9.0 (java windows)
Content-Length: 48807
Content-Type: application/json; charset=utf-8
host: localhost:2790
accept: */*

Response DefaultHttpResponse(decodeResult: success, version: HTTP/1.1)
HTTP/1.1 200 OK
Content-Length: 14
Content-Type: application/json; charset=utf-8
cache-control: no-cache

2023-04-27 19:39:34 DEBUG ChannelManager:270 ? Adding key: http://localhost:2790 for channel [id: 0xe619089e, L:/127.0.0.1:56432 - R:localhost/127.0.0.1:2790]
2023-04-27 19:39:34 DEBUG NettyRequestSender:593 ? Using pooled Channel '[id: 0xe619089e, L:/127.0.0.1:56432 - R:localhost/127.0.0.1:2790]' for 'POST' to 'http://localhost:2790/session/d3b635a6d0eb87dd84bfa6f1d7ca02c3/element'
2023-04-27 19:39:34 DEBUG NettyRequestSender:251 ? Using open Channel [id: 0xe619089e, L:/127.0.0.1:56432 - R:localhost/127.0.0.1:2790] for POST '/session/d3b635a6d0eb87dd84bfa6f1d7ca02c3/element'
2023-04-27 19:39:34 DEBUG HttpHandler:70 ? 

Request DefaultHttpRequest(decodeResult: success, version: HTTP/1.1)
POST /session/d3b635a6d0eb87dd84bfa6f1d7ca02c3/element HTTP/1.1
User-Agent: selenium/4.9.0 (java windows)
Content-Length: 60
Content-Type: application/json; charset=utf-8
host: localhost:2790
accept: */*

Response DefaultHttpResponse(decodeResult: success, version: HTTP/1.1)
HTTP/1.1 200 OK
Content-Length: 88
Content-Type: application/json; charset=utf-8
cache-control: no-cache

2023-04-27 19:39:34 DEBUG ChannelManager:270 ? Adding key: http://localhost:2790 for channel [id: 0xe619089e, L:/127.0.0.1:56432 - R:localhost/127.0.0.1:2790]
2023-04-27 19:39:34 DEBUG NettyRequestSender:593 ? Using pooled Channel '[id: 0xe619089e, L:/127.0.0.1:56432 - R:localhost/127.0.0.1:2790]' for 'POST' to 'http://localhost:2790/session/d3b635a6d0eb87dd84bfa6f1d7ca02c3/execute/sync'
2023-04-27 19:39:34 DEBUG NettyRequestSender:251 ? Using open Channel [id: 0xe619089e, L:/127.0.0.1:56432 - R:localhost/127.0.0.1:2790] for POST '/session/d3b635a6d0eb87dd84bfa6f1d7ca02c3/execute/sync'
2023-04-27 19:39:34 DEBUG HttpHandler:70 ? 

Request DefaultHttpRequest(decodeResult: success, version: HTTP/1.1)
POST /session/d3b635a6d0eb87dd84bfa6f1d7ca02c3/execute/sync HTTP/1.1
User-Agent: selenium/4.9.0 (java windows)
Content-Length: 48807
Content-Type: application/json; charset=utf-8
host: localhost:2790
accept: */*

Response DefaultHttpResponse(decodeResult: success, version: HTTP/1.1)
HTTP/1.1 200 OK
Content-Length: 14
Content-Type: application/json; charset=utf-8
cache-control: no-cache

2023-04-27 19:39:34 DEBUG ChannelManager:270 ? Adding key: http://localhost:2790 for channel [id: 0xe619089e, L:/127.0.0.1:56432 - R:localhost/127.0.0.1:2790]
2023-04-27 19:39:34 DEBUG NettyRequestSender:593 ? Using pooled Channel '[id: 0xe619089e, L:/127.0.0.1:56432 - R:localhost/127.0.0.1:2790]' for 'POST' to 'http://localhost:2790/session/d3b635a6d0eb87dd84bfa6f1d7ca02c3/element'
2023-04-27 19:39:34 DEBUG NettyRequestSender:251 ? Using open Channel [id: 0xe619089e, L:/127.0.0.1:56432 - R:localhost/127.0.0.1:2790] for POST '/session/d3b635a6d0eb87dd84bfa6f1d7ca02c3/element'
2023-04-27 19:39:34 DEBUG HttpHandler:70 ? 

Request DefaultHttpRequest(decodeResult: success, version: HTTP/1.1)
POST /session/d3b635a6d0eb87dd84bfa6f1d7ca02c3/element HTTP/1.1
User-Agent: selenium/4.9.0 (java windows)
Content-Length: 53
Content-Type: application/json; charset=utf-8
host: localhost:2790
accept: */*

Response DefaultHttpResponse(decodeResult: success, version: HTTP/1.1)
HTTP/1.1 200 OK
Content-Length: 88
Content-Type: application/json; charset=utf-8
cache-control: no-cache

2023-04-27 19:39:34 DEBUG ChannelManager:270 ? Adding key: http://localhost:2790 for channel [id: 0xe619089e, L:/127.0.0.1:56432 - R:localhost/127.0.0.1:2790]
2023-04-27 19:39:34 DEBUG NettyRequestSender:593 ? Using pooled Channel '[id: 0xe619089e, L:/127.0.0.1:56432 - R:localhost/127.0.0.1:2790]' for 'POST' to 'http://localhost:2790/session/d3b635a6d0eb87dd84bfa6f1d7ca02c3/actions'
2023-04-27 19:39:34 DEBUG NettyRequestSender:251 ? Using open Channel [id: 0xe619089e, L:/127.0.0.1:56432 - R:localhost/127.0.0.1:2790] for POST '/session/d3b635a6d0eb87dd84bfa6f1d7ca02c3/actions'
2023-04-27 19:39:34 DEBUG HttpHandler:70 ? 

Request DefaultHttpRequest(decodeResult: success, version: HTTP/1.1)
POST /session/d3b635a6d0eb87dd84bfa6f1d7ca02c3/actions HTTP/1.1
User-Agent: selenium/4.9.0 (java windows)
Content-Length: 3755
Content-Type: application/json; charset=utf-8
host: localhost:2790
accept: */*

Response DefaultHttpResponse(decodeResult: success, version: HTTP/1.1)
HTTP/1.1 200 OK
Content-Length: 14
Content-Type: application/json; charset=utf-8
cache-control: no-cache

2023-04-27 19:39:34 DEBUG ChannelManager:270 ? Adding key: http://localhost:2790 for channel [id: 0xe619089e, L:/127.0.0.1:56432 - R:localhost/127.0.0.1:2790]
2023-04-27 19:39:34 DEBUG NettyRequestSender:593 ? Using pooled Channel '[id: 0xe619089e, L:/127.0.0.1:56432 - R:localhost/127.0.0.1:2790]' for 'POST' to 'http://localhost:2790/session/d3b635a6d0eb87dd84bfa6f1d7ca02c3/element'
2023-04-27 19:39:34 DEBUG NettyRequestSender:251 ? Using open Channel [id: 0xe619089e, L:/127.0.0.1:56432 - R:localhost/127.0.0.1:2790] for POST '/session/d3b635a6d0eb87dd84bfa6f1d7ca02c3/element'
2023-04-27 19:39:34 DEBUG HttpHandler:70 ? 

Request DefaultHttpRequest(decodeResult: success, version: HTTP/1.1)
POST /session/d3b635a6d0eb87dd84bfa6f1d7ca02c3/element HTTP/1.1
User-Agent: selenium/4.9.0 (java windows)
Content-Length: 54
Content-Type: application/json; charset=utf-8
host: localhost:2790
accept: */*

Response DefaultHttpResponse(decodeResult: success, version: HTTP/1.1)
HTTP/1.1 200 OK
Content-Length: 88
Content-Type: application/json; charset=utf-8
cache-control: no-cache

2023-04-27 19:39:34 DEBUG ChannelManager:270 ? Adding key: http://localhost:2790 for channel [id: 0xe619089e, L:/127.0.0.1:56432 - R:localhost/127.0.0.1:2790]
2023-04-27 19:39:34 DEBUG NettyRequestSender:593 ? Using pooled Channel '[id: 0xe619089e, L:/127.0.0.1:56432 - R:localhost/127.0.0.1:2790]' for 'POST' to 'http://localhost:2790/session/d3b635a6d0eb87dd84bfa6f1d7ca02c3/actions'
2023-04-27 19:39:34 DEBUG NettyRequestSender:251 ? Using open Channel [id: 0xe619089e, L:/127.0.0.1:56432 - R:localhost/127.0.0.1:2790] for POST '/session/d3b635a6d0eb87dd84bfa6f1d7ca02c3/actions'
2023-04-27 19:39:34 DEBUG DefaultChannelPool:348 ? Entry count for : http://localhost:56438 : 1
2023-04-27 19:39:35 DEBUG HttpHandler:70 ? 

Request DefaultHttpRequest(decodeResult: success, version: HTTP/1.1)
POST /session/d3b635a6d0eb87dd84bfa6f1d7ca02c3/actions HTTP/1.1
User-Agent: selenium/4.9.0 (java windows)
Content-Length: 3755
Content-Type: application/json; charset=utf-8
host: localhost:2790
accept: */*

Response DefaultHttpResponse(decodeResult: success, version: HTTP/1.1)
HTTP/1.1 200 OK
Content-Length: 14
Content-Type: application/json; charset=utf-8
cache-control: no-cache

2023-04-27 19:39:35 DEBUG ChannelManager:270 ? Adding key: http://localhost:2790 for channel [id: 0xe619089e, L:/127.0.0.1:56432 - R:localhost/127.0.0.1:2790]
2023-04-27 19:39:35 DEBUG NettyRequestSender:593 ? Using pooled Channel '[id: 0xe619089e, L:/127.0.0.1:56432 - R:localhost/127.0.0.1:2790]' for 'POST' to 'http://localhost:2790/session/d3b635a6d0eb87dd84bfa6f1d7ca02c3/element'
2023-04-27 19:39:35 DEBUG NettyRequestSender:251 ? Using open Channel [id: 0xe619089e, L:/127.0.0.1:56432 - R:localhost/127.0.0.1:2790] for POST '/session/d3b635a6d0eb87dd84bfa6f1d7ca02c3/element'
2023-04-27 19:39:35 DEBUG HttpHandler:70 ? 

Request DefaultHttpRequest(decodeResult: success, version: HTTP/1.1)
POST /session/d3b635a6d0eb87dd84bfa6f1d7ca02c3/element HTTP/1.1
User-Agent: selenium/4.9.0 (java windows)
Content-Length: 53
Content-Type: application/json; charset=utf-8
host: localhost:2790
accept: */*

Response DefaultHttpResponse(decodeResult: success, version: HTTP/1.1)
HTTP/1.1 200 OK
Content-Length: 88
Content-Type: application/json; charset=utf-8
cache-control: no-cache

2023-04-27 19:39:35 DEBUG ChannelManager:270 ? Adding key: http://localhost:2790 for channel [id: 0xe619089e, L:/127.0.0.1:56432 - R:localhost/127.0.0.1:2790]
2023-04-27 19:39:35 DEBUG NettyRequestSender:593 ? Using pooled Channel '[id: 0xe619089e, L:/127.0.0.1:56432 - R:localhost/127.0.0.1:2790]' for 'POST' to 'http://localhost:2790/session/d3b635a6d0eb87dd84bfa6f1d7ca02c3/actions'
2023-04-27 19:39:35 DEBUG NettyRequestSender:251 ? Using open Channel [id: 0xe619089e, L:/127.0.0.1:56432 - R:localhost/127.0.0.1:2790] for POST '/session/d3b635a6d0eb87dd84bfa6f1d7ca02c3/actions'
2023-04-27 19:39:35 DEBUG HttpHandler:70 ? 

Request DefaultHttpRequest(decodeResult: success, version: HTTP/1.1)
POST /session/d3b635a6d0eb87dd84bfa6f1d7ca02c3/actions HTTP/1.1
User-Agent: selenium/4.9.0 (java windows)
Content-Length: 3755
Content-Type: application/json; charset=utf-8
host: localhost:2790
accept: */*

Response DefaultHttpResponse(decodeResult: success, version: HTTP/1.1)
HTTP/1.1 200 OK
Content-Length: 14
Content-Type: application/json; charset=utf-8
cache-control: no-cache

2023-04-27 19:39:35 DEBUG ChannelManager:270 ? Adding key: http://localhost:2790 for channel [id: 0xe619089e, L:/127.0.0.1:56432 - R:localhost/127.0.0.1:2790]
2023-04-27 19:39:35 DEBUG NettyRequestSender:593 ? Using pooled Channel '[id: 0xe619089e, L:/127.0.0.1:56432 - R:localhost/127.0.0.1:2790]' for 'POST' to 'http://localhost:2790/session/d3b635a6d0eb87dd84bfa6f1d7ca02c3/element'
2023-04-27 19:39:35 DEBUG NettyRequestSender:251 ? Using open Channel [id: 0xe619089e, L:/127.0.0.1:56432 - R:localhost/127.0.0.1:2790] for POST '/session/d3b635a6d0eb87dd84bfa6f1d7ca02c3/element'
2023-04-27 19:39:35 DEBUG HttpHandler:70 ? 

Request DefaultHttpRequest(decodeResult: success, version: HTTP/1.1)
POST /session/d3b635a6d0eb87dd84bfa6f1d7ca02c3/element HTTP/1.1
User-Agent: selenium/4.9.0 (java windows)
Content-Length: 53
Content-Type: application/json; charset=utf-8
host: localhost:2790
accept: */*

Response DefaultHttpResponse(decodeResult: success, version: HTTP/1.1)
HTTP/1.1 200 OK
Content-Length: 88
Content-Type: application/json; charset=utf-8
cache-control: no-cache

2023-04-27 19:39:35 DEBUG ChannelManager:270 ? Adding key: http://localhost:2790 for channel [id: 0xe619089e, L:/127.0.0.1:56432 - R:localhost/127.0.0.1:2790]
2023-04-27 19:39:35 DEBUG NettyRequestSender:593 ? Using pooled Channel '[id: 0xe619089e, L:/127.0.0.1:56432 - R:localhost/127.0.0.1:2790]' for 'POST' to 'http://localhost:2790/session/d3b635a6d0eb87dd84bfa6f1d7ca02c3/actions'
2023-04-27 19:39:35 DEBUG NettyRequestSender:251 ? Using open Channel [id: 0xe619089e, L:/127.0.0.1:56432 - R:localhost/127.0.0.1:2790] for POST '/session/d3b635a6d0eb87dd84bfa6f1d7ca02c3/actions'
2023-04-27 19:39:35 DEBUG HttpHandler:70 ? 

Request DefaultHttpRequest(decodeResult: success, version: HTTP/1.1)
POST /session/d3b635a6d0eb87dd84bfa6f1d7ca02c3/actions HTTP/1.1
User-Agent: selenium/4.9.0 (java windows)
Content-Length: 3755
Content-Type: application/json; charset=utf-8
host: localhost:2790
accept: */*

Response DefaultHttpResponse(decodeResult: success, version: HTTP/1.1)
HTTP/1.1 200 OK
Content-Length: 14
Content-Type: application/json; charset=utf-8
cache-control: no-cache

2023-04-27 19:39:35 DEBUG ChannelManager:270 ? Adding key: http://localhost:2790 for channel [id: 0xe619089e, L:/127.0.0.1:56432 - R:localhost/127.0.0.1:2790]
2023-04-27 19:39:35 DEBUG NettyRequestSender:593 ? Using pooled Channel '[id: 0xe619089e, L:/127.0.0.1:56432 - R:localhost/127.0.0.1:2790]' for 'POST' to 'http://localhost:2790/session/d3b635a6d0eb87dd84bfa6f1d7ca02c3/element'
2023-04-27 19:39:35 DEBUG NettyRequestSender:251 ? Using open Channel [id: 0xe619089e, L:/127.0.0.1:56432 - R:localhost/127.0.0.1:2790] for POST '/session/d3b635a6d0eb87dd84bfa6f1d7ca02c3/element'
2023-04-27 19:39:35 DEBUG HttpHandler:70 ? 

Request DefaultHttpRequest(decodeResult: success, version: HTTP/1.1)
POST /session/d3b635a6d0eb87dd84bfa6f1d7ca02c3/element HTTP/1.1
User-Agent: selenium/4.9.0 (java windows)
Content-Length: 60
Content-Type: application/json; charset=utf-8
host: localhost:2790
accept: */*

Response DefaultHttpResponse(decodeResult: success, version: HTTP/1.1)
HTTP/1.1 200 OK
Content-Length: 88
Content-Type: application/json; charset=utf-8
cache-control: no-cache

2023-04-27 19:39:35 DEBUG ChannelManager:270 ? Adding key: http://localhost:2790 for channel [id: 0xe619089e, L:/127.0.0.1:56432 - R:localhost/127.0.0.1:2790]
2023-04-27 19:39:35 DEBUG NettyRequestSender:593 ? Using pooled Channel '[id: 0xe619089e, L:/127.0.0.1:56432 - R:localhost/127.0.0.1:2790]' for 'POST' to 'http://localhost:2790/session/d3b635a6d0eb87dd84bfa6f1d7ca02c3/actions'
2023-04-27 19:39:35 DEBUG NettyRequestSender:251 ? Using open Channel [id: 0xe619089e, L:/127.0.0.1:56432 - R:localhost/127.0.0.1:2790] for POST '/session/d3b635a6d0eb87dd84bfa6f1d7ca02c3/actions'
2023-04-27 19:39:35 DEBUG HttpHandler:70 ? 

Request DefaultHttpRequest(decodeResult: success, version: HTTP/1.1)
POST /session/d3b635a6d0eb87dd84bfa6f1d7ca02c3/actions HTTP/1.1
User-Agent: selenium/4.9.0 (java windows)
Content-Length: 3755
Content-Type: application/json; charset=utf-8
host: localhost:2790
accept: */*

Response DefaultHttpResponse(decodeResult: success, version: HTTP/1.1)
HTTP/1.1 200 OK
Content-Length: 14
Content-Type: application/json; charset=utf-8
cache-control: no-cache

2023-04-27 19:39:35 DEBUG ChannelManager:270 ? Adding key: http://localhost:2790 for channel [id: 0xe619089e, L:/127.0.0.1:56432 - R:localhost/127.0.0.1:2790]
2023-04-27 19:39:35 DEBUG NettyRequestSender:593 ? Using pooled Channel '[id: 0xe619089e, L:/127.0.0.1:56432 - R:localhost/127.0.0.1:2790]' for 'POST' to 'http://localhost:2790/session/d3b635a6d0eb87dd84bfa6f1d7ca02c3/element'
2023-04-27 19:39:35 DEBUG NettyRequestSender:251 ? Using open Channel [id: 0xe619089e, L:/127.0.0.1:56432 - R:localhost/127.0.0.1:2790] for POST '/session/d3b635a6d0eb87dd84bfa6f1d7ca02c3/element'
2023-04-27 19:39:35 DEBUG HttpHandler:70 ? 

Request DefaultHttpRequest(decodeResult: success, version: HTTP/1.1)
POST /session/d3b635a6d0eb87dd84bfa6f1d7ca02c3/element HTTP/1.1
User-Agent: selenium/4.9.0 (java windows)
Content-Length: 74
Content-Type: application/json; charset=utf-8
host: localhost:2790
accept: */*

Response DefaultHttpResponse(decodeResult: success, version: HTTP/1.1)
HTTP/1.1 200 OK
Content-Length: 88
Content-Type: application/json; charset=utf-8
cache-control: no-cache

2023-04-27 19:39:35 DEBUG ChannelManager:270 ? Adding key: http://localhost:2790 for channel [id: 0xe619089e, L:/127.0.0.1:56432 - R:localhost/127.0.0.1:2790]
2023-04-27 19:39:35 DEBUG NettyRequestSender:593 ? Using pooled Channel '[id: 0xe619089e, L:/127.0.0.1:56432 - R:localhost/127.0.0.1:2790]' for 'POST' to 'http://localhost:2790/session/d3b635a6d0eb87dd84bfa6f1d7ca02c3/actions'
2023-04-27 19:39:35 DEBUG NettyRequestSender:251 ? Using open Channel [id: 0xe619089e, L:/127.0.0.1:56432 - R:localhost/127.0.0.1:2790] for POST '/session/d3b635a6d0eb87dd84bfa6f1d7ca02c3/actions'
2023-04-27 19:39:36 DEBUG HttpHandler:70 ? 

Request DefaultHttpRequest(decodeResult: success, version: HTTP/1.1)
POST /session/d3b635a6d0eb87dd84bfa6f1d7ca02c3/actions HTTP/1.1
User-Agent: selenium/4.9.0 (java windows)
Content-Length: 567
Content-Type: application/json; charset=utf-8
host: localhost:2790
accept: */*

Response DefaultHttpResponse(decodeResult: success, version: HTTP/1.1)
HTTP/1.1 200 OK
Content-Length: 14
Content-Type: application/json; charset=utf-8
cache-control: no-cache

2023-04-27 19:39:36 DEBUG ChannelManager:270 ? Adding key: http://localhost:2790 for channel [id: 0xe619089e, L:/127.0.0.1:56432 - R:localhost/127.0.0.1:2790]
2023-04-27 19:39:36 DEBUG DefaultChannelPool:348 ? Entry count for : http://localhost:56438 : 1
2023-04-27 19:39:36 DEBUG DefaultChannelPool:348 ? Entry count for : http://localhost:2790 : 1
2023-04-27 19:52:26 DEBUG InternalLoggerFactory:63 ? Using SLF4J as the default logging framework
2023-04-27 19:52:26 DEBUG ResourceLeakDetector:129 ? -Dio.netty.leakDetection.level: simple
2023-04-27 19:52:26 DEBUG ResourceLeakDetector:130 ? -Dio.netty.leakDetection.targetRecords: 4
2023-04-27 19:52:26 DEBUG ResourceLeakDetectorFactory:196 ? Loaded default ResourceLeakDetector: io.netty.util.ResourceLeakDetector@53ab0286
2023-04-27 19:52:26 DEBUG PlatformDependent0:496 ? -Dio.netty.noUnsafe: false
2023-04-27 19:52:26 DEBUG PlatformDependent0:1000 ? Java version: 19
2023-04-27 19:52:26 DEBUG PlatformDependent0:137 ? sun.misc.Unsafe.theUnsafe: available
2023-04-27 19:52:26 DEBUG PlatformDependent0:161 ? sun.misc.Unsafe.copyMemory: available
2023-04-27 19:52:26 DEBUG PlatformDependent0:193 ? sun.misc.Unsafe.storeFence: available
2023-04-27 19:52:26 DEBUG PlatformDependent0:236 ? java.nio.Buffer.address: available
2023-04-27 19:52:26 DEBUG PlatformDependent0:320 ? direct buffer constructor: unavailable: Reflective setAccessible(true) disabled
2023-04-27 19:52:26 DEBUG PlatformDependent0:385 ? java.nio.Bits.unaligned: available, true
2023-04-27 19:52:26 DEBUG PlatformDependent0:452 ? jdk.internal.misc.Unsafe.allocateUninitializedArray(int): unavailable: class io.netty.util.internal.PlatformDependent0$7 cannot access class jdk.internal.misc.Unsafe (in module java.base) because module java.base does not export jdk.internal.misc to unnamed module @5679c6c6
2023-04-27 19:52:26 DEBUG PlatformDependent0:482 ? java.nio.DirectByteBuffer.<init>(long, int): unavailable
2023-04-27 19:52:26 DEBUG PlatformDependent:1159 ? sun.misc.Unsafe: available
2023-04-27 19:52:26 DEBUG PlatformDependent:1270 ? maxDirectMemory: 5339348992 bytes (maybe)
2023-04-27 19:52:26 DEBUG PlatformDependent:1289 ? -Dio.netty.tmpdir: C:\Users\rohit\AppData\Local\Temp (java.io.tmpdir)
2023-04-27 19:52:26 DEBUG PlatformDependent:1368 ? -Dio.netty.bitMode: 64 (sun.arch.data.model)
2023-04-27 19:52:26 DEBUG PlatformDependent:1119 ? Platform: Windows
2023-04-27 19:52:26 DEBUG PlatformDependent:178 ? -Dio.netty.maxDirectMemory: -1 bytes
2023-04-27 19:52:26 DEBUG PlatformDependent:185 ? -Dio.netty.uninitializedArrayAllocationThreshold: -1
2023-04-27 19:52:26 DEBUG CleanerJava9:71 ? java.nio.ByteBuffer.cleaner(): available
2023-04-27 19:52:26 DEBUG PlatformDependent:205 ? -Dio.netty.noPreferDirect: false
2023-04-27 19:52:26 DEBUG PlatformDependent:1010 ? org.jctools-core.MpscChunkedArrayQueue: available
2023-04-27 19:52:26 DEBUG InternalThreadLocalMap:100 ? -Dio.netty.threadLocalMap.stringBuilder.initialSize: 1024
2023-04-27 19:52:26 DEBUG InternalThreadLocalMap:101 ? -Dio.netty.threadLocalMap.stringBuilder.maxSize: 4096
2023-04-27 19:52:26 DEBUG JdkSslContext:83 ? Default protocols (JDK): [TLSv1.3, TLSv1.2] 
2023-04-27 19:52:26 DEBUG JdkSslContext:84 ? Default cipher suites (JDK): [TLS_ECDHE_ECDSA_WITH_AES_256_GCM_SHA384, TLS_ECDHE_ECDSA_WITH_AES_128_GCM_SHA256, TLS_ECDHE_RSA_WITH_AES_128_GCM_SHA256, TLS_ECDHE_RSA_WITH_AES_256_GCM_SHA384, TLS_ECDHE_RSA_WITH_AES_128_CBC_SHA, TLS_ECDHE_RSA_WITH_AES_256_CBC_SHA, TLS_RSA_WITH_AES_128_GCM_SHA256, TLS_RSA_WITH_AES_128_CBC_SHA, TLS_RSA_WITH_AES_256_CBC_SHA, TLS_AES_128_GCM_SHA256, TLS_AES_256_GCM_SHA384]
2023-04-27 19:52:26 DEBUG GlobalEventExecutor:53 ? -Dio.netty.globalEventExecutor.quietPeriodSeconds: 1
2023-04-27 19:52:26 DEBUG MultithreadEventLoopGroup:44 ? -Dio.netty.eventLoopThreads: 16
2023-04-27 19:52:26 DEBUG NioEventLoop:110 ? -Dio.netty.noKeySetOptimization: false
2023-04-27 19:52:26 DEBUG NioEventLoop:111 ? -Dio.netty.selectorAutoRebuildThreshold: 512
2023-04-27 19:52:26 DEBUG PooledByteBufAllocator:157 ? -Dio.netty.allocator.numHeapArenas: 16
2023-04-27 19:52:26 DEBUG PooledByteBufAllocator:158 ? -Dio.netty.allocator.numDirectArenas: 16
2023-04-27 19:52:26 DEBUG PooledByteBufAllocator:160 ? -Dio.netty.allocator.pageSize: 8192
2023-04-27 19:52:26 DEBUG PooledByteBufAllocator:165 ? -Dio.netty.allocator.maxOrder: 9
2023-04-27 19:52:26 DEBUG PooledByteBufAllocator:169 ? -Dio.netty.allocator.chunkSize: 4194304
2023-04-27 19:52:26 DEBUG PooledByteBufAllocator:170 ? -Dio.netty.allocator.smallCacheSize: 256
2023-04-27 19:52:26 DEBUG PooledByteBufAllocator:171 ? -Dio.netty.allocator.normalCacheSize: 64
2023-04-27 19:52:26 DEBUG PooledByteBufAllocator:172 ? -Dio.netty.allocator.maxCachedBufferCapacity: 32768
2023-04-27 19:52:26 DEBUG PooledByteBufAllocator:173 ? -Dio.netty.allocator.cacheTrimInterval: 8192
2023-04-27 19:52:26 DEBUG PooledByteBufAllocator:174 ? -Dio.netty.allocator.cacheTrimIntervalMillis: 0
2023-04-27 19:52:26 DEBUG PooledByteBufAllocator:175 ? -Dio.netty.allocator.useCacheForAllThreads: false
2023-04-27 19:52:26 DEBUG PooledByteBufAllocator:176 ? -Dio.netty.allocator.maxCachedByteBuffersPerChunk: 1023
2023-04-27 19:52:26 DEBUG ByteBufUtil:88 ? -Dio.netty.allocator.type: pooled
2023-04-27 19:52:26 DEBUG ByteBufUtil:97 ? -Dio.netty.threadLocalDirectBufferSize: 0
2023-04-27 19:52:26 DEBUG ByteBufUtil:100 ? -Dio.netty.maxThreadLocalCharBufferSize: 16384
2023-04-27 19:52:26 DEBUG DefaultChannelId:79 ? -Dio.netty.processId: 11692 (auto-detected)
2023-04-27 19:52:26 DEBUG NetUtil:148 ? -Djava.net.preferIPv4Stack: false
2023-04-27 19:52:26 DEBUG NetUtil:149 ? -Djava.net.preferIPv6Addresses: false
2023-04-27 19:52:26 DEBUG NetUtilInitializations:145 ? Loopback interface: lo (Software Loopback Interface 1, 127.0.0.1)
2023-04-27 19:52:26 DEBUG NetUtil:206 ? Failed to get SOMAXCONN from sysctl and file \proc\sys\net\core\somaxconn. Default: 200
2023-04-27 19:52:26 DEBUG DefaultChannelId:101 ? -Dio.netty.machineId: 70:c9:4e:ff:fe:a9:98:9d (auto-detected)
2023-04-27 19:52:27 DEBUG AbstractByteBuf:63 ? -Dio.netty.buffer.checkAccessible: true
2023-04-27 19:52:27 DEBUG AbstractByteBuf:64 ? -Dio.netty.buffer.checkBounds: true
2023-04-27 19:52:27 DEBUG ResourceLeakDetectorFactory:196 ? Loaded default ResourceLeakDetector: io.netty.util.ResourceLeakDetector@7f39ef1c
2023-04-27 19:52:27 DEBUG NettyConnectListener:73 ? Using new Channel '[id: 0x319b2b2a, L:/127.0.0.1:57916 - R:localhost/127.0.0.1:12552]' for 'POST' to '/session'
2023-04-27 19:52:27 DEBUG Recycler:96 ? -Dio.netty.recycler.maxCapacityPerThread: 4096
2023-04-27 19:52:27 DEBUG Recycler:97 ? -Dio.netty.recycler.ratio: 8
2023-04-27 19:52:27 DEBUG Recycler:98 ? -Dio.netty.recycler.chunkSize: 32
2023-04-27 19:52:27 DEBUG Recycler:99 ? -Dio.netty.recycler.blocking: false
2023-04-27 19:52:27 DEBUG Recycler:100 ? -Dio.netty.recycler.batchFastThreadLocalOnly: true
2023-04-27 19:52:28 DEBUG Brotli:38 ? brotli4j not in the classpath; Brotli support will be unavailable.
2023-04-27 19:52:28 DEBUG HttpHandler:70 ? 

Request DefaultHttpRequest(decodeResult: success, version: HTTP/1.1)
POST /session HTTP/1.1
User-Agent: selenium/4.9.0 (java windows)
Content-Length: 254
Content-Type: application/json; charset=utf-8
host: localhost:12552
accept: */*

Response DefaultHttpResponse(decodeResult: success, version: HTTP/1.1)
HTTP/1.1 200 OK
Content-Length: 860
Content-Type: application/json; charset=utf-8
cache-control: no-cache

2023-04-27 19:52:28 DEBUG ChannelManager:270 ? Adding key: http://localhost:12552 for channel [id: 0x319b2b2a, L:/127.0.0.1:57916 - R:localhost/127.0.0.1:12552]
2023-04-27 19:52:28 DEBUG DefaultChannelPool:348 ? Entry count for : http://localhost:12552 : 1
2023-04-27 19:52:28 DEBUG NettyConnectListener:73 ? Using new Channel '[id: 0x6d1d9616, L:/127.0.0.1:57938 - R:localhost/127.0.0.1:57920]' for 'GET' to '/json/version'
2023-04-27 19:52:28 DEBUG HttpHandler:70 ? 

Request DefaultFullHttpRequest(decodeResult: success, version: HTTP/1.1, content: EmptyByteBufBE)
GET /json/version HTTP/1.1
User-Agent: selenium/4.9.0 (java windows)
host: localhost:57920
accept: */*

Response DefaultHttpResponse(decodeResult: success, version: HTTP/1.1)
HTTP/1.1 200 OK
Content-Security-Policy: frame-ancestors 'none'
Content-Length: 424
Content-Type: application/json; charset=UTF-8

2023-04-27 19:52:28 DEBUG ChannelManager:270 ? Adding key: http://localhost:57920 for channel [id: 0x6d1d9616, L:/127.0.0.1:57938 - R:localhost/127.0.0.1:57920]
2023-04-27 19:52:28 DEBUG ThreadLocalRandom:214 ? -Dio.netty.initialSeedUniquifier: 0x1408adaa335c26fe
2023-04-27 19:52:28 DEBUG NettyConnectListener:73 ? Using new Channel '[id: 0xb506f9c0, L:/127.0.0.1:57939 - R:localhost/127.0.0.1:57920]' for 'GET' to '/devtools/browser/25a05068-617a-42bc-a3fc-5df311045700'
2023-04-27 19:52:28 DEBUG WebSocketHandler:105 ? 

Request DefaultFullHttpRequest(decodeResult: success, version: HTTP/1.1, content: EmptyByteBufBE)
GET /devtools/browser/25a05068-617a-42bc-a3fc-5df311045700 HTTP/1.1
upgrade: websocket
connection: upgrade
sec-websocket-key: Ts5GZtOuQ4MDM/qyaEmhSQ==
sec-websocket-version: 13
origin: http://localhost:57920
host: localhost:57920
accept: */*
user-agent: AHC/2.1

Response DefaultHttpResponse(decodeResult: success, version: HTTP/1.1)
HTTP/1.1 101 WebSocket Protocol Handshake
Upgrade: WebSocket
Connection: Upgrade
Sec-WebSocket-Accept: NKD2dgEQunajBZ42xQnZcC5QQuU=

2023-04-27 19:52:28 DEBUG NettyRequestSender:593 ? Using pooled Channel '[id: 0x319b2b2a, L:/127.0.0.1:57916 - R:localhost/127.0.0.1:12552]' for 'POST' to 'http://localhost:12552/session/4b412abaaa142dba107076ada40334bd/window/maximize'
2023-04-27 19:52:28 DEBUG NettyRequestSender:251 ? Using open Channel [id: 0x319b2b2a, L:/127.0.0.1:57916 - R:localhost/127.0.0.1:12552] for POST '/session/4b412abaaa142dba107076ada40334bd/window/maximize'
2023-04-27 19:52:28 DEBUG HttpHandler:70 ? 

Request DefaultHttpRequest(decodeResult: success, version: HTTP/1.1)
POST /session/4b412abaaa142dba107076ada40334bd/window/maximize HTTP/1.1
User-Agent: selenium/4.9.0 (java windows)
Content-Length: 3
Content-Type: application/json; charset=utf-8
host: localhost:12552
accept: */*

Response DefaultHttpResponse(decodeResult: success, version: HTTP/1.1)
HTTP/1.1 200 OK
Content-Length: 52
Content-Type: application/json; charset=utf-8
cache-control: no-cache

2023-04-27 19:52:28 DEBUG ChannelManager:270 ? Adding key: http://localhost:12552 for channel [id: 0x319b2b2a, L:/127.0.0.1:57916 - R:localhost/127.0.0.1:12552]
2023-04-27 19:52:28 DEBUG NettyRequestSender:593 ? Using pooled Channel '[id: 0x319b2b2a, L:/127.0.0.1:57916 - R:localhost/127.0.0.1:12552]' for 'POST' to 'http://localhost:12552/session/4b412abaaa142dba107076ada40334bd/timeouts'
2023-04-27 19:52:28 DEBUG NettyRequestSender:251 ? Using open Channel [id: 0x319b2b2a, L:/127.0.0.1:57916 - R:localhost/127.0.0.1:12552] for POST '/session/4b412abaaa142dba107076ada40334bd/timeouts'
2023-04-27 19:52:28 DEBUG HttpHandler:70 ? 

Request DefaultHttpRequest(decodeResult: success, version: HTTP/1.1)
POST /session/4b412abaaa142dba107076ada40334bd/timeouts HTTP/1.1
User-Agent: selenium/4.9.0 (java windows)
Content-Length: 23
Content-Type: application/json; charset=utf-8
host: localhost:12552
accept: */*

Response DefaultHttpResponse(decodeResult: success, version: HTTP/1.1)
HTTP/1.1 200 OK
Content-Length: 14
Content-Type: application/json; charset=utf-8
cache-control: no-cache

2023-04-27 19:52:28 DEBUG ChannelManager:270 ? Adding key: http://localhost:12552 for channel [id: 0x319b2b2a, L:/127.0.0.1:57916 - R:localhost/127.0.0.1:12552]
2023-04-27 19:52:29 DEBUG NettyRequestSender:593 ? Using pooled Channel '[id: 0x319b2b2a, L:/127.0.0.1:57916 - R:localhost/127.0.0.1:12552]' for 'POST' to 'http://localhost:12552/session/4b412abaaa142dba107076ada40334bd/url'
2023-04-27 19:52:29 DEBUG NettyRequestSender:251 ? Using open Channel [id: 0x319b2b2a, L:/127.0.0.1:57916 - R:localhost/127.0.0.1:12552] for POST '/session/4b412abaaa142dba107076ada40334bd/url'
2023-04-27 19:52:29 DEBUG DefaultChannelPool:348 ? Entry count for : http://localhost:57920 : 1
2023-04-27 19:52:30 DEBUG HttpHandler:70 ? 

Request DefaultHttpRequest(decodeResult: success, version: HTTP/1.1)
POST /session/4b412abaaa142dba107076ada40334bd/url HTTP/1.1
User-Agent: selenium/4.9.0 (java windows)
Content-Length: 67
Content-Type: application/json; charset=utf-8
host: localhost:12552
accept: */*

Response DefaultHttpResponse(decodeResult: success, version: HTTP/1.1)
HTTP/1.1 200 OK
Content-Length: 14
Content-Type: application/json; charset=utf-8
cache-control: no-cache

2023-04-27 19:52:30 DEBUG ChannelManager:270 ? Adding key: http://localhost:12552 for channel [id: 0x319b2b2a, L:/127.0.0.1:57916 - R:localhost/127.0.0.1:12552]
2023-04-27 19:52:30 DEBUG NettyRequestSender:593 ? Using pooled Channel '[id: 0x319b2b2a, L:/127.0.0.1:57916 - R:localhost/127.0.0.1:12552]' for 'POST' to 'http://localhost:12552/session/4b412abaaa142dba107076ada40334bd/element'
2023-04-27 19:52:30 DEBUG NettyRequestSender:251 ? Using open Channel [id: 0x319b2b2a, L:/127.0.0.1:57916 - R:localhost/127.0.0.1:12552] for POST '/session/4b412abaaa142dba107076ada40334bd/element'
2023-04-27 19:52:30 DEBUG HttpHandler:70 ? 

Request DefaultHttpRequest(decodeResult: success, version: HTTP/1.1)
POST /session/4b412abaaa142dba107076ada40334bd/element HTTP/1.1
User-Agent: selenium/4.9.0 (java windows)
Content-Length: 53
Content-Type: application/json; charset=utf-8
host: localhost:12552
accept: */*

Response DefaultHttpResponse(decodeResult: success, version: HTTP/1.1)
HTTP/1.1 200 OK
Content-Length: 88
Content-Type: application/json; charset=utf-8
cache-control: no-cache

2023-04-27 19:52:30 DEBUG ChannelManager:270 ? Adding key: http://localhost:12552 for channel [id: 0x319b2b2a, L:/127.0.0.1:57916 - R:localhost/127.0.0.1:12552]
2023-04-27 19:52:30 DEBUG NettyRequestSender:593 ? Using pooled Channel '[id: 0x319b2b2a, L:/127.0.0.1:57916 - R:localhost/127.0.0.1:12552]' for 'POST' to 'http://localhost:12552/session/4b412abaaa142dba107076ada40334bd/execute/sync'
2023-04-27 19:52:30 DEBUG NettyRequestSender:251 ? Using open Channel [id: 0x319b2b2a, L:/127.0.0.1:57916 - R:localhost/127.0.0.1:12552] for POST '/session/4b412abaaa142dba107076ada40334bd/execute/sync'
2023-04-27 19:52:30 DEBUG HttpHandler:70 ? 

Request DefaultHttpRequest(decodeResult: success, version: HTTP/1.1)
POST /session/4b412abaaa142dba107076ada40334bd/execute/sync HTTP/1.1
User-Agent: selenium/4.9.0 (java windows)
Content-Length: 48807
Content-Type: application/json; charset=utf-8
host: localhost:12552
accept: */*

Response DefaultHttpResponse(decodeResult: success, version: HTTP/1.1)
HTTP/1.1 200 OK
Content-Length: 14
Content-Type: application/json; charset=utf-8
cache-control: no-cache

2023-04-27 19:52:30 DEBUG ChannelManager:270 ? Adding key: http://localhost:12552 for channel [id: 0x319b2b2a, L:/127.0.0.1:57916 - R:localhost/127.0.0.1:12552]
2023-04-27 19:52:30 DEBUG NettyRequestSender:593 ? Using pooled Channel '[id: 0x319b2b2a, L:/127.0.0.1:57916 - R:localhost/127.0.0.1:12552]' for 'POST' to 'http://localhost:12552/session/4b412abaaa142dba107076ada40334bd/element'
2023-04-27 19:52:30 DEBUG NettyRequestSender:251 ? Using open Channel [id: 0x319b2b2a, L:/127.0.0.1:57916 - R:localhost/127.0.0.1:12552] for POST '/session/4b412abaaa142dba107076ada40334bd/element'
2023-04-27 19:52:30 DEBUG HttpHandler:70 ? 

Request DefaultHttpRequest(decodeResult: success, version: HTTP/1.1)
POST /session/4b412abaaa142dba107076ada40334bd/element HTTP/1.1
User-Agent: selenium/4.9.0 (java windows)
Content-Length: 54
Content-Type: application/json; charset=utf-8
host: localhost:12552
accept: */*

Response DefaultHttpResponse(decodeResult: success, version: HTTP/1.1)
HTTP/1.1 200 OK
Content-Length: 88
Content-Type: application/json; charset=utf-8
cache-control: no-cache

2023-04-27 19:52:30 DEBUG ChannelManager:270 ? Adding key: http://localhost:12552 for channel [id: 0x319b2b2a, L:/127.0.0.1:57916 - R:localhost/127.0.0.1:12552]
2023-04-27 19:52:30 DEBUG NettyRequestSender:593 ? Using pooled Channel '[id: 0x319b2b2a, L:/127.0.0.1:57916 - R:localhost/127.0.0.1:12552]' for 'POST' to 'http://localhost:12552/session/4b412abaaa142dba107076ada40334bd/execute/sync'
2023-04-27 19:52:30 DEBUG NettyRequestSender:251 ? Using open Channel [id: 0x319b2b2a, L:/127.0.0.1:57916 - R:localhost/127.0.0.1:12552] for POST '/session/4b412abaaa142dba107076ada40334bd/execute/sync'
2023-04-27 19:52:30 DEBUG HttpHandler:70 ? 

Request DefaultHttpRequest(decodeResult: success, version: HTTP/1.1)
POST /session/4b412abaaa142dba107076ada40334bd/execute/sync HTTP/1.1
User-Agent: selenium/4.9.0 (java windows)
Content-Length: 48807
Content-Type: application/json; charset=utf-8
host: localhost:12552
accept: */*

Response DefaultHttpResponse(decodeResult: success, version: HTTP/1.1)
HTTP/1.1 200 OK
Content-Length: 14
Content-Type: application/json; charset=utf-8
cache-control: no-cache

2023-04-27 19:52:30 DEBUG ChannelManager:270 ? Adding key: http://localhost:12552 for channel [id: 0x319b2b2a, L:/127.0.0.1:57916 - R:localhost/127.0.0.1:12552]
2023-04-27 19:52:30 DEBUG NettyRequestSender:593 ? Using pooled Channel '[id: 0x319b2b2a, L:/127.0.0.1:57916 - R:localhost/127.0.0.1:12552]' for 'POST' to 'http://localhost:12552/session/4b412abaaa142dba107076ada40334bd/element'
2023-04-27 19:52:30 DEBUG NettyRequestSender:251 ? Using open Channel [id: 0x319b2b2a, L:/127.0.0.1:57916 - R:localhost/127.0.0.1:12552] for POST '/session/4b412abaaa142dba107076ada40334bd/element'
2023-04-27 19:52:30 DEBUG HttpHandler:70 ? 

Request DefaultHttpRequest(decodeResult: success, version: HTTP/1.1)
POST /session/4b412abaaa142dba107076ada40334bd/element HTTP/1.1
User-Agent: selenium/4.9.0 (java windows)
Content-Length: 53
Content-Type: application/json; charset=utf-8
host: localhost:12552
accept: */*

Response DefaultHttpResponse(decodeResult: success, version: HTTP/1.1)
HTTP/1.1 200 OK
Content-Length: 88
Content-Type: application/json; charset=utf-8
cache-control: no-cache

2023-04-27 19:52:30 DEBUG ChannelManager:270 ? Adding key: http://localhost:12552 for channel [id: 0x319b2b2a, L:/127.0.0.1:57916 - R:localhost/127.0.0.1:12552]
2023-04-27 19:52:30 DEBUG NettyRequestSender:593 ? Using pooled Channel '[id: 0x319b2b2a, L:/127.0.0.1:57916 - R:localhost/127.0.0.1:12552]' for 'POST' to 'http://localhost:12552/session/4b412abaaa142dba107076ada40334bd/execute/sync'
2023-04-27 19:52:30 DEBUG NettyRequestSender:251 ? Using open Channel [id: 0x319b2b2a, L:/127.0.0.1:57916 - R:localhost/127.0.0.1:12552] for POST '/session/4b412abaaa142dba107076ada40334bd/execute/sync'
2023-04-27 19:52:30 DEBUG HttpHandler:70 ? 

Request DefaultHttpRequest(decodeResult: success, version: HTTP/1.1)
POST /session/4b412abaaa142dba107076ada40334bd/execute/sync HTTP/1.1
User-Agent: selenium/4.9.0 (java windows)
Content-Length: 48807
Content-Type: application/json; charset=utf-8
host: localhost:12552
accept: */*

Response DefaultHttpResponse(decodeResult: success, version: HTTP/1.1)
HTTP/1.1 200 OK
Content-Length: 14
Content-Type: application/json; charset=utf-8
cache-control: no-cache

2023-04-27 19:52:30 DEBUG ChannelManager:270 ? Adding key: http://localhost:12552 for channel [id: 0x319b2b2a, L:/127.0.0.1:57916 - R:localhost/127.0.0.1:12552]
2023-04-27 19:52:30 DEBUG NettyRequestSender:593 ? Using pooled Channel '[id: 0x319b2b2a, L:/127.0.0.1:57916 - R:localhost/127.0.0.1:12552]' for 'POST' to 'http://localhost:12552/session/4b412abaaa142dba107076ada40334bd/element'
2023-04-27 19:52:30 DEBUG NettyRequestSender:251 ? Using open Channel [id: 0x319b2b2a, L:/127.0.0.1:57916 - R:localhost/127.0.0.1:12552] for POST '/session/4b412abaaa142dba107076ada40334bd/element'
2023-04-27 19:52:30 DEBUG HttpHandler:70 ? 

Request DefaultHttpRequest(decodeResult: success, version: HTTP/1.1)
POST /session/4b412abaaa142dba107076ada40334bd/element HTTP/1.1
User-Agent: selenium/4.9.0 (java windows)
Content-Length: 53
Content-Type: application/json; charset=utf-8
host: localhost:12552
accept: */*

Response DefaultHttpResponse(decodeResult: success, version: HTTP/1.1)
HTTP/1.1 200 OK
Content-Length: 88
Content-Type: application/json; charset=utf-8
cache-control: no-cache

2023-04-27 19:52:30 DEBUG ChannelManager:270 ? Adding key: http://localhost:12552 for channel [id: 0x319b2b2a, L:/127.0.0.1:57916 - R:localhost/127.0.0.1:12552]
2023-04-27 19:52:30 DEBUG NettyRequestSender:593 ? Using pooled Channel '[id: 0x319b2b2a, L:/127.0.0.1:57916 - R:localhost/127.0.0.1:12552]' for 'POST' to 'http://localhost:12552/session/4b412abaaa142dba107076ada40334bd/execute/sync'
2023-04-27 19:52:30 DEBUG NettyRequestSender:251 ? Using open Channel [id: 0x319b2b2a, L:/127.0.0.1:57916 - R:localhost/127.0.0.1:12552] for POST '/session/4b412abaaa142dba107076ada40334bd/execute/sync'
2023-04-27 19:52:30 DEBUG HttpHandler:70 ? 

Request DefaultHttpRequest(decodeResult: success, version: HTTP/1.1)
POST /session/4b412abaaa142dba107076ada40334bd/execute/sync HTTP/1.1
User-Agent: selenium/4.9.0 (java windows)
Content-Length: 48807
Content-Type: application/json; charset=utf-8
host: localhost:12552
accept: */*

Response DefaultHttpResponse(decodeResult: success, version: HTTP/1.1)
HTTP/1.1 200 OK
Content-Length: 14
Content-Type: application/json; charset=utf-8
cache-control: no-cache

2023-04-27 19:52:30 DEBUG ChannelManager:270 ? Adding key: http://localhost:12552 for channel [id: 0x319b2b2a, L:/127.0.0.1:57916 - R:localhost/127.0.0.1:12552]
2023-04-27 19:52:30 DEBUG NettyRequestSender:593 ? Using pooled Channel '[id: 0x319b2b2a, L:/127.0.0.1:57916 - R:localhost/127.0.0.1:12552]' for 'POST' to 'http://localhost:12552/session/4b412abaaa142dba107076ada40334bd/element'
2023-04-27 19:52:30 DEBUG NettyRequestSender:251 ? Using open Channel [id: 0x319b2b2a, L:/127.0.0.1:57916 - R:localhost/127.0.0.1:12552] for POST '/session/4b412abaaa142dba107076ada40334bd/element'
2023-04-27 19:52:30 DEBUG HttpHandler:70 ? 

Request DefaultHttpRequest(decodeResult: success, version: HTTP/1.1)
POST /session/4b412abaaa142dba107076ada40334bd/element HTTP/1.1
User-Agent: selenium/4.9.0 (java windows)
Content-Length: 60
Content-Type: application/json; charset=utf-8
host: localhost:12552
accept: */*

Response DefaultHttpResponse(decodeResult: success, version: HTTP/1.1)
HTTP/1.1 200 OK
Content-Length: 88
Content-Type: application/json; charset=utf-8
cache-control: no-cache

2023-04-27 19:52:30 DEBUG ChannelManager:270 ? Adding key: http://localhost:12552 for channel [id: 0x319b2b2a, L:/127.0.0.1:57916 - R:localhost/127.0.0.1:12552]
2023-04-27 19:52:30 DEBUG NettyRequestSender:593 ? Using pooled Channel '[id: 0x319b2b2a, L:/127.0.0.1:57916 - R:localhost/127.0.0.1:12552]' for 'POST' to 'http://localhost:12552/session/4b412abaaa142dba107076ada40334bd/execute/sync'
2023-04-27 19:52:30 DEBUG NettyRequestSender:251 ? Using open Channel [id: 0x319b2b2a, L:/127.0.0.1:57916 - R:localhost/127.0.0.1:12552] for POST '/session/4b412abaaa142dba107076ada40334bd/execute/sync'
2023-04-27 19:52:30 DEBUG HttpHandler:70 ? 

Request DefaultHttpRequest(decodeResult: success, version: HTTP/1.1)
POST /session/4b412abaaa142dba107076ada40334bd/execute/sync HTTP/1.1
User-Agent: selenium/4.9.0 (java windows)
Content-Length: 48807
Content-Type: application/json; charset=utf-8
host: localhost:12552
accept: */*

Response DefaultHttpResponse(decodeResult: success, version: HTTP/1.1)
HTTP/1.1 200 OK
Content-Length: 14
Content-Type: application/json; charset=utf-8
cache-control: no-cache

2023-04-27 19:52:30 DEBUG ChannelManager:270 ? Adding key: http://localhost:12552 for channel [id: 0x319b2b2a, L:/127.0.0.1:57916 - R:localhost/127.0.0.1:12552]
2023-04-27 19:52:30 DEBUG NettyRequestSender:593 ? Using pooled Channel '[id: 0x319b2b2a, L:/127.0.0.1:57916 - R:localhost/127.0.0.1:12552]' for 'POST' to 'http://localhost:12552/session/4b412abaaa142dba107076ada40334bd/element'
2023-04-27 19:52:30 DEBUG NettyRequestSender:251 ? Using open Channel [id: 0x319b2b2a, L:/127.0.0.1:57916 - R:localhost/127.0.0.1:12552] for POST '/session/4b412abaaa142dba107076ada40334bd/element'
2023-04-27 19:52:30 DEBUG HttpHandler:70 ? 

Request DefaultHttpRequest(decodeResult: success, version: HTTP/1.1)
POST /session/4b412abaaa142dba107076ada40334bd/element HTTP/1.1
User-Agent: selenium/4.9.0 (java windows)
Content-Length: 53
Content-Type: application/json; charset=utf-8
host: localhost:12552
accept: */*

Response DefaultHttpResponse(decodeResult: success, version: HTTP/1.1)
HTTP/1.1 200 OK
Content-Length: 88
Content-Type: application/json; charset=utf-8
cache-control: no-cache

2023-04-27 19:52:30 DEBUG ChannelManager:270 ? Adding key: http://localhost:12552 for channel [id: 0x319b2b2a, L:/127.0.0.1:57916 - R:localhost/127.0.0.1:12552]
2023-04-27 19:52:30 DEBUG NettyRequestSender:593 ? Using pooled Channel '[id: 0x319b2b2a, L:/127.0.0.1:57916 - R:localhost/127.0.0.1:12552]' for 'POST' to 'http://localhost:12552/session/4b412abaaa142dba107076ada40334bd/actions'
2023-04-27 19:52:30 DEBUG NettyRequestSender:251 ? Using open Channel [id: 0x319b2b2a, L:/127.0.0.1:57916 - R:localhost/127.0.0.1:12552] for POST '/session/4b412abaaa142dba107076ada40334bd/actions'
2023-04-27 19:52:30 DEBUG HttpHandler:70 ? 

Request DefaultHttpRequest(decodeResult: success, version: HTTP/1.1)
POST /session/4b412abaaa142dba107076ada40334bd/actions HTTP/1.1
User-Agent: selenium/4.9.0 (java windows)
Content-Length: 3755
Content-Type: application/json; charset=utf-8
host: localhost:12552
accept: */*

Response DefaultHttpResponse(decodeResult: success, version: HTTP/1.1)
HTTP/1.1 200 OK
Content-Length: 14
Content-Type: application/json; charset=utf-8
cache-control: no-cache

2023-04-27 19:52:30 DEBUG ChannelManager:270 ? Adding key: http://localhost:12552 for channel [id: 0x319b2b2a, L:/127.0.0.1:57916 - R:localhost/127.0.0.1:12552]
2023-04-27 19:52:30 DEBUG NettyRequestSender:593 ? Using pooled Channel '[id: 0x319b2b2a, L:/127.0.0.1:57916 - R:localhost/127.0.0.1:12552]' for 'POST' to 'http://localhost:12552/session/4b412abaaa142dba107076ada40334bd/element'
2023-04-27 19:52:30 DEBUG NettyRequestSender:251 ? Using open Channel [id: 0x319b2b2a, L:/127.0.0.1:57916 - R:localhost/127.0.0.1:12552] for POST '/session/4b412abaaa142dba107076ada40334bd/element'
2023-04-27 19:52:30 DEBUG HttpHandler:70 ? 

Request DefaultHttpRequest(decodeResult: success, version: HTTP/1.1)
POST /session/4b412abaaa142dba107076ada40334bd/element HTTP/1.1
User-Agent: selenium/4.9.0 (java windows)
Content-Length: 54
Content-Type: application/json; charset=utf-8
host: localhost:12552
accept: */*

Response DefaultHttpResponse(decodeResult: success, version: HTTP/1.1)
HTTP/1.1 200 OK
Content-Length: 88
Content-Type: application/json; charset=utf-8
cache-control: no-cache

2023-04-27 19:52:30 DEBUG ChannelManager:270 ? Adding key: http://localhost:12552 for channel [id: 0x319b2b2a, L:/127.0.0.1:57916 - R:localhost/127.0.0.1:12552]
2023-04-27 19:52:30 DEBUG NettyRequestSender:593 ? Using pooled Channel '[id: 0x319b2b2a, L:/127.0.0.1:57916 - R:localhost/127.0.0.1:12552]' for 'POST' to 'http://localhost:12552/session/4b412abaaa142dba107076ada40334bd/actions'
2023-04-27 19:52:30 DEBUG NettyRequestSender:251 ? Using open Channel [id: 0x319b2b2a, L:/127.0.0.1:57916 - R:localhost/127.0.0.1:12552] for POST '/session/4b412abaaa142dba107076ada40334bd/actions'
2023-04-27 19:52:30 DEBUG DefaultChannelPool:348 ? Entry count for : http://localhost:57920 : 1
2023-04-27 19:52:30 DEBUG HttpHandler:70 ? 

Request DefaultHttpRequest(decodeResult: success, version: HTTP/1.1)
POST /session/4b412abaaa142dba107076ada40334bd/actions HTTP/1.1
User-Agent: selenium/4.9.0 (java windows)
Content-Length: 3755
Content-Type: application/json; charset=utf-8
host: localhost:12552
accept: */*

Response DefaultHttpResponse(decodeResult: success, version: HTTP/1.1)
HTTP/1.1 200 OK
Content-Length: 14
Content-Type: application/json; charset=utf-8
cache-control: no-cache

2023-04-27 19:52:30 DEBUG ChannelManager:270 ? Adding key: http://localhost:12552 for channel [id: 0x319b2b2a, L:/127.0.0.1:57916 - R:localhost/127.0.0.1:12552]
2023-04-27 19:52:30 DEBUG NettyRequestSender:593 ? Using pooled Channel '[id: 0x319b2b2a, L:/127.0.0.1:57916 - R:localhost/127.0.0.1:12552]' for 'POST' to 'http://localhost:12552/session/4b412abaaa142dba107076ada40334bd/element'
2023-04-27 19:52:30 DEBUG NettyRequestSender:251 ? Using open Channel [id: 0x319b2b2a, L:/127.0.0.1:57916 - R:localhost/127.0.0.1:12552] for POST '/session/4b412abaaa142dba107076ada40334bd/element'
2023-04-27 19:52:30 DEBUG HttpHandler:70 ? 

Request DefaultHttpRequest(decodeResult: success, version: HTTP/1.1)
POST /session/4b412abaaa142dba107076ada40334bd/element HTTP/1.1
User-Agent: selenium/4.9.0 (java windows)
Content-Length: 53
Content-Type: application/json; charset=utf-8
host: localhost:12552
accept: */*

Response DefaultHttpResponse(decodeResult: success, version: HTTP/1.1)
HTTP/1.1 200 OK
Content-Length: 88
Content-Type: application/json; charset=utf-8
cache-control: no-cache

2023-04-27 19:52:30 DEBUG ChannelManager:270 ? Adding key: http://localhost:12552 for channel [id: 0x319b2b2a, L:/127.0.0.1:57916 - R:localhost/127.0.0.1:12552]
2023-04-27 19:52:30 DEBUG NettyRequestSender:593 ? Using pooled Channel '[id: 0x319b2b2a, L:/127.0.0.1:57916 - R:localhost/127.0.0.1:12552]' for 'POST' to 'http://localhost:12552/session/4b412abaaa142dba107076ada40334bd/actions'
2023-04-27 19:52:30 DEBUG NettyRequestSender:251 ? Using open Channel [id: 0x319b2b2a, L:/127.0.0.1:57916 - R:localhost/127.0.0.1:12552] for POST '/session/4b412abaaa142dba107076ada40334bd/actions'
2023-04-27 19:52:31 DEBUG HttpHandler:70 ? 

Request DefaultHttpRequest(decodeResult: success, version: HTTP/1.1)
POST /session/4b412abaaa142dba107076ada40334bd/actions HTTP/1.1
User-Agent: selenium/4.9.0 (java windows)
Content-Length: 3755
Content-Type: application/json; charset=utf-8
host: localhost:12552
accept: */*

Response DefaultHttpResponse(decodeResult: success, version: HTTP/1.1)
HTTP/1.1 200 OK
Content-Length: 14
Content-Type: application/json; charset=utf-8
cache-control: no-cache

2023-04-27 19:52:31 DEBUG ChannelManager:270 ? Adding key: http://localhost:12552 for channel [id: 0x319b2b2a, L:/127.0.0.1:57916 - R:localhost/127.0.0.1:12552]
2023-04-27 19:52:31 DEBUG NettyRequestSender:593 ? Using pooled Channel '[id: 0x319b2b2a, L:/127.0.0.1:57916 - R:localhost/127.0.0.1:12552]' for 'POST' to 'http://localhost:12552/session/4b412abaaa142dba107076ada40334bd/element'
2023-04-27 19:52:31 DEBUG NettyRequestSender:251 ? Using open Channel [id: 0x319b2b2a, L:/127.0.0.1:57916 - R:localhost/127.0.0.1:12552] for POST '/session/4b412abaaa142dba107076ada40334bd/element'
2023-04-27 19:52:31 DEBUG HttpHandler:70 ? 

Request DefaultHttpRequest(decodeResult: success, version: HTTP/1.1)
POST /session/4b412abaaa142dba107076ada40334bd/element HTTP/1.1
User-Agent: selenium/4.9.0 (java windows)
Content-Length: 53
Content-Type: application/json; charset=utf-8
host: localhost:12552
accept: */*

Response DefaultHttpResponse(decodeResult: success, version: HTTP/1.1)
HTTP/1.1 200 OK
Content-Length: 88
Content-Type: application/json; charset=utf-8
cache-control: no-cache

2023-04-27 19:52:31 DEBUG ChannelManager:270 ? Adding key: http://localhost:12552 for channel [id: 0x319b2b2a, L:/127.0.0.1:57916 - R:localhost/127.0.0.1:12552]
2023-04-27 19:52:31 DEBUG NettyRequestSender:593 ? Using pooled Channel '[id: 0x319b2b2a, L:/127.0.0.1:57916 - R:localhost/127.0.0.1:12552]' for 'POST' to 'http://localhost:12552/session/4b412abaaa142dba107076ada40334bd/actions'
2023-04-27 19:52:31 DEBUG NettyRequestSender:251 ? Using open Channel [id: 0x319b2b2a, L:/127.0.0.1:57916 - R:localhost/127.0.0.1:12552] for POST '/session/4b412abaaa142dba107076ada40334bd/actions'
2023-04-27 19:52:31 DEBUG HttpHandler:70 ? 

Request DefaultHttpRequest(decodeResult: success, version: HTTP/1.1)
POST /session/4b412abaaa142dba107076ada40334bd/actions HTTP/1.1
User-Agent: selenium/4.9.0 (java windows)
Content-Length: 3755
Content-Type: application/json; charset=utf-8
host: localhost:12552
accept: */*

Response DefaultHttpResponse(decodeResult: success, version: HTTP/1.1)
HTTP/1.1 200 OK
Content-Length: 14
Content-Type: application/json; charset=utf-8
cache-control: no-cache

2023-04-27 19:52:31 DEBUG ChannelManager:270 ? Adding key: http://localhost:12552 for channel [id: 0x319b2b2a, L:/127.0.0.1:57916 - R:localhost/127.0.0.1:12552]
2023-04-27 19:52:31 DEBUG NettyRequestSender:593 ? Using pooled Channel '[id: 0x319b2b2a, L:/127.0.0.1:57916 - R:localhost/127.0.0.1:12552]' for 'POST' to 'http://localhost:12552/session/4b412abaaa142dba107076ada40334bd/element'
2023-04-27 19:52:31 DEBUG NettyRequestSender:251 ? Using open Channel [id: 0x319b2b2a, L:/127.0.0.1:57916 - R:localhost/127.0.0.1:12552] for POST '/session/4b412abaaa142dba107076ada40334bd/element'
2023-04-27 19:52:31 DEBUG HttpHandler:70 ? 

Request DefaultHttpRequest(decodeResult: success, version: HTTP/1.1)
POST /session/4b412abaaa142dba107076ada40334bd/element HTTP/1.1
User-Agent: selenium/4.9.0 (java windows)
Content-Length: 60
Content-Type: application/json; charset=utf-8
host: localhost:12552
accept: */*

Response DefaultHttpResponse(decodeResult: success, version: HTTP/1.1)
HTTP/1.1 200 OK
Content-Length: 88
Content-Type: application/json; charset=utf-8
cache-control: no-cache

2023-04-27 19:52:31 DEBUG ChannelManager:270 ? Adding key: http://localhost:12552 for channel [id: 0x319b2b2a, L:/127.0.0.1:57916 - R:localhost/127.0.0.1:12552]
2023-04-27 19:52:31 DEBUG NettyRequestSender:593 ? Using pooled Channel '[id: 0x319b2b2a, L:/127.0.0.1:57916 - R:localhost/127.0.0.1:12552]' for 'POST' to 'http://localhost:12552/session/4b412abaaa142dba107076ada40334bd/actions'
2023-04-27 19:52:31 DEBUG NettyRequestSender:251 ? Using open Channel [id: 0x319b2b2a, L:/127.0.0.1:57916 - R:localhost/127.0.0.1:12552] for POST '/session/4b412abaaa142dba107076ada40334bd/actions'
2023-04-27 19:52:31 DEBUG HttpHandler:70 ? 

Request DefaultHttpRequest(decodeResult: success, version: HTTP/1.1)
POST /session/4b412abaaa142dba107076ada40334bd/actions HTTP/1.1
User-Agent: selenium/4.9.0 (java windows)
Content-Length: 3755
Content-Type: application/json; charset=utf-8
host: localhost:12552
accept: */*

Response DefaultHttpResponse(decodeResult: success, version: HTTP/1.1)
HTTP/1.1 200 OK
Content-Length: 14
Content-Type: application/json; charset=utf-8
cache-control: no-cache

2023-04-27 19:52:31 DEBUG ChannelManager:270 ? Adding key: http://localhost:12552 for channel [id: 0x319b2b2a, L:/127.0.0.1:57916 - R:localhost/127.0.0.1:12552]
2023-04-27 19:52:31 DEBUG NettyRequestSender:593 ? Using pooled Channel '[id: 0x319b2b2a, L:/127.0.0.1:57916 - R:localhost/127.0.0.1:12552]' for 'POST' to 'http://localhost:12552/session/4b412abaaa142dba107076ada40334bd/element'
2023-04-27 19:52:31 DEBUG NettyRequestSender:251 ? Using open Channel [id: 0x319b2b2a, L:/127.0.0.1:57916 - R:localhost/127.0.0.1:12552] for POST '/session/4b412abaaa142dba107076ada40334bd/element'
2023-04-27 19:52:31 DEBUG HttpHandler:70 ? 

Request DefaultHttpRequest(decodeResult: success, version: HTTP/1.1)
POST /session/4b412abaaa142dba107076ada40334bd/element HTTP/1.1
User-Agent: selenium/4.9.0 (java windows)
Content-Length: 74
Content-Type: application/json; charset=utf-8
host: localhost:12552
accept: */*

Response DefaultHttpResponse(decodeResult: success, version: HTTP/1.1)
HTTP/1.1 200 OK
Content-Length: 88
Content-Type: application/json; charset=utf-8
cache-control: no-cache

2023-04-27 19:52:31 DEBUG ChannelManager:270 ? Adding key: http://localhost:12552 for channel [id: 0x319b2b2a, L:/127.0.0.1:57916 - R:localhost/127.0.0.1:12552]
2023-04-27 19:52:31 DEBUG NettyRequestSender:593 ? Using pooled Channel '[id: 0x319b2b2a, L:/127.0.0.1:57916 - R:localhost/127.0.0.1:12552]' for 'POST' to 'http://localhost:12552/session/4b412abaaa142dba107076ada40334bd/actions'
2023-04-27 19:52:31 DEBUG NettyRequestSender:251 ? Using open Channel [id: 0x319b2b2a, L:/127.0.0.1:57916 - R:localhost/127.0.0.1:12552] for POST '/session/4b412abaaa142dba107076ada40334bd/actions'
2023-04-27 19:52:31 DEBUG HttpHandler:70 ? 

Request DefaultHttpRequest(decodeResult: success, version: HTTP/1.1)
POST /session/4b412abaaa142dba107076ada40334bd/actions HTTP/1.1
User-Agent: selenium/4.9.0 (java windows)
Content-Length: 567
Content-Type: application/json; charset=utf-8
host: localhost:12552
accept: */*

Response DefaultHttpResponse(decodeResult: success, version: HTTP/1.1)
HTTP/1.1 200 OK
Content-Length: 14
Content-Type: application/json; charset=utf-8
cache-control: no-cache

2023-04-27 19:52:31 DEBUG ChannelManager:270 ? Adding key: http://localhost:12552 for channel [id: 0x319b2b2a, L:/127.0.0.1:57916 - R:localhost/127.0.0.1:12552]
2023-04-27 19:52:31 DEBUG NettyRequestSender:593 ? Using pooled Channel '[id: 0x319b2b2a, L:/127.0.0.1:57916 - R:localhost/127.0.0.1:12552]' for 'POST' to 'http://localhost:12552/session/4b412abaaa142dba107076ada40334bd/element'
2023-04-27 19:52:31 DEBUG NettyRequestSender:251 ? Using open Channel [id: 0x319b2b2a, L:/127.0.0.1:57916 - R:localhost/127.0.0.1:12552] for POST '/session/4b412abaaa142dba107076ada40334bd/element'
2023-04-27 19:52:31 DEBUG DefaultChannelPool:348 ? Entry count for : http://localhost:57920 : 1
2023-04-27 19:52:32 DEBUG HttpHandler:70 ? 

Request DefaultHttpRequest(decodeResult: success, version: HTTP/1.1)
POST /session/4b412abaaa142dba107076ada40334bd/element HTTP/1.1
User-Agent: selenium/4.9.0 (java windows)
Content-Length: 109
Content-Type: application/json; charset=utf-8
host: localhost:12552
accept: */*

Response DefaultHttpResponse(decodeResult: success, version: HTTP/1.1)
HTTP/1.1 200 OK
Content-Length: 88
Content-Type: application/json; charset=utf-8
cache-control: no-cache

2023-04-27 19:52:32 DEBUG ChannelManager:270 ? Adding key: http://localhost:12552 for channel [id: 0x319b2b2a, L:/127.0.0.1:57916 - R:localhost/127.0.0.1:12552]
2023-04-27 19:52:32 DEBUG NettyRequestSender:593 ? Using pooled Channel '[id: 0x319b2b2a, L:/127.0.0.1:57916 - R:localhost/127.0.0.1:12552]' for 'GET' to 'http://localhost:12552/session/4b412abaaa142dba107076ada40334bd/element/18a6e9c8-2cd8-44f9-bb17-bf5b38b5cde0/text'
2023-04-27 19:52:32 DEBUG NettyRequestSender:251 ? Using open Channel [id: 0x319b2b2a, L:/127.0.0.1:57916 - R:localhost/127.0.0.1:12552] for GET '/session/4b412abaaa142dba107076ada40334bd/element/18a6e9c8-2cd8-44f9-bb17-bf5b38b5cde0/text'
2023-04-27 19:52:32 DEBUG HttpHandler:70 ? 

Request DefaultFullHttpRequest(decodeResult: success, version: HTTP/1.1, content: EmptyByteBufBE)
GET /session/4b412abaaa142dba107076ada40334bd/element/18a6e9c8-2cd8-44f9-bb17-bf5b38b5cde0/text HTTP/1.1
User-Agent: selenium/4.9.0 (java windows)
Cache-Control: no-cache
Content-Type: application/json; charset=utf-8
host: localhost:12552
accept: */*

Response DefaultHttpResponse(decodeResult: success, version: HTTP/1.1)
HTTP/1.1 200 OK
Content-Length: 38
Content-Type: application/json; charset=utf-8
cache-control: no-cache

2023-04-27 19:52:32 DEBUG ChannelManager:270 ? Adding key: http://localhost:12552 for channel [id: 0x319b2b2a, L:/127.0.0.1:57916 - R:localhost/127.0.0.1:12552]
2023-04-27 19:52:32 DEBUG NettyRequestSender:593 ? Using pooled Channel '[id: 0x319b2b2a, L:/127.0.0.1:57916 - R:localhost/127.0.0.1:12552]' for 'POST' to 'http://localhost:12552/session/4b412abaaa142dba107076ada40334bd/url'
2023-04-27 19:52:32 DEBUG NettyRequestSender:251 ? Using open Channel [id: 0x319b2b2a, L:/127.0.0.1:57916 - R:localhost/127.0.0.1:12552] for POST '/session/4b412abaaa142dba107076ada40334bd/url'
2023-04-27 19:52:32 DEBUG HttpHandler:70 ? 

Request DefaultHttpRequest(decodeResult: success, version: HTTP/1.1)
POST /session/4b412abaaa142dba107076ada40334bd/url HTTP/1.1
User-Agent: selenium/4.9.0 (java windows)
Content-Length: 59
Content-Type: application/json; charset=utf-8
host: localhost:12552
accept: */*

Response DefaultHttpResponse(decodeResult: success, version: HTTP/1.1)
HTTP/1.1 200 OK
Content-Length: 14
Content-Type: application/json; charset=utf-8
cache-control: no-cache

2023-04-27 19:52:32 DEBUG ChannelManager:270 ? Adding key: http://localhost:12552 for channel [id: 0x319b2b2a, L:/127.0.0.1:57916 - R:localhost/127.0.0.1:12552]
2023-04-27 19:52:32 DEBUG NettyRequestSender:593 ? Using pooled Channel '[id: 0x319b2b2a, L:/127.0.0.1:57916 - R:localhost/127.0.0.1:12552]' for 'POST' to 'http://localhost:12552/session/4b412abaaa142dba107076ada40334bd/element'
2023-04-27 19:52:32 DEBUG NettyRequestSender:251 ? Using open Channel [id: 0x319b2b2a, L:/127.0.0.1:57916 - R:localhost/127.0.0.1:12552] for POST '/session/4b412abaaa142dba107076ada40334bd/element'
2023-04-27 19:52:32 DEBUG HttpHandler:70 ? 

Request DefaultHttpRequest(decodeResult: success, version: HTTP/1.1)
POST /session/4b412abaaa142dba107076ada40334bd/element HTTP/1.1
User-Agent: selenium/4.9.0 (java windows)
Content-Length: 72
Content-Type: application/json; charset=utf-8
host: localhost:12552
accept: */*

Response DefaultHttpResponse(decodeResult: success, version: HTTP/1.1)
HTTP/1.1 200 OK
Content-Length: 88
Content-Type: application/json; charset=utf-8
cache-control: no-cache

2023-04-27 19:52:32 DEBUG ChannelManager:270 ? Adding key: http://localhost:12552 for channel [id: 0x319b2b2a, L:/127.0.0.1:57916 - R:localhost/127.0.0.1:12552]
2023-04-27 19:52:32 DEBUG NettyRequestSender:593 ? Using pooled Channel '[id: 0x319b2b2a, L:/127.0.0.1:57916 - R:localhost/127.0.0.1:12552]' for 'POST' to 'http://localhost:12552/session/4b412abaaa142dba107076ada40334bd/execute/sync'
2023-04-27 19:52:32 DEBUG NettyRequestSender:251 ? Using open Channel [id: 0x319b2b2a, L:/127.0.0.1:57916 - R:localhost/127.0.0.1:12552] for POST '/session/4b412abaaa142dba107076ada40334bd/execute/sync'
2023-04-27 19:52:32 DEBUG HttpHandler:70 ? 

Request DefaultHttpRequest(decodeResult: success, version: HTTP/1.1)
POST /session/4b412abaaa142dba107076ada40334bd/execute/sync HTTP/1.1
User-Agent: selenium/4.9.0 (java windows)
Content-Length: 48807
Content-Type: application/json; charset=utf-8
host: localhost:12552
accept: */*

Response DefaultHttpResponse(decodeResult: success, version: HTTP/1.1)
HTTP/1.1 200 OK
Content-Length: 14
Content-Type: application/json; charset=utf-8
cache-control: no-cache

2023-04-27 19:52:32 DEBUG ChannelManager:270 ? Adding key: http://localhost:12552 for channel [id: 0x319b2b2a, L:/127.0.0.1:57916 - R:localhost/127.0.0.1:12552]
2023-04-27 19:52:32 DEBUG NettyRequestSender:593 ? Using pooled Channel '[id: 0x319b2b2a, L:/127.0.0.1:57916 - R:localhost/127.0.0.1:12552]' for 'POST' to 'http://localhost:12552/session/4b412abaaa142dba107076ada40334bd/element'
2023-04-27 19:52:32 DEBUG NettyRequestSender:251 ? Using open Channel [id: 0x319b2b2a, L:/127.0.0.1:57916 - R:localhost/127.0.0.1:12552] for POST '/session/4b412abaaa142dba107076ada40334bd/element'
2023-04-27 19:52:32 DEBUG HttpHandler:70 ? 

Request DefaultHttpRequest(decodeResult: success, version: HTTP/1.1)
POST /session/4b412abaaa142dba107076ada40334bd/element HTTP/1.1
User-Agent: selenium/4.9.0 (java windows)
Content-Length: 69
Content-Type: application/json; charset=utf-8
host: localhost:12552
accept: */*

Response DefaultHttpResponse(decodeResult: success, version: HTTP/1.1)
HTTP/1.1 200 OK
Content-Length: 88
Content-Type: application/json; charset=utf-8
cache-control: no-cache

2023-04-27 19:52:32 DEBUG ChannelManager:270 ? Adding key: http://localhost:12552 for channel [id: 0x319b2b2a, L:/127.0.0.1:57916 - R:localhost/127.0.0.1:12552]
2023-04-27 19:52:32 DEBUG NettyRequestSender:593 ? Using pooled Channel '[id: 0x319b2b2a, L:/127.0.0.1:57916 - R:localhost/127.0.0.1:12552]' for 'POST' to 'http://localhost:12552/session/4b412abaaa142dba107076ada40334bd/execute/sync'
2023-04-27 19:52:32 DEBUG NettyRequestSender:251 ? Using open Channel [id: 0x319b2b2a, L:/127.0.0.1:57916 - R:localhost/127.0.0.1:12552] for POST '/session/4b412abaaa142dba107076ada40334bd/execute/sync'
2023-04-27 19:52:32 DEBUG HttpHandler:70 ? 

Request DefaultHttpRequest(decodeResult: success, version: HTTP/1.1)
POST /session/4b412abaaa142dba107076ada40334bd/execute/sync HTTP/1.1
User-Agent: selenium/4.9.0 (java windows)
Content-Length: 48807
Content-Type: application/json; charset=utf-8
host: localhost:12552
accept: */*

Response DefaultHttpResponse(decodeResult: success, version: HTTP/1.1)
HTTP/1.1 200 OK
Content-Length: 14
Content-Type: application/json; charset=utf-8
cache-control: no-cache

2023-04-27 19:52:32 DEBUG ChannelManager:270 ? Adding key: http://localhost:12552 for channel [id: 0x319b2b2a, L:/127.0.0.1:57916 - R:localhost/127.0.0.1:12552]
2023-04-27 19:52:32 DEBUG NettyRequestSender:593 ? Using pooled Channel '[id: 0x319b2b2a, L:/127.0.0.1:57916 - R:localhost/127.0.0.1:12552]' for 'POST' to 'http://localhost:12552/session/4b412abaaa142dba107076ada40334bd/element'
2023-04-27 19:52:32 DEBUG NettyRequestSender:251 ? Using open Channel [id: 0x319b2b2a, L:/127.0.0.1:57916 - R:localhost/127.0.0.1:12552] for POST '/session/4b412abaaa142dba107076ada40334bd/element'
2023-04-27 19:52:32 DEBUG HttpHandler:70 ? 

Request DefaultHttpRequest(decodeResult: success, version: HTTP/1.1)
POST /session/4b412abaaa142dba107076ada40334bd/element HTTP/1.1
User-Agent: selenium/4.9.0 (java windows)
Content-Length: 71
Content-Type: application/json; charset=utf-8
host: localhost:12552
accept: */*

Response DefaultHttpResponse(decodeResult: success, version: HTTP/1.1)
HTTP/1.1 200 OK
Content-Length: 88
Content-Type: application/json; charset=utf-8
cache-control: no-cache

2023-04-27 19:52:32 DEBUG ChannelManager:270 ? Adding key: http://localhost:12552 for channel [id: 0x319b2b2a, L:/127.0.0.1:57916 - R:localhost/127.0.0.1:12552]
2023-04-27 19:52:32 DEBUG NettyRequestSender:593 ? Using pooled Channel '[id: 0x319b2b2a, L:/127.0.0.1:57916 - R:localhost/127.0.0.1:12552]' for 'POST' to 'http://localhost:12552/session/4b412abaaa142dba107076ada40334bd/execute/sync'
2023-04-27 19:52:32 DEBUG NettyRequestSender:251 ? Using open Channel [id: 0x319b2b2a, L:/127.0.0.1:57916 - R:localhost/127.0.0.1:12552] for POST '/session/4b412abaaa142dba107076ada40334bd/execute/sync'
2023-04-27 19:52:32 DEBUG HttpHandler:70 ? 

Request DefaultHttpRequest(decodeResult: success, version: HTTP/1.1)
POST /session/4b412abaaa142dba107076ada40334bd/execute/sync HTTP/1.1
User-Agent: selenium/4.9.0 (java windows)
Content-Length: 48807
Content-Type: application/json; charset=utf-8
host: localhost:12552
accept: */*

Response DefaultHttpResponse(decodeResult: success, version: HTTP/1.1)
HTTP/1.1 200 OK
Content-Length: 14
Content-Type: application/json; charset=utf-8
cache-control: no-cache

2023-04-27 19:52:32 DEBUG ChannelManager:270 ? Adding key: http://localhost:12552 for channel [id: 0x319b2b2a, L:/127.0.0.1:57916 - R:localhost/127.0.0.1:12552]
2023-04-27 19:54:16 DEBUG InternalLoggerFactory:63 ? Using SLF4J as the default logging framework
2023-04-27 19:54:16 DEBUG ResourceLeakDetector:129 ? -Dio.netty.leakDetection.level: simple
2023-04-27 19:54:16 DEBUG ResourceLeakDetector:130 ? -Dio.netty.leakDetection.targetRecords: 4
2023-04-27 19:54:16 DEBUG ResourceLeakDetectorFactory:196 ? Loaded default ResourceLeakDetector: io.netty.util.ResourceLeakDetector@5bda80bf
2023-04-27 19:54:16 DEBUG PlatformDependent0:496 ? -Dio.netty.noUnsafe: false
2023-04-27 19:54:16 DEBUG PlatformDependent0:1000 ? Java version: 19
2023-04-27 19:54:16 DEBUG PlatformDependent0:137 ? sun.misc.Unsafe.theUnsafe: available
2023-04-27 19:54:16 DEBUG PlatformDependent0:161 ? sun.misc.Unsafe.copyMemory: available
2023-04-27 19:54:16 DEBUG PlatformDependent0:193 ? sun.misc.Unsafe.storeFence: available
2023-04-27 19:54:16 DEBUG PlatformDependent0:236 ? java.nio.Buffer.address: available
2023-04-27 19:54:16 DEBUG PlatformDependent0:320 ? direct buffer constructor: unavailable: Reflective setAccessible(true) disabled
2023-04-27 19:54:16 DEBUG PlatformDependent0:385 ? java.nio.Bits.unaligned: available, true
2023-04-27 19:54:16 DEBUG PlatformDependent0:452 ? jdk.internal.misc.Unsafe.allocateUninitializedArray(int): unavailable: class io.netty.util.internal.PlatformDependent0$7 cannot access class jdk.internal.misc.Unsafe (in module java.base) because module java.base does not export jdk.internal.misc to unnamed module @5679c6c6
2023-04-27 19:54:16 DEBUG PlatformDependent0:482 ? java.nio.DirectByteBuffer.<init>(long, int): unavailable
2023-04-27 19:54:16 DEBUG PlatformDependent:1159 ? sun.misc.Unsafe: available
2023-04-27 19:54:16 DEBUG PlatformDependent:1270 ? maxDirectMemory: 5339348992 bytes (maybe)
2023-04-27 19:54:16 DEBUG PlatformDependent:1289 ? -Dio.netty.tmpdir: C:\Users\rohit\AppData\Local\Temp (java.io.tmpdir)
2023-04-27 19:54:16 DEBUG PlatformDependent:1368 ? -Dio.netty.bitMode: 64 (sun.arch.data.model)
2023-04-27 19:54:16 DEBUG PlatformDependent:1119 ? Platform: Windows
2023-04-27 19:54:16 DEBUG PlatformDependent:178 ? -Dio.netty.maxDirectMemory: -1 bytes
2023-04-27 19:54:16 DEBUG PlatformDependent:185 ? -Dio.netty.uninitializedArrayAllocationThreshold: -1
2023-04-27 19:54:16 DEBUG CleanerJava9:71 ? java.nio.ByteBuffer.cleaner(): available
2023-04-27 19:54:16 DEBUG PlatformDependent:205 ? -Dio.netty.noPreferDirect: false
2023-04-27 19:54:16 DEBUG PlatformDependent:1010 ? org.jctools-core.MpscChunkedArrayQueue: available
2023-04-27 19:54:16 DEBUG InternalThreadLocalMap:100 ? -Dio.netty.threadLocalMap.stringBuilder.initialSize: 1024
2023-04-27 19:54:16 DEBUG InternalThreadLocalMap:101 ? -Dio.netty.threadLocalMap.stringBuilder.maxSize: 4096
2023-04-27 19:54:16 DEBUG JdkSslContext:83 ? Default protocols (JDK): [TLSv1.3, TLSv1.2] 
2023-04-27 19:54:16 DEBUG JdkSslContext:84 ? Default cipher suites (JDK): [TLS_ECDHE_ECDSA_WITH_AES_256_GCM_SHA384, TLS_ECDHE_ECDSA_WITH_AES_128_GCM_SHA256, TLS_ECDHE_RSA_WITH_AES_128_GCM_SHA256, TLS_ECDHE_RSA_WITH_AES_256_GCM_SHA384, TLS_ECDHE_RSA_WITH_AES_128_CBC_SHA, TLS_ECDHE_RSA_WITH_AES_256_CBC_SHA, TLS_RSA_WITH_AES_128_GCM_SHA256, TLS_RSA_WITH_AES_128_CBC_SHA, TLS_RSA_WITH_AES_256_CBC_SHA, TLS_AES_128_GCM_SHA256, TLS_AES_256_GCM_SHA384]
2023-04-27 19:54:16 DEBUG GlobalEventExecutor:53 ? -Dio.netty.globalEventExecutor.quietPeriodSeconds: 1
2023-04-27 19:54:16 DEBUG MultithreadEventLoopGroup:44 ? -Dio.netty.eventLoopThreads: 16
2023-04-27 19:54:16 DEBUG NioEventLoop:110 ? -Dio.netty.noKeySetOptimization: false
2023-04-27 19:54:16 DEBUG NioEventLoop:111 ? -Dio.netty.selectorAutoRebuildThreshold: 512
2023-04-27 19:54:16 DEBUG PooledByteBufAllocator:157 ? -Dio.netty.allocator.numHeapArenas: 16
2023-04-27 19:54:16 DEBUG PooledByteBufAllocator:158 ? -Dio.netty.allocator.numDirectArenas: 16
2023-04-27 19:54:16 DEBUG PooledByteBufAllocator:160 ? -Dio.netty.allocator.pageSize: 8192
2023-04-27 19:54:16 DEBUG PooledByteBufAllocator:165 ? -Dio.netty.allocator.maxOrder: 9
2023-04-27 19:54:16 DEBUG PooledByteBufAllocator:169 ? -Dio.netty.allocator.chunkSize: 4194304
2023-04-27 19:54:16 DEBUG PooledByteBufAllocator:170 ? -Dio.netty.allocator.smallCacheSize: 256
2023-04-27 19:54:16 DEBUG PooledByteBufAllocator:171 ? -Dio.netty.allocator.normalCacheSize: 64
2023-04-27 19:54:16 DEBUG PooledByteBufAllocator:172 ? -Dio.netty.allocator.maxCachedBufferCapacity: 32768
2023-04-27 19:54:16 DEBUG PooledByteBufAllocator:173 ? -Dio.netty.allocator.cacheTrimInterval: 8192
2023-04-27 19:54:16 DEBUG PooledByteBufAllocator:174 ? -Dio.netty.allocator.cacheTrimIntervalMillis: 0
2023-04-27 19:54:16 DEBUG PooledByteBufAllocator:175 ? -Dio.netty.allocator.useCacheForAllThreads: false
2023-04-27 19:54:16 DEBUG PooledByteBufAllocator:176 ? -Dio.netty.allocator.maxCachedByteBuffersPerChunk: 1023
2023-04-27 19:54:16 DEBUG ByteBufUtil:88 ? -Dio.netty.allocator.type: pooled
2023-04-27 19:54:16 DEBUG ByteBufUtil:97 ? -Dio.netty.threadLocalDirectBufferSize: 0
2023-04-27 19:54:16 DEBUG ByteBufUtil:100 ? -Dio.netty.maxThreadLocalCharBufferSize: 16384
2023-04-27 19:54:17 DEBUG DefaultChannelId:79 ? -Dio.netty.processId: 18948 (auto-detected)
2023-04-27 19:54:17 DEBUG NetUtil:148 ? -Djava.net.preferIPv4Stack: false
2023-04-27 19:54:17 DEBUG NetUtil:149 ? -Djava.net.preferIPv6Addresses: false
2023-04-27 19:54:17 DEBUG NetUtilInitializations:145 ? Loopback interface: lo (Software Loopback Interface 1, 127.0.0.1)
2023-04-27 19:54:17 DEBUG NetUtil:206 ? Failed to get SOMAXCONN from sysctl and file \proc\sys\net\core\somaxconn. Default: 200
2023-04-27 19:54:17 DEBUG DefaultChannelId:101 ? -Dio.netty.machineId: 70:c9:4e:ff:fe:a9:98:9d (auto-detected)
2023-04-27 19:54:17 DEBUG AbstractByteBuf:63 ? -Dio.netty.buffer.checkAccessible: true
2023-04-27 19:54:17 DEBUG AbstractByteBuf:64 ? -Dio.netty.buffer.checkBounds: true
2023-04-27 19:54:17 DEBUG ResourceLeakDetectorFactory:196 ? Loaded default ResourceLeakDetector: io.netty.util.ResourceLeakDetector@71712987
2023-04-27 19:54:17 DEBUG NettyConnectListener:73 ? Using new Channel '[id: 0x0169fce0, L:/127.0.0.1:58220 - R:localhost/127.0.0.1:21452]' for 'POST' to '/session'
2023-04-27 19:54:17 DEBUG Recycler:96 ? -Dio.netty.recycler.maxCapacityPerThread: 4096
2023-04-27 19:54:17 DEBUG Recycler:97 ? -Dio.netty.recycler.ratio: 8
2023-04-27 19:54:17 DEBUG Recycler:98 ? -Dio.netty.recycler.chunkSize: 32
2023-04-27 19:54:17 DEBUG Recycler:99 ? -Dio.netty.recycler.blocking: false
2023-04-27 19:54:17 DEBUG Recycler:100 ? -Dio.netty.recycler.batchFastThreadLocalOnly: true
2023-04-27 19:54:18 DEBUG Brotli:38 ? brotli4j not in the classpath; Brotli support will be unavailable.
2023-04-27 19:54:18 DEBUG HttpHandler:70 ? 

Request DefaultHttpRequest(decodeResult: success, version: HTTP/1.1)
POST /session HTTP/1.1
User-Agent: selenium/4.9.0 (java windows)
Content-Length: 254
Content-Type: application/json; charset=utf-8
host: localhost:21452
accept: */*

Response DefaultHttpResponse(decodeResult: success, version: HTTP/1.1)
HTTP/1.1 200 OK
Content-Length: 859
Content-Type: application/json; charset=utf-8
cache-control: no-cache

2023-04-27 19:54:18 DEBUG ChannelManager:270 ? Adding key: http://localhost:21452 for channel [id: 0x0169fce0, L:/127.0.0.1:58220 - R:localhost/127.0.0.1:21452]
2023-04-27 19:54:18 DEBUG DefaultChannelPool:348 ? Entry count for : http://localhost:21452 : 1
2023-04-27 19:54:18 DEBUG NettyConnectListener:73 ? Using new Channel '[id: 0xaa34ec67, L:/127.0.0.1:58241 - R:localhost/127.0.0.1:58224]' for 'GET' to '/json/version'
2023-04-27 19:54:18 DEBUG HttpHandler:70 ? 

Request DefaultFullHttpRequest(decodeResult: success, version: HTTP/1.1, content: EmptyByteBufBE)
GET /json/version HTTP/1.1
User-Agent: selenium/4.9.0 (java windows)
host: localhost:58224
accept: */*

Response DefaultHttpResponse(decodeResult: success, version: HTTP/1.1)
HTTP/1.1 200 OK
Content-Security-Policy: frame-ancestors 'none'
Content-Length: 424
Content-Type: application/json; charset=UTF-8

2023-04-27 19:54:18 DEBUG ChannelManager:270 ? Adding key: http://localhost:58224 for channel [id: 0xaa34ec67, L:/127.0.0.1:58241 - R:localhost/127.0.0.1:58224]
2023-04-27 19:54:18 DEBUG ThreadLocalRandom:214 ? -Dio.netty.initialSeedUniquifier: 0xe57a7856fbebea55
2023-04-27 19:54:18 DEBUG NettyConnectListener:73 ? Using new Channel '[id: 0x5898569a, L:/127.0.0.1:58242 - R:localhost/127.0.0.1:58224]' for 'GET' to '/devtools/browser/9cbde88b-fa12-49e4-a602-946f413ee934'
2023-04-27 19:54:18 DEBUG WebSocketHandler:105 ? 

Request DefaultFullHttpRequest(decodeResult: success, version: HTTP/1.1, content: EmptyByteBufBE)
GET /devtools/browser/9cbde88b-fa12-49e4-a602-946f413ee934 HTTP/1.1
upgrade: websocket
connection: upgrade
sec-websocket-key: oiyiSmry8dgT9kcwwT/qvA==
sec-websocket-version: 13
origin: http://localhost:58224
host: localhost:58224
accept: */*
user-agent: AHC/2.1

Response DefaultHttpResponse(decodeResult: success, version: HTTP/1.1)
HTTP/1.1 101 WebSocket Protocol Handshake
Upgrade: WebSocket
Connection: Upgrade
Sec-WebSocket-Accept: pNr1AyUjC24L6ddhvAjXSRthDz0=

2023-04-27 19:54:18 DEBUG NettyRequestSender:593 ? Using pooled Channel '[id: 0x0169fce0, L:/127.0.0.1:58220 - R:localhost/127.0.0.1:21452]' for 'POST' to 'http://localhost:21452/session/d78870c339a4f45509ee3ab113eca7ab/window/maximize'
2023-04-27 19:54:18 DEBUG NettyRequestSender:251 ? Using open Channel [id: 0x0169fce0, L:/127.0.0.1:58220 - R:localhost/127.0.0.1:21452] for POST '/session/d78870c339a4f45509ee3ab113eca7ab/window/maximize'
2023-04-27 19:54:19 DEBUG HttpHandler:70 ? 

Request DefaultHttpRequest(decodeResult: success, version: HTTP/1.1)
POST /session/d78870c339a4f45509ee3ab113eca7ab/window/maximize HTTP/1.1
User-Agent: selenium/4.9.0 (java windows)
Content-Length: 3
Content-Type: application/json; charset=utf-8
host: localhost:21452
accept: */*

Response DefaultHttpResponse(decodeResult: success, version: HTTP/1.1)
HTTP/1.1 200 OK
Content-Length: 52
Content-Type: application/json; charset=utf-8
cache-control: no-cache

2023-04-27 19:54:19 DEBUG ChannelManager:270 ? Adding key: http://localhost:21452 for channel [id: 0x0169fce0, L:/127.0.0.1:58220 - R:localhost/127.0.0.1:21452]
2023-04-27 19:54:19 DEBUG NettyRequestSender:593 ? Using pooled Channel '[id: 0x0169fce0, L:/127.0.0.1:58220 - R:localhost/127.0.0.1:21452]' for 'POST' to 'http://localhost:21452/session/d78870c339a4f45509ee3ab113eca7ab/timeouts'
2023-04-27 19:54:19 DEBUG NettyRequestSender:251 ? Using open Channel [id: 0x0169fce0, L:/127.0.0.1:58220 - R:localhost/127.0.0.1:21452] for POST '/session/d78870c339a4f45509ee3ab113eca7ab/timeouts'
2023-04-27 19:54:19 DEBUG HttpHandler:70 ? 

Request DefaultHttpRequest(decodeResult: success, version: HTTP/1.1)
POST /session/d78870c339a4f45509ee3ab113eca7ab/timeouts HTTP/1.1
User-Agent: selenium/4.9.0 (java windows)
Content-Length: 23
Content-Type: application/json; charset=utf-8
host: localhost:21452
accept: */*

Response DefaultHttpResponse(decodeResult: success, version: HTTP/1.1)
HTTP/1.1 200 OK
Content-Length: 14
Content-Type: application/json; charset=utf-8
cache-control: no-cache

2023-04-27 19:54:19 DEBUG ChannelManager:270 ? Adding key: http://localhost:21452 for channel [id: 0x0169fce0, L:/127.0.0.1:58220 - R:localhost/127.0.0.1:21452]
2023-04-27 19:54:19 DEBUG NettyRequestSender:593 ? Using pooled Channel '[id: 0x0169fce0, L:/127.0.0.1:58220 - R:localhost/127.0.0.1:21452]' for 'POST' to 'http://localhost:21452/session/d78870c339a4f45509ee3ab113eca7ab/url'
2023-04-27 19:54:19 DEBUG NettyRequestSender:251 ? Using open Channel [id: 0x0169fce0, L:/127.0.0.1:58220 - R:localhost/127.0.0.1:21452] for POST '/session/d78870c339a4f45509ee3ab113eca7ab/url'
2023-04-27 19:54:19 DEBUG DefaultChannelPool:348 ? Entry count for : http://localhost:58224 : 1
2023-04-27 19:54:19 DEBUG HttpHandler:70 ? 

Request DefaultHttpRequest(decodeResult: success, version: HTTP/1.1)
POST /session/d78870c339a4f45509ee3ab113eca7ab/url HTTP/1.1
User-Agent: selenium/4.9.0 (java windows)
Content-Length: 67
Content-Type: application/json; charset=utf-8
host: localhost:21452
accept: */*

Response DefaultHttpResponse(decodeResult: success, version: HTTP/1.1)
HTTP/1.1 200 OK
Content-Length: 14
Content-Type: application/json; charset=utf-8
cache-control: no-cache

2023-04-27 19:54:19 DEBUG ChannelManager:270 ? Adding key: http://localhost:21452 for channel [id: 0x0169fce0, L:/127.0.0.1:58220 - R:localhost/127.0.0.1:21452]
2023-04-27 19:54:19 DEBUG NettyRequestSender:593 ? Using pooled Channel '[id: 0x0169fce0, L:/127.0.0.1:58220 - R:localhost/127.0.0.1:21452]' for 'POST' to 'http://localhost:21452/session/d78870c339a4f45509ee3ab113eca7ab/element'
2023-04-27 19:54:19 DEBUG NettyRequestSender:251 ? Using open Channel [id: 0x0169fce0, L:/127.0.0.1:58220 - R:localhost/127.0.0.1:21452] for POST '/session/d78870c339a4f45509ee3ab113eca7ab/element'
2023-04-27 19:54:20 DEBUG HttpHandler:70 ? 

Request DefaultHttpRequest(decodeResult: success, version: HTTP/1.1)
POST /session/d78870c339a4f45509ee3ab113eca7ab/element HTTP/1.1
User-Agent: selenium/4.9.0 (java windows)
Content-Length: 53
Content-Type: application/json; charset=utf-8
host: localhost:21452
accept: */*

Response DefaultHttpResponse(decodeResult: success, version: HTTP/1.1)
HTTP/1.1 200 OK
Content-Length: 88
Content-Type: application/json; charset=utf-8
cache-control: no-cache

2023-04-27 19:54:20 DEBUG ChannelManager:270 ? Adding key: http://localhost:21452 for channel [id: 0x0169fce0, L:/127.0.0.1:58220 - R:localhost/127.0.0.1:21452]
2023-04-27 19:54:20 DEBUG NettyRequestSender:593 ? Using pooled Channel '[id: 0x0169fce0, L:/127.0.0.1:58220 - R:localhost/127.0.0.1:21452]' for 'POST' to 'http://localhost:21452/session/d78870c339a4f45509ee3ab113eca7ab/execute/sync'
2023-04-27 19:54:20 DEBUG NettyRequestSender:251 ? Using open Channel [id: 0x0169fce0, L:/127.0.0.1:58220 - R:localhost/127.0.0.1:21452] for POST '/session/d78870c339a4f45509ee3ab113eca7ab/execute/sync'
2023-04-27 19:54:20 DEBUG HttpHandler:70 ? 

Request DefaultHttpRequest(decodeResult: success, version: HTTP/1.1)
POST /session/d78870c339a4f45509ee3ab113eca7ab/execute/sync HTTP/1.1
User-Agent: selenium/4.9.0 (java windows)
Content-Length: 48807
Content-Type: application/json; charset=utf-8
host: localhost:21452
accept: */*

Response DefaultHttpResponse(decodeResult: success, version: HTTP/1.1)
HTTP/1.1 200 OK
Content-Length: 14
Content-Type: application/json; charset=utf-8
cache-control: no-cache

2023-04-27 19:54:20 DEBUG ChannelManager:270 ? Adding key: http://localhost:21452 for channel [id: 0x0169fce0, L:/127.0.0.1:58220 - R:localhost/127.0.0.1:21452]
2023-04-27 19:54:20 DEBUG NettyRequestSender:593 ? Using pooled Channel '[id: 0x0169fce0, L:/127.0.0.1:58220 - R:localhost/127.0.0.1:21452]' for 'POST' to 'http://localhost:21452/session/d78870c339a4f45509ee3ab113eca7ab/element'
2023-04-27 19:54:20 DEBUG NettyRequestSender:251 ? Using open Channel [id: 0x0169fce0, L:/127.0.0.1:58220 - R:localhost/127.0.0.1:21452] for POST '/session/d78870c339a4f45509ee3ab113eca7ab/element'
2023-04-27 19:54:20 DEBUG HttpHandler:70 ? 

Request DefaultHttpRequest(decodeResult: success, version: HTTP/1.1)
POST /session/d78870c339a4f45509ee3ab113eca7ab/element HTTP/1.1
User-Agent: selenium/4.9.0 (java windows)
Content-Length: 54
Content-Type: application/json; charset=utf-8
host: localhost:21452
accept: */*

Response DefaultHttpResponse(decodeResult: success, version: HTTP/1.1)
HTTP/1.1 200 OK
Content-Length: 88
Content-Type: application/json; charset=utf-8
cache-control: no-cache

2023-04-27 19:54:20 DEBUG ChannelManager:270 ? Adding key: http://localhost:21452 for channel [id: 0x0169fce0, L:/127.0.0.1:58220 - R:localhost/127.0.0.1:21452]
2023-04-27 19:54:20 DEBUG NettyRequestSender:593 ? Using pooled Channel '[id: 0x0169fce0, L:/127.0.0.1:58220 - R:localhost/127.0.0.1:21452]' for 'POST' to 'http://localhost:21452/session/d78870c339a4f45509ee3ab113eca7ab/execute/sync'
2023-04-27 19:54:20 DEBUG NettyRequestSender:251 ? Using open Channel [id: 0x0169fce0, L:/127.0.0.1:58220 - R:localhost/127.0.0.1:21452] for POST '/session/d78870c339a4f45509ee3ab113eca7ab/execute/sync'
2023-04-27 19:54:20 DEBUG HttpHandler:70 ? 

Request DefaultHttpRequest(decodeResult: success, version: HTTP/1.1)
POST /session/d78870c339a4f45509ee3ab113eca7ab/execute/sync HTTP/1.1
User-Agent: selenium/4.9.0 (java windows)
Content-Length: 48807
Content-Type: application/json; charset=utf-8
host: localhost:21452
accept: */*

Response DefaultHttpResponse(decodeResult: success, version: HTTP/1.1)
HTTP/1.1 200 OK
Content-Length: 14
Content-Type: application/json; charset=utf-8
cache-control: no-cache

2023-04-27 19:54:20 DEBUG ChannelManager:270 ? Adding key: http://localhost:21452 for channel [id: 0x0169fce0, L:/127.0.0.1:58220 - R:localhost/127.0.0.1:21452]
2023-04-27 19:54:20 DEBUG NettyRequestSender:593 ? Using pooled Channel '[id: 0x0169fce0, L:/127.0.0.1:58220 - R:localhost/127.0.0.1:21452]' for 'POST' to 'http://localhost:21452/session/d78870c339a4f45509ee3ab113eca7ab/element'
2023-04-27 19:54:20 DEBUG NettyRequestSender:251 ? Using open Channel [id: 0x0169fce0, L:/127.0.0.1:58220 - R:localhost/127.0.0.1:21452] for POST '/session/d78870c339a4f45509ee3ab113eca7ab/element'
2023-04-27 19:54:20 DEBUG HttpHandler:70 ? 

Request DefaultHttpRequest(decodeResult: success, version: HTTP/1.1)
POST /session/d78870c339a4f45509ee3ab113eca7ab/element HTTP/1.1
User-Agent: selenium/4.9.0 (java windows)
Content-Length: 53
Content-Type: application/json; charset=utf-8
host: localhost:21452
accept: */*

Response DefaultHttpResponse(decodeResult: success, version: HTTP/1.1)
HTTP/1.1 200 OK
Content-Length: 88
Content-Type: application/json; charset=utf-8
cache-control: no-cache

2023-04-27 19:54:20 DEBUG ChannelManager:270 ? Adding key: http://localhost:21452 for channel [id: 0x0169fce0, L:/127.0.0.1:58220 - R:localhost/127.0.0.1:21452]
2023-04-27 19:54:20 DEBUG NettyRequestSender:593 ? Using pooled Channel '[id: 0x0169fce0, L:/127.0.0.1:58220 - R:localhost/127.0.0.1:21452]' for 'POST' to 'http://localhost:21452/session/d78870c339a4f45509ee3ab113eca7ab/execute/sync'
2023-04-27 19:54:20 DEBUG NettyRequestSender:251 ? Using open Channel [id: 0x0169fce0, L:/127.0.0.1:58220 - R:localhost/127.0.0.1:21452] for POST '/session/d78870c339a4f45509ee3ab113eca7ab/execute/sync'
2023-04-27 19:54:20 DEBUG HttpHandler:70 ? 

Request DefaultHttpRequest(decodeResult: success, version: HTTP/1.1)
POST /session/d78870c339a4f45509ee3ab113eca7ab/execute/sync HTTP/1.1
User-Agent: selenium/4.9.0 (java windows)
Content-Length: 48807
Content-Type: application/json; charset=utf-8
host: localhost:21452
accept: */*

Response DefaultHttpResponse(decodeResult: success, version: HTTP/1.1)
HTTP/1.1 200 OK
Content-Length: 14
Content-Type: application/json; charset=utf-8
cache-control: no-cache

2023-04-27 19:54:20 DEBUG ChannelManager:270 ? Adding key: http://localhost:21452 for channel [id: 0x0169fce0, L:/127.0.0.1:58220 - R:localhost/127.0.0.1:21452]
2023-04-27 19:54:20 DEBUG NettyRequestSender:593 ? Using pooled Channel '[id: 0x0169fce0, L:/127.0.0.1:58220 - R:localhost/127.0.0.1:21452]' for 'POST' to 'http://localhost:21452/session/d78870c339a4f45509ee3ab113eca7ab/element'
2023-04-27 19:54:20 DEBUG NettyRequestSender:251 ? Using open Channel [id: 0x0169fce0, L:/127.0.0.1:58220 - R:localhost/127.0.0.1:21452] for POST '/session/d78870c339a4f45509ee3ab113eca7ab/element'
2023-04-27 19:54:20 DEBUG HttpHandler:70 ? 

Request DefaultHttpRequest(decodeResult: success, version: HTTP/1.1)
POST /session/d78870c339a4f45509ee3ab113eca7ab/element HTTP/1.1
User-Agent: selenium/4.9.0 (java windows)
Content-Length: 53
Content-Type: application/json; charset=utf-8
host: localhost:21452
accept: */*

Response DefaultHttpResponse(decodeResult: success, version: HTTP/1.1)
HTTP/1.1 200 OK
Content-Length: 88
Content-Type: application/json; charset=utf-8
cache-control: no-cache

2023-04-27 19:54:20 DEBUG ChannelManager:270 ? Adding key: http://localhost:21452 for channel [id: 0x0169fce0, L:/127.0.0.1:58220 - R:localhost/127.0.0.1:21452]
2023-04-27 19:54:20 DEBUG NettyRequestSender:593 ? Using pooled Channel '[id: 0x0169fce0, L:/127.0.0.1:58220 - R:localhost/127.0.0.1:21452]' for 'POST' to 'http://localhost:21452/session/d78870c339a4f45509ee3ab113eca7ab/execute/sync'
2023-04-27 19:54:20 DEBUG NettyRequestSender:251 ? Using open Channel [id: 0x0169fce0, L:/127.0.0.1:58220 - R:localhost/127.0.0.1:21452] for POST '/session/d78870c339a4f45509ee3ab113eca7ab/execute/sync'
2023-04-27 19:54:20 DEBUG HttpHandler:70 ? 

Request DefaultHttpRequest(decodeResult: success, version: HTTP/1.1)
POST /session/d78870c339a4f45509ee3ab113eca7ab/execute/sync HTTP/1.1
User-Agent: selenium/4.9.0 (java windows)
Content-Length: 48807
Content-Type: application/json; charset=utf-8
host: localhost:21452
accept: */*

Response DefaultHttpResponse(decodeResult: success, version: HTTP/1.1)
HTTP/1.1 200 OK
Content-Length: 14
Content-Type: application/json; charset=utf-8
cache-control: no-cache

2023-04-27 19:54:20 DEBUG ChannelManager:270 ? Adding key: http://localhost:21452 for channel [id: 0x0169fce0, L:/127.0.0.1:58220 - R:localhost/127.0.0.1:21452]
2023-04-27 19:54:20 DEBUG NettyRequestSender:593 ? Using pooled Channel '[id: 0x0169fce0, L:/127.0.0.1:58220 - R:localhost/127.0.0.1:21452]' for 'POST' to 'http://localhost:21452/session/d78870c339a4f45509ee3ab113eca7ab/element'
2023-04-27 19:54:20 DEBUG NettyRequestSender:251 ? Using open Channel [id: 0x0169fce0, L:/127.0.0.1:58220 - R:localhost/127.0.0.1:21452] for POST '/session/d78870c339a4f45509ee3ab113eca7ab/element'
2023-04-27 19:54:20 DEBUG HttpHandler:70 ? 

Request DefaultHttpRequest(decodeResult: success, version: HTTP/1.1)
POST /session/d78870c339a4f45509ee3ab113eca7ab/element HTTP/1.1
User-Agent: selenium/4.9.0 (java windows)
Content-Length: 60
Content-Type: application/json; charset=utf-8
host: localhost:21452
accept: */*

Response DefaultHttpResponse(decodeResult: success, version: HTTP/1.1)
HTTP/1.1 200 OK
Content-Length: 88
Content-Type: application/json; charset=utf-8
cache-control: no-cache

2023-04-27 19:54:20 DEBUG ChannelManager:270 ? Adding key: http://localhost:21452 for channel [id: 0x0169fce0, L:/127.0.0.1:58220 - R:localhost/127.0.0.1:21452]
2023-04-27 19:54:20 DEBUG NettyRequestSender:593 ? Using pooled Channel '[id: 0x0169fce0, L:/127.0.0.1:58220 - R:localhost/127.0.0.1:21452]' for 'POST' to 'http://localhost:21452/session/d78870c339a4f45509ee3ab113eca7ab/execute/sync'
2023-04-27 19:54:20 DEBUG NettyRequestSender:251 ? Using open Channel [id: 0x0169fce0, L:/127.0.0.1:58220 - R:localhost/127.0.0.1:21452] for POST '/session/d78870c339a4f45509ee3ab113eca7ab/execute/sync'
2023-04-27 19:54:20 DEBUG HttpHandler:70 ? 

Request DefaultHttpRequest(decodeResult: success, version: HTTP/1.1)
POST /session/d78870c339a4f45509ee3ab113eca7ab/execute/sync HTTP/1.1
User-Agent: selenium/4.9.0 (java windows)
Content-Length: 48807
Content-Type: application/json; charset=utf-8
host: localhost:21452
accept: */*

Response DefaultHttpResponse(decodeResult: success, version: HTTP/1.1)
HTTP/1.1 200 OK
Content-Length: 14
Content-Type: application/json; charset=utf-8
cache-control: no-cache

2023-04-27 19:54:20 DEBUG ChannelManager:270 ? Adding key: http://localhost:21452 for channel [id: 0x0169fce0, L:/127.0.0.1:58220 - R:localhost/127.0.0.1:21452]
2023-04-27 19:54:20 DEBUG NettyRequestSender:593 ? Using pooled Channel '[id: 0x0169fce0, L:/127.0.0.1:58220 - R:localhost/127.0.0.1:21452]' for 'POST' to 'http://localhost:21452/session/d78870c339a4f45509ee3ab113eca7ab/element'
2023-04-27 19:54:20 DEBUG NettyRequestSender:251 ? Using open Channel [id: 0x0169fce0, L:/127.0.0.1:58220 - R:localhost/127.0.0.1:21452] for POST '/session/d78870c339a4f45509ee3ab113eca7ab/element'
2023-04-27 19:54:20 DEBUG HttpHandler:70 ? 

Request DefaultHttpRequest(decodeResult: success, version: HTTP/1.1)
POST /session/d78870c339a4f45509ee3ab113eca7ab/element HTTP/1.1
User-Agent: selenium/4.9.0 (java windows)
Content-Length: 53
Content-Type: application/json; charset=utf-8
host: localhost:21452
accept: */*

Response DefaultHttpResponse(decodeResult: success, version: HTTP/1.1)
HTTP/1.1 200 OK
Content-Length: 88
Content-Type: application/json; charset=utf-8
cache-control: no-cache

2023-04-27 19:54:20 DEBUG ChannelManager:270 ? Adding key: http://localhost:21452 for channel [id: 0x0169fce0, L:/127.0.0.1:58220 - R:localhost/127.0.0.1:21452]
2023-04-27 19:54:20 DEBUG NettyRequestSender:593 ? Using pooled Channel '[id: 0x0169fce0, L:/127.0.0.1:58220 - R:localhost/127.0.0.1:21452]' for 'POST' to 'http://localhost:21452/session/d78870c339a4f45509ee3ab113eca7ab/actions'
2023-04-27 19:54:20 DEBUG NettyRequestSender:251 ? Using open Channel [id: 0x0169fce0, L:/127.0.0.1:58220 - R:localhost/127.0.0.1:21452] for POST '/session/d78870c339a4f45509ee3ab113eca7ab/actions'
2023-04-27 19:54:20 DEBUG HttpHandler:70 ? 

Request DefaultHttpRequest(decodeResult: success, version: HTTP/1.1)
POST /session/d78870c339a4f45509ee3ab113eca7ab/actions HTTP/1.1
User-Agent: selenium/4.9.0 (java windows)
Content-Length: 3755
Content-Type: application/json; charset=utf-8
host: localhost:21452
accept: */*

Response DefaultHttpResponse(decodeResult: success, version: HTTP/1.1)
HTTP/1.1 200 OK
Content-Length: 14
Content-Type: application/json; charset=utf-8
cache-control: no-cache

2023-04-27 19:54:20 DEBUG ChannelManager:270 ? Adding key: http://localhost:21452 for channel [id: 0x0169fce0, L:/127.0.0.1:58220 - R:localhost/127.0.0.1:21452]
2023-04-27 19:54:20 DEBUG NettyRequestSender:593 ? Using pooled Channel '[id: 0x0169fce0, L:/127.0.0.1:58220 - R:localhost/127.0.0.1:21452]' for 'POST' to 'http://localhost:21452/session/d78870c339a4f45509ee3ab113eca7ab/element'
2023-04-27 19:54:20 DEBUG NettyRequestSender:251 ? Using open Channel [id: 0x0169fce0, L:/127.0.0.1:58220 - R:localhost/127.0.0.1:21452] for POST '/session/d78870c339a4f45509ee3ab113eca7ab/element'
2023-04-27 19:54:20 DEBUG HttpHandler:70 ? 

Request DefaultHttpRequest(decodeResult: success, version: HTTP/1.1)
POST /session/d78870c339a4f45509ee3ab113eca7ab/element HTTP/1.1
User-Agent: selenium/4.9.0 (java windows)
Content-Length: 54
Content-Type: application/json; charset=utf-8
host: localhost:21452
accept: */*

Response DefaultHttpResponse(decodeResult: success, version: HTTP/1.1)
HTTP/1.1 200 OK
Content-Length: 88
Content-Type: application/json; charset=utf-8
cache-control: no-cache

2023-04-27 19:54:20 DEBUG ChannelManager:270 ? Adding key: http://localhost:21452 for channel [id: 0x0169fce0, L:/127.0.0.1:58220 - R:localhost/127.0.0.1:21452]
2023-04-27 19:54:20 DEBUG NettyRequestSender:593 ? Using pooled Channel '[id: 0x0169fce0, L:/127.0.0.1:58220 - R:localhost/127.0.0.1:21452]' for 'POST' to 'http://localhost:21452/session/d78870c339a4f45509ee3ab113eca7ab/actions'
2023-04-27 19:54:20 DEBUG NettyRequestSender:251 ? Using open Channel [id: 0x0169fce0, L:/127.0.0.1:58220 - R:localhost/127.0.0.1:21452] for POST '/session/d78870c339a4f45509ee3ab113eca7ab/actions'
2023-04-27 19:54:20 DEBUG HttpHandler:70 ? 

Request DefaultHttpRequest(decodeResult: success, version: HTTP/1.1)
POST /session/d78870c339a4f45509ee3ab113eca7ab/actions HTTP/1.1
User-Agent: selenium/4.9.0 (java windows)
Content-Length: 3755
Content-Type: application/json; charset=utf-8
host: localhost:21452
accept: */*

Response DefaultHttpResponse(decodeResult: success, version: HTTP/1.1)
HTTP/1.1 200 OK
Content-Length: 14
Content-Type: application/json; charset=utf-8
cache-control: no-cache

2023-04-27 19:54:20 DEBUG ChannelManager:270 ? Adding key: http://localhost:21452 for channel [id: 0x0169fce0, L:/127.0.0.1:58220 - R:localhost/127.0.0.1:21452]
2023-04-27 19:54:20 DEBUG NettyRequestSender:593 ? Using pooled Channel '[id: 0x0169fce0, L:/127.0.0.1:58220 - R:localhost/127.0.0.1:21452]' for 'POST' to 'http://localhost:21452/session/d78870c339a4f45509ee3ab113eca7ab/element'
2023-04-27 19:54:20 DEBUG NettyRequestSender:251 ? Using open Channel [id: 0x0169fce0, L:/127.0.0.1:58220 - R:localhost/127.0.0.1:21452] for POST '/session/d78870c339a4f45509ee3ab113eca7ab/element'
2023-04-27 19:54:20 DEBUG HttpHandler:70 ? 

Request DefaultHttpRequest(decodeResult: success, version: HTTP/1.1)
POST /session/d78870c339a4f45509ee3ab113eca7ab/element HTTP/1.1
User-Agent: selenium/4.9.0 (java windows)
Content-Length: 53
Content-Type: application/json; charset=utf-8
host: localhost:21452
accept: */*

Response DefaultHttpResponse(decodeResult: success, version: HTTP/1.1)
HTTP/1.1 200 OK
Content-Length: 88
Content-Type: application/json; charset=utf-8
cache-control: no-cache

2023-04-27 19:54:20 DEBUG ChannelManager:270 ? Adding key: http://localhost:21452 for channel [id: 0x0169fce0, L:/127.0.0.1:58220 - R:localhost/127.0.0.1:21452]
2023-04-27 19:54:20 DEBUG NettyRequestSender:593 ? Using pooled Channel '[id: 0x0169fce0, L:/127.0.0.1:58220 - R:localhost/127.0.0.1:21452]' for 'POST' to 'http://localhost:21452/session/d78870c339a4f45509ee3ab113eca7ab/actions'
2023-04-27 19:54:20 DEBUG NettyRequestSender:251 ? Using open Channel [id: 0x0169fce0, L:/127.0.0.1:58220 - R:localhost/127.0.0.1:21452] for POST '/session/d78870c339a4f45509ee3ab113eca7ab/actions'
2023-04-27 19:54:20 DEBUG DefaultChannelPool:348 ? Entry count for : http://localhost:58224 : 1
2023-04-27 19:54:20 DEBUG HttpHandler:70 ? 

Request DefaultHttpRequest(decodeResult: success, version: HTTP/1.1)
POST /session/d78870c339a4f45509ee3ab113eca7ab/actions HTTP/1.1
User-Agent: selenium/4.9.0 (java windows)
Content-Length: 3755
Content-Type: application/json; charset=utf-8
host: localhost:21452
accept: */*

Response DefaultHttpResponse(decodeResult: success, version: HTTP/1.1)
HTTP/1.1 200 OK
Content-Length: 14
Content-Type: application/json; charset=utf-8
cache-control: no-cache

2023-04-27 19:54:20 DEBUG ChannelManager:270 ? Adding key: http://localhost:21452 for channel [id: 0x0169fce0, L:/127.0.0.1:58220 - R:localhost/127.0.0.1:21452]
2023-04-27 19:54:20 DEBUG NettyRequestSender:593 ? Using pooled Channel '[id: 0x0169fce0, L:/127.0.0.1:58220 - R:localhost/127.0.0.1:21452]' for 'POST' to 'http://localhost:21452/session/d78870c339a4f45509ee3ab113eca7ab/element'
2023-04-27 19:54:20 DEBUG NettyRequestSender:251 ? Using open Channel [id: 0x0169fce0, L:/127.0.0.1:58220 - R:localhost/127.0.0.1:21452] for POST '/session/d78870c339a4f45509ee3ab113eca7ab/element'
2023-04-27 19:54:20 DEBUG HttpHandler:70 ? 

Request DefaultHttpRequest(decodeResult: success, version: HTTP/1.1)
POST /session/d78870c339a4f45509ee3ab113eca7ab/element HTTP/1.1
User-Agent: selenium/4.9.0 (java windows)
Content-Length: 53
Content-Type: application/json; charset=utf-8
host: localhost:21452
accept: */*

Response DefaultHttpResponse(decodeResult: success, version: HTTP/1.1)
HTTP/1.1 200 OK
Content-Length: 88
Content-Type: application/json; charset=utf-8
cache-control: no-cache

2023-04-27 19:54:20 DEBUG ChannelManager:270 ? Adding key: http://localhost:21452 for channel [id: 0x0169fce0, L:/127.0.0.1:58220 - R:localhost/127.0.0.1:21452]
2023-04-27 19:54:20 DEBUG NettyRequestSender:593 ? Using pooled Channel '[id: 0x0169fce0, L:/127.0.0.1:58220 - R:localhost/127.0.0.1:21452]' for 'POST' to 'http://localhost:21452/session/d78870c339a4f45509ee3ab113eca7ab/actions'
2023-04-27 19:54:20 DEBUG NettyRequestSender:251 ? Using open Channel [id: 0x0169fce0, L:/127.0.0.1:58220 - R:localhost/127.0.0.1:21452] for POST '/session/d78870c339a4f45509ee3ab113eca7ab/actions'
2023-04-27 19:54:21 DEBUG HttpHandler:70 ? 

Request DefaultHttpRequest(decodeResult: success, version: HTTP/1.1)
POST /session/d78870c339a4f45509ee3ab113eca7ab/actions HTTP/1.1
User-Agent: selenium/4.9.0 (java windows)
Content-Length: 3755
Content-Type: application/json; charset=utf-8
host: localhost:21452
accept: */*

Response DefaultHttpResponse(decodeResult: success, version: HTTP/1.1)
HTTP/1.1 200 OK
Content-Length: 14
Content-Type: application/json; charset=utf-8
cache-control: no-cache

2023-04-27 19:54:21 DEBUG ChannelManager:270 ? Adding key: http://localhost:21452 for channel [id: 0x0169fce0, L:/127.0.0.1:58220 - R:localhost/127.0.0.1:21452]
2023-04-27 19:54:21 DEBUG NettyRequestSender:593 ? Using pooled Channel '[id: 0x0169fce0, L:/127.0.0.1:58220 - R:localhost/127.0.0.1:21452]' for 'POST' to 'http://localhost:21452/session/d78870c339a4f45509ee3ab113eca7ab/element'
2023-04-27 19:54:21 DEBUG NettyRequestSender:251 ? Using open Channel [id: 0x0169fce0, L:/127.0.0.1:58220 - R:localhost/127.0.0.1:21452] for POST '/session/d78870c339a4f45509ee3ab113eca7ab/element'
2023-04-27 19:54:21 DEBUG HttpHandler:70 ? 

Request DefaultHttpRequest(decodeResult: success, version: HTTP/1.1)
POST /session/d78870c339a4f45509ee3ab113eca7ab/element HTTP/1.1
User-Agent: selenium/4.9.0 (java windows)
Content-Length: 60
Content-Type: application/json; charset=utf-8
host: localhost:21452
accept: */*

Response DefaultHttpResponse(decodeResult: success, version: HTTP/1.1)
HTTP/1.1 200 OK
Content-Length: 88
Content-Type: application/json; charset=utf-8
cache-control: no-cache

2023-04-27 19:54:21 DEBUG ChannelManager:270 ? Adding key: http://localhost:21452 for channel [id: 0x0169fce0, L:/127.0.0.1:58220 - R:localhost/127.0.0.1:21452]
2023-04-27 19:54:21 DEBUG NettyRequestSender:593 ? Using pooled Channel '[id: 0x0169fce0, L:/127.0.0.1:58220 - R:localhost/127.0.0.1:21452]' for 'POST' to 'http://localhost:21452/session/d78870c339a4f45509ee3ab113eca7ab/actions'
2023-04-27 19:54:21 DEBUG NettyRequestSender:251 ? Using open Channel [id: 0x0169fce0, L:/127.0.0.1:58220 - R:localhost/127.0.0.1:21452] for POST '/session/d78870c339a4f45509ee3ab113eca7ab/actions'
2023-04-27 19:54:21 DEBUG HttpHandler:70 ? 

Request DefaultHttpRequest(decodeResult: success, version: HTTP/1.1)
POST /session/d78870c339a4f45509ee3ab113eca7ab/actions HTTP/1.1
User-Agent: selenium/4.9.0 (java windows)
Content-Length: 3755
Content-Type: application/json; charset=utf-8
host: localhost:21452
accept: */*

Response DefaultHttpResponse(decodeResult: success, version: HTTP/1.1)
HTTP/1.1 200 OK
Content-Length: 14
Content-Type: application/json; charset=utf-8
cache-control: no-cache

2023-04-27 19:54:21 DEBUG ChannelManager:270 ? Adding key: http://localhost:21452 for channel [id: 0x0169fce0, L:/127.0.0.1:58220 - R:localhost/127.0.0.1:21452]
2023-04-27 19:54:21 DEBUG NettyRequestSender:593 ? Using pooled Channel '[id: 0x0169fce0, L:/127.0.0.1:58220 - R:localhost/127.0.0.1:21452]' for 'POST' to 'http://localhost:21452/session/d78870c339a4f45509ee3ab113eca7ab/element'
2023-04-27 19:54:21 DEBUG NettyRequestSender:251 ? Using open Channel [id: 0x0169fce0, L:/127.0.0.1:58220 - R:localhost/127.0.0.1:21452] for POST '/session/d78870c339a4f45509ee3ab113eca7ab/element'
2023-04-27 19:54:21 DEBUG HttpHandler:70 ? 

Request DefaultHttpRequest(decodeResult: success, version: HTTP/1.1)
POST /session/d78870c339a4f45509ee3ab113eca7ab/element HTTP/1.1
User-Agent: selenium/4.9.0 (java windows)
Content-Length: 74
Content-Type: application/json; charset=utf-8
host: localhost:21452
accept: */*

Response DefaultHttpResponse(decodeResult: success, version: HTTP/1.1)
HTTP/1.1 200 OK
Content-Length: 88
Content-Type: application/json; charset=utf-8
cache-control: no-cache

2023-04-27 19:54:21 DEBUG ChannelManager:270 ? Adding key: http://localhost:21452 for channel [id: 0x0169fce0, L:/127.0.0.1:58220 - R:localhost/127.0.0.1:21452]
2023-04-27 19:54:21 DEBUG NettyRequestSender:593 ? Using pooled Channel '[id: 0x0169fce0, L:/127.0.0.1:58220 - R:localhost/127.0.0.1:21452]' for 'POST' to 'http://localhost:21452/session/d78870c339a4f45509ee3ab113eca7ab/actions'
2023-04-27 19:54:21 DEBUG NettyRequestSender:251 ? Using open Channel [id: 0x0169fce0, L:/127.0.0.1:58220 - R:localhost/127.0.0.1:21452] for POST '/session/d78870c339a4f45509ee3ab113eca7ab/actions'
2023-04-27 19:54:21 DEBUG HttpHandler:70 ? 

Request DefaultHttpRequest(decodeResult: success, version: HTTP/1.1)
POST /session/d78870c339a4f45509ee3ab113eca7ab/actions HTTP/1.1
User-Agent: selenium/4.9.0 (java windows)
Content-Length: 567
Content-Type: application/json; charset=utf-8
host: localhost:21452
accept: */*

Response DefaultHttpResponse(decodeResult: success, version: HTTP/1.1)
HTTP/1.1 200 OK
Content-Length: 14
Content-Type: application/json; charset=utf-8
cache-control: no-cache

2023-04-27 19:54:21 DEBUG ChannelManager:270 ? Adding key: http://localhost:21452 for channel [id: 0x0169fce0, L:/127.0.0.1:58220 - R:localhost/127.0.0.1:21452]
2023-04-27 19:54:21 DEBUG NettyRequestSender:593 ? Using pooled Channel '[id: 0x0169fce0, L:/127.0.0.1:58220 - R:localhost/127.0.0.1:21452]' for 'POST' to 'http://localhost:21452/session/d78870c339a4f45509ee3ab113eca7ab/element'
2023-04-27 19:54:21 DEBUG NettyRequestSender:251 ? Using open Channel [id: 0x0169fce0, L:/127.0.0.1:58220 - R:localhost/127.0.0.1:21452] for POST '/session/d78870c339a4f45509ee3ab113eca7ab/element'
2023-04-27 19:54:21 DEBUG DefaultChannelPool:348 ? Entry count for : http://localhost:58224 : 1
2023-04-27 19:54:22 DEBUG HttpHandler:70 ? 

Request DefaultHttpRequest(decodeResult: success, version: HTTP/1.1)
POST /session/d78870c339a4f45509ee3ab113eca7ab/element HTTP/1.1
User-Agent: selenium/4.9.0 (java windows)
Content-Length: 109
Content-Type: application/json; charset=utf-8
host: localhost:21452
accept: */*

Response DefaultHttpResponse(decodeResult: success, version: HTTP/1.1)
HTTP/1.1 200 OK
Content-Length: 88
Content-Type: application/json; charset=utf-8
cache-control: no-cache

2023-04-27 19:54:22 DEBUG ChannelManager:270 ? Adding key: http://localhost:21452 for channel [id: 0x0169fce0, L:/127.0.0.1:58220 - R:localhost/127.0.0.1:21452]
2023-04-27 19:54:22 DEBUG NettyRequestSender:593 ? Using pooled Channel '[id: 0x0169fce0, L:/127.0.0.1:58220 - R:localhost/127.0.0.1:21452]' for 'GET' to 'http://localhost:21452/session/d78870c339a4f45509ee3ab113eca7ab/element/370aae1f-81bb-454c-9a80-30bf665810d2/text'
2023-04-27 19:54:22 DEBUG NettyRequestSender:251 ? Using open Channel [id: 0x0169fce0, L:/127.0.0.1:58220 - R:localhost/127.0.0.1:21452] for GET '/session/d78870c339a4f45509ee3ab113eca7ab/element/370aae1f-81bb-454c-9a80-30bf665810d2/text'
2023-04-27 19:54:22 DEBUG HttpHandler:70 ? 

Request DefaultFullHttpRequest(decodeResult: success, version: HTTP/1.1, content: EmptyByteBufBE)
GET /session/d78870c339a4f45509ee3ab113eca7ab/element/370aae1f-81bb-454c-9a80-30bf665810d2/text HTTP/1.1
User-Agent: selenium/4.9.0 (java windows)
Cache-Control: no-cache
Content-Type: application/json; charset=utf-8
host: localhost:21452
accept: */*

Response DefaultHttpResponse(decodeResult: success, version: HTTP/1.1)
HTTP/1.1 200 OK
Content-Length: 38
Content-Type: application/json; charset=utf-8
cache-control: no-cache

2023-04-27 19:54:22 DEBUG ChannelManager:270 ? Adding key: http://localhost:21452 for channel [id: 0x0169fce0, L:/127.0.0.1:58220 - R:localhost/127.0.0.1:21452]
2023-04-27 19:54:22 DEBUG NettyRequestSender:593 ? Using pooled Channel '[id: 0x0169fce0, L:/127.0.0.1:58220 - R:localhost/127.0.0.1:21452]' for 'POST' to 'http://localhost:21452/session/d78870c339a4f45509ee3ab113eca7ab/url'
2023-04-27 19:54:22 DEBUG NettyRequestSender:251 ? Using open Channel [id: 0x0169fce0, L:/127.0.0.1:58220 - R:localhost/127.0.0.1:21452] for POST '/session/d78870c339a4f45509ee3ab113eca7ab/url'
2023-04-27 19:54:22 DEBUG HttpHandler:70 ? 

Request DefaultHttpRequest(decodeResult: success, version: HTTP/1.1)
POST /session/d78870c339a4f45509ee3ab113eca7ab/url HTTP/1.1
User-Agent: selenium/4.9.0 (java windows)
Content-Length: 59
Content-Type: application/json; charset=utf-8
host: localhost:21452
accept: */*

Response DefaultHttpResponse(decodeResult: success, version: HTTP/1.1)
HTTP/1.1 200 OK
Content-Length: 14
Content-Type: application/json; charset=utf-8
cache-control: no-cache

2023-04-27 19:54:22 DEBUG ChannelManager:270 ? Adding key: http://localhost:21452 for channel [id: 0x0169fce0, L:/127.0.0.1:58220 - R:localhost/127.0.0.1:21452]
2023-04-27 19:54:22 DEBUG NettyRequestSender:593 ? Using pooled Channel '[id: 0x0169fce0, L:/127.0.0.1:58220 - R:localhost/127.0.0.1:21452]' for 'POST' to 'http://localhost:21452/session/d78870c339a4f45509ee3ab113eca7ab/element'
2023-04-27 19:54:22 DEBUG NettyRequestSender:251 ? Using open Channel [id: 0x0169fce0, L:/127.0.0.1:58220 - R:localhost/127.0.0.1:21452] for POST '/session/d78870c339a4f45509ee3ab113eca7ab/element'
2023-04-27 19:54:22 DEBUG HttpHandler:70 ? 

Request DefaultHttpRequest(decodeResult: success, version: HTTP/1.1)
POST /session/d78870c339a4f45509ee3ab113eca7ab/element HTTP/1.1
User-Agent: selenium/4.9.0 (java windows)
Content-Length: 72
Content-Type: application/json; charset=utf-8
host: localhost:21452
accept: */*

Response DefaultHttpResponse(decodeResult: success, version: HTTP/1.1)
HTTP/1.1 200 OK
Content-Length: 88
Content-Type: application/json; charset=utf-8
cache-control: no-cache

2023-04-27 19:54:22 DEBUG ChannelManager:270 ? Adding key: http://localhost:21452 for channel [id: 0x0169fce0, L:/127.0.0.1:58220 - R:localhost/127.0.0.1:21452]
2023-04-27 19:54:22 DEBUG NettyRequestSender:593 ? Using pooled Channel '[id: 0x0169fce0, L:/127.0.0.1:58220 - R:localhost/127.0.0.1:21452]' for 'POST' to 'http://localhost:21452/session/d78870c339a4f45509ee3ab113eca7ab/execute/sync'
2023-04-27 19:54:22 DEBUG NettyRequestSender:251 ? Using open Channel [id: 0x0169fce0, L:/127.0.0.1:58220 - R:localhost/127.0.0.1:21452] for POST '/session/d78870c339a4f45509ee3ab113eca7ab/execute/sync'
2023-04-27 19:54:22 DEBUG HttpHandler:70 ? 

Request DefaultHttpRequest(decodeResult: success, version: HTTP/1.1)
POST /session/d78870c339a4f45509ee3ab113eca7ab/execute/sync HTTP/1.1
User-Agent: selenium/4.9.0 (java windows)
Content-Length: 48807
Content-Type: application/json; charset=utf-8
host: localhost:21452
accept: */*

Response DefaultHttpResponse(decodeResult: success, version: HTTP/1.1)
HTTP/1.1 200 OK
Content-Length: 14
Content-Type: application/json; charset=utf-8
cache-control: no-cache

2023-04-27 19:54:22 DEBUG ChannelManager:270 ? Adding key: http://localhost:21452 for channel [id: 0x0169fce0, L:/127.0.0.1:58220 - R:localhost/127.0.0.1:21452]
2023-04-27 19:54:22 DEBUG NettyRequestSender:593 ? Using pooled Channel '[id: 0x0169fce0, L:/127.0.0.1:58220 - R:localhost/127.0.0.1:21452]' for 'POST' to 'http://localhost:21452/session/d78870c339a4f45509ee3ab113eca7ab/element'
2023-04-27 19:54:22 DEBUG NettyRequestSender:251 ? Using open Channel [id: 0x0169fce0, L:/127.0.0.1:58220 - R:localhost/127.0.0.1:21452] for POST '/session/d78870c339a4f45509ee3ab113eca7ab/element'
2023-04-27 19:54:22 DEBUG HttpHandler:70 ? 

Request DefaultHttpRequest(decodeResult: success, version: HTTP/1.1)
POST /session/d78870c339a4f45509ee3ab113eca7ab/element HTTP/1.1
User-Agent: selenium/4.9.0 (java windows)
Content-Length: 69
Content-Type: application/json; charset=utf-8
host: localhost:21452
accept: */*

Response DefaultHttpResponse(decodeResult: success, version: HTTP/1.1)
HTTP/1.1 200 OK
Content-Length: 88
Content-Type: application/json; charset=utf-8
cache-control: no-cache

2023-04-27 19:54:22 DEBUG ChannelManager:270 ? Adding key: http://localhost:21452 for channel [id: 0x0169fce0, L:/127.0.0.1:58220 - R:localhost/127.0.0.1:21452]
2023-04-27 19:54:22 DEBUG NettyRequestSender:593 ? Using pooled Channel '[id: 0x0169fce0, L:/127.0.0.1:58220 - R:localhost/127.0.0.1:21452]' for 'POST' to 'http://localhost:21452/session/d78870c339a4f45509ee3ab113eca7ab/execute/sync'
2023-04-27 19:54:22 DEBUG NettyRequestSender:251 ? Using open Channel [id: 0x0169fce0, L:/127.0.0.1:58220 - R:localhost/127.0.0.1:21452] for POST '/session/d78870c339a4f45509ee3ab113eca7ab/execute/sync'
2023-04-27 19:54:22 DEBUG HttpHandler:70 ? 

Request DefaultHttpRequest(decodeResult: success, version: HTTP/1.1)
POST /session/d78870c339a4f45509ee3ab113eca7ab/execute/sync HTTP/1.1
User-Agent: selenium/4.9.0 (java windows)
Content-Length: 48807
Content-Type: application/json; charset=utf-8
host: localhost:21452
accept: */*

Response DefaultHttpResponse(decodeResult: success, version: HTTP/1.1)
HTTP/1.1 200 OK
Content-Length: 14
Content-Type: application/json; charset=utf-8
cache-control: no-cache

2023-04-27 19:54:22 DEBUG ChannelManager:270 ? Adding key: http://localhost:21452 for channel [id: 0x0169fce0, L:/127.0.0.1:58220 - R:localhost/127.0.0.1:21452]
2023-04-27 19:54:22 DEBUG NettyRequestSender:593 ? Using pooled Channel '[id: 0x0169fce0, L:/127.0.0.1:58220 - R:localhost/127.0.0.1:21452]' for 'POST' to 'http://localhost:21452/session/d78870c339a4f45509ee3ab113eca7ab/element'
2023-04-27 19:54:22 DEBUG NettyRequestSender:251 ? Using open Channel [id: 0x0169fce0, L:/127.0.0.1:58220 - R:localhost/127.0.0.1:21452] for POST '/session/d78870c339a4f45509ee3ab113eca7ab/element'
2023-04-27 19:54:22 DEBUG HttpHandler:70 ? 

Request DefaultHttpRequest(decodeResult: success, version: HTTP/1.1)
POST /session/d78870c339a4f45509ee3ab113eca7ab/element HTTP/1.1
User-Agent: selenium/4.9.0 (java windows)
Content-Length: 71
Content-Type: application/json; charset=utf-8
host: localhost:21452
accept: */*

Response DefaultHttpResponse(decodeResult: success, version: HTTP/1.1)
HTTP/1.1 200 OK
Content-Length: 88
Content-Type: application/json; charset=utf-8
cache-control: no-cache

2023-04-27 19:54:22 DEBUG ChannelManager:270 ? Adding key: http://localhost:21452 for channel [id: 0x0169fce0, L:/127.0.0.1:58220 - R:localhost/127.0.0.1:21452]
2023-04-27 19:54:22 DEBUG NettyRequestSender:593 ? Using pooled Channel '[id: 0x0169fce0, L:/127.0.0.1:58220 - R:localhost/127.0.0.1:21452]' for 'POST' to 'http://localhost:21452/session/d78870c339a4f45509ee3ab113eca7ab/execute/sync'
2023-04-27 19:54:22 DEBUG NettyRequestSender:251 ? Using open Channel [id: 0x0169fce0, L:/127.0.0.1:58220 - R:localhost/127.0.0.1:21452] for POST '/session/d78870c339a4f45509ee3ab113eca7ab/execute/sync'
2023-04-27 19:54:22 DEBUG HttpHandler:70 ? 

Request DefaultHttpRequest(decodeResult: success, version: HTTP/1.1)
POST /session/d78870c339a4f45509ee3ab113eca7ab/execute/sync HTTP/1.1
User-Agent: selenium/4.9.0 (java windows)
Content-Length: 48807
Content-Type: application/json; charset=utf-8
host: localhost:21452
accept: */*

Response DefaultHttpResponse(decodeResult: success, version: HTTP/1.1)
HTTP/1.1 200 OK
Content-Length: 14
Content-Type: application/json; charset=utf-8
cache-control: no-cache

2023-04-27 19:54:22 DEBUG ChannelManager:270 ? Adding key: http://localhost:21452 for channel [id: 0x0169fce0, L:/127.0.0.1:58220 - R:localhost/127.0.0.1:21452]
2023-04-27 19:55:52 DEBUG InternalLoggerFactory:63 ? Using SLF4J as the default logging framework
2023-04-27 19:55:52 DEBUG ResourceLeakDetector:129 ? -Dio.netty.leakDetection.level: simple
2023-04-27 19:55:52 DEBUG ResourceLeakDetector:130 ? -Dio.netty.leakDetection.targetRecords: 4
2023-04-27 19:55:52 DEBUG ResourceLeakDetectorFactory:196 ? Loaded default ResourceLeakDetector: io.netty.util.ResourceLeakDetector@fd46303
2023-04-27 19:55:52 DEBUG PlatformDependent0:496 ? -Dio.netty.noUnsafe: false
2023-04-27 19:55:52 DEBUG PlatformDependent0:1000 ? Java version: 19
2023-04-27 19:55:52 DEBUG PlatformDependent0:137 ? sun.misc.Unsafe.theUnsafe: available
2023-04-27 19:55:52 DEBUG PlatformDependent0:161 ? sun.misc.Unsafe.copyMemory: available
2023-04-27 19:55:52 DEBUG PlatformDependent0:193 ? sun.misc.Unsafe.storeFence: available
2023-04-27 19:55:52 DEBUG PlatformDependent0:236 ? java.nio.Buffer.address: available
2023-04-27 19:55:52 DEBUG PlatformDependent0:320 ? direct buffer constructor: unavailable: Reflective setAccessible(true) disabled
2023-04-27 19:55:52 DEBUG PlatformDependent0:385 ? java.nio.Bits.unaligned: available, true
2023-04-27 19:55:52 DEBUG PlatformDependent0:452 ? jdk.internal.misc.Unsafe.allocateUninitializedArray(int): unavailable: class io.netty.util.internal.PlatformDependent0$7 cannot access class jdk.internal.misc.Unsafe (in module java.base) because module java.base does not export jdk.internal.misc to unnamed module @5679c6c6
2023-04-27 19:55:52 DEBUG PlatformDependent0:482 ? java.nio.DirectByteBuffer.<init>(long, int): unavailable
2023-04-27 19:55:52 DEBUG PlatformDependent:1159 ? sun.misc.Unsafe: available
2023-04-27 19:55:52 DEBUG PlatformDependent:1270 ? maxDirectMemory: 5339348992 bytes (maybe)
2023-04-27 19:55:52 DEBUG PlatformDependent:1289 ? -Dio.netty.tmpdir: C:\Users\rohit\AppData\Local\Temp (java.io.tmpdir)
2023-04-27 19:55:52 DEBUG PlatformDependent:1368 ? -Dio.netty.bitMode: 64 (sun.arch.data.model)
2023-04-27 19:55:52 DEBUG PlatformDependent:1119 ? Platform: Windows
2023-04-27 19:55:52 DEBUG PlatformDependent:178 ? -Dio.netty.maxDirectMemory: -1 bytes
2023-04-27 19:55:52 DEBUG PlatformDependent:185 ? -Dio.netty.uninitializedArrayAllocationThreshold: -1
2023-04-27 19:55:52 DEBUG CleanerJava9:71 ? java.nio.ByteBuffer.cleaner(): available
2023-04-27 19:55:52 DEBUG PlatformDependent:205 ? -Dio.netty.noPreferDirect: false
2023-04-27 19:55:52 DEBUG PlatformDependent:1010 ? org.jctools-core.MpscChunkedArrayQueue: available
2023-04-27 19:55:53 DEBUG InternalThreadLocalMap:100 ? -Dio.netty.threadLocalMap.stringBuilder.initialSize: 1024
2023-04-27 19:55:53 DEBUG InternalThreadLocalMap:101 ? -Dio.netty.threadLocalMap.stringBuilder.maxSize: 4096
2023-04-27 19:55:53 DEBUG JdkSslContext:83 ? Default protocols (JDK): [TLSv1.3, TLSv1.2] 
2023-04-27 19:55:53 DEBUG JdkSslContext:84 ? Default cipher suites (JDK): [TLS_ECDHE_ECDSA_WITH_AES_256_GCM_SHA384, TLS_ECDHE_ECDSA_WITH_AES_128_GCM_SHA256, TLS_ECDHE_RSA_WITH_AES_128_GCM_SHA256, TLS_ECDHE_RSA_WITH_AES_256_GCM_SHA384, TLS_ECDHE_RSA_WITH_AES_128_CBC_SHA, TLS_ECDHE_RSA_WITH_AES_256_CBC_SHA, TLS_RSA_WITH_AES_128_GCM_SHA256, TLS_RSA_WITH_AES_128_CBC_SHA, TLS_RSA_WITH_AES_256_CBC_SHA, TLS_AES_128_GCM_SHA256, TLS_AES_256_GCM_SHA384]
2023-04-27 19:55:53 DEBUG GlobalEventExecutor:53 ? -Dio.netty.globalEventExecutor.quietPeriodSeconds: 1
2023-04-27 19:55:53 DEBUG MultithreadEventLoopGroup:44 ? -Dio.netty.eventLoopThreads: 16
2023-04-27 19:55:53 DEBUG NioEventLoop:110 ? -Dio.netty.noKeySetOptimization: false
2023-04-27 19:55:53 DEBUG NioEventLoop:111 ? -Dio.netty.selectorAutoRebuildThreshold: 512
2023-04-27 19:55:53 DEBUG PooledByteBufAllocator:157 ? -Dio.netty.allocator.numHeapArenas: 16
2023-04-27 19:55:53 DEBUG PooledByteBufAllocator:158 ? -Dio.netty.allocator.numDirectArenas: 16
2023-04-27 19:55:53 DEBUG PooledByteBufAllocator:160 ? -Dio.netty.allocator.pageSize: 8192
2023-04-27 19:55:53 DEBUG PooledByteBufAllocator:165 ? -Dio.netty.allocator.maxOrder: 9
2023-04-27 19:55:53 DEBUG PooledByteBufAllocator:169 ? -Dio.netty.allocator.chunkSize: 4194304
2023-04-27 19:55:53 DEBUG PooledByteBufAllocator:170 ? -Dio.netty.allocator.smallCacheSize: 256
2023-04-27 19:55:53 DEBUG PooledByteBufAllocator:171 ? -Dio.netty.allocator.normalCacheSize: 64
2023-04-27 19:55:53 DEBUG PooledByteBufAllocator:172 ? -Dio.netty.allocator.maxCachedBufferCapacity: 32768
2023-04-27 19:55:53 DEBUG PooledByteBufAllocator:173 ? -Dio.netty.allocator.cacheTrimInterval: 8192
2023-04-27 19:55:53 DEBUG PooledByteBufAllocator:174 ? -Dio.netty.allocator.cacheTrimIntervalMillis: 0
2023-04-27 19:55:53 DEBUG PooledByteBufAllocator:175 ? -Dio.netty.allocator.useCacheForAllThreads: false
2023-04-27 19:55:53 DEBUG PooledByteBufAllocator:176 ? -Dio.netty.allocator.maxCachedByteBuffersPerChunk: 1023
2023-04-27 19:55:53 DEBUG ByteBufUtil:88 ? -Dio.netty.allocator.type: pooled
2023-04-27 19:55:53 DEBUG ByteBufUtil:97 ? -Dio.netty.threadLocalDirectBufferSize: 0
2023-04-27 19:55:53 DEBUG ByteBufUtil:100 ? -Dio.netty.maxThreadLocalCharBufferSize: 16384
2023-04-27 19:55:54 DEBUG DefaultChannelId:79 ? -Dio.netty.processId: 26148 (auto-detected)
2023-04-27 19:55:54 DEBUG NetUtil:148 ? -Djava.net.preferIPv4Stack: false
2023-04-27 19:55:54 DEBUG NetUtil:149 ? -Djava.net.preferIPv6Addresses: false
2023-04-27 19:55:54 DEBUG NetUtilInitializations:145 ? Loopback interface: lo (Software Loopback Interface 1, 127.0.0.1)
2023-04-27 19:55:54 DEBUG NetUtil:206 ? Failed to get SOMAXCONN from sysctl and file \proc\sys\net\core\somaxconn. Default: 200
2023-04-27 19:55:54 DEBUG DefaultChannelId:101 ? -Dio.netty.machineId: 70:c9:4e:ff:fe:a9:98:9d (auto-detected)
2023-04-27 19:55:54 DEBUG AbstractByteBuf:63 ? -Dio.netty.buffer.checkAccessible: true
2023-04-27 19:55:54 DEBUG AbstractByteBuf:64 ? -Dio.netty.buffer.checkBounds: true
2023-04-27 19:55:54 DEBUG ResourceLeakDetectorFactory:196 ? Loaded default ResourceLeakDetector: io.netty.util.ResourceLeakDetector@7f39ef1c
2023-04-27 19:55:54 DEBUG NettyConnectListener:73 ? Using new Channel '[id: 0x4649e7eb, L:/127.0.0.1:58485 - R:localhost/127.0.0.1:16265]' for 'POST' to '/session'
2023-04-27 19:55:54 DEBUG Recycler:96 ? -Dio.netty.recycler.maxCapacityPerThread: 4096
2023-04-27 19:55:54 DEBUG Recycler:97 ? -Dio.netty.recycler.ratio: 8
2023-04-27 19:55:54 DEBUG Recycler:98 ? -Dio.netty.recycler.chunkSize: 32
2023-04-27 19:55:54 DEBUG Recycler:99 ? -Dio.netty.recycler.blocking: false
2023-04-27 19:55:54 DEBUG Recycler:100 ? -Dio.netty.recycler.batchFastThreadLocalOnly: true
2023-04-27 19:55:55 DEBUG Brotli:38 ? brotli4j not in the classpath; Brotli support will be unavailable.
2023-04-27 19:55:55 DEBUG HttpHandler:70 ? 

Request DefaultHttpRequest(decodeResult: success, version: HTTP/1.1)
POST /session HTTP/1.1
User-Agent: selenium/4.9.0 (java windows)
Content-Length: 254
Content-Type: application/json; charset=utf-8
host: localhost:16265
accept: */*

Response DefaultHttpResponse(decodeResult: success, version: HTTP/1.1)
HTTP/1.1 200 OK
Content-Length: 860
Content-Type: application/json; charset=utf-8
cache-control: no-cache

2023-04-27 19:55:55 DEBUG ChannelManager:270 ? Adding key: http://localhost:16265 for channel [id: 0x4649e7eb, L:/127.0.0.1:58485 - R:localhost/127.0.0.1:16265]
2023-04-27 19:55:56 DEBUG NettyConnectListener:73 ? Using new Channel '[id: 0xb7d59c27, L:/127.0.0.1:58505 - R:localhost/127.0.0.1:58492]' for 'GET' to '/json/version'
2023-04-27 19:55:56 DEBUG HttpHandler:70 ? 

Request DefaultFullHttpRequest(decodeResult: success, version: HTTP/1.1, content: EmptyByteBufBE)
GET /json/version HTTP/1.1
User-Agent: selenium/4.9.0 (java windows)
host: localhost:58492
accept: */*

Response DefaultHttpResponse(decodeResult: success, version: HTTP/1.1)
HTTP/1.1 200 OK
Content-Security-Policy: frame-ancestors 'none'
Content-Length: 424
Content-Type: application/json; charset=UTF-8

2023-04-27 19:55:56 DEBUG ChannelManager:270 ? Adding key: http://localhost:58492 for channel [id: 0xb7d59c27, L:/127.0.0.1:58505 - R:localhost/127.0.0.1:58492]
2023-04-27 19:55:56 DEBUG ThreadLocalRandom:214 ? -Dio.netty.initialSeedUniquifier: 0xcf9d00091b1d2e8d
2023-04-27 19:55:56 DEBUG NettyConnectListener:73 ? Using new Channel '[id: 0x9af429ef, L:/127.0.0.1:58506 - R:localhost/127.0.0.1:58492]' for 'GET' to '/devtools/browser/918869cb-edfd-4169-889d-02c9c6bd0b89'
2023-04-27 19:55:56 DEBUG WebSocketHandler:105 ? 

Request DefaultFullHttpRequest(decodeResult: success, version: HTTP/1.1, content: EmptyByteBufBE)
GET /devtools/browser/918869cb-edfd-4169-889d-02c9c6bd0b89 HTTP/1.1
upgrade: websocket
connection: upgrade
sec-websocket-key: 8ObxS9BxGP+pGDdC2g5MXw==
sec-websocket-version: 13
origin: http://localhost:58492
host: localhost:58492
accept: */*
user-agent: AHC/2.1

Response DefaultHttpResponse(decodeResult: success, version: HTTP/1.1)
HTTP/1.1 101 WebSocket Protocol Handshake
Upgrade: WebSocket
Connection: Upgrade
Sec-WebSocket-Accept: wtgKRjrkv0SN6AUoGrnHjMh9ofs=

2023-04-27 19:55:56 DEBUG NettyRequestSender:593 ? Using pooled Channel '[id: 0x4649e7eb, L:/127.0.0.1:58485 - R:localhost/127.0.0.1:16265]' for 'POST' to 'http://localhost:16265/session/87fb9c51164a9a4eee03e0b532d4ca7c/window/maximize'
2023-04-27 19:55:56 DEBUG NettyRequestSender:251 ? Using open Channel [id: 0x4649e7eb, L:/127.0.0.1:58485 - R:localhost/127.0.0.1:16265] for POST '/session/87fb9c51164a9a4eee03e0b532d4ca7c/window/maximize'
2023-04-27 19:55:56 DEBUG HttpHandler:70 ? 

Request DefaultHttpRequest(decodeResult: success, version: HTTP/1.1)
POST /session/87fb9c51164a9a4eee03e0b532d4ca7c/window/maximize HTTP/1.1
User-Agent: selenium/4.9.0 (java windows)
Content-Length: 3
Content-Type: application/json; charset=utf-8
host: localhost:16265
accept: */*

Response DefaultHttpResponse(decodeResult: success, version: HTTP/1.1)
HTTP/1.1 200 OK
Content-Length: 52
Content-Type: application/json; charset=utf-8
cache-control: no-cache

2023-04-27 19:55:56 DEBUG ChannelManager:270 ? Adding key: http://localhost:16265 for channel [id: 0x4649e7eb, L:/127.0.0.1:58485 - R:localhost/127.0.0.1:16265]
2023-04-27 19:55:56 DEBUG NettyRequestSender:593 ? Using pooled Channel '[id: 0x4649e7eb, L:/127.0.0.1:58485 - R:localhost/127.0.0.1:16265]' for 'POST' to 'http://localhost:16265/session/87fb9c51164a9a4eee03e0b532d4ca7c/timeouts'
2023-04-27 19:55:56 DEBUG NettyRequestSender:251 ? Using open Channel [id: 0x4649e7eb, L:/127.0.0.1:58485 - R:localhost/127.0.0.1:16265] for POST '/session/87fb9c51164a9a4eee03e0b532d4ca7c/timeouts'
2023-04-27 19:55:56 DEBUG HttpHandler:70 ? 

Request DefaultHttpRequest(decodeResult: success, version: HTTP/1.1)
POST /session/87fb9c51164a9a4eee03e0b532d4ca7c/timeouts HTTP/1.1
User-Agent: selenium/4.9.0 (java windows)
Content-Length: 23
Content-Type: application/json; charset=utf-8
host: localhost:16265
accept: */*

Response DefaultHttpResponse(decodeResult: success, version: HTTP/1.1)
HTTP/1.1 200 OK
Content-Length: 14
Content-Type: application/json; charset=utf-8
cache-control: no-cache

2023-04-27 19:55:56 DEBUG ChannelManager:270 ? Adding key: http://localhost:16265 for channel [id: 0x4649e7eb, L:/127.0.0.1:58485 - R:localhost/127.0.0.1:16265]
2023-04-27 19:55:56 DEBUG DefaultChannelPool:348 ? Entry count for : http://localhost:58492 : 1
2023-04-27 19:55:56 DEBUG DefaultChannelPool:348 ? Entry count for : http://localhost:16265 : 1
2023-04-27 19:55:56 DEBUG NettyRequestSender:593 ? Using pooled Channel '[id: 0x4649e7eb, L:/127.0.0.1:58485 - R:localhost/127.0.0.1:16265]' for 'POST' to 'http://localhost:16265/session/87fb9c51164a9a4eee03e0b532d4ca7c/url'
2023-04-27 19:55:56 DEBUG NettyRequestSender:251 ? Using open Channel [id: 0x4649e7eb, L:/127.0.0.1:58485 - R:localhost/127.0.0.1:16265] for POST '/session/87fb9c51164a9a4eee03e0b532d4ca7c/url'
2023-04-27 19:55:57 DEBUG HttpHandler:70 ? 

Request DefaultHttpRequest(decodeResult: success, version: HTTP/1.1)
POST /session/87fb9c51164a9a4eee03e0b532d4ca7c/url HTTP/1.1
User-Agent: selenium/4.9.0 (java windows)
Content-Length: 67
Content-Type: application/json; charset=utf-8
host: localhost:16265
accept: */*

Response DefaultHttpResponse(decodeResult: success, version: HTTP/1.1)
HTTP/1.1 200 OK
Content-Length: 14
Content-Type: application/json; charset=utf-8
cache-control: no-cache

2023-04-27 19:55:57 DEBUG ChannelManager:270 ? Adding key: http://localhost:16265 for channel [id: 0x4649e7eb, L:/127.0.0.1:58485 - R:localhost/127.0.0.1:16265]
2023-04-27 19:55:57 DEBUG NettyRequestSender:593 ? Using pooled Channel '[id: 0x4649e7eb, L:/127.0.0.1:58485 - R:localhost/127.0.0.1:16265]' for 'POST' to 'http://localhost:16265/session/87fb9c51164a9a4eee03e0b532d4ca7c/element'
2023-04-27 19:55:57 DEBUG NettyRequestSender:251 ? Using open Channel [id: 0x4649e7eb, L:/127.0.0.1:58485 - R:localhost/127.0.0.1:16265] for POST '/session/87fb9c51164a9a4eee03e0b532d4ca7c/element'
2023-04-27 19:55:57 DEBUG HttpHandler:70 ? 

Request DefaultHttpRequest(decodeResult: success, version: HTTP/1.1)
POST /session/87fb9c51164a9a4eee03e0b532d4ca7c/element HTTP/1.1
User-Agent: selenium/4.9.0 (java windows)
Content-Length: 53
Content-Type: application/json; charset=utf-8
host: localhost:16265
accept: */*

Response DefaultHttpResponse(decodeResult: success, version: HTTP/1.1)
HTTP/1.1 200 OK
Content-Length: 88
Content-Type: application/json; charset=utf-8
cache-control: no-cache

2023-04-27 19:55:57 DEBUG ChannelManager:270 ? Adding key: http://localhost:16265 for channel [id: 0x4649e7eb, L:/127.0.0.1:58485 - R:localhost/127.0.0.1:16265]
2023-04-27 19:55:57 DEBUG NettyRequestSender:593 ? Using pooled Channel '[id: 0x4649e7eb, L:/127.0.0.1:58485 - R:localhost/127.0.0.1:16265]' for 'POST' to 'http://localhost:16265/session/87fb9c51164a9a4eee03e0b532d4ca7c/execute/sync'
2023-04-27 19:55:57 DEBUG NettyRequestSender:251 ? Using open Channel [id: 0x4649e7eb, L:/127.0.0.1:58485 - R:localhost/127.0.0.1:16265] for POST '/session/87fb9c51164a9a4eee03e0b532d4ca7c/execute/sync'
2023-04-27 19:55:57 DEBUG HttpHandler:70 ? 

Request DefaultHttpRequest(decodeResult: success, version: HTTP/1.1)
POST /session/87fb9c51164a9a4eee03e0b532d4ca7c/execute/sync HTTP/1.1
User-Agent: selenium/4.9.0 (java windows)
Content-Length: 48807
Content-Type: application/json; charset=utf-8
host: localhost:16265
accept: */*

Response DefaultHttpResponse(decodeResult: success, version: HTTP/1.1)
HTTP/1.1 200 OK
Content-Length: 14
Content-Type: application/json; charset=utf-8
cache-control: no-cache

2023-04-27 19:55:57 DEBUG ChannelManager:270 ? Adding key: http://localhost:16265 for channel [id: 0x4649e7eb, L:/127.0.0.1:58485 - R:localhost/127.0.0.1:16265]
2023-04-27 19:55:57 DEBUG NettyRequestSender:593 ? Using pooled Channel '[id: 0x4649e7eb, L:/127.0.0.1:58485 - R:localhost/127.0.0.1:16265]' for 'POST' to 'http://localhost:16265/session/87fb9c51164a9a4eee03e0b532d4ca7c/element'
2023-04-27 19:55:57 DEBUG NettyRequestSender:251 ? Using open Channel [id: 0x4649e7eb, L:/127.0.0.1:58485 - R:localhost/127.0.0.1:16265] for POST '/session/87fb9c51164a9a4eee03e0b532d4ca7c/element'
2023-04-27 19:55:57 DEBUG HttpHandler:70 ? 

Request DefaultHttpRequest(decodeResult: success, version: HTTP/1.1)
POST /session/87fb9c51164a9a4eee03e0b532d4ca7c/element HTTP/1.1
User-Agent: selenium/4.9.0 (java windows)
Content-Length: 54
Content-Type: application/json; charset=utf-8
host: localhost:16265
accept: */*

Response DefaultHttpResponse(decodeResult: success, version: HTTP/1.1)
HTTP/1.1 200 OK
Content-Length: 88
Content-Type: application/json; charset=utf-8
cache-control: no-cache

2023-04-27 19:55:57 DEBUG ChannelManager:270 ? Adding key: http://localhost:16265 for channel [id: 0x4649e7eb, L:/127.0.0.1:58485 - R:localhost/127.0.0.1:16265]
2023-04-27 19:55:57 DEBUG NettyRequestSender:593 ? Using pooled Channel '[id: 0x4649e7eb, L:/127.0.0.1:58485 - R:localhost/127.0.0.1:16265]' for 'POST' to 'http://localhost:16265/session/87fb9c51164a9a4eee03e0b532d4ca7c/execute/sync'
2023-04-27 19:55:57 DEBUG NettyRequestSender:251 ? Using open Channel [id: 0x4649e7eb, L:/127.0.0.1:58485 - R:localhost/127.0.0.1:16265] for POST '/session/87fb9c51164a9a4eee03e0b532d4ca7c/execute/sync'
2023-04-27 19:55:57 DEBUG HttpHandler:70 ? 

Request DefaultHttpRequest(decodeResult: success, version: HTTP/1.1)
POST /session/87fb9c51164a9a4eee03e0b532d4ca7c/execute/sync HTTP/1.1
User-Agent: selenium/4.9.0 (java windows)
Content-Length: 48807
Content-Type: application/json; charset=utf-8
host: localhost:16265
accept: */*

Response DefaultHttpResponse(decodeResult: success, version: HTTP/1.1)
HTTP/1.1 200 OK
Content-Length: 14
Content-Type: application/json; charset=utf-8
cache-control: no-cache

2023-04-27 19:55:57 DEBUG ChannelManager:270 ? Adding key: http://localhost:16265 for channel [id: 0x4649e7eb, L:/127.0.0.1:58485 - R:localhost/127.0.0.1:16265]
2023-04-27 19:55:57 DEBUG NettyRequestSender:593 ? Using pooled Channel '[id: 0x4649e7eb, L:/127.0.0.1:58485 - R:localhost/127.0.0.1:16265]' for 'POST' to 'http://localhost:16265/session/87fb9c51164a9a4eee03e0b532d4ca7c/element'
2023-04-27 19:55:57 DEBUG NettyRequestSender:251 ? Using open Channel [id: 0x4649e7eb, L:/127.0.0.1:58485 - R:localhost/127.0.0.1:16265] for POST '/session/87fb9c51164a9a4eee03e0b532d4ca7c/element'
2023-04-27 19:55:57 DEBUG HttpHandler:70 ? 

Request DefaultHttpRequest(decodeResult: success, version: HTTP/1.1)
POST /session/87fb9c51164a9a4eee03e0b532d4ca7c/element HTTP/1.1
User-Agent: selenium/4.9.0 (java windows)
Content-Length: 53
Content-Type: application/json; charset=utf-8
host: localhost:16265
accept: */*

Response DefaultHttpResponse(decodeResult: success, version: HTTP/1.1)
HTTP/1.1 200 OK
Content-Length: 88
Content-Type: application/json; charset=utf-8
cache-control: no-cache

2023-04-27 19:55:57 DEBUG ChannelManager:270 ? Adding key: http://localhost:16265 for channel [id: 0x4649e7eb, L:/127.0.0.1:58485 - R:localhost/127.0.0.1:16265]
2023-04-27 19:55:57 DEBUG NettyRequestSender:593 ? Using pooled Channel '[id: 0x4649e7eb, L:/127.0.0.1:58485 - R:localhost/127.0.0.1:16265]' for 'POST' to 'http://localhost:16265/session/87fb9c51164a9a4eee03e0b532d4ca7c/execute/sync'
2023-04-27 19:55:57 DEBUG NettyRequestSender:251 ? Using open Channel [id: 0x4649e7eb, L:/127.0.0.1:58485 - R:localhost/127.0.0.1:16265] for POST '/session/87fb9c51164a9a4eee03e0b532d4ca7c/execute/sync'
2023-04-27 19:55:57 DEBUG HttpHandler:70 ? 

Request DefaultHttpRequest(decodeResult: success, version: HTTP/1.1)
POST /session/87fb9c51164a9a4eee03e0b532d4ca7c/execute/sync HTTP/1.1
User-Agent: selenium/4.9.0 (java windows)
Content-Length: 48807
Content-Type: application/json; charset=utf-8
host: localhost:16265
accept: */*

Response DefaultHttpResponse(decodeResult: success, version: HTTP/1.1)
HTTP/1.1 200 OK
Content-Length: 14
Content-Type: application/json; charset=utf-8
cache-control: no-cache

2023-04-27 19:55:57 DEBUG ChannelManager:270 ? Adding key: http://localhost:16265 for channel [id: 0x4649e7eb, L:/127.0.0.1:58485 - R:localhost/127.0.0.1:16265]
2023-04-27 19:55:57 DEBUG NettyRequestSender:593 ? Using pooled Channel '[id: 0x4649e7eb, L:/127.0.0.1:58485 - R:localhost/127.0.0.1:16265]' for 'POST' to 'http://localhost:16265/session/87fb9c51164a9a4eee03e0b532d4ca7c/element'
2023-04-27 19:55:57 DEBUG NettyRequestSender:251 ? Using open Channel [id: 0x4649e7eb, L:/127.0.0.1:58485 - R:localhost/127.0.0.1:16265] for POST '/session/87fb9c51164a9a4eee03e0b532d4ca7c/element'
2023-04-27 19:55:57 DEBUG DefaultChannelPool:348 ? Entry count for : http://localhost:58492 : 1
2023-04-27 19:55:57 DEBUG HttpHandler:70 ? 

Request DefaultHttpRequest(decodeResult: success, version: HTTP/1.1)
POST /session/87fb9c51164a9a4eee03e0b532d4ca7c/element HTTP/1.1
User-Agent: selenium/4.9.0 (java windows)
Content-Length: 53
Content-Type: application/json; charset=utf-8
host: localhost:16265
accept: */*

Response DefaultHttpResponse(decodeResult: success, version: HTTP/1.1)
HTTP/1.1 200 OK
Content-Length: 88
Content-Type: application/json; charset=utf-8
cache-control: no-cache

2023-04-27 19:55:57 DEBUG ChannelManager:270 ? Adding key: http://localhost:16265 for channel [id: 0x4649e7eb, L:/127.0.0.1:58485 - R:localhost/127.0.0.1:16265]
2023-04-27 19:55:57 DEBUG NettyRequestSender:593 ? Using pooled Channel '[id: 0x4649e7eb, L:/127.0.0.1:58485 - R:localhost/127.0.0.1:16265]' for 'POST' to 'http://localhost:16265/session/87fb9c51164a9a4eee03e0b532d4ca7c/execute/sync'
2023-04-27 19:55:57 DEBUG NettyRequestSender:251 ? Using open Channel [id: 0x4649e7eb, L:/127.0.0.1:58485 - R:localhost/127.0.0.1:16265] for POST '/session/87fb9c51164a9a4eee03e0b532d4ca7c/execute/sync'
2023-04-27 19:55:57 DEBUG HttpHandler:70 ? 

Request DefaultHttpRequest(decodeResult: success, version: HTTP/1.1)
POST /session/87fb9c51164a9a4eee03e0b532d4ca7c/execute/sync HTTP/1.1
User-Agent: selenium/4.9.0 (java windows)
Content-Length: 48807
Content-Type: application/json; charset=utf-8
host: localhost:16265
accept: */*

Response DefaultHttpResponse(decodeResult: success, version: HTTP/1.1)
HTTP/1.1 200 OK
Content-Length: 14
Content-Type: application/json; charset=utf-8
cache-control: no-cache

2023-04-27 19:55:57 DEBUG ChannelManager:270 ? Adding key: http://localhost:16265 for channel [id: 0x4649e7eb, L:/127.0.0.1:58485 - R:localhost/127.0.0.1:16265]
2023-04-27 19:55:57 DEBUG NettyRequestSender:593 ? Using pooled Channel '[id: 0x4649e7eb, L:/127.0.0.1:58485 - R:localhost/127.0.0.1:16265]' for 'POST' to 'http://localhost:16265/session/87fb9c51164a9a4eee03e0b532d4ca7c/element'
2023-04-27 19:55:57 DEBUG NettyRequestSender:251 ? Using open Channel [id: 0x4649e7eb, L:/127.0.0.1:58485 - R:localhost/127.0.0.1:16265] for POST '/session/87fb9c51164a9a4eee03e0b532d4ca7c/element'
2023-04-27 19:55:57 DEBUG HttpHandler:70 ? 

Request DefaultHttpRequest(decodeResult: success, version: HTTP/1.1)
POST /session/87fb9c51164a9a4eee03e0b532d4ca7c/element HTTP/1.1
User-Agent: selenium/4.9.0 (java windows)
Content-Length: 60
Content-Type: application/json; charset=utf-8
host: localhost:16265
accept: */*

Response DefaultHttpResponse(decodeResult: success, version: HTTP/1.1)
HTTP/1.1 200 OK
Content-Length: 88
Content-Type: application/json; charset=utf-8
cache-control: no-cache

2023-04-27 19:55:57 DEBUG ChannelManager:270 ? Adding key: http://localhost:16265 for channel [id: 0x4649e7eb, L:/127.0.0.1:58485 - R:localhost/127.0.0.1:16265]
2023-04-27 19:55:57 DEBUG NettyRequestSender:593 ? Using pooled Channel '[id: 0x4649e7eb, L:/127.0.0.1:58485 - R:localhost/127.0.0.1:16265]' for 'POST' to 'http://localhost:16265/session/87fb9c51164a9a4eee03e0b532d4ca7c/execute/sync'
2023-04-27 19:55:57 DEBUG NettyRequestSender:251 ? Using open Channel [id: 0x4649e7eb, L:/127.0.0.1:58485 - R:localhost/127.0.0.1:16265] for POST '/session/87fb9c51164a9a4eee03e0b532d4ca7c/execute/sync'
2023-04-27 19:55:57 DEBUG HttpHandler:70 ? 

Request DefaultHttpRequest(decodeResult: success, version: HTTP/1.1)
POST /session/87fb9c51164a9a4eee03e0b532d4ca7c/execute/sync HTTP/1.1
User-Agent: selenium/4.9.0 (java windows)
Content-Length: 48807
Content-Type: application/json; charset=utf-8
host: localhost:16265
accept: */*

Response DefaultHttpResponse(decodeResult: success, version: HTTP/1.1)
HTTP/1.1 200 OK
Content-Length: 14
Content-Type: application/json; charset=utf-8
cache-control: no-cache

2023-04-27 19:55:57 DEBUG ChannelManager:270 ? Adding key: http://localhost:16265 for channel [id: 0x4649e7eb, L:/127.0.0.1:58485 - R:localhost/127.0.0.1:16265]
2023-04-27 19:55:57 DEBUG NettyRequestSender:593 ? Using pooled Channel '[id: 0x4649e7eb, L:/127.0.0.1:58485 - R:localhost/127.0.0.1:16265]' for 'POST' to 'http://localhost:16265/session/87fb9c51164a9a4eee03e0b532d4ca7c/element'
2023-04-27 19:55:57 DEBUG NettyRequestSender:251 ? Using open Channel [id: 0x4649e7eb, L:/127.0.0.1:58485 - R:localhost/127.0.0.1:16265] for POST '/session/87fb9c51164a9a4eee03e0b532d4ca7c/element'
2023-04-27 19:55:57 DEBUG HttpHandler:70 ? 

Request DefaultHttpRequest(decodeResult: success, version: HTTP/1.1)
POST /session/87fb9c51164a9a4eee03e0b532d4ca7c/element HTTP/1.1
User-Agent: selenium/4.9.0 (java windows)
Content-Length: 53
Content-Type: application/json; charset=utf-8
host: localhost:16265
accept: */*

Response DefaultHttpResponse(decodeResult: success, version: HTTP/1.1)
HTTP/1.1 200 OK
Content-Length: 88
Content-Type: application/json; charset=utf-8
cache-control: no-cache

2023-04-27 19:55:57 DEBUG ChannelManager:270 ? Adding key: http://localhost:16265 for channel [id: 0x4649e7eb, L:/127.0.0.1:58485 - R:localhost/127.0.0.1:16265]
2023-04-27 19:55:57 DEBUG NettyRequestSender:593 ? Using pooled Channel '[id: 0x4649e7eb, L:/127.0.0.1:58485 - R:localhost/127.0.0.1:16265]' for 'POST' to 'http://localhost:16265/session/87fb9c51164a9a4eee03e0b532d4ca7c/actions'
2023-04-27 19:55:57 DEBUG NettyRequestSender:251 ? Using open Channel [id: 0x4649e7eb, L:/127.0.0.1:58485 - R:localhost/127.0.0.1:16265] for POST '/session/87fb9c51164a9a4eee03e0b532d4ca7c/actions'
2023-04-27 19:55:57 DEBUG HttpHandler:70 ? 

Request DefaultHttpRequest(decodeResult: success, version: HTTP/1.1)
POST /session/87fb9c51164a9a4eee03e0b532d4ca7c/actions HTTP/1.1
User-Agent: selenium/4.9.0 (java windows)
Content-Length: 3755
Content-Type: application/json; charset=utf-8
host: localhost:16265
accept: */*

Response DefaultHttpResponse(decodeResult: success, version: HTTP/1.1)
HTTP/1.1 200 OK
Content-Length: 14
Content-Type: application/json; charset=utf-8
cache-control: no-cache

2023-04-27 19:55:57 DEBUG ChannelManager:270 ? Adding key: http://localhost:16265 for channel [id: 0x4649e7eb, L:/127.0.0.1:58485 - R:localhost/127.0.0.1:16265]
2023-04-27 19:55:57 DEBUG NettyRequestSender:593 ? Using pooled Channel '[id: 0x4649e7eb, L:/127.0.0.1:58485 - R:localhost/127.0.0.1:16265]' for 'POST' to 'http://localhost:16265/session/87fb9c51164a9a4eee03e0b532d4ca7c/element'
2023-04-27 19:55:57 DEBUG NettyRequestSender:251 ? Using open Channel [id: 0x4649e7eb, L:/127.0.0.1:58485 - R:localhost/127.0.0.1:16265] for POST '/session/87fb9c51164a9a4eee03e0b532d4ca7c/element'
2023-04-27 19:55:57 DEBUG HttpHandler:70 ? 

Request DefaultHttpRequest(decodeResult: success, version: HTTP/1.1)
POST /session/87fb9c51164a9a4eee03e0b532d4ca7c/element HTTP/1.1
User-Agent: selenium/4.9.0 (java windows)
Content-Length: 54
Content-Type: application/json; charset=utf-8
host: localhost:16265
accept: */*

Response DefaultHttpResponse(decodeResult: success, version: HTTP/1.1)
HTTP/1.1 200 OK
Content-Length: 88
Content-Type: application/json; charset=utf-8
cache-control: no-cache

2023-04-27 19:55:57 DEBUG ChannelManager:270 ? Adding key: http://localhost:16265 for channel [id: 0x4649e7eb, L:/127.0.0.1:58485 - R:localhost/127.0.0.1:16265]
2023-04-27 19:55:57 DEBUG NettyRequestSender:593 ? Using pooled Channel '[id: 0x4649e7eb, L:/127.0.0.1:58485 - R:localhost/127.0.0.1:16265]' for 'POST' to 'http://localhost:16265/session/87fb9c51164a9a4eee03e0b532d4ca7c/actions'
2023-04-27 19:55:57 DEBUG NettyRequestSender:251 ? Using open Channel [id: 0x4649e7eb, L:/127.0.0.1:58485 - R:localhost/127.0.0.1:16265] for POST '/session/87fb9c51164a9a4eee03e0b532d4ca7c/actions'
2023-04-27 19:55:58 DEBUG HttpHandler:70 ? 

Request DefaultHttpRequest(decodeResult: success, version: HTTP/1.1)
POST /session/87fb9c51164a9a4eee03e0b532d4ca7c/actions HTTP/1.1
User-Agent: selenium/4.9.0 (java windows)
Content-Length: 3755
Content-Type: application/json; charset=utf-8
host: localhost:16265
accept: */*

Response DefaultHttpResponse(decodeResult: success, version: HTTP/1.1)
HTTP/1.1 200 OK
Content-Length: 14
Content-Type: application/json; charset=utf-8
cache-control: no-cache

2023-04-27 19:55:58 DEBUG ChannelManager:270 ? Adding key: http://localhost:16265 for channel [id: 0x4649e7eb, L:/127.0.0.1:58485 - R:localhost/127.0.0.1:16265]
2023-04-27 19:55:58 DEBUG NettyRequestSender:593 ? Using pooled Channel '[id: 0x4649e7eb, L:/127.0.0.1:58485 - R:localhost/127.0.0.1:16265]' for 'POST' to 'http://localhost:16265/session/87fb9c51164a9a4eee03e0b532d4ca7c/element'
2023-04-27 19:55:58 DEBUG NettyRequestSender:251 ? Using open Channel [id: 0x4649e7eb, L:/127.0.0.1:58485 - R:localhost/127.0.0.1:16265] for POST '/session/87fb9c51164a9a4eee03e0b532d4ca7c/element'
2023-04-27 19:55:58 DEBUG HttpHandler:70 ? 

Request DefaultHttpRequest(decodeResult: success, version: HTTP/1.1)
POST /session/87fb9c51164a9a4eee03e0b532d4ca7c/element HTTP/1.1
User-Agent: selenium/4.9.0 (java windows)
Content-Length: 53
Content-Type: application/json; charset=utf-8
host: localhost:16265
accept: */*

Response DefaultHttpResponse(decodeResult: success, version: HTTP/1.1)
HTTP/1.1 200 OK
Content-Length: 88
Content-Type: application/json; charset=utf-8
cache-control: no-cache

2023-04-27 19:55:58 DEBUG ChannelManager:270 ? Adding key: http://localhost:16265 for channel [id: 0x4649e7eb, L:/127.0.0.1:58485 - R:localhost/127.0.0.1:16265]
2023-04-27 19:55:58 DEBUG NettyRequestSender:593 ? Using pooled Channel '[id: 0x4649e7eb, L:/127.0.0.1:58485 - R:localhost/127.0.0.1:16265]' for 'POST' to 'http://localhost:16265/session/87fb9c51164a9a4eee03e0b532d4ca7c/actions'
2023-04-27 19:55:58 DEBUG NettyRequestSender:251 ? Using open Channel [id: 0x4649e7eb, L:/127.0.0.1:58485 - R:localhost/127.0.0.1:16265] for POST '/session/87fb9c51164a9a4eee03e0b532d4ca7c/actions'
2023-04-27 19:55:58 DEBUG HttpHandler:70 ? 

Request DefaultHttpRequest(decodeResult: success, version: HTTP/1.1)
POST /session/87fb9c51164a9a4eee03e0b532d4ca7c/actions HTTP/1.1
User-Agent: selenium/4.9.0 (java windows)
Content-Length: 3755
Content-Type: application/json; charset=utf-8
host: localhost:16265
accept: */*

Response DefaultHttpResponse(decodeResult: success, version: HTTP/1.1)
HTTP/1.1 200 OK
Content-Length: 14
Content-Type: application/json; charset=utf-8
cache-control: no-cache

2023-04-27 19:55:58 DEBUG ChannelManager:270 ? Adding key: http://localhost:16265 for channel [id: 0x4649e7eb, L:/127.0.0.1:58485 - R:localhost/127.0.0.1:16265]
2023-04-27 19:55:58 DEBUG NettyRequestSender:593 ? Using pooled Channel '[id: 0x4649e7eb, L:/127.0.0.1:58485 - R:localhost/127.0.0.1:16265]' for 'POST' to 'http://localhost:16265/session/87fb9c51164a9a4eee03e0b532d4ca7c/element'
2023-04-27 19:55:58 DEBUG NettyRequestSender:251 ? Using open Channel [id: 0x4649e7eb, L:/127.0.0.1:58485 - R:localhost/127.0.0.1:16265] for POST '/session/87fb9c51164a9a4eee03e0b532d4ca7c/element'
2023-04-27 19:55:58 DEBUG HttpHandler:70 ? 

Request DefaultHttpRequest(decodeResult: success, version: HTTP/1.1)
POST /session/87fb9c51164a9a4eee03e0b532d4ca7c/element HTTP/1.1
User-Agent: selenium/4.9.0 (java windows)
Content-Length: 53
Content-Type: application/json; charset=utf-8
host: localhost:16265
accept: */*

Response DefaultHttpResponse(decodeResult: success, version: HTTP/1.1)
HTTP/1.1 200 OK
Content-Length: 88
Content-Type: application/json; charset=utf-8
cache-control: no-cache

2023-04-27 19:55:58 DEBUG ChannelManager:270 ? Adding key: http://localhost:16265 for channel [id: 0x4649e7eb, L:/127.0.0.1:58485 - R:localhost/127.0.0.1:16265]
2023-04-27 19:55:58 DEBUG NettyRequestSender:593 ? Using pooled Channel '[id: 0x4649e7eb, L:/127.0.0.1:58485 - R:localhost/127.0.0.1:16265]' for 'POST' to 'http://localhost:16265/session/87fb9c51164a9a4eee03e0b532d4ca7c/actions'
2023-04-27 19:55:58 DEBUG NettyRequestSender:251 ? Using open Channel [id: 0x4649e7eb, L:/127.0.0.1:58485 - R:localhost/127.0.0.1:16265] for POST '/session/87fb9c51164a9a4eee03e0b532d4ca7c/actions'
2023-04-27 19:55:58 DEBUG HttpHandler:70 ? 

Request DefaultHttpRequest(decodeResult: success, version: HTTP/1.1)
POST /session/87fb9c51164a9a4eee03e0b532d4ca7c/actions HTTP/1.1
User-Agent: selenium/4.9.0 (java windows)
Content-Length: 3755
Content-Type: application/json; charset=utf-8
host: localhost:16265
accept: */*

Response DefaultHttpResponse(decodeResult: success, version: HTTP/1.1)
HTTP/1.1 200 OK
Content-Length: 14
Content-Type: application/json; charset=utf-8
cache-control: no-cache

2023-04-27 19:55:58 DEBUG ChannelManager:270 ? Adding key: http://localhost:16265 for channel [id: 0x4649e7eb, L:/127.0.0.1:58485 - R:localhost/127.0.0.1:16265]
2023-04-27 19:55:58 DEBUG NettyRequestSender:593 ? Using pooled Channel '[id: 0x4649e7eb, L:/127.0.0.1:58485 - R:localhost/127.0.0.1:16265]' for 'POST' to 'http://localhost:16265/session/87fb9c51164a9a4eee03e0b532d4ca7c/element'
2023-04-27 19:55:58 DEBUG NettyRequestSender:251 ? Using open Channel [id: 0x4649e7eb, L:/127.0.0.1:58485 - R:localhost/127.0.0.1:16265] for POST '/session/87fb9c51164a9a4eee03e0b532d4ca7c/element'
2023-04-27 19:55:58 DEBUG HttpHandler:70 ? 

Request DefaultHttpRequest(decodeResult: success, version: HTTP/1.1)
POST /session/87fb9c51164a9a4eee03e0b532d4ca7c/element HTTP/1.1
User-Agent: selenium/4.9.0 (java windows)
Content-Length: 60
Content-Type: application/json; charset=utf-8
host: localhost:16265
accept: */*

Response DefaultHttpResponse(decodeResult: success, version: HTTP/1.1)
HTTP/1.1 200 OK
Content-Length: 88
Content-Type: application/json; charset=utf-8
cache-control: no-cache

2023-04-27 19:55:58 DEBUG ChannelManager:270 ? Adding key: http://localhost:16265 for channel [id: 0x4649e7eb, L:/127.0.0.1:58485 - R:localhost/127.0.0.1:16265]
2023-04-27 19:55:58 DEBUG NettyRequestSender:593 ? Using pooled Channel '[id: 0x4649e7eb, L:/127.0.0.1:58485 - R:localhost/127.0.0.1:16265]' for 'POST' to 'http://localhost:16265/session/87fb9c51164a9a4eee03e0b532d4ca7c/actions'
2023-04-27 19:55:58 DEBUG NettyRequestSender:251 ? Using open Channel [id: 0x4649e7eb, L:/127.0.0.1:58485 - R:localhost/127.0.0.1:16265] for POST '/session/87fb9c51164a9a4eee03e0b532d4ca7c/actions'
2023-04-27 19:55:58 DEBUG DefaultChannelPool:348 ? Entry count for : http://localhost:58492 : 1
2023-04-27 19:55:58 DEBUG HttpHandler:70 ? 

Request DefaultHttpRequest(decodeResult: success, version: HTTP/1.1)
POST /session/87fb9c51164a9a4eee03e0b532d4ca7c/actions HTTP/1.1
User-Agent: selenium/4.9.0 (java windows)
Content-Length: 3755
Content-Type: application/json; charset=utf-8
host: localhost:16265
accept: */*

Response DefaultHttpResponse(decodeResult: success, version: HTTP/1.1)
HTTP/1.1 200 OK
Content-Length: 14
Content-Type: application/json; charset=utf-8
cache-control: no-cache

2023-04-27 19:55:58 DEBUG ChannelManager:270 ? Adding key: http://localhost:16265 for channel [id: 0x4649e7eb, L:/127.0.0.1:58485 - R:localhost/127.0.0.1:16265]
2023-04-27 19:55:58 DEBUG NettyRequestSender:593 ? Using pooled Channel '[id: 0x4649e7eb, L:/127.0.0.1:58485 - R:localhost/127.0.0.1:16265]' for 'POST' to 'http://localhost:16265/session/87fb9c51164a9a4eee03e0b532d4ca7c/element'
2023-04-27 19:55:58 DEBUG NettyRequestSender:251 ? Using open Channel [id: 0x4649e7eb, L:/127.0.0.1:58485 - R:localhost/127.0.0.1:16265] for POST '/session/87fb9c51164a9a4eee03e0b532d4ca7c/element'
2023-04-27 19:55:58 DEBUG HttpHandler:70 ? 

Request DefaultHttpRequest(decodeResult: success, version: HTTP/1.1)
POST /session/87fb9c51164a9a4eee03e0b532d4ca7c/element HTTP/1.1
User-Agent: selenium/4.9.0 (java windows)
Content-Length: 74
Content-Type: application/json; charset=utf-8
host: localhost:16265
accept: */*

Response DefaultHttpResponse(decodeResult: success, version: HTTP/1.1)
HTTP/1.1 200 OK
Content-Length: 88
Content-Type: application/json; charset=utf-8
cache-control: no-cache

2023-04-27 19:55:58 DEBUG ChannelManager:270 ? Adding key: http://localhost:16265 for channel [id: 0x4649e7eb, L:/127.0.0.1:58485 - R:localhost/127.0.0.1:16265]
2023-04-27 19:55:58 DEBUG NettyRequestSender:593 ? Using pooled Channel '[id: 0x4649e7eb, L:/127.0.0.1:58485 - R:localhost/127.0.0.1:16265]' for 'POST' to 'http://localhost:16265/session/87fb9c51164a9a4eee03e0b532d4ca7c/actions'
2023-04-27 19:55:58 DEBUG NettyRequestSender:251 ? Using open Channel [id: 0x4649e7eb, L:/127.0.0.1:58485 - R:localhost/127.0.0.1:16265] for POST '/session/87fb9c51164a9a4eee03e0b532d4ca7c/actions'
2023-04-27 19:55:58 DEBUG HttpHandler:70 ? 

Request DefaultHttpRequest(decodeResult: success, version: HTTP/1.1)
POST /session/87fb9c51164a9a4eee03e0b532d4ca7c/actions HTTP/1.1
User-Agent: selenium/4.9.0 (java windows)
Content-Length: 567
Content-Type: application/json; charset=utf-8
host: localhost:16265
accept: */*

Response DefaultHttpResponse(decodeResult: success, version: HTTP/1.1)
HTTP/1.1 200 OK
Content-Length: 14
Content-Type: application/json; charset=utf-8
cache-control: no-cache

2023-04-27 19:55:58 DEBUG ChannelManager:270 ? Adding key: http://localhost:16265 for channel [id: 0x4649e7eb, L:/127.0.0.1:58485 - R:localhost/127.0.0.1:16265]
2023-04-27 19:55:58 DEBUG NettyRequestSender:593 ? Using pooled Channel '[id: 0x4649e7eb, L:/127.0.0.1:58485 - R:localhost/127.0.0.1:16265]' for 'POST' to 'http://localhost:16265/session/87fb9c51164a9a4eee03e0b532d4ca7c/element'
2023-04-27 19:55:58 DEBUG NettyRequestSender:251 ? Using open Channel [id: 0x4649e7eb, L:/127.0.0.1:58485 - R:localhost/127.0.0.1:16265] for POST '/session/87fb9c51164a9a4eee03e0b532d4ca7c/element'
2023-04-27 19:55:59 DEBUG HttpHandler:70 ? 

Request DefaultHttpRequest(decodeResult: success, version: HTTP/1.1)
POST /session/87fb9c51164a9a4eee03e0b532d4ca7c/element HTTP/1.1
User-Agent: selenium/4.9.0 (java windows)
Content-Length: 109
Content-Type: application/json; charset=utf-8
host: localhost:16265
accept: */*

Response DefaultHttpResponse(decodeResult: success, version: HTTP/1.1)
HTTP/1.1 200 OK
Content-Length: 88
Content-Type: application/json; charset=utf-8
cache-control: no-cache

2023-04-27 19:55:59 DEBUG ChannelManager:270 ? Adding key: http://localhost:16265 for channel [id: 0x4649e7eb, L:/127.0.0.1:58485 - R:localhost/127.0.0.1:16265]
2023-04-27 19:55:59 DEBUG NettyRequestSender:593 ? Using pooled Channel '[id: 0x4649e7eb, L:/127.0.0.1:58485 - R:localhost/127.0.0.1:16265]' for 'GET' to 'http://localhost:16265/session/87fb9c51164a9a4eee03e0b532d4ca7c/element/d8f04f09-cadb-40be-8942-7973443425ba/text'
2023-04-27 19:55:59 DEBUG NettyRequestSender:251 ? Using open Channel [id: 0x4649e7eb, L:/127.0.0.1:58485 - R:localhost/127.0.0.1:16265] for GET '/session/87fb9c51164a9a4eee03e0b532d4ca7c/element/d8f04f09-cadb-40be-8942-7973443425ba/text'
2023-04-27 19:55:59 DEBUG HttpHandler:70 ? 

Request DefaultFullHttpRequest(decodeResult: success, version: HTTP/1.1, content: EmptyByteBufBE)
GET /session/87fb9c51164a9a4eee03e0b532d4ca7c/element/d8f04f09-cadb-40be-8942-7973443425ba/text HTTP/1.1
User-Agent: selenium/4.9.0 (java windows)
Cache-Control: no-cache
Content-Type: application/json; charset=utf-8
host: localhost:16265
accept: */*

Response DefaultHttpResponse(decodeResult: success, version: HTTP/1.1)
HTTP/1.1 200 OK
Content-Length: 38
Content-Type: application/json; charset=utf-8
cache-control: no-cache

2023-04-27 19:55:59 DEBUG ChannelManager:270 ? Adding key: http://localhost:16265 for channel [id: 0x4649e7eb, L:/127.0.0.1:58485 - R:localhost/127.0.0.1:16265]
2023-04-27 19:55:59 DEBUG NettyRequestSender:593 ? Using pooled Channel '[id: 0x4649e7eb, L:/127.0.0.1:58485 - R:localhost/127.0.0.1:16265]' for 'POST' to 'http://localhost:16265/session/87fb9c51164a9a4eee03e0b532d4ca7c/url'
2023-04-27 19:55:59 DEBUG NettyRequestSender:251 ? Using open Channel [id: 0x4649e7eb, L:/127.0.0.1:58485 - R:localhost/127.0.0.1:16265] for POST '/session/87fb9c51164a9a4eee03e0b532d4ca7c/url'
2023-04-27 19:55:59 DEBUG DefaultChannelPool:348 ? Entry count for : http://localhost:58492 : 1
2023-04-27 19:56:00 DEBUG HttpHandler:70 ? 

Request DefaultHttpRequest(decodeResult: success, version: HTTP/1.1)
POST /session/87fb9c51164a9a4eee03e0b532d4ca7c/url HTTP/1.1
User-Agent: selenium/4.9.0 (java windows)
Content-Length: 59
Content-Type: application/json; charset=utf-8
host: localhost:16265
accept: */*

Response DefaultHttpResponse(decodeResult: success, version: HTTP/1.1)
HTTP/1.1 200 OK
Content-Length: 14
Content-Type: application/json; charset=utf-8
cache-control: no-cache

2023-04-27 19:56:00 DEBUG ChannelManager:270 ? Adding key: http://localhost:16265 for channel [id: 0x4649e7eb, L:/127.0.0.1:58485 - R:localhost/127.0.0.1:16265]
2023-04-27 19:56:00 DEBUG NettyRequestSender:593 ? Using pooled Channel '[id: 0x4649e7eb, L:/127.0.0.1:58485 - R:localhost/127.0.0.1:16265]' for 'POST' to 'http://localhost:16265/session/87fb9c51164a9a4eee03e0b532d4ca7c/element'
2023-04-27 19:56:00 DEBUG NettyRequestSender:251 ? Using open Channel [id: 0x4649e7eb, L:/127.0.0.1:58485 - R:localhost/127.0.0.1:16265] for POST '/session/87fb9c51164a9a4eee03e0b532d4ca7c/element'
2023-04-27 19:56:00 DEBUG HttpHandler:70 ? 

Request DefaultHttpRequest(decodeResult: success, version: HTTP/1.1)
POST /session/87fb9c51164a9a4eee03e0b532d4ca7c/element HTTP/1.1
User-Agent: selenium/4.9.0 (java windows)
Content-Length: 72
Content-Type: application/json; charset=utf-8
host: localhost:16265
accept: */*

Response DefaultHttpResponse(decodeResult: success, version: HTTP/1.1)
HTTP/1.1 200 OK
Content-Length: 88
Content-Type: application/json; charset=utf-8
cache-control: no-cache

2023-04-27 19:56:00 DEBUG ChannelManager:270 ? Adding key: http://localhost:16265 for channel [id: 0x4649e7eb, L:/127.0.0.1:58485 - R:localhost/127.0.0.1:16265]
2023-04-27 19:56:00 DEBUG NettyRequestSender:593 ? Using pooled Channel '[id: 0x4649e7eb, L:/127.0.0.1:58485 - R:localhost/127.0.0.1:16265]' for 'POST' to 'http://localhost:16265/session/87fb9c51164a9a4eee03e0b532d4ca7c/execute/sync'
2023-04-27 19:56:00 DEBUG NettyRequestSender:251 ? Using open Channel [id: 0x4649e7eb, L:/127.0.0.1:58485 - R:localhost/127.0.0.1:16265] for POST '/session/87fb9c51164a9a4eee03e0b532d4ca7c/execute/sync'
2023-04-27 19:56:00 DEBUG HttpHandler:70 ? 

Request DefaultHttpRequest(decodeResult: success, version: HTTP/1.1)
POST /session/87fb9c51164a9a4eee03e0b532d4ca7c/execute/sync HTTP/1.1
User-Agent: selenium/4.9.0 (java windows)
Content-Length: 48807
Content-Type: application/json; charset=utf-8
host: localhost:16265
accept: */*

Response DefaultHttpResponse(decodeResult: success, version: HTTP/1.1)
HTTP/1.1 200 OK
Content-Length: 14
Content-Type: application/json; charset=utf-8
cache-control: no-cache

2023-04-27 19:56:00 DEBUG ChannelManager:270 ? Adding key: http://localhost:16265 for channel [id: 0x4649e7eb, L:/127.0.0.1:58485 - R:localhost/127.0.0.1:16265]
2023-04-27 19:56:00 DEBUG NettyRequestSender:593 ? Using pooled Channel '[id: 0x4649e7eb, L:/127.0.0.1:58485 - R:localhost/127.0.0.1:16265]' for 'POST' to 'http://localhost:16265/session/87fb9c51164a9a4eee03e0b532d4ca7c/element'
2023-04-27 19:56:00 DEBUG NettyRequestSender:251 ? Using open Channel [id: 0x4649e7eb, L:/127.0.0.1:58485 - R:localhost/127.0.0.1:16265] for POST '/session/87fb9c51164a9a4eee03e0b532d4ca7c/element'
2023-04-27 19:56:00 DEBUG HttpHandler:70 ? 

Request DefaultHttpRequest(decodeResult: success, version: HTTP/1.1)
POST /session/87fb9c51164a9a4eee03e0b532d4ca7c/element HTTP/1.1
User-Agent: selenium/4.9.0 (java windows)
Content-Length: 69
Content-Type: application/json; charset=utf-8
host: localhost:16265
accept: */*

Response DefaultHttpResponse(decodeResult: success, version: HTTP/1.1)
HTTP/1.1 200 OK
Content-Length: 88
Content-Type: application/json; charset=utf-8
cache-control: no-cache

2023-04-27 19:56:00 DEBUG ChannelManager:270 ? Adding key: http://localhost:16265 for channel [id: 0x4649e7eb, L:/127.0.0.1:58485 - R:localhost/127.0.0.1:16265]
2023-04-27 19:56:00 DEBUG NettyRequestSender:593 ? Using pooled Channel '[id: 0x4649e7eb, L:/127.0.0.1:58485 - R:localhost/127.0.0.1:16265]' for 'POST' to 'http://localhost:16265/session/87fb9c51164a9a4eee03e0b532d4ca7c/execute/sync'
2023-04-27 19:56:00 DEBUG NettyRequestSender:251 ? Using open Channel [id: 0x4649e7eb, L:/127.0.0.1:58485 - R:localhost/127.0.0.1:16265] for POST '/session/87fb9c51164a9a4eee03e0b532d4ca7c/execute/sync'
2023-04-27 19:56:00 DEBUG HttpHandler:70 ? 

Request DefaultHttpRequest(decodeResult: success, version: HTTP/1.1)
POST /session/87fb9c51164a9a4eee03e0b532d4ca7c/execute/sync HTTP/1.1
User-Agent: selenium/4.9.0 (java windows)
Content-Length: 48807
Content-Type: application/json; charset=utf-8
host: localhost:16265
accept: */*

Response DefaultHttpResponse(decodeResult: success, version: HTTP/1.1)
HTTP/1.1 200 OK
Content-Length: 14
Content-Type: application/json; charset=utf-8
cache-control: no-cache

2023-04-27 19:56:00 DEBUG ChannelManager:270 ? Adding key: http://localhost:16265 for channel [id: 0x4649e7eb, L:/127.0.0.1:58485 - R:localhost/127.0.0.1:16265]
2023-04-27 19:56:00 DEBUG NettyRequestSender:593 ? Using pooled Channel '[id: 0x4649e7eb, L:/127.0.0.1:58485 - R:localhost/127.0.0.1:16265]' for 'POST' to 'http://localhost:16265/session/87fb9c51164a9a4eee03e0b532d4ca7c/element'
2023-04-27 19:56:00 DEBUG NettyRequestSender:251 ? Using open Channel [id: 0x4649e7eb, L:/127.0.0.1:58485 - R:localhost/127.0.0.1:16265] for POST '/session/87fb9c51164a9a4eee03e0b532d4ca7c/element'
2023-04-27 19:56:00 DEBUG HttpHandler:70 ? 

Request DefaultHttpRequest(decodeResult: success, version: HTTP/1.1)
POST /session/87fb9c51164a9a4eee03e0b532d4ca7c/element HTTP/1.1
User-Agent: selenium/4.9.0 (java windows)
Content-Length: 71
Content-Type: application/json; charset=utf-8
host: localhost:16265
accept: */*

Response DefaultHttpResponse(decodeResult: success, version: HTTP/1.1)
HTTP/1.1 200 OK
Content-Length: 88
Content-Type: application/json; charset=utf-8
cache-control: no-cache

2023-04-27 19:56:00 DEBUG ChannelManager:270 ? Adding key: http://localhost:16265 for channel [id: 0x4649e7eb, L:/127.0.0.1:58485 - R:localhost/127.0.0.1:16265]
2023-04-27 19:56:00 DEBUG NettyRequestSender:593 ? Using pooled Channel '[id: 0x4649e7eb, L:/127.0.0.1:58485 - R:localhost/127.0.0.1:16265]' for 'POST' to 'http://localhost:16265/session/87fb9c51164a9a4eee03e0b532d4ca7c/execute/sync'
2023-04-27 19:56:00 DEBUG NettyRequestSender:251 ? Using open Channel [id: 0x4649e7eb, L:/127.0.0.1:58485 - R:localhost/127.0.0.1:16265] for POST '/session/87fb9c51164a9a4eee03e0b532d4ca7c/execute/sync'
2023-04-27 19:56:00 DEBUG HttpHandler:70 ? 

Request DefaultHttpRequest(decodeResult: success, version: HTTP/1.1)
POST /session/87fb9c51164a9a4eee03e0b532d4ca7c/execute/sync HTTP/1.1
User-Agent: selenium/4.9.0 (java windows)
Content-Length: 48807
Content-Type: application/json; charset=utf-8
host: localhost:16265
accept: */*

Response DefaultHttpResponse(decodeResult: success, version: HTTP/1.1)
HTTP/1.1 200 OK
Content-Length: 14
Content-Type: application/json; charset=utf-8
cache-control: no-cache

2023-04-27 19:56:00 DEBUG ChannelManager:270 ? Adding key: http://localhost:16265 for channel [id: 0x4649e7eb, L:/127.0.0.1:58485 - R:localhost/127.0.0.1:16265]
2023-04-27 19:57:10 DEBUG InternalLoggerFactory:63 ? Using SLF4J as the default logging framework
2023-04-27 19:57:10 DEBUG ResourceLeakDetector:129 ? -Dio.netty.leakDetection.level: simple
2023-04-27 19:57:10 DEBUG ResourceLeakDetector:130 ? -Dio.netty.leakDetection.targetRecords: 4
2023-04-27 19:57:10 DEBUG ResourceLeakDetectorFactory:196 ? Loaded default ResourceLeakDetector: io.netty.util.ResourceLeakDetector@9635fa
2023-04-27 19:57:10 DEBUG PlatformDependent0:496 ? -Dio.netty.noUnsafe: false
2023-04-27 19:57:10 DEBUG PlatformDependent0:1000 ? Java version: 19
2023-04-27 19:57:10 DEBUG PlatformDependent0:137 ? sun.misc.Unsafe.theUnsafe: available
2023-04-27 19:57:10 DEBUG PlatformDependent0:161 ? sun.misc.Unsafe.copyMemory: available
2023-04-27 19:57:10 DEBUG PlatformDependent0:193 ? sun.misc.Unsafe.storeFence: available
2023-04-27 19:57:10 DEBUG PlatformDependent0:236 ? java.nio.Buffer.address: available
2023-04-27 19:57:10 DEBUG PlatformDependent0:320 ? direct buffer constructor: unavailable: Reflective setAccessible(true) disabled
2023-04-27 19:57:10 DEBUG PlatformDependent0:385 ? java.nio.Bits.unaligned: available, true
2023-04-27 19:57:10 DEBUG PlatformDependent0:452 ? jdk.internal.misc.Unsafe.allocateUninitializedArray(int): unavailable: class io.netty.util.internal.PlatformDependent0$7 cannot access class jdk.internal.misc.Unsafe (in module java.base) because module java.base does not export jdk.internal.misc to unnamed module @5679c6c6
2023-04-27 19:57:10 DEBUG PlatformDependent0:482 ? java.nio.DirectByteBuffer.<init>(long, int): unavailable
2023-04-27 19:57:10 DEBUG PlatformDependent:1159 ? sun.misc.Unsafe: available
2023-04-27 19:57:10 DEBUG PlatformDependent:1270 ? maxDirectMemory: 5339348992 bytes (maybe)
2023-04-27 19:57:10 DEBUG PlatformDependent:1289 ? -Dio.netty.tmpdir: C:\Users\rohit\AppData\Local\Temp (java.io.tmpdir)
2023-04-27 19:57:10 DEBUG PlatformDependent:1368 ? -Dio.netty.bitMode: 64 (sun.arch.data.model)
2023-04-27 19:57:10 DEBUG PlatformDependent:1119 ? Platform: Windows
2023-04-27 19:57:10 DEBUG PlatformDependent:178 ? -Dio.netty.maxDirectMemory: -1 bytes
2023-04-27 19:57:10 DEBUG PlatformDependent:185 ? -Dio.netty.uninitializedArrayAllocationThreshold: -1
2023-04-27 19:57:10 DEBUG CleanerJava9:71 ? java.nio.ByteBuffer.cleaner(): available
2023-04-27 19:57:10 DEBUG PlatformDependent:205 ? -Dio.netty.noPreferDirect: false
2023-04-27 19:57:10 DEBUG PlatformDependent:1010 ? org.jctools-core.MpscChunkedArrayQueue: available
2023-04-27 19:57:10 DEBUG InternalThreadLocalMap:100 ? -Dio.netty.threadLocalMap.stringBuilder.initialSize: 1024
2023-04-27 19:57:10 DEBUG InternalThreadLocalMap:101 ? -Dio.netty.threadLocalMap.stringBuilder.maxSize: 4096
2023-04-27 19:57:10 DEBUG JdkSslContext:83 ? Default protocols (JDK): [TLSv1.3, TLSv1.2] 
2023-04-27 19:57:10 DEBUG JdkSslContext:84 ? Default cipher suites (JDK): [TLS_ECDHE_ECDSA_WITH_AES_256_GCM_SHA384, TLS_ECDHE_ECDSA_WITH_AES_128_GCM_SHA256, TLS_ECDHE_RSA_WITH_AES_128_GCM_SHA256, TLS_ECDHE_RSA_WITH_AES_256_GCM_SHA384, TLS_ECDHE_RSA_WITH_AES_128_CBC_SHA, TLS_ECDHE_RSA_WITH_AES_256_CBC_SHA, TLS_RSA_WITH_AES_128_GCM_SHA256, TLS_RSA_WITH_AES_128_CBC_SHA, TLS_RSA_WITH_AES_256_CBC_SHA, TLS_AES_128_GCM_SHA256, TLS_AES_256_GCM_SHA384]
2023-04-27 19:57:10 DEBUG GlobalEventExecutor:53 ? -Dio.netty.globalEventExecutor.quietPeriodSeconds: 1
2023-04-27 19:57:10 DEBUG MultithreadEventLoopGroup:44 ? -Dio.netty.eventLoopThreads: 16
2023-04-27 19:57:10 DEBUG NioEventLoop:110 ? -Dio.netty.noKeySetOptimization: false
2023-04-27 19:57:10 DEBUG NioEventLoop:111 ? -Dio.netty.selectorAutoRebuildThreshold: 512
2023-04-27 19:57:11 DEBUG PooledByteBufAllocator:157 ? -Dio.netty.allocator.numHeapArenas: 16
2023-04-27 19:57:11 DEBUG PooledByteBufAllocator:158 ? -Dio.netty.allocator.numDirectArenas: 16
2023-04-27 19:57:11 DEBUG PooledByteBufAllocator:160 ? -Dio.netty.allocator.pageSize: 8192
2023-04-27 19:57:11 DEBUG PooledByteBufAllocator:165 ? -Dio.netty.allocator.maxOrder: 9
2023-04-27 19:57:11 DEBUG PooledByteBufAllocator:169 ? -Dio.netty.allocator.chunkSize: 4194304
2023-04-27 19:57:11 DEBUG PooledByteBufAllocator:170 ? -Dio.netty.allocator.smallCacheSize: 256
2023-04-27 19:57:11 DEBUG PooledByteBufAllocator:171 ? -Dio.netty.allocator.normalCacheSize: 64
2023-04-27 19:57:11 DEBUG PooledByteBufAllocator:172 ? -Dio.netty.allocator.maxCachedBufferCapacity: 32768
2023-04-27 19:57:11 DEBUG PooledByteBufAllocator:173 ? -Dio.netty.allocator.cacheTrimInterval: 8192
2023-04-27 19:57:11 DEBUG PooledByteBufAllocator:174 ? -Dio.netty.allocator.cacheTrimIntervalMillis: 0
2023-04-27 19:57:11 DEBUG PooledByteBufAllocator:175 ? -Dio.netty.allocator.useCacheForAllThreads: false
2023-04-27 19:57:11 DEBUG PooledByteBufAllocator:176 ? -Dio.netty.allocator.maxCachedByteBuffersPerChunk: 1023
2023-04-27 19:57:11 DEBUG ByteBufUtil:88 ? -Dio.netty.allocator.type: pooled
2023-04-27 19:57:11 DEBUG ByteBufUtil:97 ? -Dio.netty.threadLocalDirectBufferSize: 0
2023-04-27 19:57:11 DEBUG ByteBufUtil:100 ? -Dio.netty.maxThreadLocalCharBufferSize: 16384
2023-04-27 19:57:11 DEBUG DefaultChannelId:79 ? -Dio.netty.processId: 33388 (auto-detected)
2023-04-27 19:57:11 DEBUG NetUtil:148 ? -Djava.net.preferIPv4Stack: false
2023-04-27 19:57:11 DEBUG NetUtil:149 ? -Djava.net.preferIPv6Addresses: false
2023-04-27 19:57:11 DEBUG NetUtilInitializations:145 ? Loopback interface: lo (Software Loopback Interface 1, 127.0.0.1)
2023-04-27 19:57:11 DEBUG NetUtil:206 ? Failed to get SOMAXCONN from sysctl and file \proc\sys\net\core\somaxconn. Default: 200
2023-04-27 19:57:11 DEBUG DefaultChannelId:101 ? -Dio.netty.machineId: 70:c9:4e:ff:fe:a9:98:9d (auto-detected)
2023-04-27 19:57:11 DEBUG AbstractByteBuf:63 ? -Dio.netty.buffer.checkAccessible: true
2023-04-27 19:57:11 DEBUG AbstractByteBuf:64 ? -Dio.netty.buffer.checkBounds: true
2023-04-27 19:57:11 DEBUG ResourceLeakDetectorFactory:196 ? Loaded default ResourceLeakDetector: io.netty.util.ResourceLeakDetector@658d82f6
2023-04-27 19:57:11 DEBUG NettyConnectListener:73 ? Using new Channel '[id: 0x36135e19, L:/127.0.0.1:58683 - R:localhost/127.0.0.1:25030]' for 'POST' to '/session'
2023-04-27 19:57:11 DEBUG Recycler:96 ? -Dio.netty.recycler.maxCapacityPerThread: 4096
2023-04-27 19:57:11 DEBUG Recycler:97 ? -Dio.netty.recycler.ratio: 8
2023-04-27 19:57:11 DEBUG Recycler:98 ? -Dio.netty.recycler.chunkSize: 32
2023-04-27 19:57:11 DEBUG Recycler:99 ? -Dio.netty.recycler.blocking: false
2023-04-27 19:57:11 DEBUG Recycler:100 ? -Dio.netty.recycler.batchFastThreadLocalOnly: true
2023-04-27 19:57:12 DEBUG Brotli:38 ? brotli4j not in the classpath; Brotli support will be unavailable.
2023-04-27 19:57:12 DEBUG HttpHandler:70 ? 

Request DefaultHttpRequest(decodeResult: success, version: HTTP/1.1)
POST /session HTTP/1.1
User-Agent: selenium/4.9.0 (java windows)
Content-Length: 254
Content-Type: application/json; charset=utf-8
host: localhost:25030
accept: */*

Response DefaultHttpResponse(decodeResult: success, version: HTTP/1.1)
HTTP/1.1 200 OK
Content-Length: 859
Content-Type: application/json; charset=utf-8
cache-control: no-cache

2023-04-27 19:57:12 DEBUG ChannelManager:270 ? Adding key: http://localhost:25030 for channel [id: 0x36135e19, L:/127.0.0.1:58683 - R:localhost/127.0.0.1:25030]
2023-04-27 19:57:12 DEBUG NettyConnectListener:73 ? Using new Channel '[id: 0x6b89dd5b, L:/127.0.0.1:58706 - R:localhost/127.0.0.1:58686]' for 'GET' to '/json/version'
2023-04-27 19:57:12 DEBUG HttpHandler:70 ? 

Request DefaultFullHttpRequest(decodeResult: success, version: HTTP/1.1, content: EmptyByteBufBE)
GET /json/version HTTP/1.1
User-Agent: selenium/4.9.0 (java windows)
host: localhost:58686
accept: */*

Response DefaultHttpResponse(decodeResult: success, version: HTTP/1.1)
HTTP/1.1 200 OK
Content-Security-Policy: frame-ancestors 'none'
Content-Length: 424
Content-Type: application/json; charset=UTF-8

2023-04-27 19:57:12 DEBUG ChannelManager:270 ? Adding key: http://localhost:58686 for channel [id: 0x6b89dd5b, L:/127.0.0.1:58706 - R:localhost/127.0.0.1:58686]
2023-04-27 19:57:13 DEBUG ThreadLocalRandom:214 ? -Dio.netty.initialSeedUniquifier: 0xc3ebbc23598df83a
2023-04-27 19:57:13 DEBUG NettyConnectListener:73 ? Using new Channel '[id: 0x1be2969f, L:/127.0.0.1:58707 - R:localhost/127.0.0.1:58686]' for 'GET' to '/devtools/browser/85ee2119-9865-46a7-a55f-18025306a24a'
2023-04-27 19:57:13 DEBUG WebSocketHandler:105 ? 

Request DefaultFullHttpRequest(decodeResult: success, version: HTTP/1.1, content: EmptyByteBufBE)
GET /devtools/browser/85ee2119-9865-46a7-a55f-18025306a24a HTTP/1.1
upgrade: websocket
connection: upgrade
sec-websocket-key: mlBZgg9V+dLcVZaeK6pq2A==
sec-websocket-version: 13
origin: http://localhost:58686
host: localhost:58686
accept: */*
user-agent: AHC/2.1

Response DefaultHttpResponse(decodeResult: success, version: HTTP/1.1)
HTTP/1.1 101 WebSocket Protocol Handshake
Upgrade: WebSocket
Connection: Upgrade
Sec-WebSocket-Accept: 14AFOHJAUjaYfOp07yojuldMwyk=

2023-04-27 19:57:13 DEBUG NettyRequestSender:593 ? Using pooled Channel '[id: 0x36135e19, L:/127.0.0.1:58683 - R:localhost/127.0.0.1:25030]' for 'POST' to 'http://localhost:25030/session/cb7fdc97ad84538c3a30d8471f89fd6a/window/maximize'
2023-04-27 19:57:13 DEBUG NettyRequestSender:251 ? Using open Channel [id: 0x36135e19, L:/127.0.0.1:58683 - R:localhost/127.0.0.1:25030] for POST '/session/cb7fdc97ad84538c3a30d8471f89fd6a/window/maximize'
2023-04-27 19:57:13 DEBUG DefaultChannelPool:348 ? Entry count for : http://localhost:58686 : 1
2023-04-27 19:57:13 DEBUG HttpHandler:70 ? 

Request DefaultHttpRequest(decodeResult: success, version: HTTP/1.1)
POST /session/cb7fdc97ad84538c3a30d8471f89fd6a/window/maximize HTTP/1.1
User-Agent: selenium/4.9.0 (java windows)
Content-Length: 3
Content-Type: application/json; charset=utf-8
host: localhost:25030
accept: */*

Response DefaultHttpResponse(decodeResult: success, version: HTTP/1.1)
HTTP/1.1 200 OK
Content-Length: 52
Content-Type: application/json; charset=utf-8
cache-control: no-cache

2023-04-27 19:57:13 DEBUG ChannelManager:270 ? Adding key: http://localhost:25030 for channel [id: 0x36135e19, L:/127.0.0.1:58683 - R:localhost/127.0.0.1:25030]
2023-04-27 19:57:13 DEBUG NettyRequestSender:593 ? Using pooled Channel '[id: 0x36135e19, L:/127.0.0.1:58683 - R:localhost/127.0.0.1:25030]' for 'POST' to 'http://localhost:25030/session/cb7fdc97ad84538c3a30d8471f89fd6a/timeouts'
2023-04-27 19:57:13 DEBUG NettyRequestSender:251 ? Using open Channel [id: 0x36135e19, L:/127.0.0.1:58683 - R:localhost/127.0.0.1:25030] for POST '/session/cb7fdc97ad84538c3a30d8471f89fd6a/timeouts'
2023-04-27 19:57:13 DEBUG HttpHandler:70 ? 

Request DefaultHttpRequest(decodeResult: success, version: HTTP/1.1)
POST /session/cb7fdc97ad84538c3a30d8471f89fd6a/timeouts HTTP/1.1
User-Agent: selenium/4.9.0 (java windows)
Content-Length: 23
Content-Type: application/json; charset=utf-8
host: localhost:25030
accept: */*

Response DefaultHttpResponse(decodeResult: success, version: HTTP/1.1)
HTTP/1.1 200 OK
Content-Length: 14
Content-Type: application/json; charset=utf-8
cache-control: no-cache

2023-04-27 19:57:13 DEBUG ChannelManager:270 ? Adding key: http://localhost:25030 for channel [id: 0x36135e19, L:/127.0.0.1:58683 - R:localhost/127.0.0.1:25030]
2023-04-27 19:57:13 DEBUG NettyRequestSender:593 ? Using pooled Channel '[id: 0x36135e19, L:/127.0.0.1:58683 - R:localhost/127.0.0.1:25030]' for 'POST' to 'http://localhost:25030/session/cb7fdc97ad84538c3a30d8471f89fd6a/url'
2023-04-27 19:57:13 DEBUG NettyRequestSender:251 ? Using open Channel [id: 0x36135e19, L:/127.0.0.1:58683 - R:localhost/127.0.0.1:25030] for POST '/session/cb7fdc97ad84538c3a30d8471f89fd6a/url'
2023-04-27 19:57:14 DEBUG HttpHandler:70 ? 

Request DefaultHttpRequest(decodeResult: success, version: HTTP/1.1)
POST /session/cb7fdc97ad84538c3a30d8471f89fd6a/url HTTP/1.1
User-Agent: selenium/4.9.0 (java windows)
Content-Length: 67
Content-Type: application/json; charset=utf-8
host: localhost:25030
accept: */*

Response DefaultHttpResponse(decodeResult: success, version: HTTP/1.1)
HTTP/1.1 200 OK
Content-Length: 14
Content-Type: application/json; charset=utf-8
cache-control: no-cache

2023-04-27 19:57:14 DEBUG ChannelManager:270 ? Adding key: http://localhost:25030 for channel [id: 0x36135e19, L:/127.0.0.1:58683 - R:localhost/127.0.0.1:25030]
2023-04-27 19:57:14 DEBUG NettyRequestSender:593 ? Using pooled Channel '[id: 0x36135e19, L:/127.0.0.1:58683 - R:localhost/127.0.0.1:25030]' for 'POST' to 'http://localhost:25030/session/cb7fdc97ad84538c3a30d8471f89fd6a/element'
2023-04-27 19:57:14 DEBUG NettyRequestSender:251 ? Using open Channel [id: 0x36135e19, L:/127.0.0.1:58683 - R:localhost/127.0.0.1:25030] for POST '/session/cb7fdc97ad84538c3a30d8471f89fd6a/element'
2023-04-27 19:57:14 DEBUG HttpHandler:70 ? 

Request DefaultHttpRequest(decodeResult: success, version: HTTP/1.1)
POST /session/cb7fdc97ad84538c3a30d8471f89fd6a/element HTTP/1.1
User-Agent: selenium/4.9.0 (java windows)
Content-Length: 53
Content-Type: application/json; charset=utf-8
host: localhost:25030
accept: */*

Response DefaultHttpResponse(decodeResult: success, version: HTTP/1.1)
HTTP/1.1 200 OK
Content-Length: 88
Content-Type: application/json; charset=utf-8
cache-control: no-cache

2023-04-27 19:57:14 DEBUG ChannelManager:270 ? Adding key: http://localhost:25030 for channel [id: 0x36135e19, L:/127.0.0.1:58683 - R:localhost/127.0.0.1:25030]
2023-04-27 19:57:14 DEBUG NettyRequestSender:593 ? Using pooled Channel '[id: 0x36135e19, L:/127.0.0.1:58683 - R:localhost/127.0.0.1:25030]' for 'POST' to 'http://localhost:25030/session/cb7fdc97ad84538c3a30d8471f89fd6a/execute/sync'
2023-04-27 19:57:14 DEBUG NettyRequestSender:251 ? Using open Channel [id: 0x36135e19, L:/127.0.0.1:58683 - R:localhost/127.0.0.1:25030] for POST '/session/cb7fdc97ad84538c3a30d8471f89fd6a/execute/sync'
2023-04-27 19:57:14 DEBUG HttpHandler:70 ? 

Request DefaultHttpRequest(decodeResult: success, version: HTTP/1.1)
POST /session/cb7fdc97ad84538c3a30d8471f89fd6a/execute/sync HTTP/1.1
User-Agent: selenium/4.9.0 (java windows)
Content-Length: 48807
Content-Type: application/json; charset=utf-8
host: localhost:25030
accept: */*

Response DefaultHttpResponse(decodeResult: success, version: HTTP/1.1)
HTTP/1.1 200 OK
Content-Length: 14
Content-Type: application/json; charset=utf-8
cache-control: no-cache

2023-04-27 19:57:14 DEBUG ChannelManager:270 ? Adding key: http://localhost:25030 for channel [id: 0x36135e19, L:/127.0.0.1:58683 - R:localhost/127.0.0.1:25030]
2023-04-27 19:57:14 DEBUG NettyRequestSender:593 ? Using pooled Channel '[id: 0x36135e19, L:/127.0.0.1:58683 - R:localhost/127.0.0.1:25030]' for 'POST' to 'http://localhost:25030/session/cb7fdc97ad84538c3a30d8471f89fd6a/element'
2023-04-27 19:57:14 DEBUG NettyRequestSender:251 ? Using open Channel [id: 0x36135e19, L:/127.0.0.1:58683 - R:localhost/127.0.0.1:25030] for POST '/session/cb7fdc97ad84538c3a30d8471f89fd6a/element'
2023-04-27 19:57:14 DEBUG HttpHandler:70 ? 

Request DefaultHttpRequest(decodeResult: success, version: HTTP/1.1)
POST /session/cb7fdc97ad84538c3a30d8471f89fd6a/element HTTP/1.1
User-Agent: selenium/4.9.0 (java windows)
Content-Length: 54
Content-Type: application/json; charset=utf-8
host: localhost:25030
accept: */*

Response DefaultHttpResponse(decodeResult: success, version: HTTP/1.1)
HTTP/1.1 200 OK
Content-Length: 88
Content-Type: application/json; charset=utf-8
cache-control: no-cache

2023-04-27 19:57:14 DEBUG ChannelManager:270 ? Adding key: http://localhost:25030 for channel [id: 0x36135e19, L:/127.0.0.1:58683 - R:localhost/127.0.0.1:25030]
2023-04-27 19:57:14 DEBUG DefaultChannelPool:348 ? Entry count for : http://localhost:25030 : 1
2023-04-27 19:57:14 DEBUG DefaultChannelPool:348 ? Entry count for : http://localhost:58686 : 1
2023-04-27 19:57:14 DEBUG NettyRequestSender:593 ? Using pooled Channel '[id: 0x36135e19, L:/127.0.0.1:58683 - R:localhost/127.0.0.1:25030]' for 'POST' to 'http://localhost:25030/session/cb7fdc97ad84538c3a30d8471f89fd6a/execute/sync'
2023-04-27 19:57:14 DEBUG NettyRequestSender:251 ? Using open Channel [id: 0x36135e19, L:/127.0.0.1:58683 - R:localhost/127.0.0.1:25030] for POST '/session/cb7fdc97ad84538c3a30d8471f89fd6a/execute/sync'
2023-04-27 19:57:14 DEBUG HttpHandler:70 ? 

Request DefaultHttpRequest(decodeResult: success, version: HTTP/1.1)
POST /session/cb7fdc97ad84538c3a30d8471f89fd6a/execute/sync HTTP/1.1
User-Agent: selenium/4.9.0 (java windows)
Content-Length: 48807
Content-Type: application/json; charset=utf-8
host: localhost:25030
accept: */*

Response DefaultHttpResponse(decodeResult: success, version: HTTP/1.1)
HTTP/1.1 200 OK
Content-Length: 14
Content-Type: application/json; charset=utf-8
cache-control: no-cache

2023-04-27 19:57:14 DEBUG ChannelManager:270 ? Adding key: http://localhost:25030 for channel [id: 0x36135e19, L:/127.0.0.1:58683 - R:localhost/127.0.0.1:25030]
2023-04-27 19:57:14 DEBUG NettyRequestSender:593 ? Using pooled Channel '[id: 0x36135e19, L:/127.0.0.1:58683 - R:localhost/127.0.0.1:25030]' for 'POST' to 'http://localhost:25030/session/cb7fdc97ad84538c3a30d8471f89fd6a/element'
2023-04-27 19:57:14 DEBUG NettyRequestSender:251 ? Using open Channel [id: 0x36135e19, L:/127.0.0.1:58683 - R:localhost/127.0.0.1:25030] for POST '/session/cb7fdc97ad84538c3a30d8471f89fd6a/element'
2023-04-27 19:57:14 DEBUG HttpHandler:70 ? 

Request DefaultHttpRequest(decodeResult: success, version: HTTP/1.1)
POST /session/cb7fdc97ad84538c3a30d8471f89fd6a/element HTTP/1.1
User-Agent: selenium/4.9.0 (java windows)
Content-Length: 53
Content-Type: application/json; charset=utf-8
host: localhost:25030
accept: */*

Response DefaultHttpResponse(decodeResult: success, version: HTTP/1.1)
HTTP/1.1 200 OK
Content-Length: 88
Content-Type: application/json; charset=utf-8
cache-control: no-cache

2023-04-27 19:57:14 DEBUG ChannelManager:270 ? Adding key: http://localhost:25030 for channel [id: 0x36135e19, L:/127.0.0.1:58683 - R:localhost/127.0.0.1:25030]
2023-04-27 19:57:14 DEBUG NettyRequestSender:593 ? Using pooled Channel '[id: 0x36135e19, L:/127.0.0.1:58683 - R:localhost/127.0.0.1:25030]' for 'POST' to 'http://localhost:25030/session/cb7fdc97ad84538c3a30d8471f89fd6a/execute/sync'
2023-04-27 19:57:14 DEBUG NettyRequestSender:251 ? Using open Channel [id: 0x36135e19, L:/127.0.0.1:58683 - R:localhost/127.0.0.1:25030] for POST '/session/cb7fdc97ad84538c3a30d8471f89fd6a/execute/sync'
2023-04-27 19:57:14 DEBUG HttpHandler:70 ? 

Request DefaultHttpRequest(decodeResult: success, version: HTTP/1.1)
POST /session/cb7fdc97ad84538c3a30d8471f89fd6a/execute/sync HTTP/1.1
User-Agent: selenium/4.9.0 (java windows)
Content-Length: 48807
Content-Type: application/json; charset=utf-8
host: localhost:25030
accept: */*

Response DefaultHttpResponse(decodeResult: success, version: HTTP/1.1)
HTTP/1.1 200 OK
Content-Length: 14
Content-Type: application/json; charset=utf-8
cache-control: no-cache

2023-04-27 19:57:14 DEBUG ChannelManager:270 ? Adding key: http://localhost:25030 for channel [id: 0x36135e19, L:/127.0.0.1:58683 - R:localhost/127.0.0.1:25030]
2023-04-27 19:57:14 DEBUG NettyRequestSender:593 ? Using pooled Channel '[id: 0x36135e19, L:/127.0.0.1:58683 - R:localhost/127.0.0.1:25030]' for 'POST' to 'http://localhost:25030/session/cb7fdc97ad84538c3a30d8471f89fd6a/element'
2023-04-27 19:57:14 DEBUG NettyRequestSender:251 ? Using open Channel [id: 0x36135e19, L:/127.0.0.1:58683 - R:localhost/127.0.0.1:25030] for POST '/session/cb7fdc97ad84538c3a30d8471f89fd6a/element'
2023-04-27 19:57:14 DEBUG HttpHandler:70 ? 

Request DefaultHttpRequest(decodeResult: success, version: HTTP/1.1)
POST /session/cb7fdc97ad84538c3a30d8471f89fd6a/element HTTP/1.1
User-Agent: selenium/4.9.0 (java windows)
Content-Length: 53
Content-Type: application/json; charset=utf-8
host: localhost:25030
accept: */*

Response DefaultHttpResponse(decodeResult: success, version: HTTP/1.1)
HTTP/1.1 200 OK
Content-Length: 88
Content-Type: application/json; charset=utf-8
cache-control: no-cache

2023-04-27 19:57:14 DEBUG ChannelManager:270 ? Adding key: http://localhost:25030 for channel [id: 0x36135e19, L:/127.0.0.1:58683 - R:localhost/127.0.0.1:25030]
2023-04-27 19:57:14 DEBUG NettyRequestSender:593 ? Using pooled Channel '[id: 0x36135e19, L:/127.0.0.1:58683 - R:localhost/127.0.0.1:25030]' for 'POST' to 'http://localhost:25030/session/cb7fdc97ad84538c3a30d8471f89fd6a/execute/sync'
2023-04-27 19:57:14 DEBUG NettyRequestSender:251 ? Using open Channel [id: 0x36135e19, L:/127.0.0.1:58683 - R:localhost/127.0.0.1:25030] for POST '/session/cb7fdc97ad84538c3a30d8471f89fd6a/execute/sync'
2023-04-27 19:57:14 DEBUG HttpHandler:70 ? 

Request DefaultHttpRequest(decodeResult: success, version: HTTP/1.1)
POST /session/cb7fdc97ad84538c3a30d8471f89fd6a/execute/sync HTTP/1.1
User-Agent: selenium/4.9.0 (java windows)
Content-Length: 48807
Content-Type: application/json; charset=utf-8
host: localhost:25030
accept: */*

Response DefaultHttpResponse(decodeResult: success, version: HTTP/1.1)
HTTP/1.1 200 OK
Content-Length: 14
Content-Type: application/json; charset=utf-8
cache-control: no-cache

2023-04-27 19:57:14 DEBUG ChannelManager:270 ? Adding key: http://localhost:25030 for channel [id: 0x36135e19, L:/127.0.0.1:58683 - R:localhost/127.0.0.1:25030]
2023-04-27 19:57:14 DEBUG NettyRequestSender:593 ? Using pooled Channel '[id: 0x36135e19, L:/127.0.0.1:58683 - R:localhost/127.0.0.1:25030]' for 'POST' to 'http://localhost:25030/session/cb7fdc97ad84538c3a30d8471f89fd6a/element'
2023-04-27 19:57:14 DEBUG NettyRequestSender:251 ? Using open Channel [id: 0x36135e19, L:/127.0.0.1:58683 - R:localhost/127.0.0.1:25030] for POST '/session/cb7fdc97ad84538c3a30d8471f89fd6a/element'
2023-04-27 19:57:14 DEBUG HttpHandler:70 ? 

Request DefaultHttpRequest(decodeResult: success, version: HTTP/1.1)
POST /session/cb7fdc97ad84538c3a30d8471f89fd6a/element HTTP/1.1
User-Agent: selenium/4.9.0 (java windows)
Content-Length: 60
Content-Type: application/json; charset=utf-8
host: localhost:25030
accept: */*

Response DefaultHttpResponse(decodeResult: success, version: HTTP/1.1)
HTTP/1.1 200 OK
Content-Length: 88
Content-Type: application/json; charset=utf-8
cache-control: no-cache

2023-04-27 19:57:14 DEBUG ChannelManager:270 ? Adding key: http://localhost:25030 for channel [id: 0x36135e19, L:/127.0.0.1:58683 - R:localhost/127.0.0.1:25030]
2023-04-27 19:57:14 DEBUG NettyRequestSender:593 ? Using pooled Channel '[id: 0x36135e19, L:/127.0.0.1:58683 - R:localhost/127.0.0.1:25030]' for 'POST' to 'http://localhost:25030/session/cb7fdc97ad84538c3a30d8471f89fd6a/execute/sync'
2023-04-27 19:57:14 DEBUG NettyRequestSender:251 ? Using open Channel [id: 0x36135e19, L:/127.0.0.1:58683 - R:localhost/127.0.0.1:25030] for POST '/session/cb7fdc97ad84538c3a30d8471f89fd6a/execute/sync'
2023-04-27 19:57:14 DEBUG HttpHandler:70 ? 

Request DefaultHttpRequest(decodeResult: success, version: HTTP/1.1)
POST /session/cb7fdc97ad84538c3a30d8471f89fd6a/execute/sync HTTP/1.1
User-Agent: selenium/4.9.0 (java windows)
Content-Length: 48807
Content-Type: application/json; charset=utf-8
host: localhost:25030
accept: */*

Response DefaultHttpResponse(decodeResult: success, version: HTTP/1.1)
HTTP/1.1 200 OK
Content-Length: 14
Content-Type: application/json; charset=utf-8
cache-control: no-cache

2023-04-27 19:57:14 DEBUG ChannelManager:270 ? Adding key: http://localhost:25030 for channel [id: 0x36135e19, L:/127.0.0.1:58683 - R:localhost/127.0.0.1:25030]
2023-04-27 19:57:14 DEBUG NettyRequestSender:593 ? Using pooled Channel '[id: 0x36135e19, L:/127.0.0.1:58683 - R:localhost/127.0.0.1:25030]' for 'POST' to 'http://localhost:25030/session/cb7fdc97ad84538c3a30d8471f89fd6a/element'
2023-04-27 19:57:14 DEBUG NettyRequestSender:251 ? Using open Channel [id: 0x36135e19, L:/127.0.0.1:58683 - R:localhost/127.0.0.1:25030] for POST '/session/cb7fdc97ad84538c3a30d8471f89fd6a/element'
2023-04-27 19:57:14 DEBUG HttpHandler:70 ? 

Request DefaultHttpRequest(decodeResult: success, version: HTTP/1.1)
POST /session/cb7fdc97ad84538c3a30d8471f89fd6a/element HTTP/1.1
User-Agent: selenium/4.9.0 (java windows)
Content-Length: 53
Content-Type: application/json; charset=utf-8
host: localhost:25030
accept: */*

Response DefaultHttpResponse(decodeResult: success, version: HTTP/1.1)
HTTP/1.1 200 OK
Content-Length: 88
Content-Type: application/json; charset=utf-8
cache-control: no-cache

2023-04-27 19:57:14 DEBUG ChannelManager:270 ? Adding key: http://localhost:25030 for channel [id: 0x36135e19, L:/127.0.0.1:58683 - R:localhost/127.0.0.1:25030]
2023-04-27 19:57:14 DEBUG NettyRequestSender:593 ? Using pooled Channel '[id: 0x36135e19, L:/127.0.0.1:58683 - R:localhost/127.0.0.1:25030]' for 'POST' to 'http://localhost:25030/session/cb7fdc97ad84538c3a30d8471f89fd6a/actions'
2023-04-27 19:57:14 DEBUG NettyRequestSender:251 ? Using open Channel [id: 0x36135e19, L:/127.0.0.1:58683 - R:localhost/127.0.0.1:25030] for POST '/session/cb7fdc97ad84538c3a30d8471f89fd6a/actions'
2023-04-27 19:57:14 DEBUG HttpHandler:70 ? 

Request DefaultHttpRequest(decodeResult: success, version: HTTP/1.1)
POST /session/cb7fdc97ad84538c3a30d8471f89fd6a/actions HTTP/1.1
User-Agent: selenium/4.9.0 (java windows)
Content-Length: 3755
Content-Type: application/json; charset=utf-8
host: localhost:25030
accept: */*

Response DefaultHttpResponse(decodeResult: success, version: HTTP/1.1)
HTTP/1.1 200 OK
Content-Length: 14
Content-Type: application/json; charset=utf-8
cache-control: no-cache

2023-04-27 19:57:14 DEBUG ChannelManager:270 ? Adding key: http://localhost:25030 for channel [id: 0x36135e19, L:/127.0.0.1:58683 - R:localhost/127.0.0.1:25030]
2023-04-27 19:57:14 DEBUG NettyRequestSender:593 ? Using pooled Channel '[id: 0x36135e19, L:/127.0.0.1:58683 - R:localhost/127.0.0.1:25030]' for 'POST' to 'http://localhost:25030/session/cb7fdc97ad84538c3a30d8471f89fd6a/element'
2023-04-27 19:57:14 DEBUG NettyRequestSender:251 ? Using open Channel [id: 0x36135e19, L:/127.0.0.1:58683 - R:localhost/127.0.0.1:25030] for POST '/session/cb7fdc97ad84538c3a30d8471f89fd6a/element'
2023-04-27 19:57:14 DEBUG HttpHandler:70 ? 

Request DefaultHttpRequest(decodeResult: success, version: HTTP/1.1)
POST /session/cb7fdc97ad84538c3a30d8471f89fd6a/element HTTP/1.1
User-Agent: selenium/4.9.0 (java windows)
Content-Length: 54
Content-Type: application/json; charset=utf-8
host: localhost:25030
accept: */*

Response DefaultHttpResponse(decodeResult: success, version: HTTP/1.1)
HTTP/1.1 200 OK
Content-Length: 88
Content-Type: application/json; charset=utf-8
cache-control: no-cache

2023-04-27 19:57:14 DEBUG ChannelManager:270 ? Adding key: http://localhost:25030 for channel [id: 0x36135e19, L:/127.0.0.1:58683 - R:localhost/127.0.0.1:25030]
2023-04-27 19:57:14 DEBUG NettyRequestSender:593 ? Using pooled Channel '[id: 0x36135e19, L:/127.0.0.1:58683 - R:localhost/127.0.0.1:25030]' for 'POST' to 'http://localhost:25030/session/cb7fdc97ad84538c3a30d8471f89fd6a/actions'
2023-04-27 19:57:14 DEBUG NettyRequestSender:251 ? Using open Channel [id: 0x36135e19, L:/127.0.0.1:58683 - R:localhost/127.0.0.1:25030] for POST '/session/cb7fdc97ad84538c3a30d8471f89fd6a/actions'
2023-04-27 19:57:14 DEBUG HttpHandler:70 ? 

Request DefaultHttpRequest(decodeResult: success, version: HTTP/1.1)
POST /session/cb7fdc97ad84538c3a30d8471f89fd6a/actions HTTP/1.1
User-Agent: selenium/4.9.0 (java windows)
Content-Length: 3755
Content-Type: application/json; charset=utf-8
host: localhost:25030
accept: */*

Response DefaultHttpResponse(decodeResult: success, version: HTTP/1.1)
HTTP/1.1 200 OK
Content-Length: 14
Content-Type: application/json; charset=utf-8
cache-control: no-cache

2023-04-27 19:57:14 DEBUG ChannelManager:270 ? Adding key: http://localhost:25030 for channel [id: 0x36135e19, L:/127.0.0.1:58683 - R:localhost/127.0.0.1:25030]
2023-04-27 19:57:14 DEBUG NettyRequestSender:593 ? Using pooled Channel '[id: 0x36135e19, L:/127.0.0.1:58683 - R:localhost/127.0.0.1:25030]' for 'POST' to 'http://localhost:25030/session/cb7fdc97ad84538c3a30d8471f89fd6a/element'
2023-04-27 19:57:14 DEBUG NettyRequestSender:251 ? Using open Channel [id: 0x36135e19, L:/127.0.0.1:58683 - R:localhost/127.0.0.1:25030] for POST '/session/cb7fdc97ad84538c3a30d8471f89fd6a/element'
2023-04-27 19:57:14 DEBUG HttpHandler:70 ? 

Request DefaultHttpRequest(decodeResult: success, version: HTTP/1.1)
POST /session/cb7fdc97ad84538c3a30d8471f89fd6a/element HTTP/1.1
User-Agent: selenium/4.9.0 (java windows)
Content-Length: 53
Content-Type: application/json; charset=utf-8
host: localhost:25030
accept: */*

Response DefaultHttpResponse(decodeResult: success, version: HTTP/1.1)
HTTP/1.1 200 OK
Content-Length: 88
Content-Type: application/json; charset=utf-8
cache-control: no-cache

2023-04-27 19:57:14 DEBUG ChannelManager:270 ? Adding key: http://localhost:25030 for channel [id: 0x36135e19, L:/127.0.0.1:58683 - R:localhost/127.0.0.1:25030]
2023-04-27 19:57:14 DEBUG NettyRequestSender:593 ? Using pooled Channel '[id: 0x36135e19, L:/127.0.0.1:58683 - R:localhost/127.0.0.1:25030]' for 'POST' to 'http://localhost:25030/session/cb7fdc97ad84538c3a30d8471f89fd6a/actions'
2023-04-27 19:57:14 DEBUG NettyRequestSender:251 ? Using open Channel [id: 0x36135e19, L:/127.0.0.1:58683 - R:localhost/127.0.0.1:25030] for POST '/session/cb7fdc97ad84538c3a30d8471f89fd6a/actions'
2023-04-27 19:57:15 DEBUG HttpHandler:70 ? 

Request DefaultHttpRequest(decodeResult: success, version: HTTP/1.1)
POST /session/cb7fdc97ad84538c3a30d8471f89fd6a/actions HTTP/1.1
User-Agent: selenium/4.9.0 (java windows)
Content-Length: 3755
Content-Type: application/json; charset=utf-8
host: localhost:25030
accept: */*

Response DefaultHttpResponse(decodeResult: success, version: HTTP/1.1)
HTTP/1.1 200 OK
Content-Length: 14
Content-Type: application/json; charset=utf-8
cache-control: no-cache

2023-04-27 19:57:15 DEBUG ChannelManager:270 ? Adding key: http://localhost:25030 for channel [id: 0x36135e19, L:/127.0.0.1:58683 - R:localhost/127.0.0.1:25030]
2023-04-27 19:57:15 DEBUG NettyRequestSender:593 ? Using pooled Channel '[id: 0x36135e19, L:/127.0.0.1:58683 - R:localhost/127.0.0.1:25030]' for 'POST' to 'http://localhost:25030/session/cb7fdc97ad84538c3a30d8471f89fd6a/element'
2023-04-27 19:57:15 DEBUG NettyRequestSender:251 ? Using open Channel [id: 0x36135e19, L:/127.0.0.1:58683 - R:localhost/127.0.0.1:25030] for POST '/session/cb7fdc97ad84538c3a30d8471f89fd6a/element'
2023-04-27 19:57:15 DEBUG HttpHandler:70 ? 

Request DefaultHttpRequest(decodeResult: success, version: HTTP/1.1)
POST /session/cb7fdc97ad84538c3a30d8471f89fd6a/element HTTP/1.1
User-Agent: selenium/4.9.0 (java windows)
Content-Length: 53
Content-Type: application/json; charset=utf-8
host: localhost:25030
accept: */*

Response DefaultHttpResponse(decodeResult: success, version: HTTP/1.1)
HTTP/1.1 200 OK
Content-Length: 88
Content-Type: application/json; charset=utf-8
cache-control: no-cache

2023-04-27 19:57:15 DEBUG ChannelManager:270 ? Adding key: http://localhost:25030 for channel [id: 0x36135e19, L:/127.0.0.1:58683 - R:localhost/127.0.0.1:25030]
2023-04-27 19:57:15 DEBUG NettyRequestSender:593 ? Using pooled Channel '[id: 0x36135e19, L:/127.0.0.1:58683 - R:localhost/127.0.0.1:25030]' for 'POST' to 'http://localhost:25030/session/cb7fdc97ad84538c3a30d8471f89fd6a/actions'
2023-04-27 19:57:15 DEBUG NettyRequestSender:251 ? Using open Channel [id: 0x36135e19, L:/127.0.0.1:58683 - R:localhost/127.0.0.1:25030] for POST '/session/cb7fdc97ad84538c3a30d8471f89fd6a/actions'
2023-04-27 19:57:15 DEBUG HttpHandler:70 ? 

Request DefaultHttpRequest(decodeResult: success, version: HTTP/1.1)
POST /session/cb7fdc97ad84538c3a30d8471f89fd6a/actions HTTP/1.1
User-Agent: selenium/4.9.0 (java windows)
Content-Length: 3755
Content-Type: application/json; charset=utf-8
host: localhost:25030
accept: */*

Response DefaultHttpResponse(decodeResult: success, version: HTTP/1.1)
HTTP/1.1 200 OK
Content-Length: 14
Content-Type: application/json; charset=utf-8
cache-control: no-cache

2023-04-27 19:57:15 DEBUG ChannelManager:270 ? Adding key: http://localhost:25030 for channel [id: 0x36135e19, L:/127.0.0.1:58683 - R:localhost/127.0.0.1:25030]
2023-04-27 19:57:15 DEBUG NettyRequestSender:593 ? Using pooled Channel '[id: 0x36135e19, L:/127.0.0.1:58683 - R:localhost/127.0.0.1:25030]' for 'POST' to 'http://localhost:25030/session/cb7fdc97ad84538c3a30d8471f89fd6a/element'
2023-04-27 19:57:15 DEBUG NettyRequestSender:251 ? Using open Channel [id: 0x36135e19, L:/127.0.0.1:58683 - R:localhost/127.0.0.1:25030] for POST '/session/cb7fdc97ad84538c3a30d8471f89fd6a/element'
2023-04-27 19:57:15 DEBUG HttpHandler:70 ? 

Request DefaultHttpRequest(decodeResult: success, version: HTTP/1.1)
POST /session/cb7fdc97ad84538c3a30d8471f89fd6a/element HTTP/1.1
User-Agent: selenium/4.9.0 (java windows)
Content-Length: 60
Content-Type: application/json; charset=utf-8
host: localhost:25030
accept: */*

Response DefaultHttpResponse(decodeResult: success, version: HTTP/1.1)
HTTP/1.1 200 OK
Content-Length: 88
Content-Type: application/json; charset=utf-8
cache-control: no-cache

2023-04-27 19:57:15 DEBUG ChannelManager:270 ? Adding key: http://localhost:25030 for channel [id: 0x36135e19, L:/127.0.0.1:58683 - R:localhost/127.0.0.1:25030]
2023-04-27 19:57:15 DEBUG NettyRequestSender:593 ? Using pooled Channel '[id: 0x36135e19, L:/127.0.0.1:58683 - R:localhost/127.0.0.1:25030]' for 'POST' to 'http://localhost:25030/session/cb7fdc97ad84538c3a30d8471f89fd6a/actions'
2023-04-27 19:57:15 DEBUG NettyRequestSender:251 ? Using open Channel [id: 0x36135e19, L:/127.0.0.1:58683 - R:localhost/127.0.0.1:25030] for POST '/session/cb7fdc97ad84538c3a30d8471f89fd6a/actions'
2023-04-27 19:57:15 DEBUG DefaultChannelPool:348 ? Entry count for : http://localhost:58686 : 1
2023-04-27 19:57:15 DEBUG HttpHandler:70 ? 

Request DefaultHttpRequest(decodeResult: success, version: HTTP/1.1)
POST /session/cb7fdc97ad84538c3a30d8471f89fd6a/actions HTTP/1.1
User-Agent: selenium/4.9.0 (java windows)
Content-Length: 3755
Content-Type: application/json; charset=utf-8
host: localhost:25030
accept: */*

Response DefaultHttpResponse(decodeResult: success, version: HTTP/1.1)
HTTP/1.1 200 OK
Content-Length: 14
Content-Type: application/json; charset=utf-8
cache-control: no-cache

2023-04-27 19:57:15 DEBUG ChannelManager:270 ? Adding key: http://localhost:25030 for channel [id: 0x36135e19, L:/127.0.0.1:58683 - R:localhost/127.0.0.1:25030]
2023-04-27 19:57:15 DEBUG NettyRequestSender:593 ? Using pooled Channel '[id: 0x36135e19, L:/127.0.0.1:58683 - R:localhost/127.0.0.1:25030]' for 'POST' to 'http://localhost:25030/session/cb7fdc97ad84538c3a30d8471f89fd6a/element'
2023-04-27 19:57:15 DEBUG NettyRequestSender:251 ? Using open Channel [id: 0x36135e19, L:/127.0.0.1:58683 - R:localhost/127.0.0.1:25030] for POST '/session/cb7fdc97ad84538c3a30d8471f89fd6a/element'
2023-04-27 19:57:15 DEBUG HttpHandler:70 ? 

Request DefaultHttpRequest(decodeResult: success, version: HTTP/1.1)
POST /session/cb7fdc97ad84538c3a30d8471f89fd6a/element HTTP/1.1
User-Agent: selenium/4.9.0 (java windows)
Content-Length: 74
Content-Type: application/json; charset=utf-8
host: localhost:25030
accept: */*

Response DefaultHttpResponse(decodeResult: success, version: HTTP/1.1)
HTTP/1.1 200 OK
Content-Length: 88
Content-Type: application/json; charset=utf-8
cache-control: no-cache

2023-04-27 19:57:15 DEBUG ChannelManager:270 ? Adding key: http://localhost:25030 for channel [id: 0x36135e19, L:/127.0.0.1:58683 - R:localhost/127.0.0.1:25030]
2023-04-27 19:57:15 DEBUG NettyRequestSender:593 ? Using pooled Channel '[id: 0x36135e19, L:/127.0.0.1:58683 - R:localhost/127.0.0.1:25030]' for 'POST' to 'http://localhost:25030/session/cb7fdc97ad84538c3a30d8471f89fd6a/actions'
2023-04-27 19:57:15 DEBUG NettyRequestSender:251 ? Using open Channel [id: 0x36135e19, L:/127.0.0.1:58683 - R:localhost/127.0.0.1:25030] for POST '/session/cb7fdc97ad84538c3a30d8471f89fd6a/actions'
2023-04-27 19:57:15 DEBUG HttpHandler:70 ? 

Request DefaultHttpRequest(decodeResult: success, version: HTTP/1.1)
POST /session/cb7fdc97ad84538c3a30d8471f89fd6a/actions HTTP/1.1
User-Agent: selenium/4.9.0 (java windows)
Content-Length: 567
Content-Type: application/json; charset=utf-8
host: localhost:25030
accept: */*

Response DefaultHttpResponse(decodeResult: success, version: HTTP/1.1)
HTTP/1.1 200 OK
Content-Length: 14
Content-Type: application/json; charset=utf-8
cache-control: no-cache

2023-04-27 19:57:15 DEBUG ChannelManager:270 ? Adding key: http://localhost:25030 for channel [id: 0x36135e19, L:/127.0.0.1:58683 - R:localhost/127.0.0.1:25030]
2023-04-27 19:57:15 DEBUG NettyRequestSender:593 ? Using pooled Channel '[id: 0x36135e19, L:/127.0.0.1:58683 - R:localhost/127.0.0.1:25030]' for 'POST' to 'http://localhost:25030/session/cb7fdc97ad84538c3a30d8471f89fd6a/element'
2023-04-27 19:57:15 DEBUG NettyRequestSender:251 ? Using open Channel [id: 0x36135e19, L:/127.0.0.1:58683 - R:localhost/127.0.0.1:25030] for POST '/session/cb7fdc97ad84538c3a30d8471f89fd6a/element'
2023-04-27 19:57:16 DEBUG HttpHandler:70 ? 

Request DefaultHttpRequest(decodeResult: success, version: HTTP/1.1)
POST /session/cb7fdc97ad84538c3a30d8471f89fd6a/element HTTP/1.1
User-Agent: selenium/4.9.0 (java windows)
Content-Length: 109
Content-Type: application/json; charset=utf-8
host: localhost:25030
accept: */*

Response DefaultHttpResponse(decodeResult: success, version: HTTP/1.1)
HTTP/1.1 200 OK
Content-Length: 88
Content-Type: application/json; charset=utf-8
cache-control: no-cache

2023-04-27 19:57:16 DEBUG ChannelManager:270 ? Adding key: http://localhost:25030 for channel [id: 0x36135e19, L:/127.0.0.1:58683 - R:localhost/127.0.0.1:25030]
2023-04-27 19:57:16 DEBUG NettyRequestSender:593 ? Using pooled Channel '[id: 0x36135e19, L:/127.0.0.1:58683 - R:localhost/127.0.0.1:25030]' for 'GET' to 'http://localhost:25030/session/cb7fdc97ad84538c3a30d8471f89fd6a/element/13cea178-218d-4b84-bcc6-b72d1b3800ef/text'
2023-04-27 19:57:16 DEBUG NettyRequestSender:251 ? Using open Channel [id: 0x36135e19, L:/127.0.0.1:58683 - R:localhost/127.0.0.1:25030] for GET '/session/cb7fdc97ad84538c3a30d8471f89fd6a/element/13cea178-218d-4b84-bcc6-b72d1b3800ef/text'
2023-04-27 19:57:16 DEBUG HttpHandler:70 ? 

Request DefaultFullHttpRequest(decodeResult: success, version: HTTP/1.1, content: EmptyByteBufBE)
GET /session/cb7fdc97ad84538c3a30d8471f89fd6a/element/13cea178-218d-4b84-bcc6-b72d1b3800ef/text HTTP/1.1
User-Agent: selenium/4.9.0 (java windows)
Cache-Control: no-cache
Content-Type: application/json; charset=utf-8
host: localhost:25030
accept: */*

Response DefaultHttpResponse(decodeResult: success, version: HTTP/1.1)
HTTP/1.1 200 OK
Content-Length: 38
Content-Type: application/json; charset=utf-8
cache-control: no-cache

2023-04-27 19:57:16 DEBUG ChannelManager:270 ? Adding key: http://localhost:25030 for channel [id: 0x36135e19, L:/127.0.0.1:58683 - R:localhost/127.0.0.1:25030]
2023-04-27 19:57:16 DEBUG DefaultChannelPool:348 ? Entry count for : http://localhost:25030 : 1
2023-04-27 19:57:16 DEBUG DefaultChannelPool:348 ? Entry count for : http://localhost:58686 : 1
2023-04-27 19:57:16 DEBUG NettyRequestSender:593 ? Using pooled Channel '[id: 0x36135e19, L:/127.0.0.1:58683 - R:localhost/127.0.0.1:25030]' for 'POST' to 'http://localhost:25030/session/cb7fdc97ad84538c3a30d8471f89fd6a/url'
2023-04-27 19:57:16 DEBUG NettyRequestSender:251 ? Using open Channel [id: 0x36135e19, L:/127.0.0.1:58683 - R:localhost/127.0.0.1:25030] for POST '/session/cb7fdc97ad84538c3a30d8471f89fd6a/url'
2023-04-27 19:57:16 DEBUG HttpHandler:70 ? 

Request DefaultHttpRequest(decodeResult: success, version: HTTP/1.1)
POST /session/cb7fdc97ad84538c3a30d8471f89fd6a/url HTTP/1.1
User-Agent: selenium/4.9.0 (java windows)
Content-Length: 59
Content-Type: application/json; charset=utf-8
host: localhost:25030
accept: */*

Response DefaultHttpResponse(decodeResult: success, version: HTTP/1.1)
HTTP/1.1 200 OK
Content-Length: 14
Content-Type: application/json; charset=utf-8
cache-control: no-cache

2023-04-27 19:57:16 DEBUG ChannelManager:270 ? Adding key: http://localhost:25030 for channel [id: 0x36135e19, L:/127.0.0.1:58683 - R:localhost/127.0.0.1:25030]
2023-04-27 19:57:16 DEBUG NettyRequestSender:593 ? Using pooled Channel '[id: 0x36135e19, L:/127.0.0.1:58683 - R:localhost/127.0.0.1:25030]' for 'POST' to 'http://localhost:25030/session/cb7fdc97ad84538c3a30d8471f89fd6a/element'
2023-04-27 19:57:16 DEBUG NettyRequestSender:251 ? Using open Channel [id: 0x36135e19, L:/127.0.0.1:58683 - R:localhost/127.0.0.1:25030] for POST '/session/cb7fdc97ad84538c3a30d8471f89fd6a/element'
2023-04-27 19:57:16 DEBUG HttpHandler:70 ? 

Request DefaultHttpRequest(decodeResult: success, version: HTTP/1.1)
POST /session/cb7fdc97ad84538c3a30d8471f89fd6a/element HTTP/1.1
User-Agent: selenium/4.9.0 (java windows)
Content-Length: 72
Content-Type: application/json; charset=utf-8
host: localhost:25030
accept: */*

Response DefaultHttpResponse(decodeResult: success, version: HTTP/1.1)
HTTP/1.1 200 OK
Content-Length: 88
Content-Type: application/json; charset=utf-8
cache-control: no-cache

2023-04-27 19:57:16 DEBUG ChannelManager:270 ? Adding key: http://localhost:25030 for channel [id: 0x36135e19, L:/127.0.0.1:58683 - R:localhost/127.0.0.1:25030]
2023-04-27 19:57:16 DEBUG NettyRequestSender:593 ? Using pooled Channel '[id: 0x36135e19, L:/127.0.0.1:58683 - R:localhost/127.0.0.1:25030]' for 'POST' to 'http://localhost:25030/session/cb7fdc97ad84538c3a30d8471f89fd6a/execute/sync'
2023-04-27 19:57:16 DEBUG NettyRequestSender:251 ? Using open Channel [id: 0x36135e19, L:/127.0.0.1:58683 - R:localhost/127.0.0.1:25030] for POST '/session/cb7fdc97ad84538c3a30d8471f89fd6a/execute/sync'
2023-04-27 19:57:16 DEBUG HttpHandler:70 ? 

Request DefaultHttpRequest(decodeResult: success, version: HTTP/1.1)
POST /session/cb7fdc97ad84538c3a30d8471f89fd6a/execute/sync HTTP/1.1
User-Agent: selenium/4.9.0 (java windows)
Content-Length: 48807
Content-Type: application/json; charset=utf-8
host: localhost:25030
accept: */*

Response DefaultHttpResponse(decodeResult: success, version: HTTP/1.1)
HTTP/1.1 200 OK
Content-Length: 14
Content-Type: application/json; charset=utf-8
cache-control: no-cache

2023-04-27 19:57:16 DEBUG ChannelManager:270 ? Adding key: http://localhost:25030 for channel [id: 0x36135e19, L:/127.0.0.1:58683 - R:localhost/127.0.0.1:25030]
2023-04-27 19:57:16 DEBUG NettyRequestSender:593 ? Using pooled Channel '[id: 0x36135e19, L:/127.0.0.1:58683 - R:localhost/127.0.0.1:25030]' for 'POST' to 'http://localhost:25030/session/cb7fdc97ad84538c3a30d8471f89fd6a/element'
2023-04-27 19:57:16 DEBUG NettyRequestSender:251 ? Using open Channel [id: 0x36135e19, L:/127.0.0.1:58683 - R:localhost/127.0.0.1:25030] for POST '/session/cb7fdc97ad84538c3a30d8471f89fd6a/element'
2023-04-27 19:57:16 DEBUG HttpHandler:70 ? 

Request DefaultHttpRequest(decodeResult: success, version: HTTP/1.1)
POST /session/cb7fdc97ad84538c3a30d8471f89fd6a/element HTTP/1.1
User-Agent: selenium/4.9.0 (java windows)
Content-Length: 69
Content-Type: application/json; charset=utf-8
host: localhost:25030
accept: */*

Response DefaultHttpResponse(decodeResult: success, version: HTTP/1.1)
HTTP/1.1 200 OK
Content-Length: 88
Content-Type: application/json; charset=utf-8
cache-control: no-cache

2023-04-27 19:57:16 DEBUG ChannelManager:270 ? Adding key: http://localhost:25030 for channel [id: 0x36135e19, L:/127.0.0.1:58683 - R:localhost/127.0.0.1:25030]
2023-04-27 19:57:16 DEBUG NettyRequestSender:593 ? Using pooled Channel '[id: 0x36135e19, L:/127.0.0.1:58683 - R:localhost/127.0.0.1:25030]' for 'POST' to 'http://localhost:25030/session/cb7fdc97ad84538c3a30d8471f89fd6a/execute/sync'
2023-04-27 19:57:16 DEBUG NettyRequestSender:251 ? Using open Channel [id: 0x36135e19, L:/127.0.0.1:58683 - R:localhost/127.0.0.1:25030] for POST '/session/cb7fdc97ad84538c3a30d8471f89fd6a/execute/sync'
2023-04-27 19:57:17 DEBUG HttpHandler:70 ? 

Request DefaultHttpRequest(decodeResult: success, version: HTTP/1.1)
POST /session/cb7fdc97ad84538c3a30d8471f89fd6a/execute/sync HTTP/1.1
User-Agent: selenium/4.9.0 (java windows)
Content-Length: 48807
Content-Type: application/json; charset=utf-8
host: localhost:25030
accept: */*

Response DefaultHttpResponse(decodeResult: success, version: HTTP/1.1)
HTTP/1.1 200 OK
Content-Length: 14
Content-Type: application/json; charset=utf-8
cache-control: no-cache

2023-04-27 19:57:17 DEBUG ChannelManager:270 ? Adding key: http://localhost:25030 for channel [id: 0x36135e19, L:/127.0.0.1:58683 - R:localhost/127.0.0.1:25030]
2023-04-27 19:57:17 DEBUG NettyRequestSender:593 ? Using pooled Channel '[id: 0x36135e19, L:/127.0.0.1:58683 - R:localhost/127.0.0.1:25030]' for 'POST' to 'http://localhost:25030/session/cb7fdc97ad84538c3a30d8471f89fd6a/element'
2023-04-27 19:57:17 DEBUG NettyRequestSender:251 ? Using open Channel [id: 0x36135e19, L:/127.0.0.1:58683 - R:localhost/127.0.0.1:25030] for POST '/session/cb7fdc97ad84538c3a30d8471f89fd6a/element'
2023-04-27 19:57:17 DEBUG HttpHandler:70 ? 

Request DefaultHttpRequest(decodeResult: success, version: HTTP/1.1)
POST /session/cb7fdc97ad84538c3a30d8471f89fd6a/element HTTP/1.1
User-Agent: selenium/4.9.0 (java windows)
Content-Length: 71
Content-Type: application/json; charset=utf-8
host: localhost:25030
accept: */*

Response DefaultHttpResponse(decodeResult: success, version: HTTP/1.1)
HTTP/1.1 200 OK
Content-Length: 88
Content-Type: application/json; charset=utf-8
cache-control: no-cache

2023-04-27 19:57:17 DEBUG ChannelManager:270 ? Adding key: http://localhost:25030 for channel [id: 0x36135e19, L:/127.0.0.1:58683 - R:localhost/127.0.0.1:25030]
2023-04-27 19:57:17 DEBUG NettyRequestSender:593 ? Using pooled Channel '[id: 0x36135e19, L:/127.0.0.1:58683 - R:localhost/127.0.0.1:25030]' for 'POST' to 'http://localhost:25030/session/cb7fdc97ad84538c3a30d8471f89fd6a/execute/sync'
2023-04-27 19:57:17 DEBUG NettyRequestSender:251 ? Using open Channel [id: 0x36135e19, L:/127.0.0.1:58683 - R:localhost/127.0.0.1:25030] for POST '/session/cb7fdc97ad84538c3a30d8471f89fd6a/execute/sync'
2023-04-27 19:57:17 DEBUG HttpHandler:70 ? 

Request DefaultHttpRequest(decodeResult: success, version: HTTP/1.1)
POST /session/cb7fdc97ad84538c3a30d8471f89fd6a/execute/sync HTTP/1.1
User-Agent: selenium/4.9.0 (java windows)
Content-Length: 48807
Content-Type: application/json; charset=utf-8
host: localhost:25030
accept: */*

Response DefaultHttpResponse(decodeResult: success, version: HTTP/1.1)
HTTP/1.1 200 OK
Content-Length: 14
Content-Type: application/json; charset=utf-8
cache-control: no-cache

2023-04-27 19:57:17 DEBUG ChannelManager:270 ? Adding key: http://localhost:25030 for channel [id: 0x36135e19, L:/127.0.0.1:58683 - R:localhost/127.0.0.1:25030]
2023-04-27 19:57:17 DEBUG NettyRequestSender:593 ? Using pooled Channel '[id: 0x36135e19, L:/127.0.0.1:58683 - R:localhost/127.0.0.1:25030]' for 'POST' to 'http://localhost:25030/session/cb7fdc97ad84538c3a30d8471f89fd6a/element'
2023-04-27 19:57:17 DEBUG NettyRequestSender:251 ? Using open Channel [id: 0x36135e19, L:/127.0.0.1:58683 - R:localhost/127.0.0.1:25030] for POST '/session/cb7fdc97ad84538c3a30d8471f89fd6a/element'
2023-04-27 19:57:17 DEBUG HttpHandler:70 ? 

Request DefaultHttpRequest(decodeResult: success, version: HTTP/1.1)
POST /session/cb7fdc97ad84538c3a30d8471f89fd6a/element HTTP/1.1
User-Agent: selenium/4.9.0 (java windows)
Content-Length: 69
Content-Type: application/json; charset=utf-8
host: localhost:25030
accept: */*

Response DefaultHttpResponse(decodeResult: success, version: HTTP/1.1)
HTTP/1.1 200 OK
Content-Length: 88
Content-Type: application/json; charset=utf-8
cache-control: no-cache

2023-04-27 19:57:17 DEBUG ChannelManager:270 ? Adding key: http://localhost:25030 for channel [id: 0x36135e19, L:/127.0.0.1:58683 - R:localhost/127.0.0.1:25030]
2023-04-27 19:57:17 DEBUG NettyRequestSender:593 ? Using pooled Channel '[id: 0x36135e19, L:/127.0.0.1:58683 - R:localhost/127.0.0.1:25030]' for 'POST' to 'http://localhost:25030/session/cb7fdc97ad84538c3a30d8471f89fd6a/actions'
2023-04-27 19:57:17 DEBUG NettyRequestSender:251 ? Using open Channel [id: 0x36135e19, L:/127.0.0.1:58683 - R:localhost/127.0.0.1:25030] for POST '/session/cb7fdc97ad84538c3a30d8471f89fd6a/actions'
2023-04-27 19:57:17 DEBUG HttpHandler:70 ? 

Request DefaultHttpRequest(decodeResult: success, version: HTTP/1.1)
POST /session/cb7fdc97ad84538c3a30d8471f89fd6a/actions HTTP/1.1
User-Agent: selenium/4.9.0 (java windows)
Content-Length: 3755
Content-Type: application/json; charset=utf-8
host: localhost:25030
accept: */*

Response DefaultHttpResponse(decodeResult: success, version: HTTP/1.1)
HTTP/1.1 200 OK
Content-Length: 14
Content-Type: application/json; charset=utf-8
cache-control: no-cache

2023-04-27 19:57:17 DEBUG ChannelManager:270 ? Adding key: http://localhost:25030 for channel [id: 0x36135e19, L:/127.0.0.1:58683 - R:localhost/127.0.0.1:25030]
2023-04-27 19:57:17 DEBUG NettyRequestSender:593 ? Using pooled Channel '[id: 0x36135e19, L:/127.0.0.1:58683 - R:localhost/127.0.0.1:25030]' for 'POST' to 'http://localhost:25030/session/cb7fdc97ad84538c3a30d8471f89fd6a/element'
2023-04-27 19:57:17 DEBUG NettyRequestSender:251 ? Using open Channel [id: 0x36135e19, L:/127.0.0.1:58683 - R:localhost/127.0.0.1:25030] for POST '/session/cb7fdc97ad84538c3a30d8471f89fd6a/element'
2023-04-27 19:57:17 DEBUG HttpHandler:70 ? 

Request DefaultHttpRequest(decodeResult: success, version: HTTP/1.1)
POST /session/cb7fdc97ad84538c3a30d8471f89fd6a/element HTTP/1.1
User-Agent: selenium/4.9.0 (java windows)
Content-Length: 72
Content-Type: application/json; charset=utf-8
host: localhost:25030
accept: */*

Response DefaultHttpResponse(decodeResult: success, version: HTTP/1.1)
HTTP/1.1 200 OK
Content-Length: 88
Content-Type: application/json; charset=utf-8
cache-control: no-cache

2023-04-27 19:57:17 DEBUG ChannelManager:270 ? Adding key: http://localhost:25030 for channel [id: 0x36135e19, L:/127.0.0.1:58683 - R:localhost/127.0.0.1:25030]
2023-04-27 19:57:17 DEBUG NettyRequestSender:593 ? Using pooled Channel '[id: 0x36135e19, L:/127.0.0.1:58683 - R:localhost/127.0.0.1:25030]' for 'POST' to 'http://localhost:25030/session/cb7fdc97ad84538c3a30d8471f89fd6a/actions'
2023-04-27 19:57:17 DEBUG NettyRequestSender:251 ? Using open Channel [id: 0x36135e19, L:/127.0.0.1:58683 - R:localhost/127.0.0.1:25030] for POST '/session/cb7fdc97ad84538c3a30d8471f89fd6a/actions'
2023-04-27 19:57:17 DEBUG HttpHandler:70 ? 

Request DefaultHttpRequest(decodeResult: success, version: HTTP/1.1)
POST /session/cb7fdc97ad84538c3a30d8471f89fd6a/actions HTTP/1.1
User-Agent: selenium/4.9.0 (java windows)
Content-Length: 3755
Content-Type: application/json; charset=utf-8
host: localhost:25030
accept: */*

Response DefaultHttpResponse(decodeResult: success, version: HTTP/1.1)
HTTP/1.1 200 OK
Content-Length: 14
Content-Type: application/json; charset=utf-8
cache-control: no-cache

2023-04-27 19:57:17 DEBUG ChannelManager:270 ? Adding key: http://localhost:25030 for channel [id: 0x36135e19, L:/127.0.0.1:58683 - R:localhost/127.0.0.1:25030]
2023-04-27 19:57:17 DEBUG NettyRequestSender:593 ? Using pooled Channel '[id: 0x36135e19, L:/127.0.0.1:58683 - R:localhost/127.0.0.1:25030]' for 'POST' to 'http://localhost:25030/session/cb7fdc97ad84538c3a30d8471f89fd6a/element'
2023-04-27 19:57:17 DEBUG NettyRequestSender:251 ? Using open Channel [id: 0x36135e19, L:/127.0.0.1:58683 - R:localhost/127.0.0.1:25030] for POST '/session/cb7fdc97ad84538c3a30d8471f89fd6a/element'
2023-04-27 19:57:17 DEBUG HttpHandler:70 ? 

Request DefaultHttpRequest(decodeResult: success, version: HTTP/1.1)
POST /session/cb7fdc97ad84538c3a30d8471f89fd6a/element HTTP/1.1
User-Agent: selenium/4.9.0 (java windows)
Content-Length: 71
Content-Type: application/json; charset=utf-8
host: localhost:25030
accept: */*

Response DefaultHttpResponse(decodeResult: success, version: HTTP/1.1)
HTTP/1.1 200 OK
Content-Length: 88
Content-Type: application/json; charset=utf-8
cache-control: no-cache

2023-04-27 19:57:17 DEBUG ChannelManager:270 ? Adding key: http://localhost:25030 for channel [id: 0x36135e19, L:/127.0.0.1:58683 - R:localhost/127.0.0.1:25030]
2023-04-27 19:57:17 DEBUG NettyRequestSender:593 ? Using pooled Channel '[id: 0x36135e19, L:/127.0.0.1:58683 - R:localhost/127.0.0.1:25030]' for 'POST' to 'http://localhost:25030/session/cb7fdc97ad84538c3a30d8471f89fd6a/actions'
2023-04-27 19:57:17 DEBUG NettyRequestSender:251 ? Using open Channel [id: 0x36135e19, L:/127.0.0.1:58683 - R:localhost/127.0.0.1:25030] for POST '/session/cb7fdc97ad84538c3a30d8471f89fd6a/actions'
2023-04-27 19:57:17 DEBUG DefaultChannelPool:348 ? Entry count for : http://localhost:58686 : 1
2023-04-27 19:57:17 DEBUG HttpHandler:70 ? 

Request DefaultHttpRequest(decodeResult: success, version: HTTP/1.1)
POST /session/cb7fdc97ad84538c3a30d8471f89fd6a/actions HTTP/1.1
User-Agent: selenium/4.9.0 (java windows)
Content-Length: 567
Content-Type: application/json; charset=utf-8
host: localhost:25030
accept: */*

Response DefaultHttpResponse(decodeResult: success, version: HTTP/1.1)
HTTP/1.1 200 OK
Content-Length: 14
Content-Type: application/json; charset=utf-8
cache-control: no-cache

2023-04-27 19:57:17 DEBUG ChannelManager:270 ? Adding key: http://localhost:25030 for channel [id: 0x36135e19, L:/127.0.0.1:58683 - R:localhost/127.0.0.1:25030]
2023-04-27 20:10:24 DEBUG InternalLoggerFactory:63 ? Using SLF4J as the default logging framework
2023-04-27 20:10:24 DEBUG ResourceLeakDetector:129 ? -Dio.netty.leakDetection.level: simple
2023-04-27 20:10:24 DEBUG ResourceLeakDetector:130 ? -Dio.netty.leakDetection.targetRecords: 4
2023-04-27 20:10:24 DEBUG ResourceLeakDetectorFactory:196 ? Loaded default ResourceLeakDetector: io.netty.util.ResourceLeakDetector@9635fa
2023-04-27 20:10:24 DEBUG PlatformDependent0:496 ? -Dio.netty.noUnsafe: false
2023-04-27 20:10:24 DEBUG PlatformDependent0:1000 ? Java version: 19
2023-04-27 20:10:24 DEBUG PlatformDependent0:137 ? sun.misc.Unsafe.theUnsafe: available
2023-04-27 20:10:24 DEBUG PlatformDependent0:161 ? sun.misc.Unsafe.copyMemory: available
2023-04-27 20:10:24 DEBUG PlatformDependent0:193 ? sun.misc.Unsafe.storeFence: available
2023-04-27 20:10:24 DEBUG PlatformDependent0:236 ? java.nio.Buffer.address: available
2023-04-27 20:10:24 DEBUG PlatformDependent0:320 ? direct buffer constructor: unavailable: Reflective setAccessible(true) disabled
2023-04-27 20:10:24 DEBUG PlatformDependent0:385 ? java.nio.Bits.unaligned: available, true
2023-04-27 20:10:24 DEBUG PlatformDependent0:452 ? jdk.internal.misc.Unsafe.allocateUninitializedArray(int): unavailable: class io.netty.util.internal.PlatformDependent0$7 cannot access class jdk.internal.misc.Unsafe (in module java.base) because module java.base does not export jdk.internal.misc to unnamed module @5679c6c6
2023-04-27 20:10:24 DEBUG PlatformDependent0:482 ? java.nio.DirectByteBuffer.<init>(long, int): unavailable
2023-04-27 20:10:24 DEBUG PlatformDependent:1159 ? sun.misc.Unsafe: available
2023-04-27 20:10:24 DEBUG PlatformDependent:1270 ? maxDirectMemory: 5339348992 bytes (maybe)
2023-04-27 20:10:24 DEBUG PlatformDependent:1289 ? -Dio.netty.tmpdir: C:\Users\rohit\AppData\Local\Temp (java.io.tmpdir)
2023-04-27 20:10:24 DEBUG PlatformDependent:1368 ? -Dio.netty.bitMode: 64 (sun.arch.data.model)
2023-04-27 20:10:24 DEBUG PlatformDependent:1119 ? Platform: Windows
2023-04-27 20:10:24 DEBUG PlatformDependent:178 ? -Dio.netty.maxDirectMemory: -1 bytes
2023-04-27 20:10:24 DEBUG PlatformDependent:185 ? -Dio.netty.uninitializedArrayAllocationThreshold: -1
2023-04-27 20:10:24 DEBUG CleanerJava9:71 ? java.nio.ByteBuffer.cleaner(): available
2023-04-27 20:10:24 DEBUG PlatformDependent:205 ? -Dio.netty.noPreferDirect: false
2023-04-27 20:10:24 DEBUG PlatformDependent:1010 ? org.jctools-core.MpscChunkedArrayQueue: available
2023-04-27 20:10:24 DEBUG InternalThreadLocalMap:100 ? -Dio.netty.threadLocalMap.stringBuilder.initialSize: 1024
2023-04-27 20:10:24 DEBUG InternalThreadLocalMap:101 ? -Dio.netty.threadLocalMap.stringBuilder.maxSize: 4096
2023-04-27 20:10:24 DEBUG JdkSslContext:83 ? Default protocols (JDK): [TLSv1.3, TLSv1.2] 
2023-04-27 20:10:24 DEBUG JdkSslContext:84 ? Default cipher suites (JDK): [TLS_ECDHE_ECDSA_WITH_AES_256_GCM_SHA384, TLS_ECDHE_ECDSA_WITH_AES_128_GCM_SHA256, TLS_ECDHE_RSA_WITH_AES_128_GCM_SHA256, TLS_ECDHE_RSA_WITH_AES_256_GCM_SHA384, TLS_ECDHE_RSA_WITH_AES_128_CBC_SHA, TLS_ECDHE_RSA_WITH_AES_256_CBC_SHA, TLS_RSA_WITH_AES_128_GCM_SHA256, TLS_RSA_WITH_AES_128_CBC_SHA, TLS_RSA_WITH_AES_256_CBC_SHA, TLS_AES_128_GCM_SHA256, TLS_AES_256_GCM_SHA384]
2023-04-27 20:10:24 DEBUG GlobalEventExecutor:53 ? -Dio.netty.globalEventExecutor.quietPeriodSeconds: 1
2023-04-27 20:10:24 DEBUG MultithreadEventLoopGroup:44 ? -Dio.netty.eventLoopThreads: 16
2023-04-27 20:10:24 DEBUG NioEventLoop:110 ? -Dio.netty.noKeySetOptimization: false
2023-04-27 20:10:24 DEBUG NioEventLoop:111 ? -Dio.netty.selectorAutoRebuildThreshold: 512
2023-04-27 20:10:24 DEBUG PooledByteBufAllocator:157 ? -Dio.netty.allocator.numHeapArenas: 16
2023-04-27 20:10:24 DEBUG PooledByteBufAllocator:158 ? -Dio.netty.allocator.numDirectArenas: 16
2023-04-27 20:10:24 DEBUG PooledByteBufAllocator:160 ? -Dio.netty.allocator.pageSize: 8192
2023-04-27 20:10:24 DEBUG PooledByteBufAllocator:165 ? -Dio.netty.allocator.maxOrder: 9
2023-04-27 20:10:24 DEBUG PooledByteBufAllocator:169 ? -Dio.netty.allocator.chunkSize: 4194304
2023-04-27 20:10:24 DEBUG PooledByteBufAllocator:170 ? -Dio.netty.allocator.smallCacheSize: 256
2023-04-27 20:10:24 DEBUG PooledByteBufAllocator:171 ? -Dio.netty.allocator.normalCacheSize: 64
2023-04-27 20:10:24 DEBUG PooledByteBufAllocator:172 ? -Dio.netty.allocator.maxCachedBufferCapacity: 32768
2023-04-27 20:10:24 DEBUG PooledByteBufAllocator:173 ? -Dio.netty.allocator.cacheTrimInterval: 8192
2023-04-27 20:10:24 DEBUG PooledByteBufAllocator:174 ? -Dio.netty.allocator.cacheTrimIntervalMillis: 0
2023-04-27 20:10:24 DEBUG PooledByteBufAllocator:175 ? -Dio.netty.allocator.useCacheForAllThreads: false
2023-04-27 20:10:24 DEBUG PooledByteBufAllocator:176 ? -Dio.netty.allocator.maxCachedByteBuffersPerChunk: 1023
2023-04-27 20:10:24 DEBUG ByteBufUtil:88 ? -Dio.netty.allocator.type: pooled
2023-04-27 20:10:24 DEBUG ByteBufUtil:97 ? -Dio.netty.threadLocalDirectBufferSize: 0
2023-04-27 20:10:24 DEBUG ByteBufUtil:100 ? -Dio.netty.maxThreadLocalCharBufferSize: 16384
2023-04-27 20:10:25 DEBUG DefaultChannelId:79 ? -Dio.netty.processId: 36672 (auto-detected)
2023-04-27 20:10:25 DEBUG NetUtil:148 ? -Djava.net.preferIPv4Stack: false
2023-04-27 20:10:25 DEBUG NetUtil:149 ? -Djava.net.preferIPv6Addresses: false
2023-04-27 20:10:25 DEBUG NetUtilInitializations:145 ? Loopback interface: lo (Software Loopback Interface 1, 127.0.0.1)
2023-04-27 20:10:25 DEBUG NetUtil:206 ? Failed to get SOMAXCONN from sysctl and file \proc\sys\net\core\somaxconn. Default: 200
2023-04-27 20:10:25 DEBUG DefaultChannelId:101 ? -Dio.netty.machineId: 70:c9:4e:ff:fe:a9:98:9d (auto-detected)
2023-04-27 20:10:25 DEBUG AbstractByteBuf:63 ? -Dio.netty.buffer.checkAccessible: true
2023-04-27 20:10:25 DEBUG AbstractByteBuf:64 ? -Dio.netty.buffer.checkBounds: true
2023-04-27 20:10:25 DEBUG ResourceLeakDetectorFactory:196 ? Loaded default ResourceLeakDetector: io.netty.util.ResourceLeakDetector@44fe02fd
2023-04-27 20:10:25 DEBUG NettyConnectListener:73 ? Using new Channel '[id: 0x7c931eea, L:/127.0.0.1:62367 - R:localhost/127.0.0.1:8722]' for 'POST' to '/session'
2023-04-27 20:10:25 DEBUG Recycler:96 ? -Dio.netty.recycler.maxCapacityPerThread: 4096
2023-04-27 20:10:25 DEBUG Recycler:97 ? -Dio.netty.recycler.ratio: 8
2023-04-27 20:10:25 DEBUG Recycler:98 ? -Dio.netty.recycler.chunkSize: 32
2023-04-27 20:10:25 DEBUG Recycler:99 ? -Dio.netty.recycler.blocking: false
2023-04-27 20:10:25 DEBUG Recycler:100 ? -Dio.netty.recycler.batchFastThreadLocalOnly: true
2023-04-27 20:10:26 DEBUG Brotli:38 ? brotli4j not in the classpath; Brotli support will be unavailable.
2023-04-27 20:10:26 DEBUG HttpHandler:70 ? 

Request DefaultHttpRequest(decodeResult: success, version: HTTP/1.1)
POST /session HTTP/1.1
User-Agent: selenium/4.9.0 (java windows)
Content-Length: 254
Content-Type: application/json; charset=utf-8
host: localhost:8722
accept: */*

Response DefaultHttpResponse(decodeResult: success, version: HTTP/1.1)
HTTP/1.1 200 OK
Content-Length: 860
Content-Type: application/json; charset=utf-8
cache-control: no-cache

2023-04-27 20:10:26 DEBUG ChannelManager:270 ? Adding key: http://localhost:8722 for channel [id: 0x7c931eea, L:/127.0.0.1:62367 - R:localhost/127.0.0.1:8722]
2023-04-27 20:10:27 DEBUG NettyConnectListener:73 ? Using new Channel '[id: 0x016ddd59, L:/127.0.0.1:62386 - R:localhost/127.0.0.1:62373]' for 'GET' to '/json/version'
2023-04-27 20:10:27 DEBUG HttpHandler:70 ? 

Request DefaultFullHttpRequest(decodeResult: success, version: HTTP/1.1, content: EmptyByteBufBE)
GET /json/version HTTP/1.1
User-Agent: selenium/4.9.0 (java windows)
host: localhost:62373
accept: */*

Response DefaultHttpResponse(decodeResult: success, version: HTTP/1.1)
HTTP/1.1 200 OK
Content-Security-Policy: frame-ancestors 'none'
Content-Length: 424
Content-Type: application/json; charset=UTF-8

2023-04-27 20:10:27 DEBUG ChannelManager:270 ? Adding key: http://localhost:62373 for channel [id: 0x016ddd59, L:/127.0.0.1:62386 - R:localhost/127.0.0.1:62373]
2023-04-27 20:10:27 DEBUG ThreadLocalRandom:214 ? -Dio.netty.initialSeedUniquifier: 0x605e3ac3e93fa83b
2023-04-27 20:10:27 DEBUG NettyConnectListener:73 ? Using new Channel '[id: 0x78396c94, L:/127.0.0.1:62387 - R:localhost/127.0.0.1:62373]' for 'GET' to '/devtools/browser/d21c4bd7-e43c-46a5-8de1-640f62f49417'
2023-04-27 20:10:27 DEBUG WebSocketHandler:105 ? 

Request DefaultFullHttpRequest(decodeResult: success, version: HTTP/1.1, content: EmptyByteBufBE)
GET /devtools/browser/d21c4bd7-e43c-46a5-8de1-640f62f49417 HTTP/1.1
upgrade: websocket
connection: upgrade
sec-websocket-key: 5owvnnAG/e+kDNkeApkhbw==
sec-websocket-version: 13
origin: http://localhost:62373
host: localhost:62373
accept: */*
user-agent: AHC/2.1

Response DefaultHttpResponse(decodeResult: success, version: HTTP/1.1)
HTTP/1.1 101 WebSocket Protocol Handshake
Upgrade: WebSocket
Connection: Upgrade
Sec-WebSocket-Accept: LHCZ9x9Qt7Oyd3rsppAZHMAD6xk=

2023-04-27 20:10:27 DEBUG NettyRequestSender:593 ? Using pooled Channel '[id: 0x7c931eea, L:/127.0.0.1:62367 - R:localhost/127.0.0.1:8722]' for 'POST' to 'http://localhost:8722/session/fd9484f5a945927f92ec0d12edee31ad/window/maximize'
2023-04-27 20:10:27 DEBUG NettyRequestSender:251 ? Using open Channel [id: 0x7c931eea, L:/127.0.0.1:62367 - R:localhost/127.0.0.1:8722] for POST '/session/fd9484f5a945927f92ec0d12edee31ad/window/maximize'
2023-04-27 20:10:27 DEBUG HttpHandler:70 ? 

Request DefaultHttpRequest(decodeResult: success, version: HTTP/1.1)
POST /session/fd9484f5a945927f92ec0d12edee31ad/window/maximize HTTP/1.1
User-Agent: selenium/4.9.0 (java windows)
Content-Length: 3
Content-Type: application/json; charset=utf-8
host: localhost:8722
accept: */*

Response DefaultHttpResponse(decodeResult: success, version: HTTP/1.1)
HTTP/1.1 200 OK
Content-Length: 52
Content-Type: application/json; charset=utf-8
cache-control: no-cache

2023-04-27 20:10:27 DEBUG ChannelManager:270 ? Adding key: http://localhost:8722 for channel [id: 0x7c931eea, L:/127.0.0.1:62367 - R:localhost/127.0.0.1:8722]
2023-04-27 20:10:27 DEBUG NettyRequestSender:593 ? Using pooled Channel '[id: 0x7c931eea, L:/127.0.0.1:62367 - R:localhost/127.0.0.1:8722]' for 'POST' to 'http://localhost:8722/session/fd9484f5a945927f92ec0d12edee31ad/timeouts'
2023-04-27 20:10:27 DEBUG NettyRequestSender:251 ? Using open Channel [id: 0x7c931eea, L:/127.0.0.1:62367 - R:localhost/127.0.0.1:8722] for POST '/session/fd9484f5a945927f92ec0d12edee31ad/timeouts'
2023-04-27 20:10:27 DEBUG HttpHandler:70 ? 

Request DefaultHttpRequest(decodeResult: success, version: HTTP/1.1)
POST /session/fd9484f5a945927f92ec0d12edee31ad/timeouts HTTP/1.1
User-Agent: selenium/4.9.0 (java windows)
Content-Length: 23
Content-Type: application/json; charset=utf-8
host: localhost:8722
accept: */*

Response DefaultHttpResponse(decodeResult: success, version: HTTP/1.1)
HTTP/1.1 200 OK
Content-Length: 14
Content-Type: application/json; charset=utf-8
cache-control: no-cache

2023-04-27 20:10:27 DEBUG ChannelManager:270 ? Adding key: http://localhost:8722 for channel [id: 0x7c931eea, L:/127.0.0.1:62367 - R:localhost/127.0.0.1:8722]
2023-04-27 20:10:27 DEBUG NettyRequestSender:593 ? Using pooled Channel '[id: 0x7c931eea, L:/127.0.0.1:62367 - R:localhost/127.0.0.1:8722]' for 'POST' to 'http://localhost:8722/session/fd9484f5a945927f92ec0d12edee31ad/url'
2023-04-27 20:10:27 DEBUG NettyRequestSender:251 ? Using open Channel [id: 0x7c931eea, L:/127.0.0.1:62367 - R:localhost/127.0.0.1:8722] for POST '/session/fd9484f5a945927f92ec0d12edee31ad/url'
2023-04-27 20:10:27 DEBUG DefaultChannelPool:348 ? Entry count for : http://localhost:62373 : 1
2023-04-27 20:10:28 DEBUG DefaultChannelPool:348 ? Entry count for : http://localhost:62373 : 1
2023-04-27 20:10:29 DEBUG HttpHandler:70 ? 

Request DefaultHttpRequest(decodeResult: success, version: HTTP/1.1)
POST /session/fd9484f5a945927f92ec0d12edee31ad/url HTTP/1.1
User-Agent: selenium/4.9.0 (java windows)
Content-Length: 67
Content-Type: application/json; charset=utf-8
host: localhost:8722
accept: */*

Response DefaultHttpResponse(decodeResult: success, version: HTTP/1.1)
HTTP/1.1 200 OK
Content-Length: 14
Content-Type: application/json; charset=utf-8
cache-control: no-cache

2023-04-27 20:10:29 DEBUG ChannelManager:270 ? Adding key: http://localhost:8722 for channel [id: 0x7c931eea, L:/127.0.0.1:62367 - R:localhost/127.0.0.1:8722]
2023-04-27 20:10:29 DEBUG NettyRequestSender:593 ? Using pooled Channel '[id: 0x7c931eea, L:/127.0.0.1:62367 - R:localhost/127.0.0.1:8722]' for 'POST' to 'http://localhost:8722/session/fd9484f5a945927f92ec0d12edee31ad/element'
2023-04-27 20:10:29 DEBUG NettyRequestSender:251 ? Using open Channel [id: 0x7c931eea, L:/127.0.0.1:62367 - R:localhost/127.0.0.1:8722] for POST '/session/fd9484f5a945927f92ec0d12edee31ad/element'
2023-04-27 20:10:29 DEBUG HttpHandler:70 ? 

Request DefaultHttpRequest(decodeResult: success, version: HTTP/1.1)
POST /session/fd9484f5a945927f92ec0d12edee31ad/element HTTP/1.1
User-Agent: selenium/4.9.0 (java windows)
Content-Length: 53
Content-Type: application/json; charset=utf-8
host: localhost:8722
accept: */*

Response DefaultHttpResponse(decodeResult: success, version: HTTP/1.1)
HTTP/1.1 200 OK
Content-Length: 88
Content-Type: application/json; charset=utf-8
cache-control: no-cache

2023-04-27 20:10:29 DEBUG ChannelManager:270 ? Adding key: http://localhost:8722 for channel [id: 0x7c931eea, L:/127.0.0.1:62367 - R:localhost/127.0.0.1:8722]
2023-04-27 20:10:29 DEBUG NettyRequestSender:593 ? Using pooled Channel '[id: 0x7c931eea, L:/127.0.0.1:62367 - R:localhost/127.0.0.1:8722]' for 'POST' to 'http://localhost:8722/session/fd9484f5a945927f92ec0d12edee31ad/execute/sync'
2023-04-27 20:10:29 DEBUG NettyRequestSender:251 ? Using open Channel [id: 0x7c931eea, L:/127.0.0.1:62367 - R:localhost/127.0.0.1:8722] for POST '/session/fd9484f5a945927f92ec0d12edee31ad/execute/sync'
2023-04-27 20:10:29 DEBUG HttpHandler:70 ? 

Request DefaultHttpRequest(decodeResult: success, version: HTTP/1.1)
POST /session/fd9484f5a945927f92ec0d12edee31ad/execute/sync HTTP/1.1
User-Agent: selenium/4.9.0 (java windows)
Content-Length: 48807
Content-Type: application/json; charset=utf-8
host: localhost:8722
accept: */*

Response DefaultHttpResponse(decodeResult: success, version: HTTP/1.1)
HTTP/1.1 200 OK
Content-Length: 14
Content-Type: application/json; charset=utf-8
cache-control: no-cache

2023-04-27 20:10:29 DEBUG ChannelManager:270 ? Adding key: http://localhost:8722 for channel [id: 0x7c931eea, L:/127.0.0.1:62367 - R:localhost/127.0.0.1:8722]
2023-04-27 20:10:29 DEBUG NettyRequestSender:593 ? Using pooled Channel '[id: 0x7c931eea, L:/127.0.0.1:62367 - R:localhost/127.0.0.1:8722]' for 'POST' to 'http://localhost:8722/session/fd9484f5a945927f92ec0d12edee31ad/element'
2023-04-27 20:10:29 DEBUG NettyRequestSender:251 ? Using open Channel [id: 0x7c931eea, L:/127.0.0.1:62367 - R:localhost/127.0.0.1:8722] for POST '/session/fd9484f5a945927f92ec0d12edee31ad/element'
2023-04-27 20:10:29 DEBUG HttpHandler:70 ? 

Request DefaultHttpRequest(decodeResult: success, version: HTTP/1.1)
POST /session/fd9484f5a945927f92ec0d12edee31ad/element HTTP/1.1
User-Agent: selenium/4.9.0 (java windows)
Content-Length: 54
Content-Type: application/json; charset=utf-8
host: localhost:8722
accept: */*

Response DefaultHttpResponse(decodeResult: success, version: HTTP/1.1)
HTTP/1.1 200 OK
Content-Length: 88
Content-Type: application/json; charset=utf-8
cache-control: no-cache

2023-04-27 20:10:29 DEBUG ChannelManager:270 ? Adding key: http://localhost:8722 for channel [id: 0x7c931eea, L:/127.0.0.1:62367 - R:localhost/127.0.0.1:8722]
2023-04-27 20:10:29 DEBUG NettyRequestSender:593 ? Using pooled Channel '[id: 0x7c931eea, L:/127.0.0.1:62367 - R:localhost/127.0.0.1:8722]' for 'POST' to 'http://localhost:8722/session/fd9484f5a945927f92ec0d12edee31ad/execute/sync'
2023-04-27 20:10:29 DEBUG NettyRequestSender:251 ? Using open Channel [id: 0x7c931eea, L:/127.0.0.1:62367 - R:localhost/127.0.0.1:8722] for POST '/session/fd9484f5a945927f92ec0d12edee31ad/execute/sync'
2023-04-27 20:10:29 DEBUG HttpHandler:70 ? 

Request DefaultHttpRequest(decodeResult: success, version: HTTP/1.1)
POST /session/fd9484f5a945927f92ec0d12edee31ad/execute/sync HTTP/1.1
User-Agent: selenium/4.9.0 (java windows)
Content-Length: 48807
Content-Type: application/json; charset=utf-8
host: localhost:8722
accept: */*

Response DefaultHttpResponse(decodeResult: success, version: HTTP/1.1)
HTTP/1.1 200 OK
Content-Length: 14
Content-Type: application/json; charset=utf-8
cache-control: no-cache

2023-04-27 20:10:29 DEBUG ChannelManager:270 ? Adding key: http://localhost:8722 for channel [id: 0x7c931eea, L:/127.0.0.1:62367 - R:localhost/127.0.0.1:8722]
2023-04-27 20:10:29 DEBUG NettyRequestSender:593 ? Using pooled Channel '[id: 0x7c931eea, L:/127.0.0.1:62367 - R:localhost/127.0.0.1:8722]' for 'POST' to 'http://localhost:8722/session/fd9484f5a945927f92ec0d12edee31ad/element'
2023-04-27 20:10:29 DEBUG NettyRequestSender:251 ? Using open Channel [id: 0x7c931eea, L:/127.0.0.1:62367 - R:localhost/127.0.0.1:8722] for POST '/session/fd9484f5a945927f92ec0d12edee31ad/element'
2023-04-27 20:10:29 DEBUG HttpHandler:70 ? 

Request DefaultHttpRequest(decodeResult: success, version: HTTP/1.1)
POST /session/fd9484f5a945927f92ec0d12edee31ad/element HTTP/1.1
User-Agent: selenium/4.9.0 (java windows)
Content-Length: 53
Content-Type: application/json; charset=utf-8
host: localhost:8722
accept: */*

Response DefaultHttpResponse(decodeResult: success, version: HTTP/1.1)
HTTP/1.1 200 OK
Content-Length: 88
Content-Type: application/json; charset=utf-8
cache-control: no-cache

2023-04-27 20:10:29 DEBUG ChannelManager:270 ? Adding key: http://localhost:8722 for channel [id: 0x7c931eea, L:/127.0.0.1:62367 - R:localhost/127.0.0.1:8722]
2023-04-27 20:10:29 DEBUG NettyRequestSender:593 ? Using pooled Channel '[id: 0x7c931eea, L:/127.0.0.1:62367 - R:localhost/127.0.0.1:8722]' for 'POST' to 'http://localhost:8722/session/fd9484f5a945927f92ec0d12edee31ad/execute/sync'
2023-04-27 20:10:29 DEBUG NettyRequestSender:251 ? Using open Channel [id: 0x7c931eea, L:/127.0.0.1:62367 - R:localhost/127.0.0.1:8722] for POST '/session/fd9484f5a945927f92ec0d12edee31ad/execute/sync'
2023-04-27 20:10:29 DEBUG HttpHandler:70 ? 

Request DefaultHttpRequest(decodeResult: success, version: HTTP/1.1)
POST /session/fd9484f5a945927f92ec0d12edee31ad/execute/sync HTTP/1.1
User-Agent: selenium/4.9.0 (java windows)
Content-Length: 48807
Content-Type: application/json; charset=utf-8
host: localhost:8722
accept: */*

Response DefaultHttpResponse(decodeResult: success, version: HTTP/1.1)
HTTP/1.1 200 OK
Content-Length: 14
Content-Type: application/json; charset=utf-8
cache-control: no-cache

2023-04-27 20:10:29 DEBUG ChannelManager:270 ? Adding key: http://localhost:8722 for channel [id: 0x7c931eea, L:/127.0.0.1:62367 - R:localhost/127.0.0.1:8722]
2023-04-27 20:10:29 DEBUG NettyRequestSender:593 ? Using pooled Channel '[id: 0x7c931eea, L:/127.0.0.1:62367 - R:localhost/127.0.0.1:8722]' for 'POST' to 'http://localhost:8722/session/fd9484f5a945927f92ec0d12edee31ad/element'
2023-04-27 20:10:29 DEBUG NettyRequestSender:251 ? Using open Channel [id: 0x7c931eea, L:/127.0.0.1:62367 - R:localhost/127.0.0.1:8722] for POST '/session/fd9484f5a945927f92ec0d12edee31ad/element'
2023-04-27 20:10:29 DEBUG HttpHandler:70 ? 

Request DefaultHttpRequest(decodeResult: success, version: HTTP/1.1)
POST /session/fd9484f5a945927f92ec0d12edee31ad/element HTTP/1.1
User-Agent: selenium/4.9.0 (java windows)
Content-Length: 53
Content-Type: application/json; charset=utf-8
host: localhost:8722
accept: */*

Response DefaultHttpResponse(decodeResult: success, version: HTTP/1.1)
HTTP/1.1 200 OK
Content-Length: 88
Content-Type: application/json; charset=utf-8
cache-control: no-cache

2023-04-27 20:10:29 DEBUG ChannelManager:270 ? Adding key: http://localhost:8722 for channel [id: 0x7c931eea, L:/127.0.0.1:62367 - R:localhost/127.0.0.1:8722]
2023-04-27 20:10:29 DEBUG NettyRequestSender:593 ? Using pooled Channel '[id: 0x7c931eea, L:/127.0.0.1:62367 - R:localhost/127.0.0.1:8722]' for 'POST' to 'http://localhost:8722/session/fd9484f5a945927f92ec0d12edee31ad/execute/sync'
2023-04-27 20:10:29 DEBUG NettyRequestSender:251 ? Using open Channel [id: 0x7c931eea, L:/127.0.0.1:62367 - R:localhost/127.0.0.1:8722] for POST '/session/fd9484f5a945927f92ec0d12edee31ad/execute/sync'
2023-04-27 20:10:29 DEBUG HttpHandler:70 ? 

Request DefaultHttpRequest(decodeResult: success, version: HTTP/1.1)
POST /session/fd9484f5a945927f92ec0d12edee31ad/execute/sync HTTP/1.1
User-Agent: selenium/4.9.0 (java windows)
Content-Length: 48807
Content-Type: application/json; charset=utf-8
host: localhost:8722
accept: */*

Response DefaultHttpResponse(decodeResult: success, version: HTTP/1.1)
HTTP/1.1 200 OK
Content-Length: 14
Content-Type: application/json; charset=utf-8
cache-control: no-cache

2023-04-27 20:10:29 DEBUG ChannelManager:270 ? Adding key: http://localhost:8722 for channel [id: 0x7c931eea, L:/127.0.0.1:62367 - R:localhost/127.0.0.1:8722]
2023-04-27 20:10:29 DEBUG NettyRequestSender:593 ? Using pooled Channel '[id: 0x7c931eea, L:/127.0.0.1:62367 - R:localhost/127.0.0.1:8722]' for 'POST' to 'http://localhost:8722/session/fd9484f5a945927f92ec0d12edee31ad/element'
2023-04-27 20:10:29 DEBUG NettyRequestSender:251 ? Using open Channel [id: 0x7c931eea, L:/127.0.0.1:62367 - R:localhost/127.0.0.1:8722] for POST '/session/fd9484f5a945927f92ec0d12edee31ad/element'
2023-04-27 20:10:29 DEBUG HttpHandler:70 ? 

Request DefaultHttpRequest(decodeResult: success, version: HTTP/1.1)
POST /session/fd9484f5a945927f92ec0d12edee31ad/element HTTP/1.1
User-Agent: selenium/4.9.0 (java windows)
Content-Length: 60
Content-Type: application/json; charset=utf-8
host: localhost:8722
accept: */*

Response DefaultHttpResponse(decodeResult: success, version: HTTP/1.1)
HTTP/1.1 200 OK
Content-Length: 88
Content-Type: application/json; charset=utf-8
cache-control: no-cache

2023-04-27 20:10:29 DEBUG ChannelManager:270 ? Adding key: http://localhost:8722 for channel [id: 0x7c931eea, L:/127.0.0.1:62367 - R:localhost/127.0.0.1:8722]
2023-04-27 20:10:29 DEBUG NettyRequestSender:593 ? Using pooled Channel '[id: 0x7c931eea, L:/127.0.0.1:62367 - R:localhost/127.0.0.1:8722]' for 'POST' to 'http://localhost:8722/session/fd9484f5a945927f92ec0d12edee31ad/execute/sync'
2023-04-27 20:10:29 DEBUG NettyRequestSender:251 ? Using open Channel [id: 0x7c931eea, L:/127.0.0.1:62367 - R:localhost/127.0.0.1:8722] for POST '/session/fd9484f5a945927f92ec0d12edee31ad/execute/sync'
2023-04-27 20:10:29 DEBUG HttpHandler:70 ? 

Request DefaultHttpRequest(decodeResult: success, version: HTTP/1.1)
POST /session/fd9484f5a945927f92ec0d12edee31ad/execute/sync HTTP/1.1
User-Agent: selenium/4.9.0 (java windows)
Content-Length: 48807
Content-Type: application/json; charset=utf-8
host: localhost:8722
accept: */*

Response DefaultHttpResponse(decodeResult: success, version: HTTP/1.1)
HTTP/1.1 200 OK
Content-Length: 14
Content-Type: application/json; charset=utf-8
cache-control: no-cache

2023-04-27 20:10:29 DEBUG ChannelManager:270 ? Adding key: http://localhost:8722 for channel [id: 0x7c931eea, L:/127.0.0.1:62367 - R:localhost/127.0.0.1:8722]
2023-04-27 20:10:29 DEBUG NettyRequestSender:593 ? Using pooled Channel '[id: 0x7c931eea, L:/127.0.0.1:62367 - R:localhost/127.0.0.1:8722]' for 'POST' to 'http://localhost:8722/session/fd9484f5a945927f92ec0d12edee31ad/element'
2023-04-27 20:10:29 DEBUG NettyRequestSender:251 ? Using open Channel [id: 0x7c931eea, L:/127.0.0.1:62367 - R:localhost/127.0.0.1:8722] for POST '/session/fd9484f5a945927f92ec0d12edee31ad/element'
2023-04-27 20:10:29 DEBUG HttpHandler:70 ? 

Request DefaultHttpRequest(decodeResult: success, version: HTTP/1.1)
POST /session/fd9484f5a945927f92ec0d12edee31ad/element HTTP/1.1
User-Agent: selenium/4.9.0 (java windows)
Content-Length: 53
Content-Type: application/json; charset=utf-8
host: localhost:8722
accept: */*

Response DefaultHttpResponse(decodeResult: success, version: HTTP/1.1)
HTTP/1.1 200 OK
Content-Length: 88
Content-Type: application/json; charset=utf-8
cache-control: no-cache

2023-04-27 20:10:29 DEBUG ChannelManager:270 ? Adding key: http://localhost:8722 for channel [id: 0x7c931eea, L:/127.0.0.1:62367 - R:localhost/127.0.0.1:8722]
2023-04-27 20:10:29 DEBUG NettyRequestSender:593 ? Using pooled Channel '[id: 0x7c931eea, L:/127.0.0.1:62367 - R:localhost/127.0.0.1:8722]' for 'POST' to 'http://localhost:8722/session/fd9484f5a945927f92ec0d12edee31ad/actions'
2023-04-27 20:10:29 DEBUG NettyRequestSender:251 ? Using open Channel [id: 0x7c931eea, L:/127.0.0.1:62367 - R:localhost/127.0.0.1:8722] for POST '/session/fd9484f5a945927f92ec0d12edee31ad/actions'
2023-04-27 20:10:29 DEBUG HttpHandler:70 ? 

Request DefaultHttpRequest(decodeResult: success, version: HTTP/1.1)
POST /session/fd9484f5a945927f92ec0d12edee31ad/actions HTTP/1.1
User-Agent: selenium/4.9.0 (java windows)
Content-Length: 3755
Content-Type: application/json; charset=utf-8
host: localhost:8722
accept: */*

Response DefaultHttpResponse(decodeResult: success, version: HTTP/1.1)
HTTP/1.1 200 OK
Content-Length: 14
Content-Type: application/json; charset=utf-8
cache-control: no-cache

2023-04-27 20:10:29 DEBUG ChannelManager:270 ? Adding key: http://localhost:8722 for channel [id: 0x7c931eea, L:/127.0.0.1:62367 - R:localhost/127.0.0.1:8722]
2023-04-27 20:10:29 DEBUG NettyRequestSender:593 ? Using pooled Channel '[id: 0x7c931eea, L:/127.0.0.1:62367 - R:localhost/127.0.0.1:8722]' for 'POST' to 'http://localhost:8722/session/fd9484f5a945927f92ec0d12edee31ad/element'
2023-04-27 20:10:29 DEBUG NettyRequestSender:251 ? Using open Channel [id: 0x7c931eea, L:/127.0.0.1:62367 - R:localhost/127.0.0.1:8722] for POST '/session/fd9484f5a945927f92ec0d12edee31ad/element'
2023-04-27 20:10:29 DEBUG HttpHandler:70 ? 

Request DefaultHttpRequest(decodeResult: success, version: HTTP/1.1)
POST /session/fd9484f5a945927f92ec0d12edee31ad/element HTTP/1.1
User-Agent: selenium/4.9.0 (java windows)
Content-Length: 54
Content-Type: application/json; charset=utf-8
host: localhost:8722
accept: */*

Response DefaultHttpResponse(decodeResult: success, version: HTTP/1.1)
HTTP/1.1 200 OK
Content-Length: 88
Content-Type: application/json; charset=utf-8
cache-control: no-cache

2023-04-27 20:10:29 DEBUG ChannelManager:270 ? Adding key: http://localhost:8722 for channel [id: 0x7c931eea, L:/127.0.0.1:62367 - R:localhost/127.0.0.1:8722]
2023-04-27 20:10:29 DEBUG NettyRequestSender:593 ? Using pooled Channel '[id: 0x7c931eea, L:/127.0.0.1:62367 - R:localhost/127.0.0.1:8722]' for 'POST' to 'http://localhost:8722/session/fd9484f5a945927f92ec0d12edee31ad/actions'
2023-04-27 20:10:29 DEBUG NettyRequestSender:251 ? Using open Channel [id: 0x7c931eea, L:/127.0.0.1:62367 - R:localhost/127.0.0.1:8722] for POST '/session/fd9484f5a945927f92ec0d12edee31ad/actions'
2023-04-27 20:10:29 DEBUG HttpHandler:70 ? 

Request DefaultHttpRequest(decodeResult: success, version: HTTP/1.1)
POST /session/fd9484f5a945927f92ec0d12edee31ad/actions HTTP/1.1
User-Agent: selenium/4.9.0 (java windows)
Content-Length: 3755
Content-Type: application/json; charset=utf-8
host: localhost:8722
accept: */*

Response DefaultHttpResponse(decodeResult: success, version: HTTP/1.1)
HTTP/1.1 200 OK
Content-Length: 14
Content-Type: application/json; charset=utf-8
cache-control: no-cache

2023-04-27 20:10:29 DEBUG ChannelManager:270 ? Adding key: http://localhost:8722 for channel [id: 0x7c931eea, L:/127.0.0.1:62367 - R:localhost/127.0.0.1:8722]
2023-04-27 20:10:30 DEBUG NettyRequestSender:593 ? Using pooled Channel '[id: 0x7c931eea, L:/127.0.0.1:62367 - R:localhost/127.0.0.1:8722]' for 'POST' to 'http://localhost:8722/session/fd9484f5a945927f92ec0d12edee31ad/element'
2023-04-27 20:10:30 DEBUG NettyRequestSender:251 ? Using open Channel [id: 0x7c931eea, L:/127.0.0.1:62367 - R:localhost/127.0.0.1:8722] for POST '/session/fd9484f5a945927f92ec0d12edee31ad/element'
2023-04-27 20:10:30 DEBUG HttpHandler:70 ? 

Request DefaultHttpRequest(decodeResult: success, version: HTTP/1.1)
POST /session/fd9484f5a945927f92ec0d12edee31ad/element HTTP/1.1
User-Agent: selenium/4.9.0 (java windows)
Content-Length: 53
Content-Type: application/json; charset=utf-8
host: localhost:8722
accept: */*

Response DefaultHttpResponse(decodeResult: success, version: HTTP/1.1)
HTTP/1.1 200 OK
Content-Length: 88
Content-Type: application/json; charset=utf-8
cache-control: no-cache

2023-04-27 20:10:30 DEBUG ChannelManager:270 ? Adding key: http://localhost:8722 for channel [id: 0x7c931eea, L:/127.0.0.1:62367 - R:localhost/127.0.0.1:8722]
2023-04-27 20:10:30 DEBUG NettyRequestSender:593 ? Using pooled Channel '[id: 0x7c931eea, L:/127.0.0.1:62367 - R:localhost/127.0.0.1:8722]' for 'POST' to 'http://localhost:8722/session/fd9484f5a945927f92ec0d12edee31ad/actions'
2023-04-27 20:10:30 DEBUG NettyRequestSender:251 ? Using open Channel [id: 0x7c931eea, L:/127.0.0.1:62367 - R:localhost/127.0.0.1:8722] for POST '/session/fd9484f5a945927f92ec0d12edee31ad/actions'
2023-04-27 20:10:30 DEBUG DefaultChannelPool:348 ? Entry count for : http://localhost:62373 : 1
2023-04-27 20:10:30 DEBUG HttpHandler:70 ? 

Request DefaultHttpRequest(decodeResult: success, version: HTTP/1.1)
POST /session/fd9484f5a945927f92ec0d12edee31ad/actions HTTP/1.1
User-Agent: selenium/4.9.0 (java windows)
Content-Length: 3755
Content-Type: application/json; charset=utf-8
host: localhost:8722
accept: */*

Response DefaultHttpResponse(decodeResult: success, version: HTTP/1.1)
HTTP/1.1 200 OK
Content-Length: 14
Content-Type: application/json; charset=utf-8
cache-control: no-cache

2023-04-27 20:10:30 DEBUG ChannelManager:270 ? Adding key: http://localhost:8722 for channel [id: 0x7c931eea, L:/127.0.0.1:62367 - R:localhost/127.0.0.1:8722]
2023-04-27 20:10:30 DEBUG NettyRequestSender:593 ? Using pooled Channel '[id: 0x7c931eea, L:/127.0.0.1:62367 - R:localhost/127.0.0.1:8722]' for 'POST' to 'http://localhost:8722/session/fd9484f5a945927f92ec0d12edee31ad/element'
2023-04-27 20:10:30 DEBUG NettyRequestSender:251 ? Using open Channel [id: 0x7c931eea, L:/127.0.0.1:62367 - R:localhost/127.0.0.1:8722] for POST '/session/fd9484f5a945927f92ec0d12edee31ad/element'
2023-04-27 20:10:30 DEBUG HttpHandler:70 ? 

Request DefaultHttpRequest(decodeResult: success, version: HTTP/1.1)
POST /session/fd9484f5a945927f92ec0d12edee31ad/element HTTP/1.1
User-Agent: selenium/4.9.0 (java windows)
Content-Length: 53
Content-Type: application/json; charset=utf-8
host: localhost:8722
accept: */*

Response DefaultHttpResponse(decodeResult: success, version: HTTP/1.1)
HTTP/1.1 200 OK
Content-Length: 88
Content-Type: application/json; charset=utf-8
cache-control: no-cache

2023-04-27 20:10:30 DEBUG ChannelManager:270 ? Adding key: http://localhost:8722 for channel [id: 0x7c931eea, L:/127.0.0.1:62367 - R:localhost/127.0.0.1:8722]
2023-04-27 20:10:30 DEBUG NettyRequestSender:593 ? Using pooled Channel '[id: 0x7c931eea, L:/127.0.0.1:62367 - R:localhost/127.0.0.1:8722]' for 'POST' to 'http://localhost:8722/session/fd9484f5a945927f92ec0d12edee31ad/actions'
2023-04-27 20:10:30 DEBUG NettyRequestSender:251 ? Using open Channel [id: 0x7c931eea, L:/127.0.0.1:62367 - R:localhost/127.0.0.1:8722] for POST '/session/fd9484f5a945927f92ec0d12edee31ad/actions'
2023-04-27 20:10:30 DEBUG HttpHandler:70 ? 

Request DefaultHttpRequest(decodeResult: success, version: HTTP/1.1)
POST /session/fd9484f5a945927f92ec0d12edee31ad/actions HTTP/1.1
User-Agent: selenium/4.9.0 (java windows)
Content-Length: 3755
Content-Type: application/json; charset=utf-8
host: localhost:8722
accept: */*

Response DefaultHttpResponse(decodeResult: success, version: HTTP/1.1)
HTTP/1.1 200 OK
Content-Length: 14
Content-Type: application/json; charset=utf-8
cache-control: no-cache

2023-04-27 20:10:30 DEBUG ChannelManager:270 ? Adding key: http://localhost:8722 for channel [id: 0x7c931eea, L:/127.0.0.1:62367 - R:localhost/127.0.0.1:8722]
2023-04-27 20:10:30 DEBUG NettyRequestSender:593 ? Using pooled Channel '[id: 0x7c931eea, L:/127.0.0.1:62367 - R:localhost/127.0.0.1:8722]' for 'POST' to 'http://localhost:8722/session/fd9484f5a945927f92ec0d12edee31ad/element'
2023-04-27 20:10:30 DEBUG NettyRequestSender:251 ? Using open Channel [id: 0x7c931eea, L:/127.0.0.1:62367 - R:localhost/127.0.0.1:8722] for POST '/session/fd9484f5a945927f92ec0d12edee31ad/element'
2023-04-27 20:10:30 DEBUG HttpHandler:70 ? 

Request DefaultHttpRequest(decodeResult: success, version: HTTP/1.1)
POST /session/fd9484f5a945927f92ec0d12edee31ad/element HTTP/1.1
User-Agent: selenium/4.9.0 (java windows)
Content-Length: 60
Content-Type: application/json; charset=utf-8
host: localhost:8722
accept: */*

Response DefaultHttpResponse(decodeResult: success, version: HTTP/1.1)
HTTP/1.1 200 OK
Content-Length: 88
Content-Type: application/json; charset=utf-8
cache-control: no-cache

2023-04-27 20:10:30 DEBUG ChannelManager:270 ? Adding key: http://localhost:8722 for channel [id: 0x7c931eea, L:/127.0.0.1:62367 - R:localhost/127.0.0.1:8722]
2023-04-27 20:10:30 DEBUG NettyRequestSender:593 ? Using pooled Channel '[id: 0x7c931eea, L:/127.0.0.1:62367 - R:localhost/127.0.0.1:8722]' for 'POST' to 'http://localhost:8722/session/fd9484f5a945927f92ec0d12edee31ad/actions'
2023-04-27 20:10:30 DEBUG NettyRequestSender:251 ? Using open Channel [id: 0x7c931eea, L:/127.0.0.1:62367 - R:localhost/127.0.0.1:8722] for POST '/session/fd9484f5a945927f92ec0d12edee31ad/actions'
2023-04-27 20:10:30 DEBUG HttpHandler:70 ? 

Request DefaultHttpRequest(decodeResult: success, version: HTTP/1.1)
POST /session/fd9484f5a945927f92ec0d12edee31ad/actions HTTP/1.1
User-Agent: selenium/4.9.0 (java windows)
Content-Length: 3755
Content-Type: application/json; charset=utf-8
host: localhost:8722
accept: */*

Response DefaultHttpResponse(decodeResult: success, version: HTTP/1.1)
HTTP/1.1 200 OK
Content-Length: 14
Content-Type: application/json; charset=utf-8
cache-control: no-cache

2023-04-27 20:10:30 DEBUG ChannelManager:270 ? Adding key: http://localhost:8722 for channel [id: 0x7c931eea, L:/127.0.0.1:62367 - R:localhost/127.0.0.1:8722]
2023-04-27 20:10:30 DEBUG NettyRequestSender:593 ? Using pooled Channel '[id: 0x7c931eea, L:/127.0.0.1:62367 - R:localhost/127.0.0.1:8722]' for 'POST' to 'http://localhost:8722/session/fd9484f5a945927f92ec0d12edee31ad/element'
2023-04-27 20:10:30 DEBUG NettyRequestSender:251 ? Using open Channel [id: 0x7c931eea, L:/127.0.0.1:62367 - R:localhost/127.0.0.1:8722] for POST '/session/fd9484f5a945927f92ec0d12edee31ad/element'
2023-04-27 20:10:30 DEBUG HttpHandler:70 ? 

Request DefaultHttpRequest(decodeResult: success, version: HTTP/1.1)
POST /session/fd9484f5a945927f92ec0d12edee31ad/element HTTP/1.1
User-Agent: selenium/4.9.0 (java windows)
Content-Length: 74
Content-Type: application/json; charset=utf-8
host: localhost:8722
accept: */*

Response DefaultHttpResponse(decodeResult: success, version: HTTP/1.1)
HTTP/1.1 200 OK
Content-Length: 88
Content-Type: application/json; charset=utf-8
cache-control: no-cache

2023-04-27 20:10:30 DEBUG ChannelManager:270 ? Adding key: http://localhost:8722 for channel [id: 0x7c931eea, L:/127.0.0.1:62367 - R:localhost/127.0.0.1:8722]
2023-04-27 20:10:30 DEBUG NettyRequestSender:593 ? Using pooled Channel '[id: 0x7c931eea, L:/127.0.0.1:62367 - R:localhost/127.0.0.1:8722]' for 'POST' to 'http://localhost:8722/session/fd9484f5a945927f92ec0d12edee31ad/actions'
2023-04-27 20:10:30 DEBUG NettyRequestSender:251 ? Using open Channel [id: 0x7c931eea, L:/127.0.0.1:62367 - R:localhost/127.0.0.1:8722] for POST '/session/fd9484f5a945927f92ec0d12edee31ad/actions'
2023-04-27 20:10:30 DEBUG HttpHandler:70 ? 

Request DefaultHttpRequest(decodeResult: success, version: HTTP/1.1)
POST /session/fd9484f5a945927f92ec0d12edee31ad/actions HTTP/1.1
User-Agent: selenium/4.9.0 (java windows)
Content-Length: 567
Content-Type: application/json; charset=utf-8
host: localhost:8722
accept: */*

Response DefaultHttpResponse(decodeResult: success, version: HTTP/1.1)
HTTP/1.1 200 OK
Content-Length: 14
Content-Type: application/json; charset=utf-8
cache-control: no-cache

2023-04-27 20:10:30 DEBUG ChannelManager:270 ? Adding key: http://localhost:8722 for channel [id: 0x7c931eea, L:/127.0.0.1:62367 - R:localhost/127.0.0.1:8722]
2023-04-27 20:10:30 DEBUG NettyRequestSender:593 ? Using pooled Channel '[id: 0x7c931eea, L:/127.0.0.1:62367 - R:localhost/127.0.0.1:8722]' for 'POST' to 'http://localhost:8722/session/fd9484f5a945927f92ec0d12edee31ad/element'
2023-04-27 20:10:30 DEBUG NettyRequestSender:251 ? Using open Channel [id: 0x7c931eea, L:/127.0.0.1:62367 - R:localhost/127.0.0.1:8722] for POST '/session/fd9484f5a945927f92ec0d12edee31ad/element'
2023-04-27 20:10:31 DEBUG DefaultChannelPool:348 ? Entry count for : http://localhost:62373 : 1
2023-04-27 20:10:32 DEBUG HttpHandler:70 ? 

Request DefaultHttpRequest(decodeResult: success, version: HTTP/1.1)
POST /session/fd9484f5a945927f92ec0d12edee31ad/element HTTP/1.1
User-Agent: selenium/4.9.0 (java windows)
Content-Length: 109
Content-Type: application/json; charset=utf-8
host: localhost:8722
accept: */*

Response DefaultHttpResponse(decodeResult: success, version: HTTP/1.1)
HTTP/1.1 200 OK
Content-Length: 88
Content-Type: application/json; charset=utf-8
cache-control: no-cache

2023-04-27 20:10:32 DEBUG ChannelManager:270 ? Adding key: http://localhost:8722 for channel [id: 0x7c931eea, L:/127.0.0.1:62367 - R:localhost/127.0.0.1:8722]
2023-04-27 20:10:32 DEBUG NettyRequestSender:593 ? Using pooled Channel '[id: 0x7c931eea, L:/127.0.0.1:62367 - R:localhost/127.0.0.1:8722]' for 'GET' to 'http://localhost:8722/session/fd9484f5a945927f92ec0d12edee31ad/element/a6ffa45d-17ee-4749-bf86-7d5f8bb06874/text'
2023-04-27 20:10:32 DEBUG NettyRequestSender:251 ? Using open Channel [id: 0x7c931eea, L:/127.0.0.1:62367 - R:localhost/127.0.0.1:8722] for GET '/session/fd9484f5a945927f92ec0d12edee31ad/element/a6ffa45d-17ee-4749-bf86-7d5f8bb06874/text'
2023-04-27 20:10:32 DEBUG HttpHandler:70 ? 

Request DefaultFullHttpRequest(decodeResult: success, version: HTTP/1.1, content: EmptyByteBufBE)
GET /session/fd9484f5a945927f92ec0d12edee31ad/element/a6ffa45d-17ee-4749-bf86-7d5f8bb06874/text HTTP/1.1
User-Agent: selenium/4.9.0 (java windows)
Cache-Control: no-cache
Content-Type: application/json; charset=utf-8
host: localhost:8722
accept: */*

Response DefaultHttpResponse(decodeResult: success, version: HTTP/1.1)
HTTP/1.1 200 OK
Content-Length: 38
Content-Type: application/json; charset=utf-8
cache-control: no-cache

2023-04-27 20:10:32 DEBUG ChannelManager:270 ? Adding key: http://localhost:8722 for channel [id: 0x7c931eea, L:/127.0.0.1:62367 - R:localhost/127.0.0.1:8722]
2023-04-27 20:10:32 DEBUG DefaultChannelPool:348 ? Entry count for : http://localhost:8722 : 1
2023-04-27 20:10:32 DEBUG DefaultChannelPool:348 ? Entry count for : http://localhost:62373 : 1
2023-04-27 20:10:32 DEBUG NettyRequestSender:593 ? Using pooled Channel '[id: 0x7c931eea, L:/127.0.0.1:62367 - R:localhost/127.0.0.1:8722]' for 'POST' to 'http://localhost:8722/session/fd9484f5a945927f92ec0d12edee31ad/url'
2023-04-27 20:10:32 DEBUG NettyRequestSender:251 ? Using open Channel [id: 0x7c931eea, L:/127.0.0.1:62367 - R:localhost/127.0.0.1:8722] for POST '/session/fd9484f5a945927f92ec0d12edee31ad/url'
2023-04-27 20:10:33 DEBUG HttpHandler:70 ? 

Request DefaultHttpRequest(decodeResult: success, version: HTTP/1.1)
POST /session/fd9484f5a945927f92ec0d12edee31ad/url HTTP/1.1
User-Agent: selenium/4.9.0 (java windows)
Content-Length: 59
Content-Type: application/json; charset=utf-8
host: localhost:8722
accept: */*

Response DefaultHttpResponse(decodeResult: success, version: HTTP/1.1)
HTTP/1.1 200 OK
Content-Length: 14
Content-Type: application/json; charset=utf-8
cache-control: no-cache

2023-04-27 20:10:33 DEBUG ChannelManager:270 ? Adding key: http://localhost:8722 for channel [id: 0x7c931eea, L:/127.0.0.1:62367 - R:localhost/127.0.0.1:8722]
2023-04-27 20:10:33 DEBUG NettyRequestSender:593 ? Using pooled Channel '[id: 0x7c931eea, L:/127.0.0.1:62367 - R:localhost/127.0.0.1:8722]' for 'POST' to 'http://localhost:8722/session/fd9484f5a945927f92ec0d12edee31ad/element'
2023-04-27 20:10:33 DEBUG NettyRequestSender:251 ? Using open Channel [id: 0x7c931eea, L:/127.0.0.1:62367 - R:localhost/127.0.0.1:8722] for POST '/session/fd9484f5a945927f92ec0d12edee31ad/element'
2023-04-27 20:10:33 DEBUG HttpHandler:70 ? 

Request DefaultHttpRequest(decodeResult: success, version: HTTP/1.1)
POST /session/fd9484f5a945927f92ec0d12edee31ad/element HTTP/1.1
User-Agent: selenium/4.9.0 (java windows)
Content-Length: 72
Content-Type: application/json; charset=utf-8
host: localhost:8722
accept: */*

Response DefaultHttpResponse(decodeResult: success, version: HTTP/1.1)
HTTP/1.1 200 OK
Content-Length: 88
Content-Type: application/json; charset=utf-8
cache-control: no-cache

2023-04-27 20:10:33 DEBUG ChannelManager:270 ? Adding key: http://localhost:8722 for channel [id: 0x7c931eea, L:/127.0.0.1:62367 - R:localhost/127.0.0.1:8722]
2023-04-27 20:10:33 DEBUG NettyRequestSender:593 ? Using pooled Channel '[id: 0x7c931eea, L:/127.0.0.1:62367 - R:localhost/127.0.0.1:8722]' for 'POST' to 'http://localhost:8722/session/fd9484f5a945927f92ec0d12edee31ad/execute/sync'
2023-04-27 20:10:33 DEBUG NettyRequestSender:251 ? Using open Channel [id: 0x7c931eea, L:/127.0.0.1:62367 - R:localhost/127.0.0.1:8722] for POST '/session/fd9484f5a945927f92ec0d12edee31ad/execute/sync'
2023-04-27 20:10:33 DEBUG HttpHandler:70 ? 

Request DefaultHttpRequest(decodeResult: success, version: HTTP/1.1)
POST /session/fd9484f5a945927f92ec0d12edee31ad/execute/sync HTTP/1.1
User-Agent: selenium/4.9.0 (java windows)
Content-Length: 48807
Content-Type: application/json; charset=utf-8
host: localhost:8722
accept: */*

Response DefaultHttpResponse(decodeResult: success, version: HTTP/1.1)
HTTP/1.1 200 OK
Content-Length: 14
Content-Type: application/json; charset=utf-8
cache-control: no-cache

2023-04-27 20:10:33 DEBUG ChannelManager:270 ? Adding key: http://localhost:8722 for channel [id: 0x7c931eea, L:/127.0.0.1:62367 - R:localhost/127.0.0.1:8722]
2023-04-27 20:10:33 DEBUG NettyRequestSender:593 ? Using pooled Channel '[id: 0x7c931eea, L:/127.0.0.1:62367 - R:localhost/127.0.0.1:8722]' for 'POST' to 'http://localhost:8722/session/fd9484f5a945927f92ec0d12edee31ad/element'
2023-04-27 20:10:33 DEBUG NettyRequestSender:251 ? Using open Channel [id: 0x7c931eea, L:/127.0.0.1:62367 - R:localhost/127.0.0.1:8722] for POST '/session/fd9484f5a945927f92ec0d12edee31ad/element'
2023-04-27 20:10:33 DEBUG DefaultChannelPool:348 ? Entry count for : http://localhost:62373 : 1
2023-04-27 20:10:33 DEBUG HttpHandler:70 ? 

Request DefaultHttpRequest(decodeResult: success, version: HTTP/1.1)
POST /session/fd9484f5a945927f92ec0d12edee31ad/element HTTP/1.1
User-Agent: selenium/4.9.0 (java windows)
Content-Length: 69
Content-Type: application/json; charset=utf-8
host: localhost:8722
accept: */*

Response DefaultHttpResponse(decodeResult: success, version: HTTP/1.1)
HTTP/1.1 200 OK
Content-Length: 88
Content-Type: application/json; charset=utf-8
cache-control: no-cache

2023-04-27 20:10:33 DEBUG ChannelManager:270 ? Adding key: http://localhost:8722 for channel [id: 0x7c931eea, L:/127.0.0.1:62367 - R:localhost/127.0.0.1:8722]
2023-04-27 20:10:33 DEBUG NettyRequestSender:593 ? Using pooled Channel '[id: 0x7c931eea, L:/127.0.0.1:62367 - R:localhost/127.0.0.1:8722]' for 'POST' to 'http://localhost:8722/session/fd9484f5a945927f92ec0d12edee31ad/execute/sync'
2023-04-27 20:10:33 DEBUG NettyRequestSender:251 ? Using open Channel [id: 0x7c931eea, L:/127.0.0.1:62367 - R:localhost/127.0.0.1:8722] for POST '/session/fd9484f5a945927f92ec0d12edee31ad/execute/sync'
2023-04-27 20:10:33 DEBUG HttpHandler:70 ? 

Request DefaultHttpRequest(decodeResult: success, version: HTTP/1.1)
POST /session/fd9484f5a945927f92ec0d12edee31ad/execute/sync HTTP/1.1
User-Agent: selenium/4.9.0 (java windows)
Content-Length: 48807
Content-Type: application/json; charset=utf-8
host: localhost:8722
accept: */*

Response DefaultHttpResponse(decodeResult: success, version: HTTP/1.1)
HTTP/1.1 200 OK
Content-Length: 14
Content-Type: application/json; charset=utf-8
cache-control: no-cache

2023-04-27 20:10:33 DEBUG ChannelManager:270 ? Adding key: http://localhost:8722 for channel [id: 0x7c931eea, L:/127.0.0.1:62367 - R:localhost/127.0.0.1:8722]
2023-04-27 20:10:33 DEBUG NettyRequestSender:593 ? Using pooled Channel '[id: 0x7c931eea, L:/127.0.0.1:62367 - R:localhost/127.0.0.1:8722]' for 'POST' to 'http://localhost:8722/session/fd9484f5a945927f92ec0d12edee31ad/element'
2023-04-27 20:10:33 DEBUG NettyRequestSender:251 ? Using open Channel [id: 0x7c931eea, L:/127.0.0.1:62367 - R:localhost/127.0.0.1:8722] for POST '/session/fd9484f5a945927f92ec0d12edee31ad/element'
2023-04-27 20:10:33 DEBUG HttpHandler:70 ? 

Request DefaultHttpRequest(decodeResult: success, version: HTTP/1.1)
POST /session/fd9484f5a945927f92ec0d12edee31ad/element HTTP/1.1
User-Agent: selenium/4.9.0 (java windows)
Content-Length: 71
Content-Type: application/json; charset=utf-8
host: localhost:8722
accept: */*

Response DefaultHttpResponse(decodeResult: success, version: HTTP/1.1)
HTTP/1.1 200 OK
Content-Length: 88
Content-Type: application/json; charset=utf-8
cache-control: no-cache

2023-04-27 20:10:33 DEBUG ChannelManager:270 ? Adding key: http://localhost:8722 for channel [id: 0x7c931eea, L:/127.0.0.1:62367 - R:localhost/127.0.0.1:8722]
2023-04-27 20:10:33 DEBUG NettyRequestSender:593 ? Using pooled Channel '[id: 0x7c931eea, L:/127.0.0.1:62367 - R:localhost/127.0.0.1:8722]' for 'POST' to 'http://localhost:8722/session/fd9484f5a945927f92ec0d12edee31ad/execute/sync'
2023-04-27 20:10:33 DEBUG NettyRequestSender:251 ? Using open Channel [id: 0x7c931eea, L:/127.0.0.1:62367 - R:localhost/127.0.0.1:8722] for POST '/session/fd9484f5a945927f92ec0d12edee31ad/execute/sync'
2023-04-27 20:10:33 DEBUG HttpHandler:70 ? 

Request DefaultHttpRequest(decodeResult: success, version: HTTP/1.1)
POST /session/fd9484f5a945927f92ec0d12edee31ad/execute/sync HTTP/1.1
User-Agent: selenium/4.9.0 (java windows)
Content-Length: 48807
Content-Type: application/json; charset=utf-8
host: localhost:8722
accept: */*

Response DefaultHttpResponse(decodeResult: success, version: HTTP/1.1)
HTTP/1.1 200 OK
Content-Length: 14
Content-Type: application/json; charset=utf-8
cache-control: no-cache

2023-04-27 20:10:33 DEBUG ChannelManager:270 ? Adding key: http://localhost:8722 for channel [id: 0x7c931eea, L:/127.0.0.1:62367 - R:localhost/127.0.0.1:8722]
2023-04-27 20:10:33 DEBUG NettyRequestSender:593 ? Using pooled Channel '[id: 0x7c931eea, L:/127.0.0.1:62367 - R:localhost/127.0.0.1:8722]' for 'POST' to 'http://localhost:8722/session/fd9484f5a945927f92ec0d12edee31ad/element'
2023-04-27 20:10:33 DEBUG NettyRequestSender:251 ? Using open Channel [id: 0x7c931eea, L:/127.0.0.1:62367 - R:localhost/127.0.0.1:8722] for POST '/session/fd9484f5a945927f92ec0d12edee31ad/element'
2023-04-27 20:10:33 DEBUG HttpHandler:70 ? 

Request DefaultHttpRequest(decodeResult: success, version: HTTP/1.1)
POST /session/fd9484f5a945927f92ec0d12edee31ad/element HTTP/1.1
User-Agent: selenium/4.9.0 (java windows)
Content-Length: 69
Content-Type: application/json; charset=utf-8
host: localhost:8722
accept: */*

Response DefaultHttpResponse(decodeResult: success, version: HTTP/1.1)
HTTP/1.1 200 OK
Content-Length: 88
Content-Type: application/json; charset=utf-8
cache-control: no-cache

2023-04-27 20:10:33 DEBUG ChannelManager:270 ? Adding key: http://localhost:8722 for channel [id: 0x7c931eea, L:/127.0.0.1:62367 - R:localhost/127.0.0.1:8722]
2023-04-27 20:10:33 DEBUG NettyRequestSender:593 ? Using pooled Channel '[id: 0x7c931eea, L:/127.0.0.1:62367 - R:localhost/127.0.0.1:8722]' for 'POST' to 'http://localhost:8722/session/fd9484f5a945927f92ec0d12edee31ad/actions'
2023-04-27 20:10:33 DEBUG NettyRequestSender:251 ? Using open Channel [id: 0x7c931eea, L:/127.0.0.1:62367 - R:localhost/127.0.0.1:8722] for POST '/session/fd9484f5a945927f92ec0d12edee31ad/actions'
2023-04-27 20:10:33 DEBUG HttpHandler:70 ? 

Request DefaultHttpRequest(decodeResult: success, version: HTTP/1.1)
POST /session/fd9484f5a945927f92ec0d12edee31ad/actions HTTP/1.1
User-Agent: selenium/4.9.0 (java windows)
Content-Length: 3755
Content-Type: application/json; charset=utf-8
host: localhost:8722
accept: */*

Response DefaultHttpResponse(decodeResult: success, version: HTTP/1.1)
HTTP/1.1 200 OK
Content-Length: 14
Content-Type: application/json; charset=utf-8
cache-control: no-cache

2023-04-27 20:10:33 DEBUG ChannelManager:270 ? Adding key: http://localhost:8722 for channel [id: 0x7c931eea, L:/127.0.0.1:62367 - R:localhost/127.0.0.1:8722]
2023-04-27 20:10:33 DEBUG NettyRequestSender:593 ? Using pooled Channel '[id: 0x7c931eea, L:/127.0.0.1:62367 - R:localhost/127.0.0.1:8722]' for 'POST' to 'http://localhost:8722/session/fd9484f5a945927f92ec0d12edee31ad/element'
2023-04-27 20:10:33 DEBUG NettyRequestSender:251 ? Using open Channel [id: 0x7c931eea, L:/127.0.0.1:62367 - R:localhost/127.0.0.1:8722] for POST '/session/fd9484f5a945927f92ec0d12edee31ad/element'
2023-04-27 20:10:33 DEBUG HttpHandler:70 ? 

Request DefaultHttpRequest(decodeResult: success, version: HTTP/1.1)
POST /session/fd9484f5a945927f92ec0d12edee31ad/element HTTP/1.1
User-Agent: selenium/4.9.0 (java windows)
Content-Length: 72
Content-Type: application/json; charset=utf-8
host: localhost:8722
accept: */*

Response DefaultHttpResponse(decodeResult: success, version: HTTP/1.1)
HTTP/1.1 200 OK
Content-Length: 88
Content-Type: application/json; charset=utf-8
cache-control: no-cache

2023-04-27 20:10:33 DEBUG ChannelManager:270 ? Adding key: http://localhost:8722 for channel [id: 0x7c931eea, L:/127.0.0.1:62367 - R:localhost/127.0.0.1:8722]
2023-04-27 20:10:33 DEBUG NettyRequestSender:593 ? Using pooled Channel '[id: 0x7c931eea, L:/127.0.0.1:62367 - R:localhost/127.0.0.1:8722]' for 'POST' to 'http://localhost:8722/session/fd9484f5a945927f92ec0d12edee31ad/actions'
2023-04-27 20:10:33 DEBUG NettyRequestSender:251 ? Using open Channel [id: 0x7c931eea, L:/127.0.0.1:62367 - R:localhost/127.0.0.1:8722] for POST '/session/fd9484f5a945927f92ec0d12edee31ad/actions'
2023-04-27 20:10:34 DEBUG HttpHandler:70 ? 

Request DefaultHttpRequest(decodeResult: success, version: HTTP/1.1)
POST /session/fd9484f5a945927f92ec0d12edee31ad/actions HTTP/1.1
User-Agent: selenium/4.9.0 (java windows)
Content-Length: 3755
Content-Type: application/json; charset=utf-8
host: localhost:8722
accept: */*

Response DefaultHttpResponse(decodeResult: success, version: HTTP/1.1)
HTTP/1.1 200 OK
Content-Length: 14
Content-Type: application/json; charset=utf-8
cache-control: no-cache

2023-04-27 20:10:34 DEBUG ChannelManager:270 ? Adding key: http://localhost:8722 for channel [id: 0x7c931eea, L:/127.0.0.1:62367 - R:localhost/127.0.0.1:8722]
2023-04-27 20:10:34 DEBUG NettyRequestSender:593 ? Using pooled Channel '[id: 0x7c931eea, L:/127.0.0.1:62367 - R:localhost/127.0.0.1:8722]' for 'POST' to 'http://localhost:8722/session/fd9484f5a945927f92ec0d12edee31ad/element'
2023-04-27 20:10:34 DEBUG NettyRequestSender:251 ? Using open Channel [id: 0x7c931eea, L:/127.0.0.1:62367 - R:localhost/127.0.0.1:8722] for POST '/session/fd9484f5a945927f92ec0d12edee31ad/element'
2023-04-27 20:10:34 DEBUG HttpHandler:70 ? 

Request DefaultHttpRequest(decodeResult: success, version: HTTP/1.1)
POST /session/fd9484f5a945927f92ec0d12edee31ad/element HTTP/1.1
User-Agent: selenium/4.9.0 (java windows)
Content-Length: 71
Content-Type: application/json; charset=utf-8
host: localhost:8722
accept: */*

Response DefaultHttpResponse(decodeResult: success, version: HTTP/1.1)
HTTP/1.1 200 OK
Content-Length: 88
Content-Type: application/json; charset=utf-8
cache-control: no-cache

2023-04-27 20:10:34 DEBUG ChannelManager:270 ? Adding key: http://localhost:8722 for channel [id: 0x7c931eea, L:/127.0.0.1:62367 - R:localhost/127.0.0.1:8722]
2023-04-27 20:10:34 DEBUG NettyRequestSender:593 ? Using pooled Channel '[id: 0x7c931eea, L:/127.0.0.1:62367 - R:localhost/127.0.0.1:8722]' for 'POST' to 'http://localhost:8722/session/fd9484f5a945927f92ec0d12edee31ad/actions'
2023-04-27 20:10:34 DEBUG NettyRequestSender:251 ? Using open Channel [id: 0x7c931eea, L:/127.0.0.1:62367 - R:localhost/127.0.0.1:8722] for POST '/session/fd9484f5a945927f92ec0d12edee31ad/actions'
2023-04-27 20:10:34 DEBUG HttpHandler:70 ? 

Request DefaultHttpRequest(decodeResult: success, version: HTTP/1.1)
POST /session/fd9484f5a945927f92ec0d12edee31ad/actions HTTP/1.1
User-Agent: selenium/4.9.0 (java windows)
Content-Length: 567
Content-Type: application/json; charset=utf-8
host: localhost:8722
accept: */*

Response DefaultHttpResponse(decodeResult: success, version: HTTP/1.1)
HTTP/1.1 200 OK
Content-Length: 14
Content-Type: application/json; charset=utf-8
cache-control: no-cache

2023-04-27 20:10:34 DEBUG ChannelManager:270 ? Adding key: http://localhost:8722 for channel [id: 0x7c931eea, L:/127.0.0.1:62367 - R:localhost/127.0.0.1:8722]
2023-04-27 20:11:14 DEBUG InternalLoggerFactory:63 ? Using SLF4J as the default logging framework
2023-04-27 20:11:14 DEBUG ResourceLeakDetector:129 ? -Dio.netty.leakDetection.level: simple
2023-04-27 20:11:14 DEBUG ResourceLeakDetector:130 ? -Dio.netty.leakDetection.targetRecords: 4
2023-04-27 20:11:14 DEBUG ResourceLeakDetectorFactory:196 ? Loaded default ResourceLeakDetector: io.netty.util.ResourceLeakDetector@79e18e38
2023-04-27 20:11:14 DEBUG PlatformDependent0:496 ? -Dio.netty.noUnsafe: false
2023-04-27 20:11:14 DEBUG PlatformDependent0:1000 ? Java version: 19
2023-04-27 20:11:14 DEBUG PlatformDependent0:137 ? sun.misc.Unsafe.theUnsafe: available
2023-04-27 20:11:14 DEBUG PlatformDependent0:161 ? sun.misc.Unsafe.copyMemory: available
2023-04-27 20:11:14 DEBUG PlatformDependent0:193 ? sun.misc.Unsafe.storeFence: available
2023-04-27 20:11:14 DEBUG PlatformDependent0:236 ? java.nio.Buffer.address: available
2023-04-27 20:11:14 DEBUG PlatformDependent0:320 ? direct buffer constructor: unavailable: Reflective setAccessible(true) disabled
2023-04-27 20:11:14 DEBUG PlatformDependent0:385 ? java.nio.Bits.unaligned: available, true
2023-04-27 20:11:14 DEBUG PlatformDependent0:452 ? jdk.internal.misc.Unsafe.allocateUninitializedArray(int): unavailable: class io.netty.util.internal.PlatformDependent0$7 cannot access class jdk.internal.misc.Unsafe (in module java.base) because module java.base does not export jdk.internal.misc to unnamed module @5679c6c6
2023-04-27 20:11:14 DEBUG PlatformDependent0:482 ? java.nio.DirectByteBuffer.<init>(long, int): unavailable
2023-04-27 20:11:14 DEBUG PlatformDependent:1159 ? sun.misc.Unsafe: available
2023-04-27 20:11:14 DEBUG PlatformDependent:1270 ? maxDirectMemory: 5339348992 bytes (maybe)
2023-04-27 20:11:14 DEBUG PlatformDependent:1289 ? -Dio.netty.tmpdir: C:\Users\rohit\AppData\Local\Temp (java.io.tmpdir)
2023-04-27 20:11:14 DEBUG PlatformDependent:1368 ? -Dio.netty.bitMode: 64 (sun.arch.data.model)
2023-04-27 20:11:14 DEBUG PlatformDependent:1119 ? Platform: Windows
2023-04-27 20:11:14 DEBUG PlatformDependent:178 ? -Dio.netty.maxDirectMemory: -1 bytes
2023-04-27 20:11:14 DEBUG PlatformDependent:185 ? -Dio.netty.uninitializedArrayAllocationThreshold: -1
2023-04-27 20:11:14 DEBUG CleanerJava9:71 ? java.nio.ByteBuffer.cleaner(): available
2023-04-27 20:11:14 DEBUG PlatformDependent:205 ? -Dio.netty.noPreferDirect: false
2023-04-27 20:11:14 DEBUG PlatformDependent:1010 ? org.jctools-core.MpscChunkedArrayQueue: available
2023-04-27 20:11:14 DEBUG InternalThreadLocalMap:100 ? -Dio.netty.threadLocalMap.stringBuilder.initialSize: 1024
2023-04-27 20:11:14 DEBUG InternalThreadLocalMap:101 ? -Dio.netty.threadLocalMap.stringBuilder.maxSize: 4096
2023-04-27 20:11:15 DEBUG JdkSslContext:83 ? Default protocols (JDK): [TLSv1.3, TLSv1.2] 
2023-04-27 20:11:15 DEBUG JdkSslContext:84 ? Default cipher suites (JDK): [TLS_ECDHE_ECDSA_WITH_AES_256_GCM_SHA384, TLS_ECDHE_ECDSA_WITH_AES_128_GCM_SHA256, TLS_ECDHE_RSA_WITH_AES_128_GCM_SHA256, TLS_ECDHE_RSA_WITH_AES_256_GCM_SHA384, TLS_ECDHE_RSA_WITH_AES_128_CBC_SHA, TLS_ECDHE_RSA_WITH_AES_256_CBC_SHA, TLS_RSA_WITH_AES_128_GCM_SHA256, TLS_RSA_WITH_AES_128_CBC_SHA, TLS_RSA_WITH_AES_256_CBC_SHA, TLS_AES_128_GCM_SHA256, TLS_AES_256_GCM_SHA384]
2023-04-27 20:11:15 DEBUG GlobalEventExecutor:53 ? -Dio.netty.globalEventExecutor.quietPeriodSeconds: 1
2023-04-27 20:11:15 DEBUG MultithreadEventLoopGroup:44 ? -Dio.netty.eventLoopThreads: 16
2023-04-27 20:11:15 DEBUG NioEventLoop:110 ? -Dio.netty.noKeySetOptimization: false
2023-04-27 20:11:15 DEBUG NioEventLoop:111 ? -Dio.netty.selectorAutoRebuildThreshold: 512
2023-04-27 20:11:15 DEBUG PooledByteBufAllocator:157 ? -Dio.netty.allocator.numHeapArenas: 16
2023-04-27 20:11:15 DEBUG PooledByteBufAllocator:158 ? -Dio.netty.allocator.numDirectArenas: 16
2023-04-27 20:11:15 DEBUG PooledByteBufAllocator:160 ? -Dio.netty.allocator.pageSize: 8192
2023-04-27 20:11:15 DEBUG PooledByteBufAllocator:165 ? -Dio.netty.allocator.maxOrder: 9
2023-04-27 20:11:15 DEBUG PooledByteBufAllocator:169 ? -Dio.netty.allocator.chunkSize: 4194304
2023-04-27 20:11:15 DEBUG PooledByteBufAllocator:170 ? -Dio.netty.allocator.smallCacheSize: 256
2023-04-27 20:11:15 DEBUG PooledByteBufAllocator:171 ? -Dio.netty.allocator.normalCacheSize: 64
2023-04-27 20:11:15 DEBUG PooledByteBufAllocator:172 ? -Dio.netty.allocator.maxCachedBufferCapacity: 32768
2023-04-27 20:11:15 DEBUG PooledByteBufAllocator:173 ? -Dio.netty.allocator.cacheTrimInterval: 8192
2023-04-27 20:11:15 DEBUG PooledByteBufAllocator:174 ? -Dio.netty.allocator.cacheTrimIntervalMillis: 0
2023-04-27 20:11:15 DEBUG PooledByteBufAllocator:175 ? -Dio.netty.allocator.useCacheForAllThreads: false
2023-04-27 20:11:15 DEBUG PooledByteBufAllocator:176 ? -Dio.netty.allocator.maxCachedByteBuffersPerChunk: 1023
2023-04-27 20:11:15 DEBUG ByteBufUtil:88 ? -Dio.netty.allocator.type: pooled
2023-04-27 20:11:15 DEBUG ByteBufUtil:97 ? -Dio.netty.threadLocalDirectBufferSize: 0
2023-04-27 20:11:15 DEBUG ByteBufUtil:100 ? -Dio.netty.maxThreadLocalCharBufferSize: 16384
2023-04-27 20:11:15 DEBUG DefaultChannelId:79 ? -Dio.netty.processId: 13960 (auto-detected)
2023-04-27 20:11:15 DEBUG NetUtil:148 ? -Djava.net.preferIPv4Stack: false
2023-04-27 20:11:15 DEBUG NetUtil:149 ? -Djava.net.preferIPv6Addresses: false
2023-04-27 20:11:15 DEBUG NetUtilInitializations:145 ? Loopback interface: lo (Software Loopback Interface 1, 127.0.0.1)
2023-04-27 20:11:15 DEBUG NetUtil:206 ? Failed to get SOMAXCONN from sysctl and file \proc\sys\net\core\somaxconn. Default: 200
2023-04-27 20:11:15 DEBUG DefaultChannelId:101 ? -Dio.netty.machineId: 70:c9:4e:ff:fe:a9:98:9d (auto-detected)
2023-04-27 20:11:15 DEBUG AbstractByteBuf:63 ? -Dio.netty.buffer.checkAccessible: true
2023-04-27 20:11:15 DEBUG AbstractByteBuf:64 ? -Dio.netty.buffer.checkBounds: true
2023-04-27 20:11:15 DEBUG ResourceLeakDetectorFactory:196 ? Loaded default ResourceLeakDetector: io.netty.util.ResourceLeakDetector@71712987
2023-04-27 20:11:15 DEBUG NettyConnectListener:73 ? Using new Channel '[id: 0xa4a4ac36, L:/127.0.0.1:62504 - R:localhost/127.0.0.1:41245]' for 'POST' to '/session'
2023-04-27 20:11:15 DEBUG Recycler:96 ? -Dio.netty.recycler.maxCapacityPerThread: 4096
2023-04-27 20:11:15 DEBUG Recycler:97 ? -Dio.netty.recycler.ratio: 8
2023-04-27 20:11:15 DEBUG Recycler:98 ? -Dio.netty.recycler.chunkSize: 32
2023-04-27 20:11:15 DEBUG Recycler:99 ? -Dio.netty.recycler.blocking: false
2023-04-27 20:11:15 DEBUG Recycler:100 ? -Dio.netty.recycler.batchFastThreadLocalOnly: true
2023-04-27 20:11:16 DEBUG Brotli:38 ? brotli4j not in the classpath; Brotli support will be unavailable.
2023-04-27 20:11:16 DEBUG HttpHandler:70 ? 

Request DefaultHttpRequest(decodeResult: success, version: HTTP/1.1)
POST /session HTTP/1.1
User-Agent: selenium/4.9.0 (java windows)
Content-Length: 254
Content-Type: application/json; charset=utf-8
host: localhost:41245
accept: */*

Response DefaultHttpResponse(decodeResult: success, version: HTTP/1.1)
HTTP/1.1 200 OK
Content-Length: 860
Content-Type: application/json; charset=utf-8
cache-control: no-cache

2023-04-27 20:11:16 DEBUG ChannelManager:270 ? Adding key: http://localhost:41245 for channel [id: 0xa4a4ac36, L:/127.0.0.1:62504 - R:localhost/127.0.0.1:41245]
2023-04-27 20:11:17 DEBUG DefaultChannelPool:348 ? Entry count for : http://localhost:41245 : 1
2023-04-27 20:11:17 DEBUG NettyConnectListener:73 ? Using new Channel '[id: 0x3953b69f, L:/127.0.0.1:62520 - R:localhost/127.0.0.1:62505]' for 'GET' to '/json/version'
2023-04-27 20:11:17 DEBUG HttpHandler:70 ? 

Request DefaultFullHttpRequest(decodeResult: success, version: HTTP/1.1, content: EmptyByteBufBE)
GET /json/version HTTP/1.1
User-Agent: selenium/4.9.0 (java windows)
host: localhost:62505
accept: */*

Response DefaultHttpResponse(decodeResult: success, version: HTTP/1.1)
HTTP/1.1 200 OK
Content-Security-Policy: frame-ancestors 'none'
Content-Length: 424
Content-Type: application/json; charset=UTF-8

2023-04-27 20:11:17 DEBUG ChannelManager:270 ? Adding key: http://localhost:62505 for channel [id: 0x3953b69f, L:/127.0.0.1:62520 - R:localhost/127.0.0.1:62505]
2023-04-27 20:11:17 DEBUG ThreadLocalRandom:214 ? -Dio.netty.initialSeedUniquifier: 0x3c078bd12cc079ec
2023-04-27 20:11:17 DEBUG NettyConnectListener:73 ? Using new Channel '[id: 0x48fa0fdd, L:/127.0.0.1:62523 - R:localhost/127.0.0.1:62505]' for 'GET' to '/devtools/browser/cfa59128-2013-4859-b1a6-530c371f9bf0'
2023-04-27 20:11:17 DEBUG WebSocketHandler:105 ? 

Request DefaultFullHttpRequest(decodeResult: success, version: HTTP/1.1, content: EmptyByteBufBE)
GET /devtools/browser/cfa59128-2013-4859-b1a6-530c371f9bf0 HTTP/1.1
upgrade: websocket
connection: upgrade
sec-websocket-key: FA20+B2AR8pzEi0FWDIjxQ==
sec-websocket-version: 13
origin: http://localhost:62505
host: localhost:62505
accept: */*
user-agent: AHC/2.1

Response DefaultHttpResponse(decodeResult: success, version: HTTP/1.1)
HTTP/1.1 101 WebSocket Protocol Handshake
Upgrade: WebSocket
Connection: Upgrade
Sec-WebSocket-Accept: GJzvs9D5SfnlvTwPiMo1lpIes5I=

2023-04-27 20:11:17 DEBUG NettyRequestSender:593 ? Using pooled Channel '[id: 0xa4a4ac36, L:/127.0.0.1:62504 - R:localhost/127.0.0.1:41245]' for 'POST' to 'http://localhost:41245/session/0b75d67416f2befe8bb3550976a503a5/window/maximize'
2023-04-27 20:11:17 DEBUG NettyRequestSender:251 ? Using open Channel [id: 0xa4a4ac36, L:/127.0.0.1:62504 - R:localhost/127.0.0.1:41245] for POST '/session/0b75d67416f2befe8bb3550976a503a5/window/maximize'
2023-04-27 20:11:18 DEBUG HttpHandler:70 ? 

Request DefaultHttpRequest(decodeResult: success, version: HTTP/1.1)
POST /session/0b75d67416f2befe8bb3550976a503a5/window/maximize HTTP/1.1
User-Agent: selenium/4.9.0 (java windows)
Content-Length: 3
Content-Type: application/json; charset=utf-8
host: localhost:41245
accept: */*

Response DefaultHttpResponse(decodeResult: success, version: HTTP/1.1)
HTTP/1.1 200 OK
Content-Length: 52
Content-Type: application/json; charset=utf-8
cache-control: no-cache

2023-04-27 20:11:18 DEBUG ChannelManager:270 ? Adding key: http://localhost:41245 for channel [id: 0xa4a4ac36, L:/127.0.0.1:62504 - R:localhost/127.0.0.1:41245]
2023-04-27 20:11:18 DEBUG NettyRequestSender:593 ? Using pooled Channel '[id: 0xa4a4ac36, L:/127.0.0.1:62504 - R:localhost/127.0.0.1:41245]' for 'POST' to 'http://localhost:41245/session/0b75d67416f2befe8bb3550976a503a5/timeouts'
2023-04-27 20:11:18 DEBUG NettyRequestSender:251 ? Using open Channel [id: 0xa4a4ac36, L:/127.0.0.1:62504 - R:localhost/127.0.0.1:41245] for POST '/session/0b75d67416f2befe8bb3550976a503a5/timeouts'
2023-04-27 20:11:18 DEBUG HttpHandler:70 ? 

Request DefaultHttpRequest(decodeResult: success, version: HTTP/1.1)
POST /session/0b75d67416f2befe8bb3550976a503a5/timeouts HTTP/1.1
User-Agent: selenium/4.9.0 (java windows)
Content-Length: 23
Content-Type: application/json; charset=utf-8
host: localhost:41245
accept: */*

Response DefaultHttpResponse(decodeResult: success, version: HTTP/1.1)
HTTP/1.1 200 OK
Content-Length: 14
Content-Type: application/json; charset=utf-8
cache-control: no-cache

2023-04-27 20:11:18 DEBUG ChannelManager:270 ? Adding key: http://localhost:41245 for channel [id: 0xa4a4ac36, L:/127.0.0.1:62504 - R:localhost/127.0.0.1:41245]
2023-04-27 20:11:18 DEBUG NettyRequestSender:593 ? Using pooled Channel '[id: 0xa4a4ac36, L:/127.0.0.1:62504 - R:localhost/127.0.0.1:41245]' for 'POST' to 'http://localhost:41245/session/0b75d67416f2befe8bb3550976a503a5/url'
2023-04-27 20:11:18 DEBUG NettyRequestSender:251 ? Using open Channel [id: 0xa4a4ac36, L:/127.0.0.1:62504 - R:localhost/127.0.0.1:41245] for POST '/session/0b75d67416f2befe8bb3550976a503a5/url'
2023-04-27 20:11:18 DEBUG DefaultChannelPool:348 ? Entry count for : http://localhost:62505 : 1
2023-04-27 20:11:18 DEBUG HttpHandler:70 ? 

Request DefaultHttpRequest(decodeResult: success, version: HTTP/1.1)
POST /session/0b75d67416f2befe8bb3550976a503a5/url HTTP/1.1
User-Agent: selenium/4.9.0 (java windows)
Content-Length: 67
Content-Type: application/json; charset=utf-8
host: localhost:41245
accept: */*

Response DefaultHttpResponse(decodeResult: success, version: HTTP/1.1)
HTTP/1.1 200 OK
Content-Length: 14
Content-Type: application/json; charset=utf-8
cache-control: no-cache

2023-04-27 20:11:18 DEBUG ChannelManager:270 ? Adding key: http://localhost:41245 for channel [id: 0xa4a4ac36, L:/127.0.0.1:62504 - R:localhost/127.0.0.1:41245]
2023-04-27 20:11:18 DEBUG NettyRequestSender:593 ? Using pooled Channel '[id: 0xa4a4ac36, L:/127.0.0.1:62504 - R:localhost/127.0.0.1:41245]' for 'POST' to 'http://localhost:41245/session/0b75d67416f2befe8bb3550976a503a5/element'
2023-04-27 20:11:18 DEBUG NettyRequestSender:251 ? Using open Channel [id: 0xa4a4ac36, L:/127.0.0.1:62504 - R:localhost/127.0.0.1:41245] for POST '/session/0b75d67416f2befe8bb3550976a503a5/element'
2023-04-27 20:11:18 DEBUG HttpHandler:70 ? 

Request DefaultHttpRequest(decodeResult: success, version: HTTP/1.1)
POST /session/0b75d67416f2befe8bb3550976a503a5/element HTTP/1.1
User-Agent: selenium/4.9.0 (java windows)
Content-Length: 53
Content-Type: application/json; charset=utf-8
host: localhost:41245
accept: */*

Response DefaultHttpResponse(decodeResult: success, version: HTTP/1.1)
HTTP/1.1 200 OK
Content-Length: 88
Content-Type: application/json; charset=utf-8
cache-control: no-cache

2023-04-27 20:11:18 DEBUG ChannelManager:270 ? Adding key: http://localhost:41245 for channel [id: 0xa4a4ac36, L:/127.0.0.1:62504 - R:localhost/127.0.0.1:41245]
2023-04-27 20:11:18 DEBUG NettyRequestSender:593 ? Using pooled Channel '[id: 0xa4a4ac36, L:/127.0.0.1:62504 - R:localhost/127.0.0.1:41245]' for 'POST' to 'http://localhost:41245/session/0b75d67416f2befe8bb3550976a503a5/execute/sync'
2023-04-27 20:11:18 DEBUG NettyRequestSender:251 ? Using open Channel [id: 0xa4a4ac36, L:/127.0.0.1:62504 - R:localhost/127.0.0.1:41245] for POST '/session/0b75d67416f2befe8bb3550976a503a5/execute/sync'
2023-04-27 20:11:18 DEBUG HttpHandler:70 ? 

Request DefaultHttpRequest(decodeResult: success, version: HTTP/1.1)
POST /session/0b75d67416f2befe8bb3550976a503a5/execute/sync HTTP/1.1
User-Agent: selenium/4.9.0 (java windows)
Content-Length: 48807
Content-Type: application/json; charset=utf-8
host: localhost:41245
accept: */*

Response DefaultHttpResponse(decodeResult: success, version: HTTP/1.1)
HTTP/1.1 200 OK
Content-Length: 14
Content-Type: application/json; charset=utf-8
cache-control: no-cache

2023-04-27 20:11:18 DEBUG ChannelManager:270 ? Adding key: http://localhost:41245 for channel [id: 0xa4a4ac36, L:/127.0.0.1:62504 - R:localhost/127.0.0.1:41245]
2023-04-27 20:11:18 DEBUG NettyRequestSender:593 ? Using pooled Channel '[id: 0xa4a4ac36, L:/127.0.0.1:62504 - R:localhost/127.0.0.1:41245]' for 'POST' to 'http://localhost:41245/session/0b75d67416f2befe8bb3550976a503a5/element'
2023-04-27 20:11:18 DEBUG NettyRequestSender:251 ? Using open Channel [id: 0xa4a4ac36, L:/127.0.0.1:62504 - R:localhost/127.0.0.1:41245] for POST '/session/0b75d67416f2befe8bb3550976a503a5/element'
2023-04-27 20:11:18 DEBUG HttpHandler:70 ? 

Request DefaultHttpRequest(decodeResult: success, version: HTTP/1.1)
POST /session/0b75d67416f2befe8bb3550976a503a5/element HTTP/1.1
User-Agent: selenium/4.9.0 (java windows)
Content-Length: 54
Content-Type: application/json; charset=utf-8
host: localhost:41245
accept: */*

Response DefaultHttpResponse(decodeResult: success, version: HTTP/1.1)
HTTP/1.1 200 OK
Content-Length: 88
Content-Type: application/json; charset=utf-8
cache-control: no-cache

2023-04-27 20:11:18 DEBUG ChannelManager:270 ? Adding key: http://localhost:41245 for channel [id: 0xa4a4ac36, L:/127.0.0.1:62504 - R:localhost/127.0.0.1:41245]
2023-04-27 20:11:19 DEBUG NettyRequestSender:593 ? Using pooled Channel '[id: 0xa4a4ac36, L:/127.0.0.1:62504 - R:localhost/127.0.0.1:41245]' for 'POST' to 'http://localhost:41245/session/0b75d67416f2befe8bb3550976a503a5/execute/sync'
2023-04-27 20:11:19 DEBUG NettyRequestSender:251 ? Using open Channel [id: 0xa4a4ac36, L:/127.0.0.1:62504 - R:localhost/127.0.0.1:41245] for POST '/session/0b75d67416f2befe8bb3550976a503a5/execute/sync'
2023-04-27 20:11:19 DEBUG HttpHandler:70 ? 

Request DefaultHttpRequest(decodeResult: success, version: HTTP/1.1)
POST /session/0b75d67416f2befe8bb3550976a503a5/execute/sync HTTP/1.1
User-Agent: selenium/4.9.0 (java windows)
Content-Length: 48807
Content-Type: application/json; charset=utf-8
host: localhost:41245
accept: */*

Response DefaultHttpResponse(decodeResult: success, version: HTTP/1.1)
HTTP/1.1 200 OK
Content-Length: 14
Content-Type: application/json; charset=utf-8
cache-control: no-cache

2023-04-27 20:11:19 DEBUG ChannelManager:270 ? Adding key: http://localhost:41245 for channel [id: 0xa4a4ac36, L:/127.0.0.1:62504 - R:localhost/127.0.0.1:41245]
2023-04-27 20:11:19 DEBUG NettyRequestSender:593 ? Using pooled Channel '[id: 0xa4a4ac36, L:/127.0.0.1:62504 - R:localhost/127.0.0.1:41245]' for 'POST' to 'http://localhost:41245/session/0b75d67416f2befe8bb3550976a503a5/element'
2023-04-27 20:11:19 DEBUG NettyRequestSender:251 ? Using open Channel [id: 0xa4a4ac36, L:/127.0.0.1:62504 - R:localhost/127.0.0.1:41245] for POST '/session/0b75d67416f2befe8bb3550976a503a5/element'
2023-04-27 20:11:19 DEBUG HttpHandler:70 ? 

Request DefaultHttpRequest(decodeResult: success, version: HTTP/1.1)
POST /session/0b75d67416f2befe8bb3550976a503a5/element HTTP/1.1
User-Agent: selenium/4.9.0 (java windows)
Content-Length: 53
Content-Type: application/json; charset=utf-8
host: localhost:41245
accept: */*

Response DefaultHttpResponse(decodeResult: success, version: HTTP/1.1)
HTTP/1.1 200 OK
Content-Length: 88
Content-Type: application/json; charset=utf-8
cache-control: no-cache

2023-04-27 20:11:19 DEBUG ChannelManager:270 ? Adding key: http://localhost:41245 for channel [id: 0xa4a4ac36, L:/127.0.0.1:62504 - R:localhost/127.0.0.1:41245]
2023-04-27 20:11:19 DEBUG NettyRequestSender:593 ? Using pooled Channel '[id: 0xa4a4ac36, L:/127.0.0.1:62504 - R:localhost/127.0.0.1:41245]' for 'POST' to 'http://localhost:41245/session/0b75d67416f2befe8bb3550976a503a5/execute/sync'
2023-04-27 20:11:19 DEBUG NettyRequestSender:251 ? Using open Channel [id: 0xa4a4ac36, L:/127.0.0.1:62504 - R:localhost/127.0.0.1:41245] for POST '/session/0b75d67416f2befe8bb3550976a503a5/execute/sync'
2023-04-27 20:11:19 DEBUG HttpHandler:70 ? 

Request DefaultHttpRequest(decodeResult: success, version: HTTP/1.1)
POST /session/0b75d67416f2befe8bb3550976a503a5/execute/sync HTTP/1.1
User-Agent: selenium/4.9.0 (java windows)
Content-Length: 48807
Content-Type: application/json; charset=utf-8
host: localhost:41245
accept: */*

Response DefaultHttpResponse(decodeResult: success, version: HTTP/1.1)
HTTP/1.1 200 OK
Content-Length: 14
Content-Type: application/json; charset=utf-8
cache-control: no-cache

2023-04-27 20:11:19 DEBUG ChannelManager:270 ? Adding key: http://localhost:41245 for channel [id: 0xa4a4ac36, L:/127.0.0.1:62504 - R:localhost/127.0.0.1:41245]
2023-04-27 20:11:19 DEBUG NettyRequestSender:593 ? Using pooled Channel '[id: 0xa4a4ac36, L:/127.0.0.1:62504 - R:localhost/127.0.0.1:41245]' for 'POST' to 'http://localhost:41245/session/0b75d67416f2befe8bb3550976a503a5/element'
2023-04-27 20:11:19 DEBUG NettyRequestSender:251 ? Using open Channel [id: 0xa4a4ac36, L:/127.0.0.1:62504 - R:localhost/127.0.0.1:41245] for POST '/session/0b75d67416f2befe8bb3550976a503a5/element'
2023-04-27 20:11:19 DEBUG HttpHandler:70 ? 

Request DefaultHttpRequest(decodeResult: success, version: HTTP/1.1)
POST /session/0b75d67416f2befe8bb3550976a503a5/element HTTP/1.1
User-Agent: selenium/4.9.0 (java windows)
Content-Length: 53
Content-Type: application/json; charset=utf-8
host: localhost:41245
accept: */*

Response DefaultHttpResponse(decodeResult: success, version: HTTP/1.1)
HTTP/1.1 200 OK
Content-Length: 88
Content-Type: application/json; charset=utf-8
cache-control: no-cache

2023-04-27 20:11:19 DEBUG ChannelManager:270 ? Adding key: http://localhost:41245 for channel [id: 0xa4a4ac36, L:/127.0.0.1:62504 - R:localhost/127.0.0.1:41245]
2023-04-27 20:11:19 DEBUG NettyRequestSender:593 ? Using pooled Channel '[id: 0xa4a4ac36, L:/127.0.0.1:62504 - R:localhost/127.0.0.1:41245]' for 'POST' to 'http://localhost:41245/session/0b75d67416f2befe8bb3550976a503a5/execute/sync'
2023-04-27 20:11:19 DEBUG NettyRequestSender:251 ? Using open Channel [id: 0xa4a4ac36, L:/127.0.0.1:62504 - R:localhost/127.0.0.1:41245] for POST '/session/0b75d67416f2befe8bb3550976a503a5/execute/sync'
2023-04-27 20:11:19 DEBUG HttpHandler:70 ? 

Request DefaultHttpRequest(decodeResult: success, version: HTTP/1.1)
POST /session/0b75d67416f2befe8bb3550976a503a5/execute/sync HTTP/1.1
User-Agent: selenium/4.9.0 (java windows)
Content-Length: 48807
Content-Type: application/json; charset=utf-8
host: localhost:41245
accept: */*

Response DefaultHttpResponse(decodeResult: success, version: HTTP/1.1)
HTTP/1.1 200 OK
Content-Length: 14
Content-Type: application/json; charset=utf-8
cache-control: no-cache

2023-04-27 20:11:19 DEBUG ChannelManager:270 ? Adding key: http://localhost:41245 for channel [id: 0xa4a4ac36, L:/127.0.0.1:62504 - R:localhost/127.0.0.1:41245]
2023-04-27 20:11:19 DEBUG NettyRequestSender:593 ? Using pooled Channel '[id: 0xa4a4ac36, L:/127.0.0.1:62504 - R:localhost/127.0.0.1:41245]' for 'POST' to 'http://localhost:41245/session/0b75d67416f2befe8bb3550976a503a5/element'
2023-04-27 20:11:19 DEBUG NettyRequestSender:251 ? Using open Channel [id: 0xa4a4ac36, L:/127.0.0.1:62504 - R:localhost/127.0.0.1:41245] for POST '/session/0b75d67416f2befe8bb3550976a503a5/element'
2023-04-27 20:11:19 DEBUG HttpHandler:70 ? 

Request DefaultHttpRequest(decodeResult: success, version: HTTP/1.1)
POST /session/0b75d67416f2befe8bb3550976a503a5/element HTTP/1.1
User-Agent: selenium/4.9.0 (java windows)
Content-Length: 60
Content-Type: application/json; charset=utf-8
host: localhost:41245
accept: */*

Response DefaultHttpResponse(decodeResult: success, version: HTTP/1.1)
HTTP/1.1 200 OK
Content-Length: 88
Content-Type: application/json; charset=utf-8
cache-control: no-cache

2023-04-27 20:11:19 DEBUG ChannelManager:270 ? Adding key: http://localhost:41245 for channel [id: 0xa4a4ac36, L:/127.0.0.1:62504 - R:localhost/127.0.0.1:41245]
2023-04-27 20:11:19 DEBUG NettyRequestSender:593 ? Using pooled Channel '[id: 0xa4a4ac36, L:/127.0.0.1:62504 - R:localhost/127.0.0.1:41245]' for 'POST' to 'http://localhost:41245/session/0b75d67416f2befe8bb3550976a503a5/execute/sync'
2023-04-27 20:11:19 DEBUG NettyRequestSender:251 ? Using open Channel [id: 0xa4a4ac36, L:/127.0.0.1:62504 - R:localhost/127.0.0.1:41245] for POST '/session/0b75d67416f2befe8bb3550976a503a5/execute/sync'
2023-04-27 20:11:19 DEBUG HttpHandler:70 ? 

Request DefaultHttpRequest(decodeResult: success, version: HTTP/1.1)
POST /session/0b75d67416f2befe8bb3550976a503a5/execute/sync HTTP/1.1
User-Agent: selenium/4.9.0 (java windows)
Content-Length: 48807
Content-Type: application/json; charset=utf-8
host: localhost:41245
accept: */*

Response DefaultHttpResponse(decodeResult: success, version: HTTP/1.1)
HTTP/1.1 200 OK
Content-Length: 14
Content-Type: application/json; charset=utf-8
cache-control: no-cache

2023-04-27 20:11:19 DEBUG ChannelManager:270 ? Adding key: http://localhost:41245 for channel [id: 0xa4a4ac36, L:/127.0.0.1:62504 - R:localhost/127.0.0.1:41245]
2023-04-27 20:11:19 DEBUG NettyRequestSender:593 ? Using pooled Channel '[id: 0xa4a4ac36, L:/127.0.0.1:62504 - R:localhost/127.0.0.1:41245]' for 'POST' to 'http://localhost:41245/session/0b75d67416f2befe8bb3550976a503a5/element'
2023-04-27 20:11:19 DEBUG NettyRequestSender:251 ? Using open Channel [id: 0xa4a4ac36, L:/127.0.0.1:62504 - R:localhost/127.0.0.1:41245] for POST '/session/0b75d67416f2befe8bb3550976a503a5/element'
2023-04-27 20:11:19 DEBUG HttpHandler:70 ? 

Request DefaultHttpRequest(decodeResult: success, version: HTTP/1.1)
POST /session/0b75d67416f2befe8bb3550976a503a5/element HTTP/1.1
User-Agent: selenium/4.9.0 (java windows)
Content-Length: 53
Content-Type: application/json; charset=utf-8
host: localhost:41245
accept: */*

Response DefaultHttpResponse(decodeResult: success, version: HTTP/1.1)
HTTP/1.1 200 OK
Content-Length: 88
Content-Type: application/json; charset=utf-8
cache-control: no-cache

2023-04-27 20:11:19 DEBUG ChannelManager:270 ? Adding key: http://localhost:41245 for channel [id: 0xa4a4ac36, L:/127.0.0.1:62504 - R:localhost/127.0.0.1:41245]
2023-04-27 20:11:19 DEBUG NettyRequestSender:593 ? Using pooled Channel '[id: 0xa4a4ac36, L:/127.0.0.1:62504 - R:localhost/127.0.0.1:41245]' for 'POST' to 'http://localhost:41245/session/0b75d67416f2befe8bb3550976a503a5/actions'
2023-04-27 20:11:19 DEBUG NettyRequestSender:251 ? Using open Channel [id: 0xa4a4ac36, L:/127.0.0.1:62504 - R:localhost/127.0.0.1:41245] for POST '/session/0b75d67416f2befe8bb3550976a503a5/actions'
2023-04-27 20:11:19 DEBUG HttpHandler:70 ? 

Request DefaultHttpRequest(decodeResult: success, version: HTTP/1.1)
POST /session/0b75d67416f2befe8bb3550976a503a5/actions HTTP/1.1
User-Agent: selenium/4.9.0 (java windows)
Content-Length: 3755
Content-Type: application/json; charset=utf-8
host: localhost:41245
accept: */*

Response DefaultHttpResponse(decodeResult: success, version: HTTP/1.1)
HTTP/1.1 200 OK
Content-Length: 14
Content-Type: application/json; charset=utf-8
cache-control: no-cache

2023-04-27 20:11:19 DEBUG ChannelManager:270 ? Adding key: http://localhost:41245 for channel [id: 0xa4a4ac36, L:/127.0.0.1:62504 - R:localhost/127.0.0.1:41245]
2023-04-27 20:11:19 DEBUG NettyRequestSender:593 ? Using pooled Channel '[id: 0xa4a4ac36, L:/127.0.0.1:62504 - R:localhost/127.0.0.1:41245]' for 'POST' to 'http://localhost:41245/session/0b75d67416f2befe8bb3550976a503a5/element'
2023-04-27 20:11:19 DEBUG NettyRequestSender:251 ? Using open Channel [id: 0xa4a4ac36, L:/127.0.0.1:62504 - R:localhost/127.0.0.1:41245] for POST '/session/0b75d67416f2befe8bb3550976a503a5/element'
2023-04-27 20:11:19 DEBUG DefaultChannelPool:348 ? Entry count for : http://localhost:62505 : 1
2023-04-27 20:11:19 DEBUG HttpHandler:70 ? 

Request DefaultHttpRequest(decodeResult: success, version: HTTP/1.1)
POST /session/0b75d67416f2befe8bb3550976a503a5/element HTTP/1.1
User-Agent: selenium/4.9.0 (java windows)
Content-Length: 54
Content-Type: application/json; charset=utf-8
host: localhost:41245
accept: */*

Response DefaultHttpResponse(decodeResult: success, version: HTTP/1.1)
HTTP/1.1 200 OK
Content-Length: 88
Content-Type: application/json; charset=utf-8
cache-control: no-cache

2023-04-27 20:11:19 DEBUG ChannelManager:270 ? Adding key: http://localhost:41245 for channel [id: 0xa4a4ac36, L:/127.0.0.1:62504 - R:localhost/127.0.0.1:41245]
2023-04-27 20:11:19 DEBUG NettyRequestSender:593 ? Using pooled Channel '[id: 0xa4a4ac36, L:/127.0.0.1:62504 - R:localhost/127.0.0.1:41245]' for 'POST' to 'http://localhost:41245/session/0b75d67416f2befe8bb3550976a503a5/actions'
2023-04-27 20:11:19 DEBUG NettyRequestSender:251 ? Using open Channel [id: 0xa4a4ac36, L:/127.0.0.1:62504 - R:localhost/127.0.0.1:41245] for POST '/session/0b75d67416f2befe8bb3550976a503a5/actions'
2023-04-27 20:11:19 DEBUG HttpHandler:70 ? 

Request DefaultHttpRequest(decodeResult: success, version: HTTP/1.1)
POST /session/0b75d67416f2befe8bb3550976a503a5/actions HTTP/1.1
User-Agent: selenium/4.9.0 (java windows)
Content-Length: 3755
Content-Type: application/json; charset=utf-8
host: localhost:41245
accept: */*

Response DefaultHttpResponse(decodeResult: success, version: HTTP/1.1)
HTTP/1.1 200 OK
Content-Length: 14
Content-Type: application/json; charset=utf-8
cache-control: no-cache

2023-04-27 20:11:19 DEBUG ChannelManager:270 ? Adding key: http://localhost:41245 for channel [id: 0xa4a4ac36, L:/127.0.0.1:62504 - R:localhost/127.0.0.1:41245]
2023-04-27 20:11:19 DEBUG NettyRequestSender:593 ? Using pooled Channel '[id: 0xa4a4ac36, L:/127.0.0.1:62504 - R:localhost/127.0.0.1:41245]' for 'POST' to 'http://localhost:41245/session/0b75d67416f2befe8bb3550976a503a5/element'
2023-04-27 20:11:19 DEBUG NettyRequestSender:251 ? Using open Channel [id: 0xa4a4ac36, L:/127.0.0.1:62504 - R:localhost/127.0.0.1:41245] for POST '/session/0b75d67416f2befe8bb3550976a503a5/element'
2023-04-27 20:11:19 DEBUG HttpHandler:70 ? 

Request DefaultHttpRequest(decodeResult: success, version: HTTP/1.1)
POST /session/0b75d67416f2befe8bb3550976a503a5/element HTTP/1.1
User-Agent: selenium/4.9.0 (java windows)
Content-Length: 53
Content-Type: application/json; charset=utf-8
host: localhost:41245
accept: */*

Response DefaultHttpResponse(decodeResult: success, version: HTTP/1.1)
HTTP/1.1 200 OK
Content-Length: 88
Content-Type: application/json; charset=utf-8
cache-control: no-cache

2023-04-27 20:11:19 DEBUG ChannelManager:270 ? Adding key: http://localhost:41245 for channel [id: 0xa4a4ac36, L:/127.0.0.1:62504 - R:localhost/127.0.0.1:41245]
2023-04-27 20:11:19 DEBUG NettyRequestSender:593 ? Using pooled Channel '[id: 0xa4a4ac36, L:/127.0.0.1:62504 - R:localhost/127.0.0.1:41245]' for 'POST' to 'http://localhost:41245/session/0b75d67416f2befe8bb3550976a503a5/actions'
2023-04-27 20:11:19 DEBUG NettyRequestSender:251 ? Using open Channel [id: 0xa4a4ac36, L:/127.0.0.1:62504 - R:localhost/127.0.0.1:41245] for POST '/session/0b75d67416f2befe8bb3550976a503a5/actions'
2023-04-27 20:11:19 DEBUG HttpHandler:70 ? 

Request DefaultHttpRequest(decodeResult: success, version: HTTP/1.1)
POST /session/0b75d67416f2befe8bb3550976a503a5/actions HTTP/1.1
User-Agent: selenium/4.9.0 (java windows)
Content-Length: 3755
Content-Type: application/json; charset=utf-8
host: localhost:41245
accept: */*

Response DefaultHttpResponse(decodeResult: success, version: HTTP/1.1)
HTTP/1.1 200 OK
Content-Length: 14
Content-Type: application/json; charset=utf-8
cache-control: no-cache

2023-04-27 20:11:19 DEBUG ChannelManager:270 ? Adding key: http://localhost:41245 for channel [id: 0xa4a4ac36, L:/127.0.0.1:62504 - R:localhost/127.0.0.1:41245]
2023-04-27 20:11:19 DEBUG NettyRequestSender:593 ? Using pooled Channel '[id: 0xa4a4ac36, L:/127.0.0.1:62504 - R:localhost/127.0.0.1:41245]' for 'POST' to 'http://localhost:41245/session/0b75d67416f2befe8bb3550976a503a5/element'
2023-04-27 20:11:19 DEBUG NettyRequestSender:251 ? Using open Channel [id: 0xa4a4ac36, L:/127.0.0.1:62504 - R:localhost/127.0.0.1:41245] for POST '/session/0b75d67416f2befe8bb3550976a503a5/element'
2023-04-27 20:11:19 DEBUG HttpHandler:70 ? 

Request DefaultHttpRequest(decodeResult: success, version: HTTP/1.1)
POST /session/0b75d67416f2befe8bb3550976a503a5/element HTTP/1.1
User-Agent: selenium/4.9.0 (java windows)
Content-Length: 53
Content-Type: application/json; charset=utf-8
host: localhost:41245
accept: */*

Response DefaultHttpResponse(decodeResult: success, version: HTTP/1.1)
HTTP/1.1 200 OK
Content-Length: 88
Content-Type: application/json; charset=utf-8
cache-control: no-cache

2023-04-27 20:11:19 DEBUG ChannelManager:270 ? Adding key: http://localhost:41245 for channel [id: 0xa4a4ac36, L:/127.0.0.1:62504 - R:localhost/127.0.0.1:41245]
2023-04-27 20:11:19 DEBUG NettyRequestSender:593 ? Using pooled Channel '[id: 0xa4a4ac36, L:/127.0.0.1:62504 - R:localhost/127.0.0.1:41245]' for 'POST' to 'http://localhost:41245/session/0b75d67416f2befe8bb3550976a503a5/actions'
2023-04-27 20:11:19 DEBUG NettyRequestSender:251 ? Using open Channel [id: 0xa4a4ac36, L:/127.0.0.1:62504 - R:localhost/127.0.0.1:41245] for POST '/session/0b75d67416f2befe8bb3550976a503a5/actions'
2023-04-27 20:11:20 DEBUG HttpHandler:70 ? 

Request DefaultHttpRequest(decodeResult: success, version: HTTP/1.1)
POST /session/0b75d67416f2befe8bb3550976a503a5/actions HTTP/1.1
User-Agent: selenium/4.9.0 (java windows)
Content-Length: 3755
Content-Type: application/json; charset=utf-8
host: localhost:41245
accept: */*

Response DefaultHttpResponse(decodeResult: success, version: HTTP/1.1)
HTTP/1.1 200 OK
Content-Length: 14
Content-Type: application/json; charset=utf-8
cache-control: no-cache

2023-04-27 20:11:20 DEBUG ChannelManager:270 ? Adding key: http://localhost:41245 for channel [id: 0xa4a4ac36, L:/127.0.0.1:62504 - R:localhost/127.0.0.1:41245]
2023-04-27 20:11:20 DEBUG NettyRequestSender:593 ? Using pooled Channel '[id: 0xa4a4ac36, L:/127.0.0.1:62504 - R:localhost/127.0.0.1:41245]' for 'POST' to 'http://localhost:41245/session/0b75d67416f2befe8bb3550976a503a5/element'
2023-04-27 20:11:20 DEBUG NettyRequestSender:251 ? Using open Channel [id: 0xa4a4ac36, L:/127.0.0.1:62504 - R:localhost/127.0.0.1:41245] for POST '/session/0b75d67416f2befe8bb3550976a503a5/element'
2023-04-27 20:11:20 DEBUG HttpHandler:70 ? 

Request DefaultHttpRequest(decodeResult: success, version: HTTP/1.1)
POST /session/0b75d67416f2befe8bb3550976a503a5/element HTTP/1.1
User-Agent: selenium/4.9.0 (java windows)
Content-Length: 60
Content-Type: application/json; charset=utf-8
host: localhost:41245
accept: */*

Response DefaultHttpResponse(decodeResult: success, version: HTTP/1.1)
HTTP/1.1 200 OK
Content-Length: 88
Content-Type: application/json; charset=utf-8
cache-control: no-cache

2023-04-27 20:11:20 DEBUG ChannelManager:270 ? Adding key: http://localhost:41245 for channel [id: 0xa4a4ac36, L:/127.0.0.1:62504 - R:localhost/127.0.0.1:41245]
2023-04-27 20:11:20 DEBUG NettyRequestSender:593 ? Using pooled Channel '[id: 0xa4a4ac36, L:/127.0.0.1:62504 - R:localhost/127.0.0.1:41245]' for 'POST' to 'http://localhost:41245/session/0b75d67416f2befe8bb3550976a503a5/actions'
2023-04-27 20:11:20 DEBUG NettyRequestSender:251 ? Using open Channel [id: 0xa4a4ac36, L:/127.0.0.1:62504 - R:localhost/127.0.0.1:41245] for POST '/session/0b75d67416f2befe8bb3550976a503a5/actions'
2023-04-27 20:11:20 DEBUG HttpHandler:70 ? 

Request DefaultHttpRequest(decodeResult: success, version: HTTP/1.1)
POST /session/0b75d67416f2befe8bb3550976a503a5/actions HTTP/1.1
User-Agent: selenium/4.9.0 (java windows)
Content-Length: 3755
Content-Type: application/json; charset=utf-8
host: localhost:41245
accept: */*

Response DefaultHttpResponse(decodeResult: success, version: HTTP/1.1)
HTTP/1.1 200 OK
Content-Length: 14
Content-Type: application/json; charset=utf-8
cache-control: no-cache

2023-04-27 20:11:20 DEBUG ChannelManager:270 ? Adding key: http://localhost:41245 for channel [id: 0xa4a4ac36, L:/127.0.0.1:62504 - R:localhost/127.0.0.1:41245]
2023-04-27 20:11:20 DEBUG NettyRequestSender:593 ? Using pooled Channel '[id: 0xa4a4ac36, L:/127.0.0.1:62504 - R:localhost/127.0.0.1:41245]' for 'POST' to 'http://localhost:41245/session/0b75d67416f2befe8bb3550976a503a5/element'
2023-04-27 20:11:20 DEBUG NettyRequestSender:251 ? Using open Channel [id: 0xa4a4ac36, L:/127.0.0.1:62504 - R:localhost/127.0.0.1:41245] for POST '/session/0b75d67416f2befe8bb3550976a503a5/element'
2023-04-27 20:11:20 DEBUG HttpHandler:70 ? 

Request DefaultHttpRequest(decodeResult: success, version: HTTP/1.1)
POST /session/0b75d67416f2befe8bb3550976a503a5/element HTTP/1.1
User-Agent: selenium/4.9.0 (java windows)
Content-Length: 74
Content-Type: application/json; charset=utf-8
host: localhost:41245
accept: */*

Response DefaultHttpResponse(decodeResult: success, version: HTTP/1.1)
HTTP/1.1 200 OK
Content-Length: 88
Content-Type: application/json; charset=utf-8
cache-control: no-cache

2023-04-27 20:11:20 DEBUG ChannelManager:270 ? Adding key: http://localhost:41245 for channel [id: 0xa4a4ac36, L:/127.0.0.1:62504 - R:localhost/127.0.0.1:41245]
2023-04-27 20:11:20 DEBUG NettyRequestSender:593 ? Using pooled Channel '[id: 0xa4a4ac36, L:/127.0.0.1:62504 - R:localhost/127.0.0.1:41245]' for 'POST' to 'http://localhost:41245/session/0b75d67416f2befe8bb3550976a503a5/actions'
2023-04-27 20:11:20 DEBUG NettyRequestSender:251 ? Using open Channel [id: 0xa4a4ac36, L:/127.0.0.1:62504 - R:localhost/127.0.0.1:41245] for POST '/session/0b75d67416f2befe8bb3550976a503a5/actions'
2023-04-27 20:11:20 DEBUG HttpHandler:70 ? 

Request DefaultHttpRequest(decodeResult: success, version: HTTP/1.1)
POST /session/0b75d67416f2befe8bb3550976a503a5/actions HTTP/1.1
User-Agent: selenium/4.9.0 (java windows)
Content-Length: 567
Content-Type: application/json; charset=utf-8
host: localhost:41245
accept: */*

Response DefaultHttpResponse(decodeResult: success, version: HTTP/1.1)
HTTP/1.1 200 OK
Content-Length: 14
Content-Type: application/json; charset=utf-8
cache-control: no-cache

2023-04-27 20:11:20 DEBUG ChannelManager:270 ? Adding key: http://localhost:41245 for channel [id: 0xa4a4ac36, L:/127.0.0.1:62504 - R:localhost/127.0.0.1:41245]
2023-04-27 20:11:20 DEBUG NettyRequestSender:593 ? Using pooled Channel '[id: 0xa4a4ac36, L:/127.0.0.1:62504 - R:localhost/127.0.0.1:41245]' for 'POST' to 'http://localhost:41245/session/0b75d67416f2befe8bb3550976a503a5/element'
2023-04-27 20:11:20 DEBUG NettyRequestSender:251 ? Using open Channel [id: 0xa4a4ac36, L:/127.0.0.1:62504 - R:localhost/127.0.0.1:41245] for POST '/session/0b75d67416f2befe8bb3550976a503a5/element'
2023-04-27 20:11:20 DEBUG DefaultChannelPool:348 ? Entry count for : http://localhost:62505 : 1
2023-04-27 20:11:21 DEBUG HttpHandler:70 ? 

Request DefaultHttpRequest(decodeResult: success, version: HTTP/1.1)
POST /session/0b75d67416f2befe8bb3550976a503a5/element HTTP/1.1
User-Agent: selenium/4.9.0 (java windows)
Content-Length: 109
Content-Type: application/json; charset=utf-8
host: localhost:41245
accept: */*

Response DefaultHttpResponse(decodeResult: success, version: HTTP/1.1)
HTTP/1.1 200 OK
Content-Length: 88
Content-Type: application/json; charset=utf-8
cache-control: no-cache

2023-04-27 20:11:21 DEBUG ChannelManager:270 ? Adding key: http://localhost:41245 for channel [id: 0xa4a4ac36, L:/127.0.0.1:62504 - R:localhost/127.0.0.1:41245]
2023-04-27 20:11:21 DEBUG NettyRequestSender:593 ? Using pooled Channel '[id: 0xa4a4ac36, L:/127.0.0.1:62504 - R:localhost/127.0.0.1:41245]' for 'GET' to 'http://localhost:41245/session/0b75d67416f2befe8bb3550976a503a5/element/b0954f3e-f844-44a2-8fd8-1d24883ded6c/text'
2023-04-27 20:11:21 DEBUG NettyRequestSender:251 ? Using open Channel [id: 0xa4a4ac36, L:/127.0.0.1:62504 - R:localhost/127.0.0.1:41245] for GET '/session/0b75d67416f2befe8bb3550976a503a5/element/b0954f3e-f844-44a2-8fd8-1d24883ded6c/text'
2023-04-27 20:11:21 DEBUG HttpHandler:70 ? 

Request DefaultFullHttpRequest(decodeResult: success, version: HTTP/1.1, content: EmptyByteBufBE)
GET /session/0b75d67416f2befe8bb3550976a503a5/element/b0954f3e-f844-44a2-8fd8-1d24883ded6c/text HTTP/1.1
User-Agent: selenium/4.9.0 (java windows)
Cache-Control: no-cache
Content-Type: application/json; charset=utf-8
host: localhost:41245
accept: */*

Response DefaultHttpResponse(decodeResult: success, version: HTTP/1.1)
HTTP/1.1 200 OK
Content-Length: 38
Content-Type: application/json; charset=utf-8
cache-control: no-cache

2023-04-27 20:11:21 DEBUG ChannelManager:270 ? Adding key: http://localhost:41245 for channel [id: 0xa4a4ac36, L:/127.0.0.1:62504 - R:localhost/127.0.0.1:41245]
2023-04-27 20:11:21 DEBUG NettyRequestSender:593 ? Using pooled Channel '[id: 0xa4a4ac36, L:/127.0.0.1:62504 - R:localhost/127.0.0.1:41245]' for 'POST' to 'http://localhost:41245/session/0b75d67416f2befe8bb3550976a503a5/url'
2023-04-27 20:11:21 DEBUG NettyRequestSender:251 ? Using open Channel [id: 0xa4a4ac36, L:/127.0.0.1:62504 - R:localhost/127.0.0.1:41245] for POST '/session/0b75d67416f2befe8bb3550976a503a5/url'
2023-04-27 20:11:21 DEBUG DefaultChannelPool:348 ? Entry count for : http://localhost:62505 : 1
2023-04-27 20:11:21 DEBUG HttpHandler:70 ? 

Request DefaultHttpRequest(decodeResult: success, version: HTTP/1.1)
POST /session/0b75d67416f2befe8bb3550976a503a5/url HTTP/1.1
User-Agent: selenium/4.9.0 (java windows)
Content-Length: 59
Content-Type: application/json; charset=utf-8
host: localhost:41245
accept: */*

Response DefaultHttpResponse(decodeResult: success, version: HTTP/1.1)
HTTP/1.1 200 OK
Content-Length: 14
Content-Type: application/json; charset=utf-8
cache-control: no-cache

2023-04-27 20:11:21 DEBUG ChannelManager:270 ? Adding key: http://localhost:41245 for channel [id: 0xa4a4ac36, L:/127.0.0.1:62504 - R:localhost/127.0.0.1:41245]
2023-04-27 20:11:21 DEBUG NettyRequestSender:593 ? Using pooled Channel '[id: 0xa4a4ac36, L:/127.0.0.1:62504 - R:localhost/127.0.0.1:41245]' for 'POST' to 'http://localhost:41245/session/0b75d67416f2befe8bb3550976a503a5/element'
2023-04-27 20:11:21 DEBUG NettyRequestSender:251 ? Using open Channel [id: 0xa4a4ac36, L:/127.0.0.1:62504 - R:localhost/127.0.0.1:41245] for POST '/session/0b75d67416f2befe8bb3550976a503a5/element'
2023-04-27 20:11:21 DEBUG HttpHandler:70 ? 

Request DefaultHttpRequest(decodeResult: success, version: HTTP/1.1)
POST /session/0b75d67416f2befe8bb3550976a503a5/element HTTP/1.1
User-Agent: selenium/4.9.0 (java windows)
Content-Length: 72
Content-Type: application/json; charset=utf-8
host: localhost:41245
accept: */*

Response DefaultHttpResponse(decodeResult: success, version: HTTP/1.1)
HTTP/1.1 200 OK
Content-Length: 88
Content-Type: application/json; charset=utf-8
cache-control: no-cache

2023-04-27 20:11:21 DEBUG ChannelManager:270 ? Adding key: http://localhost:41245 for channel [id: 0xa4a4ac36, L:/127.0.0.1:62504 - R:localhost/127.0.0.1:41245]
2023-04-27 20:11:21 DEBUG NettyRequestSender:593 ? Using pooled Channel '[id: 0xa4a4ac36, L:/127.0.0.1:62504 - R:localhost/127.0.0.1:41245]' for 'POST' to 'http://localhost:41245/session/0b75d67416f2befe8bb3550976a503a5/execute/sync'
2023-04-27 20:11:21 DEBUG NettyRequestSender:251 ? Using open Channel [id: 0xa4a4ac36, L:/127.0.0.1:62504 - R:localhost/127.0.0.1:41245] for POST '/session/0b75d67416f2befe8bb3550976a503a5/execute/sync'
2023-04-27 20:11:21 DEBUG HttpHandler:70 ? 

Request DefaultHttpRequest(decodeResult: success, version: HTTP/1.1)
POST /session/0b75d67416f2befe8bb3550976a503a5/execute/sync HTTP/1.1
User-Agent: selenium/4.9.0 (java windows)
Content-Length: 48807
Content-Type: application/json; charset=utf-8
host: localhost:41245
accept: */*

Response DefaultHttpResponse(decodeResult: success, version: HTTP/1.1)
HTTP/1.1 200 OK
Content-Length: 14
Content-Type: application/json; charset=utf-8
cache-control: no-cache

2023-04-27 20:11:21 DEBUG ChannelManager:270 ? Adding key: http://localhost:41245 for channel [id: 0xa4a4ac36, L:/127.0.0.1:62504 - R:localhost/127.0.0.1:41245]
2023-04-27 20:11:21 DEBUG NettyRequestSender:593 ? Using pooled Channel '[id: 0xa4a4ac36, L:/127.0.0.1:62504 - R:localhost/127.0.0.1:41245]' for 'POST' to 'http://localhost:41245/session/0b75d67416f2befe8bb3550976a503a5/element'
2023-04-27 20:11:21 DEBUG NettyRequestSender:251 ? Using open Channel [id: 0xa4a4ac36, L:/127.0.0.1:62504 - R:localhost/127.0.0.1:41245] for POST '/session/0b75d67416f2befe8bb3550976a503a5/element'
2023-04-27 20:11:21 DEBUG HttpHandler:70 ? 

Request DefaultHttpRequest(decodeResult: success, version: HTTP/1.1)
POST /session/0b75d67416f2befe8bb3550976a503a5/element HTTP/1.1
User-Agent: selenium/4.9.0 (java windows)
Content-Length: 69
Content-Type: application/json; charset=utf-8
host: localhost:41245
accept: */*

Response DefaultHttpResponse(decodeResult: success, version: HTTP/1.1)
HTTP/1.1 200 OK
Content-Length: 88
Content-Type: application/json; charset=utf-8
cache-control: no-cache

2023-04-27 20:11:21 DEBUG ChannelManager:270 ? Adding key: http://localhost:41245 for channel [id: 0xa4a4ac36, L:/127.0.0.1:62504 - R:localhost/127.0.0.1:41245]
2023-04-27 20:11:21 DEBUG NettyRequestSender:593 ? Using pooled Channel '[id: 0xa4a4ac36, L:/127.0.0.1:62504 - R:localhost/127.0.0.1:41245]' for 'POST' to 'http://localhost:41245/session/0b75d67416f2befe8bb3550976a503a5/execute/sync'
2023-04-27 20:11:21 DEBUG NettyRequestSender:251 ? Using open Channel [id: 0xa4a4ac36, L:/127.0.0.1:62504 - R:localhost/127.0.0.1:41245] for POST '/session/0b75d67416f2befe8bb3550976a503a5/execute/sync'
2023-04-27 20:11:21 DEBUG HttpHandler:70 ? 

Request DefaultHttpRequest(decodeResult: success, version: HTTP/1.1)
POST /session/0b75d67416f2befe8bb3550976a503a5/execute/sync HTTP/1.1
User-Agent: selenium/4.9.0 (java windows)
Content-Length: 48807
Content-Type: application/json; charset=utf-8
host: localhost:41245
accept: */*

Response DefaultHttpResponse(decodeResult: success, version: HTTP/1.1)
HTTP/1.1 200 OK
Content-Length: 14
Content-Type: application/json; charset=utf-8
cache-control: no-cache

2023-04-27 20:11:21 DEBUG ChannelManager:270 ? Adding key: http://localhost:41245 for channel [id: 0xa4a4ac36, L:/127.0.0.1:62504 - R:localhost/127.0.0.1:41245]
2023-04-27 20:11:21 DEBUG NettyRequestSender:593 ? Using pooled Channel '[id: 0xa4a4ac36, L:/127.0.0.1:62504 - R:localhost/127.0.0.1:41245]' for 'POST' to 'http://localhost:41245/session/0b75d67416f2befe8bb3550976a503a5/element'
2023-04-27 20:11:21 DEBUG NettyRequestSender:251 ? Using open Channel [id: 0xa4a4ac36, L:/127.0.0.1:62504 - R:localhost/127.0.0.1:41245] for POST '/session/0b75d67416f2befe8bb3550976a503a5/element'
2023-04-27 20:11:21 DEBUG HttpHandler:70 ? 

Request DefaultHttpRequest(decodeResult: success, version: HTTP/1.1)
POST /session/0b75d67416f2befe8bb3550976a503a5/element HTTP/1.1
User-Agent: selenium/4.9.0 (java windows)
Content-Length: 71
Content-Type: application/json; charset=utf-8
host: localhost:41245
accept: */*

Response DefaultHttpResponse(decodeResult: success, version: HTTP/1.1)
HTTP/1.1 200 OK
Content-Length: 88
Content-Type: application/json; charset=utf-8
cache-control: no-cache

2023-04-27 20:11:21 DEBUG ChannelManager:270 ? Adding key: http://localhost:41245 for channel [id: 0xa4a4ac36, L:/127.0.0.1:62504 - R:localhost/127.0.0.1:41245]
2023-04-27 20:11:21 DEBUG NettyRequestSender:593 ? Using pooled Channel '[id: 0xa4a4ac36, L:/127.0.0.1:62504 - R:localhost/127.0.0.1:41245]' for 'POST' to 'http://localhost:41245/session/0b75d67416f2befe8bb3550976a503a5/execute/sync'
2023-04-27 20:11:21 DEBUG NettyRequestSender:251 ? Using open Channel [id: 0xa4a4ac36, L:/127.0.0.1:62504 - R:localhost/127.0.0.1:41245] for POST '/session/0b75d67416f2befe8bb3550976a503a5/execute/sync'
2023-04-27 20:11:22 DEBUG HttpHandler:70 ? 

Request DefaultHttpRequest(decodeResult: success, version: HTTP/1.1)
POST /session/0b75d67416f2befe8bb3550976a503a5/execute/sync HTTP/1.1
User-Agent: selenium/4.9.0 (java windows)
Content-Length: 48807
Content-Type: application/json; charset=utf-8
host: localhost:41245
accept: */*

Response DefaultHttpResponse(decodeResult: success, version: HTTP/1.1)
HTTP/1.1 200 OK
Content-Length: 14
Content-Type: application/json; charset=utf-8
cache-control: no-cache

2023-04-27 20:11:22 DEBUG ChannelManager:270 ? Adding key: http://localhost:41245 for channel [id: 0xa4a4ac36, L:/127.0.0.1:62504 - R:localhost/127.0.0.1:41245]
2023-04-27 20:11:22 DEBUG NettyRequestSender:593 ? Using pooled Channel '[id: 0xa4a4ac36, L:/127.0.0.1:62504 - R:localhost/127.0.0.1:41245]' for 'POST' to 'http://localhost:41245/session/0b75d67416f2befe8bb3550976a503a5/element'
2023-04-27 20:11:22 DEBUG NettyRequestSender:251 ? Using open Channel [id: 0xa4a4ac36, L:/127.0.0.1:62504 - R:localhost/127.0.0.1:41245] for POST '/session/0b75d67416f2befe8bb3550976a503a5/element'
2023-04-27 20:11:22 DEBUG HttpHandler:70 ? 

Request DefaultHttpRequest(decodeResult: success, version: HTTP/1.1)
POST /session/0b75d67416f2befe8bb3550976a503a5/element HTTP/1.1
User-Agent: selenium/4.9.0 (java windows)
Content-Length: 69
Content-Type: application/json; charset=utf-8
host: localhost:41245
accept: */*

Response DefaultHttpResponse(decodeResult: success, version: HTTP/1.1)
HTTP/1.1 200 OK
Content-Length: 88
Content-Type: application/json; charset=utf-8
cache-control: no-cache

2023-04-27 20:11:22 DEBUG ChannelManager:270 ? Adding key: http://localhost:41245 for channel [id: 0xa4a4ac36, L:/127.0.0.1:62504 - R:localhost/127.0.0.1:41245]
2023-04-27 20:11:22 DEBUG NettyRequestSender:593 ? Using pooled Channel '[id: 0xa4a4ac36, L:/127.0.0.1:62504 - R:localhost/127.0.0.1:41245]' for 'POST' to 'http://localhost:41245/session/0b75d67416f2befe8bb3550976a503a5/actions'
2023-04-27 20:11:22 DEBUG NettyRequestSender:251 ? Using open Channel [id: 0xa4a4ac36, L:/127.0.0.1:62504 - R:localhost/127.0.0.1:41245] for POST '/session/0b75d67416f2befe8bb3550976a503a5/actions'
2023-04-27 20:11:22 DEBUG HttpHandler:70 ? 

Request DefaultHttpRequest(decodeResult: success, version: HTTP/1.1)
POST /session/0b75d67416f2befe8bb3550976a503a5/actions HTTP/1.1
User-Agent: selenium/4.9.0 (java windows)
Content-Length: 3755
Content-Type: application/json; charset=utf-8
host: localhost:41245
accept: */*

Response DefaultHttpResponse(decodeResult: success, version: HTTP/1.1)
HTTP/1.1 200 OK
Content-Length: 14
Content-Type: application/json; charset=utf-8
cache-control: no-cache

2023-04-27 20:11:22 DEBUG ChannelManager:270 ? Adding key: http://localhost:41245 for channel [id: 0xa4a4ac36, L:/127.0.0.1:62504 - R:localhost/127.0.0.1:41245]
2023-04-27 20:11:22 DEBUG NettyRequestSender:593 ? Using pooled Channel '[id: 0xa4a4ac36, L:/127.0.0.1:62504 - R:localhost/127.0.0.1:41245]' for 'POST' to 'http://localhost:41245/session/0b75d67416f2befe8bb3550976a503a5/element'
2023-04-27 20:11:22 DEBUG NettyRequestSender:251 ? Using open Channel [id: 0xa4a4ac36, L:/127.0.0.1:62504 - R:localhost/127.0.0.1:41245] for POST '/session/0b75d67416f2befe8bb3550976a503a5/element'
2023-04-27 20:11:22 DEBUG HttpHandler:70 ? 

Request DefaultHttpRequest(decodeResult: success, version: HTTP/1.1)
POST /session/0b75d67416f2befe8bb3550976a503a5/element HTTP/1.1
User-Agent: selenium/4.9.0 (java windows)
Content-Length: 72
Content-Type: application/json; charset=utf-8
host: localhost:41245
accept: */*

Response DefaultHttpResponse(decodeResult: success, version: HTTP/1.1)
HTTP/1.1 200 OK
Content-Length: 88
Content-Type: application/json; charset=utf-8
cache-control: no-cache

2023-04-27 20:11:22 DEBUG ChannelManager:270 ? Adding key: http://localhost:41245 for channel [id: 0xa4a4ac36, L:/127.0.0.1:62504 - R:localhost/127.0.0.1:41245]
2023-04-27 20:11:22 DEBUG NettyRequestSender:593 ? Using pooled Channel '[id: 0xa4a4ac36, L:/127.0.0.1:62504 - R:localhost/127.0.0.1:41245]' for 'POST' to 'http://localhost:41245/session/0b75d67416f2befe8bb3550976a503a5/actions'
2023-04-27 20:11:22 DEBUG NettyRequestSender:251 ? Using open Channel [id: 0xa4a4ac36, L:/127.0.0.1:62504 - R:localhost/127.0.0.1:41245] for POST '/session/0b75d67416f2befe8bb3550976a503a5/actions'
2023-04-27 20:11:22 DEBUG HttpHandler:70 ? 

Request DefaultHttpRequest(decodeResult: success, version: HTTP/1.1)
POST /session/0b75d67416f2befe8bb3550976a503a5/actions HTTP/1.1
User-Agent: selenium/4.9.0 (java windows)
Content-Length: 3755
Content-Type: application/json; charset=utf-8
host: localhost:41245
accept: */*

Response DefaultHttpResponse(decodeResult: success, version: HTTP/1.1)
HTTP/1.1 200 OK
Content-Length: 14
Content-Type: application/json; charset=utf-8
cache-control: no-cache

2023-04-27 20:11:22 DEBUG ChannelManager:270 ? Adding key: http://localhost:41245 for channel [id: 0xa4a4ac36, L:/127.0.0.1:62504 - R:localhost/127.0.0.1:41245]
2023-04-27 20:11:22 DEBUG NettyRequestSender:593 ? Using pooled Channel '[id: 0xa4a4ac36, L:/127.0.0.1:62504 - R:localhost/127.0.0.1:41245]' for 'POST' to 'http://localhost:41245/session/0b75d67416f2befe8bb3550976a503a5/element'
2023-04-27 20:11:22 DEBUG NettyRequestSender:251 ? Using open Channel [id: 0xa4a4ac36, L:/127.0.0.1:62504 - R:localhost/127.0.0.1:41245] for POST '/session/0b75d67416f2befe8bb3550976a503a5/element'
2023-04-27 20:11:22 DEBUG HttpHandler:70 ? 

Request DefaultHttpRequest(decodeResult: success, version: HTTP/1.1)
POST /session/0b75d67416f2befe8bb3550976a503a5/element HTTP/1.1
User-Agent: selenium/4.9.0 (java windows)
Content-Length: 71
Content-Type: application/json; charset=utf-8
host: localhost:41245
accept: */*

Response DefaultHttpResponse(decodeResult: success, version: HTTP/1.1)
HTTP/1.1 200 OK
Content-Length: 88
Content-Type: application/json; charset=utf-8
cache-control: no-cache

2023-04-27 20:11:22 DEBUG ChannelManager:270 ? Adding key: http://localhost:41245 for channel [id: 0xa4a4ac36, L:/127.0.0.1:62504 - R:localhost/127.0.0.1:41245]
2023-04-27 20:11:22 DEBUG NettyRequestSender:593 ? Using pooled Channel '[id: 0xa4a4ac36, L:/127.0.0.1:62504 - R:localhost/127.0.0.1:41245]' for 'POST' to 'http://localhost:41245/session/0b75d67416f2befe8bb3550976a503a5/actions'
2023-04-27 20:11:22 DEBUG NettyRequestSender:251 ? Using open Channel [id: 0xa4a4ac36, L:/127.0.0.1:62504 - R:localhost/127.0.0.1:41245] for POST '/session/0b75d67416f2befe8bb3550976a503a5/actions'
2023-04-27 20:11:22 DEBUG HttpHandler:70 ? 

Request DefaultHttpRequest(decodeResult: success, version: HTTP/1.1)
POST /session/0b75d67416f2befe8bb3550976a503a5/actions HTTP/1.1
User-Agent: selenium/4.9.0 (java windows)
Content-Length: 567
Content-Type: application/json; charset=utf-8
host: localhost:41245
accept: */*

Response DefaultHttpResponse(decodeResult: success, version: HTTP/1.1)
HTTP/1.1 200 OK
Content-Length: 14
Content-Type: application/json; charset=utf-8
cache-control: no-cache

2023-04-27 20:11:22 DEBUG ChannelManager:270 ? Adding key: http://localhost:41245 for channel [id: 0xa4a4ac36, L:/127.0.0.1:62504 - R:localhost/127.0.0.1:41245]
2023-04-27 20:11:22 DEBUG NettyRequestSender:593 ? Using pooled Channel '[id: 0xa4a4ac36, L:/127.0.0.1:62504 - R:localhost/127.0.0.1:41245]' for 'POST' to 'http://localhost:41245/session/0b75d67416f2befe8bb3550976a503a5/element'
2023-04-27 20:11:22 DEBUG NettyRequestSender:251 ? Using open Channel [id: 0xa4a4ac36, L:/127.0.0.1:62504 - R:localhost/127.0.0.1:41245] for POST '/session/0b75d67416f2befe8bb3550976a503a5/element'
2023-04-27 20:11:22 DEBUG DefaultChannelPool:348 ? Entry count for : http://localhost:62505 : 1
2023-04-27 20:11:23 DEBUG HttpHandler:70 ? 

Request DefaultHttpRequest(decodeResult: success, version: HTTP/1.1)
POST /session/0b75d67416f2befe8bb3550976a503a5/element HTTP/1.1
User-Agent: selenium/4.9.0 (java windows)
Content-Length: 73
Content-Type: application/json; charset=utf-8
host: localhost:41245
accept: */*

Response DefaultHttpResponse(decodeResult: success, version: HTTP/1.1)
HTTP/1.1 200 OK
Content-Length: 88
Content-Type: application/json; charset=utf-8
cache-control: no-cache

2023-04-27 20:11:23 DEBUG ChannelManager:270 ? Adding key: http://localhost:41245 for channel [id: 0xa4a4ac36, L:/127.0.0.1:62504 - R:localhost/127.0.0.1:41245]
2023-04-27 20:11:23 DEBUG NettyRequestSender:593 ? Using pooled Channel '[id: 0xa4a4ac36, L:/127.0.0.1:62504 - R:localhost/127.0.0.1:41245]' for 'POST' to 'http://localhost:41245/session/0b75d67416f2befe8bb3550976a503a5/execute/sync'
2023-04-27 20:11:23 DEBUG NettyRequestSender:251 ? Using open Channel [id: 0xa4a4ac36, L:/127.0.0.1:62504 - R:localhost/127.0.0.1:41245] for POST '/session/0b75d67416f2befe8bb3550976a503a5/execute/sync'
2023-04-27 20:11:23 DEBUG HttpHandler:70 ? 

Request DefaultHttpRequest(decodeResult: success, version: HTTP/1.1)
POST /session/0b75d67416f2befe8bb3550976a503a5/execute/sync HTTP/1.1
User-Agent: selenium/4.9.0 (java windows)
Content-Length: 48807
Content-Type: application/json; charset=utf-8
host: localhost:41245
accept: */*

Response DefaultHttpResponse(decodeResult: success, version: HTTP/1.1)
HTTP/1.1 200 OK
Content-Length: 14
Content-Type: application/json; charset=utf-8
cache-control: no-cache

2023-04-27 20:11:23 DEBUG ChannelManager:270 ? Adding key: http://localhost:41245 for channel [id: 0xa4a4ac36, L:/127.0.0.1:62504 - R:localhost/127.0.0.1:41245]
2023-04-27 20:11:23 DEBUG NettyRequestSender:593 ? Using pooled Channel '[id: 0xa4a4ac36, L:/127.0.0.1:62504 - R:localhost/127.0.0.1:41245]' for 'POST' to 'http://localhost:41245/session/0b75d67416f2befe8bb3550976a503a5/element'
2023-04-27 20:11:23 DEBUG NettyRequestSender:251 ? Using open Channel [id: 0xa4a4ac36, L:/127.0.0.1:62504 - R:localhost/127.0.0.1:41245] for POST '/session/0b75d67416f2befe8bb3550976a503a5/element'
2023-04-27 20:11:23 DEBUG HttpHandler:70 ? 

Request DefaultHttpRequest(decodeResult: success, version: HTTP/1.1)
POST /session/0b75d67416f2befe8bb3550976a503a5/element HTTP/1.1
User-Agent: selenium/4.9.0 (java windows)
Content-Length: 67
Content-Type: application/json; charset=utf-8
host: localhost:41245
accept: */*

Response DefaultHttpResponse(decodeResult: success, version: HTTP/1.1)
HTTP/1.1 200 OK
Content-Length: 88
Content-Type: application/json; charset=utf-8
cache-control: no-cache

2023-04-27 20:11:23 DEBUG ChannelManager:270 ? Adding key: http://localhost:41245 for channel [id: 0xa4a4ac36, L:/127.0.0.1:62504 - R:localhost/127.0.0.1:41245]
2023-04-27 20:11:23 DEBUG NettyRequestSender:593 ? Using pooled Channel '[id: 0xa4a4ac36, L:/127.0.0.1:62504 - R:localhost/127.0.0.1:41245]' for 'POST' to 'http://localhost:41245/session/0b75d67416f2befe8bb3550976a503a5/execute/sync'
2023-04-27 20:11:23 DEBUG NettyRequestSender:251 ? Using open Channel [id: 0xa4a4ac36, L:/127.0.0.1:62504 - R:localhost/127.0.0.1:41245] for POST '/session/0b75d67416f2befe8bb3550976a503a5/execute/sync'
2023-04-27 20:11:23 DEBUG HttpHandler:70 ? 

Request DefaultHttpRequest(decodeResult: success, version: HTTP/1.1)
POST /session/0b75d67416f2befe8bb3550976a503a5/execute/sync HTTP/1.1
User-Agent: selenium/4.9.0 (java windows)
Content-Length: 48807
Content-Type: application/json; charset=utf-8
host: localhost:41245
accept: */*

Response DefaultHttpResponse(decodeResult: success, version: HTTP/1.1)
HTTP/1.1 200 OK
Content-Length: 14
Content-Type: application/json; charset=utf-8
cache-control: no-cache

2023-04-27 20:11:23 DEBUG ChannelManager:270 ? Adding key: http://localhost:41245 for channel [id: 0xa4a4ac36, L:/127.0.0.1:62504 - R:localhost/127.0.0.1:41245]
2023-04-27 20:45:08 DEBUG InternalLoggerFactory:63 ? Using SLF4J as the default logging framework
2023-04-27 20:45:08 DEBUG ResourceLeakDetector:129 ? -Dio.netty.leakDetection.level: simple
2023-04-27 20:45:08 DEBUG ResourceLeakDetector:130 ? -Dio.netty.leakDetection.targetRecords: 4
2023-04-27 20:45:08 DEBUG ResourceLeakDetectorFactory:196 ? Loaded default ResourceLeakDetector: io.netty.util.ResourceLeakDetector@841e575
2023-04-27 20:45:08 DEBUG PlatformDependent0:496 ? -Dio.netty.noUnsafe: false
2023-04-27 20:45:08 DEBUG PlatformDependent0:1000 ? Java version: 19
2023-04-27 20:45:08 DEBUG PlatformDependent0:137 ? sun.misc.Unsafe.theUnsafe: available
2023-04-27 20:45:08 DEBUG PlatformDependent0:161 ? sun.misc.Unsafe.copyMemory: available
2023-04-27 20:45:08 DEBUG PlatformDependent0:193 ? sun.misc.Unsafe.storeFence: available
2023-04-27 20:45:08 DEBUG PlatformDependent0:236 ? java.nio.Buffer.address: available
2023-04-27 20:45:08 DEBUG PlatformDependent0:320 ? direct buffer constructor: unavailable: Reflective setAccessible(true) disabled
2023-04-27 20:45:08 DEBUG PlatformDependent0:385 ? java.nio.Bits.unaligned: available, true
2023-04-27 20:45:08 DEBUG PlatformDependent0:452 ? jdk.internal.misc.Unsafe.allocateUninitializedArray(int): unavailable: class io.netty.util.internal.PlatformDependent0$7 cannot access class jdk.internal.misc.Unsafe (in module java.base) because module java.base does not export jdk.internal.misc to unnamed module @5679c6c6
2023-04-27 20:45:08 DEBUG PlatformDependent0:482 ? java.nio.DirectByteBuffer.<init>(long, int): unavailable
2023-04-27 20:45:08 DEBUG PlatformDependent:1159 ? sun.misc.Unsafe: available
2023-04-27 20:45:08 DEBUG PlatformDependent:1270 ? maxDirectMemory: 5339348992 bytes (maybe)
2023-04-27 20:45:08 DEBUG PlatformDependent:1289 ? -Dio.netty.tmpdir: C:\Users\rohit\AppData\Local\Temp (java.io.tmpdir)
2023-04-27 20:45:08 DEBUG PlatformDependent:1368 ? -Dio.netty.bitMode: 64 (sun.arch.data.model)
2023-04-27 20:45:08 DEBUG PlatformDependent:1119 ? Platform: Windows
2023-04-27 20:45:08 DEBUG PlatformDependent:178 ? -Dio.netty.maxDirectMemory: -1 bytes
2023-04-27 20:45:08 DEBUG PlatformDependent:185 ? -Dio.netty.uninitializedArrayAllocationThreshold: -1
2023-04-27 20:45:08 DEBUG CleanerJava9:71 ? java.nio.ByteBuffer.cleaner(): available
2023-04-27 20:45:08 DEBUG PlatformDependent:205 ? -Dio.netty.noPreferDirect: false
2023-04-27 20:45:08 DEBUG PlatformDependent:1010 ? org.jctools-core.MpscChunkedArrayQueue: available
2023-04-27 20:45:08 DEBUG InternalThreadLocalMap:100 ? -Dio.netty.threadLocalMap.stringBuilder.initialSize: 1024
2023-04-27 20:45:08 DEBUG InternalThreadLocalMap:101 ? -Dio.netty.threadLocalMap.stringBuilder.maxSize: 4096
2023-04-27 20:45:08 DEBUG JdkSslContext:83 ? Default protocols (JDK): [TLSv1.3, TLSv1.2] 
2023-04-27 20:45:08 DEBUG JdkSslContext:84 ? Default cipher suites (JDK): [TLS_ECDHE_ECDSA_WITH_AES_256_GCM_SHA384, TLS_ECDHE_ECDSA_WITH_AES_128_GCM_SHA256, TLS_ECDHE_RSA_WITH_AES_128_GCM_SHA256, TLS_ECDHE_RSA_WITH_AES_256_GCM_SHA384, TLS_ECDHE_RSA_WITH_AES_128_CBC_SHA, TLS_ECDHE_RSA_WITH_AES_256_CBC_SHA, TLS_RSA_WITH_AES_128_GCM_SHA256, TLS_RSA_WITH_AES_128_CBC_SHA, TLS_RSA_WITH_AES_256_CBC_SHA, TLS_AES_128_GCM_SHA256, TLS_AES_256_GCM_SHA384]
2023-04-27 20:45:08 DEBUG GlobalEventExecutor:53 ? -Dio.netty.globalEventExecutor.quietPeriodSeconds: 1
2023-04-27 20:45:08 DEBUG MultithreadEventLoopGroup:44 ? -Dio.netty.eventLoopThreads: 16
2023-04-27 20:45:08 DEBUG NioEventLoop:110 ? -Dio.netty.noKeySetOptimization: false
2023-04-27 20:45:08 DEBUG NioEventLoop:111 ? -Dio.netty.selectorAutoRebuildThreshold: 512
2023-04-27 20:45:08 DEBUG PooledByteBufAllocator:157 ? -Dio.netty.allocator.numHeapArenas: 16
2023-04-27 20:45:08 DEBUG PooledByteBufAllocator:158 ? -Dio.netty.allocator.numDirectArenas: 16
2023-04-27 20:45:08 DEBUG PooledByteBufAllocator:160 ? -Dio.netty.allocator.pageSize: 8192
2023-04-27 20:45:08 DEBUG PooledByteBufAllocator:165 ? -Dio.netty.allocator.maxOrder: 9
2023-04-27 20:45:08 DEBUG PooledByteBufAllocator:169 ? -Dio.netty.allocator.chunkSize: 4194304
2023-04-27 20:45:08 DEBUG PooledByteBufAllocator:170 ? -Dio.netty.allocator.smallCacheSize: 256
2023-04-27 20:45:08 DEBUG PooledByteBufAllocator:171 ? -Dio.netty.allocator.normalCacheSize: 64
2023-04-27 20:45:08 DEBUG PooledByteBufAllocator:172 ? -Dio.netty.allocator.maxCachedBufferCapacity: 32768
2023-04-27 20:45:08 DEBUG PooledByteBufAllocator:173 ? -Dio.netty.allocator.cacheTrimInterval: 8192
2023-04-27 20:45:08 DEBUG PooledByteBufAllocator:174 ? -Dio.netty.allocator.cacheTrimIntervalMillis: 0
2023-04-27 20:45:08 DEBUG PooledByteBufAllocator:175 ? -Dio.netty.allocator.useCacheForAllThreads: false
2023-04-27 20:45:08 DEBUG PooledByteBufAllocator:176 ? -Dio.netty.allocator.maxCachedByteBuffersPerChunk: 1023
2023-04-27 20:45:08 DEBUG ByteBufUtil:88 ? -Dio.netty.allocator.type: pooled
2023-04-27 20:45:08 DEBUG ByteBufUtil:97 ? -Dio.netty.threadLocalDirectBufferSize: 0
2023-04-27 20:45:08 DEBUG ByteBufUtil:100 ? -Dio.netty.maxThreadLocalCharBufferSize: 16384
2023-04-27 20:45:09 DEBUG DefaultChannelId:79 ? -Dio.netty.processId: 23896 (auto-detected)
2023-04-27 20:45:09 DEBUG NetUtil:148 ? -Djava.net.preferIPv4Stack: false
2023-04-27 20:45:09 DEBUG NetUtil:149 ? -Djava.net.preferIPv6Addresses: false
2023-04-27 20:45:09 DEBUG NetUtilInitializations:145 ? Loopback interface: lo (Software Loopback Interface 1, 127.0.0.1)
2023-04-27 20:45:09 DEBUG NetUtil:206 ? Failed to get SOMAXCONN from sysctl and file \proc\sys\net\core\somaxconn. Default: 200
2023-04-27 20:45:09 DEBUG DefaultChannelId:101 ? -Dio.netty.machineId: 70:c9:4e:ff:fe:a9:98:9d (auto-detected)
2023-04-27 20:45:09 DEBUG AbstractByteBuf:63 ? -Dio.netty.buffer.checkAccessible: true
2023-04-27 20:45:09 DEBUG AbstractByteBuf:64 ? -Dio.netty.buffer.checkBounds: true
2023-04-27 20:45:09 DEBUG ResourceLeakDetectorFactory:196 ? Loaded default ResourceLeakDetector: io.netty.util.ResourceLeakDetector@5502d16b
2023-04-27 20:45:09 DEBUG NettyConnectListener:73 ? Using new Channel '[id: 0x5a6a6a0b, L:/127.0.0.1:49918 - R:localhost/127.0.0.1:10229]' for 'POST' to '/session'
2023-04-27 20:45:09 DEBUG Recycler:96 ? -Dio.netty.recycler.maxCapacityPerThread: 4096
2023-04-27 20:45:09 DEBUG Recycler:97 ? -Dio.netty.recycler.ratio: 8
2023-04-27 20:45:09 DEBUG Recycler:98 ? -Dio.netty.recycler.chunkSize: 32
2023-04-27 20:45:09 DEBUG Recycler:99 ? -Dio.netty.recycler.blocking: false
2023-04-27 20:45:09 DEBUG Recycler:100 ? -Dio.netty.recycler.batchFastThreadLocalOnly: true
2023-04-27 20:45:10 DEBUG Brotli:38 ? brotli4j not in the classpath; Brotli support will be unavailable.
2023-04-27 20:45:10 DEBUG HttpHandler:70 ? 

Request DefaultHttpRequest(decodeResult: success, version: HTTP/1.1)
POST /session HTTP/1.1
User-Agent: selenium/4.9.0 (java windows)
Content-Length: 254
Content-Type: application/json; charset=utf-8
host: localhost:10229
accept: */*

Response DefaultHttpResponse(decodeResult: success, version: HTTP/1.1)
HTTP/1.1 200 OK
Content-Length: 860
Content-Type: application/json; charset=utf-8
cache-control: no-cache

2023-04-27 20:45:10 DEBUG ChannelManager:270 ? Adding key: http://localhost:10229 for channel [id: 0x5a6a6a0b, L:/127.0.0.1:49918 - R:localhost/127.0.0.1:10229]
2023-04-27 20:45:10 DEBUG NettyConnectListener:73 ? Using new Channel '[id: 0x645470b7, L:/127.0.0.1:49938 - R:localhost/127.0.0.1:49923]' for 'GET' to '/json/version'
2023-04-27 20:45:10 DEBUG HttpHandler:70 ? 

Request DefaultFullHttpRequest(decodeResult: success, version: HTTP/1.1, content: EmptyByteBufBE)
GET /json/version HTTP/1.1
User-Agent: selenium/4.9.0 (java windows)
host: localhost:49923
accept: */*

Response DefaultHttpResponse(decodeResult: success, version: HTTP/1.1)
HTTP/1.1 200 OK
Content-Security-Policy: frame-ancestors 'none'
Content-Length: 424
Content-Type: application/json; charset=UTF-8

2023-04-27 20:45:10 DEBUG ChannelManager:270 ? Adding key: http://localhost:49923 for channel [id: 0x645470b7, L:/127.0.0.1:49938 - R:localhost/127.0.0.1:49923]
2023-04-27 20:45:10 DEBUG ThreadLocalRandom:214 ? -Dio.netty.initialSeedUniquifier: 0x350b86987b6c183d
2023-04-27 20:45:10 DEBUG NettyConnectListener:73 ? Using new Channel '[id: 0xe1a1817c, L:/127.0.0.1:49939 - R:localhost/127.0.0.1:49923]' for 'GET' to '/devtools/browser/54f31231-a928-4877-8a64-20b3c7e6ace9'
2023-04-27 20:45:10 DEBUG WebSocketHandler:105 ? 

Request DefaultFullHttpRequest(decodeResult: success, version: HTTP/1.1, content: EmptyByteBufBE)
GET /devtools/browser/54f31231-a928-4877-8a64-20b3c7e6ace9 HTTP/1.1
upgrade: websocket
connection: upgrade
sec-websocket-key: 9n8QYb17UjgRVAGCrxviyw==
sec-websocket-version: 13
origin: http://localhost:49923
host: localhost:49923
accept: */*
user-agent: AHC/2.1

Response DefaultHttpResponse(decodeResult: success, version: HTTP/1.1)
HTTP/1.1 101 WebSocket Protocol Handshake
Upgrade: WebSocket
Connection: Upgrade
Sec-WebSocket-Accept: A/gW8Jr43yFWhWZEfna/hyZgvk8=

2023-04-27 20:45:10 DEBUG DefaultChannelPool:348 ? Entry count for : http://localhost:10229 : 1
2023-04-27 20:45:10 DEBUG DefaultChannelPool:348 ? Entry count for : http://localhost:49923 : 1
2023-04-27 20:45:11 DEBUG NettyRequestSender:593 ? Using pooled Channel '[id: 0x5a6a6a0b, L:/127.0.0.1:49918 - R:localhost/127.0.0.1:10229]' for 'POST' to 'http://localhost:10229/session/1bb4f37e16b498b57f370952e0137b5c/window/maximize'
2023-04-27 20:45:11 DEBUG NettyRequestSender:251 ? Using open Channel [id: 0x5a6a6a0b, L:/127.0.0.1:49918 - R:localhost/127.0.0.1:10229] for POST '/session/1bb4f37e16b498b57f370952e0137b5c/window/maximize'
2023-04-27 20:45:11 DEBUG HttpHandler:70 ? 

Request DefaultHttpRequest(decodeResult: success, version: HTTP/1.1)
POST /session/1bb4f37e16b498b57f370952e0137b5c/window/maximize HTTP/1.1
User-Agent: selenium/4.9.0 (java windows)
Content-Length: 3
Content-Type: application/json; charset=utf-8
host: localhost:10229
accept: */*

Response DefaultHttpResponse(decodeResult: success, version: HTTP/1.1)
HTTP/1.1 200 OK
Content-Length: 52
Content-Type: application/json; charset=utf-8
cache-control: no-cache

2023-04-27 20:45:11 DEBUG ChannelManager:270 ? Adding key: http://localhost:10229 for channel [id: 0x5a6a6a0b, L:/127.0.0.1:49918 - R:localhost/127.0.0.1:10229]
2023-04-27 20:45:11 DEBUG NettyRequestSender:593 ? Using pooled Channel '[id: 0x5a6a6a0b, L:/127.0.0.1:49918 - R:localhost/127.0.0.1:10229]' for 'POST' to 'http://localhost:10229/session/1bb4f37e16b498b57f370952e0137b5c/timeouts'
2023-04-27 20:45:11 DEBUG NettyRequestSender:251 ? Using open Channel [id: 0x5a6a6a0b, L:/127.0.0.1:49918 - R:localhost/127.0.0.1:10229] for POST '/session/1bb4f37e16b498b57f370952e0137b5c/timeouts'
2023-04-27 20:45:11 DEBUG HttpHandler:70 ? 

Request DefaultHttpRequest(decodeResult: success, version: HTTP/1.1)
POST /session/1bb4f37e16b498b57f370952e0137b5c/timeouts HTTP/1.1
User-Agent: selenium/4.9.0 (java windows)
Content-Length: 23
Content-Type: application/json; charset=utf-8
host: localhost:10229
accept: */*

Response DefaultHttpResponse(decodeResult: success, version: HTTP/1.1)
HTTP/1.1 200 OK
Content-Length: 14
Content-Type: application/json; charset=utf-8
cache-control: no-cache

2023-04-27 20:45:11 DEBUG ChannelManager:270 ? Adding key: http://localhost:10229 for channel [id: 0x5a6a6a0b, L:/127.0.0.1:49918 - R:localhost/127.0.0.1:10229]
2023-04-27 20:45:11 DEBUG NettyRequestSender:593 ? Using pooled Channel '[id: 0x5a6a6a0b, L:/127.0.0.1:49918 - R:localhost/127.0.0.1:10229]' for 'POST' to 'http://localhost:10229/session/1bb4f37e16b498b57f370952e0137b5c/url'
2023-04-27 20:45:11 DEBUG NettyRequestSender:251 ? Using open Channel [id: 0x5a6a6a0b, L:/127.0.0.1:49918 - R:localhost/127.0.0.1:10229] for POST '/session/1bb4f37e16b498b57f370952e0137b5c/url'
2023-04-27 20:45:12 DEBUG DefaultChannelPool:348 ? Entry count for : http://localhost:49923 : 1
2023-04-27 20:45:12 DEBUG HttpHandler:70 ? 

Request DefaultHttpRequest(decodeResult: success, version: HTTP/1.1)
POST /session/1bb4f37e16b498b57f370952e0137b5c/url HTTP/1.1
User-Agent: selenium/4.9.0 (java windows)
Content-Length: 67
Content-Type: application/json; charset=utf-8
host: localhost:10229
accept: */*

Response DefaultHttpResponse(decodeResult: success, version: HTTP/1.1)
HTTP/1.1 200 OK
Content-Length: 14
Content-Type: application/json; charset=utf-8
cache-control: no-cache

2023-04-27 20:45:12 DEBUG ChannelManager:270 ? Adding key: http://localhost:10229 for channel [id: 0x5a6a6a0b, L:/127.0.0.1:49918 - R:localhost/127.0.0.1:10229]
2023-04-27 20:45:12 DEBUG NettyRequestSender:593 ? Using pooled Channel '[id: 0x5a6a6a0b, L:/127.0.0.1:49918 - R:localhost/127.0.0.1:10229]' for 'POST' to 'http://localhost:10229/session/1bb4f37e16b498b57f370952e0137b5c/element'
2023-04-27 20:45:12 DEBUG NettyRequestSender:251 ? Using open Channel [id: 0x5a6a6a0b, L:/127.0.0.1:49918 - R:localhost/127.0.0.1:10229] for POST '/session/1bb4f37e16b498b57f370952e0137b5c/element'
2023-04-27 20:45:12 DEBUG HttpHandler:70 ? 

Request DefaultHttpRequest(decodeResult: success, version: HTTP/1.1)
POST /session/1bb4f37e16b498b57f370952e0137b5c/element HTTP/1.1
User-Agent: selenium/4.9.0 (java windows)
Content-Length: 53
Content-Type: application/json; charset=utf-8
host: localhost:10229
accept: */*

Response DefaultHttpResponse(decodeResult: success, version: HTTP/1.1)
HTTP/1.1 200 OK
Content-Length: 88
Content-Type: application/json; charset=utf-8
cache-control: no-cache

2023-04-27 20:45:12 DEBUG ChannelManager:270 ? Adding key: http://localhost:10229 for channel [id: 0x5a6a6a0b, L:/127.0.0.1:49918 - R:localhost/127.0.0.1:10229]
2023-04-27 20:45:12 DEBUG NettyRequestSender:593 ? Using pooled Channel '[id: 0x5a6a6a0b, L:/127.0.0.1:49918 - R:localhost/127.0.0.1:10229]' for 'POST' to 'http://localhost:10229/session/1bb4f37e16b498b57f370952e0137b5c/execute/sync'
2023-04-27 20:45:12 DEBUG NettyRequestSender:251 ? Using open Channel [id: 0x5a6a6a0b, L:/127.0.0.1:49918 - R:localhost/127.0.0.1:10229] for POST '/session/1bb4f37e16b498b57f370952e0137b5c/execute/sync'
2023-04-27 20:45:12 DEBUG HttpHandler:70 ? 

Request DefaultHttpRequest(decodeResult: success, version: HTTP/1.1)
POST /session/1bb4f37e16b498b57f370952e0137b5c/execute/sync HTTP/1.1
User-Agent: selenium/4.9.0 (java windows)
Content-Length: 48807
Content-Type: application/json; charset=utf-8
host: localhost:10229
accept: */*

Response DefaultHttpResponse(decodeResult: success, version: HTTP/1.1)
HTTP/1.1 200 OK
Content-Length: 14
Content-Type: application/json; charset=utf-8
cache-control: no-cache

2023-04-27 20:45:12 DEBUG ChannelManager:270 ? Adding key: http://localhost:10229 for channel [id: 0x5a6a6a0b, L:/127.0.0.1:49918 - R:localhost/127.0.0.1:10229]
2023-04-27 20:45:12 DEBUG NettyRequestSender:593 ? Using pooled Channel '[id: 0x5a6a6a0b, L:/127.0.0.1:49918 - R:localhost/127.0.0.1:10229]' for 'POST' to 'http://localhost:10229/session/1bb4f37e16b498b57f370952e0137b5c/element'
2023-04-27 20:45:12 DEBUG NettyRequestSender:251 ? Using open Channel [id: 0x5a6a6a0b, L:/127.0.0.1:49918 - R:localhost/127.0.0.1:10229] for POST '/session/1bb4f37e16b498b57f370952e0137b5c/element'
2023-04-27 20:45:12 DEBUG HttpHandler:70 ? 

Request DefaultHttpRequest(decodeResult: success, version: HTTP/1.1)
POST /session/1bb4f37e16b498b57f370952e0137b5c/element HTTP/1.1
User-Agent: selenium/4.9.0 (java windows)
Content-Length: 54
Content-Type: application/json; charset=utf-8
host: localhost:10229
accept: */*

Response DefaultHttpResponse(decodeResult: success, version: HTTP/1.1)
HTTP/1.1 200 OK
Content-Length: 88
Content-Type: application/json; charset=utf-8
cache-control: no-cache

2023-04-27 20:45:12 DEBUG ChannelManager:270 ? Adding key: http://localhost:10229 for channel [id: 0x5a6a6a0b, L:/127.0.0.1:49918 - R:localhost/127.0.0.1:10229]
2023-04-27 20:45:12 DEBUG NettyRequestSender:593 ? Using pooled Channel '[id: 0x5a6a6a0b, L:/127.0.0.1:49918 - R:localhost/127.0.0.1:10229]' for 'POST' to 'http://localhost:10229/session/1bb4f37e16b498b57f370952e0137b5c/execute/sync'
2023-04-27 20:45:12 DEBUG NettyRequestSender:251 ? Using open Channel [id: 0x5a6a6a0b, L:/127.0.0.1:49918 - R:localhost/127.0.0.1:10229] for POST '/session/1bb4f37e16b498b57f370952e0137b5c/execute/sync'
2023-04-27 20:45:12 DEBUG HttpHandler:70 ? 

Request DefaultHttpRequest(decodeResult: success, version: HTTP/1.1)
POST /session/1bb4f37e16b498b57f370952e0137b5c/execute/sync HTTP/1.1
User-Agent: selenium/4.9.0 (java windows)
Content-Length: 48807
Content-Type: application/json; charset=utf-8
host: localhost:10229
accept: */*

Response DefaultHttpResponse(decodeResult: success, version: HTTP/1.1)
HTTP/1.1 200 OK
Content-Length: 14
Content-Type: application/json; charset=utf-8
cache-control: no-cache

2023-04-27 20:45:12 DEBUG ChannelManager:270 ? Adding key: http://localhost:10229 for channel [id: 0x5a6a6a0b, L:/127.0.0.1:49918 - R:localhost/127.0.0.1:10229]
2023-04-27 20:45:12 DEBUG NettyRequestSender:593 ? Using pooled Channel '[id: 0x5a6a6a0b, L:/127.0.0.1:49918 - R:localhost/127.0.0.1:10229]' for 'POST' to 'http://localhost:10229/session/1bb4f37e16b498b57f370952e0137b5c/element'
2023-04-27 20:45:12 DEBUG NettyRequestSender:251 ? Using open Channel [id: 0x5a6a6a0b, L:/127.0.0.1:49918 - R:localhost/127.0.0.1:10229] for POST '/session/1bb4f37e16b498b57f370952e0137b5c/element'
2023-04-27 20:45:12 DEBUG HttpHandler:70 ? 

Request DefaultHttpRequest(decodeResult: success, version: HTTP/1.1)
POST /session/1bb4f37e16b498b57f370952e0137b5c/element HTTP/1.1
User-Agent: selenium/4.9.0 (java windows)
Content-Length: 53
Content-Type: application/json; charset=utf-8
host: localhost:10229
accept: */*

Response DefaultHttpResponse(decodeResult: success, version: HTTP/1.1)
HTTP/1.1 200 OK
Content-Length: 88
Content-Type: application/json; charset=utf-8
cache-control: no-cache

2023-04-27 20:45:12 DEBUG ChannelManager:270 ? Adding key: http://localhost:10229 for channel [id: 0x5a6a6a0b, L:/127.0.0.1:49918 - R:localhost/127.0.0.1:10229]
2023-04-27 20:45:12 DEBUG NettyRequestSender:593 ? Using pooled Channel '[id: 0x5a6a6a0b, L:/127.0.0.1:49918 - R:localhost/127.0.0.1:10229]' for 'POST' to 'http://localhost:10229/session/1bb4f37e16b498b57f370952e0137b5c/execute/sync'
2023-04-27 20:45:12 DEBUG NettyRequestSender:251 ? Using open Channel [id: 0x5a6a6a0b, L:/127.0.0.1:49918 - R:localhost/127.0.0.1:10229] for POST '/session/1bb4f37e16b498b57f370952e0137b5c/execute/sync'
2023-04-27 20:45:12 DEBUG HttpHandler:70 ? 

Request DefaultHttpRequest(decodeResult: success, version: HTTP/1.1)
POST /session/1bb4f37e16b498b57f370952e0137b5c/execute/sync HTTP/1.1
User-Agent: selenium/4.9.0 (java windows)
Content-Length: 48807
Content-Type: application/json; charset=utf-8
host: localhost:10229
accept: */*

Response DefaultHttpResponse(decodeResult: success, version: HTTP/1.1)
HTTP/1.1 200 OK
Content-Length: 14
Content-Type: application/json; charset=utf-8
cache-control: no-cache

2023-04-27 20:45:12 DEBUG ChannelManager:270 ? Adding key: http://localhost:10229 for channel [id: 0x5a6a6a0b, L:/127.0.0.1:49918 - R:localhost/127.0.0.1:10229]
2023-04-27 20:45:12 DEBUG NettyRequestSender:593 ? Using pooled Channel '[id: 0x5a6a6a0b, L:/127.0.0.1:49918 - R:localhost/127.0.0.1:10229]' for 'POST' to 'http://localhost:10229/session/1bb4f37e16b498b57f370952e0137b5c/element'
2023-04-27 20:45:12 DEBUG NettyRequestSender:251 ? Using open Channel [id: 0x5a6a6a0b, L:/127.0.0.1:49918 - R:localhost/127.0.0.1:10229] for POST '/session/1bb4f37e16b498b57f370952e0137b5c/element'
2023-04-27 20:45:12 DEBUG HttpHandler:70 ? 

Request DefaultHttpRequest(decodeResult: success, version: HTTP/1.1)
POST /session/1bb4f37e16b498b57f370952e0137b5c/element HTTP/1.1
User-Agent: selenium/4.9.0 (java windows)
Content-Length: 53
Content-Type: application/json; charset=utf-8
host: localhost:10229
accept: */*

Response DefaultHttpResponse(decodeResult: success, version: HTTP/1.1)
HTTP/1.1 200 OK
Content-Length: 88
Content-Type: application/json; charset=utf-8
cache-control: no-cache

2023-04-27 20:45:12 DEBUG ChannelManager:270 ? Adding key: http://localhost:10229 for channel [id: 0x5a6a6a0b, L:/127.0.0.1:49918 - R:localhost/127.0.0.1:10229]
2023-04-27 20:45:12 DEBUG NettyRequestSender:593 ? Using pooled Channel '[id: 0x5a6a6a0b, L:/127.0.0.1:49918 - R:localhost/127.0.0.1:10229]' for 'POST' to 'http://localhost:10229/session/1bb4f37e16b498b57f370952e0137b5c/execute/sync'
2023-04-27 20:45:12 DEBUG NettyRequestSender:251 ? Using open Channel [id: 0x5a6a6a0b, L:/127.0.0.1:49918 - R:localhost/127.0.0.1:10229] for POST '/session/1bb4f37e16b498b57f370952e0137b5c/execute/sync'
2023-04-27 20:45:12 DEBUG HttpHandler:70 ? 

Request DefaultHttpRequest(decodeResult: success, version: HTTP/1.1)
POST /session/1bb4f37e16b498b57f370952e0137b5c/execute/sync HTTP/1.1
User-Agent: selenium/4.9.0 (java windows)
Content-Length: 48807
Content-Type: application/json; charset=utf-8
host: localhost:10229
accept: */*

Response DefaultHttpResponse(decodeResult: success, version: HTTP/1.1)
HTTP/1.1 200 OK
Content-Length: 14
Content-Type: application/json; charset=utf-8
cache-control: no-cache

2023-04-27 20:45:12 DEBUG ChannelManager:270 ? Adding key: http://localhost:10229 for channel [id: 0x5a6a6a0b, L:/127.0.0.1:49918 - R:localhost/127.0.0.1:10229]
2023-04-27 20:45:12 DEBUG NettyRequestSender:593 ? Using pooled Channel '[id: 0x5a6a6a0b, L:/127.0.0.1:49918 - R:localhost/127.0.0.1:10229]' for 'POST' to 'http://localhost:10229/session/1bb4f37e16b498b57f370952e0137b5c/element'
2023-04-27 20:45:12 DEBUG NettyRequestSender:251 ? Using open Channel [id: 0x5a6a6a0b, L:/127.0.0.1:49918 - R:localhost/127.0.0.1:10229] for POST '/session/1bb4f37e16b498b57f370952e0137b5c/element'
2023-04-27 20:45:12 DEBUG HttpHandler:70 ? 

Request DefaultHttpRequest(decodeResult: success, version: HTTP/1.1)
POST /session/1bb4f37e16b498b57f370952e0137b5c/element HTTP/1.1
User-Agent: selenium/4.9.0 (java windows)
Content-Length: 60
Content-Type: application/json; charset=utf-8
host: localhost:10229
accept: */*

Response DefaultHttpResponse(decodeResult: success, version: HTTP/1.1)
HTTP/1.1 200 OK
Content-Length: 88
Content-Type: application/json; charset=utf-8
cache-control: no-cache

2023-04-27 20:45:12 DEBUG ChannelManager:270 ? Adding key: http://localhost:10229 for channel [id: 0x5a6a6a0b, L:/127.0.0.1:49918 - R:localhost/127.0.0.1:10229]
2023-04-27 20:45:12 DEBUG NettyRequestSender:593 ? Using pooled Channel '[id: 0x5a6a6a0b, L:/127.0.0.1:49918 - R:localhost/127.0.0.1:10229]' for 'POST' to 'http://localhost:10229/session/1bb4f37e16b498b57f370952e0137b5c/execute/sync'
2023-04-27 20:45:12 DEBUG NettyRequestSender:251 ? Using open Channel [id: 0x5a6a6a0b, L:/127.0.0.1:49918 - R:localhost/127.0.0.1:10229] for POST '/session/1bb4f37e16b498b57f370952e0137b5c/execute/sync'
2023-04-27 20:45:12 DEBUG HttpHandler:70 ? 

Request DefaultHttpRequest(decodeResult: success, version: HTTP/1.1)
POST /session/1bb4f37e16b498b57f370952e0137b5c/execute/sync HTTP/1.1
User-Agent: selenium/4.9.0 (java windows)
Content-Length: 48807
Content-Type: application/json; charset=utf-8
host: localhost:10229
accept: */*

Response DefaultHttpResponse(decodeResult: success, version: HTTP/1.1)
HTTP/1.1 200 OK
Content-Length: 14
Content-Type: application/json; charset=utf-8
cache-control: no-cache

2023-04-27 20:45:12 DEBUG ChannelManager:270 ? Adding key: http://localhost:10229 for channel [id: 0x5a6a6a0b, L:/127.0.0.1:49918 - R:localhost/127.0.0.1:10229]
2023-04-27 20:45:12 DEBUG NettyRequestSender:593 ? Using pooled Channel '[id: 0x5a6a6a0b, L:/127.0.0.1:49918 - R:localhost/127.0.0.1:10229]' for 'POST' to 'http://localhost:10229/session/1bb4f37e16b498b57f370952e0137b5c/element'
2023-04-27 20:45:12 DEBUG NettyRequestSender:251 ? Using open Channel [id: 0x5a6a6a0b, L:/127.0.0.1:49918 - R:localhost/127.0.0.1:10229] for POST '/session/1bb4f37e16b498b57f370952e0137b5c/element'
2023-04-27 20:45:12 DEBUG HttpHandler:70 ? 

Request DefaultHttpRequest(decodeResult: success, version: HTTP/1.1)
POST /session/1bb4f37e16b498b57f370952e0137b5c/element HTTP/1.1
User-Agent: selenium/4.9.0 (java windows)
Content-Length: 53
Content-Type: application/json; charset=utf-8
host: localhost:10229
accept: */*

Response DefaultHttpResponse(decodeResult: success, version: HTTP/1.1)
HTTP/1.1 200 OK
Content-Length: 88
Content-Type: application/json; charset=utf-8
cache-control: no-cache

2023-04-27 20:45:12 DEBUG ChannelManager:270 ? Adding key: http://localhost:10229 for channel [id: 0x5a6a6a0b, L:/127.0.0.1:49918 - R:localhost/127.0.0.1:10229]
2023-04-27 20:45:12 DEBUG NettyRequestSender:593 ? Using pooled Channel '[id: 0x5a6a6a0b, L:/127.0.0.1:49918 - R:localhost/127.0.0.1:10229]' for 'POST' to 'http://localhost:10229/session/1bb4f37e16b498b57f370952e0137b5c/actions'
2023-04-27 20:45:12 DEBUG NettyRequestSender:251 ? Using open Channel [id: 0x5a6a6a0b, L:/127.0.0.1:49918 - R:localhost/127.0.0.1:10229] for POST '/session/1bb4f37e16b498b57f370952e0137b5c/actions'
2023-04-27 20:45:13 DEBUG HttpHandler:70 ? 

Request DefaultHttpRequest(decodeResult: success, version: HTTP/1.1)
POST /session/1bb4f37e16b498b57f370952e0137b5c/actions HTTP/1.1
User-Agent: selenium/4.9.0 (java windows)
Content-Length: 567
Content-Type: application/json; charset=utf-8
host: localhost:10229
accept: */*

Response DefaultHttpResponse(decodeResult: success, version: HTTP/1.1)
HTTP/1.1 200 OK
Content-Length: 14
Content-Type: application/json; charset=utf-8
cache-control: no-cache

2023-04-27 20:45:13 DEBUG ChannelManager:270 ? Adding key: http://localhost:10229 for channel [id: 0x5a6a6a0b, L:/127.0.0.1:49918 - R:localhost/127.0.0.1:10229]
2023-04-27 20:45:13 DEBUG NettyRequestSender:593 ? Using pooled Channel '[id: 0x5a6a6a0b, L:/127.0.0.1:49918 - R:localhost/127.0.0.1:10229]' for 'POST' to 'http://localhost:10229/session/1bb4f37e16b498b57f370952e0137b5c/element'
2023-04-27 20:45:13 DEBUG NettyRequestSender:251 ? Using open Channel [id: 0x5a6a6a0b, L:/127.0.0.1:49918 - R:localhost/127.0.0.1:10229] for POST '/session/1bb4f37e16b498b57f370952e0137b5c/element'
2023-04-27 20:45:13 DEBUG HttpHandler:70 ? 

Request DefaultHttpRequest(decodeResult: success, version: HTTP/1.1)
POST /session/1bb4f37e16b498b57f370952e0137b5c/element HTTP/1.1
User-Agent: selenium/4.9.0 (java windows)
Content-Length: 54
Content-Type: application/json; charset=utf-8
host: localhost:10229
accept: */*

Response DefaultHttpResponse(decodeResult: success, version: HTTP/1.1)
HTTP/1.1 200 OK
Content-Length: 88
Content-Type: application/json; charset=utf-8
cache-control: no-cache

2023-04-27 20:45:13 DEBUG ChannelManager:270 ? Adding key: http://localhost:10229 for channel [id: 0x5a6a6a0b, L:/127.0.0.1:49918 - R:localhost/127.0.0.1:10229]
2023-04-27 20:45:13 DEBUG NettyRequestSender:593 ? Using pooled Channel '[id: 0x5a6a6a0b, L:/127.0.0.1:49918 - R:localhost/127.0.0.1:10229]' for 'POST' to 'http://localhost:10229/session/1bb4f37e16b498b57f370952e0137b5c/actions'
2023-04-27 20:45:13 DEBUG NettyRequestSender:251 ? Using open Channel [id: 0x5a6a6a0b, L:/127.0.0.1:49918 - R:localhost/127.0.0.1:10229] for POST '/session/1bb4f37e16b498b57f370952e0137b5c/actions'
2023-04-27 20:45:13 DEBUG DefaultChannelPool:348 ? Entry count for : http://localhost:49923 : 1
2023-04-27 20:45:13 DEBUG HttpHandler:70 ? 

Request DefaultHttpRequest(decodeResult: success, version: HTTP/1.1)
POST /session/1bb4f37e16b498b57f370952e0137b5c/actions HTTP/1.1
User-Agent: selenium/4.9.0 (java windows)
Content-Length: 567
Content-Type: application/json; charset=utf-8
host: localhost:10229
accept: */*

Response DefaultHttpResponse(decodeResult: success, version: HTTP/1.1)
HTTP/1.1 200 OK
Content-Length: 14
Content-Type: application/json; charset=utf-8
cache-control: no-cache

2023-04-27 20:45:13 DEBUG ChannelManager:270 ? Adding key: http://localhost:10229 for channel [id: 0x5a6a6a0b, L:/127.0.0.1:49918 - R:localhost/127.0.0.1:10229]
2023-04-27 20:45:13 DEBUG NettyRequestSender:593 ? Using pooled Channel '[id: 0x5a6a6a0b, L:/127.0.0.1:49918 - R:localhost/127.0.0.1:10229]' for 'POST' to 'http://localhost:10229/session/1bb4f37e16b498b57f370952e0137b5c/element'
2023-04-27 20:45:13 DEBUG NettyRequestSender:251 ? Using open Channel [id: 0x5a6a6a0b, L:/127.0.0.1:49918 - R:localhost/127.0.0.1:10229] for POST '/session/1bb4f37e16b498b57f370952e0137b5c/element'
2023-04-27 20:45:13 DEBUG HttpHandler:70 ? 

Request DefaultHttpRequest(decodeResult: success, version: HTTP/1.1)
POST /session/1bb4f37e16b498b57f370952e0137b5c/element HTTP/1.1
User-Agent: selenium/4.9.0 (java windows)
Content-Length: 53
Content-Type: application/json; charset=utf-8
host: localhost:10229
accept: */*

Response DefaultHttpResponse(decodeResult: success, version: HTTP/1.1)
HTTP/1.1 200 OK
Content-Length: 88
Content-Type: application/json; charset=utf-8
cache-control: no-cache

2023-04-27 20:45:13 DEBUG ChannelManager:270 ? Adding key: http://localhost:10229 for channel [id: 0x5a6a6a0b, L:/127.0.0.1:49918 - R:localhost/127.0.0.1:10229]
2023-04-27 20:45:13 DEBUG NettyRequestSender:593 ? Using pooled Channel '[id: 0x5a6a6a0b, L:/127.0.0.1:49918 - R:localhost/127.0.0.1:10229]' for 'POST' to 'http://localhost:10229/session/1bb4f37e16b498b57f370952e0137b5c/actions'
2023-04-27 20:45:13 DEBUG NettyRequestSender:251 ? Using open Channel [id: 0x5a6a6a0b, L:/127.0.0.1:49918 - R:localhost/127.0.0.1:10229] for POST '/session/1bb4f37e16b498b57f370952e0137b5c/actions'
2023-04-27 20:45:13 DEBUG HttpHandler:70 ? 

Request DefaultHttpRequest(decodeResult: success, version: HTTP/1.1)
POST /session/1bb4f37e16b498b57f370952e0137b5c/actions HTTP/1.1
User-Agent: selenium/4.9.0 (java windows)
Content-Length: 2603
Content-Type: application/json; charset=utf-8
host: localhost:10229
accept: */*

Response DefaultHttpResponse(decodeResult: success, version: HTTP/1.1)
HTTP/1.1 200 OK
Content-Length: 14
Content-Type: application/json; charset=utf-8
cache-control: no-cache

2023-04-27 20:45:13 DEBUG ChannelManager:270 ? Adding key: http://localhost:10229 for channel [id: 0x5a6a6a0b, L:/127.0.0.1:49918 - R:localhost/127.0.0.1:10229]
2023-04-27 20:45:13 DEBUG NettyRequestSender:593 ? Using pooled Channel '[id: 0x5a6a6a0b, L:/127.0.0.1:49918 - R:localhost/127.0.0.1:10229]' for 'POST' to 'http://localhost:10229/session/1bb4f37e16b498b57f370952e0137b5c/element'
2023-04-27 20:45:13 DEBUG NettyRequestSender:251 ? Using open Channel [id: 0x5a6a6a0b, L:/127.0.0.1:49918 - R:localhost/127.0.0.1:10229] for POST '/session/1bb4f37e16b498b57f370952e0137b5c/element'
2023-04-27 20:45:13 DEBUG HttpHandler:70 ? 

Request DefaultHttpRequest(decodeResult: success, version: HTTP/1.1)
POST /session/1bb4f37e16b498b57f370952e0137b5c/element HTTP/1.1
User-Agent: selenium/4.9.0 (java windows)
Content-Length: 53
Content-Type: application/json; charset=utf-8
host: localhost:10229
accept: */*

Response DefaultHttpResponse(decodeResult: success, version: HTTP/1.1)
HTTP/1.1 200 OK
Content-Length: 88
Content-Type: application/json; charset=utf-8
cache-control: no-cache

2023-04-27 20:45:13 DEBUG ChannelManager:270 ? Adding key: http://localhost:10229 for channel [id: 0x5a6a6a0b, L:/127.0.0.1:49918 - R:localhost/127.0.0.1:10229]
2023-04-27 20:45:13 DEBUG NettyRequestSender:593 ? Using pooled Channel '[id: 0x5a6a6a0b, L:/127.0.0.1:49918 - R:localhost/127.0.0.1:10229]' for 'POST' to 'http://localhost:10229/session/1bb4f37e16b498b57f370952e0137b5c/actions'
2023-04-27 20:45:13 DEBUG NettyRequestSender:251 ? Using open Channel [id: 0x5a6a6a0b, L:/127.0.0.1:49918 - R:localhost/127.0.0.1:10229] for POST '/session/1bb4f37e16b498b57f370952e0137b5c/actions'
2023-04-27 20:45:13 DEBUG HttpHandler:70 ? 

Request DefaultHttpRequest(decodeResult: success, version: HTTP/1.1)
POST /session/1bb4f37e16b498b57f370952e0137b5c/actions HTTP/1.1
User-Agent: selenium/4.9.0 (java windows)
Content-Length: 2603
Content-Type: application/json; charset=utf-8
host: localhost:10229
accept: */*

Response DefaultHttpResponse(decodeResult: success, version: HTTP/1.1)
HTTP/1.1 200 OK
Content-Length: 14
Content-Type: application/json; charset=utf-8
cache-control: no-cache

2023-04-27 20:45:13 DEBUG ChannelManager:270 ? Adding key: http://localhost:10229 for channel [id: 0x5a6a6a0b, L:/127.0.0.1:49918 - R:localhost/127.0.0.1:10229]
2023-04-27 20:45:13 DEBUG NettyRequestSender:593 ? Using pooled Channel '[id: 0x5a6a6a0b, L:/127.0.0.1:49918 - R:localhost/127.0.0.1:10229]' for 'POST' to 'http://localhost:10229/session/1bb4f37e16b498b57f370952e0137b5c/element'
2023-04-27 20:45:13 DEBUG NettyRequestSender:251 ? Using open Channel [id: 0x5a6a6a0b, L:/127.0.0.1:49918 - R:localhost/127.0.0.1:10229] for POST '/session/1bb4f37e16b498b57f370952e0137b5c/element'
2023-04-27 20:45:13 DEBUG HttpHandler:70 ? 

Request DefaultHttpRequest(decodeResult: success, version: HTTP/1.1)
POST /session/1bb4f37e16b498b57f370952e0137b5c/element HTTP/1.1
User-Agent: selenium/4.9.0 (java windows)
Content-Length: 60
Content-Type: application/json; charset=utf-8
host: localhost:10229
accept: */*

Response DefaultHttpResponse(decodeResult: success, version: HTTP/1.1)
HTTP/1.1 200 OK
Content-Length: 88
Content-Type: application/json; charset=utf-8
cache-control: no-cache

2023-04-27 20:45:13 DEBUG ChannelManager:270 ? Adding key: http://localhost:10229 for channel [id: 0x5a6a6a0b, L:/127.0.0.1:49918 - R:localhost/127.0.0.1:10229]
2023-04-27 20:45:13 DEBUG NettyRequestSender:593 ? Using pooled Channel '[id: 0x5a6a6a0b, L:/127.0.0.1:49918 - R:localhost/127.0.0.1:10229]' for 'POST' to 'http://localhost:10229/session/1bb4f37e16b498b57f370952e0137b5c/actions'
2023-04-27 20:45:13 DEBUG NettyRequestSender:251 ? Using open Channel [id: 0x5a6a6a0b, L:/127.0.0.1:49918 - R:localhost/127.0.0.1:10229] for POST '/session/1bb4f37e16b498b57f370952e0137b5c/actions'
2023-04-27 20:45:13 DEBUG HttpHandler:70 ? 

Request DefaultHttpRequest(decodeResult: success, version: HTTP/1.1)
POST /session/1bb4f37e16b498b57f370952e0137b5c/actions HTTP/1.1
User-Agent: selenium/4.9.0 (java windows)
Content-Length: 1739
Content-Type: application/json; charset=utf-8
host: localhost:10229
accept: */*

Response DefaultHttpResponse(decodeResult: success, version: HTTP/1.1)
HTTP/1.1 200 OK
Content-Length: 14
Content-Type: application/json; charset=utf-8
cache-control: no-cache

2023-04-27 20:45:13 DEBUG ChannelManager:270 ? Adding key: http://localhost:10229 for channel [id: 0x5a6a6a0b, L:/127.0.0.1:49918 - R:localhost/127.0.0.1:10229]
2023-04-27 20:45:13 DEBUG NettyRequestSender:593 ? Using pooled Channel '[id: 0x5a6a6a0b, L:/127.0.0.1:49918 - R:localhost/127.0.0.1:10229]' for 'POST' to 'http://localhost:10229/session/1bb4f37e16b498b57f370952e0137b5c/element'
2023-04-27 20:45:13 DEBUG NettyRequestSender:251 ? Using open Channel [id: 0x5a6a6a0b, L:/127.0.0.1:49918 - R:localhost/127.0.0.1:10229] for POST '/session/1bb4f37e16b498b57f370952e0137b5c/element'
2023-04-27 20:45:13 DEBUG HttpHandler:70 ? 

Request DefaultHttpRequest(decodeResult: success, version: HTTP/1.1)
POST /session/1bb4f37e16b498b57f370952e0137b5c/element HTTP/1.1
User-Agent: selenium/4.9.0 (java windows)
Content-Length: 74
Content-Type: application/json; charset=utf-8
host: localhost:10229
accept: */*

Response DefaultHttpResponse(decodeResult: success, version: HTTP/1.1)
HTTP/1.1 200 OK
Content-Length: 88
Content-Type: application/json; charset=utf-8
cache-control: no-cache

2023-04-27 20:45:13 DEBUG ChannelManager:270 ? Adding key: http://localhost:10229 for channel [id: 0x5a6a6a0b, L:/127.0.0.1:49918 - R:localhost/127.0.0.1:10229]
2023-04-27 20:45:13 DEBUG NettyRequestSender:593 ? Using pooled Channel '[id: 0x5a6a6a0b, L:/127.0.0.1:49918 - R:localhost/127.0.0.1:10229]' for 'GET' to 'http://localhost:10229/session/1bb4f37e16b498b57f370952e0137b5c/element/77729f76-67b0-4635-af59-79104d254b9a/enabled'
2023-04-27 20:45:13 DEBUG NettyRequestSender:251 ? Using open Channel [id: 0x5a6a6a0b, L:/127.0.0.1:49918 - R:localhost/127.0.0.1:10229] for GET '/session/1bb4f37e16b498b57f370952e0137b5c/element/77729f76-67b0-4635-af59-79104d254b9a/enabled'
2023-04-27 20:45:13 DEBUG HttpHandler:70 ? 

Request DefaultFullHttpRequest(decodeResult: success, version: HTTP/1.1, content: EmptyByteBufBE)
GET /session/1bb4f37e16b498b57f370952e0137b5c/element/77729f76-67b0-4635-af59-79104d254b9a/enabled HTTP/1.1
User-Agent: selenium/4.9.0 (java windows)
Cache-Control: no-cache
Content-Type: application/json; charset=utf-8
host: localhost:10229
accept: */*

Response DefaultHttpResponse(decodeResult: success, version: HTTP/1.1)
HTTP/1.1 200 OK
Content-Length: 15
Content-Type: application/json; charset=utf-8
cache-control: no-cache

2023-04-27 20:45:13 DEBUG ChannelManager:270 ? Adding key: http://localhost:10229 for channel [id: 0x5a6a6a0b, L:/127.0.0.1:49918 - R:localhost/127.0.0.1:10229]
2023-04-27 20:45:51 DEBUG InternalLoggerFactory:63 ? Using SLF4J as the default logging framework
2023-04-27 20:45:51 DEBUG ResourceLeakDetector:129 ? -Dio.netty.leakDetection.level: simple
2023-04-27 20:45:51 DEBUG ResourceLeakDetector:130 ? -Dio.netty.leakDetection.targetRecords: 4
2023-04-27 20:45:51 DEBUG ResourceLeakDetectorFactory:196 ? Loaded default ResourceLeakDetector: io.netty.util.ResourceLeakDetector@27a5328c
2023-04-27 20:45:51 DEBUG PlatformDependent0:496 ? -Dio.netty.noUnsafe: false
2023-04-27 20:45:51 DEBUG PlatformDependent0:1000 ? Java version: 19
2023-04-27 20:45:51 DEBUG PlatformDependent0:137 ? sun.misc.Unsafe.theUnsafe: available
2023-04-27 20:45:51 DEBUG PlatformDependent0:161 ? sun.misc.Unsafe.copyMemory: available
2023-04-27 20:45:51 DEBUG PlatformDependent0:193 ? sun.misc.Unsafe.storeFence: available
2023-04-27 20:45:51 DEBUG PlatformDependent0:236 ? java.nio.Buffer.address: available
2023-04-27 20:45:51 DEBUG PlatformDependent0:320 ? direct buffer constructor: unavailable: Reflective setAccessible(true) disabled
2023-04-27 20:45:51 DEBUG PlatformDependent0:385 ? java.nio.Bits.unaligned: available, true
2023-04-27 20:45:51 DEBUG PlatformDependent0:452 ? jdk.internal.misc.Unsafe.allocateUninitializedArray(int): unavailable: class io.netty.util.internal.PlatformDependent0$7 cannot access class jdk.internal.misc.Unsafe (in module java.base) because module java.base does not export jdk.internal.misc to unnamed module @5679c6c6
2023-04-27 20:45:51 DEBUG PlatformDependent0:482 ? java.nio.DirectByteBuffer.<init>(long, int): unavailable
2023-04-27 20:45:51 DEBUG PlatformDependent:1159 ? sun.misc.Unsafe: available
2023-04-27 20:45:51 DEBUG PlatformDependent:1270 ? maxDirectMemory: 5339348992 bytes (maybe)
2023-04-27 20:45:51 DEBUG PlatformDependent:1289 ? -Dio.netty.tmpdir: C:\Users\rohit\AppData\Local\Temp (java.io.tmpdir)
2023-04-27 20:45:51 DEBUG PlatformDependent:1368 ? -Dio.netty.bitMode: 64 (sun.arch.data.model)
2023-04-27 20:45:51 DEBUG PlatformDependent:1119 ? Platform: Windows
2023-04-27 20:45:51 DEBUG PlatformDependent:178 ? -Dio.netty.maxDirectMemory: -1 bytes
2023-04-27 20:45:51 DEBUG PlatformDependent:185 ? -Dio.netty.uninitializedArrayAllocationThreshold: -1
2023-04-27 20:45:51 DEBUG CleanerJava9:71 ? java.nio.ByteBuffer.cleaner(): available
2023-04-27 20:45:51 DEBUG PlatformDependent:205 ? -Dio.netty.noPreferDirect: false
2023-04-27 20:45:51 DEBUG PlatformDependent:1010 ? org.jctools-core.MpscChunkedArrayQueue: available
2023-04-27 20:45:51 DEBUG InternalThreadLocalMap:100 ? -Dio.netty.threadLocalMap.stringBuilder.initialSize: 1024
2023-04-27 20:45:51 DEBUG InternalThreadLocalMap:101 ? -Dio.netty.threadLocalMap.stringBuilder.maxSize: 4096
2023-04-27 20:45:51 DEBUG JdkSslContext:83 ? Default protocols (JDK): [TLSv1.3, TLSv1.2] 
2023-04-27 20:45:51 DEBUG JdkSslContext:84 ? Default cipher suites (JDK): [TLS_ECDHE_ECDSA_WITH_AES_256_GCM_SHA384, TLS_ECDHE_ECDSA_WITH_AES_128_GCM_SHA256, TLS_ECDHE_RSA_WITH_AES_128_GCM_SHA256, TLS_ECDHE_RSA_WITH_AES_256_GCM_SHA384, TLS_ECDHE_RSA_WITH_AES_128_CBC_SHA, TLS_ECDHE_RSA_WITH_AES_256_CBC_SHA, TLS_RSA_WITH_AES_128_GCM_SHA256, TLS_RSA_WITH_AES_128_CBC_SHA, TLS_RSA_WITH_AES_256_CBC_SHA, TLS_AES_128_GCM_SHA256, TLS_AES_256_GCM_SHA384]
2023-04-27 20:45:51 DEBUG GlobalEventExecutor:53 ? -Dio.netty.globalEventExecutor.quietPeriodSeconds: 1
2023-04-27 20:45:51 DEBUG MultithreadEventLoopGroup:44 ? -Dio.netty.eventLoopThreads: 16
2023-04-27 20:45:51 DEBUG NioEventLoop:110 ? -Dio.netty.noKeySetOptimization: false
2023-04-27 20:45:51 DEBUG NioEventLoop:111 ? -Dio.netty.selectorAutoRebuildThreshold: 512
2023-04-27 20:45:51 DEBUG PooledByteBufAllocator:157 ? -Dio.netty.allocator.numHeapArenas: 16
2023-04-27 20:45:51 DEBUG PooledByteBufAllocator:158 ? -Dio.netty.allocator.numDirectArenas: 16
2023-04-27 20:45:51 DEBUG PooledByteBufAllocator:160 ? -Dio.netty.allocator.pageSize: 8192
2023-04-27 20:45:51 DEBUG PooledByteBufAllocator:165 ? -Dio.netty.allocator.maxOrder: 9
2023-04-27 20:45:51 DEBUG PooledByteBufAllocator:169 ? -Dio.netty.allocator.chunkSize: 4194304
2023-04-27 20:45:51 DEBUG PooledByteBufAllocator:170 ? -Dio.netty.allocator.smallCacheSize: 256
2023-04-27 20:45:51 DEBUG PooledByteBufAllocator:171 ? -Dio.netty.allocator.normalCacheSize: 64
2023-04-27 20:45:51 DEBUG PooledByteBufAllocator:172 ? -Dio.netty.allocator.maxCachedBufferCapacity: 32768
2023-04-27 20:45:51 DEBUG PooledByteBufAllocator:173 ? -Dio.netty.allocator.cacheTrimInterval: 8192
2023-04-27 20:45:51 DEBUG PooledByteBufAllocator:174 ? -Dio.netty.allocator.cacheTrimIntervalMillis: 0
2023-04-27 20:45:51 DEBUG PooledByteBufAllocator:175 ? -Dio.netty.allocator.useCacheForAllThreads: false
2023-04-27 20:45:51 DEBUG PooledByteBufAllocator:176 ? -Dio.netty.allocator.maxCachedByteBuffersPerChunk: 1023
2023-04-27 20:45:51 DEBUG ByteBufUtil:88 ? -Dio.netty.allocator.type: pooled
2023-04-27 20:45:51 DEBUG ByteBufUtil:97 ? -Dio.netty.threadLocalDirectBufferSize: 0
2023-04-27 20:45:51 DEBUG ByteBufUtil:100 ? -Dio.netty.maxThreadLocalCharBufferSize: 16384
2023-04-27 20:45:52 DEBUG DefaultChannelId:79 ? -Dio.netty.processId: 29532 (auto-detected)
2023-04-27 20:45:52 DEBUG NetUtil:148 ? -Djava.net.preferIPv4Stack: false
2023-04-27 20:45:52 DEBUG NetUtil:149 ? -Djava.net.preferIPv6Addresses: false
2023-04-27 20:45:52 DEBUG NetUtilInitializations:145 ? Loopback interface: lo (Software Loopback Interface 1, 127.0.0.1)
2023-04-27 20:45:52 DEBUG NetUtil:206 ? Failed to get SOMAXCONN from sysctl and file \proc\sys\net\core\somaxconn. Default: 200
2023-04-27 20:45:52 DEBUG DefaultChannelId:101 ? -Dio.netty.machineId: 70:c9:4e:ff:fe:a9:98:9d (auto-detected)
2023-04-27 20:45:52 DEBUG AbstractByteBuf:63 ? -Dio.netty.buffer.checkAccessible: true
2023-04-27 20:45:52 DEBUG AbstractByteBuf:64 ? -Dio.netty.buffer.checkBounds: true
2023-04-27 20:45:52 DEBUG ResourceLeakDetectorFactory:196 ? Loaded default ResourceLeakDetector: io.netty.util.ResourceLeakDetector@695679b0
2023-04-27 20:45:52 DEBUG NettyConnectListener:73 ? Using new Channel '[id: 0x656b194a, L:/127.0.0.1:50060 - R:localhost/127.0.0.1:47198]' for 'POST' to '/session'
2023-04-27 20:45:52 DEBUG Recycler:96 ? -Dio.netty.recycler.maxCapacityPerThread: 4096
2023-04-27 20:45:52 DEBUG Recycler:97 ? -Dio.netty.recycler.ratio: 8
2023-04-27 20:45:52 DEBUG Recycler:98 ? -Dio.netty.recycler.chunkSize: 32
2023-04-27 20:45:52 DEBUG Recycler:99 ? -Dio.netty.recycler.blocking: false
2023-04-27 20:45:52 DEBUG Recycler:100 ? -Dio.netty.recycler.batchFastThreadLocalOnly: true
2023-04-27 20:45:53 DEBUG Brotli:38 ? brotli4j not in the classpath; Brotli support will be unavailable.
2023-04-27 20:45:53 DEBUG HttpHandler:70 ? 

Request DefaultHttpRequest(decodeResult: success, version: HTTP/1.1)
POST /session HTTP/1.1
User-Agent: selenium/4.9.0 (java windows)
Content-Length: 254
Content-Type: application/json; charset=utf-8
host: localhost:47198
accept: */*

Response DefaultHttpResponse(decodeResult: success, version: HTTP/1.1)
HTTP/1.1 200 OK
Content-Length: 859
Content-Type: application/json; charset=utf-8
cache-control: no-cache

2023-04-27 20:45:53 DEBUG ChannelManager:270 ? Adding key: http://localhost:47198 for channel [id: 0x656b194a, L:/127.0.0.1:50060 - R:localhost/127.0.0.1:47198]
2023-04-27 20:45:53 DEBUG NettyConnectListener:73 ? Using new Channel '[id: 0xbd6863e5, L:/127.0.0.1:50086 - R:localhost/127.0.0.1:50065]' for 'GET' to '/json/version'
2023-04-27 20:45:53 DEBUG HttpHandler:70 ? 

Request DefaultFullHttpRequest(decodeResult: success, version: HTTP/1.1, content: EmptyByteBufBE)
GET /json/version HTTP/1.1
User-Agent: selenium/4.9.0 (java windows)
host: localhost:50065
accept: */*

Response DefaultHttpResponse(decodeResult: success, version: HTTP/1.1)
HTTP/1.1 200 OK
Content-Security-Policy: frame-ancestors 'none'
Content-Length: 424
Content-Type: application/json; charset=UTF-8

2023-04-27 20:45:53 DEBUG ChannelManager:270 ? Adding key: http://localhost:50065 for channel [id: 0xbd6863e5, L:/127.0.0.1:50086 - R:localhost/127.0.0.1:50065]
2023-04-27 20:45:53 DEBUG ThreadLocalRandom:214 ? -Dio.netty.initialSeedUniquifier: 0xcc498321d9700eab
2023-04-27 20:45:53 DEBUG DefaultChannelPool:348 ? Entry count for : http://localhost:47198 : 1
2023-04-27 20:45:53 DEBUG DefaultChannelPool:348 ? Entry count for : http://localhost:50065 : 1
2023-04-27 20:45:53 DEBUG NettyConnectListener:73 ? Using new Channel '[id: 0x9cadeeda, L:/127.0.0.1:50087 - R:localhost/127.0.0.1:50065]' for 'GET' to '/devtools/browser/657b804b-2c62-4a1e-8b74-7622fdf13c16'
2023-04-27 20:45:53 DEBUG WebSocketHandler:105 ? 

Request DefaultFullHttpRequest(decodeResult: success, version: HTTP/1.1, content: EmptyByteBufBE)
GET /devtools/browser/657b804b-2c62-4a1e-8b74-7622fdf13c16 HTTP/1.1
upgrade: websocket
connection: upgrade
sec-websocket-key: 2bl003SemlCEAolcV3/seg==
sec-websocket-version: 13
origin: http://localhost:50065
host: localhost:50065
accept: */*
user-agent: AHC/2.1

Response DefaultHttpResponse(decodeResult: success, version: HTTP/1.1)
HTTP/1.1 101 WebSocket Protocol Handshake
Upgrade: WebSocket
Connection: Upgrade
Sec-WebSocket-Accept: s/QzNk7+HR217r7C+2Ya4HpHoWE=

2023-04-27 20:45:54 DEBUG NettyRequestSender:593 ? Using pooled Channel '[id: 0x656b194a, L:/127.0.0.1:50060 - R:localhost/127.0.0.1:47198]' for 'POST' to 'http://localhost:47198/session/f17aeda944460b6a3317cda0cd4b4372/window/maximize'
2023-04-27 20:45:54 DEBUG NettyRequestSender:251 ? Using open Channel [id: 0x656b194a, L:/127.0.0.1:50060 - R:localhost/127.0.0.1:47198] for POST '/session/f17aeda944460b6a3317cda0cd4b4372/window/maximize'
2023-04-27 20:45:54 DEBUG HttpHandler:70 ? 

Request DefaultHttpRequest(decodeResult: success, version: HTTP/1.1)
POST /session/f17aeda944460b6a3317cda0cd4b4372/window/maximize HTTP/1.1
User-Agent: selenium/4.9.0 (java windows)
Content-Length: 3
Content-Type: application/json; charset=utf-8
host: localhost:47198
accept: */*

Response DefaultHttpResponse(decodeResult: success, version: HTTP/1.1)
HTTP/1.1 200 OK
Content-Length: 52
Content-Type: application/json; charset=utf-8
cache-control: no-cache

2023-04-27 20:45:54 DEBUG ChannelManager:270 ? Adding key: http://localhost:47198 for channel [id: 0x656b194a, L:/127.0.0.1:50060 - R:localhost/127.0.0.1:47198]
2023-04-27 20:45:54 DEBUG NettyRequestSender:593 ? Using pooled Channel '[id: 0x656b194a, L:/127.0.0.1:50060 - R:localhost/127.0.0.1:47198]' for 'POST' to 'http://localhost:47198/session/f17aeda944460b6a3317cda0cd4b4372/timeouts'
2023-04-27 20:45:54 DEBUG NettyRequestSender:251 ? Using open Channel [id: 0x656b194a, L:/127.0.0.1:50060 - R:localhost/127.0.0.1:47198] for POST '/session/f17aeda944460b6a3317cda0cd4b4372/timeouts'
2023-04-27 20:45:54 DEBUG HttpHandler:70 ? 

Request DefaultHttpRequest(decodeResult: success, version: HTTP/1.1)
POST /session/f17aeda944460b6a3317cda0cd4b4372/timeouts HTTP/1.1
User-Agent: selenium/4.9.0 (java windows)
Content-Length: 23
Content-Type: application/json; charset=utf-8
host: localhost:47198
accept: */*

Response DefaultHttpResponse(decodeResult: success, version: HTTP/1.1)
HTTP/1.1 200 OK
Content-Length: 14
Content-Type: application/json; charset=utf-8
cache-control: no-cache

2023-04-27 20:45:54 DEBUG ChannelManager:270 ? Adding key: http://localhost:47198 for channel [id: 0x656b194a, L:/127.0.0.1:50060 - R:localhost/127.0.0.1:47198]
2023-04-27 20:45:54 DEBUG NettyRequestSender:593 ? Using pooled Channel '[id: 0x656b194a, L:/127.0.0.1:50060 - R:localhost/127.0.0.1:47198]' for 'POST' to 'http://localhost:47198/session/f17aeda944460b6a3317cda0cd4b4372/url'
2023-04-27 20:45:54 DEBUG NettyRequestSender:251 ? Using open Channel [id: 0x656b194a, L:/127.0.0.1:50060 - R:localhost/127.0.0.1:47198] for POST '/session/f17aeda944460b6a3317cda0cd4b4372/url'
2023-04-27 20:45:54 DEBUG DefaultChannelPool:348 ? Entry count for : http://localhost:50065 : 1
2023-04-27 20:45:55 DEBUG HttpHandler:70 ? 

Request DefaultHttpRequest(decodeResult: success, version: HTTP/1.1)
POST /session/f17aeda944460b6a3317cda0cd4b4372/url HTTP/1.1
User-Agent: selenium/4.9.0 (java windows)
Content-Length: 67
Content-Type: application/json; charset=utf-8
host: localhost:47198
accept: */*

Response DefaultHttpResponse(decodeResult: success, version: HTTP/1.1)
HTTP/1.1 200 OK
Content-Length: 14
Content-Type: application/json; charset=utf-8
cache-control: no-cache

2023-04-27 20:45:55 DEBUG ChannelManager:270 ? Adding key: http://localhost:47198 for channel [id: 0x656b194a, L:/127.0.0.1:50060 - R:localhost/127.0.0.1:47198]
2023-04-27 20:45:55 DEBUG NettyRequestSender:593 ? Using pooled Channel '[id: 0x656b194a, L:/127.0.0.1:50060 - R:localhost/127.0.0.1:47198]' for 'POST' to 'http://localhost:47198/session/f17aeda944460b6a3317cda0cd4b4372/element'
2023-04-27 20:45:55 DEBUG NettyRequestSender:251 ? Using open Channel [id: 0x656b194a, L:/127.0.0.1:50060 - R:localhost/127.0.0.1:47198] for POST '/session/f17aeda944460b6a3317cda0cd4b4372/element'
2023-04-27 20:45:55 DEBUG HttpHandler:70 ? 

Request DefaultHttpRequest(decodeResult: success, version: HTTP/1.1)
POST /session/f17aeda944460b6a3317cda0cd4b4372/element HTTP/1.1
User-Agent: selenium/4.9.0 (java windows)
Content-Length: 53
Content-Type: application/json; charset=utf-8
host: localhost:47198
accept: */*

Response DefaultHttpResponse(decodeResult: success, version: HTTP/1.1)
HTTP/1.1 200 OK
Content-Length: 88
Content-Type: application/json; charset=utf-8
cache-control: no-cache

2023-04-27 20:45:55 DEBUG ChannelManager:270 ? Adding key: http://localhost:47198 for channel [id: 0x656b194a, L:/127.0.0.1:50060 - R:localhost/127.0.0.1:47198]
2023-04-27 20:45:55 DEBUG NettyRequestSender:593 ? Using pooled Channel '[id: 0x656b194a, L:/127.0.0.1:50060 - R:localhost/127.0.0.1:47198]' for 'POST' to 'http://localhost:47198/session/f17aeda944460b6a3317cda0cd4b4372/execute/sync'
2023-04-27 20:45:55 DEBUG NettyRequestSender:251 ? Using open Channel [id: 0x656b194a, L:/127.0.0.1:50060 - R:localhost/127.0.0.1:47198] for POST '/session/f17aeda944460b6a3317cda0cd4b4372/execute/sync'
2023-04-27 20:45:55 DEBUG HttpHandler:70 ? 

Request DefaultHttpRequest(decodeResult: success, version: HTTP/1.1)
POST /session/f17aeda944460b6a3317cda0cd4b4372/execute/sync HTTP/1.1
User-Agent: selenium/4.9.0 (java windows)
Content-Length: 48807
Content-Type: application/json; charset=utf-8
host: localhost:47198
accept: */*

Response DefaultHttpResponse(decodeResult: success, version: HTTP/1.1)
HTTP/1.1 200 OK
Content-Length: 14
Content-Type: application/json; charset=utf-8
cache-control: no-cache

2023-04-27 20:45:55 DEBUG ChannelManager:270 ? Adding key: http://localhost:47198 for channel [id: 0x656b194a, L:/127.0.0.1:50060 - R:localhost/127.0.0.1:47198]
2023-04-27 20:45:55 DEBUG NettyRequestSender:593 ? Using pooled Channel '[id: 0x656b194a, L:/127.0.0.1:50060 - R:localhost/127.0.0.1:47198]' for 'POST' to 'http://localhost:47198/session/f17aeda944460b6a3317cda0cd4b4372/element'
2023-04-27 20:45:55 DEBUG NettyRequestSender:251 ? Using open Channel [id: 0x656b194a, L:/127.0.0.1:50060 - R:localhost/127.0.0.1:47198] for POST '/session/f17aeda944460b6a3317cda0cd4b4372/element'
2023-04-27 20:45:55 DEBUG HttpHandler:70 ? 

Request DefaultHttpRequest(decodeResult: success, version: HTTP/1.1)
POST /session/f17aeda944460b6a3317cda0cd4b4372/element HTTP/1.1
User-Agent: selenium/4.9.0 (java windows)
Content-Length: 54
Content-Type: application/json; charset=utf-8
host: localhost:47198
accept: */*

Response DefaultHttpResponse(decodeResult: success, version: HTTP/1.1)
HTTP/1.1 200 OK
Content-Length: 88
Content-Type: application/json; charset=utf-8
cache-control: no-cache

2023-04-27 20:45:55 DEBUG ChannelManager:270 ? Adding key: http://localhost:47198 for channel [id: 0x656b194a, L:/127.0.0.1:50060 - R:localhost/127.0.0.1:47198]
2023-04-27 20:45:55 DEBUG NettyRequestSender:593 ? Using pooled Channel '[id: 0x656b194a, L:/127.0.0.1:50060 - R:localhost/127.0.0.1:47198]' for 'POST' to 'http://localhost:47198/session/f17aeda944460b6a3317cda0cd4b4372/execute/sync'
2023-04-27 20:45:55 DEBUG NettyRequestSender:251 ? Using open Channel [id: 0x656b194a, L:/127.0.0.1:50060 - R:localhost/127.0.0.1:47198] for POST '/session/f17aeda944460b6a3317cda0cd4b4372/execute/sync'
2023-04-27 20:45:55 DEBUG HttpHandler:70 ? 

Request DefaultHttpRequest(decodeResult: success, version: HTTP/1.1)
POST /session/f17aeda944460b6a3317cda0cd4b4372/execute/sync HTTP/1.1
User-Agent: selenium/4.9.0 (java windows)
Content-Length: 48807
Content-Type: application/json; charset=utf-8
host: localhost:47198
accept: */*

Response DefaultHttpResponse(decodeResult: success, version: HTTP/1.1)
HTTP/1.1 200 OK
Content-Length: 14
Content-Type: application/json; charset=utf-8
cache-control: no-cache

2023-04-27 20:45:55 DEBUG ChannelManager:270 ? Adding key: http://localhost:47198 for channel [id: 0x656b194a, L:/127.0.0.1:50060 - R:localhost/127.0.0.1:47198]
2023-04-27 20:45:55 DEBUG NettyRequestSender:593 ? Using pooled Channel '[id: 0x656b194a, L:/127.0.0.1:50060 - R:localhost/127.0.0.1:47198]' for 'POST' to 'http://localhost:47198/session/f17aeda944460b6a3317cda0cd4b4372/element'
2023-04-27 20:45:55 DEBUG NettyRequestSender:251 ? Using open Channel [id: 0x656b194a, L:/127.0.0.1:50060 - R:localhost/127.0.0.1:47198] for POST '/session/f17aeda944460b6a3317cda0cd4b4372/element'
2023-04-27 20:45:55 DEBUG HttpHandler:70 ? 

Request DefaultHttpRequest(decodeResult: success, version: HTTP/1.1)
POST /session/f17aeda944460b6a3317cda0cd4b4372/element HTTP/1.1
User-Agent: selenium/4.9.0 (java windows)
Content-Length: 53
Content-Type: application/json; charset=utf-8
host: localhost:47198
accept: */*

Response DefaultHttpResponse(decodeResult: success, version: HTTP/1.1)
HTTP/1.1 200 OK
Content-Length: 88
Content-Type: application/json; charset=utf-8
cache-control: no-cache

2023-04-27 20:45:55 DEBUG ChannelManager:270 ? Adding key: http://localhost:47198 for channel [id: 0x656b194a, L:/127.0.0.1:50060 - R:localhost/127.0.0.1:47198]
2023-04-27 20:45:55 DEBUG NettyRequestSender:593 ? Using pooled Channel '[id: 0x656b194a, L:/127.0.0.1:50060 - R:localhost/127.0.0.1:47198]' for 'POST' to 'http://localhost:47198/session/f17aeda944460b6a3317cda0cd4b4372/execute/sync'
2023-04-27 20:45:55 DEBUG NettyRequestSender:251 ? Using open Channel [id: 0x656b194a, L:/127.0.0.1:50060 - R:localhost/127.0.0.1:47198] for POST '/session/f17aeda944460b6a3317cda0cd4b4372/execute/sync'
2023-04-27 20:45:55 DEBUG HttpHandler:70 ? 

Request DefaultHttpRequest(decodeResult: success, version: HTTP/1.1)
POST /session/f17aeda944460b6a3317cda0cd4b4372/execute/sync HTTP/1.1
User-Agent: selenium/4.9.0 (java windows)
Content-Length: 48807
Content-Type: application/json; charset=utf-8
host: localhost:47198
accept: */*

Response DefaultHttpResponse(decodeResult: success, version: HTTP/1.1)
HTTP/1.1 200 OK
Content-Length: 14
Content-Type: application/json; charset=utf-8
cache-control: no-cache

2023-04-27 20:45:55 DEBUG ChannelManager:270 ? Adding key: http://localhost:47198 for channel [id: 0x656b194a, L:/127.0.0.1:50060 - R:localhost/127.0.0.1:47198]
2023-04-27 20:45:55 DEBUG NettyRequestSender:593 ? Using pooled Channel '[id: 0x656b194a, L:/127.0.0.1:50060 - R:localhost/127.0.0.1:47198]' for 'POST' to 'http://localhost:47198/session/f17aeda944460b6a3317cda0cd4b4372/element'
2023-04-27 20:45:55 DEBUG NettyRequestSender:251 ? Using open Channel [id: 0x656b194a, L:/127.0.0.1:50060 - R:localhost/127.0.0.1:47198] for POST '/session/f17aeda944460b6a3317cda0cd4b4372/element'
2023-04-27 20:45:55 DEBUG HttpHandler:70 ? 

Request DefaultHttpRequest(decodeResult: success, version: HTTP/1.1)
POST /session/f17aeda944460b6a3317cda0cd4b4372/element HTTP/1.1
User-Agent: selenium/4.9.0 (java windows)
Content-Length: 53
Content-Type: application/json; charset=utf-8
host: localhost:47198
accept: */*

Response DefaultHttpResponse(decodeResult: success, version: HTTP/1.1)
HTTP/1.1 200 OK
Content-Length: 88
Content-Type: application/json; charset=utf-8
cache-control: no-cache

2023-04-27 20:45:55 DEBUG ChannelManager:270 ? Adding key: http://localhost:47198 for channel [id: 0x656b194a, L:/127.0.0.1:50060 - R:localhost/127.0.0.1:47198]
2023-04-27 20:45:55 DEBUG NettyRequestSender:593 ? Using pooled Channel '[id: 0x656b194a, L:/127.0.0.1:50060 - R:localhost/127.0.0.1:47198]' for 'POST' to 'http://localhost:47198/session/f17aeda944460b6a3317cda0cd4b4372/execute/sync'
2023-04-27 20:45:55 DEBUG NettyRequestSender:251 ? Using open Channel [id: 0x656b194a, L:/127.0.0.1:50060 - R:localhost/127.0.0.1:47198] for POST '/session/f17aeda944460b6a3317cda0cd4b4372/execute/sync'
2023-04-27 20:45:55 DEBUG HttpHandler:70 ? 

Request DefaultHttpRequest(decodeResult: success, version: HTTP/1.1)
POST /session/f17aeda944460b6a3317cda0cd4b4372/execute/sync HTTP/1.1
User-Agent: selenium/4.9.0 (java windows)
Content-Length: 48807
Content-Type: application/json; charset=utf-8
host: localhost:47198
accept: */*

Response DefaultHttpResponse(decodeResult: success, version: HTTP/1.1)
HTTP/1.1 200 OK
Content-Length: 14
Content-Type: application/json; charset=utf-8
cache-control: no-cache

2023-04-27 20:45:55 DEBUG ChannelManager:270 ? Adding key: http://localhost:47198 for channel [id: 0x656b194a, L:/127.0.0.1:50060 - R:localhost/127.0.0.1:47198]
2023-04-27 20:45:55 DEBUG NettyRequestSender:593 ? Using pooled Channel '[id: 0x656b194a, L:/127.0.0.1:50060 - R:localhost/127.0.0.1:47198]' for 'POST' to 'http://localhost:47198/session/f17aeda944460b6a3317cda0cd4b4372/element'
2023-04-27 20:45:55 DEBUG NettyRequestSender:251 ? Using open Channel [id: 0x656b194a, L:/127.0.0.1:50060 - R:localhost/127.0.0.1:47198] for POST '/session/f17aeda944460b6a3317cda0cd4b4372/element'
2023-04-27 20:45:55 DEBUG HttpHandler:70 ? 

Request DefaultHttpRequest(decodeResult: success, version: HTTP/1.1)
POST /session/f17aeda944460b6a3317cda0cd4b4372/element HTTP/1.1
User-Agent: selenium/4.9.0 (java windows)
Content-Length: 60
Content-Type: application/json; charset=utf-8
host: localhost:47198
accept: */*

Response DefaultHttpResponse(decodeResult: success, version: HTTP/1.1)
HTTP/1.1 200 OK
Content-Length: 88
Content-Type: application/json; charset=utf-8
cache-control: no-cache

2023-04-27 20:45:55 DEBUG ChannelManager:270 ? Adding key: http://localhost:47198 for channel [id: 0x656b194a, L:/127.0.0.1:50060 - R:localhost/127.0.0.1:47198]
2023-04-27 20:45:55 DEBUG NettyRequestSender:593 ? Using pooled Channel '[id: 0x656b194a, L:/127.0.0.1:50060 - R:localhost/127.0.0.1:47198]' for 'POST' to 'http://localhost:47198/session/f17aeda944460b6a3317cda0cd4b4372/execute/sync'
2023-04-27 20:45:55 DEBUG NettyRequestSender:251 ? Using open Channel [id: 0x656b194a, L:/127.0.0.1:50060 - R:localhost/127.0.0.1:47198] for POST '/session/f17aeda944460b6a3317cda0cd4b4372/execute/sync'
2023-04-27 20:45:55 DEBUG HttpHandler:70 ? 

Request DefaultHttpRequest(decodeResult: success, version: HTTP/1.1)
POST /session/f17aeda944460b6a3317cda0cd4b4372/execute/sync HTTP/1.1
User-Agent: selenium/4.9.0 (java windows)
Content-Length: 48807
Content-Type: application/json; charset=utf-8
host: localhost:47198
accept: */*

Response DefaultHttpResponse(decodeResult: success, version: HTTP/1.1)
HTTP/1.1 200 OK
Content-Length: 14
Content-Type: application/json; charset=utf-8
cache-control: no-cache

2023-04-27 20:45:55 DEBUG ChannelManager:270 ? Adding key: http://localhost:47198 for channel [id: 0x656b194a, L:/127.0.0.1:50060 - R:localhost/127.0.0.1:47198]
2023-04-27 20:45:55 DEBUG NettyRequestSender:593 ? Using pooled Channel '[id: 0x656b194a, L:/127.0.0.1:50060 - R:localhost/127.0.0.1:47198]' for 'POST' to 'http://localhost:47198/session/f17aeda944460b6a3317cda0cd4b4372/element'
2023-04-27 20:45:55 DEBUG NettyRequestSender:251 ? Using open Channel [id: 0x656b194a, L:/127.0.0.1:50060 - R:localhost/127.0.0.1:47198] for POST '/session/f17aeda944460b6a3317cda0cd4b4372/element'
2023-04-27 20:45:55 DEBUG HttpHandler:70 ? 

Request DefaultHttpRequest(decodeResult: success, version: HTTP/1.1)
POST /session/f17aeda944460b6a3317cda0cd4b4372/element HTTP/1.1
User-Agent: selenium/4.9.0 (java windows)
Content-Length: 53
Content-Type: application/json; charset=utf-8
host: localhost:47198
accept: */*

Response DefaultHttpResponse(decodeResult: success, version: HTTP/1.1)
HTTP/1.1 200 OK
Content-Length: 88
Content-Type: application/json; charset=utf-8
cache-control: no-cache

2023-04-27 20:45:55 DEBUG ChannelManager:270 ? Adding key: http://localhost:47198 for channel [id: 0x656b194a, L:/127.0.0.1:50060 - R:localhost/127.0.0.1:47198]
2023-04-27 20:45:55 DEBUG NettyRequestSender:593 ? Using pooled Channel '[id: 0x656b194a, L:/127.0.0.1:50060 - R:localhost/127.0.0.1:47198]' for 'POST' to 'http://localhost:47198/session/f17aeda944460b6a3317cda0cd4b4372/actions'
2023-04-27 20:45:55 DEBUG NettyRequestSender:251 ? Using open Channel [id: 0x656b194a, L:/127.0.0.1:50060 - R:localhost/127.0.0.1:47198] for POST '/session/f17aeda944460b6a3317cda0cd4b4372/actions'
2023-04-27 20:45:55 DEBUG HttpHandler:70 ? 

Request DefaultHttpRequest(decodeResult: success, version: HTTP/1.1)
POST /session/f17aeda944460b6a3317cda0cd4b4372/actions HTTP/1.1
User-Agent: selenium/4.9.0 (java windows)
Content-Length: 2027
Content-Type: application/json; charset=utf-8
host: localhost:47198
accept: */*

Response DefaultHttpResponse(decodeResult: success, version: HTTP/1.1)
HTTP/1.1 200 OK
Content-Length: 14
Content-Type: application/json; charset=utf-8
cache-control: no-cache

2023-04-27 20:45:55 DEBUG ChannelManager:270 ? Adding key: http://localhost:47198 for channel [id: 0x656b194a, L:/127.0.0.1:50060 - R:localhost/127.0.0.1:47198]
2023-04-27 20:45:55 DEBUG NettyRequestSender:593 ? Using pooled Channel '[id: 0x656b194a, L:/127.0.0.1:50060 - R:localhost/127.0.0.1:47198]' for 'POST' to 'http://localhost:47198/session/f17aeda944460b6a3317cda0cd4b4372/element'
2023-04-27 20:45:55 DEBUG NettyRequestSender:251 ? Using open Channel [id: 0x656b194a, L:/127.0.0.1:50060 - R:localhost/127.0.0.1:47198] for POST '/session/f17aeda944460b6a3317cda0cd4b4372/element'
2023-04-27 20:45:55 DEBUG HttpHandler:70 ? 

Request DefaultHttpRequest(decodeResult: success, version: HTTP/1.1)
POST /session/f17aeda944460b6a3317cda0cd4b4372/element HTTP/1.1
User-Agent: selenium/4.9.0 (java windows)
Content-Length: 54
Content-Type: application/json; charset=utf-8
host: localhost:47198
accept: */*

Response DefaultHttpResponse(decodeResult: success, version: HTTP/1.1)
HTTP/1.1 200 OK
Content-Length: 88
Content-Type: application/json; charset=utf-8
cache-control: no-cache

2023-04-27 20:45:55 DEBUG ChannelManager:270 ? Adding key: http://localhost:47198 for channel [id: 0x656b194a, L:/127.0.0.1:50060 - R:localhost/127.0.0.1:47198]
2023-04-27 20:45:55 DEBUG NettyRequestSender:593 ? Using pooled Channel '[id: 0x656b194a, L:/127.0.0.1:50060 - R:localhost/127.0.0.1:47198]' for 'POST' to 'http://localhost:47198/session/f17aeda944460b6a3317cda0cd4b4372/actions'
2023-04-27 20:45:55 DEBUG NettyRequestSender:251 ? Using open Channel [id: 0x656b194a, L:/127.0.0.1:50060 - R:localhost/127.0.0.1:47198] for POST '/session/f17aeda944460b6a3317cda0cd4b4372/actions'
2023-04-27 20:45:55 DEBUG HttpHandler:70 ? 

Request DefaultHttpRequest(decodeResult: success, version: HTTP/1.1)
POST /session/f17aeda944460b6a3317cda0cd4b4372/actions HTTP/1.1
User-Agent: selenium/4.9.0 (java windows)
Content-Length: 567
Content-Type: application/json; charset=utf-8
host: localhost:47198
accept: */*

Response DefaultHttpResponse(decodeResult: success, version: HTTP/1.1)
HTTP/1.1 200 OK
Content-Length: 14
Content-Type: application/json; charset=utf-8
cache-control: no-cache

2023-04-27 20:45:55 DEBUG ChannelManager:270 ? Adding key: http://localhost:47198 for channel [id: 0x656b194a, L:/127.0.0.1:50060 - R:localhost/127.0.0.1:47198]
2023-04-27 20:45:55 DEBUG NettyRequestSender:593 ? Using pooled Channel '[id: 0x656b194a, L:/127.0.0.1:50060 - R:localhost/127.0.0.1:47198]' for 'POST' to 'http://localhost:47198/session/f17aeda944460b6a3317cda0cd4b4372/element'
2023-04-27 20:45:55 DEBUG NettyRequestSender:251 ? Using open Channel [id: 0x656b194a, L:/127.0.0.1:50060 - R:localhost/127.0.0.1:47198] for POST '/session/f17aeda944460b6a3317cda0cd4b4372/element'
2023-04-27 20:45:55 DEBUG HttpHandler:70 ? 

Request DefaultHttpRequest(decodeResult: success, version: HTTP/1.1)
POST /session/f17aeda944460b6a3317cda0cd4b4372/element HTTP/1.1
User-Agent: selenium/4.9.0 (java windows)
Content-Length: 53
Content-Type: application/json; charset=utf-8
host: localhost:47198
accept: */*

Response DefaultHttpResponse(decodeResult: success, version: HTTP/1.1)
HTTP/1.1 200 OK
Content-Length: 88
Content-Type: application/json; charset=utf-8
cache-control: no-cache

2023-04-27 20:45:55 DEBUG ChannelManager:270 ? Adding key: http://localhost:47198 for channel [id: 0x656b194a, L:/127.0.0.1:50060 - R:localhost/127.0.0.1:47198]
2023-04-27 20:45:55 DEBUG NettyRequestSender:593 ? Using pooled Channel '[id: 0x656b194a, L:/127.0.0.1:50060 - R:localhost/127.0.0.1:47198]' for 'POST' to 'http://localhost:47198/session/f17aeda944460b6a3317cda0cd4b4372/actions'
2023-04-27 20:45:55 DEBUG NettyRequestSender:251 ? Using open Channel [id: 0x656b194a, L:/127.0.0.1:50060 - R:localhost/127.0.0.1:47198] for POST '/session/f17aeda944460b6a3317cda0cd4b4372/actions'
2023-04-27 20:45:56 DEBUG HttpHandler:70 ? 

Request DefaultHttpRequest(decodeResult: success, version: HTTP/1.1)
POST /session/f17aeda944460b6a3317cda0cd4b4372/actions HTTP/1.1
User-Agent: selenium/4.9.0 (java windows)
Content-Length: 2603
Content-Type: application/json; charset=utf-8
host: localhost:47198
accept: */*

Response DefaultHttpResponse(decodeResult: success, version: HTTP/1.1)
HTTP/1.1 200 OK
Content-Length: 14
Content-Type: application/json; charset=utf-8
cache-control: no-cache

2023-04-27 20:45:56 DEBUG ChannelManager:270 ? Adding key: http://localhost:47198 for channel [id: 0x656b194a, L:/127.0.0.1:50060 - R:localhost/127.0.0.1:47198]
2023-04-27 20:45:56 DEBUG NettyRequestSender:593 ? Using pooled Channel '[id: 0x656b194a, L:/127.0.0.1:50060 - R:localhost/127.0.0.1:47198]' for 'POST' to 'http://localhost:47198/session/f17aeda944460b6a3317cda0cd4b4372/element'
2023-04-27 20:45:56 DEBUG NettyRequestSender:251 ? Using open Channel [id: 0x656b194a, L:/127.0.0.1:50060 - R:localhost/127.0.0.1:47198] for POST '/session/f17aeda944460b6a3317cda0cd4b4372/element'
2023-04-27 20:45:56 DEBUG HttpHandler:70 ? 

Request DefaultHttpRequest(decodeResult: success, version: HTTP/1.1)
POST /session/f17aeda944460b6a3317cda0cd4b4372/element HTTP/1.1
User-Agent: selenium/4.9.0 (java windows)
Content-Length: 53
Content-Type: application/json; charset=utf-8
host: localhost:47198
accept: */*

Response DefaultHttpResponse(decodeResult: success, version: HTTP/1.1)
HTTP/1.1 200 OK
Content-Length: 88
Content-Type: application/json; charset=utf-8
cache-control: no-cache

2023-04-27 20:45:56 DEBUG ChannelManager:270 ? Adding key: http://localhost:47198 for channel [id: 0x656b194a, L:/127.0.0.1:50060 - R:localhost/127.0.0.1:47198]
2023-04-27 20:45:56 DEBUG NettyRequestSender:593 ? Using pooled Channel '[id: 0x656b194a, L:/127.0.0.1:50060 - R:localhost/127.0.0.1:47198]' for 'POST' to 'http://localhost:47198/session/f17aeda944460b6a3317cda0cd4b4372/actions'
2023-04-27 20:45:56 DEBUG NettyRequestSender:251 ? Using open Channel [id: 0x656b194a, L:/127.0.0.1:50060 - R:localhost/127.0.0.1:47198] for POST '/session/f17aeda944460b6a3317cda0cd4b4372/actions'
2023-04-27 20:45:56 DEBUG DefaultChannelPool:348 ? Entry count for : http://localhost:50065 : 1
2023-04-27 20:45:56 DEBUG HttpHandler:70 ? 

Request DefaultHttpRequest(decodeResult: success, version: HTTP/1.1)
POST /session/f17aeda944460b6a3317cda0cd4b4372/actions HTTP/1.1
User-Agent: selenium/4.9.0 (java windows)
Content-Length: 2603
Content-Type: application/json; charset=utf-8
host: localhost:47198
accept: */*

Response DefaultHttpResponse(decodeResult: success, version: HTTP/1.1)
HTTP/1.1 200 OK
Content-Length: 14
Content-Type: application/json; charset=utf-8
cache-control: no-cache

2023-04-27 20:45:56 DEBUG ChannelManager:270 ? Adding key: http://localhost:47198 for channel [id: 0x656b194a, L:/127.0.0.1:50060 - R:localhost/127.0.0.1:47198]
2023-04-27 20:45:56 DEBUG NettyRequestSender:593 ? Using pooled Channel '[id: 0x656b194a, L:/127.0.0.1:50060 - R:localhost/127.0.0.1:47198]' for 'POST' to 'http://localhost:47198/session/f17aeda944460b6a3317cda0cd4b4372/element'
2023-04-27 20:45:56 DEBUG NettyRequestSender:251 ? Using open Channel [id: 0x656b194a, L:/127.0.0.1:50060 - R:localhost/127.0.0.1:47198] for POST '/session/f17aeda944460b6a3317cda0cd4b4372/element'
2023-04-27 20:45:56 DEBUG HttpHandler:70 ? 

Request DefaultHttpRequest(decodeResult: success, version: HTTP/1.1)
POST /session/f17aeda944460b6a3317cda0cd4b4372/element HTTP/1.1
User-Agent: selenium/4.9.0 (java windows)
Content-Length: 60
Content-Type: application/json; charset=utf-8
host: localhost:47198
accept: */*

Response DefaultHttpResponse(decodeResult: success, version: HTTP/1.1)
HTTP/1.1 200 OK
Content-Length: 88
Content-Type: application/json; charset=utf-8
cache-control: no-cache

2023-04-27 20:45:56 DEBUG ChannelManager:270 ? Adding key: http://localhost:47198 for channel [id: 0x656b194a, L:/127.0.0.1:50060 - R:localhost/127.0.0.1:47198]
2023-04-27 20:45:56 DEBUG NettyRequestSender:593 ? Using pooled Channel '[id: 0x656b194a, L:/127.0.0.1:50060 - R:localhost/127.0.0.1:47198]' for 'POST' to 'http://localhost:47198/session/f17aeda944460b6a3317cda0cd4b4372/actions'
2023-04-27 20:45:56 DEBUG NettyRequestSender:251 ? Using open Channel [id: 0x656b194a, L:/127.0.0.1:50060 - R:localhost/127.0.0.1:47198] for POST '/session/f17aeda944460b6a3317cda0cd4b4372/actions'
2023-04-27 20:45:56 DEBUG HttpHandler:70 ? 

Request DefaultHttpRequest(decodeResult: success, version: HTTP/1.1)
POST /session/f17aeda944460b6a3317cda0cd4b4372/actions HTTP/1.1
User-Agent: selenium/4.9.0 (java windows)
Content-Length: 1739
Content-Type: application/json; charset=utf-8
host: localhost:47198
accept: */*

Response DefaultHttpResponse(decodeResult: success, version: HTTP/1.1)
HTTP/1.1 200 OK
Content-Length: 14
Content-Type: application/json; charset=utf-8
cache-control: no-cache

2023-04-27 20:45:56 DEBUG ChannelManager:270 ? Adding key: http://localhost:47198 for channel [id: 0x656b194a, L:/127.0.0.1:50060 - R:localhost/127.0.0.1:47198]
2023-04-27 20:45:56 DEBUG NettyRequestSender:593 ? Using pooled Channel '[id: 0x656b194a, L:/127.0.0.1:50060 - R:localhost/127.0.0.1:47198]' for 'POST' to 'http://localhost:47198/session/f17aeda944460b6a3317cda0cd4b4372/element'
2023-04-27 20:45:56 DEBUG NettyRequestSender:251 ? Using open Channel [id: 0x656b194a, L:/127.0.0.1:50060 - R:localhost/127.0.0.1:47198] for POST '/session/f17aeda944460b6a3317cda0cd4b4372/element'
2023-04-27 20:45:56 DEBUG HttpHandler:70 ? 

Request DefaultHttpRequest(decodeResult: success, version: HTTP/1.1)
POST /session/f17aeda944460b6a3317cda0cd4b4372/element HTTP/1.1
User-Agent: selenium/4.9.0 (java windows)
Content-Length: 74
Content-Type: application/json; charset=utf-8
host: localhost:47198
accept: */*

Response DefaultHttpResponse(decodeResult: success, version: HTTP/1.1)
HTTP/1.1 200 OK
Content-Length: 88
Content-Type: application/json; charset=utf-8
cache-control: no-cache

2023-04-27 20:45:56 DEBUG ChannelManager:270 ? Adding key: http://localhost:47198 for channel [id: 0x656b194a, L:/127.0.0.1:50060 - R:localhost/127.0.0.1:47198]
2023-04-27 20:45:56 DEBUG NettyRequestSender:593 ? Using pooled Channel '[id: 0x656b194a, L:/127.0.0.1:50060 - R:localhost/127.0.0.1:47198]' for 'GET' to 'http://localhost:47198/session/f17aeda944460b6a3317cda0cd4b4372/element/efb70e5c-7c24-40eb-9394-09ca90964af3/enabled'
2023-04-27 20:45:56 DEBUG NettyRequestSender:251 ? Using open Channel [id: 0x656b194a, L:/127.0.0.1:50060 - R:localhost/127.0.0.1:47198] for GET '/session/f17aeda944460b6a3317cda0cd4b4372/element/efb70e5c-7c24-40eb-9394-09ca90964af3/enabled'
2023-04-27 20:45:56 DEBUG HttpHandler:70 ? 

Request DefaultFullHttpRequest(decodeResult: success, version: HTTP/1.1, content: EmptyByteBufBE)
GET /session/f17aeda944460b6a3317cda0cd4b4372/element/efb70e5c-7c24-40eb-9394-09ca90964af3/enabled HTTP/1.1
User-Agent: selenium/4.9.0 (java windows)
Cache-Control: no-cache
Content-Type: application/json; charset=utf-8
host: localhost:47198
accept: */*

Response DefaultHttpResponse(decodeResult: success, version: HTTP/1.1)
HTTP/1.1 200 OK
Content-Length: 15
Content-Type: application/json; charset=utf-8
cache-control: no-cache

2023-04-27 20:45:56 DEBUG ChannelManager:270 ? Adding key: http://localhost:47198 for channel [id: 0x656b194a, L:/127.0.0.1:50060 - R:localhost/127.0.0.1:47198]
2023-04-27 20:54:37 DEBUG InternalLoggerFactory:63 ? Using SLF4J as the default logging framework
2023-04-27 20:54:37 DEBUG ResourceLeakDetector:129 ? -Dio.netty.leakDetection.level: simple
2023-04-27 20:54:37 DEBUG ResourceLeakDetector:130 ? -Dio.netty.leakDetection.targetRecords: 4
2023-04-27 20:54:37 DEBUG ResourceLeakDetectorFactory:196 ? Loaded default ResourceLeakDetector: io.netty.util.ResourceLeakDetector@841e575
2023-04-27 20:54:37 DEBUG PlatformDependent0:496 ? -Dio.netty.noUnsafe: false
2023-04-27 20:54:37 DEBUG PlatformDependent0:1000 ? Java version: 19
2023-04-27 20:54:37 DEBUG PlatformDependent0:137 ? sun.misc.Unsafe.theUnsafe: available
2023-04-27 20:54:37 DEBUG PlatformDependent0:161 ? sun.misc.Unsafe.copyMemory: available
2023-04-27 20:54:37 DEBUG PlatformDependent0:193 ? sun.misc.Unsafe.storeFence: available
2023-04-27 20:54:37 DEBUG PlatformDependent0:236 ? java.nio.Buffer.address: available
2023-04-27 20:54:37 DEBUG PlatformDependent0:320 ? direct buffer constructor: unavailable: Reflective setAccessible(true) disabled
2023-04-27 20:54:37 DEBUG PlatformDependent0:385 ? java.nio.Bits.unaligned: available, true
2023-04-27 20:54:37 DEBUG PlatformDependent0:452 ? jdk.internal.misc.Unsafe.allocateUninitializedArray(int): unavailable: class io.netty.util.internal.PlatformDependent0$7 cannot access class jdk.internal.misc.Unsafe (in module java.base) because module java.base does not export jdk.internal.misc to unnamed module @5679c6c6
2023-04-27 20:54:37 DEBUG PlatformDependent0:482 ? java.nio.DirectByteBuffer.<init>(long, int): unavailable
2023-04-27 20:54:37 DEBUG PlatformDependent:1159 ? sun.misc.Unsafe: available
2023-04-27 20:54:37 DEBUG PlatformDependent:1270 ? maxDirectMemory: 5339348992 bytes (maybe)
2023-04-27 20:54:37 DEBUG PlatformDependent:1289 ? -Dio.netty.tmpdir: C:\Users\rohit\AppData\Local\Temp (java.io.tmpdir)
2023-04-27 20:54:37 DEBUG PlatformDependent:1368 ? -Dio.netty.bitMode: 64 (sun.arch.data.model)
2023-04-27 20:54:37 DEBUG PlatformDependent:1119 ? Platform: Windows
2023-04-27 20:54:37 DEBUG PlatformDependent:178 ? -Dio.netty.maxDirectMemory: -1 bytes
2023-04-27 20:54:37 DEBUG PlatformDependent:185 ? -Dio.netty.uninitializedArrayAllocationThreshold: -1
2023-04-27 20:54:37 DEBUG CleanerJava9:71 ? java.nio.ByteBuffer.cleaner(): available
2023-04-27 20:54:37 DEBUG PlatformDependent:205 ? -Dio.netty.noPreferDirect: false
2023-04-27 20:54:37 DEBUG PlatformDependent:1010 ? org.jctools-core.MpscChunkedArrayQueue: available
2023-04-27 20:54:37 DEBUG InternalThreadLocalMap:100 ? -Dio.netty.threadLocalMap.stringBuilder.initialSize: 1024
2023-04-27 20:54:37 DEBUG InternalThreadLocalMap:101 ? -Dio.netty.threadLocalMap.stringBuilder.maxSize: 4096
2023-04-27 20:54:38 DEBUG JdkSslContext:83 ? Default protocols (JDK): [TLSv1.3, TLSv1.2] 
2023-04-27 20:54:38 DEBUG JdkSslContext:84 ? Default cipher suites (JDK): [TLS_ECDHE_ECDSA_WITH_AES_256_GCM_SHA384, TLS_ECDHE_ECDSA_WITH_AES_128_GCM_SHA256, TLS_ECDHE_RSA_WITH_AES_128_GCM_SHA256, TLS_ECDHE_RSA_WITH_AES_256_GCM_SHA384, TLS_ECDHE_RSA_WITH_AES_128_CBC_SHA, TLS_ECDHE_RSA_WITH_AES_256_CBC_SHA, TLS_RSA_WITH_AES_128_GCM_SHA256, TLS_RSA_WITH_AES_128_CBC_SHA, TLS_RSA_WITH_AES_256_CBC_SHA, TLS_AES_128_GCM_SHA256, TLS_AES_256_GCM_SHA384]
2023-04-27 20:54:38 DEBUG GlobalEventExecutor:53 ? -Dio.netty.globalEventExecutor.quietPeriodSeconds: 1
2023-04-27 20:54:38 DEBUG MultithreadEventLoopGroup:44 ? -Dio.netty.eventLoopThreads: 16
2023-04-27 20:54:38 DEBUG NioEventLoop:110 ? -Dio.netty.noKeySetOptimization: false
2023-04-27 20:54:38 DEBUG NioEventLoop:111 ? -Dio.netty.selectorAutoRebuildThreshold: 512
2023-04-27 20:54:38 DEBUG PooledByteBufAllocator:157 ? -Dio.netty.allocator.numHeapArenas: 16
2023-04-27 20:54:38 DEBUG PooledByteBufAllocator:158 ? -Dio.netty.allocator.numDirectArenas: 16
2023-04-27 20:54:38 DEBUG PooledByteBufAllocator:160 ? -Dio.netty.allocator.pageSize: 8192
2023-04-27 20:54:38 DEBUG PooledByteBufAllocator:165 ? -Dio.netty.allocator.maxOrder: 9
2023-04-27 20:54:38 DEBUG PooledByteBufAllocator:169 ? -Dio.netty.allocator.chunkSize: 4194304
2023-04-27 20:54:38 DEBUG PooledByteBufAllocator:170 ? -Dio.netty.allocator.smallCacheSize: 256
2023-04-27 20:54:38 DEBUG PooledByteBufAllocator:171 ? -Dio.netty.allocator.normalCacheSize: 64
2023-04-27 20:54:38 DEBUG PooledByteBufAllocator:172 ? -Dio.netty.allocator.maxCachedBufferCapacity: 32768
2023-04-27 20:54:38 DEBUG PooledByteBufAllocator:173 ? -Dio.netty.allocator.cacheTrimInterval: 8192
2023-04-27 20:54:38 DEBUG PooledByteBufAllocator:174 ? -Dio.netty.allocator.cacheTrimIntervalMillis: 0
2023-04-27 20:54:38 DEBUG PooledByteBufAllocator:175 ? -Dio.netty.allocator.useCacheForAllThreads: false
2023-04-27 20:54:38 DEBUG PooledByteBufAllocator:176 ? -Dio.netty.allocator.maxCachedByteBuffersPerChunk: 1023
2023-04-27 20:54:38 DEBUG ByteBufUtil:88 ? -Dio.netty.allocator.type: pooled
2023-04-27 20:54:38 DEBUG ByteBufUtil:97 ? -Dio.netty.threadLocalDirectBufferSize: 0
2023-04-27 20:54:38 DEBUG ByteBufUtil:100 ? -Dio.netty.maxThreadLocalCharBufferSize: 16384
2023-04-27 20:54:38 DEBUG DefaultChannelId:79 ? -Dio.netty.processId: 24784 (auto-detected)
2023-04-27 20:54:38 DEBUG NetUtil:148 ? -Djava.net.preferIPv4Stack: false
2023-04-27 20:54:38 DEBUG NetUtil:149 ? -Djava.net.preferIPv6Addresses: false
2023-04-27 20:54:38 DEBUG NetUtilInitializations:145 ? Loopback interface: lo (Software Loopback Interface 1, 127.0.0.1)
2023-04-27 20:54:38 DEBUG NetUtil:206 ? Failed to get SOMAXCONN from sysctl and file \proc\sys\net\core\somaxconn. Default: 200
2023-04-27 20:54:38 DEBUG DefaultChannelId:101 ? -Dio.netty.machineId: 70:c9:4e:ff:fe:a9:98:9d (auto-detected)
2023-04-27 20:54:38 DEBUG AbstractByteBuf:63 ? -Dio.netty.buffer.checkAccessible: true
2023-04-27 20:54:38 DEBUG AbstractByteBuf:64 ? -Dio.netty.buffer.checkBounds: true
2023-04-27 20:54:38 DEBUG ResourceLeakDetectorFactory:196 ? Loaded default ResourceLeakDetector: io.netty.util.ResourceLeakDetector@432074e
2023-04-27 20:54:38 DEBUG NettyConnectListener:73 ? Using new Channel '[id: 0x94bae851, L:/127.0.0.1:51250 - R:localhost/127.0.0.1:6474]' for 'POST' to '/session'
2023-04-27 20:54:38 DEBUG Recycler:96 ? -Dio.netty.recycler.maxCapacityPerThread: 4096
2023-04-27 20:54:38 DEBUG Recycler:97 ? -Dio.netty.recycler.ratio: 8
2023-04-27 20:54:38 DEBUG Recycler:98 ? -Dio.netty.recycler.chunkSize: 32
2023-04-27 20:54:38 DEBUG Recycler:99 ? -Dio.netty.recycler.blocking: false
2023-04-27 20:54:38 DEBUG Recycler:100 ? -Dio.netty.recycler.batchFastThreadLocalOnly: true
2023-04-27 20:54:40 DEBUG Brotli:38 ? brotli4j not in the classpath; Brotli support will be unavailable.
2023-04-27 20:54:40 DEBUG HttpHandler:70 ? 

Request DefaultHttpRequest(decodeResult: success, version: HTTP/1.1)
POST /session HTTP/1.1
User-Agent: selenium/4.9.0 (java windows)
Content-Length: 254
Content-Type: application/json; charset=utf-8
host: localhost:6474
accept: */*

Response DefaultHttpResponse(decodeResult: success, version: HTTP/1.1)
HTTP/1.1 200 OK
Content-Length: 860
Content-Type: application/json; charset=utf-8
cache-control: no-cache

2023-04-27 20:54:40 DEBUG ChannelManager:270 ? Adding key: http://localhost:6474 for channel [id: 0x94bae851, L:/127.0.0.1:51250 - R:localhost/127.0.0.1:6474]
2023-04-27 20:54:40 DEBUG DefaultChannelPool:348 ? Entry count for : http://localhost:6474 : 1
2023-04-27 20:54:40 DEBUG NettyConnectListener:73 ? Using new Channel '[id: 0xaae8fe21, L:/127.0.0.1:51269 - R:localhost/127.0.0.1:51253]' for 'GET' to '/json/version'
2023-04-27 20:54:40 DEBUG HttpHandler:70 ? 

Request DefaultFullHttpRequest(decodeResult: success, version: HTTP/1.1, content: EmptyByteBufBE)
GET /json/version HTTP/1.1
User-Agent: selenium/4.9.0 (java windows)
host: localhost:51253
accept: */*

Response DefaultHttpResponse(decodeResult: success, version: HTTP/1.1)
HTTP/1.1 200 OK
Content-Security-Policy: frame-ancestors 'none'
Content-Length: 424
Content-Type: application/json; charset=UTF-8

2023-04-27 20:54:40 DEBUG ChannelManager:270 ? Adding key: http://localhost:51253 for channel [id: 0xaae8fe21, L:/127.0.0.1:51269 - R:localhost/127.0.0.1:51253]
2023-04-27 20:54:40 DEBUG ThreadLocalRandom:214 ? -Dio.netty.initialSeedUniquifier: 0xb69c78adb0d5bdc7
2023-04-27 20:54:40 DEBUG NettyConnectListener:73 ? Using new Channel '[id: 0xaf58f8e0, L:/127.0.0.1:51270 - R:localhost/127.0.0.1:51253]' for 'GET' to '/devtools/browser/40df78c0-fce5-46ed-a9be-7d97d6dcecce'
2023-04-27 20:54:40 DEBUG WebSocketHandler:105 ? 

Request DefaultFullHttpRequest(decodeResult: success, version: HTTP/1.1, content: EmptyByteBufBE)
GET /devtools/browser/40df78c0-fce5-46ed-a9be-7d97d6dcecce HTTP/1.1
upgrade: websocket
connection: upgrade
sec-websocket-key: Y7Raymc9FCy7rNxhaqykFQ==
sec-websocket-version: 13
origin: http://localhost:51253
host: localhost:51253
accept: */*
user-agent: AHC/2.1

Response DefaultHttpResponse(decodeResult: success, version: HTTP/1.1)
HTTP/1.1 101 WebSocket Protocol Handshake
Upgrade: WebSocket
Connection: Upgrade
Sec-WebSocket-Accept: BQErH27ITsm+l7BLiqvU2YkHEg0=

2023-04-27 20:54:40 DEBUG NettyRequestSender:593 ? Using pooled Channel '[id: 0x94bae851, L:/127.0.0.1:51250 - R:localhost/127.0.0.1:6474]' for 'POST' to 'http://localhost:6474/session/2c4012812613d32ba668ad7dd52000c3/window/maximize'
2023-04-27 20:54:40 DEBUG NettyRequestSender:251 ? Using open Channel [id: 0x94bae851, L:/127.0.0.1:51250 - R:localhost/127.0.0.1:6474] for POST '/session/2c4012812613d32ba668ad7dd52000c3/window/maximize'
2023-04-27 20:54:40 DEBUG HttpHandler:70 ? 

Request DefaultHttpRequest(decodeResult: success, version: HTTP/1.1)
POST /session/2c4012812613d32ba668ad7dd52000c3/window/maximize HTTP/1.1
User-Agent: selenium/4.9.0 (java windows)
Content-Length: 3
Content-Type: application/json; charset=utf-8
host: localhost:6474
accept: */*

Response DefaultHttpResponse(decodeResult: success, version: HTTP/1.1)
HTTP/1.1 200 OK
Content-Length: 52
Content-Type: application/json; charset=utf-8
cache-control: no-cache

2023-04-27 20:54:40 DEBUG ChannelManager:270 ? Adding key: http://localhost:6474 for channel [id: 0x94bae851, L:/127.0.0.1:51250 - R:localhost/127.0.0.1:6474]
2023-04-27 20:54:40 DEBUG NettyRequestSender:593 ? Using pooled Channel '[id: 0x94bae851, L:/127.0.0.1:51250 - R:localhost/127.0.0.1:6474]' for 'POST' to 'http://localhost:6474/session/2c4012812613d32ba668ad7dd52000c3/timeouts'
2023-04-27 20:54:40 DEBUG NettyRequestSender:251 ? Using open Channel [id: 0x94bae851, L:/127.0.0.1:51250 - R:localhost/127.0.0.1:6474] for POST '/session/2c4012812613d32ba668ad7dd52000c3/timeouts'
2023-04-27 20:54:40 DEBUG HttpHandler:70 ? 

Request DefaultHttpRequest(decodeResult: success, version: HTTP/1.1)
POST /session/2c4012812613d32ba668ad7dd52000c3/timeouts HTTP/1.1
User-Agent: selenium/4.9.0 (java windows)
Content-Length: 23
Content-Type: application/json; charset=utf-8
host: localhost:6474
accept: */*

Response DefaultHttpResponse(decodeResult: success, version: HTTP/1.1)
HTTP/1.1 200 OK
Content-Length: 14
Content-Type: application/json; charset=utf-8
cache-control: no-cache

2023-04-27 20:54:40 DEBUG ChannelManager:270 ? Adding key: http://localhost:6474 for channel [id: 0x94bae851, L:/127.0.0.1:51250 - R:localhost/127.0.0.1:6474]
2023-04-27 20:54:40 DEBUG NettyRequestSender:593 ? Using pooled Channel '[id: 0x94bae851, L:/127.0.0.1:51250 - R:localhost/127.0.0.1:6474]' for 'POST' to 'http://localhost:6474/session/2c4012812613d32ba668ad7dd52000c3/url'
2023-04-27 20:54:40 DEBUG NettyRequestSender:251 ? Using open Channel [id: 0x94bae851, L:/127.0.0.1:51250 - R:localhost/127.0.0.1:6474] for POST '/session/2c4012812613d32ba668ad7dd52000c3/url'
2023-04-27 20:54:41 DEBUG DefaultChannelPool:348 ? Entry count for : http://localhost:51253 : 1
2023-04-27 20:54:41 DEBUG HttpHandler:70 ? 

Request DefaultHttpRequest(decodeResult: success, version: HTTP/1.1)
POST /session/2c4012812613d32ba668ad7dd52000c3/url HTTP/1.1
User-Agent: selenium/4.9.0 (java windows)
Content-Length: 67
Content-Type: application/json; charset=utf-8
host: localhost:6474
accept: */*

Response DefaultHttpResponse(decodeResult: success, version: HTTP/1.1)
HTTP/1.1 200 OK
Content-Length: 14
Content-Type: application/json; charset=utf-8
cache-control: no-cache

2023-04-27 20:54:41 DEBUG ChannelManager:270 ? Adding key: http://localhost:6474 for channel [id: 0x94bae851, L:/127.0.0.1:51250 - R:localhost/127.0.0.1:6474]
2023-04-27 20:54:41 DEBUG NettyRequestSender:593 ? Using pooled Channel '[id: 0x94bae851, L:/127.0.0.1:51250 - R:localhost/127.0.0.1:6474]' for 'POST' to 'http://localhost:6474/session/2c4012812613d32ba668ad7dd52000c3/element'
2023-04-27 20:54:41 DEBUG NettyRequestSender:251 ? Using open Channel [id: 0x94bae851, L:/127.0.0.1:51250 - R:localhost/127.0.0.1:6474] for POST '/session/2c4012812613d32ba668ad7dd52000c3/element'
2023-04-27 20:54:41 DEBUG HttpHandler:70 ? 

Request DefaultHttpRequest(decodeResult: success, version: HTTP/1.1)
POST /session/2c4012812613d32ba668ad7dd52000c3/element HTTP/1.1
User-Agent: selenium/4.9.0 (java windows)
Content-Length: 53
Content-Type: application/json; charset=utf-8
host: localhost:6474
accept: */*

Response DefaultHttpResponse(decodeResult: success, version: HTTP/1.1)
HTTP/1.1 200 OK
Content-Length: 88
Content-Type: application/json; charset=utf-8
cache-control: no-cache

2023-04-27 20:54:41 DEBUG ChannelManager:270 ? Adding key: http://localhost:6474 for channel [id: 0x94bae851, L:/127.0.0.1:51250 - R:localhost/127.0.0.1:6474]
2023-04-27 20:54:41 DEBUG NettyRequestSender:593 ? Using pooled Channel '[id: 0x94bae851, L:/127.0.0.1:51250 - R:localhost/127.0.0.1:6474]' for 'POST' to 'http://localhost:6474/session/2c4012812613d32ba668ad7dd52000c3/execute/sync'
2023-04-27 20:54:41 DEBUG NettyRequestSender:251 ? Using open Channel [id: 0x94bae851, L:/127.0.0.1:51250 - R:localhost/127.0.0.1:6474] for POST '/session/2c4012812613d32ba668ad7dd52000c3/execute/sync'
2023-04-27 20:54:41 DEBUG HttpHandler:70 ? 

Request DefaultHttpRequest(decodeResult: success, version: HTTP/1.1)
POST /session/2c4012812613d32ba668ad7dd52000c3/execute/sync HTTP/1.1
User-Agent: selenium/4.9.0 (java windows)
Content-Length: 48807
Content-Type: application/json; charset=utf-8
host: localhost:6474
accept: */*

Response DefaultHttpResponse(decodeResult: success, version: HTTP/1.1)
HTTP/1.1 200 OK
Content-Length: 14
Content-Type: application/json; charset=utf-8
cache-control: no-cache

2023-04-27 20:54:41 DEBUG ChannelManager:270 ? Adding key: http://localhost:6474 for channel [id: 0x94bae851, L:/127.0.0.1:51250 - R:localhost/127.0.0.1:6474]
2023-04-27 20:54:41 DEBUG NettyRequestSender:593 ? Using pooled Channel '[id: 0x94bae851, L:/127.0.0.1:51250 - R:localhost/127.0.0.1:6474]' for 'POST' to 'http://localhost:6474/session/2c4012812613d32ba668ad7dd52000c3/element'
2023-04-27 20:54:41 DEBUG NettyRequestSender:251 ? Using open Channel [id: 0x94bae851, L:/127.0.0.1:51250 - R:localhost/127.0.0.1:6474] for POST '/session/2c4012812613d32ba668ad7dd52000c3/element'
2023-04-27 20:54:41 DEBUG HttpHandler:70 ? 

Request DefaultHttpRequest(decodeResult: success, version: HTTP/1.1)
POST /session/2c4012812613d32ba668ad7dd52000c3/element HTTP/1.1
User-Agent: selenium/4.9.0 (java windows)
Content-Length: 54
Content-Type: application/json; charset=utf-8
host: localhost:6474
accept: */*

Response DefaultHttpResponse(decodeResult: success, version: HTTP/1.1)
HTTP/1.1 200 OK
Content-Length: 88
Content-Type: application/json; charset=utf-8
cache-control: no-cache

2023-04-27 20:54:41 DEBUG ChannelManager:270 ? Adding key: http://localhost:6474 for channel [id: 0x94bae851, L:/127.0.0.1:51250 - R:localhost/127.0.0.1:6474]
2023-04-27 20:54:41 DEBUG NettyRequestSender:593 ? Using pooled Channel '[id: 0x94bae851, L:/127.0.0.1:51250 - R:localhost/127.0.0.1:6474]' for 'POST' to 'http://localhost:6474/session/2c4012812613d32ba668ad7dd52000c3/execute/sync'
2023-04-27 20:54:41 DEBUG NettyRequestSender:251 ? Using open Channel [id: 0x94bae851, L:/127.0.0.1:51250 - R:localhost/127.0.0.1:6474] for POST '/session/2c4012812613d32ba668ad7dd52000c3/execute/sync'
2023-04-27 20:54:41 DEBUG HttpHandler:70 ? 

Request DefaultHttpRequest(decodeResult: success, version: HTTP/1.1)
POST /session/2c4012812613d32ba668ad7dd52000c3/execute/sync HTTP/1.1
User-Agent: selenium/4.9.0 (java windows)
Content-Length: 48807
Content-Type: application/json; charset=utf-8
host: localhost:6474
accept: */*

Response DefaultHttpResponse(decodeResult: success, version: HTTP/1.1)
HTTP/1.1 200 OK
Content-Length: 14
Content-Type: application/json; charset=utf-8
cache-control: no-cache

2023-04-27 20:54:41 DEBUG ChannelManager:270 ? Adding key: http://localhost:6474 for channel [id: 0x94bae851, L:/127.0.0.1:51250 - R:localhost/127.0.0.1:6474]
2023-04-27 20:54:41 DEBUG NettyRequestSender:593 ? Using pooled Channel '[id: 0x94bae851, L:/127.0.0.1:51250 - R:localhost/127.0.0.1:6474]' for 'POST' to 'http://localhost:6474/session/2c4012812613d32ba668ad7dd52000c3/element'
2023-04-27 20:54:41 DEBUG NettyRequestSender:251 ? Using open Channel [id: 0x94bae851, L:/127.0.0.1:51250 - R:localhost/127.0.0.1:6474] for POST '/session/2c4012812613d32ba668ad7dd52000c3/element'
2023-04-27 20:54:41 DEBUG HttpHandler:70 ? 

Request DefaultHttpRequest(decodeResult: success, version: HTTP/1.1)
POST /session/2c4012812613d32ba668ad7dd52000c3/element HTTP/1.1
User-Agent: selenium/4.9.0 (java windows)
Content-Length: 53
Content-Type: application/json; charset=utf-8
host: localhost:6474
accept: */*

Response DefaultHttpResponse(decodeResult: success, version: HTTP/1.1)
HTTP/1.1 200 OK
Content-Length: 88
Content-Type: application/json; charset=utf-8
cache-control: no-cache

2023-04-27 20:54:41 DEBUG ChannelManager:270 ? Adding key: http://localhost:6474 for channel [id: 0x94bae851, L:/127.0.0.1:51250 - R:localhost/127.0.0.1:6474]
2023-04-27 20:54:42 DEBUG NettyRequestSender:593 ? Using pooled Channel '[id: 0x94bae851, L:/127.0.0.1:51250 - R:localhost/127.0.0.1:6474]' for 'POST' to 'http://localhost:6474/session/2c4012812613d32ba668ad7dd52000c3/execute/sync'
2023-04-27 20:54:42 DEBUG NettyRequestSender:251 ? Using open Channel [id: 0x94bae851, L:/127.0.0.1:51250 - R:localhost/127.0.0.1:6474] for POST '/session/2c4012812613d32ba668ad7dd52000c3/execute/sync'
2023-04-27 20:54:42 DEBUG HttpHandler:70 ? 

Request DefaultHttpRequest(decodeResult: success, version: HTTP/1.1)
POST /session/2c4012812613d32ba668ad7dd52000c3/execute/sync HTTP/1.1
User-Agent: selenium/4.9.0 (java windows)
Content-Length: 48807
Content-Type: application/json; charset=utf-8
host: localhost:6474
accept: */*

Response DefaultHttpResponse(decodeResult: success, version: HTTP/1.1)
HTTP/1.1 200 OK
Content-Length: 14
Content-Type: application/json; charset=utf-8
cache-control: no-cache

2023-04-27 20:54:42 DEBUG ChannelManager:270 ? Adding key: http://localhost:6474 for channel [id: 0x94bae851, L:/127.0.0.1:51250 - R:localhost/127.0.0.1:6474]
2023-04-27 20:54:42 DEBUG NettyRequestSender:593 ? Using pooled Channel '[id: 0x94bae851, L:/127.0.0.1:51250 - R:localhost/127.0.0.1:6474]' for 'POST' to 'http://localhost:6474/session/2c4012812613d32ba668ad7dd52000c3/element'
2023-04-27 20:54:42 DEBUG NettyRequestSender:251 ? Using open Channel [id: 0x94bae851, L:/127.0.0.1:51250 - R:localhost/127.0.0.1:6474] for POST '/session/2c4012812613d32ba668ad7dd52000c3/element'
2023-04-27 20:54:42 DEBUG HttpHandler:70 ? 

Request DefaultHttpRequest(decodeResult: success, version: HTTP/1.1)
POST /session/2c4012812613d32ba668ad7dd52000c3/element HTTP/1.1
User-Agent: selenium/4.9.0 (java windows)
Content-Length: 53
Content-Type: application/json; charset=utf-8
host: localhost:6474
accept: */*

Response DefaultHttpResponse(decodeResult: success, version: HTTP/1.1)
HTTP/1.1 200 OK
Content-Length: 88
Content-Type: application/json; charset=utf-8
cache-control: no-cache

2023-04-27 20:54:42 DEBUG ChannelManager:270 ? Adding key: http://localhost:6474 for channel [id: 0x94bae851, L:/127.0.0.1:51250 - R:localhost/127.0.0.1:6474]
2023-04-27 20:54:42 DEBUG NettyRequestSender:593 ? Using pooled Channel '[id: 0x94bae851, L:/127.0.0.1:51250 - R:localhost/127.0.0.1:6474]' for 'POST' to 'http://localhost:6474/session/2c4012812613d32ba668ad7dd52000c3/execute/sync'
2023-04-27 20:54:42 DEBUG NettyRequestSender:251 ? Using open Channel [id: 0x94bae851, L:/127.0.0.1:51250 - R:localhost/127.0.0.1:6474] for POST '/session/2c4012812613d32ba668ad7dd52000c3/execute/sync'
2023-04-27 20:54:42 DEBUG HttpHandler:70 ? 

Request DefaultHttpRequest(decodeResult: success, version: HTTP/1.1)
POST /session/2c4012812613d32ba668ad7dd52000c3/execute/sync HTTP/1.1
User-Agent: selenium/4.9.0 (java windows)
Content-Length: 48807
Content-Type: application/json; charset=utf-8
host: localhost:6474
accept: */*

Response DefaultHttpResponse(decodeResult: success, version: HTTP/1.1)
HTTP/1.1 200 OK
Content-Length: 14
Content-Type: application/json; charset=utf-8
cache-control: no-cache

2023-04-27 20:54:42 DEBUG ChannelManager:270 ? Adding key: http://localhost:6474 for channel [id: 0x94bae851, L:/127.0.0.1:51250 - R:localhost/127.0.0.1:6474]
2023-04-27 20:54:42 DEBUG NettyRequestSender:593 ? Using pooled Channel '[id: 0x94bae851, L:/127.0.0.1:51250 - R:localhost/127.0.0.1:6474]' for 'POST' to 'http://localhost:6474/session/2c4012812613d32ba668ad7dd52000c3/element'
2023-04-27 20:54:42 DEBUG NettyRequestSender:251 ? Using open Channel [id: 0x94bae851, L:/127.0.0.1:51250 - R:localhost/127.0.0.1:6474] for POST '/session/2c4012812613d32ba668ad7dd52000c3/element'
2023-04-27 20:54:42 DEBUG HttpHandler:70 ? 

Request DefaultHttpRequest(decodeResult: success, version: HTTP/1.1)
POST /session/2c4012812613d32ba668ad7dd52000c3/element HTTP/1.1
User-Agent: selenium/4.9.0 (java windows)
Content-Length: 60
Content-Type: application/json; charset=utf-8
host: localhost:6474
accept: */*

Response DefaultHttpResponse(decodeResult: success, version: HTTP/1.1)
HTTP/1.1 200 OK
Content-Length: 88
Content-Type: application/json; charset=utf-8
cache-control: no-cache

2023-04-27 20:54:42 DEBUG ChannelManager:270 ? Adding key: http://localhost:6474 for channel [id: 0x94bae851, L:/127.0.0.1:51250 - R:localhost/127.0.0.1:6474]
2023-04-27 20:54:42 DEBUG NettyRequestSender:593 ? Using pooled Channel '[id: 0x94bae851, L:/127.0.0.1:51250 - R:localhost/127.0.0.1:6474]' for 'POST' to 'http://localhost:6474/session/2c4012812613d32ba668ad7dd52000c3/execute/sync'
2023-04-27 20:54:42 DEBUG NettyRequestSender:251 ? Using open Channel [id: 0x94bae851, L:/127.0.0.1:51250 - R:localhost/127.0.0.1:6474] for POST '/session/2c4012812613d32ba668ad7dd52000c3/execute/sync'
2023-04-27 20:54:42 DEBUG HttpHandler:70 ? 

Request DefaultHttpRequest(decodeResult: success, version: HTTP/1.1)
POST /session/2c4012812613d32ba668ad7dd52000c3/execute/sync HTTP/1.1
User-Agent: selenium/4.9.0 (java windows)
Content-Length: 48807
Content-Type: application/json; charset=utf-8
host: localhost:6474
accept: */*

Response DefaultHttpResponse(decodeResult: success, version: HTTP/1.1)
HTTP/1.1 200 OK
Content-Length: 14
Content-Type: application/json; charset=utf-8
cache-control: no-cache

2023-04-27 20:54:42 DEBUG ChannelManager:270 ? Adding key: http://localhost:6474 for channel [id: 0x94bae851, L:/127.0.0.1:51250 - R:localhost/127.0.0.1:6474]
2023-04-27 20:54:42 DEBUG NettyRequestSender:593 ? Using pooled Channel '[id: 0x94bae851, L:/127.0.0.1:51250 - R:localhost/127.0.0.1:6474]' for 'POST' to 'http://localhost:6474/session/2c4012812613d32ba668ad7dd52000c3/element'
2023-04-27 20:54:42 DEBUG NettyRequestSender:251 ? Using open Channel [id: 0x94bae851, L:/127.0.0.1:51250 - R:localhost/127.0.0.1:6474] for POST '/session/2c4012812613d32ba668ad7dd52000c3/element'
2023-04-27 20:54:42 DEBUG HttpHandler:70 ? 

Request DefaultHttpRequest(decodeResult: success, version: HTTP/1.1)
POST /session/2c4012812613d32ba668ad7dd52000c3/element HTTP/1.1
User-Agent: selenium/4.9.0 (java windows)
Content-Length: 53
Content-Type: application/json; charset=utf-8
host: localhost:6474
accept: */*

Response DefaultHttpResponse(decodeResult: success, version: HTTP/1.1)
HTTP/1.1 200 OK
Content-Length: 88
Content-Type: application/json; charset=utf-8
cache-control: no-cache

2023-04-27 20:54:42 DEBUG ChannelManager:270 ? Adding key: http://localhost:6474 for channel [id: 0x94bae851, L:/127.0.0.1:51250 - R:localhost/127.0.0.1:6474]
2023-04-27 20:54:42 DEBUG NettyRequestSender:593 ? Using pooled Channel '[id: 0x94bae851, L:/127.0.0.1:51250 - R:localhost/127.0.0.1:6474]' for 'POST' to 'http://localhost:6474/session/2c4012812613d32ba668ad7dd52000c3/actions'
2023-04-27 20:54:42 DEBUG NettyRequestSender:251 ? Using open Channel [id: 0x94bae851, L:/127.0.0.1:51250 - R:localhost/127.0.0.1:6474] for POST '/session/2c4012812613d32ba668ad7dd52000c3/actions'
2023-04-27 20:54:42 DEBUG HttpHandler:70 ? 

Request DefaultHttpRequest(decodeResult: success, version: HTTP/1.1)
POST /session/2c4012812613d32ba668ad7dd52000c3/actions HTTP/1.1
User-Agent: selenium/4.9.0 (java windows)
Content-Length: 2027
Content-Type: application/json; charset=utf-8
host: localhost:6474
accept: */*

Response DefaultHttpResponse(decodeResult: success, version: HTTP/1.1)
HTTP/1.1 200 OK
Content-Length: 14
Content-Type: application/json; charset=utf-8
cache-control: no-cache

2023-04-27 20:54:42 DEBUG ChannelManager:270 ? Adding key: http://localhost:6474 for channel [id: 0x94bae851, L:/127.0.0.1:51250 - R:localhost/127.0.0.1:6474]
2023-04-27 20:54:42 DEBUG NettyRequestSender:593 ? Using pooled Channel '[id: 0x94bae851, L:/127.0.0.1:51250 - R:localhost/127.0.0.1:6474]' for 'POST' to 'http://localhost:6474/session/2c4012812613d32ba668ad7dd52000c3/element'
2023-04-27 20:54:42 DEBUG NettyRequestSender:251 ? Using open Channel [id: 0x94bae851, L:/127.0.0.1:51250 - R:localhost/127.0.0.1:6474] for POST '/session/2c4012812613d32ba668ad7dd52000c3/element'
2023-04-27 20:54:42 DEBUG HttpHandler:70 ? 

Request DefaultHttpRequest(decodeResult: success, version: HTTP/1.1)
POST /session/2c4012812613d32ba668ad7dd52000c3/element HTTP/1.1
User-Agent: selenium/4.9.0 (java windows)
Content-Length: 54
Content-Type: application/json; charset=utf-8
host: localhost:6474
accept: */*

Response DefaultHttpResponse(decodeResult: success, version: HTTP/1.1)
HTTP/1.1 200 OK
Content-Length: 88
Content-Type: application/json; charset=utf-8
cache-control: no-cache

2023-04-27 20:54:42 DEBUG ChannelManager:270 ? Adding key: http://localhost:6474 for channel [id: 0x94bae851, L:/127.0.0.1:51250 - R:localhost/127.0.0.1:6474]
2023-04-27 20:54:42 DEBUG NettyRequestSender:593 ? Using pooled Channel '[id: 0x94bae851, L:/127.0.0.1:51250 - R:localhost/127.0.0.1:6474]' for 'POST' to 'http://localhost:6474/session/2c4012812613d32ba668ad7dd52000c3/actions'
2023-04-27 20:54:42 DEBUG NettyRequestSender:251 ? Using open Channel [id: 0x94bae851, L:/127.0.0.1:51250 - R:localhost/127.0.0.1:6474] for POST '/session/2c4012812613d32ba668ad7dd52000c3/actions'
2023-04-27 20:54:42 DEBUG HttpHandler:70 ? 

Request DefaultHttpRequest(decodeResult: success, version: HTTP/1.1)
POST /session/2c4012812613d32ba668ad7dd52000c3/actions HTTP/1.1
User-Agent: selenium/4.9.0 (java windows)
Content-Length: 567
Content-Type: application/json; charset=utf-8
host: localhost:6474
accept: */*

Response DefaultHttpResponse(decodeResult: success, version: HTTP/1.1)
HTTP/1.1 200 OK
Content-Length: 14
Content-Type: application/json; charset=utf-8
cache-control: no-cache

2023-04-27 20:54:42 DEBUG ChannelManager:270 ? Adding key: http://localhost:6474 for channel [id: 0x94bae851, L:/127.0.0.1:51250 - R:localhost/127.0.0.1:6474]
2023-04-27 20:54:42 DEBUG NettyRequestSender:593 ? Using pooled Channel '[id: 0x94bae851, L:/127.0.0.1:51250 - R:localhost/127.0.0.1:6474]' for 'POST' to 'http://localhost:6474/session/2c4012812613d32ba668ad7dd52000c3/element'
2023-04-27 20:54:42 DEBUG NettyRequestSender:251 ? Using open Channel [id: 0x94bae851, L:/127.0.0.1:51250 - R:localhost/127.0.0.1:6474] for POST '/session/2c4012812613d32ba668ad7dd52000c3/element'
2023-04-27 20:54:42 DEBUG HttpHandler:70 ? 

Request DefaultHttpRequest(decodeResult: success, version: HTTP/1.1)
POST /session/2c4012812613d32ba668ad7dd52000c3/element HTTP/1.1
User-Agent: selenium/4.9.0 (java windows)
Content-Length: 53
Content-Type: application/json; charset=utf-8
host: localhost:6474
accept: */*

Response DefaultHttpResponse(decodeResult: success, version: HTTP/1.1)
HTTP/1.1 200 OK
Content-Length: 88
Content-Type: application/json; charset=utf-8
cache-control: no-cache

2023-04-27 20:54:42 DEBUG ChannelManager:270 ? Adding key: http://localhost:6474 for channel [id: 0x94bae851, L:/127.0.0.1:51250 - R:localhost/127.0.0.1:6474]
2023-04-27 20:54:42 DEBUG NettyRequestSender:593 ? Using pooled Channel '[id: 0x94bae851, L:/127.0.0.1:51250 - R:localhost/127.0.0.1:6474]' for 'POST' to 'http://localhost:6474/session/2c4012812613d32ba668ad7dd52000c3/actions'
2023-04-27 20:54:42 DEBUG NettyRequestSender:251 ? Using open Channel [id: 0x94bae851, L:/127.0.0.1:51250 - R:localhost/127.0.0.1:6474] for POST '/session/2c4012812613d32ba668ad7dd52000c3/actions'
2023-04-27 20:54:42 DEBUG DefaultChannelPool:348 ? Entry count for : http://localhost:51253 : 1
2023-04-27 20:54:42 DEBUG HttpHandler:70 ? 

Request DefaultHttpRequest(decodeResult: success, version: HTTP/1.1)
POST /session/2c4012812613d32ba668ad7dd52000c3/actions HTTP/1.1
User-Agent: selenium/4.9.0 (java windows)
Content-Length: 2603
Content-Type: application/json; charset=utf-8
host: localhost:6474
accept: */*

Response DefaultHttpResponse(decodeResult: success, version: HTTP/1.1)
HTTP/1.1 200 OK
Content-Length: 14
Content-Type: application/json; charset=utf-8
cache-control: no-cache

2023-04-27 20:54:42 DEBUG ChannelManager:270 ? Adding key: http://localhost:6474 for channel [id: 0x94bae851, L:/127.0.0.1:51250 - R:localhost/127.0.0.1:6474]
2023-04-27 20:54:42 DEBUG NettyRequestSender:593 ? Using pooled Channel '[id: 0x94bae851, L:/127.0.0.1:51250 - R:localhost/127.0.0.1:6474]' for 'POST' to 'http://localhost:6474/session/2c4012812613d32ba668ad7dd52000c3/element'
2023-04-27 20:54:42 DEBUG NettyRequestSender:251 ? Using open Channel [id: 0x94bae851, L:/127.0.0.1:51250 - R:localhost/127.0.0.1:6474] for POST '/session/2c4012812613d32ba668ad7dd52000c3/element'
2023-04-27 20:54:42 DEBUG HttpHandler:70 ? 

Request DefaultHttpRequest(decodeResult: success, version: HTTP/1.1)
POST /session/2c4012812613d32ba668ad7dd52000c3/element HTTP/1.1
User-Agent: selenium/4.9.0 (java windows)
Content-Length: 53
Content-Type: application/json; charset=utf-8
host: localhost:6474
accept: */*

Response DefaultHttpResponse(decodeResult: success, version: HTTP/1.1)
HTTP/1.1 200 OK
Content-Length: 88
Content-Type: application/json; charset=utf-8
cache-control: no-cache

2023-04-27 20:54:42 DEBUG ChannelManager:270 ? Adding key: http://localhost:6474 for channel [id: 0x94bae851, L:/127.0.0.1:51250 - R:localhost/127.0.0.1:6474]
2023-04-27 20:54:42 DEBUG NettyRequestSender:593 ? Using pooled Channel '[id: 0x94bae851, L:/127.0.0.1:51250 - R:localhost/127.0.0.1:6474]' for 'POST' to 'http://localhost:6474/session/2c4012812613d32ba668ad7dd52000c3/actions'
2023-04-27 20:54:42 DEBUG NettyRequestSender:251 ? Using open Channel [id: 0x94bae851, L:/127.0.0.1:51250 - R:localhost/127.0.0.1:6474] for POST '/session/2c4012812613d32ba668ad7dd52000c3/actions'
2023-04-27 20:54:42 DEBUG HttpHandler:70 ? 

Request DefaultHttpRequest(decodeResult: success, version: HTTP/1.1)
POST /session/2c4012812613d32ba668ad7dd52000c3/actions HTTP/1.1
User-Agent: selenium/4.9.0 (java windows)
Content-Length: 2603
Content-Type: application/json; charset=utf-8
host: localhost:6474
accept: */*

Response DefaultHttpResponse(decodeResult: success, version: HTTP/1.1)
HTTP/1.1 200 OK
Content-Length: 14
Content-Type: application/json; charset=utf-8
cache-control: no-cache

2023-04-27 20:54:42 DEBUG ChannelManager:270 ? Adding key: http://localhost:6474 for channel [id: 0x94bae851, L:/127.0.0.1:51250 - R:localhost/127.0.0.1:6474]
2023-04-27 20:54:42 DEBUG NettyRequestSender:593 ? Using pooled Channel '[id: 0x94bae851, L:/127.0.0.1:51250 - R:localhost/127.0.0.1:6474]' for 'POST' to 'http://localhost:6474/session/2c4012812613d32ba668ad7dd52000c3/element'
2023-04-27 20:54:42 DEBUG NettyRequestSender:251 ? Using open Channel [id: 0x94bae851, L:/127.0.0.1:51250 - R:localhost/127.0.0.1:6474] for POST '/session/2c4012812613d32ba668ad7dd52000c3/element'
2023-04-27 20:54:42 DEBUG HttpHandler:70 ? 

Request DefaultHttpRequest(decodeResult: success, version: HTTP/1.1)
POST /session/2c4012812613d32ba668ad7dd52000c3/element HTTP/1.1
User-Agent: selenium/4.9.0 (java windows)
Content-Length: 60
Content-Type: application/json; charset=utf-8
host: localhost:6474
accept: */*

Response DefaultHttpResponse(decodeResult: success, version: HTTP/1.1)
HTTP/1.1 200 OK
Content-Length: 88
Content-Type: application/json; charset=utf-8
cache-control: no-cache

2023-04-27 20:54:42 DEBUG ChannelManager:270 ? Adding key: http://localhost:6474 for channel [id: 0x94bae851, L:/127.0.0.1:51250 - R:localhost/127.0.0.1:6474]
2023-04-27 20:54:42 DEBUG NettyRequestSender:593 ? Using pooled Channel '[id: 0x94bae851, L:/127.0.0.1:51250 - R:localhost/127.0.0.1:6474]' for 'POST' to 'http://localhost:6474/session/2c4012812613d32ba668ad7dd52000c3/actions'
2023-04-27 20:54:42 DEBUG NettyRequestSender:251 ? Using open Channel [id: 0x94bae851, L:/127.0.0.1:51250 - R:localhost/127.0.0.1:6474] for POST '/session/2c4012812613d32ba668ad7dd52000c3/actions'
2023-04-27 20:54:43 DEBUG HttpHandler:70 ? 

Request DefaultHttpRequest(decodeResult: success, version: HTTP/1.1)
POST /session/2c4012812613d32ba668ad7dd52000c3/actions HTTP/1.1
User-Agent: selenium/4.9.0 (java windows)
Content-Length: 1739
Content-Type: application/json; charset=utf-8
host: localhost:6474
accept: */*

Response DefaultHttpResponse(decodeResult: success, version: HTTP/1.1)
HTTP/1.1 200 OK
Content-Length: 14
Content-Type: application/json; charset=utf-8
cache-control: no-cache

2023-04-27 20:54:43 DEBUG ChannelManager:270 ? Adding key: http://localhost:6474 for channel [id: 0x94bae851, L:/127.0.0.1:51250 - R:localhost/127.0.0.1:6474]
2023-04-27 20:54:43 DEBUG NettyRequestSender:593 ? Using pooled Channel '[id: 0x94bae851, L:/127.0.0.1:51250 - R:localhost/127.0.0.1:6474]' for 'POST' to 'http://localhost:6474/session/2c4012812613d32ba668ad7dd52000c3/element'
2023-04-27 20:54:43 DEBUG NettyRequestSender:251 ? Using open Channel [id: 0x94bae851, L:/127.0.0.1:51250 - R:localhost/127.0.0.1:6474] for POST '/session/2c4012812613d32ba668ad7dd52000c3/element'
2023-04-27 20:54:43 DEBUG HttpHandler:70 ? 

Request DefaultHttpRequest(decodeResult: success, version: HTTP/1.1)
POST /session/2c4012812613d32ba668ad7dd52000c3/element HTTP/1.1
User-Agent: selenium/4.9.0 (java windows)
Content-Length: 74
Content-Type: application/json; charset=utf-8
host: localhost:6474
accept: */*

Response DefaultHttpResponse(decodeResult: success, version: HTTP/1.1)
HTTP/1.1 200 OK
Content-Length: 88
Content-Type: application/json; charset=utf-8
cache-control: no-cache

2023-04-27 20:54:43 DEBUG ChannelManager:270 ? Adding key: http://localhost:6474 for channel [id: 0x94bae851, L:/127.0.0.1:51250 - R:localhost/127.0.0.1:6474]
2023-04-27 20:54:43 DEBUG NettyRequestSender:593 ? Using pooled Channel '[id: 0x94bae851, L:/127.0.0.1:51250 - R:localhost/127.0.0.1:6474]' for 'GET' to 'http://localhost:6474/session/2c4012812613d32ba668ad7dd52000c3/element/f5889cc2-7589-40a4-b93a-d465c6af4077/enabled'
2023-04-27 20:54:43 DEBUG NettyRequestSender:251 ? Using open Channel [id: 0x94bae851, L:/127.0.0.1:51250 - R:localhost/127.0.0.1:6474] for GET '/session/2c4012812613d32ba668ad7dd52000c3/element/f5889cc2-7589-40a4-b93a-d465c6af4077/enabled'
2023-04-27 20:54:43 DEBUG HttpHandler:70 ? 

Request DefaultFullHttpRequest(decodeResult: success, version: HTTP/1.1, content: EmptyByteBufBE)
GET /session/2c4012812613d32ba668ad7dd52000c3/element/f5889cc2-7589-40a4-b93a-d465c6af4077/enabled HTTP/1.1
User-Agent: selenium/4.9.0 (java windows)
Cache-Control: no-cache
Content-Type: application/json; charset=utf-8
host: localhost:6474
accept: */*

Response DefaultHttpResponse(decodeResult: success, version: HTTP/1.1)
HTTP/1.1 200 OK
Content-Length: 15
Content-Type: application/json; charset=utf-8
cache-control: no-cache

2023-04-27 20:54:43 DEBUG ChannelManager:270 ? Adding key: http://localhost:6474 for channel [id: 0x94bae851, L:/127.0.0.1:51250 - R:localhost/127.0.0.1:6474]
2023-04-27 20:54:43 DEBUG NettyRequestSender:593 ? Using pooled Channel '[id: 0x94bae851, L:/127.0.0.1:51250 - R:localhost/127.0.0.1:6474]' for 'POST' to 'http://localhost:6474/session/2c4012812613d32ba668ad7dd52000c3/elements'
2023-04-27 20:54:43 DEBUG NettyRequestSender:251 ? Using open Channel [id: 0x94bae851, L:/127.0.0.1:51250 - R:localhost/127.0.0.1:6474] for POST '/session/2c4012812613d32ba668ad7dd52000c3/elements'
2023-04-27 20:54:43 DEBUG HttpHandler:70 ? 

Request DefaultHttpRequest(decodeResult: success, version: HTTP/1.1)
POST /session/2c4012812613d32ba668ad7dd52000c3/elements HTTP/1.1
User-Agent: selenium/4.9.0 (java windows)
Content-Length: 45
Content-Type: application/json; charset=utf-8
host: localhost:6474
accept: */*

Response DefaultHttpResponse(decodeResult: success, version: HTTP/1.1)
HTTP/1.1 200 OK
Content-Length: 564
Content-Type: application/json; charset=utf-8
cache-control: no-cache

2023-04-27 20:54:43 DEBUG ChannelManager:270 ? Adding key: http://localhost:6474 for channel [id: 0x94bae851, L:/127.0.0.1:51250 - R:localhost/127.0.0.1:6474]
2023-04-27 20:54:43 DEBUG NettyRequestSender:593 ? Using pooled Channel '[id: 0x94bae851, L:/127.0.0.1:51250 - R:localhost/127.0.0.1:6474]' for 'POST' to 'http://localhost:6474/session/2c4012812613d32ba668ad7dd52000c3/element/85ffa141-05aa-44c2-b9db-5cd5307b9503/clear'
2023-04-27 20:54:43 DEBUG NettyRequestSender:251 ? Using open Channel [id: 0x94bae851, L:/127.0.0.1:51250 - R:localhost/127.0.0.1:6474] for POST '/session/2c4012812613d32ba668ad7dd52000c3/element/85ffa141-05aa-44c2-b9db-5cd5307b9503/clear'
2023-04-27 20:54:43 DEBUG HttpHandler:70 ? 

Request DefaultHttpRequest(decodeResult: success, version: HTTP/1.1)
POST /session/2c4012812613d32ba668ad7dd52000c3/element/85ffa141-05aa-44c2-b9db-5cd5307b9503/clear HTTP/1.1
User-Agent: selenium/4.9.0 (java windows)
Content-Length: 50
Content-Type: application/json; charset=utf-8
host: localhost:6474
accept: */*

Response DefaultHttpResponse(decodeResult: success, version: HTTP/1.1)
HTTP/1.1 200 OK
Content-Length: 14
Content-Type: application/json; charset=utf-8
cache-control: no-cache

2023-04-27 20:54:43 DEBUG ChannelManager:270 ? Adding key: http://localhost:6474 for channel [id: 0x94bae851, L:/127.0.0.1:51250 - R:localhost/127.0.0.1:6474]
2023-04-27 20:54:43 DEBUG NettyRequestSender:593 ? Using pooled Channel '[id: 0x94bae851, L:/127.0.0.1:51250 - R:localhost/127.0.0.1:6474]' for 'POST' to 'http://localhost:6474/session/2c4012812613d32ba668ad7dd52000c3/element/8f414f45-2f94-413f-b88a-a628613f2955/clear'
2023-04-27 20:54:43 DEBUG NettyRequestSender:251 ? Using open Channel [id: 0x94bae851, L:/127.0.0.1:51250 - R:localhost/127.0.0.1:6474] for POST '/session/2c4012812613d32ba668ad7dd52000c3/element/8f414f45-2f94-413f-b88a-a628613f2955/clear'
2023-04-27 20:54:43 DEBUG HttpHandler:70 ? 

Request DefaultHttpRequest(decodeResult: success, version: HTTP/1.1)
POST /session/2c4012812613d32ba668ad7dd52000c3/element/8f414f45-2f94-413f-b88a-a628613f2955/clear HTTP/1.1
User-Agent: selenium/4.9.0 (java windows)
Content-Length: 50
Content-Type: application/json; charset=utf-8
host: localhost:6474
accept: */*

Response DefaultHttpResponse(decodeResult: success, version: HTTP/1.1)
HTTP/1.1 200 OK
Content-Length: 14
Content-Type: application/json; charset=utf-8
cache-control: no-cache

2023-04-27 20:54:43 DEBUG ChannelManager:270 ? Adding key: http://localhost:6474 for channel [id: 0x94bae851, L:/127.0.0.1:51250 - R:localhost/127.0.0.1:6474]
2023-04-27 20:54:43 DEBUG NettyRequestSender:593 ? Using pooled Channel '[id: 0x94bae851, L:/127.0.0.1:51250 - R:localhost/127.0.0.1:6474]' for 'POST' to 'http://localhost:6474/session/2c4012812613d32ba668ad7dd52000c3/element/db0eb5cd-fca4-4004-8719-3ad3c6cae23f/clear'
2023-04-27 20:54:43 DEBUG NettyRequestSender:251 ? Using open Channel [id: 0x94bae851, L:/127.0.0.1:51250 - R:localhost/127.0.0.1:6474] for POST '/session/2c4012812613d32ba668ad7dd52000c3/element/db0eb5cd-fca4-4004-8719-3ad3c6cae23f/clear'
2023-04-27 20:54:43 DEBUG HttpHandler:70 ? 

Request DefaultHttpRequest(decodeResult: success, version: HTTP/1.1)
POST /session/2c4012812613d32ba668ad7dd52000c3/element/db0eb5cd-fca4-4004-8719-3ad3c6cae23f/clear HTTP/1.1
User-Agent: selenium/4.9.0 (java windows)
Content-Length: 50
Content-Type: application/json; charset=utf-8
host: localhost:6474
accept: */*

Response DefaultHttpResponse(decodeResult: success, version: HTTP/1.1)
HTTP/1.1 200 OK
Content-Length: 14
Content-Type: application/json; charset=utf-8
cache-control: no-cache

2023-04-27 20:54:43 DEBUG ChannelManager:270 ? Adding key: http://localhost:6474 for channel [id: 0x94bae851, L:/127.0.0.1:51250 - R:localhost/127.0.0.1:6474]
2023-04-27 20:54:43 DEBUG NettyRequestSender:593 ? Using pooled Channel '[id: 0x94bae851, L:/127.0.0.1:51250 - R:localhost/127.0.0.1:6474]' for 'POST' to 'http://localhost:6474/session/2c4012812613d32ba668ad7dd52000c3/element/4c6aad99-4389-43bb-9b82-4769676dca64/clear'
2023-04-27 20:54:43 DEBUG NettyRequestSender:251 ? Using open Channel [id: 0x94bae851, L:/127.0.0.1:51250 - R:localhost/127.0.0.1:6474] for POST '/session/2c4012812613d32ba668ad7dd52000c3/element/4c6aad99-4389-43bb-9b82-4769676dca64/clear'
2023-04-27 20:54:43 DEBUG HttpHandler:70 ? 

Request DefaultHttpRequest(decodeResult: success, version: HTTP/1.1)
POST /session/2c4012812613d32ba668ad7dd52000c3/element/4c6aad99-4389-43bb-9b82-4769676dca64/clear HTTP/1.1
User-Agent: selenium/4.9.0 (java windows)
Content-Length: 50
Content-Type: application/json; charset=utf-8
host: localhost:6474
accept: */*

Response DefaultHttpResponse(decodeResult: success, version: HTTP/1.1)
HTTP/1.1 200 OK
Content-Length: 14
Content-Type: application/json; charset=utf-8
cache-control: no-cache

2023-04-27 20:54:43 DEBUG ChannelManager:270 ? Adding key: http://localhost:6474 for channel [id: 0x94bae851, L:/127.0.0.1:51250 - R:localhost/127.0.0.1:6474]
2023-04-27 20:54:43 DEBUG NettyRequestSender:593 ? Using pooled Channel '[id: 0x94bae851, L:/127.0.0.1:51250 - R:localhost/127.0.0.1:6474]' for 'POST' to 'http://localhost:6474/session/2c4012812613d32ba668ad7dd52000c3/element/c916a6f5-cf6b-49fc-9e42-644ee74b1353/clear'
2023-04-27 20:54:43 DEBUG NettyRequestSender:251 ? Using open Channel [id: 0x94bae851, L:/127.0.0.1:51250 - R:localhost/127.0.0.1:6474] for POST '/session/2c4012812613d32ba668ad7dd52000c3/element/c916a6f5-cf6b-49fc-9e42-644ee74b1353/clear'
2023-04-27 20:54:43 DEBUG HttpHandler:70 ? 

Request DefaultHttpRequest(decodeResult: success, version: HTTP/1.1)
POST /session/2c4012812613d32ba668ad7dd52000c3/element/c916a6f5-cf6b-49fc-9e42-644ee74b1353/clear HTTP/1.1
User-Agent: selenium/4.9.0 (java windows)
Content-Length: 50
Content-Type: application/json; charset=utf-8
host: localhost:6474
accept: */*

Response DefaultHttpResponse(decodeResult: success, version: HTTP/1.1)
HTTP/1.1 200 OK
Content-Length: 14
Content-Type: application/json; charset=utf-8
cache-control: no-cache

2023-04-27 20:54:43 DEBUG ChannelManager:270 ? Adding key: http://localhost:6474 for channel [id: 0x94bae851, L:/127.0.0.1:51250 - R:localhost/127.0.0.1:6474]
2023-04-27 20:54:43 DEBUG NettyRequestSender:593 ? Using pooled Channel '[id: 0x94bae851, L:/127.0.0.1:51250 - R:localhost/127.0.0.1:6474]' for 'POST' to 'http://localhost:6474/session/2c4012812613d32ba668ad7dd52000c3/element/03b32d1d-7e75-4359-9dab-94e0965684ba/clear'
2023-04-27 20:54:43 DEBUG NettyRequestSender:251 ? Using open Channel [id: 0x94bae851, L:/127.0.0.1:51250 - R:localhost/127.0.0.1:6474] for POST '/session/2c4012812613d32ba668ad7dd52000c3/element/03b32d1d-7e75-4359-9dab-94e0965684ba/clear'
2023-04-27 20:54:43 DEBUG HttpHandler:70 ? 

Request DefaultHttpRequest(decodeResult: success, version: HTTP/1.1)
POST /session/2c4012812613d32ba668ad7dd52000c3/element/03b32d1d-7e75-4359-9dab-94e0965684ba/clear HTTP/1.1
User-Agent: selenium/4.9.0 (java windows)
Content-Length: 50
Content-Type: application/json; charset=utf-8
host: localhost:6474
accept: */*

Response DefaultHttpResponse(decodeResult: success, version: HTTP/1.1)
HTTP/1.1 200 OK
Content-Length: 14
Content-Type: application/json; charset=utf-8
cache-control: no-cache

2023-04-27 20:54:43 DEBUG ChannelManager:270 ? Adding key: http://localhost:6474 for channel [id: 0x94bae851, L:/127.0.0.1:51250 - R:localhost/127.0.0.1:6474]
2023-04-27 20:54:43 DEBUG NettyRequestSender:593 ? Using pooled Channel '[id: 0x94bae851, L:/127.0.0.1:51250 - R:localhost/127.0.0.1:6474]' for 'POST' to 'http://localhost:6474/session/2c4012812613d32ba668ad7dd52000c3/element/34cf7fb3-2b8a-4553-9ce3-62622f016427/clear'
2023-04-27 20:54:43 DEBUG NettyRequestSender:251 ? Using open Channel [id: 0x94bae851, L:/127.0.0.1:51250 - R:localhost/127.0.0.1:6474] for POST '/session/2c4012812613d32ba668ad7dd52000c3/element/34cf7fb3-2b8a-4553-9ce3-62622f016427/clear'
2023-04-27 20:54:43 DEBUG HttpHandler:70 ? 

Request DefaultHttpRequest(decodeResult: success, version: HTTP/1.1)
POST /session/2c4012812613d32ba668ad7dd52000c3/element/34cf7fb3-2b8a-4553-9ce3-62622f016427/clear HTTP/1.1
User-Agent: selenium/4.9.0 (java windows)
Content-Length: 50
Content-Type: application/json; charset=utf-8
host: localhost:6474
accept: */*

Response DefaultHttpResponse(decodeResult: success, version: HTTP/1.1)
HTTP/1.1 200 OK
Content-Length: 14
Content-Type: application/json; charset=utf-8
cache-control: no-cache

2023-04-27 20:54:43 DEBUG ChannelManager:270 ? Adding key: http://localhost:6474 for channel [id: 0x94bae851, L:/127.0.0.1:51250 - R:localhost/127.0.0.1:6474]
2023-04-27 20:54:43 DEBUG NettyRequestSender:593 ? Using pooled Channel '[id: 0x94bae851, L:/127.0.0.1:51250 - R:localhost/127.0.0.1:6474]' for 'POST' to 'http://localhost:6474/session/2c4012812613d32ba668ad7dd52000c3/element'
2023-04-27 20:54:43 DEBUG NettyRequestSender:251 ? Using open Channel [id: 0x94bae851, L:/127.0.0.1:51250 - R:localhost/127.0.0.1:6474] for POST '/session/2c4012812613d32ba668ad7dd52000c3/element'
2023-04-27 20:54:43 DEBUG HttpHandler:70 ? 

Request DefaultHttpRequest(decodeResult: success, version: HTTP/1.1)
POST /session/2c4012812613d32ba668ad7dd52000c3/element HTTP/1.1
User-Agent: selenium/4.9.0 (java windows)
Content-Length: 53
Content-Type: application/json; charset=utf-8
host: localhost:6474
accept: */*

Response DefaultHttpResponse(decodeResult: success, version: HTTP/1.1)
HTTP/1.1 200 OK
Content-Length: 88
Content-Type: application/json; charset=utf-8
cache-control: no-cache

2023-04-27 20:54:43 DEBUG ChannelManager:270 ? Adding key: http://localhost:6474 for channel [id: 0x94bae851, L:/127.0.0.1:51250 - R:localhost/127.0.0.1:6474]
2023-04-27 20:54:43 DEBUG NettyRequestSender:593 ? Using pooled Channel '[id: 0x94bae851, L:/127.0.0.1:51250 - R:localhost/127.0.0.1:6474]' for 'POST' to 'http://localhost:6474/session/2c4012812613d32ba668ad7dd52000c3/actions'
2023-04-27 20:54:43 DEBUG NettyRequestSender:251 ? Using open Channel [id: 0x94bae851, L:/127.0.0.1:51250 - R:localhost/127.0.0.1:6474] for POST '/session/2c4012812613d32ba668ad7dd52000c3/actions'
2023-04-27 20:54:43 DEBUG DefaultChannelPool:348 ? Entry count for : http://localhost:51253 : 1
2023-04-27 20:54:43 DEBUG HttpHandler:70 ? 

Request DefaultHttpRequest(decodeResult: success, version: HTTP/1.1)
POST /session/2c4012812613d32ba668ad7dd52000c3/actions HTTP/1.1
User-Agent: selenium/4.9.0 (java windows)
Content-Length: 567
Content-Type: application/json; charset=utf-8
host: localhost:6474
accept: */*

Response DefaultHttpResponse(decodeResult: success, version: HTTP/1.1)
HTTP/1.1 200 OK
Content-Length: 14
Content-Type: application/json; charset=utf-8
cache-control: no-cache

2023-04-27 20:54:43 DEBUG ChannelManager:270 ? Adding key: http://localhost:6474 for channel [id: 0x94bae851, L:/127.0.0.1:51250 - R:localhost/127.0.0.1:6474]
2023-04-27 20:54:43 DEBUG NettyRequestSender:593 ? Using pooled Channel '[id: 0x94bae851, L:/127.0.0.1:51250 - R:localhost/127.0.0.1:6474]' for 'POST' to 'http://localhost:6474/session/2c4012812613d32ba668ad7dd52000c3/element'
2023-04-27 20:54:43 DEBUG NettyRequestSender:251 ? Using open Channel [id: 0x94bae851, L:/127.0.0.1:51250 - R:localhost/127.0.0.1:6474] for POST '/session/2c4012812613d32ba668ad7dd52000c3/element'
2023-04-27 20:54:43 DEBUG HttpHandler:70 ? 

Request DefaultHttpRequest(decodeResult: success, version: HTTP/1.1)
POST /session/2c4012812613d32ba668ad7dd52000c3/element HTTP/1.1
User-Agent: selenium/4.9.0 (java windows)
Content-Length: 54
Content-Type: application/json; charset=utf-8
host: localhost:6474
accept: */*

Response DefaultHttpResponse(decodeResult: success, version: HTTP/1.1)
HTTP/1.1 200 OK
Content-Length: 88
Content-Type: application/json; charset=utf-8
cache-control: no-cache

2023-04-27 20:54:43 DEBUG ChannelManager:270 ? Adding key: http://localhost:6474 for channel [id: 0x94bae851, L:/127.0.0.1:51250 - R:localhost/127.0.0.1:6474]
2023-04-27 20:54:43 DEBUG NettyRequestSender:593 ? Using pooled Channel '[id: 0x94bae851, L:/127.0.0.1:51250 - R:localhost/127.0.0.1:6474]' for 'POST' to 'http://localhost:6474/session/2c4012812613d32ba668ad7dd52000c3/actions'
2023-04-27 20:54:43 DEBUG NettyRequestSender:251 ? Using open Channel [id: 0x94bae851, L:/127.0.0.1:51250 - R:localhost/127.0.0.1:6474] for POST '/session/2c4012812613d32ba668ad7dd52000c3/actions'
2023-04-27 20:54:43 DEBUG HttpHandler:70 ? 

Request DefaultHttpRequest(decodeResult: success, version: HTTP/1.1)
POST /session/2c4012812613d32ba668ad7dd52000c3/actions HTTP/1.1
User-Agent: selenium/4.9.0 (java windows)
Content-Length: 2027
Content-Type: application/json; charset=utf-8
host: localhost:6474
accept: */*

Response DefaultHttpResponse(decodeResult: success, version: HTTP/1.1)
HTTP/1.1 200 OK
Content-Length: 14
Content-Type: application/json; charset=utf-8
cache-control: no-cache

2023-04-27 20:54:43 DEBUG ChannelManager:270 ? Adding key: http://localhost:6474 for channel [id: 0x94bae851, L:/127.0.0.1:51250 - R:localhost/127.0.0.1:6474]
2023-04-27 20:54:43 DEBUG NettyRequestSender:593 ? Using pooled Channel '[id: 0x94bae851, L:/127.0.0.1:51250 - R:localhost/127.0.0.1:6474]' for 'POST' to 'http://localhost:6474/session/2c4012812613d32ba668ad7dd52000c3/element'
2023-04-27 20:54:43 DEBUG NettyRequestSender:251 ? Using open Channel [id: 0x94bae851, L:/127.0.0.1:51250 - R:localhost/127.0.0.1:6474] for POST '/session/2c4012812613d32ba668ad7dd52000c3/element'
2023-04-27 20:54:43 DEBUG HttpHandler:70 ? 

Request DefaultHttpRequest(decodeResult: success, version: HTTP/1.1)
POST /session/2c4012812613d32ba668ad7dd52000c3/element HTTP/1.1
User-Agent: selenium/4.9.0 (java windows)
Content-Length: 53
Content-Type: application/json; charset=utf-8
host: localhost:6474
accept: */*

Response DefaultHttpResponse(decodeResult: success, version: HTTP/1.1)
HTTP/1.1 200 OK
Content-Length: 88
Content-Type: application/json; charset=utf-8
cache-control: no-cache

2023-04-27 20:54:43 DEBUG ChannelManager:270 ? Adding key: http://localhost:6474 for channel [id: 0x94bae851, L:/127.0.0.1:51250 - R:localhost/127.0.0.1:6474]
2023-04-27 20:54:43 DEBUG NettyRequestSender:593 ? Using pooled Channel '[id: 0x94bae851, L:/127.0.0.1:51250 - R:localhost/127.0.0.1:6474]' for 'POST' to 'http://localhost:6474/session/2c4012812613d32ba668ad7dd52000c3/actions'
2023-04-27 20:54:43 DEBUG NettyRequestSender:251 ? Using open Channel [id: 0x94bae851, L:/127.0.0.1:51250 - R:localhost/127.0.0.1:6474] for POST '/session/2c4012812613d32ba668ad7dd52000c3/actions'
2023-04-27 20:54:44 DEBUG HttpHandler:70 ? 

Request DefaultHttpRequest(decodeResult: success, version: HTTP/1.1)
POST /session/2c4012812613d32ba668ad7dd52000c3/actions HTTP/1.1
User-Agent: selenium/4.9.0 (java windows)
Content-Length: 1451
Content-Type: application/json; charset=utf-8
host: localhost:6474
accept: */*

Response DefaultHttpResponse(decodeResult: success, version: HTTP/1.1)
HTTP/1.1 200 OK
Content-Length: 14
Content-Type: application/json; charset=utf-8
cache-control: no-cache

2023-04-27 20:54:44 DEBUG ChannelManager:270 ? Adding key: http://localhost:6474 for channel [id: 0x94bae851, L:/127.0.0.1:51250 - R:localhost/127.0.0.1:6474]
2023-04-27 20:54:44 DEBUG NettyRequestSender:593 ? Using pooled Channel '[id: 0x94bae851, L:/127.0.0.1:51250 - R:localhost/127.0.0.1:6474]' for 'POST' to 'http://localhost:6474/session/2c4012812613d32ba668ad7dd52000c3/element'
2023-04-27 20:54:44 DEBUG NettyRequestSender:251 ? Using open Channel [id: 0x94bae851, L:/127.0.0.1:51250 - R:localhost/127.0.0.1:6474] for POST '/session/2c4012812613d32ba668ad7dd52000c3/element'
2023-04-27 20:54:44 DEBUG HttpHandler:70 ? 

Request DefaultHttpRequest(decodeResult: success, version: HTTP/1.1)
POST /session/2c4012812613d32ba668ad7dd52000c3/element HTTP/1.1
User-Agent: selenium/4.9.0 (java windows)
Content-Length: 53
Content-Type: application/json; charset=utf-8
host: localhost:6474
accept: */*

Response DefaultHttpResponse(decodeResult: success, version: HTTP/1.1)
HTTP/1.1 200 OK
Content-Length: 88
Content-Type: application/json; charset=utf-8
cache-control: no-cache

2023-04-27 20:54:44 DEBUG ChannelManager:270 ? Adding key: http://localhost:6474 for channel [id: 0x94bae851, L:/127.0.0.1:51250 - R:localhost/127.0.0.1:6474]
2023-04-27 20:54:44 DEBUG NettyRequestSender:593 ? Using pooled Channel '[id: 0x94bae851, L:/127.0.0.1:51250 - R:localhost/127.0.0.1:6474]' for 'POST' to 'http://localhost:6474/session/2c4012812613d32ba668ad7dd52000c3/actions'
2023-04-27 20:54:44 DEBUG NettyRequestSender:251 ? Using open Channel [id: 0x94bae851, L:/127.0.0.1:51250 - R:localhost/127.0.0.1:6474] for POST '/session/2c4012812613d32ba668ad7dd52000c3/actions'
2023-04-27 20:54:44 DEBUG HttpHandler:70 ? 

Request DefaultHttpRequest(decodeResult: success, version: HTTP/1.1)
POST /session/2c4012812613d32ba668ad7dd52000c3/actions HTTP/1.1
User-Agent: selenium/4.9.0 (java windows)
Content-Length: 2603
Content-Type: application/json; charset=utf-8
host: localhost:6474
accept: */*

Response DefaultHttpResponse(decodeResult: success, version: HTTP/1.1)
HTTP/1.1 200 OK
Content-Length: 14
Content-Type: application/json; charset=utf-8
cache-control: no-cache

2023-04-27 20:54:44 DEBUG ChannelManager:270 ? Adding key: http://localhost:6474 for channel [id: 0x94bae851, L:/127.0.0.1:51250 - R:localhost/127.0.0.1:6474]
2023-04-27 20:54:44 DEBUG NettyRequestSender:593 ? Using pooled Channel '[id: 0x94bae851, L:/127.0.0.1:51250 - R:localhost/127.0.0.1:6474]' for 'POST' to 'http://localhost:6474/session/2c4012812613d32ba668ad7dd52000c3/element'
2023-04-27 20:54:44 DEBUG NettyRequestSender:251 ? Using open Channel [id: 0x94bae851, L:/127.0.0.1:51250 - R:localhost/127.0.0.1:6474] for POST '/session/2c4012812613d32ba668ad7dd52000c3/element'
2023-04-27 20:54:44 DEBUG HttpHandler:70 ? 

Request DefaultHttpRequest(decodeResult: success, version: HTTP/1.1)
POST /session/2c4012812613d32ba668ad7dd52000c3/element HTTP/1.1
User-Agent: selenium/4.9.0 (java windows)
Content-Length: 60
Content-Type: application/json; charset=utf-8
host: localhost:6474
accept: */*

Response DefaultHttpResponse(decodeResult: success, version: HTTP/1.1)
HTTP/1.1 200 OK
Content-Length: 88
Content-Type: application/json; charset=utf-8
cache-control: no-cache

2023-04-27 20:54:44 DEBUG ChannelManager:270 ? Adding key: http://localhost:6474 for channel [id: 0x94bae851, L:/127.0.0.1:51250 - R:localhost/127.0.0.1:6474]
2023-04-27 20:54:44 DEBUG NettyRequestSender:593 ? Using pooled Channel '[id: 0x94bae851, L:/127.0.0.1:51250 - R:localhost/127.0.0.1:6474]' for 'POST' to 'http://localhost:6474/session/2c4012812613d32ba668ad7dd52000c3/actions'
2023-04-27 20:54:44 DEBUG NettyRequestSender:251 ? Using open Channel [id: 0x94bae851, L:/127.0.0.1:51250 - R:localhost/127.0.0.1:6474] for POST '/session/2c4012812613d32ba668ad7dd52000c3/actions'
2023-04-27 20:54:44 DEBUG HttpHandler:70 ? 

Request DefaultHttpRequest(decodeResult: success, version: HTTP/1.1)
POST /session/2c4012812613d32ba668ad7dd52000c3/actions HTTP/1.1
User-Agent: selenium/4.9.0 (java windows)
Content-Length: 567
Content-Type: application/json; charset=utf-8
host: localhost:6474
accept: */*

Response DefaultHttpResponse(decodeResult: success, version: HTTP/1.1)
HTTP/1.1 200 OK
Content-Length: 14
Content-Type: application/json; charset=utf-8
cache-control: no-cache

2023-04-27 20:54:44 DEBUG ChannelManager:270 ? Adding key: http://localhost:6474 for channel [id: 0x94bae851, L:/127.0.0.1:51250 - R:localhost/127.0.0.1:6474]
2023-04-27 20:54:44 DEBUG NettyRequestSender:593 ? Using pooled Channel '[id: 0x94bae851, L:/127.0.0.1:51250 - R:localhost/127.0.0.1:6474]' for 'POST' to 'http://localhost:6474/session/2c4012812613d32ba668ad7dd52000c3/element'
2023-04-27 20:54:44 DEBUG NettyRequestSender:251 ? Using open Channel [id: 0x94bae851, L:/127.0.0.1:51250 - R:localhost/127.0.0.1:6474] for POST '/session/2c4012812613d32ba668ad7dd52000c3/element'
2023-04-27 20:54:44 DEBUG HttpHandler:70 ? 

Request DefaultHttpRequest(decodeResult: success, version: HTTP/1.1)
POST /session/2c4012812613d32ba668ad7dd52000c3/element HTTP/1.1
User-Agent: selenium/4.9.0 (java windows)
Content-Length: 74
Content-Type: application/json; charset=utf-8
host: localhost:6474
accept: */*

Response DefaultHttpResponse(decodeResult: success, version: HTTP/1.1)
HTTP/1.1 200 OK
Content-Length: 88
Content-Type: application/json; charset=utf-8
cache-control: no-cache

2023-04-27 20:54:44 DEBUG ChannelManager:270 ? Adding key: http://localhost:6474 for channel [id: 0x94bae851, L:/127.0.0.1:51250 - R:localhost/127.0.0.1:6474]
2023-04-27 20:54:44 DEBUG NettyRequestSender:593 ? Using pooled Channel '[id: 0x94bae851, L:/127.0.0.1:51250 - R:localhost/127.0.0.1:6474]' for 'GET' to 'http://localhost:6474/session/2c4012812613d32ba668ad7dd52000c3/element/f5889cc2-7589-40a4-b93a-d465c6af4077/enabled'
2023-04-27 20:54:44 DEBUG NettyRequestSender:251 ? Using open Channel [id: 0x94bae851, L:/127.0.0.1:51250 - R:localhost/127.0.0.1:6474] for GET '/session/2c4012812613d32ba668ad7dd52000c3/element/f5889cc2-7589-40a4-b93a-d465c6af4077/enabled'
2023-04-27 20:54:44 DEBUG HttpHandler:70 ? 

Request DefaultFullHttpRequest(decodeResult: success, version: HTTP/1.1, content: EmptyByteBufBE)
GET /session/2c4012812613d32ba668ad7dd52000c3/element/f5889cc2-7589-40a4-b93a-d465c6af4077/enabled HTTP/1.1
User-Agent: selenium/4.9.0 (java windows)
Cache-Control: no-cache
Content-Type: application/json; charset=utf-8
host: localhost:6474
accept: */*

Response DefaultHttpResponse(decodeResult: success, version: HTTP/1.1)
HTTP/1.1 200 OK
Content-Length: 15
Content-Type: application/json; charset=utf-8
cache-control: no-cache

2023-04-27 20:54:44 DEBUG ChannelManager:270 ? Adding key: http://localhost:6474 for channel [id: 0x94bae851, L:/127.0.0.1:51250 - R:localhost/127.0.0.1:6474]
2023-04-27 20:54:44 DEBUG NettyRequestSender:593 ? Using pooled Channel '[id: 0x94bae851, L:/127.0.0.1:51250 - R:localhost/127.0.0.1:6474]' for 'POST' to 'http://localhost:6474/session/2c4012812613d32ba668ad7dd52000c3/elements'
2023-04-27 20:54:44 DEBUG NettyRequestSender:251 ? Using open Channel [id: 0x94bae851, L:/127.0.0.1:51250 - R:localhost/127.0.0.1:6474] for POST '/session/2c4012812613d32ba668ad7dd52000c3/elements'
2023-04-27 20:54:44 DEBUG HttpHandler:70 ? 

Request DefaultHttpRequest(decodeResult: success, version: HTTP/1.1)
POST /session/2c4012812613d32ba668ad7dd52000c3/elements HTTP/1.1
User-Agent: selenium/4.9.0 (java windows)
Content-Length: 45
Content-Type: application/json; charset=utf-8
host: localhost:6474
accept: */*

Response DefaultHttpResponse(decodeResult: success, version: HTTP/1.1)
HTTP/1.1 200 OK
Content-Length: 564
Content-Type: application/json; charset=utf-8
cache-control: no-cache

2023-04-27 20:54:44 DEBUG ChannelManager:270 ? Adding key: http://localhost:6474 for channel [id: 0x94bae851, L:/127.0.0.1:51250 - R:localhost/127.0.0.1:6474]
2023-04-27 20:54:44 DEBUG NettyRequestSender:593 ? Using pooled Channel '[id: 0x94bae851, L:/127.0.0.1:51250 - R:localhost/127.0.0.1:6474]' for 'POST' to 'http://localhost:6474/session/2c4012812613d32ba668ad7dd52000c3/element/85ffa141-05aa-44c2-b9db-5cd5307b9503/clear'
2023-04-27 20:54:44 DEBUG NettyRequestSender:251 ? Using open Channel [id: 0x94bae851, L:/127.0.0.1:51250 - R:localhost/127.0.0.1:6474] for POST '/session/2c4012812613d32ba668ad7dd52000c3/element/85ffa141-05aa-44c2-b9db-5cd5307b9503/clear'
2023-04-27 20:54:44 DEBUG HttpHandler:70 ? 

Request DefaultHttpRequest(decodeResult: success, version: HTTP/1.1)
POST /session/2c4012812613d32ba668ad7dd52000c3/element/85ffa141-05aa-44c2-b9db-5cd5307b9503/clear HTTP/1.1
User-Agent: selenium/4.9.0 (java windows)
Content-Length: 50
Content-Type: application/json; charset=utf-8
host: localhost:6474
accept: */*

Response DefaultHttpResponse(decodeResult: success, version: HTTP/1.1)
HTTP/1.1 200 OK
Content-Length: 14
Content-Type: application/json; charset=utf-8
cache-control: no-cache

2023-04-27 20:54:44 DEBUG ChannelManager:270 ? Adding key: http://localhost:6474 for channel [id: 0x94bae851, L:/127.0.0.1:51250 - R:localhost/127.0.0.1:6474]
2023-04-27 20:54:44 DEBUG NettyRequestSender:593 ? Using pooled Channel '[id: 0x94bae851, L:/127.0.0.1:51250 - R:localhost/127.0.0.1:6474]' for 'POST' to 'http://localhost:6474/session/2c4012812613d32ba668ad7dd52000c3/element/8f414f45-2f94-413f-b88a-a628613f2955/clear'
2023-04-27 20:54:44 DEBUG NettyRequestSender:251 ? Using open Channel [id: 0x94bae851, L:/127.0.0.1:51250 - R:localhost/127.0.0.1:6474] for POST '/session/2c4012812613d32ba668ad7dd52000c3/element/8f414f45-2f94-413f-b88a-a628613f2955/clear'
2023-04-27 20:54:44 DEBUG HttpHandler:70 ? 

Request DefaultHttpRequest(decodeResult: success, version: HTTP/1.1)
POST /session/2c4012812613d32ba668ad7dd52000c3/element/8f414f45-2f94-413f-b88a-a628613f2955/clear HTTP/1.1
User-Agent: selenium/4.9.0 (java windows)
Content-Length: 50
Content-Type: application/json; charset=utf-8
host: localhost:6474
accept: */*

Response DefaultHttpResponse(decodeResult: success, version: HTTP/1.1)
HTTP/1.1 200 OK
Content-Length: 14
Content-Type: application/json; charset=utf-8
cache-control: no-cache

2023-04-27 20:54:44 DEBUG ChannelManager:270 ? Adding key: http://localhost:6474 for channel [id: 0x94bae851, L:/127.0.0.1:51250 - R:localhost/127.0.0.1:6474]
2023-04-27 20:54:44 DEBUG NettyRequestSender:593 ? Using pooled Channel '[id: 0x94bae851, L:/127.0.0.1:51250 - R:localhost/127.0.0.1:6474]' for 'POST' to 'http://localhost:6474/session/2c4012812613d32ba668ad7dd52000c3/element/db0eb5cd-fca4-4004-8719-3ad3c6cae23f/clear'
2023-04-27 20:54:44 DEBUG NettyRequestSender:251 ? Using open Channel [id: 0x94bae851, L:/127.0.0.1:51250 - R:localhost/127.0.0.1:6474] for POST '/session/2c4012812613d32ba668ad7dd52000c3/element/db0eb5cd-fca4-4004-8719-3ad3c6cae23f/clear'
2023-04-27 20:54:44 DEBUG HttpHandler:70 ? 

Request DefaultHttpRequest(decodeResult: success, version: HTTP/1.1)
POST /session/2c4012812613d32ba668ad7dd52000c3/element/db0eb5cd-fca4-4004-8719-3ad3c6cae23f/clear HTTP/1.1
User-Agent: selenium/4.9.0 (java windows)
Content-Length: 50
Content-Type: application/json; charset=utf-8
host: localhost:6474
accept: */*

Response DefaultHttpResponse(decodeResult: success, version: HTTP/1.1)
HTTP/1.1 200 OK
Content-Length: 14
Content-Type: application/json; charset=utf-8
cache-control: no-cache

2023-04-27 20:54:44 DEBUG ChannelManager:270 ? Adding key: http://localhost:6474 for channel [id: 0x94bae851, L:/127.0.0.1:51250 - R:localhost/127.0.0.1:6474]
2023-04-27 20:54:44 DEBUG NettyRequestSender:593 ? Using pooled Channel '[id: 0x94bae851, L:/127.0.0.1:51250 - R:localhost/127.0.0.1:6474]' for 'POST' to 'http://localhost:6474/session/2c4012812613d32ba668ad7dd52000c3/element/4c6aad99-4389-43bb-9b82-4769676dca64/clear'
2023-04-27 20:54:44 DEBUG NettyRequestSender:251 ? Using open Channel [id: 0x94bae851, L:/127.0.0.1:51250 - R:localhost/127.0.0.1:6474] for POST '/session/2c4012812613d32ba668ad7dd52000c3/element/4c6aad99-4389-43bb-9b82-4769676dca64/clear'
2023-04-27 20:54:44 DEBUG HttpHandler:70 ? 

Request DefaultHttpRequest(decodeResult: success, version: HTTP/1.1)
POST /session/2c4012812613d32ba668ad7dd52000c3/element/4c6aad99-4389-43bb-9b82-4769676dca64/clear HTTP/1.1
User-Agent: selenium/4.9.0 (java windows)
Content-Length: 50
Content-Type: application/json; charset=utf-8
host: localhost:6474
accept: */*

Response DefaultHttpResponse(decodeResult: success, version: HTTP/1.1)
HTTP/1.1 200 OK
Content-Length: 14
Content-Type: application/json; charset=utf-8
cache-control: no-cache

2023-04-27 20:54:44 DEBUG ChannelManager:270 ? Adding key: http://localhost:6474 for channel [id: 0x94bae851, L:/127.0.0.1:51250 - R:localhost/127.0.0.1:6474]
2023-04-27 20:54:44 DEBUG NettyRequestSender:593 ? Using pooled Channel '[id: 0x94bae851, L:/127.0.0.1:51250 - R:localhost/127.0.0.1:6474]' for 'POST' to 'http://localhost:6474/session/2c4012812613d32ba668ad7dd52000c3/element/c916a6f5-cf6b-49fc-9e42-644ee74b1353/clear'
2023-04-27 20:54:44 DEBUG NettyRequestSender:251 ? Using open Channel [id: 0x94bae851, L:/127.0.0.1:51250 - R:localhost/127.0.0.1:6474] for POST '/session/2c4012812613d32ba668ad7dd52000c3/element/c916a6f5-cf6b-49fc-9e42-644ee74b1353/clear'
2023-04-27 20:54:44 DEBUG HttpHandler:70 ? 

Request DefaultHttpRequest(decodeResult: success, version: HTTP/1.1)
POST /session/2c4012812613d32ba668ad7dd52000c3/element/c916a6f5-cf6b-49fc-9e42-644ee74b1353/clear HTTP/1.1
User-Agent: selenium/4.9.0 (java windows)
Content-Length: 50
Content-Type: application/json; charset=utf-8
host: localhost:6474
accept: */*

Response DefaultHttpResponse(decodeResult: success, version: HTTP/1.1)
HTTP/1.1 200 OK
Content-Length: 14
Content-Type: application/json; charset=utf-8
cache-control: no-cache

2023-04-27 20:54:44 DEBUG ChannelManager:270 ? Adding key: http://localhost:6474 for channel [id: 0x94bae851, L:/127.0.0.1:51250 - R:localhost/127.0.0.1:6474]
2023-04-27 20:54:44 DEBUG NettyRequestSender:593 ? Using pooled Channel '[id: 0x94bae851, L:/127.0.0.1:51250 - R:localhost/127.0.0.1:6474]' for 'POST' to 'http://localhost:6474/session/2c4012812613d32ba668ad7dd52000c3/element/03b32d1d-7e75-4359-9dab-94e0965684ba/clear'
2023-04-27 20:54:44 DEBUG NettyRequestSender:251 ? Using open Channel [id: 0x94bae851, L:/127.0.0.1:51250 - R:localhost/127.0.0.1:6474] for POST '/session/2c4012812613d32ba668ad7dd52000c3/element/03b32d1d-7e75-4359-9dab-94e0965684ba/clear'
2023-04-27 20:54:44 DEBUG HttpHandler:70 ? 

Request DefaultHttpRequest(decodeResult: success, version: HTTP/1.1)
POST /session/2c4012812613d32ba668ad7dd52000c3/element/03b32d1d-7e75-4359-9dab-94e0965684ba/clear HTTP/1.1
User-Agent: selenium/4.9.0 (java windows)
Content-Length: 50
Content-Type: application/json; charset=utf-8
host: localhost:6474
accept: */*

Response DefaultHttpResponse(decodeResult: success, version: HTTP/1.1)
HTTP/1.1 200 OK
Content-Length: 14
Content-Type: application/json; charset=utf-8
cache-control: no-cache

2023-04-27 20:54:44 DEBUG ChannelManager:270 ? Adding key: http://localhost:6474 for channel [id: 0x94bae851, L:/127.0.0.1:51250 - R:localhost/127.0.0.1:6474]
2023-04-27 20:54:44 DEBUG NettyRequestSender:593 ? Using pooled Channel '[id: 0x94bae851, L:/127.0.0.1:51250 - R:localhost/127.0.0.1:6474]' for 'POST' to 'http://localhost:6474/session/2c4012812613d32ba668ad7dd52000c3/element/34cf7fb3-2b8a-4553-9ce3-62622f016427/clear'
2023-04-27 20:54:44 DEBUG NettyRequestSender:251 ? Using open Channel [id: 0x94bae851, L:/127.0.0.1:51250 - R:localhost/127.0.0.1:6474] for POST '/session/2c4012812613d32ba668ad7dd52000c3/element/34cf7fb3-2b8a-4553-9ce3-62622f016427/clear'
2023-04-27 20:54:44 DEBUG HttpHandler:70 ? 

Request DefaultHttpRequest(decodeResult: success, version: HTTP/1.1)
POST /session/2c4012812613d32ba668ad7dd52000c3/element/34cf7fb3-2b8a-4553-9ce3-62622f016427/clear HTTP/1.1
User-Agent: selenium/4.9.0 (java windows)
Content-Length: 50
Content-Type: application/json; charset=utf-8
host: localhost:6474
accept: */*

Response DefaultHttpResponse(decodeResult: success, version: HTTP/1.1)
HTTP/1.1 200 OK
Content-Length: 14
Content-Type: application/json; charset=utf-8
cache-control: no-cache

2023-04-27 20:54:44 DEBUG ChannelManager:270 ? Adding key: http://localhost:6474 for channel [id: 0x94bae851, L:/127.0.0.1:51250 - R:localhost/127.0.0.1:6474]
2023-04-27 20:54:44 DEBUG NettyRequestSender:593 ? Using pooled Channel '[id: 0x94bae851, L:/127.0.0.1:51250 - R:localhost/127.0.0.1:6474]' for 'POST' to 'http://localhost:6474/session/2c4012812613d32ba668ad7dd52000c3/element'
2023-04-27 20:54:44 DEBUG NettyRequestSender:251 ? Using open Channel [id: 0x94bae851, L:/127.0.0.1:51250 - R:localhost/127.0.0.1:6474] for POST '/session/2c4012812613d32ba668ad7dd52000c3/element'
2023-04-27 20:54:44 DEBUG HttpHandler:70 ? 

Request DefaultHttpRequest(decodeResult: success, version: HTTP/1.1)
POST /session/2c4012812613d32ba668ad7dd52000c3/element HTTP/1.1
User-Agent: selenium/4.9.0 (java windows)
Content-Length: 53
Content-Type: application/json; charset=utf-8
host: localhost:6474
accept: */*

Response DefaultHttpResponse(decodeResult: success, version: HTTP/1.1)
HTTP/1.1 200 OK
Content-Length: 88
Content-Type: application/json; charset=utf-8
cache-control: no-cache

2023-04-27 20:54:44 DEBUG ChannelManager:270 ? Adding key: http://localhost:6474 for channel [id: 0x94bae851, L:/127.0.0.1:51250 - R:localhost/127.0.0.1:6474]
2023-04-27 20:54:44 DEBUG NettyRequestSender:593 ? Using pooled Channel '[id: 0x94bae851, L:/127.0.0.1:51250 - R:localhost/127.0.0.1:6474]' for 'POST' to 'http://localhost:6474/session/2c4012812613d32ba668ad7dd52000c3/actions'
2023-04-27 20:54:44 DEBUG NettyRequestSender:251 ? Using open Channel [id: 0x94bae851, L:/127.0.0.1:51250 - R:localhost/127.0.0.1:6474] for POST '/session/2c4012812613d32ba668ad7dd52000c3/actions'
2023-04-27 20:54:44 DEBUG HttpHandler:70 ? 

Request DefaultHttpRequest(decodeResult: success, version: HTTP/1.1)
POST /session/2c4012812613d32ba668ad7dd52000c3/actions HTTP/1.1
User-Agent: selenium/4.9.0 (java windows)
Content-Length: 567
Content-Type: application/json; charset=utf-8
host: localhost:6474
accept: */*

Response DefaultHttpResponse(decodeResult: success, version: HTTP/1.1)
HTTP/1.1 200 OK
Content-Length: 14
Content-Type: application/json; charset=utf-8
cache-control: no-cache

2023-04-27 20:54:44 DEBUG ChannelManager:270 ? Adding key: http://localhost:6474 for channel [id: 0x94bae851, L:/127.0.0.1:51250 - R:localhost/127.0.0.1:6474]
2023-04-27 20:54:44 DEBUG NettyRequestSender:593 ? Using pooled Channel '[id: 0x94bae851, L:/127.0.0.1:51250 - R:localhost/127.0.0.1:6474]' for 'POST' to 'http://localhost:6474/session/2c4012812613d32ba668ad7dd52000c3/element'
2023-04-27 20:54:44 DEBUG NettyRequestSender:251 ? Using open Channel [id: 0x94bae851, L:/127.0.0.1:51250 - R:localhost/127.0.0.1:6474] for POST '/session/2c4012812613d32ba668ad7dd52000c3/element'
2023-04-27 20:54:44 DEBUG HttpHandler:70 ? 

Request DefaultHttpRequest(decodeResult: success, version: HTTP/1.1)
POST /session/2c4012812613d32ba668ad7dd52000c3/element HTTP/1.1
User-Agent: selenium/4.9.0 (java windows)
Content-Length: 54
Content-Type: application/json; charset=utf-8
host: localhost:6474
accept: */*

Response DefaultHttpResponse(decodeResult: success, version: HTTP/1.1)
HTTP/1.1 200 OK
Content-Length: 88
Content-Type: application/json; charset=utf-8
cache-control: no-cache

2023-04-27 20:54:44 DEBUG ChannelManager:270 ? Adding key: http://localhost:6474 for channel [id: 0x94bae851, L:/127.0.0.1:51250 - R:localhost/127.0.0.1:6474]
2023-04-27 20:54:44 DEBUG NettyRequestSender:593 ? Using pooled Channel '[id: 0x94bae851, L:/127.0.0.1:51250 - R:localhost/127.0.0.1:6474]' for 'POST' to 'http://localhost:6474/session/2c4012812613d32ba668ad7dd52000c3/actions'
2023-04-27 20:54:44 DEBUG NettyRequestSender:251 ? Using open Channel [id: 0x94bae851, L:/127.0.0.1:51250 - R:localhost/127.0.0.1:6474] for POST '/session/2c4012812613d32ba668ad7dd52000c3/actions'
2023-04-27 20:54:44 DEBUG DefaultChannelPool:348 ? Entry count for : http://localhost:51253 : 1
2023-04-27 20:54:44 DEBUG HttpHandler:70 ? 

Request DefaultHttpRequest(decodeResult: success, version: HTTP/1.1)
POST /session/2c4012812613d32ba668ad7dd52000c3/actions HTTP/1.1
User-Agent: selenium/4.9.0 (java windows)
Content-Length: 2027
Content-Type: application/json; charset=utf-8
host: localhost:6474
accept: */*

Response DefaultHttpResponse(decodeResult: success, version: HTTP/1.1)
HTTP/1.1 200 OK
Content-Length: 14
Content-Type: application/json; charset=utf-8
cache-control: no-cache

2023-04-27 20:54:44 DEBUG ChannelManager:270 ? Adding key: http://localhost:6474 for channel [id: 0x94bae851, L:/127.0.0.1:51250 - R:localhost/127.0.0.1:6474]
2023-04-27 20:54:44 DEBUG NettyRequestSender:593 ? Using pooled Channel '[id: 0x94bae851, L:/127.0.0.1:51250 - R:localhost/127.0.0.1:6474]' for 'POST' to 'http://localhost:6474/session/2c4012812613d32ba668ad7dd52000c3/element'
2023-04-27 20:54:44 DEBUG NettyRequestSender:251 ? Using open Channel [id: 0x94bae851, L:/127.0.0.1:51250 - R:localhost/127.0.0.1:6474] for POST '/session/2c4012812613d32ba668ad7dd52000c3/element'
2023-04-27 20:54:44 DEBUG HttpHandler:70 ? 

Request DefaultHttpRequest(decodeResult: success, version: HTTP/1.1)
POST /session/2c4012812613d32ba668ad7dd52000c3/element HTTP/1.1
User-Agent: selenium/4.9.0 (java windows)
Content-Length: 53
Content-Type: application/json; charset=utf-8
host: localhost:6474
accept: */*

Response DefaultHttpResponse(decodeResult: success, version: HTTP/1.1)
HTTP/1.1 200 OK
Content-Length: 88
Content-Type: application/json; charset=utf-8
cache-control: no-cache

2023-04-27 20:54:44 DEBUG ChannelManager:270 ? Adding key: http://localhost:6474 for channel [id: 0x94bae851, L:/127.0.0.1:51250 - R:localhost/127.0.0.1:6474]
2023-04-27 20:54:44 DEBUG NettyRequestSender:593 ? Using pooled Channel '[id: 0x94bae851, L:/127.0.0.1:51250 - R:localhost/127.0.0.1:6474]' for 'POST' to 'http://localhost:6474/session/2c4012812613d32ba668ad7dd52000c3/actions'
2023-04-27 20:54:44 DEBUG NettyRequestSender:251 ? Using open Channel [id: 0x94bae851, L:/127.0.0.1:51250 - R:localhost/127.0.0.1:6474] for POST '/session/2c4012812613d32ba668ad7dd52000c3/actions'
2023-04-27 20:54:45 DEBUG HttpHandler:70 ? 

Request DefaultHttpRequest(decodeResult: success, version: HTTP/1.1)
POST /session/2c4012812613d32ba668ad7dd52000c3/actions HTTP/1.1
User-Agent: selenium/4.9.0 (java windows)
Content-Length: 567
Content-Type: application/json; charset=utf-8
host: localhost:6474
accept: */*

Response DefaultHttpResponse(decodeResult: success, version: HTTP/1.1)
HTTP/1.1 200 OK
Content-Length: 14
Content-Type: application/json; charset=utf-8
cache-control: no-cache

2023-04-27 20:54:45 DEBUG ChannelManager:270 ? Adding key: http://localhost:6474 for channel [id: 0x94bae851, L:/127.0.0.1:51250 - R:localhost/127.0.0.1:6474]
2023-04-27 20:54:45 DEBUG NettyRequestSender:593 ? Using pooled Channel '[id: 0x94bae851, L:/127.0.0.1:51250 - R:localhost/127.0.0.1:6474]' for 'POST' to 'http://localhost:6474/session/2c4012812613d32ba668ad7dd52000c3/element'
2023-04-27 20:54:45 DEBUG NettyRequestSender:251 ? Using open Channel [id: 0x94bae851, L:/127.0.0.1:51250 - R:localhost/127.0.0.1:6474] for POST '/session/2c4012812613d32ba668ad7dd52000c3/element'
2023-04-27 20:54:45 DEBUG HttpHandler:70 ? 

Request DefaultHttpRequest(decodeResult: success, version: HTTP/1.1)
POST /session/2c4012812613d32ba668ad7dd52000c3/element HTTP/1.1
User-Agent: selenium/4.9.0 (java windows)
Content-Length: 53
Content-Type: application/json; charset=utf-8
host: localhost:6474
accept: */*

Response DefaultHttpResponse(decodeResult: success, version: HTTP/1.1)
HTTP/1.1 200 OK
Content-Length: 88
Content-Type: application/json; charset=utf-8
cache-control: no-cache

2023-04-27 20:54:45 DEBUG ChannelManager:270 ? Adding key: http://localhost:6474 for channel [id: 0x94bae851, L:/127.0.0.1:51250 - R:localhost/127.0.0.1:6474]
2023-04-27 20:54:45 DEBUG NettyRequestSender:593 ? Using pooled Channel '[id: 0x94bae851, L:/127.0.0.1:51250 - R:localhost/127.0.0.1:6474]' for 'POST' to 'http://localhost:6474/session/2c4012812613d32ba668ad7dd52000c3/actions'
2023-04-27 20:54:45 DEBUG NettyRequestSender:251 ? Using open Channel [id: 0x94bae851, L:/127.0.0.1:51250 - R:localhost/127.0.0.1:6474] for POST '/session/2c4012812613d32ba668ad7dd52000c3/actions'
2023-04-27 20:54:45 DEBUG HttpHandler:70 ? 

Request DefaultHttpRequest(decodeResult: success, version: HTTP/1.1)
POST /session/2c4012812613d32ba668ad7dd52000c3/actions HTTP/1.1
User-Agent: selenium/4.9.0 (java windows)
Content-Length: 567
Content-Type: application/json; charset=utf-8
host: localhost:6474
accept: */*

Response DefaultHttpResponse(decodeResult: success, version: HTTP/1.1)
HTTP/1.1 200 OK
Content-Length: 14
Content-Type: application/json; charset=utf-8
cache-control: no-cache

2023-04-27 20:54:45 DEBUG ChannelManager:270 ? Adding key: http://localhost:6474 for channel [id: 0x94bae851, L:/127.0.0.1:51250 - R:localhost/127.0.0.1:6474]
2023-04-27 20:54:45 DEBUG NettyRequestSender:593 ? Using pooled Channel '[id: 0x94bae851, L:/127.0.0.1:51250 - R:localhost/127.0.0.1:6474]' for 'POST' to 'http://localhost:6474/session/2c4012812613d32ba668ad7dd52000c3/element'
2023-04-27 20:54:45 DEBUG NettyRequestSender:251 ? Using open Channel [id: 0x94bae851, L:/127.0.0.1:51250 - R:localhost/127.0.0.1:6474] for POST '/session/2c4012812613d32ba668ad7dd52000c3/element'
2023-04-27 20:54:45 DEBUG HttpHandler:70 ? 

Request DefaultHttpRequest(decodeResult: success, version: HTTP/1.1)
POST /session/2c4012812613d32ba668ad7dd52000c3/element HTTP/1.1
User-Agent: selenium/4.9.0 (java windows)
Content-Length: 60
Content-Type: application/json; charset=utf-8
host: localhost:6474
accept: */*

Response DefaultHttpResponse(decodeResult: success, version: HTTP/1.1)
HTTP/1.1 200 OK
Content-Length: 88
Content-Type: application/json; charset=utf-8
cache-control: no-cache

2023-04-27 20:54:45 DEBUG ChannelManager:270 ? Adding key: http://localhost:6474 for channel [id: 0x94bae851, L:/127.0.0.1:51250 - R:localhost/127.0.0.1:6474]
2023-04-27 20:54:45 DEBUG NettyRequestSender:593 ? Using pooled Channel '[id: 0x94bae851, L:/127.0.0.1:51250 - R:localhost/127.0.0.1:6474]' for 'POST' to 'http://localhost:6474/session/2c4012812613d32ba668ad7dd52000c3/actions'
2023-04-27 20:54:45 DEBUG NettyRequestSender:251 ? Using open Channel [id: 0x94bae851, L:/127.0.0.1:51250 - R:localhost/127.0.0.1:6474] for POST '/session/2c4012812613d32ba668ad7dd52000c3/actions'
2023-04-27 20:54:45 DEBUG HttpHandler:70 ? 

Request DefaultHttpRequest(decodeResult: success, version: HTTP/1.1)
POST /session/2c4012812613d32ba668ad7dd52000c3/actions HTTP/1.1
User-Agent: selenium/4.9.0 (java windows)
Content-Length: 567
Content-Type: application/json; charset=utf-8
host: localhost:6474
accept: */*

Response DefaultHttpResponse(decodeResult: success, version: HTTP/1.1)
HTTP/1.1 200 OK
Content-Length: 14
Content-Type: application/json; charset=utf-8
cache-control: no-cache

2023-04-27 20:54:45 DEBUG ChannelManager:270 ? Adding key: http://localhost:6474 for channel [id: 0x94bae851, L:/127.0.0.1:51250 - R:localhost/127.0.0.1:6474]
2023-04-27 20:54:45 DEBUG NettyRequestSender:593 ? Using pooled Channel '[id: 0x94bae851, L:/127.0.0.1:51250 - R:localhost/127.0.0.1:6474]' for 'POST' to 'http://localhost:6474/session/2c4012812613d32ba668ad7dd52000c3/element'
2023-04-27 20:54:45 DEBUG NettyRequestSender:251 ? Using open Channel [id: 0x94bae851, L:/127.0.0.1:51250 - R:localhost/127.0.0.1:6474] for POST '/session/2c4012812613d32ba668ad7dd52000c3/element'
2023-04-27 20:54:45 DEBUG HttpHandler:70 ? 

Request DefaultHttpRequest(decodeResult: success, version: HTTP/1.1)
POST /session/2c4012812613d32ba668ad7dd52000c3/element HTTP/1.1
User-Agent: selenium/4.9.0 (java windows)
Content-Length: 74
Content-Type: application/json; charset=utf-8
host: localhost:6474
accept: */*

Response DefaultHttpResponse(decodeResult: success, version: HTTP/1.1)
HTTP/1.1 200 OK
Content-Length: 88
Content-Type: application/json; charset=utf-8
cache-control: no-cache

2023-04-27 20:54:45 DEBUG ChannelManager:270 ? Adding key: http://localhost:6474 for channel [id: 0x94bae851, L:/127.0.0.1:51250 - R:localhost/127.0.0.1:6474]
2023-04-27 20:54:45 DEBUG NettyRequestSender:593 ? Using pooled Channel '[id: 0x94bae851, L:/127.0.0.1:51250 - R:localhost/127.0.0.1:6474]' for 'GET' to 'http://localhost:6474/session/2c4012812613d32ba668ad7dd52000c3/element/f5889cc2-7589-40a4-b93a-d465c6af4077/enabled'
2023-04-27 20:54:45 DEBUG NettyRequestSender:251 ? Using open Channel [id: 0x94bae851, L:/127.0.0.1:51250 - R:localhost/127.0.0.1:6474] for GET '/session/2c4012812613d32ba668ad7dd52000c3/element/f5889cc2-7589-40a4-b93a-d465c6af4077/enabled'
2023-04-27 20:54:45 DEBUG HttpHandler:70 ? 

Request DefaultFullHttpRequest(decodeResult: success, version: HTTP/1.1, content: EmptyByteBufBE)
GET /session/2c4012812613d32ba668ad7dd52000c3/element/f5889cc2-7589-40a4-b93a-d465c6af4077/enabled HTTP/1.1
User-Agent: selenium/4.9.0 (java windows)
Cache-Control: no-cache
Content-Type: application/json; charset=utf-8
host: localhost:6474
accept: */*

Response DefaultHttpResponse(decodeResult: success, version: HTTP/1.1)
HTTP/1.1 200 OK
Content-Length: 15
Content-Type: application/json; charset=utf-8
cache-control: no-cache

2023-04-27 20:54:45 DEBUG ChannelManager:270 ? Adding key: http://localhost:6474 for channel [id: 0x94bae851, L:/127.0.0.1:51250 - R:localhost/127.0.0.1:6474]
2023-04-27 20:54:45 DEBUG NettyRequestSender:593 ? Using pooled Channel '[id: 0x94bae851, L:/127.0.0.1:51250 - R:localhost/127.0.0.1:6474]' for 'POST' to 'http://localhost:6474/session/2c4012812613d32ba668ad7dd52000c3/elements'
2023-04-27 20:54:45 DEBUG NettyRequestSender:251 ? Using open Channel [id: 0x94bae851, L:/127.0.0.1:51250 - R:localhost/127.0.0.1:6474] for POST '/session/2c4012812613d32ba668ad7dd52000c3/elements'
2023-04-27 20:54:45 DEBUG HttpHandler:70 ? 

Request DefaultHttpRequest(decodeResult: success, version: HTTP/1.1)
POST /session/2c4012812613d32ba668ad7dd52000c3/elements HTTP/1.1
User-Agent: selenium/4.9.0 (java windows)
Content-Length: 45
Content-Type: application/json; charset=utf-8
host: localhost:6474
accept: */*

Response DefaultHttpResponse(decodeResult: success, version: HTTP/1.1)
HTTP/1.1 200 OK
Content-Length: 564
Content-Type: application/json; charset=utf-8
cache-control: no-cache

2023-04-27 20:54:45 DEBUG ChannelManager:270 ? Adding key: http://localhost:6474 for channel [id: 0x94bae851, L:/127.0.0.1:51250 - R:localhost/127.0.0.1:6474]
2023-04-27 20:54:45 DEBUG NettyRequestSender:593 ? Using pooled Channel '[id: 0x94bae851, L:/127.0.0.1:51250 - R:localhost/127.0.0.1:6474]' for 'POST' to 'http://localhost:6474/session/2c4012812613d32ba668ad7dd52000c3/element/85ffa141-05aa-44c2-b9db-5cd5307b9503/clear'
2023-04-27 20:54:45 DEBUG NettyRequestSender:251 ? Using open Channel [id: 0x94bae851, L:/127.0.0.1:51250 - R:localhost/127.0.0.1:6474] for POST '/session/2c4012812613d32ba668ad7dd52000c3/element/85ffa141-05aa-44c2-b9db-5cd5307b9503/clear'
2023-04-27 20:54:45 DEBUG HttpHandler:70 ? 

Request DefaultHttpRequest(decodeResult: success, version: HTTP/1.1)
POST /session/2c4012812613d32ba668ad7dd52000c3/element/85ffa141-05aa-44c2-b9db-5cd5307b9503/clear HTTP/1.1
User-Agent: selenium/4.9.0 (java windows)
Content-Length: 50
Content-Type: application/json; charset=utf-8
host: localhost:6474
accept: */*

Response DefaultHttpResponse(decodeResult: success, version: HTTP/1.1)
HTTP/1.1 200 OK
Content-Length: 14
Content-Type: application/json; charset=utf-8
cache-control: no-cache

2023-04-27 20:54:45 DEBUG ChannelManager:270 ? Adding key: http://localhost:6474 for channel [id: 0x94bae851, L:/127.0.0.1:51250 - R:localhost/127.0.0.1:6474]
2023-04-27 20:54:45 DEBUG NettyRequestSender:593 ? Using pooled Channel '[id: 0x94bae851, L:/127.0.0.1:51250 - R:localhost/127.0.0.1:6474]' for 'POST' to 'http://localhost:6474/session/2c4012812613d32ba668ad7dd52000c3/element/8f414f45-2f94-413f-b88a-a628613f2955/clear'
2023-04-27 20:54:45 DEBUG NettyRequestSender:251 ? Using open Channel [id: 0x94bae851, L:/127.0.0.1:51250 - R:localhost/127.0.0.1:6474] for POST '/session/2c4012812613d32ba668ad7dd52000c3/element/8f414f45-2f94-413f-b88a-a628613f2955/clear'
2023-04-27 20:54:45 DEBUG HttpHandler:70 ? 

Request DefaultHttpRequest(decodeResult: success, version: HTTP/1.1)
POST /session/2c4012812613d32ba668ad7dd52000c3/element/8f414f45-2f94-413f-b88a-a628613f2955/clear HTTP/1.1
User-Agent: selenium/4.9.0 (java windows)
Content-Length: 50
Content-Type: application/json; charset=utf-8
host: localhost:6474
accept: */*

Response DefaultHttpResponse(decodeResult: success, version: HTTP/1.1)
HTTP/1.1 200 OK
Content-Length: 14
Content-Type: application/json; charset=utf-8
cache-control: no-cache

2023-04-27 20:54:45 DEBUG ChannelManager:270 ? Adding key: http://localhost:6474 for channel [id: 0x94bae851, L:/127.0.0.1:51250 - R:localhost/127.0.0.1:6474]
2023-04-27 20:54:45 DEBUG NettyRequestSender:593 ? Using pooled Channel '[id: 0x94bae851, L:/127.0.0.1:51250 - R:localhost/127.0.0.1:6474]' for 'POST' to 'http://localhost:6474/session/2c4012812613d32ba668ad7dd52000c3/element/db0eb5cd-fca4-4004-8719-3ad3c6cae23f/clear'
2023-04-27 20:54:45 DEBUG NettyRequestSender:251 ? Using open Channel [id: 0x94bae851, L:/127.0.0.1:51250 - R:localhost/127.0.0.1:6474] for POST '/session/2c4012812613d32ba668ad7dd52000c3/element/db0eb5cd-fca4-4004-8719-3ad3c6cae23f/clear'
2023-04-27 20:54:45 DEBUG HttpHandler:70 ? 

Request DefaultHttpRequest(decodeResult: success, version: HTTP/1.1)
POST /session/2c4012812613d32ba668ad7dd52000c3/element/db0eb5cd-fca4-4004-8719-3ad3c6cae23f/clear HTTP/1.1
User-Agent: selenium/4.9.0 (java windows)
Content-Length: 50
Content-Type: application/json; charset=utf-8
host: localhost:6474
accept: */*

Response DefaultHttpResponse(decodeResult: success, version: HTTP/1.1)
HTTP/1.1 200 OK
Content-Length: 14
Content-Type: application/json; charset=utf-8
cache-control: no-cache

2023-04-27 20:54:45 DEBUG ChannelManager:270 ? Adding key: http://localhost:6474 for channel [id: 0x94bae851, L:/127.0.0.1:51250 - R:localhost/127.0.0.1:6474]
2023-04-27 20:54:45 DEBUG NettyRequestSender:593 ? Using pooled Channel '[id: 0x94bae851, L:/127.0.0.1:51250 - R:localhost/127.0.0.1:6474]' for 'POST' to 'http://localhost:6474/session/2c4012812613d32ba668ad7dd52000c3/element/4c6aad99-4389-43bb-9b82-4769676dca64/clear'
2023-04-27 20:54:45 DEBUG NettyRequestSender:251 ? Using open Channel [id: 0x94bae851, L:/127.0.0.1:51250 - R:localhost/127.0.0.1:6474] for POST '/session/2c4012812613d32ba668ad7dd52000c3/element/4c6aad99-4389-43bb-9b82-4769676dca64/clear'
2023-04-27 20:54:45 DEBUG HttpHandler:70 ? 

Request DefaultHttpRequest(decodeResult: success, version: HTTP/1.1)
POST /session/2c4012812613d32ba668ad7dd52000c3/element/4c6aad99-4389-43bb-9b82-4769676dca64/clear HTTP/1.1
User-Agent: selenium/4.9.0 (java windows)
Content-Length: 50
Content-Type: application/json; charset=utf-8
host: localhost:6474
accept: */*

Response DefaultHttpResponse(decodeResult: success, version: HTTP/1.1)
HTTP/1.1 200 OK
Content-Length: 14
Content-Type: application/json; charset=utf-8
cache-control: no-cache

2023-04-27 20:54:45 DEBUG ChannelManager:270 ? Adding key: http://localhost:6474 for channel [id: 0x94bae851, L:/127.0.0.1:51250 - R:localhost/127.0.0.1:6474]
2023-04-27 20:54:45 DEBUG NettyRequestSender:593 ? Using pooled Channel '[id: 0x94bae851, L:/127.0.0.1:51250 - R:localhost/127.0.0.1:6474]' for 'POST' to 'http://localhost:6474/session/2c4012812613d32ba668ad7dd52000c3/element/c916a6f5-cf6b-49fc-9e42-644ee74b1353/clear'
2023-04-27 20:54:45 DEBUG NettyRequestSender:251 ? Using open Channel [id: 0x94bae851, L:/127.0.0.1:51250 - R:localhost/127.0.0.1:6474] for POST '/session/2c4012812613d32ba668ad7dd52000c3/element/c916a6f5-cf6b-49fc-9e42-644ee74b1353/clear'
2023-04-27 20:54:45 DEBUG HttpHandler:70 ? 

Request DefaultHttpRequest(decodeResult: success, version: HTTP/1.1)
POST /session/2c4012812613d32ba668ad7dd52000c3/element/c916a6f5-cf6b-49fc-9e42-644ee74b1353/clear HTTP/1.1
User-Agent: selenium/4.9.0 (java windows)
Content-Length: 50
Content-Type: application/json; charset=utf-8
host: localhost:6474
accept: */*

Response DefaultHttpResponse(decodeResult: success, version: HTTP/1.1)
HTTP/1.1 200 OK
Content-Length: 14
Content-Type: application/json; charset=utf-8
cache-control: no-cache

2023-04-27 20:54:45 DEBUG ChannelManager:270 ? Adding key: http://localhost:6474 for channel [id: 0x94bae851, L:/127.0.0.1:51250 - R:localhost/127.0.0.1:6474]
2023-04-27 20:54:45 DEBUG NettyRequestSender:593 ? Using pooled Channel '[id: 0x94bae851, L:/127.0.0.1:51250 - R:localhost/127.0.0.1:6474]' for 'POST' to 'http://localhost:6474/session/2c4012812613d32ba668ad7dd52000c3/element/03b32d1d-7e75-4359-9dab-94e0965684ba/clear'
2023-04-27 20:54:45 DEBUG NettyRequestSender:251 ? Using open Channel [id: 0x94bae851, L:/127.0.0.1:51250 - R:localhost/127.0.0.1:6474] for POST '/session/2c4012812613d32ba668ad7dd52000c3/element/03b32d1d-7e75-4359-9dab-94e0965684ba/clear'
2023-04-27 20:54:45 DEBUG HttpHandler:70 ? 

Request DefaultHttpRequest(decodeResult: success, version: HTTP/1.1)
POST /session/2c4012812613d32ba668ad7dd52000c3/element/03b32d1d-7e75-4359-9dab-94e0965684ba/clear HTTP/1.1
User-Agent: selenium/4.9.0 (java windows)
Content-Length: 50
Content-Type: application/json; charset=utf-8
host: localhost:6474
accept: */*

Response DefaultHttpResponse(decodeResult: success, version: HTTP/1.1)
HTTP/1.1 200 OK
Content-Length: 14
Content-Type: application/json; charset=utf-8
cache-control: no-cache

2023-04-27 20:54:45 DEBUG ChannelManager:270 ? Adding key: http://localhost:6474 for channel [id: 0x94bae851, L:/127.0.0.1:51250 - R:localhost/127.0.0.1:6474]
2023-04-27 20:54:45 DEBUG NettyRequestSender:593 ? Using pooled Channel '[id: 0x94bae851, L:/127.0.0.1:51250 - R:localhost/127.0.0.1:6474]' for 'POST' to 'http://localhost:6474/session/2c4012812613d32ba668ad7dd52000c3/element/34cf7fb3-2b8a-4553-9ce3-62622f016427/clear'
2023-04-27 20:54:45 DEBUG NettyRequestSender:251 ? Using open Channel [id: 0x94bae851, L:/127.0.0.1:51250 - R:localhost/127.0.0.1:6474] for POST '/session/2c4012812613d32ba668ad7dd52000c3/element/34cf7fb3-2b8a-4553-9ce3-62622f016427/clear'
2023-04-27 20:54:45 DEBUG HttpHandler:70 ? 

Request DefaultHttpRequest(decodeResult: success, version: HTTP/1.1)
POST /session/2c4012812613d32ba668ad7dd52000c3/element/34cf7fb3-2b8a-4553-9ce3-62622f016427/clear HTTP/1.1
User-Agent: selenium/4.9.0 (java windows)
Content-Length: 50
Content-Type: application/json; charset=utf-8
host: localhost:6474
accept: */*

Response DefaultHttpResponse(decodeResult: success, version: HTTP/1.1)
HTTP/1.1 200 OK
Content-Length: 14
Content-Type: application/json; charset=utf-8
cache-control: no-cache

2023-04-27 20:54:45 DEBUG ChannelManager:270 ? Adding key: http://localhost:6474 for channel [id: 0x94bae851, L:/127.0.0.1:51250 - R:localhost/127.0.0.1:6474]
2023-04-27 21:01:39 DEBUG InternalLoggerFactory:63 ? Using SLF4J as the default logging framework
2023-04-27 21:01:39 DEBUG ResourceLeakDetector:129 ? -Dio.netty.leakDetection.level: simple
2023-04-27 21:01:39 DEBUG ResourceLeakDetector:130 ? -Dio.netty.leakDetection.targetRecords: 4
2023-04-27 21:01:39 DEBUG ResourceLeakDetectorFactory:196 ? Loaded default ResourceLeakDetector: io.netty.util.ResourceLeakDetector@841e575
2023-04-27 21:01:39 DEBUG PlatformDependent0:496 ? -Dio.netty.noUnsafe: false
2023-04-27 21:01:39 DEBUG PlatformDependent0:1000 ? Java version: 19
2023-04-27 21:01:39 DEBUG PlatformDependent0:137 ? sun.misc.Unsafe.theUnsafe: available
2023-04-27 21:01:39 DEBUG PlatformDependent0:161 ? sun.misc.Unsafe.copyMemory: available
2023-04-27 21:01:39 DEBUG PlatformDependent0:193 ? sun.misc.Unsafe.storeFence: available
2023-04-27 21:01:39 DEBUG PlatformDependent0:236 ? java.nio.Buffer.address: available
2023-04-27 21:01:39 DEBUG PlatformDependent0:320 ? direct buffer constructor: unavailable: Reflective setAccessible(true) disabled
2023-04-27 21:01:39 DEBUG PlatformDependent0:385 ? java.nio.Bits.unaligned: available, true
2023-04-27 21:01:39 DEBUG PlatformDependent0:452 ? jdk.internal.misc.Unsafe.allocateUninitializedArray(int): unavailable: class io.netty.util.internal.PlatformDependent0$7 cannot access class jdk.internal.misc.Unsafe (in module java.base) because module java.base does not export jdk.internal.misc to unnamed module @5679c6c6
2023-04-27 21:01:39 DEBUG PlatformDependent0:482 ? java.nio.DirectByteBuffer.<init>(long, int): unavailable
2023-04-27 21:01:39 DEBUG PlatformDependent:1159 ? sun.misc.Unsafe: available
2023-04-27 21:01:39 DEBUG PlatformDependent:1270 ? maxDirectMemory: 5339348992 bytes (maybe)
2023-04-27 21:01:39 DEBUG PlatformDependent:1289 ? -Dio.netty.tmpdir: C:\Users\rohit\AppData\Local\Temp (java.io.tmpdir)
2023-04-27 21:01:39 DEBUG PlatformDependent:1368 ? -Dio.netty.bitMode: 64 (sun.arch.data.model)
2023-04-27 21:01:39 DEBUG PlatformDependent:1119 ? Platform: Windows
2023-04-27 21:01:39 DEBUG PlatformDependent:178 ? -Dio.netty.maxDirectMemory: -1 bytes
2023-04-27 21:01:39 DEBUG PlatformDependent:185 ? -Dio.netty.uninitializedArrayAllocationThreshold: -1
2023-04-27 21:01:39 DEBUG CleanerJava9:71 ? java.nio.ByteBuffer.cleaner(): available
2023-04-27 21:01:39 DEBUG PlatformDependent:205 ? -Dio.netty.noPreferDirect: false
2023-04-27 21:01:39 DEBUG PlatformDependent:1010 ? org.jctools-core.MpscChunkedArrayQueue: available
2023-04-27 21:01:39 DEBUG InternalThreadLocalMap:100 ? -Dio.netty.threadLocalMap.stringBuilder.initialSize: 1024
2023-04-27 21:01:39 DEBUG InternalThreadLocalMap:101 ? -Dio.netty.threadLocalMap.stringBuilder.maxSize: 4096
2023-04-27 21:01:40 DEBUG JdkSslContext:83 ? Default protocols (JDK): [TLSv1.3, TLSv1.2] 
2023-04-27 21:01:40 DEBUG JdkSslContext:84 ? Default cipher suites (JDK): [TLS_ECDHE_ECDSA_WITH_AES_256_GCM_SHA384, TLS_ECDHE_ECDSA_WITH_AES_128_GCM_SHA256, TLS_ECDHE_RSA_WITH_AES_128_GCM_SHA256, TLS_ECDHE_RSA_WITH_AES_256_GCM_SHA384, TLS_ECDHE_RSA_WITH_AES_128_CBC_SHA, TLS_ECDHE_RSA_WITH_AES_256_CBC_SHA, TLS_RSA_WITH_AES_128_GCM_SHA256, TLS_RSA_WITH_AES_128_CBC_SHA, TLS_RSA_WITH_AES_256_CBC_SHA, TLS_AES_128_GCM_SHA256, TLS_AES_256_GCM_SHA384]
2023-04-27 21:01:40 DEBUG GlobalEventExecutor:53 ? -Dio.netty.globalEventExecutor.quietPeriodSeconds: 1
2023-04-27 21:01:40 DEBUG MultithreadEventLoopGroup:44 ? -Dio.netty.eventLoopThreads: 16
2023-04-27 21:01:40 DEBUG NioEventLoop:110 ? -Dio.netty.noKeySetOptimization: false
2023-04-27 21:01:40 DEBUG NioEventLoop:111 ? -Dio.netty.selectorAutoRebuildThreshold: 512
2023-04-27 21:01:40 DEBUG PooledByteBufAllocator:157 ? -Dio.netty.allocator.numHeapArenas: 16
2023-04-27 21:01:40 DEBUG PooledByteBufAllocator:158 ? -Dio.netty.allocator.numDirectArenas: 16
2023-04-27 21:01:40 DEBUG PooledByteBufAllocator:160 ? -Dio.netty.allocator.pageSize: 8192
2023-04-27 21:01:40 DEBUG PooledByteBufAllocator:165 ? -Dio.netty.allocator.maxOrder: 9
2023-04-27 21:01:40 DEBUG PooledByteBufAllocator:169 ? -Dio.netty.allocator.chunkSize: 4194304
2023-04-27 21:01:40 DEBUG PooledByteBufAllocator:170 ? -Dio.netty.allocator.smallCacheSize: 256
2023-04-27 21:01:40 DEBUG PooledByteBufAllocator:171 ? -Dio.netty.allocator.normalCacheSize: 64
2023-04-27 21:01:40 DEBUG PooledByteBufAllocator:172 ? -Dio.netty.allocator.maxCachedBufferCapacity: 32768
2023-04-27 21:01:40 DEBUG PooledByteBufAllocator:173 ? -Dio.netty.allocator.cacheTrimInterval: 8192
2023-04-27 21:01:40 DEBUG PooledByteBufAllocator:174 ? -Dio.netty.allocator.cacheTrimIntervalMillis: 0
2023-04-27 21:01:40 DEBUG PooledByteBufAllocator:175 ? -Dio.netty.allocator.useCacheForAllThreads: false
2023-04-27 21:01:40 DEBUG PooledByteBufAllocator:176 ? -Dio.netty.allocator.maxCachedByteBuffersPerChunk: 1023
2023-04-27 21:01:40 DEBUG ByteBufUtil:88 ? -Dio.netty.allocator.type: pooled
2023-04-27 21:01:40 DEBUG ByteBufUtil:97 ? -Dio.netty.threadLocalDirectBufferSize: 0
2023-04-27 21:01:40 DEBUG ByteBufUtil:100 ? -Dio.netty.maxThreadLocalCharBufferSize: 16384
2023-04-27 21:01:40 DEBUG DefaultChannelId:79 ? -Dio.netty.processId: 5396 (auto-detected)
2023-04-27 21:01:40 DEBUG NetUtil:148 ? -Djava.net.preferIPv4Stack: false
2023-04-27 21:01:40 DEBUG NetUtil:149 ? -Djava.net.preferIPv6Addresses: false
2023-04-27 21:01:40 DEBUG NetUtilInitializations:145 ? Loopback interface: lo (Software Loopback Interface 1, 127.0.0.1)
2023-04-27 21:01:40 DEBUG NetUtil:206 ? Failed to get SOMAXCONN from sysctl and file \proc\sys\net\core\somaxconn. Default: 200
2023-04-27 21:01:40 DEBUG DefaultChannelId:101 ? -Dio.netty.machineId: 70:c9:4e:ff:fe:a9:98:9d (auto-detected)
2023-04-27 21:01:40 DEBUG AbstractByteBuf:63 ? -Dio.netty.buffer.checkAccessible: true
2023-04-27 21:01:40 DEBUG AbstractByteBuf:64 ? -Dio.netty.buffer.checkBounds: true
2023-04-27 21:01:40 DEBUG ResourceLeakDetectorFactory:196 ? Loaded default ResourceLeakDetector: io.netty.util.ResourceLeakDetector@5e2ac388
2023-04-27 21:01:40 DEBUG NettyConnectListener:73 ? Using new Channel '[id: 0x8c40fefb, L:/127.0.0.1:52135 - R:localhost/127.0.0.1:34329]' for 'POST' to '/session'
2023-04-27 21:01:40 DEBUG Recycler:96 ? -Dio.netty.recycler.maxCapacityPerThread: 4096
2023-04-27 21:01:40 DEBUG Recycler:97 ? -Dio.netty.recycler.ratio: 8
2023-04-27 21:01:40 DEBUG Recycler:98 ? -Dio.netty.recycler.chunkSize: 32
2023-04-27 21:01:40 DEBUG Recycler:99 ? -Dio.netty.recycler.blocking: false
2023-04-27 21:01:40 DEBUG Recycler:100 ? -Dio.netty.recycler.batchFastThreadLocalOnly: true
2023-04-27 21:01:42 DEBUG Brotli:38 ? brotli4j not in the classpath; Brotli support will be unavailable.
2023-04-27 21:01:42 DEBUG HttpHandler:70 ? 

Request DefaultHttpRequest(decodeResult: success, version: HTTP/1.1)
POST /session HTTP/1.1
User-Agent: selenium/4.9.0 (java windows)
Content-Length: 254
Content-Type: application/json; charset=utf-8
host: localhost:34329
accept: */*

Response DefaultHttpResponse(decodeResult: success, version: HTTP/1.1)
HTTP/1.1 200 OK
Content-Length: 860
Content-Type: application/json; charset=utf-8
cache-control: no-cache

2023-04-27 21:01:42 DEBUG ChannelManager:270 ? Adding key: http://localhost:34329 for channel [id: 0x8c40fefb, L:/127.0.0.1:52135 - R:localhost/127.0.0.1:34329]
2023-04-27 21:01:42 DEBUG DefaultChannelPool:348 ? Entry count for : http://localhost:34329 : 1
2023-04-27 21:01:42 DEBUG NettyConnectListener:73 ? Using new Channel '[id: 0xb8eef51d, L:/127.0.0.1:52157 - R:localhost/127.0.0.1:52145]' for 'GET' to '/json/version'
2023-04-27 21:01:42 DEBUG HttpHandler:70 ? 

Request DefaultFullHttpRequest(decodeResult: success, version: HTTP/1.1, content: EmptyByteBufBE)
GET /json/version HTTP/1.1
User-Agent: selenium/4.9.0 (java windows)
host: localhost:52145
accept: */*

Response DefaultHttpResponse(decodeResult: success, version: HTTP/1.1)
HTTP/1.1 200 OK
Content-Security-Policy: frame-ancestors 'none'
Content-Length: 424
Content-Type: application/json; charset=UTF-8

2023-04-27 21:01:42 DEBUG ChannelManager:270 ? Adding key: http://localhost:52145 for channel [id: 0xb8eef51d, L:/127.0.0.1:52157 - R:localhost/127.0.0.1:52145]
2023-04-27 21:01:42 DEBUG ThreadLocalRandom:214 ? -Dio.netty.initialSeedUniquifier: 0x6d4f23c9ac990868
2023-04-27 21:01:42 DEBUG NettyConnectListener:73 ? Using new Channel '[id: 0x6f304765, L:/127.0.0.1:52158 - R:localhost/127.0.0.1:52145]' for 'GET' to '/devtools/browser/2721f37b-a07a-48f3-a0b3-f3b2cf840cb5'
2023-04-27 21:01:42 DEBUG WebSocketHandler:105 ? 

Request DefaultFullHttpRequest(decodeResult: success, version: HTTP/1.1, content: EmptyByteBufBE)
GET /devtools/browser/2721f37b-a07a-48f3-a0b3-f3b2cf840cb5 HTTP/1.1
upgrade: websocket
connection: upgrade
sec-websocket-key: L1xuEsvoY3qZ7j5k1sUdPQ==
sec-websocket-version: 13
origin: http://localhost:52145
host: localhost:52145
accept: */*
user-agent: AHC/2.1

Response DefaultHttpResponse(decodeResult: success, version: HTTP/1.1)
HTTP/1.1 101 WebSocket Protocol Handshake
Upgrade: WebSocket
Connection: Upgrade
Sec-WebSocket-Accept: mrdm5xU5FEu7IqjQgiPFQybnV6M=

2023-04-27 21:01:42 DEBUG NettyRequestSender:593 ? Using pooled Channel '[id: 0x8c40fefb, L:/127.0.0.1:52135 - R:localhost/127.0.0.1:34329]' for 'POST' to 'http://localhost:34329/session/58364fdd4f0ffbd9aac469684199da39/window/maximize'
2023-04-27 21:01:42 DEBUG NettyRequestSender:251 ? Using open Channel [id: 0x8c40fefb, L:/127.0.0.1:52135 - R:localhost/127.0.0.1:34329] for POST '/session/58364fdd4f0ffbd9aac469684199da39/window/maximize'
2023-04-27 21:01:42 DEBUG HttpHandler:70 ? 

Request DefaultHttpRequest(decodeResult: success, version: HTTP/1.1)
POST /session/58364fdd4f0ffbd9aac469684199da39/window/maximize HTTP/1.1
User-Agent: selenium/4.9.0 (java windows)
Content-Length: 3
Content-Type: application/json; charset=utf-8
host: localhost:34329
accept: */*

Response DefaultHttpResponse(decodeResult: success, version: HTTP/1.1)
HTTP/1.1 200 OK
Content-Length: 52
Content-Type: application/json; charset=utf-8
cache-control: no-cache

2023-04-27 21:01:42 DEBUG ChannelManager:270 ? Adding key: http://localhost:34329 for channel [id: 0x8c40fefb, L:/127.0.0.1:52135 - R:localhost/127.0.0.1:34329]
2023-04-27 21:01:42 DEBUG NettyRequestSender:593 ? Using pooled Channel '[id: 0x8c40fefb, L:/127.0.0.1:52135 - R:localhost/127.0.0.1:34329]' for 'POST' to 'http://localhost:34329/session/58364fdd4f0ffbd9aac469684199da39/timeouts'
2023-04-27 21:01:42 DEBUG NettyRequestSender:251 ? Using open Channel [id: 0x8c40fefb, L:/127.0.0.1:52135 - R:localhost/127.0.0.1:34329] for POST '/session/58364fdd4f0ffbd9aac469684199da39/timeouts'
2023-04-27 21:01:42 DEBUG HttpHandler:70 ? 

Request DefaultHttpRequest(decodeResult: success, version: HTTP/1.1)
POST /session/58364fdd4f0ffbd9aac469684199da39/timeouts HTTP/1.1
User-Agent: selenium/4.9.0 (java windows)
Content-Length: 23
Content-Type: application/json; charset=utf-8
host: localhost:34329
accept: */*

Response DefaultHttpResponse(decodeResult: success, version: HTTP/1.1)
HTTP/1.1 200 OK
Content-Length: 14
Content-Type: application/json; charset=utf-8
cache-control: no-cache

2023-04-27 21:01:42 DEBUG ChannelManager:270 ? Adding key: http://localhost:34329 for channel [id: 0x8c40fefb, L:/127.0.0.1:52135 - R:localhost/127.0.0.1:34329]
2023-04-27 21:01:42 DEBUG NettyRequestSender:593 ? Using pooled Channel '[id: 0x8c40fefb, L:/127.0.0.1:52135 - R:localhost/127.0.0.1:34329]' for 'POST' to 'http://localhost:34329/session/58364fdd4f0ffbd9aac469684199da39/url'
2023-04-27 21:01:42 DEBUG NettyRequestSender:251 ? Using open Channel [id: 0x8c40fefb, L:/127.0.0.1:52135 - R:localhost/127.0.0.1:34329] for POST '/session/58364fdd4f0ffbd9aac469684199da39/url'
2023-04-27 21:01:43 DEBUG DefaultChannelPool:348 ? Entry count for : http://localhost:52145 : 1
2023-04-27 21:01:43 DEBUG HttpHandler:70 ? 

Request DefaultHttpRequest(decodeResult: success, version: HTTP/1.1)
POST /session/58364fdd4f0ffbd9aac469684199da39/url HTTP/1.1
User-Agent: selenium/4.9.0 (java windows)
Content-Length: 59
Content-Type: application/json; charset=utf-8
host: localhost:34329
accept: */*

Response DefaultHttpResponse(decodeResult: success, version: HTTP/1.1)
HTTP/1.1 200 OK
Content-Length: 14
Content-Type: application/json; charset=utf-8
cache-control: no-cache

2023-04-27 21:01:43 DEBUG ChannelManager:270 ? Adding key: http://localhost:34329 for channel [id: 0x8c40fefb, L:/127.0.0.1:52135 - R:localhost/127.0.0.1:34329]
2023-04-27 21:01:43 DEBUG NettyRequestSender:593 ? Using pooled Channel '[id: 0x8c40fefb, L:/127.0.0.1:52135 - R:localhost/127.0.0.1:34329]' for 'POST' to 'http://localhost:34329/session/58364fdd4f0ffbd9aac469684199da39/element'
2023-04-27 21:01:43 DEBUG NettyRequestSender:251 ? Using open Channel [id: 0x8c40fefb, L:/127.0.0.1:52135 - R:localhost/127.0.0.1:34329] for POST '/session/58364fdd4f0ffbd9aac469684199da39/element'
2023-04-27 21:01:43 DEBUG HttpHandler:70 ? 

Request DefaultHttpRequest(decodeResult: success, version: HTTP/1.1)
POST /session/58364fdd4f0ffbd9aac469684199da39/element HTTP/1.1
User-Agent: selenium/4.9.0 (java windows)
Content-Length: 72
Content-Type: application/json; charset=utf-8
host: localhost:34329
accept: */*

Response DefaultHttpResponse(decodeResult: success, version: HTTP/1.1)
HTTP/1.1 200 OK
Content-Length: 88
Content-Type: application/json; charset=utf-8
cache-control: no-cache

2023-04-27 21:01:43 DEBUG ChannelManager:270 ? Adding key: http://localhost:34329 for channel [id: 0x8c40fefb, L:/127.0.0.1:52135 - R:localhost/127.0.0.1:34329]
2023-04-27 21:01:43 DEBUG NettyRequestSender:593 ? Using pooled Channel '[id: 0x8c40fefb, L:/127.0.0.1:52135 - R:localhost/127.0.0.1:34329]' for 'POST' to 'http://localhost:34329/session/58364fdd4f0ffbd9aac469684199da39/execute/sync'
2023-04-27 21:01:43 DEBUG NettyRequestSender:251 ? Using open Channel [id: 0x8c40fefb, L:/127.0.0.1:52135 - R:localhost/127.0.0.1:34329] for POST '/session/58364fdd4f0ffbd9aac469684199da39/execute/sync'
2023-04-27 21:01:43 DEBUG HttpHandler:70 ? 

Request DefaultHttpRequest(decodeResult: success, version: HTTP/1.1)
POST /session/58364fdd4f0ffbd9aac469684199da39/execute/sync HTTP/1.1
User-Agent: selenium/4.9.0 (java windows)
Content-Length: 48807
Content-Type: application/json; charset=utf-8
host: localhost:34329
accept: */*

Response DefaultHttpResponse(decodeResult: success, version: HTTP/1.1)
HTTP/1.1 200 OK
Content-Length: 14
Content-Type: application/json; charset=utf-8
cache-control: no-cache

2023-04-27 21:01:43 DEBUG ChannelManager:270 ? Adding key: http://localhost:34329 for channel [id: 0x8c40fefb, L:/127.0.0.1:52135 - R:localhost/127.0.0.1:34329]
2023-04-27 21:01:43 DEBUG NettyRequestSender:593 ? Using pooled Channel '[id: 0x8c40fefb, L:/127.0.0.1:52135 - R:localhost/127.0.0.1:34329]' for 'POST' to 'http://localhost:34329/session/58364fdd4f0ffbd9aac469684199da39/element'
2023-04-27 21:01:43 DEBUG NettyRequestSender:251 ? Using open Channel [id: 0x8c40fefb, L:/127.0.0.1:52135 - R:localhost/127.0.0.1:34329] for POST '/session/58364fdd4f0ffbd9aac469684199da39/element'
2023-04-27 21:01:43 DEBUG HttpHandler:70 ? 

Request DefaultHttpRequest(decodeResult: success, version: HTTP/1.1)
POST /session/58364fdd4f0ffbd9aac469684199da39/element HTTP/1.1
User-Agent: selenium/4.9.0 (java windows)
Content-Length: 69
Content-Type: application/json; charset=utf-8
host: localhost:34329
accept: */*

Response DefaultHttpResponse(decodeResult: success, version: HTTP/1.1)
HTTP/1.1 200 OK
Content-Length: 88
Content-Type: application/json; charset=utf-8
cache-control: no-cache

2023-04-27 21:01:43 DEBUG ChannelManager:270 ? Adding key: http://localhost:34329 for channel [id: 0x8c40fefb, L:/127.0.0.1:52135 - R:localhost/127.0.0.1:34329]
2023-04-27 21:01:43 DEBUG NettyRequestSender:593 ? Using pooled Channel '[id: 0x8c40fefb, L:/127.0.0.1:52135 - R:localhost/127.0.0.1:34329]' for 'POST' to 'http://localhost:34329/session/58364fdd4f0ffbd9aac469684199da39/execute/sync'
2023-04-27 21:01:43 DEBUG NettyRequestSender:251 ? Using open Channel [id: 0x8c40fefb, L:/127.0.0.1:52135 - R:localhost/127.0.0.1:34329] for POST '/session/58364fdd4f0ffbd9aac469684199da39/execute/sync'
2023-04-27 21:01:43 DEBUG HttpHandler:70 ? 

Request DefaultHttpRequest(decodeResult: success, version: HTTP/1.1)
POST /session/58364fdd4f0ffbd9aac469684199da39/execute/sync HTTP/1.1
User-Agent: selenium/4.9.0 (java windows)
Content-Length: 48807
Content-Type: application/json; charset=utf-8
host: localhost:34329
accept: */*

Response DefaultHttpResponse(decodeResult: success, version: HTTP/1.1)
HTTP/1.1 200 OK
Content-Length: 14
Content-Type: application/json; charset=utf-8
cache-control: no-cache

2023-04-27 21:01:43 DEBUG ChannelManager:270 ? Adding key: http://localhost:34329 for channel [id: 0x8c40fefb, L:/127.0.0.1:52135 - R:localhost/127.0.0.1:34329]
2023-04-27 21:01:43 DEBUG NettyRequestSender:593 ? Using pooled Channel '[id: 0x8c40fefb, L:/127.0.0.1:52135 - R:localhost/127.0.0.1:34329]' for 'POST' to 'http://localhost:34329/session/58364fdd4f0ffbd9aac469684199da39/element'
2023-04-27 21:01:43 DEBUG NettyRequestSender:251 ? Using open Channel [id: 0x8c40fefb, L:/127.0.0.1:52135 - R:localhost/127.0.0.1:34329] for POST '/session/58364fdd4f0ffbd9aac469684199da39/element'
2023-04-27 21:01:43 DEBUG HttpHandler:70 ? 

Request DefaultHttpRequest(decodeResult: success, version: HTTP/1.1)
POST /session/58364fdd4f0ffbd9aac469684199da39/element HTTP/1.1
User-Agent: selenium/4.9.0 (java windows)
Content-Length: 71
Content-Type: application/json; charset=utf-8
host: localhost:34329
accept: */*

Response DefaultHttpResponse(decodeResult: success, version: HTTP/1.1)
HTTP/1.1 200 OK
Content-Length: 88
Content-Type: application/json; charset=utf-8
cache-control: no-cache

2023-04-27 21:01:43 DEBUG ChannelManager:270 ? Adding key: http://localhost:34329 for channel [id: 0x8c40fefb, L:/127.0.0.1:52135 - R:localhost/127.0.0.1:34329]
2023-04-27 21:01:43 DEBUG NettyRequestSender:593 ? Using pooled Channel '[id: 0x8c40fefb, L:/127.0.0.1:52135 - R:localhost/127.0.0.1:34329]' for 'POST' to 'http://localhost:34329/session/58364fdd4f0ffbd9aac469684199da39/execute/sync'
2023-04-27 21:01:43 DEBUG NettyRequestSender:251 ? Using open Channel [id: 0x8c40fefb, L:/127.0.0.1:52135 - R:localhost/127.0.0.1:34329] for POST '/session/58364fdd4f0ffbd9aac469684199da39/execute/sync'
2023-04-27 21:01:43 DEBUG HttpHandler:70 ? 

Request DefaultHttpRequest(decodeResult: success, version: HTTP/1.1)
POST /session/58364fdd4f0ffbd9aac469684199da39/execute/sync HTTP/1.1
User-Agent: selenium/4.9.0 (java windows)
Content-Length: 48807
Content-Type: application/json; charset=utf-8
host: localhost:34329
accept: */*

Response DefaultHttpResponse(decodeResult: success, version: HTTP/1.1)
HTTP/1.1 200 OK
Content-Length: 14
Content-Type: application/json; charset=utf-8
cache-control: no-cache

2023-04-27 21:01:43 DEBUG ChannelManager:270 ? Adding key: http://localhost:34329 for channel [id: 0x8c40fefb, L:/127.0.0.1:52135 - R:localhost/127.0.0.1:34329]
2023-04-27 21:01:43 DEBUG NettyRequestSender:593 ? Using pooled Channel '[id: 0x8c40fefb, L:/127.0.0.1:52135 - R:localhost/127.0.0.1:34329]' for 'POST' to 'http://localhost:34329/session/58364fdd4f0ffbd9aac469684199da39/element'
2023-04-27 21:01:43 DEBUG NettyRequestSender:251 ? Using open Channel [id: 0x8c40fefb, L:/127.0.0.1:52135 - R:localhost/127.0.0.1:34329] for POST '/session/58364fdd4f0ffbd9aac469684199da39/element'
2023-04-27 21:01:43 DEBUG HttpHandler:70 ? 

Request DefaultHttpRequest(decodeResult: success, version: HTTP/1.1)
POST /session/58364fdd4f0ffbd9aac469684199da39/element HTTP/1.1
User-Agent: selenium/4.9.0 (java windows)
Content-Length: 72
Content-Type: application/json; charset=utf-8
host: localhost:34329
accept: */*

Response DefaultHttpResponse(decodeResult: success, version: HTTP/1.1)
HTTP/1.1 200 OK
Content-Length: 88
Content-Type: application/json; charset=utf-8
cache-control: no-cache

2023-04-27 21:01:43 DEBUG ChannelManager:270 ? Adding key: http://localhost:34329 for channel [id: 0x8c40fefb, L:/127.0.0.1:52135 - R:localhost/127.0.0.1:34329]
2023-04-27 21:01:43 DEBUG NettyRequestSender:593 ? Using pooled Channel '[id: 0x8c40fefb, L:/127.0.0.1:52135 - R:localhost/127.0.0.1:34329]' for 'POST' to 'http://localhost:34329/session/58364fdd4f0ffbd9aac469684199da39/execute/sync'
2023-04-27 21:01:43 DEBUG NettyRequestSender:251 ? Using open Channel [id: 0x8c40fefb, L:/127.0.0.1:52135 - R:localhost/127.0.0.1:34329] for POST '/session/58364fdd4f0ffbd9aac469684199da39/execute/sync'
2023-04-27 21:01:43 DEBUG HttpHandler:70 ? 

Request DefaultHttpRequest(decodeResult: success, version: HTTP/1.1)
POST /session/58364fdd4f0ffbd9aac469684199da39/execute/sync HTTP/1.1
User-Agent: selenium/4.9.0 (java windows)
Content-Length: 48807
Content-Type: application/json; charset=utf-8
host: localhost:34329
accept: */*

Response DefaultHttpResponse(decodeResult: success, version: HTTP/1.1)
HTTP/1.1 200 OK
Content-Length: 14
Content-Type: application/json; charset=utf-8
cache-control: no-cache

2023-04-27 21:01:43 DEBUG ChannelManager:270 ? Adding key: http://localhost:34329 for channel [id: 0x8c40fefb, L:/127.0.0.1:52135 - R:localhost/127.0.0.1:34329]
2023-04-27 21:01:43 DEBUG NettyRequestSender:593 ? Using pooled Channel '[id: 0x8c40fefb, L:/127.0.0.1:52135 - R:localhost/127.0.0.1:34329]' for 'POST' to 'http://localhost:34329/session/58364fdd4f0ffbd9aac469684199da39/element'
2023-04-27 21:01:43 DEBUG NettyRequestSender:251 ? Using open Channel [id: 0x8c40fefb, L:/127.0.0.1:52135 - R:localhost/127.0.0.1:34329] for POST '/session/58364fdd4f0ffbd9aac469684199da39/element'
2023-04-27 21:01:43 DEBUG HttpHandler:70 ? 

Request DefaultHttpRequest(decodeResult: success, version: HTTP/1.1)
POST /session/58364fdd4f0ffbd9aac469684199da39/element HTTP/1.1
User-Agent: selenium/4.9.0 (java windows)
Content-Length: 69
Content-Type: application/json; charset=utf-8
host: localhost:34329
accept: */*

Response DefaultHttpResponse(decodeResult: success, version: HTTP/1.1)
HTTP/1.1 200 OK
Content-Length: 88
Content-Type: application/json; charset=utf-8
cache-control: no-cache

2023-04-27 21:01:43 DEBUG ChannelManager:270 ? Adding key: http://localhost:34329 for channel [id: 0x8c40fefb, L:/127.0.0.1:52135 - R:localhost/127.0.0.1:34329]
2023-04-27 21:01:43 DEBUG NettyRequestSender:593 ? Using pooled Channel '[id: 0x8c40fefb, L:/127.0.0.1:52135 - R:localhost/127.0.0.1:34329]' for 'POST' to 'http://localhost:34329/session/58364fdd4f0ffbd9aac469684199da39/execute/sync'
2023-04-27 21:01:43 DEBUG NettyRequestSender:251 ? Using open Channel [id: 0x8c40fefb, L:/127.0.0.1:52135 - R:localhost/127.0.0.1:34329] for POST '/session/58364fdd4f0ffbd9aac469684199da39/execute/sync'
2023-04-27 21:01:43 DEBUG HttpHandler:70 ? 

Request DefaultHttpRequest(decodeResult: success, version: HTTP/1.1)
POST /session/58364fdd4f0ffbd9aac469684199da39/execute/sync HTTP/1.1
User-Agent: selenium/4.9.0 (java windows)
Content-Length: 48807
Content-Type: application/json; charset=utf-8
host: localhost:34329
accept: */*

Response DefaultHttpResponse(decodeResult: success, version: HTTP/1.1)
HTTP/1.1 200 OK
Content-Length: 14
Content-Type: application/json; charset=utf-8
cache-control: no-cache

2023-04-27 21:01:43 DEBUG ChannelManager:270 ? Adding key: http://localhost:34329 for channel [id: 0x8c40fefb, L:/127.0.0.1:52135 - R:localhost/127.0.0.1:34329]
2023-04-27 21:01:43 DEBUG NettyRequestSender:593 ? Using pooled Channel '[id: 0x8c40fefb, L:/127.0.0.1:52135 - R:localhost/127.0.0.1:34329]' for 'POST' to 'http://localhost:34329/session/58364fdd4f0ffbd9aac469684199da39/element'
2023-04-27 21:01:43 DEBUG NettyRequestSender:251 ? Using open Channel [id: 0x8c40fefb, L:/127.0.0.1:52135 - R:localhost/127.0.0.1:34329] for POST '/session/58364fdd4f0ffbd9aac469684199da39/element'
2023-04-27 21:01:43 DEBUG HttpHandler:70 ? 

Request DefaultHttpRequest(decodeResult: success, version: HTTP/1.1)
POST /session/58364fdd4f0ffbd9aac469684199da39/element HTTP/1.1
User-Agent: selenium/4.9.0 (java windows)
Content-Length: 71
Content-Type: application/json; charset=utf-8
host: localhost:34329
accept: */*

Response DefaultHttpResponse(decodeResult: success, version: HTTP/1.1)
HTTP/1.1 200 OK
Content-Length: 88
Content-Type: application/json; charset=utf-8
cache-control: no-cache

2023-04-27 21:01:43 DEBUG ChannelManager:270 ? Adding key: http://localhost:34329 for channel [id: 0x8c40fefb, L:/127.0.0.1:52135 - R:localhost/127.0.0.1:34329]
2023-04-27 21:01:44 DEBUG NettyRequestSender:593 ? Using pooled Channel '[id: 0x8c40fefb, L:/127.0.0.1:52135 - R:localhost/127.0.0.1:34329]' for 'POST' to 'http://localhost:34329/session/58364fdd4f0ffbd9aac469684199da39/execute/sync'
2023-04-27 21:01:44 DEBUG NettyRequestSender:251 ? Using open Channel [id: 0x8c40fefb, L:/127.0.0.1:52135 - R:localhost/127.0.0.1:34329] for POST '/session/58364fdd4f0ffbd9aac469684199da39/execute/sync'
2023-04-27 21:01:44 DEBUG HttpHandler:70 ? 

Request DefaultHttpRequest(decodeResult: success, version: HTTP/1.1)
POST /session/58364fdd4f0ffbd9aac469684199da39/execute/sync HTTP/1.1
User-Agent: selenium/4.9.0 (java windows)
Content-Length: 48807
Content-Type: application/json; charset=utf-8
host: localhost:34329
accept: */*

Response DefaultHttpResponse(decodeResult: success, version: HTTP/1.1)
HTTP/1.1 200 OK
Content-Length: 14
Content-Type: application/json; charset=utf-8
cache-control: no-cache

2023-04-27 21:01:44 DEBUG ChannelManager:270 ? Adding key: http://localhost:34329 for channel [id: 0x8c40fefb, L:/127.0.0.1:52135 - R:localhost/127.0.0.1:34329]
2023-04-27 21:01:44 DEBUG NettyRequestSender:593 ? Using pooled Channel '[id: 0x8c40fefb, L:/127.0.0.1:52135 - R:localhost/127.0.0.1:34329]' for 'POST' to 'http://localhost:34329/session/58364fdd4f0ffbd9aac469684199da39/element'
2023-04-27 21:01:44 DEBUG NettyRequestSender:251 ? Using open Channel [id: 0x8c40fefb, L:/127.0.0.1:52135 - R:localhost/127.0.0.1:34329] for POST '/session/58364fdd4f0ffbd9aac469684199da39/element'
2023-04-27 21:01:44 DEBUG HttpHandler:70 ? 

Request DefaultHttpRequest(decodeResult: success, version: HTTP/1.1)
POST /session/58364fdd4f0ffbd9aac469684199da39/element HTTP/1.1
User-Agent: selenium/4.9.0 (java windows)
Content-Length: 69
Content-Type: application/json; charset=utf-8
host: localhost:34329
accept: */*

Response DefaultHttpResponse(decodeResult: success, version: HTTP/1.1)
HTTP/1.1 200 OK
Content-Length: 88
Content-Type: application/json; charset=utf-8
cache-control: no-cache

2023-04-27 21:01:44 DEBUG ChannelManager:270 ? Adding key: http://localhost:34329 for channel [id: 0x8c40fefb, L:/127.0.0.1:52135 - R:localhost/127.0.0.1:34329]
2023-04-27 21:01:44 DEBUG NettyRequestSender:593 ? Using pooled Channel '[id: 0x8c40fefb, L:/127.0.0.1:52135 - R:localhost/127.0.0.1:34329]' for 'POST' to 'http://localhost:34329/session/58364fdd4f0ffbd9aac469684199da39/actions'
2023-04-27 21:01:44 DEBUG NettyRequestSender:251 ? Using open Channel [id: 0x8c40fefb, L:/127.0.0.1:52135 - R:localhost/127.0.0.1:34329] for POST '/session/58364fdd4f0ffbd9aac469684199da39/actions'
2023-04-27 21:01:44 DEBUG HttpHandler:70 ? 

Request DefaultHttpRequest(decodeResult: success, version: HTTP/1.1)
POST /session/58364fdd4f0ffbd9aac469684199da39/actions HTTP/1.1
User-Agent: selenium/4.9.0 (java windows)
Content-Length: 2027
Content-Type: application/json; charset=utf-8
host: localhost:34329
accept: */*

Response DefaultHttpResponse(decodeResult: success, version: HTTP/1.1)
HTTP/1.1 200 OK
Content-Length: 14
Content-Type: application/json; charset=utf-8
cache-control: no-cache

2023-04-27 21:01:44 DEBUG ChannelManager:270 ? Adding key: http://localhost:34329 for channel [id: 0x8c40fefb, L:/127.0.0.1:52135 - R:localhost/127.0.0.1:34329]
2023-04-27 21:01:44 DEBUG NettyRequestSender:593 ? Using pooled Channel '[id: 0x8c40fefb, L:/127.0.0.1:52135 - R:localhost/127.0.0.1:34329]' for 'POST' to 'http://localhost:34329/session/58364fdd4f0ffbd9aac469684199da39/element'
2023-04-27 21:01:44 DEBUG NettyRequestSender:251 ? Using open Channel [id: 0x8c40fefb, L:/127.0.0.1:52135 - R:localhost/127.0.0.1:34329] for POST '/session/58364fdd4f0ffbd9aac469684199da39/element'
2023-04-27 21:01:44 DEBUG HttpHandler:70 ? 

Request DefaultHttpRequest(decodeResult: success, version: HTTP/1.1)
POST /session/58364fdd4f0ffbd9aac469684199da39/element HTTP/1.1
User-Agent: selenium/4.9.0 (java windows)
Content-Length: 72
Content-Type: application/json; charset=utf-8
host: localhost:34329
accept: */*

Response DefaultHttpResponse(decodeResult: success, version: HTTP/1.1)
HTTP/1.1 200 OK
Content-Length: 88
Content-Type: application/json; charset=utf-8
cache-control: no-cache

2023-04-27 21:01:44 DEBUG ChannelManager:270 ? Adding key: http://localhost:34329 for channel [id: 0x8c40fefb, L:/127.0.0.1:52135 - R:localhost/127.0.0.1:34329]
2023-04-27 21:01:44 DEBUG NettyRequestSender:593 ? Using pooled Channel '[id: 0x8c40fefb, L:/127.0.0.1:52135 - R:localhost/127.0.0.1:34329]' for 'POST' to 'http://localhost:34329/session/58364fdd4f0ffbd9aac469684199da39/actions'
2023-04-27 21:01:44 DEBUG NettyRequestSender:251 ? Using open Channel [id: 0x8c40fefb, L:/127.0.0.1:52135 - R:localhost/127.0.0.1:34329] for POST '/session/58364fdd4f0ffbd9aac469684199da39/actions'
2023-04-27 21:01:44 DEBUG HttpHandler:70 ? 

Request DefaultHttpRequest(decodeResult: success, version: HTTP/1.1)
POST /session/58364fdd4f0ffbd9aac469684199da39/actions HTTP/1.1
User-Agent: selenium/4.9.0 (java windows)
Content-Length: 567
Content-Type: application/json; charset=utf-8
host: localhost:34329
accept: */*

Response DefaultHttpResponse(decodeResult: success, version: HTTP/1.1)
HTTP/1.1 200 OK
Content-Length: 14
Content-Type: application/json; charset=utf-8
cache-control: no-cache

2023-04-27 21:01:44 DEBUG ChannelManager:270 ? Adding key: http://localhost:34329 for channel [id: 0x8c40fefb, L:/127.0.0.1:52135 - R:localhost/127.0.0.1:34329]
2023-04-27 21:01:44 DEBUG NettyRequestSender:593 ? Using pooled Channel '[id: 0x8c40fefb, L:/127.0.0.1:52135 - R:localhost/127.0.0.1:34329]' for 'POST' to 'http://localhost:34329/session/58364fdd4f0ffbd9aac469684199da39/element'
2023-04-27 21:01:44 DEBUG NettyRequestSender:251 ? Using open Channel [id: 0x8c40fefb, L:/127.0.0.1:52135 - R:localhost/127.0.0.1:34329] for POST '/session/58364fdd4f0ffbd9aac469684199da39/element'
2023-04-27 21:01:44 DEBUG HttpHandler:70 ? 

Request DefaultHttpRequest(decodeResult: success, version: HTTP/1.1)
POST /session/58364fdd4f0ffbd9aac469684199da39/element HTTP/1.1
User-Agent: selenium/4.9.0 (java windows)
Content-Length: 71
Content-Type: application/json; charset=utf-8
host: localhost:34329
accept: */*

Response DefaultHttpResponse(decodeResult: success, version: HTTP/1.1)
HTTP/1.1 200 OK
Content-Length: 88
Content-Type: application/json; charset=utf-8
cache-control: no-cache

2023-04-27 21:01:44 DEBUG ChannelManager:270 ? Adding key: http://localhost:34329 for channel [id: 0x8c40fefb, L:/127.0.0.1:52135 - R:localhost/127.0.0.1:34329]
2023-04-27 21:01:44 DEBUG NettyRequestSender:593 ? Using pooled Channel '[id: 0x8c40fefb, L:/127.0.0.1:52135 - R:localhost/127.0.0.1:34329]' for 'POST' to 'http://localhost:34329/session/58364fdd4f0ffbd9aac469684199da39/actions'
2023-04-27 21:01:44 DEBUG NettyRequestSender:251 ? Using open Channel [id: 0x8c40fefb, L:/127.0.0.1:52135 - R:localhost/127.0.0.1:34329] for POST '/session/58364fdd4f0ffbd9aac469684199da39/actions'
2023-04-27 21:01:44 DEBUG DefaultChannelPool:348 ? Entry count for : http://localhost:52145 : 1
2023-04-27 21:01:44 DEBUG HttpHandler:70 ? 

Request DefaultHttpRequest(decodeResult: success, version: HTTP/1.1)
POST /session/58364fdd4f0ffbd9aac469684199da39/actions HTTP/1.1
User-Agent: selenium/4.9.0 (java windows)
Content-Length: 567
Content-Type: application/json; charset=utf-8
host: localhost:34329
accept: */*

Response DefaultHttpResponse(decodeResult: success, version: HTTP/1.1)
HTTP/1.1 200 OK
Content-Length: 14
Content-Type: application/json; charset=utf-8
cache-control: no-cache

2023-04-27 21:01:44 DEBUG ChannelManager:270 ? Adding key: http://localhost:34329 for channel [id: 0x8c40fefb, L:/127.0.0.1:52135 - R:localhost/127.0.0.1:34329]
2023-04-27 21:01:44 DEBUG NettyRequestSender:593 ? Using pooled Channel '[id: 0x8c40fefb, L:/127.0.0.1:52135 - R:localhost/127.0.0.1:34329]' for 'POST' to 'http://localhost:34329/session/58364fdd4f0ffbd9aac469684199da39/element'
2023-04-27 21:01:44 DEBUG NettyRequestSender:251 ? Using open Channel [id: 0x8c40fefb, L:/127.0.0.1:52135 - R:localhost/127.0.0.1:34329] for POST '/session/58364fdd4f0ffbd9aac469684199da39/element'
2023-04-27 21:01:44 DEBUG HttpHandler:70 ? 

Request DefaultHttpRequest(decodeResult: success, version: HTTP/1.1)
POST /session/58364fdd4f0ffbd9aac469684199da39/element HTTP/1.1
User-Agent: selenium/4.9.0 (java windows)
Content-Length: 69
Content-Type: application/json; charset=utf-8
host: localhost:34329
accept: */*

Response DefaultHttpResponse(decodeResult: success, version: HTTP/1.1)
HTTP/1.1 200 OK
Content-Length: 88
Content-Type: application/json; charset=utf-8
cache-control: no-cache

2023-04-27 21:01:44 DEBUG ChannelManager:270 ? Adding key: http://localhost:34329 for channel [id: 0x8c40fefb, L:/127.0.0.1:52135 - R:localhost/127.0.0.1:34329]
2023-04-27 21:01:44 DEBUG NettyRequestSender:593 ? Using pooled Channel '[id: 0x8c40fefb, L:/127.0.0.1:52135 - R:localhost/127.0.0.1:34329]' for 'POST' to 'http://localhost:34329/session/58364fdd4f0ffbd9aac469684199da39/actions'
2023-04-27 21:01:44 DEBUG NettyRequestSender:251 ? Using open Channel [id: 0x8c40fefb, L:/127.0.0.1:52135 - R:localhost/127.0.0.1:34329] for POST '/session/58364fdd4f0ffbd9aac469684199da39/actions'
2023-04-27 21:01:45 DEBUG HttpHandler:70 ? 

Request DefaultHttpRequest(decodeResult: success, version: HTTP/1.1)
POST /session/58364fdd4f0ffbd9aac469684199da39/actions HTTP/1.1
User-Agent: selenium/4.9.0 (java windows)
Content-Length: 567
Content-Type: application/json; charset=utf-8
host: localhost:34329
accept: */*

Response DefaultHttpResponse(decodeResult: success, version: HTTP/1.1)
HTTP/1.1 200 OK
Content-Length: 14
Content-Type: application/json; charset=utf-8
cache-control: no-cache

2023-04-27 21:01:45 DEBUG ChannelManager:270 ? Adding key: http://localhost:34329 for channel [id: 0x8c40fefb, L:/127.0.0.1:52135 - R:localhost/127.0.0.1:34329]
2023-04-27 21:01:45 DEBUG NettyRequestSender:593 ? Using pooled Channel '[id: 0x8c40fefb, L:/127.0.0.1:52135 - R:localhost/127.0.0.1:34329]' for 'POST' to 'http://localhost:34329/session/58364fdd4f0ffbd9aac469684199da39/element'
2023-04-27 21:01:45 DEBUG NettyRequestSender:251 ? Using open Channel [id: 0x8c40fefb, L:/127.0.0.1:52135 - R:localhost/127.0.0.1:34329] for POST '/session/58364fdd4f0ffbd9aac469684199da39/element'
2023-04-27 21:01:45 DEBUG HttpHandler:70 ? 

Request DefaultHttpRequest(decodeResult: success, version: HTTP/1.1)
POST /session/58364fdd4f0ffbd9aac469684199da39/element HTTP/1.1
User-Agent: selenium/4.9.0 (java windows)
Content-Length: 72
Content-Type: application/json; charset=utf-8
host: localhost:34329
accept: */*

Response DefaultHttpResponse(decodeResult: success, version: HTTP/1.1)
HTTP/1.1 200 OK
Content-Length: 88
Content-Type: application/json; charset=utf-8
cache-control: no-cache

2023-04-27 21:01:45 DEBUG ChannelManager:270 ? Adding key: http://localhost:34329 for channel [id: 0x8c40fefb, L:/127.0.0.1:52135 - R:localhost/127.0.0.1:34329]
2023-04-27 21:01:45 DEBUG NettyRequestSender:593 ? Using pooled Channel '[id: 0x8c40fefb, L:/127.0.0.1:52135 - R:localhost/127.0.0.1:34329]' for 'POST' to 'http://localhost:34329/session/58364fdd4f0ffbd9aac469684199da39/actions'
2023-04-27 21:01:45 DEBUG NettyRequestSender:251 ? Using open Channel [id: 0x8c40fefb, L:/127.0.0.1:52135 - R:localhost/127.0.0.1:34329] for POST '/session/58364fdd4f0ffbd9aac469684199da39/actions'
2023-04-27 21:01:45 DEBUG HttpHandler:70 ? 

Request DefaultHttpRequest(decodeResult: success, version: HTTP/1.1)
POST /session/58364fdd4f0ffbd9aac469684199da39/actions HTTP/1.1
User-Agent: selenium/4.9.0 (java windows)
Content-Length: 2315
Content-Type: application/json; charset=utf-8
host: localhost:34329
accept: */*

Response DefaultHttpResponse(decodeResult: success, version: HTTP/1.1)
HTTP/1.1 200 OK
Content-Length: 14
Content-Type: application/json; charset=utf-8
cache-control: no-cache

2023-04-27 21:01:45 DEBUG ChannelManager:270 ? Adding key: http://localhost:34329 for channel [id: 0x8c40fefb, L:/127.0.0.1:52135 - R:localhost/127.0.0.1:34329]
2023-04-27 21:01:45 DEBUG NettyRequestSender:593 ? Using pooled Channel '[id: 0x8c40fefb, L:/127.0.0.1:52135 - R:localhost/127.0.0.1:34329]' for 'POST' to 'http://localhost:34329/session/58364fdd4f0ffbd9aac469684199da39/element'
2023-04-27 21:01:45 DEBUG NettyRequestSender:251 ? Using open Channel [id: 0x8c40fefb, L:/127.0.0.1:52135 - R:localhost/127.0.0.1:34329] for POST '/session/58364fdd4f0ffbd9aac469684199da39/element'
2023-04-27 21:01:45 DEBUG HttpHandler:70 ? 

Request DefaultHttpRequest(decodeResult: success, version: HTTP/1.1)
POST /session/58364fdd4f0ffbd9aac469684199da39/element HTTP/1.1
User-Agent: selenium/4.9.0 (java windows)
Content-Length: 71
Content-Type: application/json; charset=utf-8
host: localhost:34329
accept: */*

Response DefaultHttpResponse(decodeResult: success, version: HTTP/1.1)
HTTP/1.1 200 OK
Content-Length: 88
Content-Type: application/json; charset=utf-8
cache-control: no-cache

2023-04-27 21:01:45 DEBUG ChannelManager:270 ? Adding key: http://localhost:34329 for channel [id: 0x8c40fefb, L:/127.0.0.1:52135 - R:localhost/127.0.0.1:34329]
2023-04-27 21:01:45 DEBUG NettyRequestSender:593 ? Using pooled Channel '[id: 0x8c40fefb, L:/127.0.0.1:52135 - R:localhost/127.0.0.1:34329]' for 'POST' to 'http://localhost:34329/session/58364fdd4f0ffbd9aac469684199da39/actions'
2023-04-27 21:01:45 DEBUG NettyRequestSender:251 ? Using open Channel [id: 0x8c40fefb, L:/127.0.0.1:52135 - R:localhost/127.0.0.1:34329] for POST '/session/58364fdd4f0ffbd9aac469684199da39/actions'
2023-04-27 21:01:45 DEBUG HttpHandler:70 ? 

Request DefaultHttpRequest(decodeResult: success, version: HTTP/1.1)
POST /session/58364fdd4f0ffbd9aac469684199da39/actions HTTP/1.1
User-Agent: selenium/4.9.0 (java windows)
Content-Length: 567
Content-Type: application/json; charset=utf-8
host: localhost:34329
accept: */*

Response DefaultHttpResponse(decodeResult: success, version: HTTP/1.1)
HTTP/1.1 200 OK
Content-Length: 14
Content-Type: application/json; charset=utf-8
cache-control: no-cache

2023-04-27 21:01:45 DEBUG ChannelManager:270 ? Adding key: http://localhost:34329 for channel [id: 0x8c40fefb, L:/127.0.0.1:52135 - R:localhost/127.0.0.1:34329]
2023-04-27 21:01:45 DEBUG NettyRequestSender:593 ? Using pooled Channel '[id: 0x8c40fefb, L:/127.0.0.1:52135 - R:localhost/127.0.0.1:34329]' for 'POST' to 'http://localhost:34329/session/58364fdd4f0ffbd9aac469684199da39/element'
2023-04-27 21:01:45 DEBUG NettyRequestSender:251 ? Using open Channel [id: 0x8c40fefb, L:/127.0.0.1:52135 - R:localhost/127.0.0.1:34329] for POST '/session/58364fdd4f0ffbd9aac469684199da39/element'
2023-04-27 21:01:45 DEBUG HttpHandler:70 ? 

Request DefaultHttpRequest(decodeResult: success, version: HTTP/1.1)
POST /session/58364fdd4f0ffbd9aac469684199da39/element HTTP/1.1
User-Agent: selenium/4.9.0 (java windows)
Content-Length: 69
Content-Type: application/json; charset=utf-8
host: localhost:34329
accept: */*

Response DefaultHttpResponse(decodeResult: success, version: HTTP/1.1)
HTTP/1.1 200 OK
Content-Length: 88
Content-Type: application/json; charset=utf-8
cache-control: no-cache

2023-04-27 21:01:45 DEBUG ChannelManager:270 ? Adding key: http://localhost:34329 for channel [id: 0x8c40fefb, L:/127.0.0.1:52135 - R:localhost/127.0.0.1:34329]
2023-04-27 21:01:45 DEBUG NettyRequestSender:593 ? Using pooled Channel '[id: 0x8c40fefb, L:/127.0.0.1:52135 - R:localhost/127.0.0.1:34329]' for 'POST' to 'http://localhost:34329/session/58364fdd4f0ffbd9aac469684199da39/actions'
2023-04-27 21:01:45 DEBUG NettyRequestSender:251 ? Using open Channel [id: 0x8c40fefb, L:/127.0.0.1:52135 - R:localhost/127.0.0.1:34329] for POST '/session/58364fdd4f0ffbd9aac469684199da39/actions'
2023-04-27 21:01:45 DEBUG DefaultChannelPool:348 ? Entry count for : http://localhost:52145 : 1
2023-04-27 21:01:45 DEBUG HttpHandler:70 ? 

Request DefaultHttpRequest(decodeResult: success, version: HTTP/1.1)
POST /session/58364fdd4f0ffbd9aac469684199da39/actions HTTP/1.1
User-Agent: selenium/4.9.0 (java windows)
Content-Length: 567
Content-Type: application/json; charset=utf-8
host: localhost:34329
accept: */*

Response DefaultHttpResponse(decodeResult: success, version: HTTP/1.1)
HTTP/1.1 200 OK
Content-Length: 14
Content-Type: application/json; charset=utf-8
cache-control: no-cache

2023-04-27 21:01:45 DEBUG ChannelManager:270 ? Adding key: http://localhost:34329 for channel [id: 0x8c40fefb, L:/127.0.0.1:52135 - R:localhost/127.0.0.1:34329]
2023-04-27 21:01:45 DEBUG NettyRequestSender:593 ? Using pooled Channel '[id: 0x8c40fefb, L:/127.0.0.1:52135 - R:localhost/127.0.0.1:34329]' for 'POST' to 'http://localhost:34329/session/58364fdd4f0ffbd9aac469684199da39/element'
2023-04-27 21:01:45 DEBUG NettyRequestSender:251 ? Using open Channel [id: 0x8c40fefb, L:/127.0.0.1:52135 - R:localhost/127.0.0.1:34329] for POST '/session/58364fdd4f0ffbd9aac469684199da39/element'
2023-04-27 21:01:45 DEBUG HttpHandler:70 ? 

Request DefaultHttpRequest(decodeResult: success, version: HTTP/1.1)
POST /session/58364fdd4f0ffbd9aac469684199da39/element HTTP/1.1
User-Agent: selenium/4.9.0 (java windows)
Content-Length: 72
Content-Type: application/json; charset=utf-8
host: localhost:34329
accept: */*

Response DefaultHttpResponse(decodeResult: success, version: HTTP/1.1)
HTTP/1.1 200 OK
Content-Length: 88
Content-Type: application/json; charset=utf-8
cache-control: no-cache

2023-04-27 21:01:45 DEBUG ChannelManager:270 ? Adding key: http://localhost:34329 for channel [id: 0x8c40fefb, L:/127.0.0.1:52135 - R:localhost/127.0.0.1:34329]
2023-04-27 21:01:45 DEBUG NettyRequestSender:593 ? Using pooled Channel '[id: 0x8c40fefb, L:/127.0.0.1:52135 - R:localhost/127.0.0.1:34329]' for 'POST' to 'http://localhost:34329/session/58364fdd4f0ffbd9aac469684199da39/actions'
2023-04-27 21:01:45 DEBUG NettyRequestSender:251 ? Using open Channel [id: 0x8c40fefb, L:/127.0.0.1:52135 - R:localhost/127.0.0.1:34329] for POST '/session/58364fdd4f0ffbd9aac469684199da39/actions'
2023-04-27 21:01:45 DEBUG HttpHandler:70 ? 

Request DefaultHttpRequest(decodeResult: success, version: HTTP/1.1)
POST /session/58364fdd4f0ffbd9aac469684199da39/actions HTTP/1.1
User-Agent: selenium/4.9.0 (java windows)
Content-Length: 567
Content-Type: application/json; charset=utf-8
host: localhost:34329
accept: */*

Response DefaultHttpResponse(decodeResult: success, version: HTTP/1.1)
HTTP/1.1 200 OK
Content-Length: 14
Content-Type: application/json; charset=utf-8
cache-control: no-cache

2023-04-27 21:01:45 DEBUG ChannelManager:270 ? Adding key: http://localhost:34329 for channel [id: 0x8c40fefb, L:/127.0.0.1:52135 - R:localhost/127.0.0.1:34329]
2023-04-27 21:01:45 DEBUG NettyRequestSender:593 ? Using pooled Channel '[id: 0x8c40fefb, L:/127.0.0.1:52135 - R:localhost/127.0.0.1:34329]' for 'POST' to 'http://localhost:34329/session/58364fdd4f0ffbd9aac469684199da39/element'
2023-04-27 21:01:45 DEBUG NettyRequestSender:251 ? Using open Channel [id: 0x8c40fefb, L:/127.0.0.1:52135 - R:localhost/127.0.0.1:34329] for POST '/session/58364fdd4f0ffbd9aac469684199da39/element'
2023-04-27 21:01:45 DEBUG HttpHandler:70 ? 

Request DefaultHttpRequest(decodeResult: success, version: HTTP/1.1)
POST /session/58364fdd4f0ffbd9aac469684199da39/element HTTP/1.1
User-Agent: selenium/4.9.0 (java windows)
Content-Length: 71
Content-Type: application/json; charset=utf-8
host: localhost:34329
accept: */*

Response DefaultHttpResponse(decodeResult: success, version: HTTP/1.1)
HTTP/1.1 200 OK
Content-Length: 88
Content-Type: application/json; charset=utf-8
cache-control: no-cache

2023-04-27 21:01:45 DEBUG ChannelManager:270 ? Adding key: http://localhost:34329 for channel [id: 0x8c40fefb, L:/127.0.0.1:52135 - R:localhost/127.0.0.1:34329]
2023-04-27 21:01:45 DEBUG NettyRequestSender:593 ? Using pooled Channel '[id: 0x8c40fefb, L:/127.0.0.1:52135 - R:localhost/127.0.0.1:34329]' for 'POST' to 'http://localhost:34329/session/58364fdd4f0ffbd9aac469684199da39/actions'
2023-04-27 21:01:45 DEBUG NettyRequestSender:251 ? Using open Channel [id: 0x8c40fefb, L:/127.0.0.1:52135 - R:localhost/127.0.0.1:34329] for POST '/session/58364fdd4f0ffbd9aac469684199da39/actions'
2023-04-27 21:01:45 DEBUG HttpHandler:70 ? 

Request DefaultHttpRequest(decodeResult: success, version: HTTP/1.1)
POST /session/58364fdd4f0ffbd9aac469684199da39/actions HTTP/1.1
User-Agent: selenium/4.9.0 (java windows)
Content-Length: 567
Content-Type: application/json; charset=utf-8
host: localhost:34329
accept: */*

Response DefaultHttpResponse(decodeResult: success, version: HTTP/1.1)
HTTP/1.1 200 OK
Content-Length: 14
Content-Type: application/json; charset=utf-8
cache-control: no-cache

2023-04-27 21:01:45 DEBUG ChannelManager:270 ? Adding key: http://localhost:34329 for channel [id: 0x8c40fefb, L:/127.0.0.1:52135 - R:localhost/127.0.0.1:34329]
2023-04-27 21:01:45 DEBUG NettyRequestSender:593 ? Using pooled Channel '[id: 0x8c40fefb, L:/127.0.0.1:52135 - R:localhost/127.0.0.1:34329]' for 'POST' to 'http://localhost:34329/session/58364fdd4f0ffbd9aac469684199da39/elements'
2023-04-27 21:01:45 DEBUG NettyRequestSender:251 ? Using open Channel [id: 0x8c40fefb, L:/127.0.0.1:52135 - R:localhost/127.0.0.1:34329] for POST '/session/58364fdd4f0ffbd9aac469684199da39/elements'
2023-04-27 21:01:45 DEBUG HttpHandler:70 ? 

Request DefaultHttpRequest(decodeResult: success, version: HTTP/1.1)
POST /session/58364fdd4f0ffbd9aac469684199da39/elements HTTP/1.1
User-Agent: selenium/4.9.0 (java windows)
Content-Length: 45
Content-Type: application/json; charset=utf-8
host: localhost:34329
accept: */*

Response DefaultHttpResponse(decodeResult: success, version: HTTP/1.1)
HTTP/1.1 200 OK
Content-Length: 169
Content-Type: application/json; charset=utf-8
cache-control: no-cache

2023-04-27 21:01:45 DEBUG ChannelManager:270 ? Adding key: http://localhost:34329 for channel [id: 0x8c40fefb, L:/127.0.0.1:52135 - R:localhost/127.0.0.1:34329]
2023-04-27 21:01:45 DEBUG NettyRequestSender:593 ? Using pooled Channel '[id: 0x8c40fefb, L:/127.0.0.1:52135 - R:localhost/127.0.0.1:34329]' for 'POST' to 'http://localhost:34329/session/58364fdd4f0ffbd9aac469684199da39/element/b803113f-7885-4d22-a862-6f362e423593/clear'
2023-04-27 21:01:45 DEBUG NettyRequestSender:251 ? Using open Channel [id: 0x8c40fefb, L:/127.0.0.1:52135 - R:localhost/127.0.0.1:34329] for POST '/session/58364fdd4f0ffbd9aac469684199da39/element/b803113f-7885-4d22-a862-6f362e423593/clear'
2023-04-27 21:01:46 DEBUG HttpHandler:70 ? 

Request DefaultHttpRequest(decodeResult: success, version: HTTP/1.1)
POST /session/58364fdd4f0ffbd9aac469684199da39/element/b803113f-7885-4d22-a862-6f362e423593/clear HTTP/1.1
User-Agent: selenium/4.9.0 (java windows)
Content-Length: 50
Content-Type: application/json; charset=utf-8
host: localhost:34329
accept: */*

Response DefaultHttpResponse(decodeResult: success, version: HTTP/1.1)
HTTP/1.1 200 OK
Content-Length: 14
Content-Type: application/json; charset=utf-8
cache-control: no-cache

2023-04-27 21:01:46 DEBUG ChannelManager:270 ? Adding key: http://localhost:34329 for channel [id: 0x8c40fefb, L:/127.0.0.1:52135 - R:localhost/127.0.0.1:34329]
2023-04-27 21:01:46 DEBUG NettyRequestSender:593 ? Using pooled Channel '[id: 0x8c40fefb, L:/127.0.0.1:52135 - R:localhost/127.0.0.1:34329]' for 'POST' to 'http://localhost:34329/session/58364fdd4f0ffbd9aac469684199da39/element/e952ca79-1fa7-46db-b674-c947ceb50a1e/clear'
2023-04-27 21:01:46 DEBUG NettyRequestSender:251 ? Using open Channel [id: 0x8c40fefb, L:/127.0.0.1:52135 - R:localhost/127.0.0.1:34329] for POST '/session/58364fdd4f0ffbd9aac469684199da39/element/e952ca79-1fa7-46db-b674-c947ceb50a1e/clear'
2023-04-27 21:01:46 DEBUG HttpHandler:70 ? 

Request DefaultHttpRequest(decodeResult: success, version: HTTP/1.1)
POST /session/58364fdd4f0ffbd9aac469684199da39/element/e952ca79-1fa7-46db-b674-c947ceb50a1e/clear HTTP/1.1
User-Agent: selenium/4.9.0 (java windows)
Content-Length: 50
Content-Type: application/json; charset=utf-8
host: localhost:34329
accept: */*

Response DefaultHttpResponse(decodeResult: success, version: HTTP/1.1)
HTTP/1.1 200 OK
Content-Length: 14
Content-Type: application/json; charset=utf-8
cache-control: no-cache

2023-04-27 21:01:46 DEBUG ChannelManager:270 ? Adding key: http://localhost:34329 for channel [id: 0x8c40fefb, L:/127.0.0.1:52135 - R:localhost/127.0.0.1:34329]
